
MotionBenchMaker UR5, 689 problems loaded, up to 100 per scene
voxel 0.003 m, margin 0.0000 m + 0.0030 m filter buffer, stepSize 0.010 s, range 2.00 rad, 10.0 s limit

hop certificates: old L1 Lipschitz region and new hold-time bound
Picard: off; trajectory prefixes: 0; sequential rollout budget: 1000 calls
kappa 20.00 /s, certified step uncapped, self-collision margin 0.0000 m over 303 pairs
baseline segment: 0.000325 of extent = 0.0050 rad, rollout step 0.1000 rad (overridden)
rope shortcut off, all rows unsimplified

seed 1
  planner       solved ms(min/med/max)        samples vertices     path rad/call coarse  worst clr unsafe/audited missed worst self collide

bookshelf_small  (14 problems, 8 skipped: 1 clearance, 7 self-collision)
  rrtconnect    5/6       3.13/8.19/10000.01       5250       15    10.69        -      -     0.0051      0/3020         0     0.0025       0
      primary samples 88, productive 11 (12.5%), vertices/sample 0.429
  qp-fixed      5/6       0.27/0.90/10000.06        133       11     8.16   0.1208     0%     0.0029      0/2804         0     0.0025       0
      primary samples 3, productive 3 (100.0%), vertices/sample 5.000
  qp-adapt      5/6       0.19/0.87/10000.12        131       11     8.16   0.1256     9%     0.0029      0/2785         0     0.0025       0
      primary samples 3, productive 3 (100.0%), vertices/sample 5.000
  qp-free       5/6       0.68/8.43/10000.03       1730       94    15.01   0.0942     0%     0.0051      0/4022         0     0.0025       0
      primary samples 598, productive 91 (15.2%), vertices/sample 0.250
  qp-env        5/6       0.21/0.75/10000.08        123       11     8.16   0.1472    10%     0.0029      0/2754         0     0.0025       0
      primary samples 3, productive 3 (100.0%), vertices/sample 5.000

bookshelf_tall  (14 problems, 6 skipped: 0 clearance, 6 self-collision)
  rrtconnect    8/8       2.38/14.43/107.04        9251       25    12.75        -      -     0.0033      0/5174         0     0.0025       0
      primary samples 101, productive 20 (19.8%), vertices/sample 0.250
  qp-fixed      8/8       0.59/1.36/2.10           185       16    13.80   0.1019     0%    -0.0091      5/5618         0     0.0025       0
      primary samples 5, productive 5 (100.0%), vertices/sample 4.000
  qp-adapt      8/8       0.55/1.37/1.97           185       16    13.80   0.1166    12%    -0.0091      5/5597         0     0.0025       0
      primary samples 5, productive 5 (100.0%), vertices/sample 4.000
  qp-free       8/8       2.06/5.49/30.62         1082       68    18.49   0.0929     0%     0.0034      0/7629         0     0.0025       0
      primary samples 252, productive 64 (25.4%), vertices/sample 0.218
  qp-env        8/8       0.45/1.25/1.88           183       16    13.82   0.1290    11%    -0.0091      5/5506         0     0.0025       0
      primary samples 5, productive 5 (100.0%), vertices/sample 4.167

bookshelf_thin  (14 problems, 7 skipped: 1 clearance, 6 self-collision)
  rrtconnect    7/7       9.85/30.69/312.84       20336       53    17.30        -      -     0.0011      0/5922         0     0.0025       0
      primary samples 294, productive 49 (16.7%), vertices/sample 0.173
  qp-fixed      7/7       0.27/0.46/1.86            75        7     7.91   0.1093     0%    -0.0066      6/3374         0     0.0025       0
      primary samples 1, productive 1 (100.0%), vertices/sample 6.000
  qp-adapt      7/7       0.18/0.33/1.75            54        7     7.91   0.1452    22%    -0.0066      6/3448         0     0.0025       0
      primary samples 1, productive 1 (100.0%), vertices/sample 6.000
  qp-free       7/7       4.94/52.52/184.67       10583      603    14.83   0.0799     0%     0.0040      0/5878         0     0.0025       0
      primary samples 3920, productive 598 (15.3%), vertices/sample 0.154
  qp-env        7/7       0.16/0.31/1.64            41        7     7.91   0.1771    20%    -0.0066      6/3317         0     0.0025       0
      primary samples 1, productive 1 (100.0%), vertices/sample 6.000

box  (14 problems, 0 skipped: 0 clearance, 0 self-collision)
  rrtconnect   14/14      1.80/6.70/17.75         4322       13    10.96        -      -     0.0029      0/7445         0     0.0025       0
      primary samples 28, productive 9 (32.1%), vertices/sample 0.560
  qp-fixed     14/14      0.23/0.42/1.71            69        7     7.04   0.1142     0%     0.0035      0/5619         0     0.0025       0
      primary samples 2, productive 2 (100.0%), vertices/sample 6.000
  qp-adapt     14/14      0.17/0.33/1.66            58        7     7.04   0.1385    24%     0.0035      0/5556         0     0.0025       0
      primary samples 2, productive 2 (100.0%), vertices/sample 6.000
  qp-free      14/14      0.81/4.74/14.36          923       56    14.55   0.1016     0%     0.0198      0/10945        0     0.0025       0
      primary samples 201, productive 51 (25.4%), vertices/sample 0.269
  qp-env       14/14      0.16/0.30/1.58            43        7     7.04   0.1804    18%     0.0037      0/5483         0     0.0025       0
      primary samples 2, productive 2 (100.0%), vertices/sample 6.000

cage  (14 problems, 0 skipped: 0 clearance, 0 self-collision)
  rrtconnect   14/14     55.21/465.15/876.38      288154      909    19.90        -      -     0.0004      0/14381        0     0.0025       0
      primary samples 8476, productive 906 (10.7%), vertices/sample 0.109
  qp-fixed     14/14      1.58/12.99/44.04         2007       87    19.07   0.0826     0%    -0.0179     17/14344        0     0.0025       0
      primary samples 72, productive 49 (68.1%), vertices/sample 1.373
  qp-adapt     14/14      1.49/13.38/46.00         1974       87    19.20   0.0847     3%    -0.0179     17/14246        0     0.0025       0
      primary samples 72, productive 49 (68.1%), vertices/sample 1.373
  qp-free       9/14   1008.00/3440.07/10000.07     379405    22731    24.96   0.0497     0%     0.0063      0/12006        0     0.0025       0
      primary samples 236249, productive 22716 (9.6%), vertices/sample 0.103
  qp-env       14/14      1.33/13.29/45.40         1886       93    19.13   0.0884     4%    -0.0179     17/14132        0     0.0025       0
      primary samples 72, productive 53 (73.6%), vertices/sample 1.333

table_pick  (15 problems, 0 skipped: 0 clearance, 0 self-collision)
  rrtconnect   15/15      1.41/3.67/11.80         2354        8     9.92        -      -     0.0000      0/7608         0     0.0025       0
      primary samples 8, productive 4 (50.0%), vertices/sample 0.875
  qp-fixed     15/15      0.18/0.38/0.81            66        6     7.20   0.1153     0%     0.0037      0/5927         0     0.0025       0
      primary samples 1, productive 1 (100.0%), vertices/sample 6.000
  qp-adapt     15/15      0.13/0.26/0.61            47        6     7.20   0.1658    39%     0.0037      0/5784         0     0.0025       0
      primary samples 1, productive 1 (100.0%), vertices/sample 6.000
  qp-free      15/15      0.71/13.19/180.93        2521      149    15.92   0.0918     0%     0.0062      0/13402        0     0.0025       0
      primary samples 766, productive 146 (19.1%), vertices/sample 0.201
  qp-env       15/15      0.13/0.23/0.56            29        6     7.20   0.2480    39%     0.0037      0/5696         0     0.0025       0
      primary samples 1, productive 1 (100.0%), vertices/sample 6.000

table_under_pick  (14 problems, 6 skipped: 0 clearance, 6 self-collision)
  rrtconnect    8/8       3.42/8.26/11.39         5400       16    13.71        -      -     0.0021      0/5275         0     0.0025       0
      primary samples 48, productive 11 (22.9%), vertices/sample 0.333
  qp-fixed      8/8       0.58/2.37/4.47           356       23    15.18   0.0948     0%     0.0030      0/6039         0     0.0025       0
      primary samples 10, productive 9 (90.0%), vertices/sample 2.400
  qp-adapt      8/8       0.48/2.31/4.08           356       23    15.18   0.0949     4%     0.0030      0/6017         0     0.0025       0
      primary samples 10, productive 9 (90.0%), vertices/sample 2.400
  qp-free       8/8       1.38/2.96/5.68           606       34    17.00   0.0907     0%     0.0076      0/7394         0     0.0025       0
      primary samples 170, productive 27 (15.9%), vertices/sample 0.212
  qp-env        8/8       0.45/2.12/4.01           339       23    15.20   0.0992     6%     0.0030      0/5972         0     0.0025       0
      primary samples 10, productive 9 (90.0%), vertices/sample 2.400

Hop disposition -- what set the hop's length, median over problems.
  row         floored(<1 step)    at region   edge-limited
  qp-fixed            100.0%         0.0%           0.0%
  qp-adapt             86.6%        12.4%           1.7%
  qp-free             100.0%         0.0%           0.0%
  qp-env               85.2%        10.3%           4.1%

Endpoint clearance at zero margin -- min(start, goal) over all spheres.
  scene                     min    median       max affordable   problems by margin
  bookshelf_small       -0.0180    0.0020    0.0074   -0.0180   0: 50% 0.02:  0% 0.04:  0% 0.06:  0% 0.09:  0%
  bookshelf_tall        -0.0242    0.0034    0.0083   -0.0242   0: 57% 0.02:  0% 0.04:  0% 0.06:  0% 0.09:  0%
  bookshelf_thin        -0.0212    0.0040    0.0087   -0.0212   0: 64% 0.02:  0% 0.04:  0% 0.06:  0% 0.09:  0%
  box                    0.0127    0.0127    0.0127    0.0127   0:100% 0.02:  0% 0.04:  0% 0.06:  0% 0.09:  0%
  cage                   0.0063    0.0127    0.0127    0.0063   0:100% 0.02:  0% 0.04:  0% 0.06:  0% 0.09:  0%
  table_pick             0.0062    0.0080    0.0083    0.0062   0:100% 0.02:  0% 0.04:  0% 0.06:  0% 0.09:  0%
  table_under_pick      -0.0227    0.0076    0.0083   -0.0227   0: 57% 0.02:  0% 0.04:  0% 0.06:  0% 0.09:  0%

all scenes  (99 problems, 27 skipped: 2 clearance, 25 self-collision)
  rrtconnect   71/72      1.41/9.78/10000.01       6237       18    13.33        -      -     0.0000      0/48825        0     0.0025       0
      primary samples 62, productive 13 (21.0%), vertices/sample 0.290
  qp-fixed     71/72      0.18/0.81/10000.06        133       10     9.39   0.1079     0%    -0.0179     28/43725        0     0.0025       0
      primary samples 2, productive 2 (100.0%), vertices/sample 4.667
  qp-adapt     71/72      0.13/0.67/10000.12        115       10     9.39   0.1210    12%    -0.0179     28/43433        0     0.0025       0
      primary samples 2, productive 2 (100.0%), vertices/sample 5.000
  qp-free      66/72      0.68/10.21/10000.07       2009      120    16.49   0.0904     0%     0.0034      0/61276        0     0.0025       0
      primary samples 598, productive 114 (19.1%), vertices/sample 0.195
  qp-env       71/72      0.13/0.68/10000.08         96       10     9.38   0.1424    13%    -0.0179     28/42860        0     0.0025       0
      primary samples 2, productive 2 (100.0%), vertices/sample 5.000

"samples" is checked configurations for isSafe, barrier evaluations for
the three CBF rows, and SIMD configuration lanes evaluated for VAMP. They measure
sampling work, while wall time captures the very different per-sample costs.
"unsafe/audited" evaluates exact primitive clearance at every state of the
densified solution -- for each CBF row that is the rollout the planner recorded
for each edge, replayed, so it is the motion that would actually be executed,
sampled inside each step rather than only at its boundaries. Non-zero unsafe
invalidates a row however fast it was.
"missed" counts solution edges that were not on file and had to be
re-derived; it must be zero, or the audited motion is a different trajectory
from the one the planner found.


envelope hop: 21985 filter calls, 1.428 hold queries/call, 18.8% saturated, 100.0% longer than L1, past one step 96.7% (L1 alone 31.6%), gated 98.3%, empty-active 0.0%, screen-escalated 16.0%
envelope bottleneck: world 74.3%, self-collision 24.9%, unbound 0.8% (horizon or screen clip), blocked 0.0%, joint-limit clamped 0.0%
envelope binding term:
  world rows       L1 0.0%, local-L1 8.4%, speed-capped 0.9%, isotropic-anchored 90.7% (of 16326 bound calls)
  self-pair rows   L1 0.0%, local-L1 0.0%, speed-capped 0.0%, normal-anchored 100.0% (of 5485 bound calls)
local-lever screen: 409726 of 629612 expensive world rows settled before the envelope (65.1%)
span handed to the rollout, in controller steps (1291211 calls):
                   <1      1-2      2-4      4-8       8+
  L1 only      99.46%     0.46%     0.08%     0.00%     0.00%
  envelope     98.35%     0.35%     0.63%     0.64%     0.02%
=== CBF profiler (wall time) ===
=== CBF filter stats ===
  calls=0  unchanged=0 (0.0%)  filtered=0 (0.0%)  blocked=0 (0.0%)
  active rows:       avg=0.00  max=0
  zero-row fast path: 0 (0.0%)
  qp iterations:     avg=0.00  max=0
  certified duration: avg=0.00000s  min=0.00000s  max=0.00000s  (over 0 non-blocked calls)
  required gain:     avg=0.000/s  max=0.000/s  p50=0.000/s  p90=0.000/s  p99=0.000/s  (over 0 calls, 0 uncertified)
