scene clutter   grid results/picard_sliding_benchmark/clutter.grid
field 155x155x158 nodes, voxel 0.0150 m, maxGradientNorm 1.6590
margin 0.0600, interpolation buffer 0.0150, guarded margin 0.0750
CBF kappa 19.800 /s, RRTConnect range 1.500 rad, min progress 0.10
retain partial CBF steering: on
rollout early termination: on, 40-call budget, 3 stalled steps
start barrier h = +0.0127 m
rope shortcut on, delta 0.6500 rad, both rows

goal                         row     solved  seconds   wpts  audited   unsafe     min h   evals rad/call coarse selfcoll  min self     len0     len1    cut%  cutms
Info:    RRTConnect: Starting planning with 1 states already in datastructure
Info:    RRTConnect: Created 6 states (2 start + 4 goal)
Info:    RRTConnect: Starting planning with 1 states already in datastructure
Info:    RRTConnect: Created 7 states (5 start + 2 goal)
Info:    RRTConnect: Starting planning with 1 states already in datastructure
Info:    RRTConnect: Created 9 states (2 start + 7 goal)
Info:    RRTConnect: Starting planning with 1 states already in datastructure
Info:    RRTConnect: Created 6 states (4 start + 2 goal)
Info:    RRTConnect: Starting planning with 1 states already in datastructure
Info:    RRTConnect: Created 6 states (2 start + 4 goal)
Info:    RRTConnect: Starting planning with 1 states already in datastructure
Info:    RRTConnect: Created 6 states (4 start + 2 goal)
Info:    RRTConnect: Starting planning with 1 states already in datastructure
Info:    RRTConnect: Created 6 states (2 start + 4 goal)
Info:    RRTConnect: Starting planning with 1 states already in datastructure
Info:    RRTConnect: Created 7 states (5 start + 2 goal)
Info:    RRTConnect: Starting planning with 1 states already in datastructure
Info:    RRTConnect: Created 12 states (4 start + 8 goal)
Info:    RRTConnect: Starting planning with 1 states already in datastructure
Info:    RRTConnect: Created 7 states (5 start + 2 goal)
high_forward                 rrtc       yes 0.000336      5      162        0   +0.0127     261        -      -        0   +0.0025    4.833    4.053   16.1%    0.7
                             cbf        yes 0.000986      7      264        0   +0.0127    3029   0.0319     0%        0   +0.0025    6.364    4.360   31.5%   14.2
    cbf planner: 29 recorded / 30 rollouts (96.7%), 1 abandoned, 29 ledger-served, 10631 filter calls
    rollout early stops: 10 budget, 0 stalled, 0 tiny-control
    productive samples: rrtc 9/22 (40.9%), cbf 6/6 (100.0%)
    cbf shortcut: 3 accepted from 69 rollouts, 10 pairs screened out, max arrival gap 0.0000 rad
Info:    RRTConnect: Starting planning with 1 states already in datastructure
Info:    RRTConnect: Created 18 states (7 start + 11 goal)
Info:    RRTConnect: Starting planning with 1 states already in datastructure
Info:    RRTConnect: Created 7 states (5 start + 2 goal)
Info:    RRTConnect: Starting planning with 1 states already in datastructure
Info:    RRTConnect: Created 28 states (19 start + 9 goal)
Info:    RRTConnect: Starting planning with 1 states already in datastructure
Info:    RRTConnect: Created 7 states (5 start + 2 goal)
Info:    RRTConnect: Starting planning with 1 states already in datastructure
Info:    RRTConnect: Created 27 states (16 start + 11 goal)
Info:    RRTConnect: Starting planning with 1 states already in datastructure
Info:    RRTConnect: Created 11 states (8 start + 3 goal)
Info:    RRTConnect: Starting planning with 1 states already in datastructure
Info:    RRTConnect: Created 11 states (7 start + 4 goal)
Info:    RRTConnect: Starting planning with 1 states already in datastructure
Info:    RRTConnect: Created 11 states (8 start + 3 goal)
Info:    RRTConnect: Starting planning with 1 states already in datastructure
Info:    RRTConnect: Created 19 states (10 start + 9 goal)
Info:    RRTConnect: Starting planning with 1 states already in datastructure
Info:    RRTConnect: Created 7 states (5 start + 2 goal)
behind                       rrtc       yes 0.000331      6      243        0   +0.0016     302        -      -        0   +0.0025    7.050    6.093   13.6%    0.2
                             cbf        yes 0.004108      9      295        0   +0.0127    8036   0.0331     0%        0   +0.0025    8.306    5.275   36.5%   26.6
    cbf planner: 93 recorded / 116 rollouts (80.2%), 23 abandoned, 93 ledger-served, 72073 filter calls
    rollout early stops: 33 budget, 18 stalled, 0 tiny-control
    productive samples: rrtc 21/106 (19.8%), cbf 27/28 (96.4%)
    cbf shortcut: 7 accepted from 189 rollouts, 14 pairs screened out, max arrival gap 0.0019 rad

solved: rrtc 2/2, cbf 2/2   median ms over 5 trials: rrtc 0.336, cbf 4.108 (0.08x)
path length over 2 goals both solved, radians: rrtc 11.883 -> 10.146, cbf 14.669 -> 9.635   cbf/rrtc before 1.23x, after 0.95x
0 audited states below the audited margin (cbf row)
