scene clutter   grid results/picard_sliding_benchmark/clutter.grid
field 155x155x158 nodes, voxel 0.0150 m, maxGradientNorm 1.6590
margin 0.0600, interpolation buffer 0.0150, guarded margin 0.0750
CBF kappa 19.800 /s, RRTConnect range 1.500 rad, min progress 0.10
retain partial CBF steering: on
rollout early termination: on, 40-call budget, 3 stalled steps
start barrier h = +0.0127 m
rope shortcut on, delta 0.6500 rad, both rows

goal                         row     solved  seconds   wpts  audited   unsafe     min h   evals rad/call coarse selfcoll  min self     len0     len1    cut%  cutms
Info:    RRTConnect: Starting planning with 1 states already in datastructure
Info:    RRTConnect: Created 7 states (2 start + 5 goal)
Info:    RRTConnect: Starting planning with 1 states already in datastructure
Info:    RRTConnect: Created 7 states (5 start + 2 goal)
Info:    RRTConnect: Starting planning with 1 states already in datastructure
Info:    RRTConnect: Created 9 states (2 start + 7 goal)
Info:    RRTConnect: Starting planning with 1 states already in datastructure
Info:    RRTConnect: Created 6 states (4 start + 2 goal)
Info:    RRTConnect: Starting planning with 1 states already in datastructure
Info:    RRTConnect: Created 7 states (2 start + 5 goal)
Info:    RRTConnect: Starting planning with 1 states already in datastructure
Info:    RRTConnect: Created 6 states (4 start + 2 goal)
Info:    RRTConnect: Starting planning with 1 states already in datastructure
Info:    RRTConnect: Created 6 states (2 start + 4 goal)
Info:    RRTConnect: Starting planning with 1 states already in datastructure
Info:    RRTConnect: Created 7 states (5 start + 2 goal)
Info:    RRTConnect: Starting planning with 1 states already in datastructure
Info:    RRTConnect: Created 13 states (4 start + 9 goal)
Info:    RRTConnect: Starting planning with 1 states already in datastructure
Info:    RRTConnect: Created 7 states (5 start + 2 goal)
high_forward                 rrtc       yes 0.000310      5      162        0   +0.0127     261        -      -        0   +0.0025    4.833    4.053   16.1%    0.7
                             cbf        yes 0.000717      6      203        0   +0.0127     971   0.0656    25%        0   +0.0025    5.872    4.241   27.8%    5.8
    cbf planner: 32 recorded / 33 rollouts (97.0%), 1 abandoned, 32 ledger-served, 3231 filter calls
    rollout early stops: 4 budget, 0 stalled, 0 tiny-control
    productive samples: rrtc 9/22 (40.9%), cbf 6/6 (100.0%)
    cbf shortcut: 1 accepted from 24 rollouts, 7 pairs screened out, max arrival gap 0.0000 rad
Info:    RRTConnect: Starting planning with 1 states already in datastructure
Info:    RRTConnect: Created 18 states (7 start + 11 goal)
Info:    RRTConnect: Starting planning with 1 states already in datastructure
Info:    RRTConnect: Created 7 states (5 start + 2 goal)
Info:    RRTConnect: Starting planning with 1 states already in datastructure
Info:    RRTConnect: Created 31 states (19 start + 12 goal)
Info:    RRTConnect: Starting planning with 1 states already in datastructure
Info:    RRTConnect: Created 7 states (5 start + 2 goal)
Info:    RRTConnect: Starting planning with 1 states already in datastructure
Info:    RRTConnect: Created 29 states (12 start + 17 goal)
Info:    RRTConnect: Starting planning with 1 states already in datastructure
Info:    RRTConnect: Created 11 states (8 start + 3 goal)
Info:    RRTConnect: Starting planning with 1 states already in datastructure
Info:    RRTConnect: Created 10 states (6 start + 4 goal)
Info:    RRTConnect: Starting planning with 1 states already in datastructure
Info:    RRTConnect: Created 11 states (8 start + 3 goal)
Info:    RRTConnect: Starting planning with 1 states already in datastructure
Info:    RRTConnect: Created 17 states (7 start + 10 goal)
Info:    RRTConnect: Starting planning with 1 states already in datastructure
Info:    RRTConnect: Created 7 states (5 start + 2 goal)
behind                       rrtc       yes 0.000402      6      243        0   +0.0016     302        -      -        0   +0.0025    7.050    6.093   13.6%    0.2
                             cbf        yes 0.004577      9      233        0   +0.0127    1849   0.0453    12%        0   +0.0025    7.506    5.092   32.2%    6.7
    cbf planner: 95 recorded / 127 rollouts (74.8%), 32 abandoned, 95 ledger-served, 16908 filter calls
    rollout early stops: 26 budget, 22 stalled, 0 tiny-control
    productive samples: rrtc 21/106 (19.8%), cbf 33/37 (89.2%)
    cbf shortcut: 2 accepted from 37 rollouts, 3 pairs screened out, max arrival gap 0.0000 rad

solved: rrtc 2/2, cbf 2/2   median ms over 5 trials: rrtc 0.402, cbf 4.577 (0.09x)
path length over 2 goals both solved, radians: rrtc 11.883 -> 10.146, cbf 13.378 -> 9.333   cbf/rrtc before 1.13x, after 0.92x
0 audited states below the audited margin (cbf row)
envelope hop: 2463 filter calls reached the certificate, past one step 99.0% (L1 alone 78.8%), gated 87.8%, escalated 0.0%
span handed to the rollout, in controller steps:
                  <1     1-2     2-4     4-8      8+
  L1 only     90.36%    3.45%    4.94%    1.26%    0.00%
  envelope    87.88%    1.59%    2.50%    5.24%    2.78%
