scene corridor   grid results/picard_sliding_benchmark/corridor.grid
field 155x155x158 nodes, voxel 0.0150 m, maxGradientNorm 1.7169
margin 0.0600, interpolation buffer 0.0150, guarded margin 0.0750
CBF kappa 19.800 /s, RRTConnect range 1.500 rad, min progress 0.10
retain partial CBF steering: on
rollout early termination: on, 40-call budget, 3 stalled steps
start barrier h = +0.0127 m
rope shortcut on, delta 0.6500 rad, both rows

goal                         row     solved  seconds   wpts  audited   unsafe     min h   evals rad/call coarse selfcoll  min self     len0     len1    cut%  cutms
Info:    RRTConnect: Starting planning with 1 states already in datastructure
Info:    RRTConnect: Created 7 states (2 start + 5 goal)
Info:    RRTConnect: Starting planning with 1 states already in datastructure
Info:    RRTConnect: Created 6 states (4 start + 2 goal)
Info:    RRTConnect: Starting planning with 1 states already in datastructure
Info:    RRTConnect: Created 7 states (2 start + 5 goal)
Info:    RRTConnect: Starting planning with 1 states already in datastructure
Info:    RRTConnect: Created 8 states (6 start + 2 goal)
Info:    RRTConnect: Starting planning with 1 states already in datastructure
Info:    RRTConnect: Created 6 states (2 start + 4 goal)
Info:    RRTConnect: Starting planning with 1 states already in datastructure
Info:    RRTConnect: Created 9 states (5 start + 4 goal)
Info:    RRTConnect: Starting planning with 1 states already in datastructure
Info:    RRTConnect: Created 9 states (2 start + 7 goal)
Info:    RRTConnect: Starting planning with 1 states already in datastructure
Info:    RRTConnect: Created 13 states (9 start + 4 goal)
Info:    RRTConnect: Starting planning with 1 states already in datastructure
Info:    RRTConnect: Created 8 states (2 start + 6 goal)
Info:    RRTConnect: Starting planning with 1 states already in datastructure
Info:    RRTConnect: Created 10 states (4 start + 6 goal)
corridor_entrance_from_above rrtc       yes 0.000372      7      195        0   +0.0127     469        -      -        0   +0.0025    8.072    4.886   39.5%    0.9
                             cbf        yes 0.000651      7      221        0   +0.0127     532   0.0861    25%        0   +0.0025    7.143    4.843   32.2%    2.2
    cbf planner: 27 recorded / 27 rollouts (100.0%), 0 abandoned, 27 ledger-served, 2907 filter calls
    rollout early stops: 2 budget, 0 stalled, 0 tiny-control
    productive samples: rrtc 21/54 (38.9%), cbf 5/5 (100.0%)
    cbf shortcut: 1 accepted from 12 rollouts, 5 pairs screened out, max arrival gap 0.0000 rad
Info:    RRTConnect: Starting planning with 1 states already in datastructure
Info:    RRTConnect: Created 11 states (6 start + 5 goal)
Info:    RRTConnect: Starting planning with 1 states already in datastructure
Info:    RRTConnect: Created 33 states (25 start + 8 goal)
Info:    RRTConnect: Starting planning with 1 states already in datastructure
Info:    RRTConnect: Created 16 states (11 start + 5 goal)
Info:    RRTConnect: Starting planning with 1 states already in datastructure
Info:    RRTConnect: Created 46 states (41 start + 5 goal)
Info:    RRTConnect: Starting planning with 1 states already in datastructure
Info:    RRTConnect: Created 16 states (7 start + 9 goal)
Info:    RRTConnect: Starting planning with 1 states already in datastructure
Info:    RRTConnect: Created 102 states (99 start + 3 goal)
Info:    RRTConnect: Starting planning with 1 states already in datastructure
Info:    RRTConnect: Created 24 states (11 start + 13 goal)
Info:    RRTConnect: Starting planning with 1 states already in datastructure
Info:    RRTConnect: Created 89 states (86 start + 3 goal)
Info:    RRTConnect: Starting planning with 1 states already in datastructure
Info:    RRTConnect: Created 27 states (10 start + 17 goal)
Info:    RRTConnect: Starting planning with 1 states already in datastructure
Info:    RRTConnect: Created 123 states (120 start + 3 goal)
under_the_ceiling            rrtc       yes 0.006540     11      230        0   +0.0018    9605        -      -        0   +0.0025   14.542    5.752   60.4%    1.3
                             cbf        yes 0.002416     16      340        0   +0.0127   15863   0.0560    17%        0   +0.0025   14.274    6.799   52.4%   72.9
    cbf planner: 84 recorded / 108 rollouts (77.8%), 24 abandoned, 84 ledger-served, 28849 filter calls
    rollout early stops: 44 budget, 13 stalled, 0 tiny-control
    productive samples: rrtc 371/3753 (9.9%), cbf 29/29 (100.0%)
    cbf shortcut: 9 accepted from 397 rollouts, 23 pairs screened out, max arrival gap 0.0016 rad
Info:    RRTConnect: Starting planning with 1 states already in datastructure
Info:    RRTConnect: Created 20 states (8 start + 12 goal)
Info:    RRTConnect: Starting planning with 1 states already in datastructure
Info:    RRTConnect: Created 260 states (256 start + 4 goal)
Info:    RRTConnect: Starting planning with 1 states already in datastructure
Info:    RRTConnect: Created 21 states (13 start + 8 goal)
Info:    RRTConnect: Starting planning with 1 states already in datastructure
Info:    RRTConnect: Created 129 states (124 start + 5 goal)
Info:    RRTConnect: Starting planning with 1 states already in datastructure
Info:    RRTConnect: Created 14 states (7 start + 7 goal)
Info:    RRTConnect: Starting planning with 1 states already in datastructure
Info:    RRTConnect: Created 81 states (73 start + 8 goal)
Info:    RRTConnect: Starting planning with 1 states already in datastructure
Info:    RRTConnect: Created 14 states (9 start + 5 goal)
Info:    RRTConnect: Starting planning with 1 states already in datastructure
Info:    RRTConnect: Created 216 states (211 start + 5 goal)
Info:    RRTConnect: Starting planning with 1 states already in datastructure
Info:    RRTConnect: Created 48 states (29 start + 19 goal)
Info:    RRTConnect: Starting planning with 1 states already in datastructure
Info:    RRTConnect: Created 226 states (222 start + 4 goal)
far_end_under_the_ceiling    rrtc       yes 0.017935     12      248        0   +0.0009   17957        -      -        0   +0.0025   15.871    6.205   60.9%    1.6
                             cbf        yes 0.003511     11      287        0   +0.0127    3889   0.0435    11%        0   +0.0025    9.984    5.859   41.3%    8.6
    cbf planner: 107 recorded / 153 rollouts (69.9%), 46 abandoned, 107 ledger-served, 34426 filter calls
    rollout early stops: 66 budget, 23 stalled, 0 tiny-control
    productive samples: rrtc 892/11874 (7.5%), cbf 47/51 (92.2%)
    cbf shortcut: 2 accepted from 46 rollouts, 12 pairs screened out, max arrival gap 0.0000 rad
    ! barrier mismatch at goal: exporter +0.0075, here +0.0227

solved: rrtc 3/3, cbf 3/3   median ms over 5 trials: rrtc 6.540, cbf 2.416 (2.71x)
path length over 3 goals both solved, radians: rrtc 38.484 -> 16.843, cbf 31.400 -> 17.500   cbf/rrtc before 0.82x, after 1.04x
0 audited states below the audited margin (cbf row)
envelope hop: 10212 filter calls reached the certificate, past one step 99.9% (L1 alone 78.7%), gated 84.6%, escalated 0.0%
span handed to the rollout, in controller steps:
                  <1     1-2     2-4     4-8      8+
  L1 only     87.86%    3.18%    7.44%    1.51%    0.01%
  envelope    84.59%    1.25%    2.82%    8.87%    2.46%
