scene shelf   grid results/picard_sliding_benchmark/shelf.grid
field 155x155x158 nodes, voxel 0.0150 m, maxGradientNorm 1.6668
margin 0.0600, interpolation buffer 0.0150, guarded margin 0.0750
CBF kappa 19.800 /s, RRTConnect range 1.500 rad, min progress 0.10
retain partial CBF steering: on
rollout early termination: on, 40-call budget, 3 stalled steps
start barrier h = +0.0127 m
rope shortcut on, delta 0.6500 rad, both rows

goal                         row     solved  seconds   wpts  audited   unsafe     min h   evals rad/call coarse selfcoll  min self     len0     len1    cut%  cutms
Info:    RRTConnect: Starting planning with 1 states already in datastructure
Info:    RRTConnect: Created 35 states (22 start + 13 goal)
Info:    RRTConnect: Starting planning with 1 states already in datastructure
Info:    RRTConnect: Created 33 states (29 start + 4 goal)
Info:    RRTConnect: Starting planning with 1 states already in datastructure
Info:    RRTConnect: Created 10 states (6 start + 4 goal)
Info:    RRTConnect: Starting planning with 1 states already in datastructure
Info:    RRTConnect: Created 8 states (5 start + 3 goal)
Info:    RRTConnect: Starting planning with 1 states already in datastructure
Info:    RRTConnect: Created 59 states (36 start + 23 goal)
Info:    RRTConnect: Starting planning with 1 states already in datastructure
Info:    RRTConnect: Created 53 states (49 start + 4 goal)
Info:    RRTConnect: Starting planning with 1 states already in datastructure
Info:    RRTConnect: Created 62 states (38 start + 24 goal)
Info:    RRTConnect: Starting planning with 1 states already in datastructure
Info:    RRTConnect: Created 65 states (61 start + 4 goal)
Info:    RRTConnect: Starting planning with 1 states already in datastructure
Info:    RRTConnect: Created 35 states (20 start + 15 goal)
Info:    RRTConnect: Starting planning with 1 states already in datastructure
Info:    RRTConnect: Created 19 states (16 start + 3 goal)
lower_bay_left               rrtc       yes 0.002355      8      264        0   +0.0075    1102        -      -        0   +0.0025   10.337    6.606   36.1%    1.9
                             cbf        yes 0.007046     14      247        0   +0.0121    3832   0.0455     9%        0   +0.0025   10.378    5.522   46.8%   12.1
    cbf planner: 191 recorded / 296 rollouts (64.5%), 105 abandoned, 191 ledger-served, 74526 filter calls
    rollout early stops: 93 budget, 62 stalled, 0 tiny-control
    productive samples: rrtc 155/1026 (15.1%), cbf 88/110 (80.0%)
    cbf shortcut: 2 accepted from 66 rollouts, 5 pairs screened out, max arrival gap 0.0000 rad
    ! barrier mismatch at goal: exporter +0.0052, here +0.0201
Info:    RRTConnect: Starting planning with 1 states already in datastructure
Info:    RRTConnect: Created 14 states (9 start + 5 goal)
Info:    RRTConnect: Starting planning with 1 states already in datastructure
Info:    RRTConnect: Created 36 states (33 start + 3 goal)
Info:    RRTConnect: Starting planning with 1 states already in datastructure
Info:    RRTConnect: Created 14 states (8 start + 6 goal)
Info:    RRTConnect: Starting planning with 1 states already in datastructure
Info:    RRTConnect: Created 34 states (31 start + 3 goal)
Info:    RRTConnect: Starting planning with 1 states already in datastructure
Info:    RRTConnect: Created 15 states (8 start + 7 goal)
Info:    RRTConnect: Starting planning with 1 states already in datastructure
Info:    RRTConnect: Created 51 states (47 start + 4 goal)
Info:    RRTConnect: Starting planning with 1 states already in datastructure
Info:    RRTConnect: Created 21 states (8 start + 13 goal)
Info:    RRTConnect: Starting planning with 1 states already in datastructure
Info:    RRTConnect: Created 57 states (54 start + 3 goal)
Info:    RRTConnect: Starting planning with 1 states already in datastructure
Info:    RRTConnect: Created 15 states (7 start + 8 goal)
Info:    RRTConnect: Starting planning with 1 states already in datastructure
Info:    RRTConnect: Created 112 states (109 start + 3 goal)
lower_bay_right              rrtc       yes 0.003307      9      204        0   +0.0036    8242        -      -        0   +0.0025   10.655    5.110   52.0%    1.6
                             cbf        yes 0.002543     12      331        0   +0.0127   15446   0.0464     8%        0   +0.0025   11.950    6.227   47.9%   71.1
    cbf planner: 69 recorded / 88 rollouts (78.4%), 19 abandoned, 69 ledger-served, 29161 filter calls
    rollout early stops: 20 budget, 11 stalled, 0 tiny-control
    productive samples: rrtc 269/2051 (13.1%), cbf 23/24 (95.8%)
    cbf shortcut: 9 accepted from 438 rollouts, 35 pairs screened out, max arrival gap 0.0001 rad
    ! barrier mismatch at goal: exporter +0.0049, here +0.0199
Info:    RRTConnect: Starting planning with 1 states already in datastructure
Info:    RRTConnect: Created 7 states (2 start + 5 goal)
Info:    RRTConnect: Starting planning with 1 states already in datastructure
Info:    RRTConnect: Created 25 states (21 start + 4 goal)
Info:    RRTConnect: Starting planning with 1 states already in datastructure
Info:    RRTConnect: Created 19 states (9 start + 10 goal)
Info:    RRTConnect: Starting planning with 1 states already in datastructure
Info:    RRTConnect: Created 13 states (11 start + 2 goal)
Info:    RRTConnect: Starting planning with 1 states already in datastructure
Info:    RRTConnect: Created 9 states (2 start + 7 goal)
Info:    RRTConnect: Starting planning with 1 states already in datastructure
Info:    RRTConnect: Created 21 states (18 start + 3 goal)
Info:    RRTConnect: Starting planning with 1 states already in datastructure
Info:    RRTConnect: Created 8 states (2 start + 6 goal)
Info:    RRTConnect: Starting planning with 1 states already in datastructure
Info:    RRTConnect: Created 33 states (30 start + 3 goal)
Info:    RRTConnect: Starting planning with 1 states already in datastructure
Info:    RRTConnect: Created 10 states (6 start + 4 goal)
Info:    RRTConnect: Starting planning with 1 states already in datastructure
Info:    RRTConnect: Created 43 states (40 start + 3 goal)
upper_bay_left               rrtc       yes 0.001585      6      218        0   +0.0113    2787        -      -        0   +0.0025    7.195    5.462   24.1%    1.1
                             cbf        yes 0.001042      9      327        0   +0.0127    2546   0.0475     9%        0   +0.0025    6.958    5.739   17.5%   11.2
    cbf planner: 43 recorded / 48 rollouts (89.6%), 5 abandoned, 43 ledger-served, 24036 filter calls
    rollout early stops: 13 budget, 2 stalled, 0 tiny-control
    productive samples: rrtc 113/691 (16.4%), cbf 10/10 (100.0%)
    cbf shortcut: 2 accepted from 67 rollouts, 7 pairs screened out, max arrival gap 0.0002 rad
    ! barrier mismatch at goal: exporter +0.0049, here +0.0192
Info:    RRTConnect: Starting planning with 1 states already in datastructure
Info:    RRTConnect: Created 7 states (2 start + 5 goal)
Info:    RRTConnect: Starting planning with 1 states already in datastructure
Info:    RRTConnect: Created 11 states (9 start + 2 goal)
Info:    RRTConnect: Starting planning with 1 states already in datastructure
Info:    RRTConnect: Created 6 states (2 start + 4 goal)
Info:    RRTConnect: Starting planning with 1 states already in datastructure
Info:    RRTConnect: Created 15 states (13 start + 2 goal)
Info:    RRTConnect: Starting planning with 1 states already in datastructure
Info:    RRTConnect: Created 8 states (4 start + 4 goal)
Info:    RRTConnect: Starting planning with 1 states already in datastructure
Info:    RRTConnect: Created 8 states (6 start + 2 goal)
Info:    RRTConnect: Starting planning with 1 states already in datastructure
Info:    RRTConnect: Created 6 states (2 start + 4 goal)
Info:    RRTConnect: Starting planning with 1 states already in datastructure
Info:    RRTConnect: Created 6 states (4 start + 2 goal)
Info:    RRTConnect: Starting planning with 1 states already in datastructure
Info:    RRTConnect: Created 10 states (4 start + 6 goal)
Info:    RRTConnect: Starting planning with 1 states already in datastructure
Info:    RRTConnect: Created 10 states (8 start + 2 goal)
upper_bay_right              rrtc       yes 0.000499      6      182        0   +0.0012     494        -      -        0   +0.0025    6.849    4.567   33.3%    0.8
                             cbf        yes 0.000636      7      228        0   +0.0127    1597   0.0605    15%        0   +0.0025    6.882    4.773   30.6%    6.8
    cbf planner: 27 recorded / 30 rollouts (90.0%), 3 abandoned, 27 ledger-served, 6745 filter calls
    rollout early stops: 6 budget, 2 stalled, 0 tiny-control
    productive samples: rrtc 30/88 (34.1%), cbf 8/8 (100.0%)
    cbf shortcut: 3 accepted from 47 rollouts, 9 pairs screened out, max arrival gap 0.0021 rad
    ! barrier mismatch at goal: exporter +0.0049, here +0.0192

solved: rrtc 4/4, cbf 4/4   median ms over 5 trials: rrtc 2.355, cbf 2.543 (0.93x)
path length over 4 goals both solved, radians: rrtc 35.037 -> 21.744, cbf 36.168 -> 22.262   cbf/rrtc before 1.03x, after 1.02x
0 audited states below the audited margin (cbf row)
envelope hop: 11332 filter calls reached the certificate, past one step 99.9% (L1 alone 71.6%), gated 91.6%, escalated 0.0%
span handed to the rollout, in controller steps:
                  <1     1-2     2-4     4-8      8+
  L1 only     93.97%    2.00%    2.70%    1.32%    0.01%
  envelope    91.58%    1.20%    1.97%    3.76%    1.48%
