scene shelf   grid results/picard_sliding_benchmark/shelf.grid
field 155x155x158 nodes, voxel 0.0150 m, maxGradientNorm 1.6668
margin 0.0600, interpolation buffer 0.0150, guarded margin 0.0750
CBF kappa 19.800 /s, RRTConnect range 1.500 rad, min progress 0.10
retain partial CBF steering: on
rollout early termination: on, 40-call budget, 3 stalled steps
start barrier h = +0.0127 m
rope shortcut on, delta 0.6500 rad, both rows

goal                         row     solved  seconds   wpts  audited   unsafe     min h   evals rad/call coarse selfcoll  min self     len0     len1    cut%  cutms
Info:    RRTConnect: Starting planning with 1 states already in datastructure
Info:    RRTConnect: Created 47 states (27 start + 20 goal)
Info:    RRTConnect: Starting planning with 1 states already in datastructure
Info:    RRTConnect: Created 33 states (29 start + 4 goal)
Info:    RRTConnect: Starting planning with 1 states already in datastructure
Info:    RRTConnect: Created 10 states (6 start + 4 goal)
Info:    RRTConnect: Starting planning with 1 states already in datastructure
Info:    RRTConnect: Created 8 states (5 start + 3 goal)
Info:    RRTConnect: Starting planning with 1 states already in datastructure
Info:    RRTConnect: Created 51 states (26 start + 25 goal)
Info:    RRTConnect: Starting planning with 1 states already in datastructure
Info:    RRTConnect: Created 53 states (49 start + 4 goal)
Info:    RRTConnect: Starting planning with 1 states already in datastructure
Info:    RRTConnect: Created 62 states (38 start + 24 goal)
Info:    RRTConnect: Starting planning with 1 states already in datastructure
Info:    RRTConnect: Created 65 states (61 start + 4 goal)
Info:    RRTConnect: Starting planning with 1 states already in datastructure
Info:    RRTConnect: Created 27 states (15 start + 12 goal)
Info:    RRTConnect: Starting planning with 1 states already in datastructure
Info:    RRTConnect: Created 19 states (16 start + 3 goal)
lower_bay_left               rrtc       yes 0.002383      8      264        0   +0.0075    1102        -      -        0   +0.0025   10.337    6.606   36.1%    1.9
                             cbf        yes 0.010141      9      398        0   +0.0127   12327   0.0357     0%        0   +0.0025    9.000    6.838   24.0%   42.2
    cbf planner: 187 recorded / 274 rollouts (68.2%), 87 abandoned, 187 ledger-served, 207911 filter calls
    rollout early stops: 98 budget, 59 stalled, 0 tiny-control
    productive samples: rrtc 155/1026 (15.1%), cbf 79/92 (85.9%)
    cbf shortcut: 6 accepted from 289 rollouts, 20 pairs screened out, max arrival gap 0.0014 rad
    ! barrier mismatch at goal: exporter +0.0052, here +0.0201
Info:    RRTConnect: Starting planning with 1 states already in datastructure
Info:    RRTConnect: Created 14 states (9 start + 5 goal)
Info:    RRTConnect: Starting planning with 1 states already in datastructure
Info:    RRTConnect: Created 36 states (33 start + 3 goal)
Info:    RRTConnect: Starting planning with 1 states already in datastructure
Info:    RRTConnect: Created 14 states (8 start + 6 goal)
Info:    RRTConnect: Starting planning with 1 states already in datastructure
Info:    RRTConnect: Created 34 states (31 start + 3 goal)
Info:    RRTConnect: Starting planning with 1 states already in datastructure
Info:    RRTConnect: Created 13 states (7 start + 6 goal)
Info:    RRTConnect: Starting planning with 1 states already in datastructure
Info:    RRTConnect: Created 51 states (47 start + 4 goal)
Info:    RRTConnect: Starting planning with 1 states already in datastructure
Info:    RRTConnect: Created 20 states (7 start + 13 goal)
Info:    RRTConnect: Starting planning with 1 states already in datastructure
Info:    RRTConnect: Created 57 states (54 start + 3 goal)
Info:    RRTConnect: Starting planning with 1 states already in datastructure
Info:    RRTConnect: Created 16 states (7 start + 9 goal)
Info:    RRTConnect: Starting planning with 1 states already in datastructure
Info:    RRTConnect: Created 112 states (109 start + 3 goal)
lower_bay_right              rrtc       yes 0.003233      9      204        0   +0.0036    8242        -      -        0   +0.0025   10.655    5.110   52.0%    1.6
                             cbf        yes 0.002565     12      359        0   +0.0127   21196   0.0355     0%        0   +0.0025   10.636    6.199   41.7%   71.4
    cbf planner: 67 recorded / 86 rollouts (77.9%), 19 abandoned, 67 ledger-served, 66092 filter calls
    rollout early stops: 33 budget, 7 stalled, 0 tiny-control
    productive samples: rrtc 269/2051 (13.1%), cbf 23/24 (95.8%)
    cbf shortcut: 11 accepted from 521 rollouts, 30 pairs screened out, max arrival gap 0.0005 rad
    ! barrier mismatch at goal: exporter +0.0049, here +0.0199
Info:    RRTConnect: Starting planning with 1 states already in datastructure
Info:    RRTConnect: Created 8 states (2 start + 6 goal)
Info:    RRTConnect: Starting planning with 1 states already in datastructure
Info:    RRTConnect: Created 25 states (21 start + 4 goal)
Info:    RRTConnect: Starting planning with 1 states already in datastructure
Info:    RRTConnect: Created 18 states (9 start + 9 goal)
Info:    RRTConnect: Starting planning with 1 states already in datastructure
Info:    RRTConnect: Created 13 states (11 start + 2 goal)
Info:    RRTConnect: Starting planning with 1 states already in datastructure
Info:    RRTConnect: Created 9 states (2 start + 7 goal)
Info:    RRTConnect: Starting planning with 1 states already in datastructure
Info:    RRTConnect: Created 21 states (18 start + 3 goal)
Info:    RRTConnect: Starting planning with 1 states already in datastructure
Info:    RRTConnect: Created 8 states (2 start + 6 goal)
Info:    RRTConnect: Starting planning with 1 states already in datastructure
Info:    RRTConnect: Created 33 states (30 start + 3 goal)
Info:    RRTConnect: Starting planning with 1 states already in datastructure
Info:    RRTConnect: Created 10 states (6 start + 4 goal)
Info:    RRTConnect: Starting planning with 1 states already in datastructure
Info:    RRTConnect: Created 43 states (40 start + 3 goal)
upper_bay_left               rrtc       yes 0.001520      6      218        0   +0.0113    2787        -      -        0   +0.0025    7.195    5.462   24.1%    1.0
                             cbf        yes 0.001101      9      351        0   +0.0127    4951   0.0324     0%        0   +0.0025    6.945    5.876   15.4%   17.0
    cbf planner: 43 recorded / 48 rollouts (89.6%), 5 abandoned, 43 ledger-served, 44405 filter calls
    rollout early stops: 20 budget, 2 stalled, 0 tiny-control
    productive samples: rrtc 113/691 (16.4%), cbf 10/10 (100.0%)
    cbf shortcut: 3 accepted from 126 rollouts, 13 pairs screened out, max arrival gap 0.0004 rad
    ! barrier mismatch at goal: exporter +0.0049, here +0.0192
Info:    RRTConnect: Starting planning with 1 states already in datastructure
Info:    RRTConnect: Created 8 states (2 start + 6 goal)
Info:    RRTConnect: Starting planning with 1 states already in datastructure
Info:    RRTConnect: Created 11 states (9 start + 2 goal)
Info:    RRTConnect: Starting planning with 1 states already in datastructure
Info:    RRTConnect: Created 6 states (2 start + 4 goal)
Info:    RRTConnect: Starting planning with 1 states already in datastructure
Info:    RRTConnect: Created 15 states (13 start + 2 goal)
Info:    RRTConnect: Starting planning with 1 states already in datastructure
Info:    RRTConnect: Created 8 states (4 start + 4 goal)
Info:    RRTConnect: Starting planning with 1 states already in datastructure
Info:    RRTConnect: Created 8 states (6 start + 2 goal)
Info:    RRTConnect: Starting planning with 1 states already in datastructure
Info:    RRTConnect: Created 6 states (2 start + 4 goal)
Info:    RRTConnect: Starting planning with 1 states already in datastructure
Info:    RRTConnect: Created 6 states (4 start + 2 goal)
Info:    RRTConnect: Starting planning with 1 states already in datastructure
Info:    RRTConnect: Created 12 states (5 start + 7 goal)
Info:    RRTConnect: Starting planning with 1 states already in datastructure
Info:    RRTConnect: Created 10 states (8 start + 2 goal)
upper_bay_right              rrtc       yes 0.000473      6      182        0   +0.0012     494        -      -        0   +0.0025    6.849    4.567   33.3%    0.7
                             cbf        yes 0.000779      8      271        0   +0.0127    4725   0.0357     0%        0   +0.0025    6.808    4.731   30.5%   14.5
    cbf planner: 30 recorded / 33 rollouts (90.9%), 3 abandoned, 30 ledger-served, 15625 filter calls
    rollout early stops: 14 budget, 3 stalled, 0 tiny-control
    productive samples: rrtc 30/88 (34.1%), cbf 8/8 (100.0%)
    cbf shortcut: 6 accepted from 112 rollouts, 12 pairs screened out, max arrival gap 0.0000 rad
    ! barrier mismatch at goal: exporter +0.0049, here +0.0192

solved: rrtc 4/4, cbf 4/4   median ms over 5 trials: rrtc 2.383, cbf 2.565 (0.93x)
path length over 4 goals both solved, radians: rrtc 35.037 -> 21.744, cbf 33.389 -> 23.644   cbf/rrtc before 0.95x, after 1.09x
0 audited states below the audited margin (cbf row)
