scene clutter   grid results/picard_sliding_benchmark/clutter.grid
field 155x155x158 nodes, voxel 0.0150 m, maxGradientNorm 1.6590
margin 0.0600, interpolation buffer 0.0150, guarded margin 0.0750
CBF kappa 19.800 /s, RRTConnect range 1.500 rad, min progress 0.10
retain partial CBF steering: on
rollout early termination: on, 40-call budget, 3 stalled steps
start barrier h = +0.0127 m
rope shortcut on, delta 0.6500 rad, both rows

goal                         row     solved  seconds   wpts  audited   unsafe     min h   evals rad/call coarse selfcoll  min self     len0     len1    cut%  cutms
Info:    RRTConnect: Starting planning with 1 states already in datastructure
Info:    RRTConnect: Created 9 states (2 start + 7 goal)
Info:    RRTConnect: Starting planning with 1 states already in datastructure
Info:    RRTConnect: Created 6 states (4 start + 2 goal)
Info:    RRTConnect: Starting planning with 1 states already in datastructure
Info:    RRTConnect: Created 7 states (2 start + 5 goal)
Info:    RRTConnect: Starting planning with 1 states already in datastructure
Info:    RRTConnect: Created 8 states (6 start + 2 goal)
Info:    RRTConnect: Starting planning with 1 states already in datastructure
Info:    RRTConnect: Created 7 states (2 start + 5 goal)
Info:    RRTConnect: Starting planning with 1 states already in datastructure
Info:    RRTConnect: Created 8 states (6 start + 2 goal)
Info:    RRTConnect: Starting planning with 1 states already in datastructure
Info:    RRTConnect: Created 7 states (2 start + 5 goal)
Info:    RRTConnect: Starting planning with 1 states already in datastructure
Info:    RRTConnect: Created 7 states (5 start + 2 goal)
Info:    RRTConnect: Starting planning with 1 states already in datastructure
Info:    RRTConnect: Created 7 states (2 start + 5 goal)
Info:    RRTConnect: Starting planning with 1 states already in datastructure
Info:    RRTConnect: Created 9 states (7 start + 2 goal)
high_forward                 rrtc       yes 0.000415      5      160        0   +0.0127     394        -      -        0   +0.0025    4.685    4.008   14.5%    0.7
                             cbf        yes 0.000696      6      216        0   +0.0127     494   0.0693    26%        0   +0.0025    6.548    4.138   36.8%    2.9
    cbf planner: 27 recorded / 27 rollouts (100.0%), 0 abandoned, 27 ledger-served, 2758 filter calls
    rollout early stops: 3 budget, 0 stalled, 0 tiny-control
    productive samples: rrtc 15/48 (31.2%), cbf 5/5 (100.0%)
    cbf shortcut: 1 accepted from 12 rollouts, 4 pairs screened out, max arrival gap 0.0000 rad
Info:    RRTConnect: Starting planning with 1 states already in datastructure
Info:    RRTConnect: Created 37 states (18 start + 19 goal)
Info:    RRTConnect: Starting planning with 1 states already in datastructure
Info:    RRTConnect: Created 11 states (9 start + 2 goal)
Info:    RRTConnect: Starting planning with 1 states already in datastructure
Info:    RRTConnect: Created 19 states (10 start + 9 goal)
Info:    RRTConnect: Starting planning with 1 states already in datastructure
Info:    RRTConnect: Created 6 states (4 start + 2 goal)
Info:    RRTConnect: Starting planning with 1 states already in datastructure
Info:    RRTConnect: Created 10 states (5 start + 5 goal)
Info:    RRTConnect: Starting planning with 1 states already in datastructure
Info:    RRTConnect: Created 6 states (4 start + 2 goal)
Info:    RRTConnect: Starting planning with 1 states already in datastructure
Info:    RRTConnect: Created 28 states (12 start + 16 goal)
Info:    RRTConnect: Starting planning with 1 states already in datastructure
Info:    RRTConnect: Created 10 states (8 start + 2 goal)
Info:    RRTConnect: Starting planning with 1 states already in datastructure
Info:    RRTConnect: Created 20 states (11 start + 9 goal)
Info:    RRTConnect: Starting planning with 1 states already in datastructure
Info:    RRTConnect: Created 7 states (5 start + 2 goal)
behind                       rrtc       yes 0.000362      6      186        0   +0.0023     292        -      -        0   +0.0025    6.979    4.666   33.1%    2.3
                             cbf        yes 0.005527      9      209        0   +0.0127    1759   0.0483    12%        0   +0.0025    9.722    4.706   51.6%    8.1
    cbf planner: 104 recorded / 142 rollouts (73.2%), 38 abandoned, 104 ledger-served, 15155 filter calls
    rollout early stops: 38 budget, 30 stalled, 0 tiny-control
    productive samples: rrtc 18/78 (23.1%), cbf 40/43 (93.0%)
    cbf shortcut: 2 accepted from 32 rollouts, 27 pairs screened out, max arrival gap 0.0000 rad

solved: rrtc 2/2, cbf 2/2   median ms over 5 trials: rrtc 0.415, cbf 5.527 (0.08x)
path length over 2 goals both solved, radians: rrtc 11.664 -> 8.674, cbf 16.270 -> 8.844   cbf/rrtc before 1.39x, after 1.02x
0 audited states below the audited margin (cbf row)
envelope hop: 2488 filter calls reached the certificate, past one step 99.6% (L1 alone 78.8%), gated 86.1%, escalated 0.0%
span handed to the rollout, in controller steps:
                  <1     1-2     2-4     4-8      8+
  L1 only     89.05%    3.80%    6.01%    1.13%    0.01%
  envelope    86.17%    1.69%    3.00%    6.32%    2.82%
