scene shelf   grid results/picard_sliding_benchmark/shelf.grid
field 155x155x158 nodes, voxel 0.0150 m, maxGradientNorm 1.6668
margin 0.0600, interpolation buffer 0.0150, guarded margin 0.0750
CBF kappa 19.800 /s, RRTConnect range 1.500 rad, min progress 0.10
retain partial CBF steering: on
rollout early termination: on, 40-call budget, 3 stalled steps
start barrier h = +0.0127 m
rope shortcut on, delta 0.6500 rad, both rows

goal                         row     solved  seconds   wpts  audited   unsafe     min h   evals rad/call coarse selfcoll  min self     len0     len1    cut%  cutms
Info:    RRTConnect: Starting planning with 1 states already in datastructure
Info:    RRTConnect: Created 67 states (46 start + 21 goal)
Info:    RRTConnect: Starting planning with 1 states already in datastructure
Info:    RRTConnect: Created 42 states (39 start + 3 goal)
Info:    RRTConnect: Starting planning with 1 states already in datastructure
Info:    RRTConnect: Created 26 states (14 start + 12 goal)
Info:    RRTConnect: Starting planning with 1 states already in datastructure
Info:    RRTConnect: Created 42 states (40 start + 2 goal)
Info:    RRTConnect: Starting planning with 1 states already in datastructure
Info:    RRTConnect: Created 19 states (12 start + 7 goal)
Info:    RRTConnect: Starting planning with 1 states already in datastructure
Info:    RRTConnect: Created 30 states (27 start + 3 goal)
Info:    RRTConnect: Starting planning with 1 states already in datastructure
Info:    RRTConnect: Created 46 states (27 start + 19 goal)
Info:    RRTConnect: Starting planning with 1 states already in datastructure
Info:    RRTConnect: Created 60 states (57 start + 3 goal)
Info:    RRTConnect: Starting planning with 1 states already in datastructure
Info:    RRTConnect: Created 24 states (16 start + 8 goal)
Info:    RRTConnect: Starting planning with 1 states already in datastructure
Info:    RRTConnect: Created 42 states (39 start + 3 goal)
lower_bay_left               rrtc       yes 0.002822      8      258        0   +0.0063    2818        -      -        0   +0.0025    9.894    6.459   34.7%    1.4
                             cbf        yes 0.004667     17      363        0   +0.0010    6297   0.0445    18%        0   +0.0025   13.188    6.629   49.7%   25.5
    cbf planner: 172 recorded / 259 rollouts (66.4%), 87 abandoned, 172 ledger-served, 57056 filter calls
    rollout early stops: 96 budget, 50 stalled, 0 tiny-control
    productive samples: rrtc 194/1256 (15.4%), cbf 77/92 (83.7%)
    cbf shortcut: 4 accepted from 157 rollouts, 15 pairs screened out, max arrival gap 0.0025 rad
    ! barrier mismatch at goal: exporter +0.0052, here +0.0201
Info:    RRTConnect: Starting planning with 1 states already in datastructure
Info:    RRTConnect: Created 29 states (19 start + 10 goal)
Info:    RRTConnect: Starting planning with 1 states already in datastructure
Info:    RRTConnect: Created 42 states (39 start + 3 goal)
Info:    RRTConnect: Starting planning with 1 states already in datastructure
Info:    RRTConnect: Created 11 states (6 start + 5 goal)
Info:    RRTConnect: Starting planning with 1 states already in datastructure
Info:    RRTConnect: Created 12 states (9 start + 3 goal)
Info:    RRTConnect: Starting planning with 1 states already in datastructure
Info:    RRTConnect: Created 19 states (9 start + 10 goal)
Info:    RRTConnect: Starting planning with 1 states already in datastructure
Info:    RRTConnect: Created 36 states (33 start + 3 goal)
Info:    RRTConnect: Starting planning with 1 states already in datastructure
Info:    RRTConnect: Created 39 states (22 start + 17 goal)
Info:    RRTConnect: Starting planning with 1 states already in datastructure
Info:    RRTConnect: Created 35 states (32 start + 3 goal)
Info:    RRTConnect: Starting planning with 1 states already in datastructure
Info:    RRTConnect: Created 11 states (5 start + 6 goal)
Info:    RRTConnect: Starting planning with 1 states already in datastructure
Info:    RRTConnect: Created 65 states (60 start + 5 goal)
lower_bay_right              rrtc       yes 0.002324      8      268        0   +0.0127    4667        -      -        0   +0.0025    9.290    6.720   27.7%    0.1
                             cbf        yes 0.003746     10      293        0   +0.0127    3459   0.0409    17%        0   +0.0025    8.885    5.408   39.1%   13.8
    cbf planner: 99 recorded / 133 rollouts (74.4%), 34 abandoned, 99 ledger-served, 109987 filter calls
    rollout early stops: 40 budget, 17 stalled, 0 tiny-control
    productive samples: rrtc 171/1099 (15.6%), cbf 38/39 (97.4%)
    cbf shortcut: 3 accepted from 82 rollouts, 23 pairs screened out, max arrival gap 0.0000 rad
    ! barrier mismatch at goal: exporter +0.0049, here +0.0199
Info:    RRTConnect: Starting planning with 1 states already in datastructure
Info:    RRTConnect: Created 14 states (6 start + 8 goal)
Info:    RRTConnect: Starting planning with 1 states already in datastructure
Info:    RRTConnect: Created 17 states (15 start + 2 goal)
Info:    RRTConnect: Starting planning with 1 states already in datastructure
Info:    RRTConnect: Created 20 states (11 start + 9 goal)
Info:    RRTConnect: Starting planning with 1 states already in datastructure
Info:    RRTConnect: Created 16 states (11 start + 5 goal)
Info:    RRTConnect: Starting planning with 1 states already in datastructure
Info:    RRTConnect: Created 11 states (2 start + 9 goal)
Info:    RRTConnect: Starting planning with 1 states already in datastructure
Info:    RRTConnect: Created 25 states (22 start + 3 goal)
Info:    RRTConnect: Starting planning with 1 states already in datastructure
Info:    RRTConnect: Created 7 states (2 start + 5 goal)
Info:    RRTConnect: Starting planning with 1 states already in datastructure
Info:    RRTConnect: Created 32 states (27 start + 5 goal)
Info:    RRTConnect: Starting planning with 1 states already in datastructure
Info:    RRTConnect: Created 7 states (2 start + 5 goal)
Info:    RRTConnect: Starting planning with 1 states already in datastructure
Info:    RRTConnect: Created 16 states (13 start + 3 goal)
upper_bay_left               rrtc       yes 0.001001      6      203        0   +0.0008     959        -      -        0   +0.0025    6.107    5.080   16.8%    1.0
                             cbf        yes 0.001225      6      263        0   +0.0127    1408   0.0490    23%        0   +0.0025    5.501    4.815   12.5%    5.6
    cbf planner: 49 recorded / 56 rollouts (87.5%), 7 abandoned, 49 ledger-served, 32438 filter calls
    rollout early stops: 16 budget, 3 stalled, 0 tiny-control
    productive samples: rrtc 80/482 (16.6%), cbf 12/12 (100.0%)
    cbf shortcut: 1 accepted from 35 rollouts, 6 pairs screened out, max arrival gap 0.0000 rad
    ! barrier mismatch at goal: exporter +0.0049, here +0.0192
Info:    RRTConnect: Starting planning with 1 states already in datastructure
Info:    RRTConnect: Created 8 states (2 start + 6 goal)
Info:    RRTConnect: Starting planning with 1 states already in datastructure
Info:    RRTConnect: Created 7 states (5 start + 2 goal)
Info:    RRTConnect: Starting planning with 1 states already in datastructure
Info:    RRTConnect: Created 28 states (18 start + 10 goal)
Info:    RRTConnect: Starting planning with 1 states already in datastructure
Info:    RRTConnect: Created 12 states (8 start + 4 goal)
Info:    RRTConnect: Starting planning with 1 states already in datastructure
Info:    RRTConnect: Created 13 states (6 start + 7 goal)
Info:    RRTConnect: Starting planning with 1 states already in datastructure
Info:    RRTConnect: Created 14 states (12 start + 2 goal)
Info:    RRTConnect: Starting planning with 1 states already in datastructure
Info:    RRTConnect: Created 8 states (4 start + 4 goal)
Info:    RRTConnect: Starting planning with 1 states already in datastructure
Info:    RRTConnect: Created 13 states (11 start + 2 goal)
Info:    RRTConnect: Starting planning with 1 states already in datastructure
Info:    RRTConnect: Created 19 states (11 start + 8 goal)
Info:    RRTConnect: Starting planning with 1 states already in datastructure
Info:    RRTConnect: Created 13 states (11 start + 2 goal)
upper_bay_right              rrtc       yes 0.000703      6      166        0   +0.0020     738        -      -        0   +0.0025    7.418    4.170   43.8%    1.0
                             cbf        yes 0.001582      9      282        0   +0.0106    1774   0.0549    25%        0   +0.0025    8.879    6.233   29.8%    5.0
    cbf planner: 66 recorded / 85 rollouts (77.6%), 19 abandoned, 66 ledger-served, 8091 filter calls
    rollout early stops: 25 budget, 10 stalled, 0 tiny-control
    productive samples: rrtc 39/131 (29.8%), cbf 23/24 (95.8%)
    cbf shortcut: 2 accepted from 33 rollouts, 8 pairs screened out, max arrival gap 0.0000 rad
    ! barrier mismatch at goal: exporter +0.0049, here +0.0192

solved: rrtc 4/4, cbf 4/4   median ms over 5 trials: rrtc 2.324, cbf 3.746 (0.62x)
path length over 4 goals both solved, radians: rrtc 32.709 -> 22.429, cbf 36.453 -> 23.085   cbf/rrtc before 1.11x, after 1.03x
0 audited states below the audited margin (cbf row)
