scene clutter   grid results/picard_sliding_benchmark/clutter.grid
field 155x155x158 nodes, voxel 0.0150 m, maxGradientNorm 1.6590
margin 0.0600, interpolation buffer 0.0150, guarded margin 0.0750
CBF kappa 19.800 /s, RRTConnect range 1.500 rad, min progress 0.10
retain partial CBF steering: on
rollout early termination: on, 40-call budget, 3 stalled steps
start barrier h = +0.0127 m
rope shortcut on, delta 0.6500 rad, both rows

goal                         row     solved  seconds   wpts  audited   unsafe     min h   evals rad/call coarse selfcoll  min self     len0     len1    cut%  cutms
Info:    RRTConnect: Starting planning with 1 states already in datastructure
Info:    RRTConnect: Created 7 states (2 start + 5 goal)
Info:    RRTConnect: Starting planning with 1 states already in datastructure
Info:    RRTConnect: Created 8 states (6 start + 2 goal)
Info:    RRTConnect: Starting planning with 1 states already in datastructure
Info:    RRTConnect: Created 15 states (7 start + 8 goal)
Info:    RRTConnect: Starting planning with 1 states already in datastructure
Info:    RRTConnect: Created 7 states (5 start + 2 goal)
Info:    RRTConnect: Starting planning with 1 states already in datastructure
Info:    RRTConnect: Created 7 states (2 start + 5 goal)
Info:    RRTConnect: Starting planning with 1 states already in datastructure
Info:    RRTConnect: Created 11 states (9 start + 2 goal)
Info:    RRTConnect: Starting planning with 1 states already in datastructure
Info:    RRTConnect: Created 7 states (2 start + 5 goal)
Info:    RRTConnect: Starting planning with 1 states already in datastructure
Info:    RRTConnect: Created 5 states (3 start + 2 goal)
Info:    RRTConnect: Starting planning with 1 states already in datastructure
Info:    RRTConnect: Created 7 states (2 start + 5 goal)
Info:    RRTConnect: Starting planning with 1 states already in datastructure
Info:    RRTConnect: Created 7 states (5 start + 2 goal)
high_forward                 rrtc       yes 0.000283      5      167        0   +0.0038     298        -      -        0   +0.0025    5.520    4.198   23.9%    0.5
                             cbf        yes 0.000609      6      191        0   +0.0127     693   0.0556    57%        0   +0.0025    5.645    4.034   28.6%    2.3
    cbf planner: 33 recorded / 34 rollouts (97.1%), 1 abandoned, 33 ledger-served, 4715 filter calls
    rollout early stops: 6 budget, 0 stalled, 0 tiny-control
    productive samples: rrtc 16/52 (30.8%), cbf 6/6 (100.0%)
    cbf shortcut: 1 accepted from 16 rollouts, 6 pairs screened out, max arrival gap 0.0012 rad
Info:    RRTConnect: Starting planning with 1 states already in datastructure
Info:    RRTConnect: Created 9 states (5 start + 4 goal)
Info:    RRTConnect: Starting planning with 1 states already in datastructure
Info:    RRTConnect: Created 6 states (4 start + 2 goal)
Info:    RRTConnect: Starting planning with 1 states already in datastructure
Info:    RRTConnect: Created 10 states (5 start + 5 goal)
Info:    RRTConnect: Starting planning with 1 states already in datastructure
Info:    RRTConnect: Created 7 states (5 start + 2 goal)
Info:    RRTConnect: Starting planning with 1 states already in datastructure
Info:    RRTConnect: Created 34 states (18 start + 16 goal)
Info:    RRTConnect: Starting planning with 1 states already in datastructure
Info:    RRTConnect: Created 8 states (6 start + 2 goal)
Info:    RRTConnect: Starting planning with 1 states already in datastructure
Info:    RRTConnect: Created 38 states (18 start + 20 goal)
Info:    RRTConnect: Starting planning with 1 states already in datastructure
Info:    RRTConnect: Created 17 states (13 start + 4 goal)
Info:    RRTConnect: Starting planning with 1 states already in datastructure
Info:    RRTConnect: Created 64 states (34 start + 30 goal)
Info:    RRTConnect: Starting planning with 1 states already in datastructure
Info:    RRTConnect: Created 9 states (7 start + 2 goal)
behind                       rrtc       yes 0.000332      7      201        0   +0.0004     498        -      -        0   +0.0025    7.922    5.038   36.4%    1.5
                             cbf        yes 0.005474     20      404        0   +0.0127   28351   0.0431    19%        0   +0.0025   16.278    7.891   51.5%  112.2
    cbf planner: 145 recorded / 209 rollouts (69.4%), 64 abandoned, 145 ledger-served, 58588 filter calls
    rollout early stops: 77 budget, 38 stalled, 0 tiny-control
    productive samples: rrtc 22/156 (14.1%), cbf 59/69 (85.5%)
    cbf shortcut: 9 accepted from 662 rollouts, 33 pairs screened out, max arrival gap 0.0020 rad

solved: rrtc 2/2, cbf 2/2   median ms over 5 trials: rrtc 0.332, cbf 5.474 (0.06x)
path length over 2 goals both solved, radians: rrtc 13.442 -> 9.235, cbf 21.923 -> 11.925   cbf/rrtc before 1.63x, after 1.29x
0 audited states below the audited margin (cbf row)
