scene corridor   grid results/picard_sliding_benchmark/corridor.grid
field 155x155x158 nodes, voxel 0.0150 m, maxGradientNorm 1.7169
margin 0.0600, interpolation buffer 0.0150, guarded margin 0.0750
CBF kappa 19.800 /s, RRTConnect range 1.500 rad, min progress 0.10
retain partial CBF steering: on
rollout early termination: on, 40-call budget, 3 stalled steps
start barrier h = +0.0127 m
rope shortcut on, delta 0.6500 rad, both rows

goal                         row     solved  seconds   wpts  audited   unsafe     min h   evals rad/call coarse selfcoll  min self     len0     len1    cut%  cutms
Info:    RRTConnect: Starting planning with 1 states already in datastructure
Info:    RRTConnect: Created 6 states (2 start + 4 goal)
Info:    RRTConnect: Starting planning with 1 states already in datastructure
Info:    RRTConnect: Created 34 states (22 start + 12 goal)
Info:    RRTConnect: Starting planning with 1 states already in datastructure
Info:    RRTConnect: Created 7 states (2 start + 5 goal)
Info:    RRTConnect: Starting planning with 1 states already in datastructure
Info:    RRTConnect: Created 8 states (4 start + 4 goal)
Info:    RRTConnect: Starting planning with 1 states already in datastructure
Info:    RRTConnect: Created 9 states (2 start + 7 goal)
Info:    RRTConnect: Starting planning with 1 states already in datastructure
Info:    RRTConnect: Created 9 states (6 start + 3 goal)
Info:    RRTConnect: Starting planning with 1 states already in datastructure
Info:    RRTConnect: Created 6 states (2 start + 4 goal)
Info:    RRTConnect: Starting planning with 1 states already in datastructure
Info:    RRTConnect: Created 10 states (6 start + 4 goal)
Info:    RRTConnect: Starting planning with 1 states already in datastructure
Info:    RRTConnect: Created 6 states (2 start + 4 goal)
Info:    RRTConnect: Starting planning with 1 states already in datastructure
Info:    RRTConnect: Created 8 states (3 start + 5 goal)
corridor_entrance_from_above rrtc       yes 0.000528      6      200        0   +0.0069     360        -      -        0   +0.0025    7.109    5.017   29.4%    1.1
                             cbf        yes 0.000957      5      271        0   +0.0127    2397   0.0381     0%        0   +0.0025    5.783    5.067   12.4%   11.5
    cbf planner: 24 recorded / 24 rollouts (100.0%), 0 abandoned, 24 ledger-served, 8914 filter calls
    rollout early stops: 14 budget, 0 stalled, 0 tiny-control
    productive samples: rrtc 45/221 (20.4%), cbf 5/5 (100.0%)
    cbf shortcut: 3 accepted from 56 rollouts, 6 pairs screened out, max arrival gap 0.0003 rad
Info:    RRTConnect: Starting planning with 1 states already in datastructure
Info:    RRTConnect: Created 18 states (8 start + 10 goal)
Info:    RRTConnect: Starting planning with 1 states already in datastructure
Info:    RRTConnect: Created 97 states (93 start + 4 goal)
Info:    RRTConnect: Starting planning with 1 states already in datastructure
Info:    RRTConnect: Created 52 states (29 start + 23 goal)
Info:    RRTConnect: Starting planning with 1 states already in datastructure
Info:    RRTConnect: Created 26 states (19 start + 7 goal)
Info:    RRTConnect: Starting planning with 1 states already in datastructure
Info:    RRTConnect: Created 27 states (18 start + 9 goal)
Info:    RRTConnect: Starting planning with 1 states already in datastructure
Info:    RRTConnect: Created 55 states (49 start + 6 goal)
Info:    RRTConnect: Starting planning with 1 states already in datastructure
Info:    RRTConnect: Created 15 states (9 start + 6 goal)
Info:    RRTConnect: Starting planning with 1 states already in datastructure
Info:    RRTConnect: Created 42 states (38 start + 4 goal)
Info:    RRTConnect: Starting planning with 1 states already in datastructure
Info:    RRTConnect: Created 61 states (36 start + 25 goal)
Info:    RRTConnect: Starting planning with 1 states already in datastructure
Info:    RRTConnect: Created 131 states (127 start + 4 goal)
under_the_ceiling            rrtc       yes 0.003974     13      261        0   +0.0008   10127        -      -        0   +0.0025   17.085    6.542   61.7%    1.8
                             cbf        yes 0.005090     29      759        0   +0.0010  359433   0.0369     0%        0   +0.0025   24.497   13.391   45.3% 1234.0
    cbf planner: 163 recorded / 238 rollouts (68.5%), 75 abandoned, 163 ledger-served, 468281 filter calls
    rollout early stops: 134 budget, 26 stalled, 0 tiny-control
    productive samples: rrtc 329/3343 (9.8%), cbf 72/80 (90.0%)
    cbf shortcut: 43 accepted from 8959 rollouts, 274 pairs screened out, max arrival gap 0.0028 rad
Info:    RRTConnect: Starting planning with 1 states already in datastructure
Info:    RRTConnect: Created 63 states (29 start + 34 goal)
Info:    RRTConnect: Starting planning with 1 states already in datastructure
Info:    RRTConnect: Created 46 states (39 start + 7 goal)
Info:    RRTConnect: Starting planning with 1 states already in datastructure
Info:    RRTConnect: Created 24 states (9 start + 15 goal)
Info:    RRTConnect: Starting planning with 1 states already in datastructure
Info:    RRTConnect: Created 58 states (54 start + 4 goal)
Info:    RRTConnect: Starting planning with 1 states already in datastructure
Info:    RRTConnect: Created 32 states (14 start + 18 goal)
Info:    RRTConnect: Starting planning with 1 states already in datastructure
Info:    RRTConnect: Created 226 states (222 start + 4 goal)
Info:    RRTConnect: Starting planning with 1 states already in datastructure
Info:    RRTConnect: Created 20 states (10 start + 10 goal)
Info:    RRTConnect: Starting planning with 1 states already in datastructure
Info:    RRTConnect: Created 1054 states (1049 start + 5 goal)
Info:    RRTConnect: Starting planning with 1 states already in datastructure
Info:    RRTConnect: Created 61 states (31 start + 30 goal)
Info:    RRTConnect: Starting planning with 1 states already in datastructure
Info:    RRTConnect: Created 223 states (220 start + 3 goal)
far_end_under_the_ceiling    rrtc       yes 0.017450     13      228        0   +0.0127   18488        -      -        0   +0.0025   16.728    5.710   65.9%    1.4
                             cbf        yes 0.005575     15      432        0   +0.0127   29097   0.0319     0%        0   +0.0025   12.977    7.163   44.8%   90.5
    cbf planner: 190 recorded / 262 rollouts (72.5%), 72 abandoned, 190 ledger-served, 451023 filter calls
    rollout early stops: 152 budget, 27 stalled, 0 tiny-control
    productive samples: rrtc 1585/24865 (6.4%), cbf 74/77 (96.1%)
    cbf shortcut: 12 accepted from 670 rollouts, 49 pairs screened out, max arrival gap 0.0008 rad
    ! barrier mismatch at goal: exporter +0.0075, here +0.0227

solved: rrtc 3/3, cbf 3/3   median ms over 5 trials: rrtc 3.974, cbf 5.090 (0.78x)
path length over 3 goals both solved, radians: rrtc 40.922 -> 17.269, cbf 43.256 -> 25.621   cbf/rrtc before 1.06x, after 1.48x
0 audited states below the audited margin (cbf row)
