scene pillars   grid results/picard_sliding_benchmark/pillars.grid
field 155x155x158 nodes, voxel 0.0150 m, maxGradientNorm 1.7157
margin 0.0600, interpolation buffer 0.0150, guarded margin 0.0750
CBF kappa 19.800 /s, RRTConnect range 1.500 rad, min progress 0.10
retain partial CBF steering: on
rollout early termination: on, 40-call budget, 3 stalled steps
start barrier h = +0.0127 m
rope shortcut on, delta 0.6500 rad, both rows

goal                         row     solved  seconds   wpts  audited   unsafe     min h   evals rad/call coarse selfcoll  min self     len0     len1    cut%  cutms
Info:    RRTConnect: Starting planning with 1 states already in datastructure
Info:    RRTConnect: Created 8 states (4 start + 4 goal)
Info:    RRTConnect: Starting planning with 1 states already in datastructure
Info:    RRTConnect: Created 9 states (4 start + 5 goal)
Info:    RRTConnect: Starting planning with 1 states already in datastructure
Info:    RRTConnect: Created 7 states (2 start + 5 goal)
Info:    RRTConnect: Starting planning with 1 states already in datastructure
Info:    RRTConnect: Created 7 states (2 start + 5 goal)
Info:    RRTConnect: Starting planning with 1 states already in datastructure
Info:    RRTConnect: Created 7 states (2 start + 5 goal)
Info:    RRTConnect: Starting planning with 1 states already in datastructure
Info:    RRTConnect: Created 7 states (2 start + 5 goal)
Info:    RRTConnect: Starting planning with 1 states already in datastructure
Info:    RRTConnect: Created 6 states (2 start + 4 goal)
Info:    RRTConnect: Starting planning with 1 states already in datastructure
Info:    RRTConnect: Created 6 states (2 start + 4 goal)
Info:    RRTConnect: Starting planning with 1 states already in datastructure
Info:    RRTConnect: Created 7 states (2 start + 5 goal)
Info:    RRTConnect: Starting planning with 1 states already in datastructure
Info:    RRTConnect: Created 7 states (2 start + 5 goal)
between_posts_right          rrtc       yes 0.000251      6      177        0   +0.0125     250        -      -        0   +0.0025    6.054    4.448   26.5%    0.3
                             cbf        yes 0.000626      6      256        0   +0.0127    3291   0.0361     0%        0   +0.0025    6.054    4.776   21.1%   10.7
    cbf planner: 25 recorded / 26 rollouts (96.2%), 1 abandoned, 25 ledger-served, 19425 filter calls
    rollout early stops: 14 budget, 0 stalled, 0 tiny-control
    productive samples: rrtc 7/9 (77.8%), cbf 6/6 (100.0%)
    cbf shortcut: 5 accepted from 79 rollouts, 9 pairs screened out, max arrival gap 0.0000 rad
Info:    RRTConnect: Starting planning with 1 states already in datastructure
Info:    RRTConnect: Created 7 states (2 start + 5 goal)
Info:    RRTConnect: Starting planning with 1 states already in datastructure
Info:    RRTConnect: Created 7 states (2 start + 5 goal)
Info:    RRTConnect: Starting planning with 1 states already in datastructure
Info:    RRTConnect: Created 6 states (2 start + 4 goal)
Info:    RRTConnect: Starting planning with 1 states already in datastructure
Info:    RRTConnect: Created 6 states (2 start + 4 goal)
Info:    RRTConnect: Starting planning with 1 states already in datastructure
Info:    RRTConnect: Created 7 states (2 start + 5 goal)
Info:    RRTConnect: Starting planning with 1 states already in datastructure
Info:    RRTConnect: Created 6 states (4 start + 2 goal)
Info:    RRTConnect: Starting planning with 1 states already in datastructure
Info:    RRTConnect: Created 7 states (2 start + 5 goal)
Info:    RRTConnect: Starting planning with 1 states already in datastructure
Info:    RRTConnect: Created 6 states (2 start + 4 goal)
Info:    RRTConnect: Starting planning with 1 states already in datastructure
Info:    RRTConnect: Created 6 states (2 start + 4 goal)
Info:    RRTConnect: Starting planning with 1 states already in datastructure
Info:    RRTConnect: Created 6 states (2 start + 4 goal)
between_posts_left           rrtc       yes 0.000218      5      170        0   +0.0127     215        -      -        0   +0.0025    5.205    4.264   18.1%    0.3
                             cbf        yes 0.000547      5      256        0   +0.0127    1960   0.0343     0%        0   +0.0025    5.205    4.781    8.1%    6.2
    cbf planner: 23 recorded / 23 rollouts (100.0%), 0 abandoned, 23 ledger-served, 10330 filter calls
    rollout early stops: 7 budget, 0 stalled, 0 tiny-control
    productive samples: rrtc 5/6 (83.3%), cbf 5/5 (100.0%)
    cbf shortcut: 2 accepted from 46 rollouts, 6 pairs screened out, max arrival gap 0.0000 rad
Info:    RRTConnect: Starting planning with 1 states already in datastructure
Info:    RRTConnect: Created 5 states (2 start + 3 goal)
Info:    RRTConnect: Starting planning with 1 states already in datastructure
Info:    RRTConnect: Created 6 states (2 start + 4 goal)
Info:    RRTConnect: Starting planning with 1 states already in datastructure
Info:    RRTConnect: Created 6 states (2 start + 4 goal)
Info:    RRTConnect: Starting planning with 1 states already in datastructure
Info:    RRTConnect: Created 6 states (2 start + 4 goal)
Info:    RRTConnect: Starting planning with 1 states already in datastructure
Info:    RRTConnect: Created 5 states (2 start + 3 goal)
Info:    RRTConnect: Starting planning with 1 states already in datastructure
Info:    RRTConnect: Created 5 states (2 start + 3 goal)
Info:    RRTConnect: Starting planning with 1 states already in datastructure
Info:    RRTConnect: Created 6 states (2 start + 4 goal)
Info:    RRTConnect: Starting planning with 1 states already in datastructure
Info:    RRTConnect: Created 6 states (2 start + 4 goal)
Info:    RRTConnect: Starting planning with 1 states already in datastructure
Info:    RRTConnect: Created 6 states (2 start + 4 goal)
Info:    RRTConnect: Starting planning with 1 states already in datastructure
Info:    RRTConnect: Created 5 states (2 start + 3 goal)
far_side_low                 rrtc       yes 0.000182      4      100        0   +0.0127     182        -      -        0   +0.0025    4.401    2.520   42.7%    0.2
                             cbf        yes 0.000428      5      193        0   +0.0127     926   0.0320     0%        0   +0.0025    4.401    2.961   32.7%    2.7
    cbf planner: 18 recorded / 18 rollouts (100.0%), 0 abandoned, 18 ledger-served, 3154 filter calls
    rollout early stops: 7 budget, 0 stalled, 0 tiny-control
    productive samples: rrtc 5/5 (100.0%), cbf 5/5 (100.0%)
    cbf shortcut: 2 accepted from 20 rollouts, 6 pairs screened out, max arrival gap 0.0000 rad
Info:    RRTConnect: Starting planning with 1 states already in datastructure
Info:    RRTConnect: Created 6 states (2 start + 4 goal)
Info:    RRTConnect: Starting planning with 1 states already in datastructure
Info:    RRTConnect: Created 6 states (2 start + 4 goal)
Info:    RRTConnect: Starting planning with 1 states already in datastructure
Info:    RRTConnect: Created 7 states (2 start + 5 goal)
Info:    RRTConnect: Starting planning with 1 states already in datastructure
Info:    RRTConnect: Created 7 states (2 start + 5 goal)
Info:    RRTConnect: Starting planning with 1 states already in datastructure
Info:    RRTConnect: Created 6 states (2 start + 4 goal)
Info:    RRTConnect: Starting planning with 1 states already in datastructure
Info:    RRTConnect: Created 5 states (2 start + 3 goal)
Info:    RRTConnect: Starting planning with 1 states already in datastructure
Info:    RRTConnect: Created 6 states (2 start + 4 goal)
Info:    RRTConnect: Starting planning with 1 states already in datastructure
Info:    RRTConnect: Created 6 states (4 start + 2 goal)
Info:    RRTConnect: Starting planning with 1 states already in datastructure
Info:    RRTConnect: Created 6 states (2 start + 4 goal)
Info:    RRTConnect: Starting planning with 1 states already in datastructure
Info:    RRTConnect: Created 7 states (3 start + 4 goal)
behind_the_field             rrtc       yes 0.000204      5      140        0   +0.0127     288        -      -        0   +0.0025    5.508    3.506   36.3%    0.3
                             cbf        yes 0.000514      5      227        0   +0.0127    1222   0.0352     0%        0   +0.0025    4.899    3.734   23.8%    3.6
    cbf planner: 21 recorded / 21 rollouts (100.0%), 0 abandoned, 21 ledger-served, 7013 filter calls
    rollout early stops: 11 budget, 0 stalled, 0 tiny-control
    productive samples: rrtc 7/10 (70.0%), cbf 5/5 (100.0%)
    cbf shortcut: 3 accepted from 27 rollouts, 4 pairs screened out, max arrival gap 0.0000 rad

solved: rrtc 4/4, cbf 4/4   median ms over 5 trials: rrtc 0.218, cbf 0.547 (0.40x)
path length over 4 goals both solved, radians: rrtc 21.168 -> 14.738, cbf 20.559 -> 16.253   cbf/rrtc before 0.97x, after 1.10x
0 audited states below the audited margin (cbf row)
