scene shelf   grid results/picard_sliding_benchmark/shelf.grid
field 155x155x158 nodes, voxel 0.0150 m, maxGradientNorm 1.6668
margin 0.0600, interpolation buffer 0.0150, guarded margin 0.0750
CBF kappa 19.800 /s, RRTConnect range 1.500 rad, min progress 0.10
retain partial CBF steering: on
rollout early termination: on, 40-call budget, 3 stalled steps
start barrier h = +0.0127 m
rope shortcut on, delta 0.6500 rad, both rows

goal                         row     solved  seconds   wpts  audited   unsafe     min h   evals rad/call coarse selfcoll  min self     len0     len1    cut%  cutms
Info:    RRTConnect: Starting planning with 1 states already in datastructure
Info:    RRTConnect: Created 37 states (20 start + 17 goal)
Info:    RRTConnect: Starting planning with 1 states already in datastructure
Info:    RRTConnect: Created 32 states (30 start + 2 goal)
Info:    RRTConnect: Starting planning with 1 states already in datastructure
Info:    RRTConnect: Created 33 states (20 start + 13 goal)
Info:    RRTConnect: Starting planning with 1 states already in datastructure
Info:    RRTConnect: Created 37 states (29 start + 8 goal)
Info:    RRTConnect: Starting planning with 1 states already in datastructure
Info:    RRTConnect: Created 31 states (15 start + 16 goal)
Info:    RRTConnect: Starting planning with 1 states already in datastructure
Info:    RRTConnect: Created 26 states (24 start + 2 goal)
Info:    RRTConnect: Starting planning with 1 states already in datastructure
Info:    RRTConnect: Created 36 states (19 start + 17 goal)
Info:    RRTConnect: Starting planning with 1 states already in datastructure
Info:    RRTConnect: Created 33 states (28 start + 5 goal)
Info:    RRTConnect: Starting planning with 1 states already in datastructure
Info:    RRTConnect: Created 38 states (24 start + 14 goal)
Info:    RRTConnect: Starting planning with 1 states already in datastructure
Info:    RRTConnect: Created 15 states (10 start + 5 goal)
lower_bay_left               rrtc       yes 0.002101      7      204        0   +0.0127     814        -      -        0   +0.0025    8.719    5.105   41.5%    0.9
                             cbf        yes 0.007716     19      442        0   +0.0020   21241   0.0404    13%        0   +0.0025   13.529    8.275   38.8%   88.7
    cbf planner: 165 recorded / 246 rollouts (67.1%), 81 abandoned, 165 ledger-served, 70726 filter calls
    rollout early stops: 75 budget, 62 stalled, 0 tiny-control
    productive samples: rrtc 118/651 (18.1%), cbf 73/86 (84.9%)
    cbf shortcut: 7 accepted from 535 rollouts, 44 pairs screened out, max arrival gap 0.0015 rad
    ! barrier mismatch at goal: exporter +0.0052, here +0.0201
Info:    RRTConnect: Starting planning with 1 states already in datastructure
Info:    RRTConnect: Created 10 states (6 start + 4 goal)
Info:    RRTConnect: Starting planning with 1 states already in datastructure
Info:    RRTConnect: Created 30 states (27 start + 3 goal)
Info:    RRTConnect: Starting planning with 1 states already in datastructure
Info:    RRTConnect: Created 25 states (14 start + 11 goal)
Info:    RRTConnect: Starting planning with 1 states already in datastructure
Info:    RRTConnect: Created 11 states (7 start + 4 goal)
Info:    RRTConnect: Starting planning with 1 states already in datastructure
Info:    RRTConnect: Created 24 states (15 start + 9 goal)
Info:    RRTConnect: Starting planning with 1 states already in datastructure
Info:    RRTConnect: Created 35 states (32 start + 3 goal)
Info:    RRTConnect: Starting planning with 1 states already in datastructure
Info:    RRTConnect: Created 18 states (11 start + 7 goal)
Info:    RRTConnect: Starting planning with 1 states already in datastructure
Info:    RRTConnect: Created 41 states (38 start + 3 goal)
Info:    RRTConnect: Starting planning with 1 states already in datastructure
Info:    RRTConnect: Created 20 states (11 start + 9 goal)
Info:    RRTConnect: Starting planning with 1 states already in datastructure
Info:    RRTConnect: Created 115 states (113 start + 2 goal)
lower_bay_right              rrtc       yes 0.002355     13      191        0   +0.0102    8453        -      -        0   +0.0025   16.842    4.777   71.6%    1.5
                             cbf        yes 0.003955     12      341        0   +0.0127   23063   0.0486    18%        0   +0.0025   10.825    6.811   37.1%   99.0
    cbf planner: 87 recorded / 127 rollouts (68.5%), 40 abandoned, 87 ledger-served, 51436 filter calls
    rollout early stops: 27 budget, 18 stalled, 0 tiny-control
    productive samples: rrtc 210/1582 (13.3%), cbf 39/45 (86.7%)
    cbf shortcut: 13 accepted from 586 rollouts, 48 pairs screened out, max arrival gap 0.0018 rad
    ! barrier mismatch at goal: exporter +0.0049, here +0.0199
Info:    RRTConnect: Starting planning with 1 states already in datastructure
Info:    RRTConnect: Created 8 states (2 start + 6 goal)
Info:    RRTConnect: Starting planning with 1 states already in datastructure
Info:    RRTConnect: Created 30 states (24 start + 6 goal)
Info:    RRTConnect: Starting planning with 1 states already in datastructure
Info:    RRTConnect: Created 7 states (2 start + 5 goal)
Info:    RRTConnect: Starting planning with 1 states already in datastructure
Info:    RRTConnect: Created 12 states (10 start + 2 goal)
Info:    RRTConnect: Starting planning with 1 states already in datastructure
Info:    RRTConnect: Created 8 states (2 start + 6 goal)
Info:    RRTConnect: Starting planning with 1 states already in datastructure
Info:    RRTConnect: Created 15 states (11 start + 4 goal)
Info:    RRTConnect: Starting planning with 1 states already in datastructure
Info:    RRTConnect: Created 8 states (2 start + 6 goal)
Info:    RRTConnect: Starting planning with 1 states already in datastructure
Info:    RRTConnect: Created 43 states (37 start + 6 goal)
Info:    RRTConnect: Starting planning with 1 states already in datastructure
Info:    RRTConnect: Created 8 states (2 start + 6 goal)
Info:    RRTConnect: Starting planning with 1 states already in datastructure
Info:    RRTConnect: Created 19 states (17 start + 2 goal)
upper_bay_left               rrtc       yes 0.001077      7      197        0   +0.0058    1111        -      -        0   +0.0025    8.490    4.928   42.0%    0.8
                             cbf        yes 0.000784      7      221        0   +0.0127    2444   0.0491    24%        0   +0.0025    6.343    4.357   31.3%    9.8
    cbf planner: 29 recorded / 29 rollouts (100.0%), 0 abandoned, 29 ledger-served, 9418 filter calls
    rollout early stops: 8 budget, 0 stalled, 0 tiny-control
    productive samples: rrtc 91/540 (16.9%), cbf 5/5 (100.0%)
    cbf shortcut: 5 accepted from 62 rollouts, 8 pairs screened out, max arrival gap 0.0009 rad
    ! barrier mismatch at goal: exporter +0.0049, here +0.0192
Info:    RRTConnect: Starting planning with 1 states already in datastructure
Info:    RRTConnect: Created 10 states (5 start + 5 goal)
Info:    RRTConnect: Starting planning with 1 states already in datastructure
Info:    RRTConnect: Created 14 states (10 start + 4 goal)
Info:    RRTConnect: Starting planning with 1 states already in datastructure
Info:    RRTConnect: Created 6 states (2 start + 4 goal)
Info:    RRTConnect: Starting planning with 1 states already in datastructure
Info:    RRTConnect: Created 8 states (6 start + 2 goal)
Info:    RRTConnect: Starting planning with 1 states already in datastructure
Info:    RRTConnect: Created 10 states (2 start + 8 goal)
Info:    RRTConnect: Starting planning with 1 states already in datastructure
Info:    RRTConnect: Created 11 states (9 start + 2 goal)
Info:    RRTConnect: Starting planning with 1 states already in datastructure
Info:    RRTConnect: Created 8 states (2 start + 6 goal)
Info:    RRTConnect: Starting planning with 1 states already in datastructure
Info:    RRTConnect: Created 12 states (9 start + 3 goal)
Info:    RRTConnect: Starting planning with 1 states already in datastructure
Info:    RRTConnect: Created 10 states (2 start + 8 goal)
Info:    RRTConnect: Starting planning with 1 states already in datastructure
Info:    RRTConnect: Created 13 states (11 start + 2 goal)
upper_bay_right              rrtc       yes 0.000684      7      192        1   -0.0000     808        -      -        0   +0.0025    8.481    4.807   43.3%    0.7
                             cbf        yes 0.000878      9      234        0   +0.0124    1202   0.0528    29%        0   +0.0025    7.157    4.432   38.1%    4.2
    cbf planner: 34 recorded / 35 rollouts (97.1%), 1 abandoned, 34 ledger-served, 7875 filter calls
    rollout early stops: 7 budget, 0 stalled, 0 tiny-control
    productive samples: rrtc 38/162 (23.5%), cbf 6/6 (100.0%)
    cbf shortcut: 2 accepted from 39 rollouts, 4 pairs screened out, max arrival gap 0.0004 rad
    ! barrier mismatch at goal: exporter +0.0049, here +0.0192

solved: rrtc 4/4, cbf 4/4   median ms over 5 trials: rrtc 2.101, cbf 3.955 (0.53x)
path length over 4 goals both solved, radians: rrtc 42.532 -> 19.616, cbf 37.854 -> 23.875   cbf/rrtc before 0.89x, after 1.22x
0 audited states below the audited margin (cbf row)
