
MotionBenchMaker UR5, 689 problems loaded, up to 100 per scene
voxel 0.003 m, margin 0.0030 m + 0.0000 m filter buffer, stepSize 0.001 s, range 2.00 rad, 10.0 s limit

hop certificates: old L1 Lipschitz region and new hold-time bound
Picard: off; trajectory prefixes: 0; sequential rollout budget: 10000 calls
kappa 20.00 /s, certified step uncapped, self-collision margin 0.0000 m over 303 pairs
baseline segment: 0.000650 of extent = 0.0100 rad, rollout step 0.0100 rad (matched to the rollout)
rope shortcut off, all rows unsimplified

seed 1
  planner       solved ms(min/med/max)        samples vertices     path rad/call coarse  worst clr unsafe/audited missed worst self collide

bookshelf_small  (14 problems, 1 skipped: 1 clearance, 0 self-collision)
  rrtconnect   12/13      2.06/35.28/10000.17       9265       46    13.45        -      -     0.0002      0/7965         0     0.0025       0
      primary samples 258, productive 42 (16.3%), vertices/sample 0.167
  qp-fixed     12/13      2.90/10.65/10001.53       1167       11    10.24   0.0114     0%    -0.0047    164/10997        0     0.0025       0
      primary samples 3, productive 3 (100.0%), vertices/sample 4.500
      qp 283.2 rows/call, 68% of calls reached the solver, 1058346 calls
  qp-plain     12/13      3.34/11.55/10002.12       1167       11    10.24   0.0114     0%    -0.0047    164/10997        0     0.0025       0
      primary samples 3, productive 3 (100.0%), vertices/sample 4.500
      qp 343.0 rows/call, 100% of calls reached the solver, 1057753 calls
  qp-adapt     12/13      0.31/5.12/10002.70        476       11     9.55   0.0218    33%    -0.0052    166/8835         0     0.0025       0
      primary samples 2, productive 2 (100.0%), vertices/sample 5.000
      qp 298.1 rows/call, 92% of calls reached the solver, 992737 calls
  qp-free      12/13      3.02/231.67/10001.29      27605       71    16.48   0.0042     0%     0.0010      0/16844        0     0.0025       0
      primary samples 258, productive 67 (26.0%), vertices/sample 0.275
  free-env     12/13      0.35/32.79/10000.12       1654       63    18.49   0.0654    95%     0.0002      0/10182        0     0.0025       0
      primary samples 275, productive 58 (21.1%), vertices/sample 0.272
  qp-env       12/13      0.24/3.99/10000.94        338       11    10.26   0.0338    31%    -0.0061    166/8304         0     0.0025       0
      primary samples 3, productive 3 (100.0%), vertices/sample 4.500
      qp 298.6 rows/call, 93% of calls reached the solver, 984348 calls

bookshelf_tall  (14 problems, 4 skipped: 0 clearance, 4 self-collision)
  rrtconnect    9/10      6.00/94.41/10000.52      11805       60    14.65        -      -     0.0000      0/6450         0     0.0025       0
      primary samples 412, productive 56 (13.6%), vertices/sample 0.157
  qp-fixed      9/10      3.75/17.94/10001.54       1379       18    10.48   0.0110     0%    -0.0001     19/6927         0     0.0025       0
      primary samples 4, productive 3 (75.0%), vertices/sample 5.000
      qp 283.5 rows/call, 83% of calls reached the solver, 725275 calls
  qp-plain      9/10      3.88/18.45/10000.26       1379       18    10.48   0.0110     0%    -0.0001     19/6927         0     0.0025       0
      primary samples 4, productive 3 (75.0%), vertices/sample 5.000
      qp 343.0 rows/call, 100% of calls reached the solver, 727959 calls
  qp-adapt      9/10      1.78/11.52/10000.93        806       19    10.48   0.0210    33%    -0.0001     19/5886         0     0.0025       0
      primary samples 4, productive 3 (75.0%), vertices/sample 4.750
      qp 300.0 rows/call, 96% of calls reached the solver, 694243 calls
  qp-free       9/10     22.89/328.17/10000.79      29005       66    14.29   0.0038     0%     0.0000      0/14814        0     0.0025       0
      primary samples 284, productive 59 (20.8%), vertices/sample 0.288
  free-env      9/10      3.69/43.39/10000.08       1396       57    15.43   0.0690    94%     0.0000      0/7753         0     0.0025       0
      primary samples 208, productive 43 (20.7%), vertices/sample 0.274
  qp-env        9/10      0.83/7.97/10002.17        517       16    10.49   0.0400    23%    -0.0001     19/5274         0     0.0025       0
      primary samples 4, productive 3 (75.0%), vertices/sample 4.500
      qp 300.6 rows/call, 98% of calls reached the solver, 689510 calls

bookshelf_thin  (14 problems, 6 skipped: 1 clearance, 5 self-collision)
  rrtconnect    7/8      26.23/146.26/10000.75      15093       75    15.39        -      -     0.0004      0/5069         0     0.0025       0
      primary samples 486, productive 71 (14.6%), vertices/sample 0.219
  qp-fixed      7/8       5.56/17.99/10002.16       1249       10     7.04   0.0121     0%     0.0001      0/5053         0     0.0025       0
      primary samples 3, productive 3 (100.0%), vertices/sample 6.000
      qp 270.2 rows/call, 58% of calls reached the solver, 656440 calls
  qp-plain      7/8       5.84/18.96/10001.56       1249       10     7.04   0.0121     0%     0.0001      0/5053         0     0.0025       0
      primary samples 3, productive 3 (100.0%), vertices/sample 6.000
      qp 343.0 rows/call, 100% of calls reached the solver, 652754 calls
  qp-adapt      7/8       2.58/11.05/10003.42        609       10     7.07   0.0280    30%     0.0001      0/4268         0     0.0025       0
      primary samples 3, productive 3 (100.0%), vertices/sample 6.000
      qp 280.4 rows/call, 87% of calls reached the solver, 628638 calls
  qp-free       7/8      58.66/245.99/10000.38      17090       54    15.80   0.0047     0%     0.0002      0/9851         0     0.0025       0
      primary samples 160, productive 48 (30.0%), vertices/sample 0.356
  free-env      7/8      10.87/43.57/10000.07       1001       42    17.34   0.0721    96%     0.0000      0/6405         0     0.0025       0
      primary samples 134, productive 36 (26.9%), vertices/sample 0.313
  qp-env        7/8       2.58/9.51/10000.03        508       12     7.12   0.0309    23%     0.0001      0/3795         0     0.0025       0
      primary samples 3, productive 3 (100.0%), vertices/sample 6.000
      qp 282.9 rows/call, 93% of calls reached the solver, 627020 calls

box  (14 problems, 0 skipped: 0 clearance, 0 self-collision)
  rrtconnect   14/14      3.87/7.44/19.98         2063       12    13.97        -      -     0.0014      0/9177         0     0.0025       0
      primary samples 40, productive 9 (22.5%), vertices/sample 0.377
  qp-fixed     14/14      3.24/7.43/86.69          905       12     8.10   0.0118     0%     0.0001      0/12080        0     0.0025       0
      primary samples 2, productive 2 (100.0%), vertices/sample 4.000
      qp 251.4 rows/call, 59% of calls reached the solver, 24661 calls
  qp-plain     14/14      3.88/8.22/91.26          905       12     8.10   0.0118     0%     0.0001      0/12080        0     0.0025       0
      primary samples 2, productive 2 (100.0%), vertices/sample 4.000
      qp 343.0 rows/call, 100% of calls reached the solver, 24661 calls
  qp-adapt     14/14      0.83/3.52/61.80          353       12     8.10   0.0436    63%     0.0001      0/9560         0     0.0025       0
      primary samples 2, productive 2 (100.0%), vertices/sample 4.000
      qp 273.9 rows/call, 88% of calls reached the solver, 12543 calls
  qp-free      14/14     15.16/66.99/192.49        8996       28    13.15   0.0048     0%     0.0006      0/19075        0     0.0025       0
      primary samples 50, productive 21 (42.0%), vertices/sample 0.543
  free-env     14/14      2.67/9.62/26.26          538       32    15.16   0.0805    92%     0.0000      0/11638        0     0.0025       0
      primary samples 49, productive 19 (38.8%), vertices/sample 0.600
  qp-env       14/14      0.44/2.50/12.02          240       11     8.10   0.0800    48%     0.0001      0/8229         0     0.0025       0
      primary samples 2, productive 2 (100.0%), vertices/sample 4.600
      qp 278.3 rows/call, 91% of calls reached the solver, 4316 calls

cage  (14 problems, 0 skipped: 0 clearance, 0 self-collision)
  rrtconnect   14/14     79.93/414.25/1621.99     104410      610    22.41        -      -     0.0001      0/14786        0     0.0000       0
      primary samples 5622, productive 607 (10.8%), vertices/sample 0.111
  qp-fixed     14/14     10.96/139.00/580.16       14000       72    20.65   0.0088     0%    -0.0028     85/24728        0     0.0025       0
      primary samples 52, productive 40 (76.9%), vertices/sample 1.556
      qp 267.2 rows/call, 91% of calls reached the solver, 260034 calls
  qp-plain     14/14     11.27/141.43/605.89       14000       72    20.65   0.0088     0%    -0.0028     85/24728        0     0.0025       0
      primary samples 52, productive 40 (76.9%), vertices/sample 1.556
      qp 343.0 rows/call, 100% of calls reached the solver, 260034 calls
  qp-adapt     14/14      5.99/117.84/621.90       11391       95    21.31   0.0132    27%    -0.0095    294/20621        0     0.0025       0
      primary samples 62, productive 49 (79.0%), vertices/sample 1.556
      qp 267.5 rows/call, 98% of calls reached the solver, 248389 calls
  qp-free      13/14   1290.87/3614.80/10000.06     433938      766    25.69   0.0028     0%     0.0016      0/34282        0     0.0025       0
      primary samples 3675, productive 739 (20.1%), vertices/sample 0.191
  free-env     14/14    168.61/417.80/1883.00      21019      637    23.56   0.0521    90%     0.0001      0/17879        0     0.0025       0
      primary samples 3517, productive 608 (17.3%), vertices/sample 0.181
  qp-env       14/14      4.94/82.75/504.06        7626       92    21.31   0.0195    19%    -0.0000     30/17794        0     0.0025       0
      primary samples 62, productive 48 (77.4%), vertices/sample 1.539
      qp 264.8 rows/call, 99% of calls reached the solver, 177457 calls

table_pick  (14 problems, 0 skipped: 0 clearance, 0 self-collision)
  rrtconnect   14/14      4.96/15.55/82.03         2798       16    11.22        -      -     0.0002      0/7772         0     0.0025       0
      primary samples 42, productive 12 (28.6%), vertices/sample 0.450
  qp-fixed     14/14      3.81/6.61/41.66          695        7     7.75   0.0119     0%     0.0001      0/9376         0     0.0025       0
      primary samples 1, productive 1 (100.0%), vertices/sample 7.000
      qp 256.3 rows/call, 50% of calls reached the solver, 12196 calls
  qp-plain     14/14      4.45/7.23/42.44          695        7     7.75   0.0119     0%     0.0001      0/9376         0     0.0025       0
      primary samples 1, productive 1 (100.0%), vertices/sample 7.000
      qp 343.0 rows/call, 100% of calls reached the solver, 12196 calls
  qp-adapt     14/14      0.59/2.69/30.01          247        7     7.78   0.0349    47%     0.0001      0/7277         0     0.0025       0
      primary samples 1, productive 1 (100.0%), vertices/sample 7.000
      qp 276.2 rows/call, 88% of calls reached the solver, 6024 calls
  qp-free      14/14      7.92/58.34/399.13        6208       21    11.37   0.0063     0%     0.0009      0/14001        0     0.0025       0
      primary samples 53, productive 16 (30.2%), vertices/sample 0.547
  free-env     14/14      1.22/10.09/83.11          388       21    12.45   0.1011    96%     0.0002      0/8586         0     0.0025       0
      primary samples 54, productive 15 (27.8%), vertices/sample 0.500
  qp-env       14/14      0.42/2.08/19.55          177        7     8.18   0.0582    57%    -0.0000      2/6886         0     0.0025       0
      primary samples 1, productive 1 (100.0%), vertices/sample 7.000
      qp 276.5 rows/call, 91% of calls reached the solver, 3614 calls

table_under_pick  (14 problems, 4 skipped: 0 clearance, 4 self-collision)
  rrtconnect    9/10      7.63/19.27/10000.29       3450       19    14.14        -      -     0.0008      0/6735         0     0.0025       0
      primary samples 57, productive 14 (24.6%), vertices/sample 0.333
  qp-fixed      9/10      7.63/44.96/10000.01       3950       33    13.38   0.0102     0%    -0.0002     49/13507        0     0.0025       0
      primary samples 13, productive 13 (100.0%), vertices/sample 2.400
      qp 272.4 rows/call, 89% of calls reached the solver, 876941 calls
  qp-plain      9/10      7.90/45.49/10000.02       3950       33    13.38   0.0102     0%    -0.0002     49/13507        0     0.0025       0
      primary samples 13, productive 13 (100.0%), vertices/sample 2.400
      qp 343.0 rows/call, 100% of calls reached the solver, 884626 calls
  qp-adapt      9/10      3.98/34.92/10003.39       2938       32    13.38   0.0137    29%    -0.0002     49/11932        0     0.0025       0
      primary samples 13, productive 13 (100.0%), vertices/sample 2.400
      qp 278.4 rows/call, 95% of calls reached the solver, 826009 calls
  qp-free       9/10     27.90/91.44/10000.06       9774       29    14.38   0.0049     0%     0.0014      0/12784        0     0.0025       0
      primary samples 77, productive 22 (28.6%), vertices/sample 0.460
  free-env      9/10      4.56/9.81/10000.01        365       24    14.87   0.0863    96%     0.0004      0/7136         0     0.0025       0
      primary samples 58, productive 17 (29.3%), vertices/sample 0.500
  qp-env        9/10      3.02/26.50/10000.71       2157       33    13.33   0.0198    26%    -0.0006     63/10059        0     0.0025       0
      primary samples 13, productive 13 (100.0%), vertices/sample 2.400
      qp 274.4 rows/call, 97% of calls reached the solver, 819820 calls

Hop disposition -- what set the hop's length, median over problems.
  row         floored(<1 step)    at region   edge-limited
  qp-fixed            100.0%         0.0%           0.0%
  qp-plain            100.0%         0.0%           0.0%
  qp-adapt             67.1%        31.8%           1.0%
  qp-free             100.0%         0.0%           0.0%
  free-env              2.6%        83.9%          12.6%
  qp-env               73.3%        24.8%           1.8%

Endpoint clearance at zero margin -- min(start, goal) over all spheres.
  scene                     min    median       max affordable   problems by margin
  bookshelf_small        0.0027    0.0063    0.0102    0.0027   0:100% 0.02:  0% 0.04:  0% 0.06:  0% 0.09:  0%
  bookshelf_tall        -0.0224    0.0057    0.0110   -0.0224   0: 71% 0.02:  0% 0.04:  0% 0.06:  0% 0.09:  0%
  bookshelf_thin        -0.0211    0.0044    0.0103   -0.0211   0: 64% 0.02:  0% 0.04:  0% 0.06:  0% 0.09:  0%
  box                    0.0127    0.0127    0.0127    0.0127   0:100% 0.02:  0% 0.04:  0% 0.06:  0% 0.09:  0%
  cage                   0.0126    0.0127    0.0127    0.0126   0:100% 0.02:  0% 0.04:  0% 0.06:  0% 0.09:  0%
  table_pick             0.0076    0.0081    0.0082    0.0076   0:100% 0.02:  0% 0.04:  0% 0.06:  0% 0.09:  0%
  table_under_pick      -0.0221    0.0079    0.0082   -0.0221   0: 71% 0.02:  0% 0.04:  0% 0.06:  0% 0.09:  0%

all scenes  (98 problems, 15 skipped: 2 clearance, 13 self-collision)
  rrtconnect   79/83      2.06/31.82/10000.75       5494       29    14.14        -      -     0.0000      0/57954        0     0.0000       0
      primary samples 135, productive 24 (17.8%), vertices/sample 0.216
  qp-fixed     79/83      2.90/14.15/10002.16       1379       12    10.44   0.0110     0%    -0.0047    317/82668        0     0.0025       0
      primary samples 3, productive 3 (100.0%), vertices/sample 4.000
      qp 266.8 rows/call, 70% of calls reached the solver, 3613893 calls
  qp-plain     79/83      3.34/14.48/10002.12       1379       12    10.44   0.0110     0%    -0.0047    317/82668        0     0.0025       0
      primary samples 3, productive 3 (100.0%), vertices/sample 4.000
      qp 343.0 rows/call, 100% of calls reached the solver, 3619983 calls
  qp-adapt     79/83      0.31/8.16/10003.42        635       12    10.44   0.0205    33%    -0.0095    528/68379        0     0.0025       0
      primary samples 3, productive 3 (100.0%), vertices/sample 4.000
      qp 276.2 rows/call, 94% of calls reached the solver, 3408583 calls
  qp-free      78/83      3.02/145.18/10001.29      17339       49    15.59   0.0043     0%     0.0000      0/121651       0     0.0025       0
      primary samples 135, productive 41 (30.4%), vertices/sample 0.359
  free-env     79/83      0.35/22.68/10000.12        827       42    15.85   0.0722    94%     0.0000      0/69579        0     0.0025       0
      primary samples 105, productive 35 (33.3%), vertices/sample 0.352
  qp-env       79/83      0.24/5.69/10002.17        434       13    10.44   0.0306    27%    -0.0061    280/60341        0     0.0025       0
      primary samples 4, productive 3 (75.0%), vertices/sample 4.000
      qp 278.4 rows/call, 95% of calls reached the solver, 3306085 calls

"samples" is checked configurations for isSafe, barrier evaluations for
the three CBF rows, and SIMD configuration lanes evaluated for VAMP. They measure
sampling work, while wall time captures the very different per-sample costs.
"unsafe/audited" evaluates exact primitive clearance at every state of the
densified solution -- for each CBF row that is the rollout the planner recorded
for each edge, replayed, so it is the motion that would actually be executed,
sampled inside each step rather than only at its boundaries. Non-zero unsafe
invalidates a row however fast it was.
"missed" counts solution edges that were not on file and had to be
re-derived; it must be zero, or the audited motion is a different trajectory
from the one the planner found.


envelope hop: 65189 filter calls, 1.472 hold queries/call, 29.3% saturated, 100.0% longer than L1, past one step 94.3% (L1 alone 56.3%), gated 98.0%, empty-active 0.0%, screen-escalated 4.1%
envelope bottleneck: world 84.2%, self-collision 15.5%, unbound 0.3% (horizon or screen clip), blocked 0.0%, joint-limit clamped 0.0%
envelope binding term:
  world rows       L1 0.0%, local-L1 1.2%, speed-capped 5.5%, isotropic-anchored 93.3% (of 54883 bound calls)
  self-pair rows   L1 0.0%, local-L1 0.0%, speed-capped 0.0%, normal-anchored 100.0% (of 10126 bound calls)
local-lever screen: 4136484 of 6142807 expensive world rows settled before the envelope (67.3%)
span handed to the rollout, in controller steps (3306077 calls):
                   <1      1-2      2-4      4-8       8+
  L1 only      98.89%     0.50%     0.29%     0.17%     0.15%
  envelope     98.14%     0.35%     0.43%     0.34%     0.73%
=== CBF profiler (wall time) ===
=== CBF filter stats ===
  calls=0  unchanged=0 (0.0%)  filtered=0 (0.0%)  blocked=0 (0.0%)
  active rows:       avg=0.00  max=0
  zero-row fast path: 0 (0.0%)
  qp iterations:     avg=0.00  max=0
  certified duration: avg=0.00000s  min=0.00000s  max=0.00000s  (over 0 non-blocked calls)
  required gain:     avg=0.000/s  max=0.000/s  p50=0.000/s  p90=0.000/s  p99=0.000/s  (over 0 calls, 0 uncertified)
