
MotionBenchMaker UR5, 689 problems loaded, up to 100 per scene
voxel 0.003 m, margin 0.0030 m + 0.0000 m filter buffer, stepSize 0.001 s, range 2.00 rad, 10.0 s limit

hop certificates: old L1 Lipschitz region and new hold-time bound
Picard: off; trajectory prefixes: 0; sequential rollout budget: 10000 calls
kappa 20.00 /s, certified step uncapped, self-collision margin 0.0000 m over 303 pairs
baseline segment: 0.000650 of extent = 0.0100 rad, rollout step 0.0100 rad (matched to the rollout)
rope shortcut off, all rows unsimplified

seed 1
  planner       solved ms(min/med/max)        samples vertices     path rad/call coarse  worst clr unsafe/audited missed worst self collide

bookshelf_small  (14 problems, 5 skipped: 0 clearance, 5 self-collision)
  rrtconnect    7/9       3.23/22.70/10000.32       5932       30    11.83        -      -     0.0002      0/4342         0     0.0025       0
      primary samples 175, productive 27 (15.4%), vertices/sample 0.171
  qp-fixed      7/9       3.12/5.96/10000.37        720        7     8.49   0.0114     0%     0.0007      0/4920         0     0.0025       0
      primary samples 1, productive 1 (100.0%), vertices/sample 7.000
      qp 283.6 rows/call, 60% of calls reached the solver, 2060464 calls
  qp-plain      7/9       3.56/6.47/10001.57        720        7     8.49   0.0114     0%     0.0007      0/4920         0     0.0025       0
      primary samples 1, productive 1 (100.0%), vertices/sample 7.000
      qp 343.0 rows/call, 100% of calls reached the solver, 2042061 calls
  qp-adapt      7/9       0.53/3.09/10002.17        300        7     8.49   0.0238    39%     0.0007      0/5275         0     0.0025       0
      primary samples 1, productive 1 (100.0%), vertices/sample 7.000
      qp 299.3 rows/call, 87% of calls reached the solver, 1947827 calls
  qp-free       7/9       8.72/117.69/10000.46      15153       43    11.79   0.0050     0%     0.0004      0/7495         0     0.0025       0
      primary samples 121, productive 32 (26.4%), vertices/sample 0.355
  free-env      7/9       1.29/13.04/10000.05        705       33    12.14   0.0760    94%     0.0004      0/4845         0     0.0025       0
      primary samples 93, productive 25 (26.9%), vertices/sample 0.355
  qp-env        7/9       0.34/2.32/10000.31        199       14     8.41   0.0361    26%     0.0007      0/4746         0     0.0025       0
      primary samples 1, productive 1 (100.0%), vertices/sample 7.000
      qp 299.6 rows/call, 90% of calls reached the solver, 1929032 calls

bookshelf_tall  (13 problems, 8 skipped: 0 clearance, 8 self-collision)
  rrtconnect    3/5      14.36/235.58/10000.45      31686      164    18.67        -      -     0.0005      0/2617         0     0.0025       0
      primary samples 1296, productive 161 (12.4%), vertices/sample 0.127
  qp-fixed      3/5       5.01/63.21/10002.06       4731       29    16.42   0.0098     0%     0.0004      0/3070         0     0.0025       0
      primary samples 15, productive 13 (86.7%), vertices/sample 1.933
      qp 296.2 rows/call, 95% of calls reached the solver, 1487102 calls
  qp-plain      3/5       5.30/65.68/10001.78       4731       29    16.42   0.0098     0%     0.0004      0/3070         0     0.0025       0
      primary samples 15, productive 13 (86.7%), vertices/sample 1.933
      qp 343.0 rows/call, 100% of calls reached the solver, 1479758 calls
  qp-adapt      3/5       1.64/49.57/10002.71       3554       34    16.44   0.0145    26%     0.0004      0/2987         0     0.0025       0
      primary samples 16, productive 14 (87.5%), vertices/sample 2.125
      qp 301.1 rows/call, 99% of calls reached the solver, 1419280 calls
  qp-free       3/5      11.52/211.57/10000.39      18565       47    16.85   0.0040     0%     0.0027      0/4474         0     0.0025       0
      primary samples 166, productive 40 (24.1%), vertices/sample 0.276
  free-env      3/5       5.80/29.16/10000.21        920       35    12.73   0.0571    85%     0.0017      0/2070         0     0.0025       0
      primary samples 142, productive 27 (19.0%), vertices/sample 0.246
  qp-env        3/5       0.72/15.70/10002.12       1035       16    13.92   0.0223    12%     0.0004      0/2213         0     0.0025       0
      primary samples 6, productive 5 (83.3%), vertices/sample 2.500
      qp 301.0 rows/call, 100% of calls reached the solver, 1405298 calls

bookshelf_thin  (14 problems, 5 skipped: 3 clearance, 3 self-collision)
  rrtconnect    9/9       7.90/52.89/255.53        5446       29    11.28        -      -     0.0019      0/5914         0     0.0025       0
      primary samples 130, productive 25 (19.2%), vertices/sample 0.222
  qp-fixed      9/9       4.48/10.98/39.84          759        7     8.48   0.0123     0%    -0.0104    167/6961         0     0.0025       0
      primary samples 1, productive 1 (100.0%), vertices/sample 5.000
      qp 251.8 rows/call, 47% of calls reached the solver, 9998 calls
  qp-plain      9/9       4.92/11.88/43.32          759        7     8.48   0.0123     0%    -0.0104    167/6961         0     0.0025       0
      primary samples 1, productive 1 (100.0%), vertices/sample 5.000
      qp 343.0 rows/call, 100% of calls reached the solver, 9998 calls
  qp-adapt      9/9       1.40/5.87/25.65          377        7     8.52   0.0246    24%    -0.0104    167/5843         0     0.0025       0
      primary samples 1, productive 1 (100.0%), vertices/sample 5.000
      qp 257.8 rows/call, 87% of calls reached the solver, 5552 calls
  qp-free       9/9       9.66/182.84/1293.88      13552       41    12.15   0.0049     0%     0.0014      0/10015        0     0.0025       0
      primary samples 112, productive 34 (30.4%), vertices/sample 0.315
  free-env      9/9       1.89/28.38/83.15          726       31    12.12   0.0773    96%     0.0018      0/6321         0     0.0025       0
      primary samples 112, productive 27 (24.1%), vertices/sample 0.315
  qp-env        9/9       0.68/4.54/20.03          260        8     8.52   0.0360    24%    -0.0105    167/5315         0     0.0025       0
      primary samples 1, productive 1 (100.0%), vertices/sample 5.000
      qp 259.3 rows/call, 88% of calls reached the solver, 3901 calls

box  (14 problems, 0 skipped: 0 clearance, 0 self-collision)
  rrtconnect   14/14      2.92/7.56/31.74         2068       12    10.43        -      -     0.0002      0/8115         0     0.0025       0
      primary samples 30, productive 8 (26.7%), vertices/sample 0.474
  qp-fixed     14/14      2.97/5.06/60.46          689        6     6.80   0.0123     0%     0.0003      0/10821        0     0.0025       0
      primary samples 1, productive 1 (100.0%), vertices/sample 6.000
      qp 261.9 rows/call, 57% of calls reached the solver, 18003 calls
  qp-plain     14/14      3.20/6.05/67.49          689        6     6.80   0.0123     0%     0.0003      0/10821        0     0.0025       0
      primary samples 1, productive 1 (100.0%), vertices/sample 6.000
      qp 343.0 rows/call, 100% of calls reached the solver, 18003 calls
  qp-adapt     14/14      0.62/1.70/49.48          189        6     6.80   0.0431    55%     0.0003      0/8586         0     0.0025       0
      primary samples 1, productive 1 (100.0%), vertices/sample 6.000
      qp 271.9 rows/call, 86% of calls reached the solver, 9706 calls
  qp-free      14/14      7.33/51.60/200.62        6890       26    11.71   0.0050     0%     0.0010      0/17587        0     0.0025       0
      primary samples 38, productive 16 (42.1%), vertices/sample 0.720
  free-env     14/14      1.36/9.18/30.25          528       32    12.55   0.0950    94%     0.0000      0/9674         0     0.0025       0
      primary samples 58, productive 21 (36.2%), vertices/sample 0.632
  qp-env       14/14      0.38/0.96/38.18           85        6     6.79   0.0879    42%     0.0003      0/7845         0     0.0025       0
      primary samples 1, productive 1 (100.0%), vertices/sample 6.000
      qp 273.9 rows/call, 87% of calls reached the solver, 6460 calls

cage  (14 problems, 0 skipped: 0 clearance, 0 self-collision)
  rrtconnect   14/14     62.59/532.99/3027.11     130316      781    24.44        -      -     0.0006      0/15417        0     0.0025       0
      primary samples 7606, productive 778 (10.2%), vertices/sample 0.107
  qp-fixed     14/14     23.38/181.78/376.25       18920       93    18.65   0.0086     0%    -0.0106    233/21993        0     0.0025       0
      primary samples 75, productive 54 (72.0%), vertices/sample 1.294
      qp 268.3 rows/call, 91% of calls reached the solver, 243863 calls
  qp-plain     14/14     25.67/196.07/403.63       18920       93    18.65   0.0086     0%    -0.0106    233/21993        0     0.0025       0
      primary samples 75, productive 54 (72.0%), vertices/sample 1.294
      qp 343.0 rows/call, 100% of calls reached the solver, 243863 calls
  qp-adapt     14/14      9.35/130.92/291.84       12672       93    18.68   0.0128    27%    -0.0112    233/17836        0     0.0025       0
      primary samples 75, productive 54 (72.0%), vertices/sample 1.294
      qp 270.1 rows/call, 98% of calls reached the solver, 167736 calls
  qp-free      12/14   1316.48/3756.46/10000.76     481306      806    21.83   0.0029     0%     0.0023      0/29197        0     0.0025       0
      primary samples 4396, productive 780 (17.7%), vertices/sample 0.195
  free-env     14/14     64.60/631.19/1636.57      34175      957    23.79   0.0473    90%     0.0000      0/17632        0     0.0012       0
      primary samples 5403, productive 925 (17.1%), vertices/sample 0.181
  qp-env       14/14      6.96/98.49/237.58        9107       95    19.03   0.0177    19%    -0.0106     88/16485        0     0.0025       0
      primary samples 73, productive 48 (65.8%), vertices/sample 1.301
      qp 268.2 rows/call, 99% of calls reached the solver, 120541 calls

table_pick  (15 problems, 0 skipped: 0 clearance, 0 self-collision)
  rrtconnect   15/15      4.77/14.93/55.29         2696       14     9.85        -      -     0.0001      0/8008         0     0.0025       0
      primary samples 30, productive 10 (33.3%), vertices/sample 0.467
  qp-fixed     15/15      3.52/6.43/29.34          722        7     7.98   0.0119     0%    -0.0026     47/10664        0     0.0025       0
      primary samples 1, productive 1 (100.0%), vertices/sample 6.000
      qp 242.2 rows/call, 31% of calls reached the solver, 14693 calls
  qp-plain     15/15      3.99/7.52/30.69          722        7     7.98   0.0119     0%    -0.0026     47/10664        0     0.0025       0
      primary samples 1, productive 1 (100.0%), vertices/sample 6.000
      qp 343.0 rows/call, 100% of calls reached the solver, 14693 calls
  qp-adapt     15/15      0.70/1.23/16.51          104        7     7.98   0.0741    59%    -0.0026     47/7656         0     0.0025       0
      primary samples 1, productive 1 (100.0%), vertices/sample 6.000
      qp 269.3 rows/call, 71% of calls reached the solver, 5023 calls
  qp-free      15/15      8.89/56.27/339.72        6004       28    10.63   0.0064     0%     0.0005      0/16981        0     0.0025       0
      primary samples 64, productive 24 (37.5%), vertices/sample 0.438
  free-env     15/15      1.26/10.00/51.08          395       26    11.17   0.0903    96%     0.0004      0/10333        0     0.0025       0
      primary samples 64, productive 22 (34.4%), vertices/sample 0.406
  qp-env       15/15      0.50/0.84/11.72           62        7     7.98   0.1416    63%    -0.0026     47/7344         0     0.0025       0
      primary samples 1, productive 1 (100.0%), vertices/sample 6.000
      qp 271.6 rows/call, 75% of calls reached the solver, 3219 calls

table_under_pick  (14 problems, 3 skipped: 0 clearance, 3 self-collision)
  rrtconnect   10/11      7.87/16.57/10000.14       2984       16    15.53        -      -     0.0003      0/7050         0     0.0025       0
      primary samples 80, productive 12 (15.0%), vertices/sample 0.225
  qp-fixed     10/11      4.05/25.25/10001.37       2342       17    11.57   0.0104     0%    -0.0002    135/10418        0     0.0025       0
      primary samples 6, productive 6 (100.0%), vertices/sample 2.833
      qp 273.8 rows/call, 88% of calls reached the solver, 906749 calls
  qp-plain     10/11      4.12/26.96/10001.46       2342       17    11.57   0.0104     0%    -0.0002    135/10418        0     0.0025       0
      primary samples 6, productive 6 (100.0%), vertices/sample 2.833
      qp 343.0 rows/call, 100% of calls reached the solver, 891987 calls
  qp-adapt     10/11      2.76/17.73/10002.08       1527       18    11.58   0.0154    27%    -0.0000     49/9248         0     0.0025       0
      primary samples 6, productive 6 (100.0%), vertices/sample 2.833
      qp 271.9 rows/call, 96% of calls reached the solver, 862570 calls
  qp-free      10/11     22.94/73.29/10000.41       7806       25    14.24   0.0045     0%     0.0009      0/12634        0     0.0025       0
      primary samples 64, productive 16 (25.0%), vertices/sample 0.391
  free-env     10/11      3.97/12.38/10000.04        514       20    14.14   0.0643    94%     0.0003      0/7809         0     0.0025       0
      primary samples 70, productive 14 (20.0%), vertices/sample 0.364
  qp-env       10/11      1.42/13.09/10000.55       1051       17    11.60   0.0229    22%    -0.0000     34/8550         0     0.0025       0
      primary samples 6, productive 6 (100.0%), vertices/sample 2.833
      qp 271.1 rows/call, 97% of calls reached the solver, 846433 calls

Hop disposition -- what set the hop's length, median over problems.
  row         floored(<1 step)    at region   edge-limited
  qp-fixed            100.0%         0.0%           0.0%
  qp-plain            100.0%         0.0%           0.0%
  qp-adapt             66.8%        32.5%           1.3%
  qp-free             100.0%         0.0%           0.0%
  free-env              2.5%        84.7%          12.5%
  qp-env               73.9%        23.3%           2.2%

Endpoint clearance at zero margin -- min(start, goal) over all spheres.
  scene                     min    median       max affordable   problems by margin
  bookshelf_small       -0.0240    0.0057    0.0090   -0.0240   0: 64% 0.02:  0% 0.04:  0% 0.06:  0% 0.09:  0%
  bookshelf_tall        -0.0243   -0.0116    0.0072   -0.0243   0: 38% 0.02:  0% 0.04:  0% 0.06:  0% 0.09:  0%
  bookshelf_thin        -0.0215    0.0051    0.0109   -0.0215   0: 79% 0.02:  0% 0.04:  0% 0.06:  0% 0.09:  0%
  box                    0.0082    0.0127    0.0127    0.0082   0:100% 0.02:  0% 0.04:  0% 0.06:  0% 0.09:  0%
  cage                   0.0099    0.0127    0.0127    0.0099   0:100% 0.02:  0% 0.04:  0% 0.06:  0% 0.09:  0%
  table_pick             0.0045    0.0078    0.0081    0.0045   0:100% 0.02:  0% 0.04:  0% 0.06:  0% 0.09:  0%
  table_under_pick      -0.0226    0.0080    0.0083   -0.0226   0: 79% 0.02:  0% 0.04:  0% 0.06:  0% 0.09:  0%

all scenes  (98 problems, 21 skipped: 3 clearance, 19 self-collision)
  rrtconnect   72/77      2.92/27.20/10000.45       5160       26    12.90        -      -     0.0001      0/51463        0     0.0025       0
      primary samples 130, productive 23 (17.7%), vertices/sample 0.222
  qp-fixed     72/77      2.97/15.19/10002.06       1340       13     9.64   0.0109     0%    -0.0106    582/68847        0     0.0025       0
      primary samples 3, productive 3 (100.0%), vertices/sample 3.667
      qp 264.4 rows/call, 71% of calls reached the solver, 4740872 calls
  qp-plain     72/77      3.20/15.92/10001.78       1340       13     9.64   0.0109     0%    -0.0106    582/68847        0     0.0025       0
      primary samples 3, productive 3 (100.0%), vertices/sample 3.667
      qp 343.0 rows/call, 100% of calls reached the solver, 4700363 calls
  qp-adapt     72/77      0.53/8.87/10002.71        783       13     9.65   0.0206    33%    -0.0112    496/57431        0     0.0025       0
      primary samples 3, productive 3 (100.0%), vertices/sample 3.667
      qp 272.4 rows/call, 91% of calls reached the solver, 4417694 calls
  qp-free      70/77      7.33/132.47/10000.76      11791       35    13.51   0.0046     0%     0.0004      0/98383        0     0.0025       0
      primary samples 112, productive 29 (25.9%), vertices/sample 0.337
  free-env     72/77      1.26/16.62/10000.21        645       32    13.39   0.0749    94%     0.0000      0/58684        0     0.0012       0
      primary samples 94, productive 25 (26.6%), vertices/sample 0.331
  qp-env       72/77      0.34/5.98/10002.12        549       14    10.09   0.0360    26%    -0.0106    336/52498        0     0.0025       0
      primary samples 3, productive 3 (100.0%), vertices/sample 3.667
      qp 271.6 rows/call, 95% of calls reached the solver, 4314884 calls

"samples" is checked configurations for isSafe, barrier evaluations for
the three CBF rows, and SIMD configuration lanes evaluated for VAMP. They measure
sampling work, while wall time captures the very different per-sample costs.
"unsafe/audited" evaluates exact primitive clearance at every state of the
densified solution -- for each CBF row that is the rollout the planner recorded
for each edge, replayed, so it is the motion that would actually be executed,
sampled inside each step rather than only at its boundaries. Non-zero unsafe
invalidates a row however fast it was.
"missed" counts solution edges that were not on file and had to be
re-derived; it must be zero, or the audited motion is a different trajectory
from the one the planner found.


envelope hop: 65178 filter calls, 1.555 hold queries/call, 32.9% saturated, 100.0% longer than L1, past one step 96.6% (L1 alone 58.6%), gated 98.5%, empty-active 0.0%, screen-escalated 4.4%
envelope bottleneck: world 81.5%, self-collision 18.2%, unbound 0.3% (horizon or screen clip), blocked 0.0%, joint-limit clamped 0.0%
envelope binding term:
  world rows       L1 0.0%, local-L1 1.5%, speed-capped 3.2%, isotropic-anchored 95.4% (of 53135 bound calls)
  self-pair rows   L1 0.0%, local-L1 0.0%, speed-capped 0.0%, normal-anchored 100.0% (of 11865 bound calls)
local-lever screen: 5498137 of 8105082 expensive world rows settled before the envelope (67.8%)
span handed to the rollout, in controller steps (4314872 calls):
                   <1      1-2      2-4      4-8       8+
  L1 only      99.11%     0.37%     0.24%     0.14%     0.13%
  envelope     98.54%     0.21%     0.31%     0.27%     0.67%
=== CBF profiler (wall time) ===
=== CBF filter stats ===
  calls=0  unchanged=0 (0.0%)  filtered=0 (0.0%)  blocked=0 (0.0%)
  active rows:       avg=0.00  max=0
  zero-row fast path: 0 (0.0%)
  qp iterations:     avg=0.00  max=0
  certified duration: avg=0.00000s  min=0.00000s  max=0.00000s  (over 0 non-blocked calls)
  required gain:     avg=0.000/s  max=0.000/s  p50=0.000/s  p90=0.000/s  p99=0.000/s  (over 0 calls, 0 uncertified)
