
MotionBenchMaker UR5, 33 problems loaded, up to 100 per scene
voxel 0.003 m, margin 0.0000 m + 0.0030 m filter buffer, stepSize 0.001 s, range 2.00 rad, 120.0 s limit

hop certificates: old L1 Lipschitz region and new hold-time bound
Picard: off; trajectory prefixes: 0; sequential rollout budget: 10000 calls
kappa 20.00 /s, certified step uncapped, self-collision margin 0.0000 m over 303 pairs
baseline segment: 0.000650 of extent = 0.0100 rad, rollout step 0.0100 rad (matched to the rollout)
rope shortcut off, all rows unsimplified

seed 1
  planner       solved ms(min/med/max)        samples vertices     path rad/call coarse  worst clr unsafe/audited missed worst self collide

bookshelf_tall  (2 problems, 0 skipped: 0 clearance, 0 self-collision)
  rrtconnect    0/2    120000.02/120000.10/120000.10   10758642   152975     0.00        -      -          -              -      -          -       -
      primary samples 1484941, productive 152973 (10.3%), vertices/sample 0.111
  qp-adapt      0/2    120000.35/120001.43/120001.43   13307798    23079     0.00   0.0046     6%          -              -      -          -       -
      primary samples 80102, productive 22979 (28.7%), vertices/sample 0.288
      qp 303.8 rows/call, 99% of calls reached the solver, 26520007 calls

table_under_pick  (2 problems, 0 skipped: 0 clearance, 0 self-collision)
  rrtconnect    0/2    120000.07/120000.17/120000.17   11051124   157945     0.00        -      -          -              -      -          -       -
      primary samples 1423607, productive 157943 (11.1%), vertices/sample 0.119
  qp-adapt      0/2    120000.17/120000.33/120000.33   13368565    23401     0.00   0.0047     6%          -              -      -          -       -
      primary samples 79654, productive 23282 (29.2%), vertices/sample 0.294
      qp 303.3 rows/call, 99% of calls reached the solver, 26318899 calls

Hop disposition -- what set the hop's length, median over problems.
  row         floored(<1 step)    at region   edge-limited
  qp-adapt             93.7%         6.3%           0.1%

Endpoint clearance at zero margin -- min(start, goal) over all spheres.
  scene                     min    median       max affordable   problems by margin
  bookshelf_tall         0.0027    0.0069    0.0069    0.0027   0:100% 0.02:  0% 0.04:  0% 0.06:  0% 0.09:  0%
  table_under_pick       0.0078    0.0080    0.0080    0.0078   0:100% 0.02:  0% 0.04:  0% 0.06:  0% 0.09:  0%

all scenes  (4 problems, 0 skipped: 0 clearance, 0 self-collision)
  rrtconnect    0/4    120000.02/120000.10/120000.17   11014766   156495     0.00        -      -          -              -      -          -       -
      primary samples 1423607, productive 156493 (11.0%), vertices/sample 0.111
  qp-adapt      0/4    120000.17/120000.35/120001.43   13307798    23079     0.00   0.0047     6%          -              -      -          -       -
      primary samples 79983, productive 22979 (28.7%), vertices/sample 0.294
      qp 303.3 rows/call, 99% of calls reached the solver, 52838906 calls

"samples" is checked configurations for isSafe, barrier evaluations for
the three CBF rows, and SIMD configuration lanes evaluated for VAMP. They measure
sampling work, while wall time captures the very different per-sample costs.
"unsafe/audited" evaluates exact primitive clearance at every state of the
densified solution -- for each CBF row that is the rollout the planner recorded
for each edge, replayed, so it is the motion that would actually be executed,
sampled inside each step rather than only at its boundaries. Non-zero unsafe
invalidates a row however fast it was.
"missed" counts solution edges that were not on file and had to be
re-derived; it must be zero, or the audited motion is a different trajectory
from the one the planner found.

=== CBF profiler (wall time) ===
=== CBF filter stats ===
  calls=0  unchanged=0 (0.0%)  filtered=0 (0.0%)  blocked=0 (0.0%)
  active rows:       avg=0.00  max=0
  zero-row fast path: 0 (0.0%)
  qp iterations:     avg=0.00  max=0
  certified duration: avg=0.00000s  min=0.00000s  max=0.00000s  (over 0 non-blocked calls)
  required gain:     avg=0.000/s  max=0.000/s  p50=0.000/s  p90=0.000/s  p99=0.000/s  (over 0 calls, 0 uncertified)
