
MotionBenchMaker UR5, 33 problems loaded, up to 100 per scene
voxel 0.003 m, margin 0.0000 m + 0.0030 m filter buffer, stepSize 0.001 s, range 2.00 rad, 120.0 s limit

hop certificates: old L1 Lipschitz region and new hold-time bound
Picard: off; trajectory prefixes: 0; sequential rollout budget: 10000 calls
kappa 20.00 /s, certified step uncapped, self-collision margin 0.0000 m over 303 pairs
baseline segment: 0.000650 of extent = 0.0100 rad, rollout step 0.0100 rad (matched to the rollout)
rope shortcut off, all rows unsimplified

seed 1
  planner       solved ms(min/med/max)        samples vertices     path rad/call coarse  worst clr unsafe/audited missed worst self collide

bookshelf_small  (1 problems, 0 skipped: 0 clearance, 0 self-collision)
  rrtconnect    0/1    120000.08/120000.08/120000.08   14725249   220793     0.00        -      -          -              -      -          -       -
      primary samples 1970046, productive 220791 (11.2%), vertices/sample 0.112
  qp-adapt      0/1    120000.25/120000.25/120000.25   19358041    33499     0.00   0.0045     6%          -              -      -          -       -
      primary samples 118500, productive 33394 (28.2%), vertices/sample 0.283
      qp 303.0 rows/call, 99% of calls reached the solver, 19358041 calls

bookshelf_tall  (2 problems, 0 skipped: 0 clearance, 0 self-collision)
  rrtconnect    0/2    120000.03/120000.21/120000.21   14112610   210919     0.00        -      -          -              -      -          -       -
      primary samples 1999397, productive 210917 (10.5%), vertices/sample 0.111
  qp-adapt      0/2    120000.41/120000.88/120000.88   19123039    32634     0.00   0.0044     6%          -              -      -          -       -
      primary samples 117319, productive 32521 (27.7%), vertices/sample 0.279
      qp 303.4 rows/call, 99% of calls reached the solver, 38199978 calls

table_under_pick  (2 problems, 0 skipped: 0 clearance, 0 self-collision)
  rrtconnect    0/2    120000.06/120000.06/120000.06   14435416   216855     0.00        -      -          -              -      -          -       -
      primary samples 1843784, productive 216853 (11.8%), vertices/sample 0.123
  qp-adapt      0/2    120000.15/120000.36/120000.36   19058802    33038     0.00   0.0045     6%          -              -      -          -       -
      primary samples 116416, productive 32928 (28.3%), vertices/sample 0.284
      qp 303.0 rows/call, 99% of calls reached the solver, 38109790 calls

Hop disposition -- what set the hop's length, median over problems.
  row         floored(<1 step)    at region   edge-limited
  qp-adapt             93.6%         6.3%           0.1%

Endpoint clearance at zero margin -- min(start, goal) over all spheres.
  scene                     min    median       max affordable   problems by margin
  bookshelf_small        0.0039    0.0039    0.0039    0.0039   0:100% 0.02:  0% 0.04:  0% 0.06:  0% 0.09:  0%
  bookshelf_tall         0.0032    0.0043    0.0043    0.0032   0:100% 0.02:  0% 0.04:  0% 0.06:  0% 0.09:  0%
  table_under_pick       0.0079    0.0081    0.0081    0.0079   0:100% 0.02:  0% 0.04:  0% 0.06:  0% 0.09:  0%

all scenes  (5 problems, 0 skipped: 0 clearance, 0 self-collision)
  rrtconnect    0/5    120000.03/120000.06/120000.21   14112610   210919     0.00        -      -          -              -      -          -       -
      primary samples 1899663, productive 210917 (11.1%), vertices/sample 0.112
  qp-adapt      0/5    120000.15/120000.36/120000.88   19076939    32921     0.00   0.0045     6%          -              -      -          -       -
      primary samples 117138, productive 32800 (28.0%), vertices/sample 0.283
      qp 303.0 rows/call, 99% of calls reached the solver, 95667809 calls

"samples" is checked configurations for isSafe, barrier evaluations for
the three CBF rows, and SIMD configuration lanes evaluated for VAMP. They measure
sampling work, while wall time captures the very different per-sample costs.
"unsafe/audited" evaluates exact primitive clearance at every state of the
densified solution -- for each CBF row that is the rollout the planner recorded
for each edge, replayed, so it is the motion that would actually be executed,
sampled inside each step rather than only at its boundaries. Non-zero unsafe
invalidates a row however fast it was.
"missed" counts solution edges that were not on file and had to be
re-derived; it must be zero, or the audited motion is a different trajectory
from the one the planner found.

=== CBF profiler (wall time) ===
=== CBF filter stats ===
  calls=0  unchanged=0 (0.0%)  filtered=0 (0.0%)  blocked=0 (0.0%)
  active rows:       avg=0.00  max=0
  zero-row fast path: 0 (0.0%)
  qp iterations:     avg=0.00  max=0
  certified duration: avg=0.00000s  min=0.00000s  max=0.00000s  (over 0 non-blocked calls)
  required gain:     avg=0.000/s  max=0.000/s  p50=0.000/s  p90=0.000/s  p99=0.000/s  (over 0 calls, 0 uncertified)
