
MotionBenchMaker UR5, 689 problems loaded, up to 100 per scene
voxel 0.003 m, margin 0.0000 m + 0.0000 m filter buffer, stepSize 0.001 s, range 2.00 rad, 10.0 s limit

hop certificates: old L1 Lipschitz region and new hold-time bound
Picard: off; trajectory prefixes: 0; sequential rollout budget: 10000 calls
kappa 20.00 /s, certified step uncapped, self-collision margin 0.0000 m over 302 pairs
baseline segment: 0.000650 of extent = 0.0100 rad, rollout step 0.0100 rad (matched to the rollout)
rope shortcut off, all rows unsimplified

seed 1
  planner       solved ms(min/med/max)        samples vertices     path rad/call coarse  worst clr unsafe/audited missed worst self collide

bookshelf_small  (4 problems, 1 skipped: 0 clearance, 1 self-collision)
  rrtconnect    3/3       2.36/5.79/86.87         2296       13    11.79        -      -     0.0021      0/2237         0     0.0005       0
      primary samples 34, productive 9 (26.5%), vertices/sample 0.382
  qp-fixed      3/3       6.48/6.55/12.67          745       12     9.23   0.0121     0%     0.0008      0/2673         0     0.0001       0
      primary samples 2, productive 2 (100.0%), vertices/sample 7.000
      qp 273.1 rows/call, 58% of calls reached the solver, 2998 calls
  qp-plain      3/3       7.33/8.13/13.33          745       12     9.23   0.0121     0%     0.0008      0/2673         0     0.0001       0
      primary samples 2, productive 2 (100.0%), vertices/sample 7.000
      qp 342.0 rows/call, 100% of calls reached the solver, 2998 calls
  qp-adapt      3/3       1.81/4.43/5.61           450       12     9.24   0.0226    30%     0.0008      0/2128         0     0.0001       0
      primary samples 2, productive 2 (100.0%), vertices/sample 6.000
      qp 299.5 rows/call, 89% of calls reached the solver, 1371 calls
  qp-free       3/3      17.51/25.92/191.60        4980       21    15.19   0.0057     0%     0.0031      0/4061         0     0.0014       0
      primary samples 27, productive 14 (51.9%), vertices/sample 0.778
  free-env      3/3       1.10/2.97/28.37          232       13    13.69   0.0809    95%     0.0009      0/2204         0     0.0003       0
      primary samples 18, productive 9 (50.0%), vertices/sample 0.722
  qp-env        3/3       0.73/3.08/4.80           291       12     9.27   0.0388    17%     0.0006      0/1902         0     0.0001       0
      primary samples 2, productive 2 (100.0%), vertices/sample 6.000
      qp 301.3 rows/call, 93% of calls reached the solver, 874 calls
  vamp-rrtc     3/3       0.03/0.08/1.04          2340       15    11.79        -      -     0.0038      0/1758         0     0.0005       0
      primary samples 0, productive 0 (0.0%), vertices/sample 0.000

bookshelf_tall  (4 problems, 0 skipped: 0 clearance, 0 self-collision)
  rrtconnect    4/4       9.31/39.51/228.94        8595       38    16.19        -      -     0.0003      0/3053         0     0.0025       0
      primary samples 172, productive 34 (19.8%), vertices/sample 0.294
  qp-fixed      4/4       3.92/18.76/22.49         1414       13    12.74   0.0118     0%     0.0001      0/3293         0     0.0025       0
      primary samples 3, productive 3 (100.0%), vertices/sample 5.000
      qp 295.8 rows/call, 68% of calls reached the solver, 4434 calls
  qp-plain      4/4       3.98/18.56/23.65         1414       13    12.74   0.0118     0%     0.0001      0/3293         0     0.0025       0
      primary samples 3, productive 3 (100.0%), vertices/sample 5.000
      qp 342.0 rows/call, 100% of calls reached the solver, 4434 calls
  qp-adapt      4/4       0.70/7.49/12.00          670       14    12.77   0.0260    68%     0.0001      0/2614         0     0.0025       0
      primary samples 3, productive 3 (100.0%), vertices/sample 5.000
      qp 304.7 rows/call, 95% of calls reached the solver, 2108 calls
  qp-free       4/4      19.01/89.30/449.47       12326       47    13.38   0.0063     0%     0.0007      0/5150         0     0.0025       0
      primary samples 119, productive 41 (34.5%), vertices/sample 0.645
  free-env      4/4       2.77/65.42/84.24         3222      121    13.14   0.1011    95%     0.0001      0/2779         0     0.0025       0
      primary samples 486, productive 116 (23.9%), vertices/sample 0.581
  qp-env        4/4       0.40/4.14/7.76           322       14    12.77   0.1370    75%     0.0002      0/2322         0     0.0025       0
      primary samples 3, productive 3 (100.0%), vertices/sample 5.000
      qp 303.6 rows/call, 97% of calls reached the solver, 989 calls
  vamp-rrtc     4/4       0.06/0.37/1.84         13434       47    15.25        -      -     0.0003      0/3022         0     0.0011       0
      primary samples 0, productive 0 (0.0%), vertices/sample 0.000

bookshelf_thin  (4 problems, 0 skipped: 0 clearance, 0 self-collision)
  rrtconnect    4/4      31.82/112.40/320.98       17439       89    19.21        -      -     0.0001      0/3714         0     0.0002       0
      primary samples 356, productive 85 (23.9%), vertices/sample 0.285
  qp-fixed      4/4       6.66/7.99/32.83          502        6     7.04   0.0151     0%     0.0007      0/2360         0     0.0006       0
      primary samples 1, productive 1 (100.0%), vertices/sample 6.000
      qp 271.9 rows/call, 55% of calls reached the solver, 3392 calls
  qp-plain      4/4       6.97/8.09/34.26          502        6     7.04   0.0151     0%     0.0007      0/2360         0     0.0006       0
      primary samples 1, productive 1 (100.0%), vertices/sample 6.000
      qp 342.0 rows/call, 100% of calls reached the solver, 3392 calls
  qp-adapt      4/4       2.54/3.73/16.32          247        6     7.06   0.0364    35%     0.0007      0/2011         0     0.0006       0
      primary samples 1, productive 1 (100.0%), vertices/sample 6.000
      qp 283.3 rows/call, 89% of calls reached the solver, 1708 calls
  qp-free       4/4     112.35/379.66/766.65       41696      144    17.15   0.0051     0%     0.0004      0/5363         0     0.0001       0
      primary samples 395, productive 139 (35.2%), vertices/sample 0.378
  free-env      4/4      16.78/66.78/130.62        2590      139    17.49   0.0901    98%     0.0001      0/3256         0     0.0000       0
      primary samples 395, productive 134 (33.9%), vertices/sample 0.362
  qp-env        4/4       1.24/2.37/6.01           146        6     7.12   0.0665    50%     0.0007      0/1828         0     0.0007       0
      primary samples 1, productive 1 (100.0%), vertices/sample 6.000
      qp 286.0 rows/call, 92% of calls reached the solver, 710 calls
  vamp-rrtc     4/4       0.23/0.88/1.61         22833      105    17.75        -      -     0.0001      0/3307         0     0.0004       0
      primary samples 0, productive 0 (0.0%), vertices/sample 0.000

box  (5 problems, 0 skipped: 0 clearance, 0 self-collision)
  rrtconnect    5/5       3.91/4.24/14.19         1729       11    12.25        -      -     0.0013      0/3248         0     0.0025       0
      primary samples 32, productive 7 (21.9%), vertices/sample 0.312
  qp-fixed      5/5       3.54/6.33/13.12          724       11     7.64   0.0118     0%     0.0017      0/3408         0     0.0025       0
      primary samples 2, productive 2 (100.0%), vertices/sample 6.000
      qp 274.9 rows/call, 58% of calls reached the solver, 3954 calls
  qp-plain      5/5       3.65/6.46/13.39          724       11     7.64   0.0118     0%     0.0017      0/3408         0     0.0025       0
      primary samples 2, productive 2 (100.0%), vertices/sample 6.000
      qp 342.0 rows/call, 100% of calls reached the solver, 3954 calls
  qp-adapt      5/5       0.90/1.65/3.77           215       11    10.36   0.0342    66%     0.0017      0/2980         0     0.0025       0
      primary samples 2, productive 2 (100.0%), vertices/sample 5.500
      qp 285.8 rows/call, 80% of calls reached the solver, 1416 calls
  qp-free       5/5      15.02/20.47/246.18        4047       17    12.44   0.0049     0%     0.0022      0/7778         0     0.0011       0
      primary samples 25, productive 9 (36.0%), vertices/sample 0.560
  free-env      5/5       1.31/3.49/35.18          263       23    13.86   0.1173    95%     0.0006      0/3591         0     0.0022       0
      primary samples 23, productive 14 (60.9%), vertices/sample 1.000
  qp-env        5/5       0.49/0.85/1.88            93       11     7.64   0.0736    57%     0.0015      0/2295         0     0.0025       0
      primary samples 2, productive 2 (100.0%), vertices/sample 6.000
      qp 288.1 rows/call, 79% of calls reached the solver, 551 calls
  vamp-rrtc     5/5       0.04/0.05/0.19          1667       11    11.59        -      -     0.0015      0/2992         0     0.0010       0
      primary samples 0, productive 0 (0.0%), vertices/sample 0.000

cage  (4 problems, 0 skipped: 0 clearance, 0 self-collision)
  rrtconnect    4/4      95.79/300.54/861.98      105362      605    24.44        -      -     0.0009      0/4633         0     0.0015       0
      primary samples 3711, productive 601 (16.2%), vertices/sample 0.168
  qp-fixed      4/4      24.48/48.30/271.91        5183       34    20.62   0.0100     0%     0.0001      0/6496         0     0.0018       0
      primary samples 17, productive 14 (82.4%), vertices/sample 2.182
      qp 267.5 rows/call, 86% of calls reached the solver, 38937 calls
  qp-plain      4/4      24.88/51.37/267.52        5183       34    20.62   0.0100     0%     0.0001      0/6496         0     0.0018       0
      primary samples 17, productive 14 (82.4%), vertices/sample 2.182
      qp 342.0 rows/call, 100% of calls reached the solver, 38937 calls
  qp-adapt      4/4       6.71/28.20/169.29        3038       34    20.62   0.0202    32%     0.0001      0/5217         0     0.0018       0
      primary samples 17, productive 14 (82.4%), vertices/sample 2.182
      qp 270.6 rows/call, 97% of calls reached the solver, 23692 calls
  qp-free       4/4     216.37/1002.47/1655.27     182519      415    24.47   0.0046     0%     0.0014      0/9808         0     0.0002       0
      primary samples 1355, productive 387 (28.6%), vertices/sample 0.410
  free-env      4/4     159.24/219.48/246.44       16038      658    24.98   0.0660    91%     0.0000      0/4903         0     0.0025       0
      primary samples 2328, productive 627 (26.9%), vertices/sample 0.283
  qp-env        4/4       4.09/20.59/138.54        2033       34    20.61   0.0275    25%     0.0001      0/4718         0     0.0015       0
      primary samples 17, productive 14 (82.4%), vertices/sample 2.182
      qp 271.4 rows/call, 98% of calls reached the solver, 16252 calls
  vamp-rrtc     4/4       1.51/4.31/7.07        145055      496    24.70        -      -     0.0020      0/4703         0     0.0025       0
      primary samples 0, productive 0 (0.0%), vertices/sample 0.000

table_pick  (4 problems, 0 skipped: 0 clearance, 0 self-collision)
  rrtconnect    4/4       6.13/15.34/19.80         4141       21    13.29        -      -     0.0005      0/2851         0     0.0025       0
      primary samples 69, productive 17 (24.6%), vertices/sample 0.350
  qp-fixed      4/4       3.89/7.05/7.39           698        7     8.53   0.0130     0%     0.0032      0/2222         0     0.0025       0
      primary samples 1, productive 1 (100.0%), vertices/sample 7.000
      qp 242.2 rows/call, 22% of calls reached the solver, 2218 calls
  qp-plain      4/4       4.24/7.60/12.49          698        7     8.53   0.0130     0%     0.0032      0/2222         0     0.0025       0
      primary samples 1, productive 1 (100.0%), vertices/sample 7.000
      qp 342.0 rows/call, 100% of calls reached the solver, 2218 calls
  qp-adapt      4/4       0.63/0.72/1.04            80        7     8.53   0.0870    65%     0.0032      0/1589         0     0.0025       0
      primary samples 1, productive 1 (100.0%), vertices/sample 7.000
      qp 291.5 rows/call, 68% of calls reached the solver, 328 calls
  qp-free       4/4      13.44/48.68/75.69         7709       24     9.35   0.0063     0%     0.0007      0/3329         0     0.0025       0
      primary samples 51, productive 18 (35.3%), vertices/sample 1.176
  free-env      4/4       2.09/6.61/11.76          370       22    10.54   0.1113    98%     0.0006      0/2109         0     0.0025       0
      primary samples 51, productive 16 (31.4%), vertices/sample 1.000
  qp-env        4/4       0.32/0.38/0.56            33        7     8.53   0.2074    97%     0.0029      0/1496         0     0.0025       0
      primary samples 1, productive 1 (100.0%), vertices/sample 7.000
      qp 285.5 rows/call, 66% of calls reached the solver, 141 calls
  vamp-rrtc     4/4       0.13/0.17/0.22          4814       24    13.04        -      -     0.0014      0/2456         0     0.0025       0
      primary samples 0, productive 0 (0.0%), vertices/sample 0.000

table_under_pick  (4 problems, 0 skipped: 0 clearance, 0 self-collision)
  rrtconnect    4/4       3.59/11.72/12.93         3188       18    14.90        -      -     0.0055      0/2703         0     0.0019       0
      primary samples 45, productive 13 (28.9%), vertices/sample 0.400
  qp-fixed      4/4       7.79/18.34/36.24         1616       14     9.94   0.0128     0%     0.0012      0/3151         0     0.0009       0
      primary samples 6, productive 4 (66.7%), vertices/sample 7.000
      qp 294.7 rows/call, 85% of calls reached the solver, 6232 calls
  qp-plain      4/4       7.95/18.73/36.28         1616       14     9.94   0.0128     0%     0.0012      0/3151         0     0.0009       0
      primary samples 6, productive 4 (66.7%), vertices/sample 7.000
      qp 342.0 rows/call, 100% of calls reached the solver, 6232 calls
  qp-adapt      4/4       1.09/11.96/23.75         1126       13     9.96   0.0309    48%     0.0010      0/2529         0     0.0008       0
      primary samples 6, productive 4 (66.7%), vertices/sample 6.500
      qp 293.8 rows/call, 88% of calls reached the solver, 3625 calls
  qp-free       4/4       6.99/50.82/332.53        8068       16    17.49   0.0038     0%     0.0042      0/5510         0     0.0025       0
      primary samples 62, productive 12 (19.4%), vertices/sample 0.294
  free-env      4/4       1.21/9.81/36.46          644       24    16.01   0.0832    98%     0.0000      0/3312         0     0.0025       0
      primary samples 68, productive 15 (22.1%), vertices/sample 0.353
  qp-env        4/4       0.67/9.19/18.99          772       12    10.05   0.0612    41%     0.0004      0/2275         0     0.0013       0
      primary samples 6, productive 4 (66.7%), vertices/sample 6.000
      qp 296.1 rows/call, 97% of calls reached the solver, 2541 calls
  vamp-rrtc     4/4       0.03/0.08/0.12          1920       14    15.87        -      -    -0.0001      1/2875         0     0.0025       0
      primary samples 0, productive 0 (0.0%), vertices/sample 0.000

Hop disposition -- what set the hop's length, median over problems.
  row         floored(<1 step)    at region   edge-limited
  qp-fixed            100.0%         0.0%           0.0%
  qp-plain            100.0%         0.0%           0.0%
  qp-adapt             51.2%        48.0%           2.2%
  qp-free             100.0%         0.0%           0.0%
  free-env              2.0%        83.6%          12.9%
  qp-env               48.4%        47.7%           5.0%

Endpoint clearance at zero margin -- min(start, goal) over all spheres.
  scene                     min    median       max affordable   problems by margin
  bookshelf_small       -0.0161    0.0084    0.0089   -0.0161   0: 75% 0.02:  0% 0.04:  0% 0.06:  0% 0.09:  0%
  bookshelf_tall         0.0025    0.0049    0.0091    0.0025   0:100% 0.02:  0% 0.04:  0% 0.06:  0% 0.09:  0%
  bookshelf_thin         0.0017    0.0066    0.0102    0.0017   0:100% 0.02:  0% 0.04:  0% 0.06:  0% 0.09:  0%
  box                    0.0127    0.0127    0.0127    0.0127   0:100% 0.02:  0% 0.04:  0% 0.06:  0% 0.09:  0%
  cage                   0.0105    0.0127    0.0127    0.0105   0:100% 0.02:  0% 0.04:  0% 0.06:  0% 0.09:  0%
  table_pick             0.0076    0.0081    0.0082    0.0076   0:100% 0.02:  0% 0.04:  0% 0.06:  0% 0.09:  0%
  table_under_pick       0.0076    0.0078    0.0079    0.0076   0:100% 0.02:  0% 0.04:  0% 0.06:  0% 0.09:  0%

all scenes  (29 problems, 1 skipped: 0 clearance, 1 self-collision)
  rrtconnect   28/28      2.36/15.34/861.98        5401       28    14.91        -      -     0.0001      0/22439        0     0.0002       0
      primary samples 107, productive 24 (22.4%), vertices/sample 0.290
  qp-fixed     28/28      3.54/7.99/271.91         816       11     9.24   0.0119     0%     0.0001      0/23603        0     0.0001       0
      primary samples 2, productive 2 (100.0%), vertices/sample 5.500
      qp 268.7 rows/call, 58% of calls reached the solver, 62165 calls
  qp-plain     28/28      3.65/8.92/267.52         816       11     9.24   0.0119     0%     0.0001      0/23603        0     0.0001       0
      primary samples 2, productive 2 (100.0%), vertices/sample 5.500
      qp 342.0 rows/call, 100% of calls reached the solver, 62165 calls
  qp-adapt     28/28      0.63/3.73/169.29         438       11     9.61   0.0335    52%     0.0001      0/19068        0     0.0001       0
      primary samples 2, productive 2 (100.0%), vertices/sample 5.000
      qp 284.8 rows/call, 87% of calls reached the solver, 34248 calls
  qp-free      28/28      6.99/89.30/1655.27      12326       35    14.18   0.0049     0%     0.0004      0/40999        0     0.0001       0
      primary samples 90, productive 31 (34.4%), vertices/sample 0.417
  free-env     28/28      1.10/14.65/246.44         644       33    13.69   0.0832    95%     0.0000      0/22154        0     0.0000       0
      primary samples 90, productive 29 (32.2%), vertices/sample 0.367
  qp-env       28/28      0.32/1.64/138.54         146       11     9.27   0.0675    52%     0.0001      0/16836        0     0.0001       0
      primary samples 2, productive 2 (100.0%), vertices/sample 5.500
      qp 286.0 rows/call, 89% of calls reached the solver, 22058 calls
  vamp-rrtc    28/28      0.03/0.17/7.07          5644       24    14.17        -      -    -0.0001      1/21113        0     0.0004       0
      primary samples 0, productive 0 (0.0%), vertices/sample 0.000

"samples" is checked configurations for isSafe, barrier evaluations for
the three CBF rows, and SIMD configuration lanes evaluated for VAMP. They measure
sampling work, while wall time captures the very different per-sample costs.
"unsafe/audited" evaluates exact primitive clearance at every state of the
densified solution -- for each CBF row that is the rollout the planner recorded
for each edge, replayed, so it is the motion that would actually be executed,
sampled inside each step rather than only at its boundaries. Non-zero unsafe
invalidates a row however fast it was.
"missed" counts solution edges that were not on file and had to be
re-derived; it must be zero, or the audited motion is a different trajectory
from the one the planner found.


envelope hop: 5753 filter calls, 1.308 hold queries/call, 21.1% saturated, 100.0% longer than L1, past one step 96.0% (L1 alone 54.1%), gated 73.9%, empty-active 0.0%, screen-escalated 3.3%
envelope bottleneck: world 96.1%, self-collision 3.8%, unbound 0.2% (horizon or screen clip), blocked 0.0%, joint-limit clamped 0.0%
envelope binding term:
  world rows       L1 0.0%, local-L1 1.1%, speed-capped 4.2%, isotropic-anchored 94.7% (of 5527 bound calls)
  self-pair rows   L1 0.0%, local-L1 0.0%, speed-capped 0.0%, normal-anchored 100.0% (of 216 bound calls)
local-lever screen: 334060 of 554616 expensive world rows settled before the envelope (60.2%)
span handed to the rollout, in controller steps (22058 calls):
                   <1      1-2      2-4      4-8       8+
  L1 only      85.89%     7.09%     3.40%     1.71%     1.91%
  envelope     74.97%     4.61%     7.45%     5.90%     7.07%
=== CBF profiler (wall time) ===
=== CBF filter stats ===
  calls=0  unchanged=0 (0.0%)  filtered=0 (0.0%)  blocked=0 (0.0%)
  active rows:       avg=0.00  max=0
  zero-row fast path: 0 (0.0%)
  qp iterations:     avg=0.00  max=0
  certified duration: avg=0.00000s  min=0.00000s  max=0.00000s  (over 0 non-blocked calls)
  required gain:     avg=0.000/s  max=0.000/s  p50=0.000/s  p90=0.000/s  p99=0.000/s  (over 0 calls, 0 uncertified)
