
MotionBenchMaker UR5, 689 problems loaded, up to 100 per scene
voxel 0.003 m, margin 0.0000 m + 0.0000 m filter buffer, stepSize 0.001 s, range 2.00 rad, 10.0 s limit

hop certificates: old L1 Lipschitz region and new hold-time bound
Picard: off; trajectory prefixes: 0; sequential rollout budget: 10000 calls
kappa 20.00 /s, certified step uncapped, self-collision margin 0.0000 m over 302 pairs
baseline segment: 0.000650 of extent = 0.0100 rad, rollout step 0.0100 rad (matched to the rollout)
rope shortcut off, all rows unsimplified

seed 1
  planner       solved ms(min/med/max)        samples vertices     path rad/call coarse  worst clr unsafe/audited missed worst self collide

bookshelf_small  (4 problems, 0 skipped: 0 clearance, 0 self-collision)
  rrtconnect    4/4       2.97/21.92/906.01        4994       27    12.05        -      -     0.0035      0/2143         0     0.0025       0
      primary samples 120, productive 23 (19.2%), vertices/sample 0.526
  qp-fixed      4/4       4.46/16.91/48.23         1119       12    10.13   0.0138     0%     0.0002      0/3061         0     0.0025       0
      primary samples 2, productive 2 (100.0%), vertices/sample 6.000
      qp 265.3 rows/call, 77% of calls reached the solver, 5356 calls
  qp-plain      4/4       4.76/16.89/49.88         1119       12    10.13   0.0138     0%     0.0002      0/3061         0     0.0025       0
      primary samples 2, productive 2 (100.0%), vertices/sample 6.000
      qp 342.0 rows/call, 100% of calls reached the solver, 5356 calls
  qp-adapt      4/4       0.70/11.33/29.57          819       12    10.14   0.0290    61%     0.0002      0/2716         0     0.0025       0
      primary samples 2, productive 2 (100.0%), vertices/sample 6.000
      qp 271.8 rows/call, 96% of calls reached the solver, 3241 calls
  qp-free       4/4       6.53/162.93/539.14       19746       54    16.03   0.0058     0%     0.0013      0/5178         0     0.0025       0
      primary samples 141, productive 46 (32.6%), vertices/sample 0.632
  free-env      4/4       0.85/19.42/21.70          945       42    13.75   0.1502    98%     0.0010      0/2596         0     0.0009       0
      primary samples 122, productive 39 (32.0%), vertices/sample 0.786
  qp-env        4/4       0.32/6.68/22.36          422       13    10.23   0.0931    66%     0.0002      0/2372         0     0.0025       0
      primary samples 2, productive 2 (100.0%), vertices/sample 6.500
      qp 267.3 rows/call, 96% of calls reached the solver, 2022 calls
  vamp-rrtc     4/4       0.03/0.28/31.03         6512       30    10.41        -      -     0.0021      0/2104         0     0.0025       0
      primary samples 0, productive 0 (0.0%), vertices/sample 0.000

bookshelf_tall  (4 problems, 0 skipped: 0 clearance, 0 self-collision)
  rrtconnect    4/4      10.05/152.70/195.20       20752      107    13.80        -      -     0.0004      0/2775         0     0.0025       0
      primary samples 659, productive 104 (15.8%), vertices/sample 0.354
  qp-fixed      4/4       8.70/13.78/42.47          695        7     8.33   0.0120     0%     0.0004      0/2855         0     0.0006       0
      primary samples 1, productive 1 (100.0%), vertices/sample 7.000
      qp 283.3 rows/call, 67% of calls reached the solver, 3726 calls
  qp-plain      4/4       9.29/14.23/43.84          695        7     8.33   0.0120     0%     0.0004      0/2855         0     0.0006       0
      primary samples 1, productive 1 (100.0%), vertices/sample 7.000
      qp 342.0 rows/call, 100% of calls reached the solver, 3726 calls
  qp-adapt      4/4       2.23/7.57/22.41          366        7     8.33   0.0315    39%     0.0004      0/2454         0     0.0006       0
      primary samples 1, productive 1 (100.0%), vertices/sample 7.000
      qp 297.0 rows/call, 88% of calls reached the solver, 1887 calls
  qp-free       4/4      23.03/405.01/568.74       34608      104    22.15   0.0059     0%     0.0007      0/6178         0     0.0007       0
      primary samples 261, productive 89 (34.1%), vertices/sample 0.438
  free-env      4/4       4.18/64.46/89.33         2148       93    27.01   0.1105    96%     0.0007      0/3894         0     0.0000       0
      primary samples 261, productive 86 (33.0%), vertices/sample 0.438
  qp-env        4/4       0.90/4.52/12.72          213        7     8.33   0.0488    35%     0.0004      0/1948         0     0.0006       0
      primary samples 1, productive 1 (100.0%), vertices/sample 7.000
      qp 296.3 rows/call, 94% of calls reached the solver, 1038 calls
  vamp-rrtc     4/4       0.12/2.15/2.76         28344      128    13.80        -      -     0.0004      0/3073         0     0.0025       0
      primary samples 0, productive 0 (0.0%), vertices/sample 0.000

bookshelf_thin  (4 problems, 0 skipped: 0 clearance, 0 self-collision)
  rrtconnect    4/4      21.28/50.95/135.30        5121       26    16.09        -      -     0.0011      0/3117         0     0.0013       0
      primary samples 140, productive 22 (15.7%), vertices/sample 0.300
  qp-fixed      4/4      17.09/38.24/40.25         1464       10    11.31   0.0130     0%     0.0001      0/3404         0     0.0003       0
      primary samples 2, productive 2 (100.0%), vertices/sample 8.000
      qp 272.6 rows/call, 68% of calls reached the solver, 4308 calls
  qp-plain      4/4      17.68/38.88/41.25         1464       10    11.31   0.0130     0%     0.0001      0/3404         0     0.0003       0
      primary samples 2, productive 2 (100.0%), vertices/sample 8.000
      qp 342.0 rows/call, 100% of calls reached the solver, 4308 calls
  qp-adapt      4/4       7.34/19.95/25.07          881       10    11.31   0.0234    43%     0.0001      0/2906         0     0.0003       0
      primary samples 2, productive 2 (100.0%), vertices/sample 8.000
      qp 276.6 rows/call, 96% of calls reached the solver, 2516 calls
  qp-free       4/4     100.12/322.36/517.01       22450       46    18.67   0.0050     0%     0.0007      0/6598         0     0.0010       0
      primary samples 161, productive 40 (24.8%), vertices/sample 0.410
  free-env      4/4      18.17/74.94/94.57         1740       64    19.79   0.0828    97%     0.0001      0/3703         0     0.0010       0
      primary samples 228, productive 60 (26.3%), vertices/sample 0.291
  qp-env        4/4       4.81/9.19/20.41          376       14    15.06   0.0508    39%     0.0001      0/3346         0     0.0003       0
      primary samples 3, productive 3 (100.0%), vertices/sample 4.667
      qp 286.8 rows/call, 95% of calls reached the solver, 1621 calls
  vamp-rrtc     4/4       0.22/0.71/1.63          8678       35    14.37        -      -     0.0011      0/2868         0     0.0013       0
      primary samples 0, productive 0 (0.0%), vertices/sample 0.000

box  (4 problems, 0 skipped: 0 clearance, 0 self-collision)
  rrtconnect    4/4       6.80/16.40/28.93         3710       20    11.92        -      -     0.0002      0/2295         0     0.0025       0
      primary samples 47, productive 17 (36.2%), vertices/sample 0.426
  qp-fixed      4/4       4.02/20.11/55.50         1431       12    13.16   0.0121     0%     0.0022      0/3140         0     0.0025       0
      primary samples 4, productive 4 (100.0%), vertices/sample 3.333
      qp 247.8 rows/call, 69% of calls reached the solver, 6840 calls
  qp-plain      4/4       4.33/21.69/57.90         1431       12    13.16   0.0121     0%     0.0022      0/3140         0     0.0025       0
      primary samples 4, productive 4 (100.0%), vertices/sample 3.333
      qp 342.0 rows/call, 100% of calls reached the solver, 6840 calls
  qp-adapt      4/4       2.09/6.50/19.99          552       12    11.84   0.0295    46%     0.0019      0/2408         0     0.0025       0
      primary samples 4, productive 4 (100.0%), vertices/sample 3.444
      qp 250.0 rows/call, 90% of calls reached the solver, 2708 calls
  qp-free       4/4      38.36/189.90/400.33       24021       59    15.21   0.0054     0%     0.0033      0/6760         0     0.0025       0
      primary samples 156, productive 50 (32.1%), vertices/sample 0.745
  free-env      4/4       5.50/27.93/28.13         1301       61    23.70   0.0857    96%     0.0002      0/4068         0     0.0001       0
      primary samples 163, productive 50 (30.7%), vertices/sample 0.431
  qp-env        4/4       1.20/4.72/11.77          309       12    11.85   0.0534    37%     0.0009      0/2218         0     0.0025       0
      primary samples 4, productive 4 (100.0%), vertices/sample 3.333
      qp 256.0 rows/call, 93% of calls reached the solver, 1476 calls
  vamp-rrtc     4/4       0.11/0.21/0.39          3427       23    11.92        -      -     0.0002      0/2295         0     0.0025       0
      primary samples 0, productive 0 (0.0%), vertices/sample 0.000

cage  (5 problems, 0 skipped: 0 clearance, 0 self-collision)
  rrtconnect    5/5      24.00/733.15/2845.65     191990     1173    21.62        -      -     0.0010      0/5399         0     0.0025       0
      primary samples 7822, productive 1169 (14.9%), vertices/sample 0.147
  qp-fixed      5/5      84.14/247.79/634.47       18619       89    19.73   0.0088     0%     0.0000      0/9345         0     0.0025       0
      primary samples 73, productive 51 (69.9%), vertices/sample 1.219
      qp 268.8 rows/call, 90% of calls reached the solver, 113914 calls
  qp-plain      5/5      89.57/253.48/648.76       18619       89    19.73   0.0088     0%     0.0000      0/9345         0     0.0025       0
      primary samples 73, productive 51 (69.9%), vertices/sample 1.219
      qp 342.0 rows/call, 100% of calls reached the solver, 113914 calls
  qp-adapt      5/5      56.53/163.76/409.44       12827       89    19.72   0.0128    24%     0.0001      0/6899         0     0.0025       0
      primary samples 73, productive 51 (69.9%), vertices/sample 1.219
      qp 267.9 rows/call, 98% of calls reached the solver, 79270 calls
  qp-free       5/5     563.33/2088.33/2772.61     268780      591    21.93   0.0036     0%     0.0021      0/12442        0     0.0025       0
      primary samples 2136, productive 568 (26.6%), vertices/sample 0.277
  free-env      5/5      92.45/364.37/911.31       19177      734    21.85   0.0623    92%     0.0001      0/7071         0     0.0025       0
      primary samples 2879, productive 696 (24.2%), vertices/sample 0.255
  qp-env        5/5      37.31/133.67/487.06        9986       89    22.71   0.0169    19%     0.0000      0/6853         0     0.0025       0
      primary samples 73, productive 51 (69.9%), vertices/sample 1.219
      qp 264.9 rows/call, 99% of calls reached the solver, 70304 calls
  vamp-rrtc     5/5       0.43/29.83/188.67      432399     1465    18.75        -      -     0.0010      0/5165         0     0.0025       0
      primary samples 0, productive 0 (0.0%), vertices/sample 0.000

table_pick  (4 problems, 0 skipped: 0 clearance, 0 self-collision)
  rrtconnect    4/4       6.57/20.85/21.31         3223       15    10.61        -      -     0.0004      0/1869         0     0.0025       0
      primary samples 30, productive 12 (40.0%), vertices/sample 1.100
  qp-fixed      4/4       6.91/10.47/12.98          679        7     8.43   0.0126     0%     0.0001      0/2487         0     0.0025       0
      primary samples 1, productive 1 (100.0%), vertices/sample 7.000
      qp 228.7 rows/call, 26% of calls reached the solver, 2483 calls
  qp-plain      4/4       7.57/11.53/13.74          679        7     8.43   0.0126     0%     0.0001      0/2487         0     0.0025       0
      primary samples 1, productive 1 (100.0%), vertices/sample 7.000
      qp 342.0 rows/call, 100% of calls reached the solver, 2483 calls
  qp-adapt      4/4       0.76/0.92/5.61            75        7     8.43   0.1166    72%     0.0001      0/1779         0     0.0025       0
      primary samples 1, productive 1 (100.0%), vertices/sample 7.000
      qp 259.6 rows/call, 60% of calls reached the solver, 501 calls
  qp-free       4/4      13.61/37.29/58.23         3519       17    12.09   0.0082     0%     0.0013      0/3201         0     0.0025       0
      primary samples 30, productive 13 (43.3%), vertices/sample 1.200
  free-env      4/4       1.92/6.11/9.80           192       16    12.19   0.1509    97%     0.0013      0/2071         0     0.0025       0
      primary samples 30, productive 13 (43.3%), vertices/sample 1.100
  qp-env        4/4       0.41/0.54/4.49            35        7     8.42   0.2514   100%     0.0001      0/1698         0     0.0025       0
      primary samples 1, productive 1 (100.0%), vertices/sample 7.000
      qp 263.3 rows/call, 66% of calls reached the solver, 328 calls
  vamp-rrtc     4/4       0.07/0.19/0.30          2724       15    10.61        -      -     0.0004      0/1869         0     0.0025       0
      primary samples 0, productive 0 (0.0%), vertices/sample 0.000

table_under_pick  (4 problems, 0 skipped: 0 clearance, 0 self-collision)
  rrtconnect    4/4       4.88/9.75/16.06         1736       11    13.29        -      -     0.0010      0/2051         0     0.0025       0
      primary samples 40, productive 7 (17.5%), vertices/sample 0.372
  qp-fixed      4/4      20.44/28.03/29.05         1592       17    11.27   0.0119     0%     0.0003      0/3603         0     0.0025       0
      primary samples 4, productive 4 (100.0%), vertices/sample 5.667
      qp 255.2 rows/call, 84% of calls reached the solver, 5787 calls
  qp-plain      4/4      22.13/28.49/29.55         1592       17    11.27   0.0119     0%     0.0003      0/3603         0     0.0025       0
      primary samples 4, productive 4 (100.0%), vertices/sample 5.667
      qp 342.0 rows/call, 100% of calls reached the solver, 5787 calls
  qp-adapt      4/4       8.54/12.97/13.98          832       17    12.79   0.0216    43%     0.0003      0/3281         0     0.0025       0
      primary samples 4, productive 4 (100.0%), vertices/sample 4.250
      qp 249.7 rows/call, 96% of calls reached the solver, 3010 calls
  qp-free       4/4      20.71/57.53/79.56         5876       25     9.46   0.0047     0%     0.0018      0/3928         0     0.0006       0
      primary samples 44, productive 15 (34.1%), vertices/sample 0.568
  free-env      4/4       7.04/8.62/15.01          328       24    15.41   0.0757    97%     0.0012      0/2744         0     0.0004       0
      primary samples 44, productive 15 (34.1%), vertices/sample 0.545
  qp-env        4/4       6.18/7.69/9.49           431       15    12.81   0.0417    43%     0.0003      0/2984         0     0.0025       0
      primary samples 4, productive 4 (100.0%), vertices/sample 4.500
      qp 252.5 rows/call, 97% of calls reached the solver, 1751 calls
  vamp-rrtc     4/4       0.06/0.08/0.12          2221        8    11.14        -      -     0.0010      0/1943         0     0.0025       0
      primary samples 0, productive 0 (0.0%), vertices/sample 0.000

Hop disposition -- what set the hop's length, median over problems.
  row         floored(<1 step)    at region   edge-limited
  qp-fixed            100.0%         0.0%           0.0%
  qp-plain            100.0%         0.0%           0.0%
  qp-adapt             57.4%        41.3%           1.5%
  qp-free             100.0%         0.0%           0.0%
  free-env              2.3%        83.1%          12.7%
  qp-env               67.6%        28.4%           2.9%

Endpoint clearance at zero margin -- min(start, goal) over all spheres.
  scene                     min    median       max affordable   problems by margin
  bookshelf_small        0.0035    0.0055    0.0096    0.0035   0:100% 0.02:  0% 0.04:  0% 0.06:  0% 0.09:  0%
  bookshelf_tall         0.0036    0.0050    0.0061    0.0036   0:100% 0.02:  0% 0.04:  0% 0.06:  0% 0.09:  0%
  bookshelf_thin         0.0013    0.0076    0.0087    0.0013   0:100% 0.02:  0% 0.04:  0% 0.06:  0% 0.09:  0%
  box                    0.0127    0.0127    0.0127    0.0127   0:100% 0.02:  0% 0.04:  0% 0.06:  0% 0.09:  0%
  cage                   0.0060    0.0127    0.0127    0.0060   0:100% 0.02:  0% 0.04:  0% 0.06:  0% 0.09:  0%
  table_pick             0.0073    0.0074    0.0082    0.0073   0:100% 0.02:  0% 0.04:  0% 0.06:  0% 0.09:  0%
  table_under_pick       0.0078    0.0080    0.0082    0.0078   0:100% 0.02:  0% 0.04:  0% 0.06:  0% 0.09:  0%

all scenes  (29 problems, 0 skipped: 0 clearance, 0 self-collision)
  rrtconnect   29/29      2.97/21.31/2845.65       3290       19    13.29        -      -     0.0002      0/19649        0     0.0013       0
      primary samples 48, productive 13 (27.1%), vertices/sample 0.300
  qp-fixed     29/29      4.02/20.11/634.47        1285       11    10.13   0.0116     0%     0.0000      0/27895        0     0.0003       0
      primary samples 3, productive 2 (66.7%), vertices/sample 5.000
      qp 254.8 rows/call, 68% of calls reached the solver, 142414 calls
  qp-plain     29/29      4.33/21.69/648.76        1285       11    10.13   0.0116     0%     0.0000      0/27895        0     0.0003       0
      primary samples 3, productive 2 (66.7%), vertices/sample 5.000
      qp 342.0 rows/call, 100% of calls reached the solver, 142414 calls
  qp-adapt     29/29      0.70/8.57/409.44         557       11    11.28   0.0233    42%     0.0001      0/22443        0     0.0003       0
      primary samples 3, productive 2 (66.7%), vertices/sample 5.000
      qp 259.6 rows/call, 92% of calls reached the solver, 93133 calls
  qp-free      29/29      6.53/100.12/2772.61       8713       34    15.21   0.0047     0%     0.0007      0/44285        0     0.0006       0
      primary samples 73, productive 25 (34.2%), vertices/sample 0.403
  free-env     29/29      0.85/18.17/911.31         617       28    15.41   0.0774    95%     0.0001      0/26147        0     0.0000       0
      primary samples 73, productive 21 (28.8%), vertices/sample 0.376
  qp-env       29/29      0.32/6.47/487.06         373       12    11.31   0.0438    32%     0.0000      0/21419        0     0.0003       0
      primary samples 3, productive 3 (100.0%), vertices/sample 4.500
      qp 259.6 rows/call, 95% of calls reached the solver, 78540 calls
  vamp-rrtc    29/29      0.03/0.25/188.67        3427       20    12.17        -      -     0.0002      0/19317        0     0.0013       0
      primary samples 0, productive 0 (0.0%), vertices/sample 0.000

"samples" is checked configurations for isSafe, barrier evaluations for
the three CBF rows, and SIMD configuration lanes evaluated for VAMP. They measure
sampling work, while wall time captures the very different per-sample costs.
"unsafe/audited" evaluates exact primitive clearance at every state of the
densified solution -- for each CBF row that is the rollout the planner recorded
for each edge, replayed, so it is the motion that would actually be executed,
sampled inside each step rather than only at its boundaries. Non-zero unsafe
invalidates a row however fast it was.
"missed" counts solution edges that were not on file and had to be
re-derived; it must be zero, or the audited motion is a different trajectory
from the one the planner found.


envelope hop: 17485 filter calls, 1.232 hold queries/call, 17.5% saturated, 100.0% longer than L1, past one step 89.6% (L1 alone 49.2%), gated 77.7%, empty-active 0.0%, screen-escalated 1.7%
envelope bottleneck: world 97.4%, self-collision 2.5%, unbound 0.1% (horizon or screen clip), blocked 0.0%, joint-limit clamped 0.0%
envelope binding term:
  world rows       L1 0.0%, local-L1 0.4%, speed-capped 9.1%, isotropic-anchored 90.4% (of 17022 bound calls)
  self-pair rows   L1 0.0%, local-L1 0.0%, speed-capped 0.0%, normal-anchored 100.0% (of 442 bound calls)
local-lever screen: 487766 of 819233 expensive world rows settled before the envelope (59.5%)
span handed to the rollout, in controller steps (78539 calls):
                   <1      1-2      2-4      4-8       8+
  L1 only      89.04%     5.83%     2.82%     1.31%     1.01%
  envelope     80.04%     4.97%     5.85%     4.44%     4.69%
=== CBF profiler (wall time) ===
=== CBF filter stats ===
  calls=0  unchanged=0 (0.0%)  filtered=0 (0.0%)  blocked=0 (0.0%)
  active rows:       avg=0.00  max=0
  zero-row fast path: 0 (0.0%)
  qp iterations:     avg=0.00  max=0
  certified duration: avg=0.00000s  min=0.00000s  max=0.00000s  (over 0 non-blocked calls)
  required gain:     avg=0.000/s  max=0.000/s  p50=0.000/s  p90=0.000/s  p99=0.000/s  (over 0 calls, 0 uncertified)
