
MotionBenchMaker UR5, 689 problems loaded, up to 100 per scene
voxel 0.003 m, margin 0.0000 m + 0.0000 m filter buffer, stepSize 0.001 s, range 2.00 rad, 10.0 s limit

hop certificates: old L1 Lipschitz region and new hold-time bound
Picard: off; trajectory prefixes: 0; sequential rollout budget: 10000 calls
kappa 20.00 /s, certified step uncapped, self-collision margin 0.0000 m over 302 pairs
baseline segment: 0.000650 of extent = 0.0100 rad, rollout step 0.0100 rad (matched to the rollout)
rope shortcut off, all rows unsimplified

seed 1
  planner       solved ms(min/med/max)        samples vertices     path rad/call coarse  worst clr unsafe/audited missed worst self collide

bookshelf_small  (4 problems, 0 skipped: 0 clearance, 0 self-collision)
  rrtconnect    4/4       4.42/15.19/34.81         3854       21    15.85        -      -     0.0038      0/2809         0     0.0025       0
      primary samples 69, productive 17 (24.6%), vertices/sample 0.520
  qp-fixed      4/4       7.72/34.55/61.43         2600       21     9.07   0.0122     0%     0.0008      0/3193         0     0.0001       0
      primary samples 7, productive 6 (85.7%), vertices/sample 3.000
      qp 268.8 rows/call, 73% of calls reached the solver, 8400 calls
  qp-plain      4/4       8.25/36.39/63.84         2600       21     9.07   0.0122     0%     0.0008      0/3193         0     0.0001       0
      primary samples 7, productive 6 (85.7%), vertices/sample 3.000
      qp 342.0 rows/call, 100% of calls reached the solver, 8400 calls
  qp-adapt      4/4       1.81/17.55/44.85         1328       21     9.07   0.0390    30%     0.0008      0/2513         0     0.0001       0
      primary samples 7, productive 6 (85.7%), vertices/sample 3.000
      qp 299.1 rows/call, 93% of calls reached the solver, 5040 calls
  qp-free       4/4       7.18/126.85/227.43       15126       41    19.13   0.0053     0%     0.0012      0/5224         0     0.0004       0
      primary samples 101, productive 35 (34.7%), vertices/sample 0.676
  free-env      4/4       0.95/16.46/35.30          821       40    19.83   0.0799    97%     0.0008      0/3088         0     0.0003       0
      primary samples 101, productive 35 (34.7%), vertices/sample 0.816
  qp-env        4/4       0.54/10.26/31.32          674       20    12.68   0.0511    22%     0.0008      0/2481         0     0.0000       0
      primary samples 5, productive 4 (80.0%), vertices/sample 4.000
      qp 293.3 rows/call, 96% of calls reached the solver, 2999 calls
  vamp-rrtc     4/4       0.04/0.21/0.64          4376       23    15.85        -      -     0.0038      0/2601         0     0.0025       0
      primary samples 0, productive 0 (0.0%), vertices/sample 0.000

bookshelf_tall  (4 problems, 0 skipped: 0 clearance, 0 self-collision)
  rrtconnect    4/4      10.14/146.18/1089.08      19730      100    20.35        -      -     0.0016      0/3760         0     0.0025       0
      primary samples 624, productive 96 (15.4%), vertices/sample 0.213
  qp-fixed      4/4       8.57/22.83/92.74         1088       10    11.12   0.0109     0%     0.0005      0/4258         0     0.0001       0
      primary samples 2, productive 2 (100.0%), vertices/sample 5.000
      qp 288.1 rows/call, 76% of calls reached the solver, 7016 calls
  qp-plain      4/4       8.65/23.37/95.05         1088       10    11.12   0.0109     0%     0.0005      0/4258         0     0.0001       0
      primary samples 2, productive 2 (100.0%), vertices/sample 5.000
      qp 342.0 rows/call, 100% of calls reached the solver, 7016 calls
  qp-adapt      4/4       1.86/14.65/73.13          717       12    11.13   0.0214    25%     0.0005      0/3671         0     0.0001       0
      primary samples 2, productive 2 (100.0%), vertices/sample 6.000
      qp 307.7 rows/call, 91% of calls reached the solver, 4909 calls
  qp-free       4/4      14.66/232.98/460.64       19520       50    17.32   0.0046     0%     0.0013      0/5668         0     0.0004       0
      primary samples 160, productive 44 (27.5%), vertices/sample 0.341
  free-env      4/4       9.94/38.06/60.10         1160       48    18.45   0.0774    94%     0.0010      0/3627         0     0.0000       0
      primary samples 160, productive 43 (26.9%), vertices/sample 0.310
  qp-env        4/4       0.84/8.80/60.23          394       12    11.16   0.0419    28%     0.0005      0/3165         0     0.0001       0
      primary samples 2, productive 2 (100.0%), vertices/sample 6.000
      qp 308.6 rows/call, 95% of calls reached the solver, 3482 calls
  vamp-rrtc     4/4       0.11/1.63/6.46         29439       99    18.56        -      -    -0.0001      1/3325         0     0.0025       0
      primary samples 0, productive 0 (0.0%), vertices/sample 0.000

bookshelf_thin  (4 problems, 0 skipped: 0 clearance, 0 self-collision)
  rrtconnect    4/4      30.83/85.82/99.81         8568       42    15.91        -      -     0.0026      0/2749         0     0.0025       0
      primary samples 135, productive 39 (28.9%), vertices/sample 0.311
  qp-fixed      4/4       7.70/29.12/44.40         1113       11     8.47   0.0131     0%     0.0002      0/2288         0     0.0025       0
      primary samples 2, productive 2 (100.0%), vertices/sample 5.500
      qp 275.6 rows/call, 58% of calls reached the solver, 3601 calls
  qp-plain      4/4       8.10/29.85/44.85         1113       11     8.47   0.0131     0%     0.0002      0/2288         0     0.0025       0
      primary samples 2, productive 2 (100.0%), vertices/sample 5.500
      qp 342.0 rows/call, 100% of calls reached the solver, 3601 calls
  qp-adapt      4/4       1.80/13.65/19.92          604       11     9.67   0.0350    43%     0.0005      0/1948         0     0.0025       0
      primary samples 2, productive 2 (100.0%), vertices/sample 5.500
      qp 279.7 rows/call, 89% of calls reached the solver, 1671 calls
  qp-free       4/4     121.57/194.79/1902.61      13590       44    14.23   0.0057     0%     0.0013      0/5949         0     0.0016       0
      primary samples 88, productive 31 (35.2%), vertices/sample 0.698
  free-env      4/4      22.36/32.84/302.08         792       49    15.56   0.0923    98%     0.0000      0/3332         0     0.0025       0
      primary samples 92, productive 33 (35.9%), vertices/sample 0.533
  qp-env        4/4       0.60/12.90/16.40          514       11     9.05   0.1253    58%     0.0000      0/1759         0     0.0025       0
      primary samples 2, productive 2 (100.0%), vertices/sample 5.500
      qp 286.6 rows/call, 92% of calls reached the solver, 1201 calls
  vamp-rrtc     4/4       0.05/0.79/1.06         10082       47    16.64        -      -    -0.0002      2/2375         0     0.0003       0
      primary samples 0, productive 0 (0.0%), vertices/sample 0.000

box  (4 problems, 0 skipped: 0 clearance, 0 self-collision)
  rrtconnect    4/4       2.48/16.37/19.47         4352       24    15.78        -      -     0.0004      0/2449         0     0.0025       0
      primary samples 77, productive 20 (26.0%), vertices/sample 0.526
  qp-fixed      4/4      13.41/27.23/27.97         2199       16    13.32   0.0116     0%     0.0008      0/3775         0     0.0025       0
      primary samples 6, productive 6 (100.0%), vertices/sample 3.333
      qp 249.5 rows/call, 81% of calls reached the solver, 6964 calls
  qp-plain      4/4      14.76/29.70/30.30         2199       16    13.32   0.0116     0%     0.0008      0/3775         0     0.0025       0
      primary samples 6, productive 6 (100.0%), vertices/sample 3.333
      qp 342.0 rows/call, 100% of calls reached the solver, 6964 calls
  qp-adapt      4/4       6.43/13.20/13.75         1057       15    13.35   0.0242    41%     0.0007      0/3101         0     0.0025       0
      primary samples 6, productive 6 (100.0%), vertices/sample 3.333
      qp 260.3 rows/call, 95% of calls reached the solver, 3278 calls
  qp-free       4/4      38.24/126.34/170.73       15792       41    13.42   0.0042     0%     0.0027      0/5216         0     0.0025       0
      primary samples 101, productive 31 (30.7%), vertices/sample 0.578
  free-env      4/4       5.43/9.42/14.81          507       31    16.41   0.0810    95%     0.0002      0/2936         0     0.0025       0
      primary samples 57, productive 18 (31.6%), vertices/sample 0.667
  qp-env        4/4       4.10/7.33/11.23          558       15    13.38   0.0445    35%     0.0006      0/2823         0     0.0025       0
      primary samples 6, productive 6 (100.0%), vertices/sample 3.333
      qp 258.7 rows/call, 96% of calls reached the solver, 2029 calls
  vamp-rrtc     4/4       0.04/0.27/1.19          4973       27    11.76        -      -     0.0004      0/2248         0     0.0025       0
      primary samples 0, productive 0 (0.0%), vertices/sample 0.000

cage  (4 problems, 0 skipped: 0 clearance, 0 self-collision)
  rrtconnect    4/4      71.62/202.18/508.53       49877      265    21.12        -      -     0.0002      0/4095         0     0.0025       0
      primary samples 1594, productive 262 (16.4%), vertices/sample 0.189
  qp-fixed      4/4     267.74/342.17/813.94       23689      115    29.51   0.0089     0%     0.0001      0/8654         0     0.0001       0
      primary samples 97, productive 67 (69.1%), vertices/sample 1.218
      qp 275.6 rows/call, 89% of calls reached the solver, 126908 calls
  qp-plain      4/4     281.77/344.90/865.00       23689      115    29.51   0.0089     0%     0.0001      0/8654         0     0.0001       0
      primary samples 97, productive 67 (69.1%), vertices/sample 1.218
      qp 342.0 rows/call, 100% of calls reached the solver, 126908 calls
  qp-adapt      4/4     168.70/218.64/567.97       15595      114    29.53   0.0131    24%     0.0001      0/7342         0     0.0001       0
      primary samples 97, productive 67 (69.1%), vertices/sample 1.218
      qp 277.0 rows/call, 98% of calls reached the solver, 87164 calls
  qp-free       4/4     752.07/2347.01/9395.46     294785      586    20.67   0.0036     0%     0.0010      0/9361         0     0.0016       0
      primary samples 2255, productive 560 (24.8%), vertices/sample 0.294
  free-env      4/4     132.76/499.25/622.54       24999      977    26.27   0.0629    92%     0.0001      0/5137         0     0.0004       0
      primary samples 3973, productive 937 (23.6%), vertices/sample 0.254
  qp-env        4/4     106.19/172.73/439.24       11817      114    29.62   0.0202    22%     0.0000      0/6346         0     0.0001       0
      primary samples 97, productive 66 (68.0%), vertices/sample 1.350
      qp 274.4 rows/call, 99% of calls reached the solver, 60421 calls
  vamp-rrtc     4/4       0.50/4.89/17.11        90845      308    25.07        -      -     0.0002      0/4357         0     0.0025       0
      primary samples 0, productive 0 (0.0%), vertices/sample 0.000

table_pick  (5 problems, 0 skipped: 0 clearance, 0 self-collision)
  rrtconnect    5/5       5.10/7.49/48.71         1293        9    10.50        -      -     0.0007      0/3187         0     0.0025       0
      primary samples 16, productive 5 (31.2%), vertices/sample 0.562
  qp-fixed      5/5       9.79/10.82/35.39          682        7     8.18   0.0119     0%     0.0001      0/3722         0     0.0025       0
      primary samples 1, productive 1 (100.0%), vertices/sample 7.000
      qp 233.5 rows/call, 34% of calls reached the solver, 4709 calls
  qp-plain      5/5      11.04/11.58/37.35          682        7     8.18   0.0119     0%     0.0001      0/3722         0     0.0025       0
      primary samples 1, productive 1 (100.0%), vertices/sample 7.000
      qp 342.0 rows/call, 100% of calls reached the solver, 4709 calls
  qp-adapt      5/5       0.66/2.13/12.59          147        7     8.18   0.0496    62%     0.0001      0/2816         0     0.0025       0
      primary samples 1, productive 1 (100.0%), vertices/sample 7.000
      qp 259.7 rows/call, 80% of calls reached the solver, 1384 calls
  qp-free       5/5      12.19/24.39/191.67        2417       13    12.61   0.0076     0%     0.0023      0/5072         0     0.0025       0
      primary samples 16, productive 8 (50.0%), vertices/sample 0.750
  free-env      5/5       1.31/3.80/33.89          142       12    12.82   0.1331    97%     0.0028      0/3014         0     0.0019       0
      primary samples 16, productive 7 (43.8%), vertices/sample 0.750
  qp-env        5/5       0.44/0.97/12.50           60        7     8.18   0.1215    57%     0.0001      0/2868         0     0.0025       0
      primary samples 1, productive 1 (100.0%), vertices/sample 7.000
      qp 262.6 rows/call, 80% of calls reached the solver, 994 calls
  vamp-rrtc     5/5       0.06/0.12/2.57          1318       10    10.50        -      -     0.0006      0/3202         0     0.0010       0
      primary samples 0, productive 0 (0.0%), vertices/sample 0.000

table_under_pick  (4 problems, 0 skipped: 0 clearance, 0 self-collision)
  rrtconnect    4/4       6.01/11.82/15.81         2087       12    12.58        -      -     0.0003      0/2469         0     0.0025       0
      primary samples 56, productive 8 (14.3%), vertices/sample 0.533
  qp-fixed      4/4      15.39/47.01/109.93        2758       20    16.22   0.0105     0%     0.0004      0/4378         0     0.0025       0
      primary samples 9, productive 9 (100.0%), vertices/sample 4.500
      qp 269.7 rows/call, 85% of calls reached the solver, 11331 calls
  qp-plain      4/4      16.01/48.89/115.78        2758       20    16.22   0.0105     0%     0.0004      0/4378         0     0.0025       0
      primary samples 9, productive 9 (100.0%), vertices/sample 4.500
      qp 342.0 rows/call, 100% of calls reached the solver, 11331 calls
  qp-adapt      4/4       7.11/23.57/63.25         1540       20    16.23   0.0189    41%     0.0004      0/3619         0     0.0025       0
      primary samples 9, productive 9 (100.0%), vertices/sample 4.500
      qp 260.3 rows/call, 96% of calls reached the solver, 6758 calls
  qp-free       4/4      11.70/92.96/169.31        9274       28    13.42   0.0064     0%     0.0037      0/4351         0     0.0025       0
      primary samples 65, productive 22 (33.8%), vertices/sample 0.516
  free-env      4/4       4.18/17.88/21.36          689       35    13.60   0.1378    96%     0.0000      0/2795         0     0.0007       0
      primary samples 72, productive 27 (37.5%), vertices/sample 0.516
  qp-env        4/4       3.03/15.32/41.67          923       20    16.28   0.0315    35%     0.0003      0/3129         0     0.0025       0
      primary samples 9, productive 9 (100.0%), vertices/sample 4.500
      qp 265.3 rows/call, 97% of calls reached the solver, 3990 calls
  vamp-rrtc     4/4       0.06/0.18/0.21          4017       17    14.62        -      -     0.0023      0/2667         0     0.0013       0
      primary samples 0, productive 0 (0.0%), vertices/sample 0.000

Hop disposition -- what set the hop's length, median over problems.
  row         floored(<1 step)    at region   edge-limited
  qp-fixed            100.0%         0.0%           0.0%
  qp-plain            100.0%         0.0%           0.0%
  qp-adapt             67.8%        31.4%           1.3%
  qp-free             100.0%         0.0%           0.0%
  free-env              2.3%        83.5%          12.9%
  qp-env               71.6%        25.8%           2.4%

Endpoint clearance at zero margin -- min(start, goal) over all spheres.
  scene                     min    median       max affordable   problems by margin
  bookshelf_small        0.0052    0.0077    0.0097    0.0052   0:100% 0.02:  0% 0.04:  0% 0.06:  0% 0.09:  0%
  bookshelf_tall         0.0013    0.0057    0.0059    0.0013   0:100% 0.02:  0% 0.04:  0% 0.06:  0% 0.09:  0%
  bookshelf_thin         0.0039    0.0059    0.0072    0.0039   0:100% 0.02:  0% 0.04:  0% 0.06:  0% 0.09:  0%
  box                    0.0127    0.0127    0.0127    0.0127   0:100% 0.02:  0% 0.04:  0% 0.06:  0% 0.09:  0%
  cage                   0.0127    0.0127    0.0127    0.0127   0:100% 0.02:  0% 0.04:  0% 0.06:  0% 0.09:  0%
  table_pick             0.0076    0.0078    0.0082    0.0076   0:100% 0.02:  0% 0.04:  0% 0.06:  0% 0.09:  0%
  table_under_pick       0.0079    0.0081    0.0082    0.0079   0:100% 0.02:  0% 0.04:  0% 0.06:  0% 0.09:  0%

all scenes  (29 problems, 0 skipped: 0 clearance, 0 self-collision)
  rrtconnect   29/29      2.48/19.47/1089.08       3854       21    15.60        -      -     0.0002      0/21518        0     0.0025       0
      primary samples 69, productive 17 (24.6%), vertices/sample 0.286
  qp-fixed     29/29      7.70/22.83/813.94        1134       12     9.96   0.0112     0%     0.0001      0/30268        0     0.0001       0
      primary samples 3, productive 3 (100.0%), vertices/sample 3.333
      qp 269.7 rows/call, 71% of calls reached the solver, 168929 calls
  qp-plain     29/29      8.10/23.37/865.00        1134       12     9.96   0.0112     0%     0.0001      0/30268        0     0.0001       0
      primary samples 3, productive 3 (100.0%), vertices/sample 3.333
      qp 342.0 rows/call, 100% of calls reached the solver, 168929 calls
  qp-adapt     29/29      0.66/12.59/567.97         604       12     9.97   0.0228    32%     0.0001      0/25010        0     0.0001       0
      primary samples 3, productive 3 (100.0%), vertices/sample 3.333
      qp 277.0 rows/call, 93% of calls reached the solver, 110204 calls
  qp-free      29/29      7.18/126.85/9395.46      13590       37    13.42   0.0045     0%     0.0010      0/40841        0     0.0004       0
      primary samples 88, productive 30 (34.1%), vertices/sample 0.409
  free-env     29/29      0.95/17.88/622.54         689       36    15.02   0.0774    95%     0.0000      0/23929        0     0.0000       0
      primary samples 72, productive 27 (37.5%), vertices/sample 0.478
  qp-env       29/29      0.44/7.33/439.24         394       12    10.49   0.0419    28%     0.0000      0/22571        0     0.0000       0
      primary samples 3, productive 3 (100.0%), vertices/sample 3.500
      qp 274.4 rows/call, 95% of calls reached the solver, 75116 calls
  vamp-rrtc    29/29      0.04/0.26/17.11         4376       23    14.62        -      -    -0.0002      3/20775        0     0.0003       0
      primary samples 0, productive 0 (0.0%), vertices/sample 0.000

"samples" is checked configurations for isSafe, barrier evaluations for
the three CBF rows, and SIMD configuration lanes evaluated for VAMP. They measure
sampling work, while wall time captures the very different per-sample costs.
"unsafe/audited" evaluates exact primitive clearance at every state of the
densified solution -- for each CBF row that is the rollout the planner recorded
for each edge, replayed, so it is the motion that would actually be executed,
sampled inside each step rather than only at its boundaries. Non-zero unsafe
invalidates a row however fast it was.
"missed" counts solution edges that were not on file and had to be
re-derived; it must be zero, or the audited motion is a different trajectory
from the one the planner found.


envelope hop: 16833 filter calls, 1.251 hold queries/call, 18.6% saturated, 100.0% longer than L1, past one step 91.9% (L1 alone 51.9%), gated 77.6%, empty-active 0.0%, screen-escalated 1.8%
envelope bottleneck: world 96.7%, self-collision 3.2%, unbound 0.1% (horizon or screen clip), blocked 0.0%, joint-limit clamped 0.0%
envelope binding term:
  world rows       L1 0.0%, local-L1 0.5%, speed-capped 6.7%, isotropic-anchored 92.9% (of 16279 bound calls)
  self-pair rows   L1 0.0%, local-L1 0.0%, speed-capped 0.0%, normal-anchored 100.0% (of 537 bound calls)
local-lever screen: 394238 of 663579 expensive world rows settled before the envelope (59.4%)
span handed to the rollout, in controller steps (75116 calls):
                   <1      1-2      2-4      4-8       8+
  L1 only      88.37%     6.19%     2.95%     1.37%     1.11%
  envelope     79.39%     4.58%     6.41%     4.90%     4.72%
=== CBF profiler (wall time) ===
=== CBF filter stats ===
  calls=0  unchanged=0 (0.0%)  filtered=0 (0.0%)  blocked=0 (0.0%)
  active rows:       avg=0.00  max=0
  zero-row fast path: 0 (0.0%)
  qp iterations:     avg=0.00  max=0
  certified duration: avg=0.00000s  min=0.00000s  max=0.00000s  (over 0 non-blocked calls)
  required gain:     avg=0.000/s  max=0.000/s  p50=0.000/s  p90=0.000/s  p99=0.000/s  (over 0 calls, 0 uncertified)
