
MotionBenchMaker UR5, 689 problems loaded, up to 100 per scene
voxel 0.003 m, margin 0.0000 m + 0.0000 m filter buffer, stepSize 0.001 s, range 2.00 rad, 10.0 s limit

hop certificates: old L1 Lipschitz region and new hold-time bound
Picard: off; trajectory prefixes: 0; sequential rollout budget: 10000 calls
kappa 20.00 /s, certified step uncapped, self-collision margin 0.0000 m over 302 pairs
baseline segment: 0.000650 of extent = 0.0100 rad, rollout step 0.0100 rad (matched to the rollout)
rope shortcut off, all rows unsimplified

seed 1
  planner       solved ms(min/med/max)        samples vertices     path rad/call coarse  worst clr unsafe/audited missed worst self collide

bookshelf_small  (4 problems, 0 skipped: 0 clearance, 0 self-collision)
  rrtconnect    4/4       2.61/28.55/59.42         7388       37    20.09        -      -     0.0014      0/3130         0     0.0025       0
      primary samples 158, productive 33 (20.9%), vertices/sample 0.500
  qp-fixed      4/4       4.82/28.61/90.60         2231       23     8.64   0.0131     0%     0.0004      0/3116         0     0.0025       0
      primary samples 7, productive 7 (100.0%), vertices/sample 5.000
      qp 273.7 rows/call, 57% of calls reached the solver, 9840 calls
  qp-plain      4/4       5.06/30.13/91.21         2231       23     8.64   0.0131     0%     0.0004      0/3116         0     0.0025       0
      primary samples 7, productive 7 (100.0%), vertices/sample 5.000
      qp 342.0 rows/call, 100% of calls reached the solver, 9840 calls
  qp-adapt      4/4       1.27/7.95/24.72          702       23     8.64   0.0416    73%     0.0004      0/2255         0     0.0025       0
      primary samples 7, productive 7 (100.0%), vertices/sample 5.000
      qp 296.2 rows/call, 84% of calls reached the solver, 2914 calls
  qp-free       4/4       4.14/170.04/349.18       20722       62    19.98   0.0046     0%     0.0022      0/4857         0     0.0025       0
      primary samples 158, productive 52 (32.9%), vertices/sample 0.636
  free-env      4/4       1.58/23.77/42.54         1174       62    19.93   0.0831    97%     0.0021      0/2971         0     0.0025       0
      primary samples 158, productive 51 (32.3%), vertices/sample 0.682
  qp-env        4/4       0.50/3.01/16.39          204       21     8.62   0.1651    89%     0.0004      0/2016         0     0.0025       0
      primary samples 7, productive 7 (100.0%), vertices/sample 5.000
      qp 300.7 rows/call, 75% of calls reached the solver, 1412 calls
  vamp-rrtc     4/4       0.04/0.49/1.25         10318       42    12.35        -      -     0.0014      0/2840         0     0.0025       0
      primary samples 0, productive 0 (0.0%), vertices/sample 0.000

bookshelf_tall  (3 problems, 0 skipped: 0 clearance, 0 self-collision)
  rrtconnect    3/3      44.10/75.65/319.38        9163       46    11.87        -      -     0.0001      0/2069         0     0.0025       0
      primary samples 284, productive 43 (15.1%), vertices/sample 0.162
  qp-fixed      3/3       8.96/14.85/51.93          679        7     7.58   0.0112     0%     0.0015      0/2044         0     0.0007       0
      primary samples 1, productive 1 (100.0%), vertices/sample 6.000
      qp 281.2 rows/call, 56% of calls reached the solver, 3584 calls
  qp-plain      3/3       9.32/15.20/50.45          679        7     7.58   0.0112     0%     0.0015      0/2044         0     0.0007       0
      primary samples 1, productive 1 (100.0%), vertices/sample 6.000
      qp 342.0 rows/call, 100% of calls reached the solver, 3584 calls
  qp-adapt      3/3       1.79/7.27/24.69          343        7     7.58   0.0221    47%     0.0015      0/1699         0     0.0007       0
      primary samples 1, productive 1 (100.0%), vertices/sample 6.000
      qp 306.8 rows/call, 92% of calls reached the solver, 1811 calls
  qp-free       3/3     143.09/302.83/433.62       26084       54    15.79   0.0038     0%     0.0006      0/4603         0     0.0024       0
      primary samples 184, productive 42 (22.8%), vertices/sample 0.310
  free-env      3/3      22.57/47.35/69.30         1519       48    17.06   0.0607    95%     0.0006      0/2628         0     0.0001       0
      primary samples 195, productive 41 (21.0%), vertices/sample 0.290
  qp-env        3/3       0.97/3.21/12.94          140        7     7.60   0.0543    41%     0.0015      0/1452         0     0.0008       0
      primary samples 1, productive 1 (100.0%), vertices/sample 6.000
      qp 307.2 rows/call, 96% of calls reached the solver, 834 calls
  vamp-rrtc     3/3       0.37/0.39/0.80          5736       28    14.78        -      -     0.0006      0/2321         0     0.0025       0
      primary samples 0, productive 0 (0.0%), vertices/sample 0.000

bookshelf_thin  (5 problems, 0 skipped: 0 clearance, 0 self-collision)
  rrtconnect    5/5      31.86/53.44/242.20        5356       28    14.56        -      -     0.0007      0/3972         0     0.0025       0
      primary samples 91, productive 24 (26.4%), vertices/sample 0.308
  qp-fixed      5/5       7.84/29.06/123.53        1121       15     9.83   0.0106     0%     0.0001      0/4370         0     0.0025       0
      primary samples 2, productive 2 (100.0%), vertices/sample 5.000
      qp 260.0 rows/call, 77% of calls reached the solver, 8716 calls
  qp-plain      5/5       8.28/29.82/128.04        1121       15     9.83   0.0106     0%     0.0001      0/4370         0     0.0025       0
      primary samples 2, productive 2 (100.0%), vertices/sample 5.000
      qp 342.0 rows/call, 100% of calls reached the solver, 8716 calls
  qp-adapt      5/5       1.98/19.80/69.76          775       15     9.84   0.0187    31%     0.0001      0/3698         0     0.0025       0
      primary samples 2, productive 2 (100.0%), vertices/sample 5.000
      qp 258.0 rows/call, 95% of calls reached the solver, 5067 calls
  qp-free       5/5     121.58/209.76/237.36       14780       49    13.03   0.0050     0%     0.0016      0/6000         0     0.0025       0
      primary samples 91, productive 36 (39.6%), vertices/sample 0.438
  free-env      5/5      19.69/30.69/44.04          721       44    13.05   0.0939    98%     0.0004      0/3637         0     0.0025       0
      primary samples 91, productive 33 (36.3%), vertices/sample 0.446
  qp-env        5/5       0.75/11.69/55.66          485       15    12.74   0.0424    21%     0.0001      0/3223         0     0.0025       0
      primary samples 6, productive 5 (83.3%), vertices/sample 2.500
      qp 252.9 rows/call, 95% of calls reached the solver, 4630 calls
  vamp-rrtc     5/5       0.31/0.63/3.47          5883       33    13.37        -      -     0.0022      0/3710         0     0.0025       0
      primary samples 0, productive 0 (0.0%), vertices/sample 0.000

box  (4 problems, 0 skipped: 0 clearance, 0 self-collision)
  rrtconnect    4/4       3.59/10.14/12.09         2724       16    12.43        -      -     0.0086      0/2349         0     0.0025       0
      primary samples 30, productive 11 (36.7%), vertices/sample 0.818
  qp-fixed      4/4       5.41/19.11/25.46         1581       18    11.02   0.0111     0%     0.0006      0/3258         0     0.0025       0
      primary samples 4, productive 4 (100.0%), vertices/sample 4.500
      qp 260.1 rows/call, 71% of calls reached the solver, 5322 calls
  qp-plain      4/4       6.04/20.95/27.20         1581       18    11.02   0.0111     0%     0.0006      0/3258         0     0.0025       0
      primary samples 4, productive 4 (100.0%), vertices/sample 4.500
      qp 342.0 rows/call, 100% of calls reached the solver, 5322 calls
  qp-adapt      4/4       0.49/8.34/11.73          729       19    11.02   0.0292    46%     0.0006      0/2462         0     0.0025       0
      primary samples 4, productive 4 (100.0%), vertices/sample 4.750
      qp 275.6 rows/call, 95% of calls reached the solver, 2197 calls
  qp-free       4/4       8.95/35.45/239.53        4554       20    10.24   0.0064     0%     0.0024      0/5079         0     0.0025       0
      primary samples 22, productive 12 (54.5%), vertices/sample 1.111
  free-env      4/4       0.92/25.65/25.78         1338       69    14.09   0.1344    98%     0.0034      0/3037         0     0.0025       0
      primary samples 158, productive 55 (34.8%), vertices/sample 1.111
  qp-env        4/4       0.35/6.32/7.97           482       19    11.06   0.0509    25%     0.0004      0/2272         0     0.0025       0
      primary samples 4, productive 4 (100.0%), vertices/sample 4.750
      qp 274.5 rows/call, 95% of calls reached the solver, 1360 calls
  vamp-rrtc     4/4       0.05/0.14/0.20          2275       17    10.51        -      -     0.0208      0/2195         0     0.0025       0
      primary samples 0, productive 0 (0.0%), vertices/sample 0.000

cage  (4 problems, 0 skipped: 0 clearance, 0 self-collision)
  rrtconnect    4/4     501.29/866.09/982.03      211941     1368    21.03        -      -     0.0008      0/4313         0     0.0025       0
      primary samples 10207, productive 1365 (13.4%), vertices/sample 0.156
  qp-fixed      4/4     196.37/576.87/621.26       41394      202    25.26   0.0089     0%     0.0000      0/8035         0     0.0008       0
      primary samples 172, productive 125 (72.7%), vertices/sample 1.361
      qp 270.5 rows/call, 88% of calls reached the solver, 122830 calls
  qp-plain      4/4     205.98/596.77/651.84       41394      202    25.26   0.0089     0%     0.0000      0/8035         0     0.0008       0
      primary samples 172, productive 125 (72.7%), vertices/sample 1.361
      qp 342.0 rows/call, 100% of calls reached the solver, 122830 calls
  qp-adapt      4/4     125.35/388.26/443.53       27733      199    25.27   0.0134    30%     0.0000      0/6644         0     0.0008       0
      primary samples 172, productive 124 (72.1%), vertices/sample 1.361
      qp 272.8 rows/call, 98% of calls reached the solver, 84565 calls
  qp-free       4/4     757.86/1739.05/6617.43     225585      474    25.96   0.0038     0%     0.0004      0/10108        0     0.0002       0
      primary samples 1690, productive 449 (26.6%), vertices/sample 0.283
  free-env      4/4     396.92/685.17/771.28       35830     1401    26.92   0.0580    93%     0.0000      0/4934         0     0.0025       0
      primary samples 5980, productive 1366 (22.8%), vertices/sample 0.240
  qp-env        4/4     124.02/304.15/335.67       20737      198    29.21   0.0177    23%     0.0000      0/6213         0     0.0002       0
      primary samples 172, productive 125 (72.7%), vertices/sample 1.221
      qp 271.6 rows/call, 99% of calls reached the solver, 67260 calls
  vamp-rrtc     4/4       2.26/32.05/43.17       456747     1478    20.81        -      -     0.0008      0/4157         0     0.0019       0
      primary samples 0, productive 0 (0.0%), vertices/sample 0.000

table_pick  (4 problems, 0 skipped: 0 clearance, 0 self-collision)
  rrtconnect    4/4      11.22/14.04/19.26         2410       13    12.89        -      -     0.0012      0/2429         0     0.0025       0
      primary samples 24, productive 9 (37.5%), vertices/sample 0.545
  qp-fixed      4/4       8.30/11.34/14.64          701        7     8.82   0.0127     0%     0.0007      0/2449         0     0.0025       0
      primary samples 1, productive 1 (100.0%), vertices/sample 6.000
      qp 259.1 rows/call, 48% of calls reached the solver, 2699 calls
  qp-plain      4/4       8.64/12.01/15.51          701        7     8.82   0.0127     0%     0.0007      0/2449         0     0.0025       0
      primary samples 1, productive 1 (100.0%), vertices/sample 6.000
      qp 342.0 rows/call, 100% of calls reached the solver, 2699 calls
  qp-adapt      4/4       1.34/3.68/7.57           232        7     8.85   0.0557    60%     0.0007      0/1888         0     0.0025       0
      primary samples 1, productive 1 (100.0%), vertices/sample 6.000
      qp 282.8 rows/call, 88% of calls reached the solver, 823 calls
  qp-free       4/4      30.61/35.36/77.25         3611       21    12.82   0.0068     0%     0.0011      0/3284         0     0.0025       0
      primary samples 24, productive 12 (50.0%), vertices/sample 0.833
  free-env      4/4       5.13/5.63/11.06          217       21    13.68   0.1132    98%     0.0011      0/2196         0     0.0025       0
      primary samples 24, productive 13 (54.2%), vertices/sample 0.826
  qp-env        4/4       0.77/2.25/2.40           125        7     8.80   0.1362    58%     0.0006      0/1711         0     0.0025       0
      primary samples 1, productive 1 (100.0%), vertices/sample 6.000
      qp 287.3 rows/call, 89% of calls reached the solver, 356 calls
  vamp-rrtc     4/4       0.13/0.15/0.25          1878       13    12.89        -      -     0.0012      0/2423         0     0.0025       0
      primary samples 0, productive 0 (0.0%), vertices/sample 0.000

table_under_pick  (4 problems, 0 skipped: 0 clearance, 0 self-collision)
  rrtconnect    4/4       8.33/13.49/17.53         2411       14    15.10        -      -     0.0018      0/2822         0     0.0025       0
      primary samples 32, productive 9 (28.1%), vertices/sample 0.476
  qp-fixed      4/4      10.78/32.17/171.93        1901       19    16.81   0.0114     0%     0.0000      0/4906         0     0.0024       0
      primary samples 5, productive 5 (100.0%), vertices/sample 8.000
      qp 276.6 rows/call, 82% of calls reached the solver, 13415 calls
  qp-plain      4/4      11.49/33.30/180.13        1901       19    16.81   0.0114     0%     0.0000      0/4906         0     0.0024       0
      primary samples 5, productive 5 (100.0%), vertices/sample 8.000
      qp 342.0 rows/call, 100% of calls reached the solver, 13415 calls
  qp-adapt      4/4       2.28/18.42/150.58        1184       19    16.81   0.0184    37%     0.0000      0/5011         0     0.0015       0
      primary samples 5, productive 5 (100.0%), vertices/sample 8.000
      qp 268.3 rows/call, 95% of calls reached the solver, 11576 calls
  qp-free       4/4      35.98/46.11/86.27         4688       16    14.80   0.0051     0%     0.0010      0/4480         0     0.0023       0
      primary samples 32, productive 12 (37.5%), vertices/sample 0.500
  free-env      4/4       5.44/7.16/13.53          265       16    14.87   0.0950    98%     0.0012      0/2853         0     0.0021       0
      primary samples 32, productive 11 (34.4%), vertices/sample 0.469
  qp-env        4/4       1.11/11.19/102.28         683       20    17.28   0.0322    34%     0.0000      0/4369         0     0.0017       0
      primary samples 5, productive 5 (100.0%), vertices/sample 8.000
      qp 271.2 rows/call, 97% of calls reached the solver, 7062 calls
  vamp-rrtc     4/4       0.10/0.17/0.24          2492       17    15.10        -      -     0.0029      0/2930         0     0.0025       0
      primary samples 0, productive 0 (0.0%), vertices/sample 0.000

Hop disposition -- what set the hop's length, median over problems.
  row         floored(<1 step)    at region   edge-limited
  qp-fixed            100.0%         0.0%           0.0%
  qp-plain            100.0%         0.0%           0.0%
  qp-adapt             57.3%        41.8%           1.5%
  qp-free             100.0%         0.0%           0.0%
  free-env              1.6%        83.9%          13.7%
  qp-env               65.3%        32.1%           3.1%

Endpoint clearance at zero margin -- min(start, goal) over all spheres.
  scene                     min    median       max affordable   problems by margin
  bookshelf_small        0.0057    0.0064    0.0084    0.0057   0:100% 0.02:  0% 0.04:  0% 0.06:  0% 0.09:  0%
  bookshelf_tall         0.0015    0.0050    0.0071    0.0015   0:100% 0.02:  0% 0.04:  0% 0.06:  0% 0.09:  0%
  bookshelf_thin         0.0050    0.0080    0.0098    0.0050   0:100% 0.02:  0% 0.04:  0% 0.06:  0% 0.09:  0%
  box                    0.0127    0.0127    0.0127    0.0127   0:100% 0.02:  0% 0.04:  0% 0.06:  0% 0.09:  0%
  cage                   0.0063    0.0127    0.0127    0.0063   0:100% 0.02:  0% 0.04:  0% 0.06:  0% 0.09:  0%
  table_pick             0.0075    0.0080    0.0082    0.0075   0:100% 0.02:  0% 0.04:  0% 0.06:  0% 0.09:  0%
  table_under_pick       0.0078    0.0081    0.0083    0.0078   0:100% 0.02:  0% 0.04:  0% 0.06:  0% 0.09:  0%

all scenes  (28 problems, 0 skipped: 0 clearance, 0 self-collision)
  rrtconnect   28/28      2.61/28.55/982.03        3358       18    14.56        -      -     0.0001      0/21084        0     0.0025       0
      primary samples 59, productive 15 (25.4%), vertices/sample 0.346
  qp-fixed     28/28      4.82/19.11/621.26        1272       15     9.39   0.0112     0%     0.0000      0/28178        0     0.0007       0
      primary samples 4, productive 3 (75.0%), vertices/sample 4.500
      qp 269.9 rows/call, 71% of calls reached the solver, 166406 calls
  qp-plain     28/28      5.06/20.95/651.84        1272       15     9.39   0.0112     0%     0.0000      0/28178        0     0.0007       0
      primary samples 4, productive 3 (75.0%), vertices/sample 4.500
      qp 342.0 rows/call, 100% of calls reached the solver, 166406 calls
  qp-adapt     28/28      0.49/8.34/443.53         702       15     9.39   0.0255    42%     0.0000      0/23657        0     0.0007       0
      primary samples 4, productive 3 (75.0%), vertices/sample 4.750
      qp 276.0 rows/call, 94% of calls reached the solver, 108953 calls
  qp-free      28/28      4.14/143.09/6617.43      10663       31    13.63   0.0049     0%     0.0004      0/38411        0     0.0002       0
      primary samples 72, productive 25 (34.7%), vertices/sample 0.438
  free-env     28/28      0.92/23.77/771.28         678       33    14.62   0.0846    97%     0.0000      0/22256        0     0.0001       0
      primary samples 85, productive 26 (30.6%), vertices/sample 0.452
  qp-env       28/28      0.35/6.32/335.67         364       15     9.40   0.0508    36%     0.0000      0/21256        0     0.0002       0
      primary samples 4, productive 4 (100.0%), vertices/sample 4.000
      qp 278.2 rows/call, 95% of calls reached the solver, 82914 calls
  vamp-rrtc    28/28      0.04/0.31/43.17         3498       21    14.45        -      -     0.0006      0/20576        0     0.0019       0
      primary samples 0, productive 0 (0.0%), vertices/sample 0.000

"samples" is checked configurations for isSafe, barrier evaluations for
the three CBF rows, and SIMD configuration lanes evaluated for VAMP. They measure
sampling work, while wall time captures the very different per-sample costs.
"unsafe/audited" evaluates exact primitive clearance at every state of the
densified solution -- for each CBF row that is the rollout the planner recorded
for each edge, replayed, so it is the motion that would actually be executed,
sampled inside each step rather than only at its boundaries. Non-zero unsafe
invalidates a row however fast it was.
"missed" counts solution edges that were not on file and had to be
re-derived; it must be zero, or the audited motion is a different trajectory
from the one the planner found.


envelope hop: 19647 filter calls, 1.250 hold queries/call, 18.9% saturated, 100.0% longer than L1, past one step 93.2% (L1 alone 48.4%), gated 76.3%, empty-active 0.0%, screen-escalated 1.4%
envelope bottleneck: world 96.9%, self-collision 3.0%, unbound 0.1% (horizon or screen clip), blocked 0.0%, joint-limit clamped 0.0%
envelope binding term:
  world rows       L1 0.0%, local-L1 0.5%, speed-capped 7.6%, isotropic-anchored 91.9% (of 19042 bound calls)
  self-pair rows   L1 0.0%, local-L1 0.0%, speed-capped 0.3%, normal-anchored 99.7% (of 595 bound calls)
local-lever screen: 536533 of 910715 expensive world rows settled before the envelope (58.9%)
span handed to the rollout, in controller steps (82912 calls):
                   <1      1-2      2-4      4-8       8+
  L1 only      88.53%     6.31%     2.94%     1.22%     1.01%
  envelope     77.92%     5.73%     6.48%     4.96%     4.92%
=== CBF profiler (wall time) ===
=== CBF filter stats ===
  calls=0  unchanged=0 (0.0%)  filtered=0 (0.0%)  blocked=0 (0.0%)
  active rows:       avg=0.00  max=0
  zero-row fast path: 0 (0.0%)
  qp iterations:     avg=0.00  max=0
  certified duration: avg=0.00000s  min=0.00000s  max=0.00000s  (over 0 non-blocked calls)
  required gain:     avg=0.000/s  max=0.000/s  p50=0.000/s  p90=0.000/s  p99=0.000/s  (over 0 calls, 0 uncertified)
