
MotionBenchMaker UR5, 689 problems loaded, up to 100 per scene
voxel 0.003 m, margin 0.0000 m + 0.0000 m filter buffer, stepSize 0.001 s, range 2.00 rad, 10.0 s limit

hop certificates: old L1 Lipschitz region and new hold-time bound
Picard: off; trajectory prefixes: 0; sequential rollout budget: 10000 calls
kappa 20.00 /s, certified step uncapped, self-collision margin 0.0000 m over 302 pairs
baseline segment: 0.000650 of extent = 0.0100 rad, rollout step 0.0100 rad (matched to the rollout)
rope shortcut off, all rows unsimplified

seed 1
  planner       solved ms(min/med/max)        samples vertices     path rad/call coarse  worst clr unsafe/audited missed worst self collide

bookshelf_small  (4 problems, 1 skipped: 0 clearance, 1 self-collision)
  rrtconnect    3/3       2.87/17.25/17.97         4374       23    20.21        -      -     0.0016      0/2465         0     0.0004       0
      primary samples 83, productive 19 (22.9%), vertices/sample 0.277
  qp-fixed      3/3       5.10/10.22/26.55          803        8     9.90   0.0123     0%     0.0008      0/2571         0     0.0001       0
      primary samples 1, productive 1 (100.0%), vertices/sample 6.000
      qp 274.2 rows/call, 47% of calls reached the solver, 3160 calls
  qp-plain      3/3       5.44/10.79/27.62          803        8     9.90   0.0123     0%     0.0008      0/2571         0     0.0001       0
      primary samples 1, productive 1 (100.0%), vertices/sample 6.000
      qp 342.0 rows/call, 100% of calls reached the solver, 3160 calls
  qp-adapt      3/3       1.84/3.69/16.04          305        8     9.91   0.0325    34%     0.0008      0/2123         0     0.0000       0
      primary samples 1, productive 1 (100.0%), vertices/sample 6.000
      qp 273.9 rows/call, 78% of calls reached the solver, 1578 calls
  qp-free       3/3       8.94/104.42/471.02       12574       32    19.61   0.0041     0%     0.0010      0/4890         0     0.0003       0
      primary samples 83, productive 25 (30.1%), vertices/sample 0.386
  free-env      3/3       1.19/11.90/14.42          557       35    20.41   0.1077    95%     0.0031      0/2569         0     0.0001       0
      primary samples 83, productive 24 (28.9%), vertices/sample 0.542
  qp-env        3/3       0.91/3.50/7.50           245        8     9.93   0.0462    25%     0.0006      0/1942         0     0.0000       0
      primary samples 1, productive 1 (100.0%), vertices/sample 6.000
      qp 278.5 rows/call, 91% of calls reached the solver, 786 calls
  vamp-rrtc     3/3       0.03/0.24/0.27          4679       23    16.02        -      -     0.0016      0/2256         0     0.0025       0
      primary samples 0, productive 0 (0.0%), vertices/sample 0.000

bookshelf_tall  (4 problems, 0 skipped: 0 clearance, 0 self-collision)
  rrtconnect    4/4       8.21/202.90/223.30       26734      134    18.33        -      -     0.0015      0/3497         0     0.0000       0
      primary samples 852, productive 130 (15.3%), vertices/sample 0.235
  qp-fixed      4/4       6.82/66.54/90.02         3266       28    14.51   0.0123     0%     0.0003      0/3732         0     0.0021       0
      primary samples 7, productive 7 (100.0%), vertices/sample 6.000
      qp 284.3 rows/call, 75% of calls reached the solver, 8786 calls
  qp-plain      4/4       7.28/69.74/91.70         3266       28    14.51   0.0123     0%     0.0003      0/3732         0     0.0021       0
      primary samples 7, productive 7 (100.0%), vertices/sample 6.000
      qp 342.0 rows/call, 100% of calls reached the solver, 8786 calls
  qp-adapt      4/4       1.11/28.63/49.28         1573       25    17.62   0.0327    55%     0.0002      0/3415         0     0.0021       0
      primary samples 7, productive 7 (100.0%), vertices/sample 6.000
      qp 289.2 rows/call, 93% of calls reached the solver, 4471 calls
  qp-free       4/4      55.46/308.84/422.59       26151       76    19.08   0.0058     0%     0.0014      0/6612         0     0.0019       0
      primary samples 190, productive 65 (34.2%), vertices/sample 0.409
  free-env      4/4      10.06/22.49/29.72          653       42    17.83   0.0978    96%     0.0001      0/3626         0     0.0000       0
      primary samples 96, productive 30 (31.2%), vertices/sample 0.438
  qp-env        4/4       0.64/19.50/35.66          962       22    17.65   0.0633    34%     0.0002      0/2984         0     0.0022       0
      primary samples 7, productive 7 (100.0%), vertices/sample 4.000
      qp 285.0 rows/call, 96% of calls reached the solver, 2882 calls
  vamp-rrtc     4/4       0.14/0.81/5.37         11873       53    19.89        -      -     0.0013      0/3567         0     0.0002       0
      primary samples 0, productive 0 (0.0%), vertices/sample 0.000

bookshelf_thin  (4 problems, 0 skipped: 0 clearance, 0 self-collision)
  rrtconnect    4/4      77.25/416.38/810.35       41425      218    18.98        -      -     0.0008      0/3440         0     0.0011       0
      primary samples 1290, productive 215 (16.7%), vertices/sample 0.216
  qp-fixed      4/4      12.79/47.99/114.82        1831       14    11.27   0.0132     0%     0.0010      0/2904         0     0.0025       0
      primary samples 5, productive 4 (80.0%), vertices/sample 4.667
      qp 286.3 rows/call, 68% of calls reached the solver, 7972 calls
  qp-plain      4/4      13.25/48.83/115.95        1831       14    11.27   0.0132     0%     0.0010      0/2904         0     0.0025       0
      primary samples 5, productive 4 (80.0%), vertices/sample 4.667
      qp 342.0 rows/call, 100% of calls reached the solver, 7972 calls
  qp-adapt      4/4       5.05/25.93/49.54         1038       15    11.25   0.0315    45%     0.0010      0/2509         0     0.0025       0
      primary samples 5, productive 4 (80.0%), vertices/sample 5.000
      qp 294.4 rows/call, 92% of calls reached the solver, 3828 calls
  qp-free       4/4      80.27/302.37/1724.26      21366       67    16.68   0.0050     0%     0.0024      0/6007         0     0.0006       0
      primary samples 162, productive 56 (34.6%), vertices/sample 0.414
  free-env      4/4      14.40/28.43/221.83         648       43    17.25   0.0883    97%     0.0014      0/3185         0     0.0000       0
      primary samples 92, productive 35 (38.0%), vertices/sample 0.467
  qp-env        4/4       3.06/4.71/18.11          199       12     9.19   0.0830    46%     0.0003      0/2296         0     0.0025       0
      primary samples 3, productive 3 (100.0%), vertices/sample 6.000
      qp 297.5 rows/call, 90% of calls reached the solver, 1135 calls
  vamp-rrtc     4/4       0.27/0.73/12.54         6252       37    13.36        -      -     0.0003      0/2716         0     0.0004       0
      primary samples 0, productive 0 (0.0%), vertices/sample 0.000

box  (4 problems, 0 skipped: 0 clearance, 0 self-collision)
  rrtconnect    4/4       2.52/8.34/17.03         2164       13    11.66        -      -     0.0029      0/2195         0     0.0025       0
      primary samples 44, productive 9 (20.5%), vertices/sample 0.393
  qp-fixed      4/4       5.70/17.45/24.19         1450       14    11.10   0.0129     0%     0.0037      0/3131         0     0.0025       0
      primary samples 4, productive 4 (100.0%), vertices/sample 3.800
      qp 243.1 rows/call, 79% of calls reached the solver, 4696 calls
  qp-plain      4/4       6.02/19.56/26.18         1450       14    11.10   0.0129     0%     0.0037      0/3131         0     0.0025       0
      primary samples 4, productive 4 (100.0%), vertices/sample 3.800
      qp 342.0 rows/call, 100% of calls reached the solver, 4696 calls
  qp-adapt      4/4       1.32/5.91/9.64           569       15    11.09   0.0338    60%     0.0030      0/2462         0     0.0025       0
      primary samples 4, productive 4 (100.0%), vertices/sample 3.800
      qp 269.4 rows/call, 94% of calls reached the solver, 1847 calls
  qp-free       4/4      15.11/56.56/171.94        7269       29    16.27   0.0060     0%     0.0037      0/5497         0     0.0016       0
      primary samples 49, productive 22 (44.9%), vertices/sample 0.677
  free-env      4/4       3.07/10.09/37.84          594       30    16.40   0.1034    91%     0.0001      0/3210         0     0.0002       0
      primary samples 49, productive 23 (46.9%), vertices/sample 0.735
  qp-env        4/4       1.02/2.99/8.43           228       14    11.08   0.0902    48%     0.0003      0/2301         0     0.0025       0
      primary samples 4, productive 4 (100.0%), vertices/sample 3.500
      qp 270.2 rows/call, 94% of calls reached the solver, 1046 calls
  vamp-rrtc     4/4       0.14/0.16/0.25          2978       16    11.50        -      -     0.0032      0/2380         0     0.0025       0
      primary samples 0, productive 0 (0.0%), vertices/sample 0.000

cage  (4 problems, 0 skipped: 0 clearance, 0 self-collision)
  rrtconnect    4/4     137.61/336.45/995.85       73669      403    21.36        -      -     0.0000      0/4166         0     0.0025       0
      primary samples 2529, productive 399 (15.8%), vertices/sample 0.157
  qp-fixed      4/4      75.09/309.84/393.60       23532      118    19.16   0.0090     0%     0.0002      0/6196         0     0.0025       0
      primary samples 95, productive 66 (69.5%), vertices/sample 1.435
      qp 271.0 rows/call, 90% of calls reached the solver, 69012 calls
  qp-plain      4/4      79.42/323.63/411.15       23532      118    19.16   0.0090     0%     0.0002      0/6196         0     0.0025       0
      primary samples 95, productive 66 (69.5%), vertices/sample 1.435
      qp 342.0 rows/call, 100% of calls reached the solver, 69012 calls
  qp-adapt      4/4      34.35/183.35/267.90       14491      118    20.69   0.0148    34%     0.0000      0/5548         0     0.0025       0
      primary samples 95, productive 66 (69.5%), vertices/sample 1.413
      qp 273.2 rows/call, 98% of calls reached the solver, 44605 calls
  qp-free       4/4    1047.47/3211.07/3659.52     416253      853    22.45   0.0034     0%     0.0014      0/9985         0     0.0016       0
      primary samples 3201, productive 820 (25.6%), vertices/sample 0.266
  free-env      4/4     288.82/790.70/930.18       40885     1544    28.66   0.0550    91%     0.0001      0/5620         0     0.0002       0
      primary samples 6434, productive 1506 (23.4%), vertices/sample 0.248
  qp-env        4/4      23.78/125.27/209.87        8884      118    20.75   0.0235    30%     0.0000      0/5185         0     0.0025       0
      primary samples 95, productive 66 (69.5%), vertices/sample 1.500
      qp 267.1 rows/call, 98% of calls reached the solver, 29833 calls
  vamp-rrtc     4/4       3.18/18.02/26.59       287084      980    21.43        -      -     0.0000      0/4191         0     0.0025       0
      primary samples 0, productive 0 (0.0%), vertices/sample 0.000

table_pick  (4 problems, 0 skipped: 0 clearance, 0 self-collision)
  rrtconnect    4/4       4.57/15.09/20.96         2616       15    10.06        -      -     0.0004      0/1938         0     0.0025       0
      primary samples 50, productive 11 (22.0%), vertices/sample 0.750
  qp-fixed      4/4       6.54/10.84/11.11          651        7     8.21   0.0135     0%     0.0005      0/2206         0     0.0025       0
      primary samples 1, productive 1 (100.0%), vertices/sample 7.000
      qp 268.0 rows/call, 50% of calls reached the solver, 2202 calls
  qp-plain      4/4       7.14/11.10/11.57          651        7     8.21   0.0135     0%     0.0005      0/2206         0     0.0025       0
      primary samples 1, productive 1 (100.0%), vertices/sample 7.000
      qp 342.0 rows/call, 100% of calls reached the solver, 2202 calls
  qp-adapt      4/4       0.83/4.04/5.82           229        7     8.21   0.0547    60%     0.0005      0/1787         0     0.0025       0
      primary samples 1, productive 1 (100.0%), vertices/sample 7.000
      qp 281.0 rows/call, 91% of calls reached the solver, 777 calls
  qp-free       4/4       6.45/76.63/93.18         7713       23    12.28   0.0050     0%     0.0022      0/3644         0     0.0025       0
      primary samples 58, productive 19 (32.8%), vertices/sample 0.562
  free-env      4/4       0.93/9.48/10.88          367       20    12.36   0.1159    97%     0.0023      0/2050         0     0.0025       0
      primary samples 37, productive 16 (43.2%), vertices/sample 0.541
  qp-env        4/4       0.42/2.71/4.26           158        7     8.21   0.1345    59%     0.0005      0/1638         0     0.0025       0
      primary samples 1, productive 1 (100.0%), vertices/sample 7.000
      qp 281.5 rows/call, 95% of calls reached the solver, 483 calls
  vamp-rrtc     4/4       0.05/0.26/0.27          3973       19    10.06        -      -     0.0013      0/1939         0     0.0025       0
      primary samples 0, productive 0 (0.0%), vertices/sample 0.000

table_under_pick  (4 problems, 0 skipped: 0 clearance, 0 self-collision)
  rrtconnect    4/4       6.38/11.55/28.24         1999       10    11.37        -      -     0.0015      0/2389         0     0.0011       0
      primary samples 101, productive 6 (5.9%), vertices/sample 0.263
  qp-fixed      4/4      21.92/31.18/108.90        1801       21    14.17   0.0113     0%     0.0006      0/4859         0     0.0002       0
      primary samples 5, productive 5 (100.0%), vertices/sample 5.000
      qp 298.6 rows/call, 82% of calls reached the solver, 10920 calls
  qp-plain      4/4      22.33/32.38/113.15        1801       21    14.17   0.0113     0%     0.0006      0/4859         0     0.0002       0
      primary samples 5, productive 5 (100.0%), vertices/sample 5.000
      qp 342.0 rows/call, 100% of calls reached the solver, 10920 calls
  qp-adapt      4/4       6.12/12.28/61.76          758       23    14.17   0.0268    56%     0.0006      0/4033         0     0.0002       0
      primary samples 5, productive 5 (100.0%), vertices/sample 5.000
      qp 291.3 rows/call, 93% of calls reached the solver, 5722 calls
  qp-free       4/4      67.94/70.70/91.20         7080       21    16.31   0.0039     0%     0.0018      0/6619         0     0.0011       0
      primary samples 50, productive 16 (32.0%), vertices/sample 0.438
  free-env      4/4       5.12/10.24/19.03          404       15    14.67   0.0751    96%     0.0003      0/3180         0     0.0001       0
      primary samples 48, productive 8 (16.7%), vertices/sample 0.577
  qp-env        4/4       2.91/10.25/42.57          546       21    13.86   0.0600    59%     0.0007      0/3338         0     0.0009       0
      primary samples 5, productive 5 (100.0%), vertices/sample 5.000
      qp 290.6 rows/call, 96% of calls reached the solver, 3517 calls
  vamp-rrtc     4/4       0.07/0.20/0.46          5873       10    11.37        -      -     0.0015      0/2394         0     0.0011       0
      primary samples 0, productive 0 (0.0%), vertices/sample 0.000

Hop disposition -- what set the hop's length, median over problems.
  row         floored(<1 step)    at region   edge-limited
  qp-fixed            100.0%         0.0%           0.0%
  qp-plain            100.0%         0.0%           0.0%
  qp-adapt             54.9%        43.8%           1.7%
  qp-free             100.0%         0.0%           0.0%
  free-env              2.7%        83.2%          13.0%
  qp-env               66.9%        29.4%           2.5%

Endpoint clearance at zero margin -- min(start, goal) over all spheres.
  scene                     min    median       max affordable   problems by margin
  bookshelf_small       -0.0233    0.0055    0.0083   -0.0233   0: 75% 0.02:  0% 0.04:  0% 0.06:  0% 0.09:  0%
  bookshelf_tall         0.0029    0.0057    0.0069    0.0029   0:100% 0.02:  0% 0.04:  0% 0.06:  0% 0.09:  0%
  bookshelf_thin         0.0024    0.0046    0.0072    0.0024   0:100% 0.02:  0% 0.04:  0% 0.06:  0% 0.09:  0%
  box                    0.0127    0.0127    0.0127    0.0127   0:100% 0.02:  0% 0.04:  0% 0.06:  0% 0.09:  0%
  cage                   0.0101    0.0127    0.0127    0.0101   0:100% 0.02:  0% 0.04:  0% 0.06:  0% 0.09:  0%
  table_pick             0.0080    0.0080    0.0083    0.0080   0:100% 0.02:  0% 0.04:  0% 0.06:  0% 0.09:  0%
  table_under_pick       0.0064    0.0078    0.0079    0.0064   0:100% 0.02:  0% 0.04:  0% 0.06:  0% 0.09:  0%

all scenes  (28 problems, 1 skipped: 0 clearance, 1 self-collision)
  rrtconnect   27/27      2.52/17.97/995.85        4423       23    13.80        -      -     0.0000      0/20090        0     0.0000       0
      primary samples 99, productive 19 (19.2%), vertices/sample 0.263
  qp-fixed     27/27      5.10/24.19/393.60        1450       14    11.10   0.0116     0%     0.0002      0/25599        0     0.0001       0
      primary samples 3, productive 3 (100.0%), vertices/sample 4.000
      qp 268.0 rows/call, 62% of calls reached the solver, 106748 calls
  qp-plain     27/27      5.44/26.18/411.15        1450       14    11.10   0.0116     0%     0.0002      0/25599        0     0.0001       0
      primary samples 3, productive 3 (100.0%), vertices/sample 4.000
      qp 342.0 rows/call, 100% of calls reached the solver, 106748 calls
  qp-adapt     27/27      0.83/8.44/267.90         569       15    11.09   0.0268    45%     0.0000      0/21877        0     0.0000       0
      primary samples 3, productive 3 (100.0%), vertices/sample 4.600
      qp 275.2 rows/call, 93% of calls reached the solver, 62828 calls
  qp-free      27/27      6.45/91.20/3659.52       9181       29    16.31   0.0045     0%     0.0010      0/43254        0     0.0003       0
      primary samples 60, productive 22 (36.7%), vertices/sample 0.414
  free-env     27/27      0.93/11.90/930.18         557       25    16.40   0.0817    95%     0.0001      0/23440        0     0.0000       0
      primary samples 58, productive 19 (32.8%), vertices/sample 0.467
  qp-env       27/27      0.42/4.26/209.87         238       12    10.62   0.0462    33%     0.0000      0/19684        0     0.0000       0
      primary samples 3, productive 3 (100.0%), vertices/sample 4.000
      qp 275.3 rows/call, 95% of calls reached the solver, 39682 calls
  vamp-rrtc    27/27      0.03/0.27/26.59         4679       23    12.55        -      -     0.0000      0/19443        0     0.0002       0
      primary samples 0, productive 0 (0.0%), vertices/sample 0.000

"samples" is checked configurations for isSafe, barrier evaluations for
the three CBF rows, and SIMD configuration lanes evaluated for VAMP. They measure
sampling work, while wall time captures the very different per-sample costs.
"unsafe/audited" evaluates exact primitive clearance at every state of the
densified solution -- for each CBF row that is the rollout the planner recorded
for each edge, replayed, so it is the motion that would actually be executed,
sampled inside each step rather than only at its boundaries. Non-zero unsafe
invalidates a row however fast it was.
"missed" counts solution edges that were not on file and had to be
re-derived; it must be zero, or the audited motion is a different trajectory
from the one the planner found.


envelope hop: 11376 filter calls, 1.239 hold queries/call, 18.0% saturated, 100.0% longer than L1, past one step 92.0% (L1 alone 54.1%), gated 71.3%, empty-active 0.0%, screen-escalated 1.6%
envelope bottleneck: world 97.3%, self-collision 2.5%, unbound 0.1% (horizon or screen clip), blocked 0.0%, joint-limit clamped 0.0%
envelope binding term:
  world rows       L1 0.0%, local-L1 0.6%, speed-capped 7.5%, isotropic-anchored 91.9% (of 11073 bound calls)
  self-pair rows   L1 0.0%, local-L1 0.0%, speed-capped 0.0%, normal-anchored 100.0% (of 289 bound calls)
local-lever screen: 463965 of 790046 expensive world rows settled before the envelope (58.7%)
span handed to the rollout, in controller steps (39682 calls):
                   <1      1-2      2-4      4-8       8+
  L1 only      84.49%     7.45%     4.62%     2.07%     1.37%
  envelope     73.63%     4.75%     8.30%     7.05%     6.27%
=== CBF profiler (wall time) ===
=== CBF filter stats ===
  calls=0  unchanged=0 (0.0%)  filtered=0 (0.0%)  blocked=0 (0.0%)
  active rows:       avg=0.00  max=0
  zero-row fast path: 0 (0.0%)
  qp iterations:     avg=0.00  max=0
  certified duration: avg=0.00000s  min=0.00000s  max=0.00000s  (over 0 non-blocked calls)
  required gain:     avg=0.000/s  max=0.000/s  p50=0.000/s  p90=0.000/s  p99=0.000/s  (over 0 calls, 0 uncertified)
