
MotionBenchMaker UR5, 689 problems loaded, up to 100 per scene
voxel 0.003 m, margin 0.0000 m + 0.0000 m filter buffer, stepSize 0.001 s, range 2.00 rad, 10.0 s limit

hop certificates: old L1 Lipschitz region and new hold-time bound
Picard: off; trajectory prefixes: 0; sequential rollout budget: 10000 calls
kappa 20.00 /s, certified step uncapped, self-collision margin 0.0000 m over 302 pairs
baseline segment: 0.000650 of extent = 0.0100 rad, rollout step 0.0100 rad (matched to the rollout)
rope shortcut off, all rows unsimplified

seed 1
  planner       solved ms(min/med/max)        samples vertices     path rad/call coarse  worst clr unsafe/audited missed worst self collide

bookshelf_small  (4 problems, 0 skipped: 0 clearance, 0 self-collision)
  rrtconnect    4/4       2.72/3.90/27.51         1498        9    13.98        -      -     0.0020      0/2221         0     0.0025       0
      primary samples 19, productive 6 (31.6%), vertices/sample 0.900
  qp-fixed      4/4       3.75/6.40/8.78           751        7     9.54   0.0149     0%     0.0020      0/2631         0     0.0023       0
      primary samples 1, productive 1 (100.0%), vertices/sample 7.000
      qp 271.4 rows/call, 48% of calls reached the solver, 2880 calls
  qp-plain      4/4       3.98/6.43/9.27           751        7     9.54   0.0149     0%     0.0020      0/2631         0     0.0023       0
      primary samples 1, productive 1 (100.0%), vertices/sample 7.000
      qp 342.0 rows/call, 100% of calls reached the solver, 2880 calls
  qp-adapt      4/4       0.98/2.94/3.58           363        7     9.54   0.0349    57%     0.0020      0/2231         0     0.0024       0
      primary samples 1, productive 1 (100.0%), vertices/sample 7.000
      qp 298.7 rows/call, 79% of calls reached the solver, 1165 calls
  qp-free       4/4       5.76/67.95/162.61       11983       40    22.02   0.0048     0%     0.0020      0/5918         0     0.0023       0
      primary samples 76, productive 28 (36.8%), vertices/sample 0.526
  free-env      4/4       0.64/4.82/14.34          366       28    16.09   0.1067    97%     0.0002      0/3002         0     0.0024       0
      primary samples 56, productive 20 (35.7%), vertices/sample 0.500
  qp-env        4/4       0.49/0.70/1.42            81        7     9.54   0.1445    87%     0.0020      0/1923         0     0.0025       0
      primary samples 1, productive 1 (100.0%), vertices/sample 7.000
      qp 299.8 rows/call, 79% of calls reached the solver, 324 calls
  vamp-rrtc     4/4       0.03/0.05/0.42          1362       10    13.98        -      -     0.0020      0/2923         0     0.0025       0
      primary samples 0, productive 0 (0.0%), vertices/sample 0.000

bookshelf_tall  (4 problems, 0 skipped: 0 clearance, 0 self-collision)
  rrtconnect    4/4       9.31/28.95/905.03        6005       32    14.60        -      -     0.0038      0/2787         0     0.0022       0
      primary samples 100, productive 28 (28.0%), vertices/sample 0.351
  qp-fixed      4/4      10.98/27.01/32.91         2014       15    14.79   0.0122     0%     0.0002      0/4317         0     0.0000       0
      primary samples 6, productive 4 (66.7%), vertices/sample 4.500
      qp 279.7 rows/call, 56% of calls reached the solver, 6822 calls
  qp-plain      4/4      11.75/27.48/33.53         2014       15    14.79   0.0122     0%     0.0002      0/4317         0     0.0000       0
      primary samples 6, productive 4 (66.7%), vertices/sample 4.500
      qp 342.0 rows/call, 100% of calls reached the solver, 6822 calls
  qp-adapt      4/4       2.33/9.94/20.88          884       15    14.80   0.0323    56%     0.0002      0/3546         0     0.0000       0
      primary samples 6, productive 4 (66.7%), vertices/sample 4.500
      qp 302.4 rows/call, 86% of calls reached the solver, 3283 calls
  qp-free       4/4      12.67/436.13/1631.82      56594      122    19.56   0.0052     0%     0.0009      0/6508         0     0.0006       0
      primary samples 465, productive 115 (24.7%), vertices/sample 0.724
  free-env      4/4       5.61/22.43/218.67        1097       50    23.50   0.1004    95%     0.0006      0/4021         0     0.0000       0
      primary samples 151, productive 43 (28.5%), vertices/sample 0.500
  qp-env        4/4       1.03/5.27/16.29          382       15    14.85   0.0747    43%     0.0002      0/3251         0     0.0000       0
      primary samples 6, productive 4 (66.7%), vertices/sample 4.500
      qp 308.5 rows/call, 91% of calls reached the solver, 1891 calls
  vamp-rrtc     4/4       0.09/0.24/6.56          4994       33    16.14        -      -     0.0019      0/3321         0     0.0016       0
      primary samples 0, productive 0 (0.0%), vertices/sample 0.000

bookshelf_thin  (5 problems, 0 skipped: 0 clearance, 0 self-collision)
  rrtconnect    5/5       9.10/33.62/98.46         5227       28    16.96        -      -     0.0031      0/4139         0     0.0002       0
      primary samples 71, productive 23 (32.4%), vertices/sample 0.272
  qp-fixed      5/5       6.63/20.18/67.04         1265       15    11.22   0.0113     0%     0.0001      0/3947         0     0.0002       0
      primary samples 4, productive 4 (100.0%), vertices/sample 4.000
      qp 268.5 rows/call, 67% of calls reached the solver, 7957 calls
  qp-plain      5/5       6.94/21.05/66.94         1265       15    11.22   0.0113     0%     0.0001      0/3947         0     0.0002       0
      primary samples 4, productive 4 (100.0%), vertices/sample 4.000
      qp 342.0 rows/call, 100% of calls reached the solver, 7957 calls
  qp-adapt      5/5       2.09/7.81/39.06          548       14    11.23   0.0274    31%     0.0001      0/3276         0     0.0002       0
      primary samples 4, productive 4 (100.0%), vertices/sample 4.000
      qp 276.9 rows/call, 89% of calls reached the solver, 4400 calls
  qp-free       5/5      22.12/94.76/409.31       10162       36    15.88   0.0052     0%     0.0031      0/6487         0     0.0001       0
      primary samples 68, productive 28 (41.2%), vertices/sample 0.392
  free-env      5/5       3.88/14.65/68.96          521       32    16.43   0.0835    97%     0.0004      0/4182         0     0.0000       0
      primary samples 68, productive 27 (39.7%), vertices/sample 0.451
  qp-env        5/5       0.99/4.35/28.69          267       15    11.27   0.0511    12%     0.0001      0/2973         0     0.0002       0
      primary samples 4, productive 4 (100.0%), vertices/sample 4.500
      qp 270.6 rows/call, 93% of calls reached the solver, 2793 calls
  vamp-rrtc     5/5       0.08/0.12/0.81          3645       15    14.60        -      -     0.0028      0/3750         0     0.0002       0
      primary samples 0, productive 0 (0.0%), vertices/sample 0.000

box  (4 problems, 0 skipped: 0 clearance, 0 self-collision)
  rrtconnect    4/4       5.45/10.95/23.92         4392       24    16.31        -      -     0.0031      0/3106         0     0.0025       0
      primary samples 86, productive 19 (22.1%), vertices/sample 0.358
  qp-fixed      4/4       3.14/6.85/15.51          854        8     8.32   0.0127     0%     0.0003      0/2703         0     0.0025       0
      primary samples 2, productive 2 (100.0%), vertices/sample 6.000
      qp 262.3 rows/call, 61% of calls reached the solver, 3592 calls
  qp-plain      4/4       3.22/7.54/16.17          854        8     8.32   0.0127     0%     0.0003      0/2703         0     0.0025       0
      primary samples 2, productive 2 (100.0%), vertices/sample 6.000
      qp 342.0 rows/call, 100% of calls reached the solver, 3592 calls
  qp-adapt      4/4       0.57/1.77/8.36           250        8     8.33   0.0466    74%     0.0003      0/2146         0     0.0025       0
      primary samples 2, productive 2 (100.0%), vertices/sample 6.000
      qp 277.6 rows/call, 89% of calls reached the solver, 1458 calls
  qp-free       4/4      12.02/70.09/253.79       13714       52    14.28   0.0050     0%     0.0044      0/5029         0     0.0025       0
      primary samples 73, productive 38 (52.1%), vertices/sample 0.712
  free-env      4/4       1.89/20.02/28.57         1609       85    14.63   0.0954    93%     0.0004      0/3660         0     0.0025       0
      primary samples 206, productive 68 (33.0%), vertices/sample 0.464
  qp-env        4/4       0.30/1.10/6.46           117        8     8.30   0.1001    60%     0.0003      0/1993         0     0.0025       0
      primary samples 2, productive 2 (100.0%), vertices/sample 6.000
      qp 283.3 rows/call, 91% of calls reached the solver, 942 calls
  vamp-rrtc     4/4       0.07/0.13/0.31          5285       28    21.37        -      -     0.0031      0/3736         0     0.0005       0
      primary samples 0, productive 0 (0.0%), vertices/sample 0.000

cage  (4 problems, 0 skipped: 0 clearance, 0 self-collision)
  rrtconnect    4/4       7.07/406.49/1484.36     147167      878    21.80        -      -     0.0033      0/3954         0     0.0021       0
      primary samples 6194, productive 875 (14.1%), vertices/sample 0.152
  qp-fixed      4/4      21.57/128.00/455.08       13639       83    22.69   0.0100     0%     0.0000      0/7035         0     0.0001       0
      primary samples 53, productive 41 (77.4%), vertices/sample 2.083
      qp 272.7 rows/call, 90% of calls reached the solver, 70877 calls
  qp-plain      4/4      22.30/131.46/467.03       13639       83    22.69   0.0100     0%     0.0000      0/7035         0     0.0001       0
      primary samples 53, productive 41 (77.4%), vertices/sample 2.083
      qp 342.0 rows/call, 100% of calls reached the solver, 70877 calls
  qp-adapt      4/4       8.21/196.13/311.31       21012      159    22.77   0.0201    52%     0.0000      0/5949         0     0.0001       0
      primary samples 131, productive 92 (70.2%), vertices/sample 2.083
      qp 274.0 rows/call, 96% of calls reached the solver, 59024 calls
  qp-free       4/4     607.50/3133.70/5680.24     613857     1357    22.75   0.0033     0%     0.0011      0/9124         0     0.0025       0
      primary samples 5663, productive 1338 (23.6%), vertices/sample 0.251
  free-env      4/4      69.84/486.32/819.83       40557     1400    29.00   0.0585    92%     0.0006      0/6184         0     0.0015       0
      primary samples 6218, productive 1354 (21.8%), vertices/sample 0.243
  qp-env        4/4       4.23/120.42/257.43       11935      140    25.54   0.0350    38%     0.0000      0/5728         0     0.0000       0
      primary samples 113, productive 81 (71.7%), vertices/sample 2.083
      qp 273.4 rows/call, 98% of calls reached the solver, 40681 calls
  vamp-rrtc     4/4       0.10/13.15/59.50       336340     1083    21.10        -      -     0.0029      0/4005         0     0.0025       0
      primary samples 0, productive 0 (0.0%), vertices/sample 0.000

table_pick  (4 problems, 0 skipped: 0 clearance, 0 self-collision)
  rrtconnect    4/4       3.60/12.09/31.13         3194       17     9.45        -      -     0.0006      0/1798         0     0.0025       0
      primary samples 54, productive 13 (24.1%), vertices/sample 0.700
  qp-fixed      4/4       4.34/7.00/21.88          654        7     8.06   0.0134     0%     0.0005      0/2067         0     0.0025       0
      primary samples 1, productive 1 (100.0%), vertices/sample 6.000
      qp 255.4 rows/call, 51% of calls reached the solver, 3494 calls
  qp-plain      4/4       4.64/7.31/22.47          654        7     8.06   0.0134     0%     0.0005      0/2067         0     0.0025       0
      primary samples 1, productive 1 (100.0%), vertices/sample 6.000
      qp 342.0 rows/call, 100% of calls reached the solver, 3494 calls
  qp-adapt      4/4       0.43/3.07/7.93           287        7     8.08   0.1068    72%     0.0005      0/1688         0     0.0025       0
      primary samples 1, productive 1 (100.0%), vertices/sample 6.000
      qp 288.2 rows/call, 85% of calls reached the solver, 1112 calls
  qp-free       4/4       7.70/46.85/207.97        7388       26    10.52   0.0067     0%     0.0011      0/3319         0     0.0025       0
      primary samples 55, productive 20 (36.4%), vertices/sample 0.583
  free-env      4/4       1.35/7.46/32.11          432       25    10.67   0.1088    97%     0.0003      0/2139         0     0.0025       0
      primary samples 55, productive 20 (36.4%), vertices/sample 0.583
  qp-env        4/4       0.35/2.35/6.99           201        7     8.13   0.1995   100%     0.0004      0/1572         0     0.0025       0
      primary samples 1, productive 1 (100.0%), vertices/sample 6.000
      qp 288.4 rows/call, 95% of calls reached the solver, 827 calls
  vamp-rrtc     4/4       0.04/0.12/0.23          3939       19     9.45        -      -     0.0006      0/1883         0     0.0024       0
      primary samples 0, productive 0 (0.0%), vertices/sample 0.000

table_under_pick  (4 problems, 0 skipped: 0 clearance, 0 self-collision)
  rrtconnect    4/4       3.26/5.59/7.27          1502       10    12.74        -      -     0.0004      0/2459         0     0.0024       0
      primary samples 12, productive 4 (33.3%), vertices/sample 0.833
  qp-fixed      4/4       4.05/21.29/48.65         1924       16    10.80   0.0132     0%     0.0017      0/2987         0     0.0001       0
      primary samples 4, productive 4 (100.0%), vertices/sample 6.000
      qp 289.2 rows/call, 87% of calls reached the solver, 7361 calls
  qp-plain      4/4       4.07/21.72/49.74         1924       16    10.80   0.0132     0%     0.0017      0/2987         0     0.0001       0
      primary samples 4, productive 4 (100.0%), vertices/sample 6.000
      qp 342.0 rows/call, 100% of calls reached the solver, 7361 calls
  qp-adapt      4/4       2.28/9.00/26.86          858       16    10.79   0.0250    43%     0.0016      0/2577         0     0.0001       0
      primary samples 4, productive 4 (100.0%), vertices/sample 6.000
      qp 284.3 rows/call, 94% of calls reached the solver, 4010 calls
  qp-free       4/4       9.31/63.41/70.92        10053       25    13.68   0.0050     0%     0.0018      0/4500         0     0.0025       0
      primary samples 54, productive 19 (35.2%), vertices/sample 0.889
  free-env      4/4       1.44/9.83/11.54          577       24    14.15   0.0978    98%     0.0018      0/2802         0     0.0025       0
      primary samples 58, productive 19 (32.8%), vertices/sample 0.778
  qp-env        4/4       0.70/6.93/15.92          573       16    12.42   0.0559    64%     0.0008      0/2359         0     0.0009       0
      primary samples 4, productive 4 (100.0%), vertices/sample 6.000
      qp 285.8 rows/call, 97% of calls reached the solver, 2085 calls
  vamp-rrtc     4/4       0.03/0.04/0.13           952        9    13.90        -      -     0.0004      0/2523         0     0.0001       0
      primary samples 0, productive 0 (0.0%), vertices/sample 0.000

Hop disposition -- what set the hop's length, median over problems.
  row         floored(<1 step)    at region   edge-limited
  qp-fixed            100.0%         0.0%           0.0%
  qp-plain            100.0%         0.0%           0.0%
  qp-adapt             57.0%        41.7%           1.5%
  qp-free             100.0%         0.0%           0.0%
  free-env              2.8%        83.5%          13.7%
  qp-env               59.3%        36.8%           4.7%

Endpoint clearance at zero margin -- min(start, goal) over all spheres.
  scene                     min    median       max affordable   problems by margin
  bookshelf_small        0.0020    0.0063    0.0077    0.0020   0:100% 0.02:  0% 0.04:  0% 0.06:  0% 0.09:  0%
  bookshelf_tall         0.0067    0.0079    0.0082    0.0067   0:100% 0.02:  0% 0.04:  0% 0.06:  0% 0.09:  0%
  bookshelf_thin         0.0002    0.0036    0.0073    0.0002   0:100% 0.02:  0% 0.04:  0% 0.06:  0% 0.09:  0%
  box                    0.0127    0.0127    0.0127    0.0127   0:100% 0.02:  0% 0.04:  0% 0.06:  0% 0.09:  0%
  cage                   0.0127    0.0127    0.0127    0.0127   0:100% 0.02:  0% 0.04:  0% 0.06:  0% 0.09:  0%
  table_pick             0.0080    0.0082    0.0082    0.0080   0:100% 0.02:  0% 0.04:  0% 0.06:  0% 0.09:  0%
  table_under_pick       0.0079    0.0080    0.0082    0.0079   0:100% 0.02:  0% 0.04:  0% 0.06:  0% 0.09:  0%

all scenes  (29 problems, 0 skipped: 0 clearance, 0 self-collision)
  rrtconnect   29/29      2.72/10.95/1484.36       3194       17    13.99        -      -     0.0004      0/20464        0     0.0002       0
      primary samples 57, productive 13 (22.8%), vertices/sample 0.351
  qp-fixed     29/29      3.14/10.98/455.08        1038       13    10.54   0.0119     0%     0.0000      0/25687        0     0.0000       0
      primary samples 2, productive 2 (100.0%), vertices/sample 4.500
      qp 266.7 rows/call, 61% of calls reached the solver, 102983 calls
  qp-plain     29/29      3.22/11.75/467.03        1038       13    10.54   0.0119     0%     0.0000      0/25687        0     0.0000       0
      primary samples 2, productive 2 (100.0%), vertices/sample 4.500
      qp 342.0 rows/call, 100% of calls reached the solver, 102983 calls
  qp-adapt     29/29      0.43/3.58/311.31         476       13    10.55   0.0292    43%     0.0000      0/21413        0     0.0000       0
      primary samples 2, productive 2 (100.0%), vertices/sample 4.500
      qp 277.6 rows/call, 87% of calls reached the solver, 74452 calls
  qp-free      29/29      5.76/67.95/5680.24      10162       30    14.28   0.0048     0%     0.0009      0/40885        0     0.0001       0
      primary samples 68, productive 24 (35.3%), vertices/sample 0.473
  free-env     29/29      0.64/10.72/819.83         521       32    16.09   0.0876    95%     0.0002      0/25990        0     0.0000       0
      primary samples 64, productive 25 (39.1%), vertices/sample 0.451
  qp-env       29/29      0.30/2.35/257.43         201       13    10.64   0.0587    41%     0.0000      0/19799        0     0.0000       0
      primary samples 2, productive 2 (100.0%), vertices/sample 4.500
      qp 281.1 rows/call, 91% of calls reached the solver, 49543 calls
  vamp-rrtc    29/29      0.03/0.12/59.50         3939       19    14.60        -      -     0.0004      0/22141        0     0.0001       0
      primary samples 0, productive 0 (0.0%), vertices/sample 0.000

"samples" is checked configurations for isSafe, barrier evaluations for
the three CBF rows, and SIMD configuration lanes evaluated for VAMP. They measure
sampling work, while wall time captures the very different per-sample costs.
"unsafe/audited" evaluates exact primitive clearance at every state of the
densified solution -- for each CBF row that is the rollout the planner recorded
for each edge, replayed, so it is the motion that would actually be executed,
sampled inside each step rather than only at its boundaries. Non-zero unsafe
invalidates a row however fast it was.
"missed" counts solution edges that were not on file and had to be
re-derived; it must be zero, or the audited motion is a different trajectory
from the one the planner found.


envelope hop: 12953 filter calls, 1.213 hold queries/call, 16.4% saturated, 100.0% longer than L1, past one step 89.3% (L1 alone 51.7%), gated 73.9%, empty-active 0.0%, screen-escalated 1.5%
envelope bottleneck: world 97.2%, self-collision 2.7%, unbound 0.1% (horizon or screen clip), blocked 0.0%, joint-limit clamped 0.0%
envelope binding term:
  world rows       L1 0.0%, local-L1 0.6%, speed-capped 13.4%, isotropic-anchored 86.0% (of 12588 bound calls)
  self-pair rows   L1 0.0%, local-L1 0.0%, speed-capped 0.3%, normal-anchored 99.7% (of 351 bound calls)
local-lever screen: 551826 of 912923 expensive world rows settled before the envelope (60.4%)
span handed to the rollout, in controller steps (49543 calls):
                   <1      1-2      2-4      4-8       8+
  L1 only      86.48%     6.51%     3.92%     1.88%     1.22%
  envelope     76.64%     6.44%     6.00%     5.18%     5.73%
=== CBF profiler (wall time) ===
=== CBF filter stats ===
  calls=0  unchanged=0 (0.0%)  filtered=0 (0.0%)  blocked=0 (0.0%)
  active rows:       avg=0.00  max=0
  zero-row fast path: 0 (0.0%)
  qp iterations:     avg=0.00  max=0
  certified duration: avg=0.00000s  min=0.00000s  max=0.00000s  (over 0 non-blocked calls)
  required gain:     avg=0.000/s  max=0.000/s  p50=0.000/s  p90=0.000/s  p99=0.000/s  (over 0 calls, 0 uncertified)
