
MotionBenchMaker UR5, 689 problems loaded, up to 100 per scene
voxel 0.003 m, margin 0.0000 m + 0.0000 m filter buffer, stepSize 0.001 s, range 2.00 rad, 10.0 s limit

hop certificates: old L1 Lipschitz region and new hold-time bound
Picard: off; trajectory prefixes: 0; sequential rollout budget: 10000 calls
kappa 20.00 /s, certified step uncapped, self-collision margin 0.0000 m over 302 pairs
baseline segment: 0.000650 of extent = 0.0100 rad, rollout step 0.0100 rad (matched to the rollout)
rope shortcut off, all rows unsimplified

seed 1
  planner       solved ms(min/med/max)        samples vertices     path rad/call coarse  worst clr unsafe/audited missed worst self collide

bookshelf_small  (4 problems, 0 skipped: 0 clearance, 0 self-collision)
  rrtconnect    4/4       5.37/31.01/49.68        11977       61    14.18        -      -     0.0006      0/2472         0     0.0014       0
      primary samples 354, productive 57 (16.1%), vertices/sample 0.208
  qp-fixed      4/4       6.64/12.92/154.34        1427       15    15.17   0.0126     0%     0.0003      0/4100         0     0.0002       0
      primary samples 4, productive 4 (100.0%), vertices/sample 3.750
      qp 283.9 rows/call, 85% of calls reached the solver, 19212 calls
  qp-plain      4/4       7.29/13.05/160.94        1427       15    15.17   0.0126     0%     0.0003      0/4100         0     0.0002       0
      primary samples 4, productive 4 (100.0%), vertices/sample 3.750
      qp 342.0 rows/call, 100% of calls reached the solver, 19212 calls
  qp-adapt      4/4       0.82/8.41/127.05         921       15    15.19   0.0256    47%     0.0003      0/3411         0     0.0002       0
      primary samples 4, productive 4 (100.0%), vertices/sample 3.750
      qp 287.0 rows/call, 97% of calls reached the solver, 13353 calls
  qp-free       4/4      18.49/154.57/164.59       29936       58    19.89   0.0048     0%     0.0011      0/5532         0     0.0025       0
      primary samples 191, productive 53 (27.7%), vertices/sample 0.380
  free-env      4/4       3.47/12.90/18.75          955       44    20.04   0.0856    98%     0.0034      0/3065         0     0.0025       0
      primary samples 149, productive 39 (26.2%), vertices/sample 0.355
  qp-env        4/4       0.40/5.12/72.34          544       16    15.22   0.0407    28%     0.0000      0/3817         0     0.0000       0
      primary samples 4, productive 4 (100.0%), vertices/sample 4.000
      qp 287.4 rows/call, 98% of calls reached the solver, 7555 calls
  vamp-rrtc     4/4       0.06/0.34/0.46         16508       55    14.18        -      -     0.0006      0/2477         0     0.0014       0
      primary samples 0, productive 0 (0.0%), vertices/sample 0.000

bookshelf_tall  (4 problems, 1 skipped: 0 clearance, 1 self-collision)
  rrtconnect    3/3      93.41/143.69/165.80       30237      149    16.30        -      -     0.0030      0/2338         0     0.0025       0
      primary samples 1058, productive 146 (13.8%), vertices/sample 0.148
  qp-fixed      3/3       6.26/57.50/71.06         4408       28    13.57   0.0105     0%     0.0011      0/3043         0     0.0002       0
      primary samples 15, productive 12 (80.0%), vertices/sample 2.333
      qp 303.8 rows/call, 73% of calls reached the solver, 9937 calls
  qp-plain      3/3       6.43/57.90/69.87         4408       28    13.57   0.0105     0%     0.0011      0/3043         0     0.0002       0
      primary samples 15, productive 12 (80.0%), vertices/sample 2.333
      qp 342.0 rows/call, 100% of calls reached the solver, 9937 calls
  qp-adapt      3/3       2.23/31.68/55.82         2511       33    13.57   0.0183    32%     0.0011      0/2746         0     0.0002       0
      primary samples 15, productive 13 (86.7%), vertices/sample 2.200
      qp 311.5 rows/call, 92% of calls reached the solver, 6848 calls
  qp-free       3/3     143.75/144.63/1538.33      18790       70    22.67   0.0043     0%     0.0017      0/5700         0     0.0003       0
      primary samples 144, productive 54 (37.5%), vertices/sample 0.390
  free-env      3/3       7.59/28.37/117.34        1378       74    20.15   0.0802    95%     0.0011      0/3712         0     0.0015       0
      primary samples 171, productive 56 (32.7%), vertices/sample 0.433
  qp-env        3/3       0.74/14.09/30.33         1044       25    14.43   0.0307    35%     0.0008      0/2363         0     0.0002       0
      primary samples 11, productive 9 (81.8%), vertices/sample 2.273
      qp 312.8 rows/call, 97% of calls reached the solver, 3247 calls
  vamp-rrtc     3/3       0.12/1.00/2.73         28350      113    11.73        -      -     0.0011      0/2191         0     0.0025       0
      primary samples 0, productive 0 (0.0%), vertices/sample 0.000

bookshelf_thin  (4 problems, 0 skipped: 0 clearance, 0 self-collision)
  rrtconnect    4/4      14.19/59.27/118.94        9280       48    10.95        -      -     0.0024      0/2272         0     0.0025       0
      primary samples 160, productive 44 (27.5%), vertices/sample 0.300
  qp-fixed      4/4       6.64/27.61/108.12        1674       17    10.33   0.0116     0%     0.0002      0/3325         0     0.0011       0
      primary samples 6, productive 4 (66.7%), vertices/sample 5.000
      qp 262.5 rows/call, 85% of calls reached the solver, 9301 calls
  qp-plain      4/4       6.78/28.26/109.77        1674       17    10.33   0.0116     0%     0.0002      0/3325         0     0.0011       0
      primary samples 6, productive 4 (66.7%), vertices/sample 5.000
      qp 342.0 rows/call, 100% of calls reached the solver, 9301 calls
  qp-adapt      4/4       1.42/16.91/67.01         1111       17    10.36   0.0186    35%     0.0002      0/2896         0     0.0011       0
      primary samples 6, productive 4 (66.7%), vertices/sample 5.000
      qp 260.4 rows/call, 96% of calls reached the solver, 5914 calls
  qp-free       4/4      26.50/309.32/420.94       32432       77    13.10   0.0050     0%     0.0033      0/5033         0     0.0016       0
      primary samples 253, productive 69 (27.3%), vertices/sample 0.667
  free-env      4/4       4.39/48.95/72.70         1850       82    16.55   0.0925    97%     0.0019      0/2927         0     0.0006       0
      primary samples 254, productive 68 (26.8%), vertices/sample 0.415
  qp-env        4/4       0.69/35.08/52.18          806       20     9.31   0.0304    23%     0.0002      0/2394         0     0.0008       0
      primary samples 6, productive 5 (83.3%), vertices/sample 5.000
      qp 259.0 rows/call, 98% of calls reached the solver, 4231 calls
  vamp-rrtc     4/4       0.08/0.41/0.52         10817       52    17.63        -      -     0.0024      0/2785         0     0.0011       0
      primary samples 0, productive 0 (0.0%), vertices/sample 0.000

box  (4 problems, 0 skipped: 0 clearance, 0 self-collision)
  rrtconnect    4/4       5.38/6.62/13.12         2641       16    16.12        -      -     0.0092      0/2906         0     0.0025       0
      primary samples 37, productive 11 (29.7%), vertices/sample 0.556
  qp-fixed      4/4       3.51/5.92/7.98           716        7     8.82   0.0136     0%     0.0003      0/2277         0     0.0025       0
      primary samples 2, productive 2 (100.0%), vertices/sample 6.000
      qp 246.2 rows/call, 58% of calls reached the solver, 2584 calls
  qp-plain      4/4       3.97/6.20/8.34           716        7     8.82   0.0136     0%     0.0003      0/2277         0     0.0025       0
      primary samples 2, productive 2 (100.0%), vertices/sample 6.000
      qp 342.0 rows/call, 100% of calls reached the solver, 2584 calls
  qp-adapt      4/4       0.48/2.96/3.09           338        7     8.83   0.0558    99%     0.0003      0/1840         0     0.0025       0
      primary samples 2, productive 2 (100.0%), vertices/sample 6.000
      qp 254.0 rows/call, 84% of calls reached the solver, 913 calls
  qp-free       4/4      14.82/22.67/34.36         4486       21    15.73   0.0062     0%     0.0044      0/5414         0     0.0025       0
      primary samples 21, productive 15 (71.4%), vertices/sample 1.143
  free-env      4/4       2.23/2.88/4.52           210       21    12.82   0.1299    98%     0.0017      0/2642         0     0.0025       0
      primary samples 21, productive 15 (71.4%), vertices/sample 1.071
  qp-env        4/4       0.35/2.34/2.41           254        7     8.83   0.1001    97%     0.0003      0/1726         0     0.0025       0
      primary samples 2, productive 2 (100.0%), vertices/sample 6.000
      qp 250.0 rows/call, 87% of calls reached the solver, 608 calls
  vamp-rrtc     4/4       0.04/0.08/0.15          2401       16    14.17        -      -     0.0092      0/2537         0     0.0025       0
      primary samples 0, productive 0 (0.0%), vertices/sample 0.000

cage  (4 problems, 0 skipped: 0 clearance, 0 self-collision)
  rrtconnect    4/4      34.14/36.85/450.98       13505       68    18.89        -      -     0.0002      0/3181         0     0.0025       0
      primary samples 418, productive 64 (15.3%), vertices/sample 0.199
  qp-fixed      4/4      26.49/320.89/369.25       32722      141    20.79   0.0087     0%     0.0000      0/7806         0     0.0025       0
      primary samples 136, productive 86 (63.2%), vertices/sample 1.187
      qp 275.2 rows/call, 89% of calls reached the solver, 93381 calls
  qp-plain      4/4      27.12/330.10/368.33       32722      141    20.79   0.0087     0%     0.0000      0/7806         0     0.0025       0
      primary samples 136, productive 86 (63.2%), vertices/sample 1.187
      qp 342.0 rows/call, 100% of calls reached the solver, 93381 calls
  qp-adapt      4/4       9.71/209.66/251.57       21900      142    20.84   0.0132    32%     0.0000      0/6247         0     0.0025       0
      primary samples 136, productive 87 (64.0%), vertices/sample 1.133
      qp 276.4 rows/call, 98% of calls reached the solver, 62530 calls
  qp-free       4/4     337.73/830.11/1292.20     153872      338    23.88   0.0037     0%     0.0033      0/9627         0     0.0025       0
      primary samples 1192, productive 315 (26.4%), vertices/sample 0.284
  free-env      4/4     101.86/197.13/237.31       15419      576    22.85   0.0620    93%     0.0004      0/4209         0     0.0005       0
      primary samples 2191, productive 544 (24.8%), vertices/sample 0.252
  qp-env        4/4       8.34/166.41/208.18       16443      145    20.96   0.0171    31%     0.0000      0/5349         0     0.0025       0
      primary samples 136, productive 86 (63.2%), vertices/sample 1.173
      qp 273.0 rows/call, 99% of calls reached the solver, 48094 calls
  vamp-rrtc     4/4       0.46/0.55/12.07        25966       82    20.34        -      -     0.0035      0/3760         0     0.0025       0
      primary samples 0, productive 0 (0.0%), vertices/sample 0.000

table_pick  (4 problems, 0 skipped: 0 clearance, 0 self-collision)
  rrtconnect    4/4       3.30/6.25/19.09         1722       10     8.77        -      -     0.0022      0/1860         0     0.0025       0
      primary samples 20, productive 6 (30.0%), vertices/sample 0.900
  qp-fixed      4/4       3.36/5.36/6.78           542        6     6.13   0.0140     0%     0.0061      0/1956         0     0.0025       0
      primary samples 1, productive 1 (100.0%), vertices/sample 6.000
      qp 230.1 rows/call, 19% of calls reached the solver, 1952 calls
  qp-plain      4/4       3.68/5.77/7.36           542        6     6.13   0.0140     0%     0.0061      0/1956         0     0.0025       0
      primary samples 1, productive 1 (100.0%), vertices/sample 6.000
      qp 342.0 rows/call, 100% of calls reached the solver, 1952 calls
  qp-adapt      4/4       0.38/0.57/0.60            74        6     6.14   0.1022    85%     0.0061      0/1335         0     0.0025       0
      primary samples 1, productive 1 (100.0%), vertices/sample 6.000
      qp 259.3 rows/call, 57% of calls reached the solver, 254 calls
  qp-free       4/4       7.54/20.84/58.16         3394       16     9.55   0.0070     0%     0.0028      0/2709         0     0.0025       0
      primary samples 25, productive 11 (44.0%), vertices/sample 0.640
  free-env      4/4       1.32/3.32/9.58           191       16     9.68   0.1242    97%     0.0028      0/1756         0     0.0025       0
      primary samples 25, productive 11 (44.0%), vertices/sample 0.640
  qp-env        4/4       0.26/0.36/0.42            34        6     6.16   0.2104   100%     0.0061      0/1272         0     0.0025       0
      primary samples 1, productive 1 (100.0%), vertices/sample 6.000
      qp 258.3 rows/call, 65% of calls reached the solver, 125 calls
  vamp-rrtc     4/4       0.04/0.07/0.20          1754       11     8.77        -      -     0.0022      0/1860         0     0.0025       0
      primary samples 0, productive 0 (0.0%), vertices/sample 0.000

table_under_pick  (5 problems, 0 skipped: 0 clearance, 0 self-collision)
  rrtconnect    5/5       6.01/10.14/11.64         2742       15    15.26        -      -     0.0023      0/3904         0     0.0007       0
      primary samples 46, productive 11 (23.9%), vertices/sample 0.362
  qp-fixed      5/5       7.95/19.54/26.48         1670       14     9.85   0.0116     0%     0.0004      0/3672         0     0.0001       0
      primary samples 4, productive 4 (100.0%), vertices/sample 4.000
      qp 285.5 rows/call, 90% of calls reached the solver, 7342 calls
  qp-plain      5/5       8.00/20.16/26.63         1670       14     9.85   0.0116     0%     0.0004      0/3672         0     0.0001       0
      primary samples 4, productive 4 (100.0%), vertices/sample 4.000
      qp 342.0 rows/call, 100% of calls reached the solver, 7342 calls
  qp-adapt      5/5       1.34/10.52/14.76          993       14     9.86   0.0219    35%     0.0004      0/3213         0     0.0001       0
      primary samples 4, productive 4 (100.0%), vertices/sample 4.000
      qp 288.6 rows/call, 94% of calls reached the solver, 3926 calls
  qp-free       5/5      21.71/33.79/104.69        5150       21    12.79   0.0049     0%     0.0027      0/5704         0     0.0003       0
      primary samples 38, productive 13 (34.2%), vertices/sample 0.632
  free-env      5/5       2.88/6.17/10.57          352       18    15.03   0.0791    96%     0.0005      0/3881         0     0.0000       0
      primary samples 47, productive 14 (29.8%), vertices/sample 0.383
  qp-env        5/5       0.58/6.83/10.01          589       14     9.65   0.0423    45%     0.0003      0/2751         0     0.0007       0
      primary samples 4, productive 4 (100.0%), vertices/sample 3.800
      qp 283.5 rows/call, 95% of calls reached the solver, 2166 calls
  vamp-rrtc     5/5       0.04/0.06/0.11          1866       12    15.61        -      -     0.0012      0/3808         0     0.0010       0
      primary samples 0, productive 0 (0.0%), vertices/sample 0.000

Hop disposition -- what set the hop's length, median over problems.
  row         floored(<1 step)    at region   edge-limited
  qp-fixed            100.0%         0.0%           0.0%
  qp-plain            100.0%         0.0%           0.0%
  qp-adapt             64.0%        39.3%           1.4%
  qp-free             100.0%         0.0%           0.0%
  free-env              1.7%        84.3%          13.6%
  qp-env               69.3%        33.6%           2.7%

Endpoint clearance at zero margin -- min(start, goal) over all spheres.
  scene                     min    median       max affordable   problems by margin
  bookshelf_small        0.0043    0.0082    0.0102    0.0043   0:100% 0.02:  0% 0.04:  0% 0.06:  0% 0.09:  0%
  bookshelf_tall        -0.0125    0.0057    0.0081   -0.0125   0: 75% 0.02:  0% 0.04:  0% 0.06:  0% 0.09:  0%
  bookshelf_thin         0.0063    0.0067    0.0069    0.0063   0:100% 0.02:  0% 0.04:  0% 0.06:  0% 0.09:  0%
  box                    0.0074    0.0127    0.0127    0.0074   0:100% 0.02:  0% 0.04:  0% 0.06:  0% 0.09:  0%
  cage                   0.0035    0.0127    0.0127    0.0035   0:100% 0.02:  0% 0.04:  0% 0.06:  0% 0.09:  0%
  table_pick             0.0079    0.0080    0.0082    0.0079   0:100% 0.02:  0% 0.04:  0% 0.06:  0% 0.09:  0%
  table_under_pick       0.0078    0.0081    0.0083    0.0078   0:100% 0.02:  0% 0.04:  0% 0.06:  0% 0.09:  0%

all scenes  (29 problems, 1 skipped: 0 clearance, 1 self-collision)
  rrtconnect   28/28      3.30/15.57/450.98        5243       29    14.73        -      -     0.0002      0/18933        0     0.0007       0
      primary samples 74, productive 24 (32.4%), vertices/sample 0.326
  qp-fixed     28/28      3.36/12.92/369.25        1266       12     9.94   0.0116     0%     0.0000      0/26179        0     0.0001       0
      primary samples 3, productive 3 (100.0%), vertices/sample 3.750
      qp 264.6 rows/call, 73% of calls reached the solver, 143709 calls
  qp-plain     28/28      3.68/13.05/368.33        1266       12     9.94   0.0116     0%     0.0000      0/26179        0     0.0001       0
      primary samples 3, productive 3 (100.0%), vertices/sample 3.750
      qp 342.0 rows/call, 100% of calls reached the solver, 143709 calls
  qp-adapt     28/28      0.38/8.41/251.57         633       11     9.93   0.0265    41%     0.0000      0/21688        0     0.0001       0
      primary samples 3, productive 3 (100.0%), vertices/sample 3.750
      qp 276.4 rows/call, 92% of calls reached the solver, 93738 calls
  qp-free      28/28      7.54/58.16/1538.33       9173       31    15.10   0.0050     0%     0.0011      0/39719        0     0.0003       0
      primary samples 74, productive 26 (35.1%), vertices/sample 0.486
  free-env     28/28      1.32/9.58/237.31         388       23    15.03   0.0894    97%     0.0004      0/22192        0     0.0000       0
      primary samples 54, productive 16 (29.6%), vertices/sample 0.432
  qp-env       28/28      0.26/5.12/208.18         400       11     9.65   0.0407    35%     0.0000      0/19672        0     0.0000       0
      primary samples 3, productive 3 (100.0%), vertices/sample 3.800
      qp 273.0 rows/call, 95% of calls reached the solver, 66026 calls
  vamp-rrtc    28/28      0.04/0.15/12.07         5116       27    14.18        -      -     0.0006      0/19418        0     0.0010       0
      primary samples 0, productive 0 (0.0%), vertices/sample 0.000

"samples" is checked configurations for isSafe, barrier evaluations for
the three CBF rows, and SIMD configuration lanes evaluated for VAMP. They measure
sampling work, while wall time captures the very different per-sample costs.
"unsafe/audited" evaluates exact primitive clearance at every state of the
densified solution -- for each CBF row that is the rollout the planner recorded
for each edge, replayed, so it is the motion that would actually be executed,
sampled inside each step rather than only at its boundaries. Non-zero unsafe
invalidates a row however fast it was.
"missed" counts solution edges that were not on file and had to be
re-derived; it must be zero, or the audited motion is a different trajectory
from the one the planner found.


envelope hop: 16093 filter calls, 1.180 hold queries/call, 14.4% saturated, 100.0% longer than L1, past one step 87.7% (L1 alone 52.3%), gated 75.6%, empty-active 0.0%, screen-escalated 1.1%
envelope bottleneck: world 97.8%, self-collision 2.1%, unbound 0.1% (horizon or screen clip), blocked 0.0%, joint-limit clamped 0.0%
envelope binding term:
  world rows       L1 0.0%, local-L1 0.5%, speed-capped 12.3%, isotropic-anchored 87.2% (of 15742 bound calls)
  self-pair rows   L1 0.0%, local-L1 0.0%, speed-capped 0.6%, normal-anchored 99.4% (of 337 bound calls)
local-lever screen: 323125 of 532640 expensive world rows settled before the envelope (60.7%)
span handed to the rollout, in controller steps (66026 calls):
                   <1      1-2      2-4      4-8       8+
  L1 only      87.25%     7.08%     3.30%     1.34%     1.03%
  envelope     78.62%     6.92%     5.84%     4.37%     4.26%
=== CBF profiler (wall time) ===
=== CBF filter stats ===
  calls=0  unchanged=0 (0.0%)  filtered=0 (0.0%)  blocked=0 (0.0%)
  active rows:       avg=0.00  max=0
  zero-row fast path: 0 (0.0%)
  qp iterations:     avg=0.00  max=0
  certified duration: avg=0.00000s  min=0.00000s  max=0.00000s  (over 0 non-blocked calls)
  required gain:     avg=0.000/s  max=0.000/s  p50=0.000/s  p90=0.000/s  p99=0.000/s  (over 0 calls, 0 uncertified)
