
MotionBenchMaker UR5, 689 problems loaded, up to 100 per scene
voxel 0.003 m, margin 0.0000 m + 0.0000 m filter buffer, stepSize 0.001 s, range 2.00 rad, 10.0 s limit

hop certificates: old L1 Lipschitz region and new hold-time bound
Picard: off; trajectory prefixes: 0; sequential rollout budget: 10000 calls
kappa 20.00 /s, certified step uncapped, self-collision margin 0.0000 m over 302 pairs
baseline segment: 0.000650 of extent = 0.0100 rad, rollout step 0.0100 rad (matched to the rollout)
rope shortcut off, all rows unsimplified

seed 1
  planner       solved ms(min/med/max)        samples vertices     path rad/call coarse  worst clr unsafe/audited missed worst self collide

bookshelf_small  (4 problems, 0 skipped: 0 clearance, 0 self-collision)
  rrtconnect    4/4       4.85/14.92/43.21         3863       21    14.50        -      -     0.0001      0/3016         0     0.0007       0
      primary samples 61, productive 15 (24.6%), vertices/sample 0.409
  qp-fixed      4/4       4.84/16.59/62.13         1101        9     9.39   0.0109     0%     0.0003      0/3005         0     0.0025       0
      primary samples 3, productive 2 (66.7%), vertices/sample 5.000
      qp 281.3 rows/call, 66% of calls reached the solver, 6432 calls
  qp-plain      4/4       4.61/15.51/64.17         1101        9     9.39   0.0109     0%     0.0003      0/3005         0     0.0025       0
      primary samples 3, productive 2 (66.7%), vertices/sample 5.000
      qp 342.0 rows/call, 100% of calls reached the solver, 6432 calls
  qp-adapt      4/4       0.97/10.10/44.20          686        9     9.38   0.0244    44%     0.0003      0/2494         0     0.0025       0
      primary samples 3, productive 2 (66.7%), vertices/sample 5.000
      qp 292.6 rows/call, 94% of calls reached the solver, 4154 calls
  qp-free       4/4      20.29/162.65/376.90       19612       58    12.59   0.0058     0%     0.0010      0/4516         0     0.0025       0
      primary samples 132, productive 42 (31.8%), vertices/sample 0.477
  free-env      4/4       3.52/8.93/50.39          423       25    13.04   0.1034    93%     0.0010      0/2448         0     0.0013       0
      primary samples 50, productive 16 (32.0%), vertices/sample 0.500
  qp-env        4/4       0.61/6.28/35.73          427        8     8.99   0.0377    34%     0.0002      0/2267         0     0.0025       0
      primary samples 3, productive 2 (66.7%), vertices/sample 5.000
      qp 294.5 rows/call, 96% of calls reached the solver, 2930 calls
  vamp-rrtc     4/4       0.07/0.18/0.79          3592       19    16.59        -      -     0.0001      0/3001         0     0.0007       0
      primary samples 0, productive 0 (0.0%), vertices/sample 0.000

bookshelf_tall  (4 problems, 1 skipped: 0 clearance, 1 self-collision)
  rrtconnect    3/3       6.54/14.41/38.18         1943       12     8.68        -      -     0.0012      0/1718         0     0.0025       0
      primary samples 20, productive 8 (40.0%), vertices/sample 0.373
  qp-fixed      3/3       9.64/10.83/42.74          548        6     7.48   0.0137     0%     0.0032      0/1779         0     0.0025       0
      primary samples 1, productive 1 (100.0%), vertices/sample 6.000
      qp 273.4 rows/call, 40% of calls reached the solver, 3093 calls
  qp-plain      3/3      10.03/11.19/44.73          548        6     7.48   0.0137     0%     0.0032      0/1779         0     0.0025       0
      primary samples 1, productive 1 (100.0%), vertices/sample 6.000
      qp 342.0 rows/call, 100% of calls reached the solver, 3093 calls
  qp-adapt      3/3       1.88/3.16/24.54          169        6     7.48   0.0395    63%     0.0032      0/1483         0     0.0025       0
      primary samples 1, productive 1 (100.0%), vertices/sample 6.000
      qp 305.1 rows/call, 85% of calls reached the solver, 1640 calls
  qp-free       3/3      32.85/34.36/91.31         2945       16     7.94   0.0050     0%     0.0032      0/2601         0     0.0025       0
      primary samples 19, productive 9 (47.4%), vertices/sample 0.526
  free-env      3/3       5.60/12.02/16.58          361       25    11.45   0.0870    96%     0.0007      0/1837         0     0.0016       0
      primary samples 50, productive 20 (40.0%), vertices/sample 0.500
  qp-env        3/3       0.79/1.39/11.61           72        6     7.49   0.0929    68%     0.0032      0/1301         0     0.0025       0
      primary samples 1, productive 1 (100.0%), vertices/sample 6.000
      qp 303.4 rows/call, 83% of calls reached the solver, 683 calls
  vamp-rrtc     3/3       0.09/0.13/0.26          1328       12     8.68        -      -     0.0012      0/1841         0     0.0025       0
      primary samples 0, productive 0 (0.0%), vertices/sample 0.000

bookshelf_thin  (4 problems, 0 skipped: 0 clearance, 0 self-collision)
  rrtconnect    4/4       8.07/63.82/87.81         5901       30    16.03        -      -     0.0029      0/2561         0     0.0025       0
      primary samples 154, productive 26 (16.9%), vertices/sample 0.324
  qp-fixed      4/4       9.46/43.48/57.07         1669       14    10.64   0.0150     0%     0.0008      0/2832         0     0.0009       0
      primary samples 7, productive 5 (71.4%), vertices/sample 6.000
      qp 278.8 rows/call, 66% of calls reached the solver, 4467 calls
  qp-plain      4/4       9.77/44.21/53.96         1669       14    10.64   0.0150     0%     0.0008      0/2832         0     0.0009       0
      primary samples 7, productive 5 (71.4%), vertices/sample 6.000
      qp 342.0 rows/call, 100% of calls reached the solver, 4467 calls
  qp-adapt      4/4       1.61/21.21/27.29          962       14    10.65   0.0345    47%     0.0008      0/2460         0     0.0009       0
      primary samples 7, productive 5 (71.4%), vertices/sample 6.000
      qp 287.1 rows/call, 87% of calls reached the solver, 2199 calls
  qp-free       4/4       9.89/267.22/419.06       19178       51    13.19   0.0046     0%     0.0029      0/4484         0     0.0025       0
      primary samples 135, productive 45 (33.3%), vertices/sample 0.491
  free-env      4/4       1.72/52.40/67.27         1266       56    17.63   0.1049    98%     0.0031      0/3309         0     0.0025       0
      primary samples 158, productive 51 (32.3%), vertices/sample 0.569
  qp-env        4/4       0.63/13.16/15.53          503       16    12.47   0.0598    26%     0.0002      0/2364         0     0.0007       0
      primary samples 6, productive 5 (83.3%), vertices/sample 6.000
      qp 286.3 rows/call, 94% of calls reached the solver, 1196 calls
  vamp-rrtc     4/4       0.07/0.61/1.05         10559       37    16.37        -      -     0.0059      0/2660         0     0.0011       0
      primary samples 0, productive 0 (0.0%), vertices/sample 0.000

box  (4 problems, 0 skipped: 0 clearance, 0 self-collision)
  rrtconnect    4/4       2.92/21.46/23.41         5844       30    16.69        -      -     0.0211      0/2497         0     0.0025       0
      primary samples 105, productive 27 (25.7%), vertices/sample 0.439
  qp-fixed      4/4       4.71/17.89/20.90         1322       14    13.39   0.0123     0%     0.0007      0/3585         0     0.0025       0
      primary samples 3, productive 3 (100.0%), vertices/sample 5.333
      qp 282.3 rows/call, 90% of calls reached the solver, 4401 calls
  qp-plain      4/4       7.20/18.65/20.83         1322       14    13.39   0.0123     0%     0.0007      0/3585         0     0.0025       0
      primary samples 3, productive 3 (100.0%), vertices/sample 5.333
      qp 342.0 rows/call, 100% of calls reached the solver, 4401 calls
  qp-adapt      4/4       0.74/8.89/13.47          674       15    13.41   0.0212    51%     0.0007      0/2943         0     0.0025       0
      primary samples 3, productive 3 (100.0%), vertices/sample 5.333
      qp 284.3 rows/call, 97% of calls reached the solver, 2275 calls
  qp-free       4/4      36.92/123.13/127.88       15367       43    17.35   0.0053     0%     0.0044      0/5639         0     0.0025       0
      primary samples 100, productive 36 (36.0%), vertices/sample 0.614
  free-env      4/4      11.44/15.52/16.01          801       50    19.25   0.0911    92%     0.0005      0/3851         0     0.0002       0
      primary samples 98, productive 37 (37.8%), vertices/sample 0.510
  qp-env        4/4       0.38/6.27/6.87           425       16    13.43   0.0382    46%     0.0005      0/2632         0     0.0025       0
      primary samples 3, productive 3 (100.0%), vertices/sample 5.333
      qp 283.7 rows/call, 97% of calls reached the solver, 1302 calls
  vamp-rrtc     4/4       0.04/0.35/0.38          5710       32    20.05        -      -     0.0157      0/2821         0     0.0025       0
      primary samples 0, productive 0 (0.0%), vertices/sample 0.000

cage  (4 problems, 0 skipped: 0 clearance, 0 self-collision)
  rrtconnect    4/4     354.26/1248.78/1562.75     320653     2184    23.51        -      -     0.0007      0/4562         0     0.0008       0
      primary samples 15704, productive 2180 (13.9%), vertices/sample 0.143
  qp-fixed      4/4      32.08/434.46/613.50       33242      158    26.92   0.0091     0%     0.0001      0/7224         0     0.0007       0
      primary samples 143, productive 93 (65.0%), vertices/sample 1.515
      qp 267.9 rows/call, 86% of calls reached the solver, 90654 calls
  qp-plain      4/4      32.15/454.98/632.84       33242      158    26.92   0.0091     0%     0.0001      0/7224         0     0.0007       0
      primary samples 143, productive 93 (65.0%), vertices/sample 1.515
      qp 342.0 rows/call, 100% of calls reached the solver, 90654 calls
  qp-adapt      4/4      14.25/300.09/302.01       22963      147    26.94   0.0141    24%     0.0001      0/6259         0     0.0006       0
      primary samples 143, productive 88 (61.5%), vertices/sample 1.485
      qp 270.9 rows/call, 98% of calls reached the solver, 53175 calls
  qp-free       4/4    3523.98/4466.38/4491.32     533724     1047    26.64   0.0034     0%     0.0016      0/8954         0     0.0025       0
      primary samples 4169, productive 1005 (24.1%), vertices/sample 0.257
  free-env      4/4     136.11/748.76/832.73       39061     1427    23.16   0.0600    90%     0.0000      0/4569         0     0.0000       0
      primary samples 6054, productive 1390 (23.0%), vertices/sample 0.250
  qp-env        4/4      10.58/131.82/192.26        9633       94    31.72   0.0190    21%     0.0000      0/6143         0     0.0011       0
      primary samples 84, productive 54 (64.3%), vertices/sample 1.455
      qp 267.4 rows/call, 99% of calls reached the solver, 28966 calls
  vamp-rrtc     4/4       9.30/17.36/17.37       293190      890    23.32        -      -     0.0007      0/4132         0     0.0008       0
      primary samples 0, productive 0 (0.0%), vertices/sample 0.000

table_pick  (5 problems, 0 skipped: 0 clearance, 0 self-collision)
  rrtconnect    5/5       5.08/6.06/31.01         1069        8     8.57        -      -     0.0024      0/2692         0     0.0025       0
      primary samples 14, productive 4 (28.6%), vertices/sample 0.500
  qp-fixed      5/5       5.93/9.94/13.82          658        6     7.95   0.0123     0%     0.0006      0/2993         0     0.0025       0
      primary samples 1, productive 1 (100.0%), vertices/sample 6.000
      qp 241.5 rows/call, 13% of calls reached the solver, 2988 calls
  qp-plain      5/5       6.11/11.67/12.70          658        6     7.95   0.0123     0%     0.0006      0/2993         0     0.0025       0
      primary samples 1, productive 1 (100.0%), vertices/sample 6.000
      qp 342.0 rows/call, 100% of calls reached the solver, 2988 calls
  qp-adapt      5/5       0.64/1.06/4.08            84        6     7.95   0.0947    73%     0.0006      0/2131         0     0.0025       0
      primary samples 1, productive 1 (100.0%), vertices/sample 6.000
      qp 278.9 rows/call, 58% of calls reached the solver, 534 calls
  qp-free       5/5       7.97/44.86/115.59        4081       20    18.21   0.0063     0%     0.0020      0/5470         0     0.0025       0
      primary samples 22, productive 12 (54.5%), vertices/sample 0.591
  free-env      5/5       1.12/4.50/18.34          170       12    14.83   0.1113    99%     0.0006      0/3433         0     0.0025       0
      primary samples 22, productive 8 (36.4%), vertices/sample 0.545
  qp-env        5/5       0.49/0.55/3.07            31        6     7.95   0.1898   100%     0.0006      0/2028         0     0.0025       0
      primary samples 1, productive 1 (100.0%), vertices/sample 6.000
      qp 273.8 rows/call, 62% of calls reached the solver, 305 calls
  vamp-rrtc     5/5       0.05/0.12/0.39          1139       10     8.57        -      -     0.0024      0/2692         0     0.0025       0
      primary samples 0, productive 0 (0.0%), vertices/sample 0.000

table_under_pick  (4 problems, 0 skipped: 0 clearance, 0 self-collision)
  rrtconnect    4/4       5.66/8.76/9.02          1549        9    12.91        -      -     0.0021      0/2339         0     0.0025       0
      primary samples 26, productive 5 (19.2%), vertices/sample 0.467
  qp-fixed      4/4       7.27/61.95/115.85        3642       24    15.87   0.0127     0%     0.0002      0/4183         0     0.0017       0
      primary samples 10, productive 9 (90.0%), vertices/sample 5.500
      qp 256.9 rows/call, 93% of calls reached the solver, 11627 calls
  qp-plain      4/4       7.09/66.87/116.53        3642       24    15.87   0.0127     0%     0.0002      0/4183         0     0.0017       0
      primary samples 10, productive 9 (90.0%), vertices/sample 5.500
      qp 342.0 rows/call, 100% of calls reached the solver, 11627 calls
  qp-adapt      4/4       0.98/46.62/82.45         2719       24    15.89   0.0495    61%     0.0002      0/3386         0     0.0016       0
      primary samples 10, productive 9 (90.0%), vertices/sample 5.500
      qp 286.9 rows/call, 96% of calls reached the solver, 7826 calls
  qp-free       4/4      22.45/67.15/72.25         6474       21    16.82   0.0049     0%     0.0011      0/5385         0     0.0005       0
      primary samples 39, productive 13 (33.3%), vertices/sample 0.533
  free-env      4/4       4.07/10.44/15.32          363       25    16.77   0.0820    97%     0.0004      0/2767         0     0.0025       0
      primary samples 39, productive 13 (33.3%), vertices/sample 0.533
  qp-env        4/4       0.62/28.35/62.91         1668       24    15.90   0.0768    56%     0.0002      0/3063         0     0.0014       0
      primary samples 10, productive 9 (90.0%), vertices/sample 5.500
      qp 287.4 rows/call, 99% of calls reached the solver, 5426 calls
  vamp-rrtc     4/4       0.06/0.10/0.10          1595       10    14.24        -      -     0.0021      0/2505         0     0.0025       0
      primary samples 0, productive 0 (0.0%), vertices/sample 0.000

Hop disposition -- what set the hop's length, median over problems.
  row         floored(<1 step)    at region   edge-limited
  qp-fixed            100.0%         0.0%           0.0%
  qp-plain            100.0%         0.0%           0.0%
  qp-adapt             56.0%        44.4%           1.9%
  qp-free             100.0%         0.0%           0.0%
  free-env              2.8%        83.8%          14.0%
  qp-env               66.3%        31.6%           3.3%

Endpoint clearance at zero margin -- min(start, goal) over all spheres.
  scene                     min    median       max affordable   problems by margin
  bookshelf_small        0.0021    0.0058    0.0069    0.0021   0:100% 0.02:  0% 0.04:  0% 0.06:  0% 0.09:  0%
  bookshelf_tall        -0.0058    0.0055    0.0088   -0.0058   0: 75% 0.02:  0% 0.04:  0% 0.06:  0% 0.09:  0%
  bookshelf_thin         0.0059    0.0075    0.0109    0.0059   0:100% 0.02:  0% 0.04:  0% 0.06:  0% 0.09:  0%
  box                    0.0127    0.0127    0.0127    0.0127   0:100% 0.02:  0% 0.04:  0% 0.06:  0% 0.09:  0%
  cage                   0.0127    0.0127    0.0127    0.0127   0:100% 0.02:  0% 0.04:  0% 0.06:  0% 0.09:  0%
  table_pick             0.0077    0.0081    0.0083    0.0077   0:100% 0.02:  0% 0.04:  0% 0.06:  0% 0.09:  0%
  table_under_pick       0.0076    0.0079    0.0082    0.0076   0:100% 0.02:  0% 0.04:  0% 0.06:  0% 0.09:  0%

all scenes  (29 problems, 1 skipped: 0 clearance, 1 self-collision)
  rrtconnect   28/28      2.92/14.41/1562.75       3237       18    13.71        -      -     0.0001      0/19385        0     0.0007       0
      primary samples 44, productive 14 (31.8%), vertices/sample 0.350
  qp-fixed     28/28      4.71/16.59/613.50        1173       11     9.71   0.0121     0%     0.0001      0/25601        0     0.0007       0
      primary samples 3, productive 2 (66.7%), vertices/sample 5.000
      qp 262.8 rows/call, 63% of calls reached the solver, 123662 calls
  qp-plain     28/28      4.61/16.32/632.84        1173       11     9.71   0.0121     0%     0.0001      0/25601        0     0.0007       0
      primary samples 3, productive 2 (66.7%), vertices/sample 5.000
      qp 342.0 rows/call, 100% of calls reached the solver, 123662 calls
  qp-adapt     28/28      0.64/7.26/302.01         631       11     9.71   0.0244    45%     0.0001      0/21156        0     0.0006       0
      primary samples 3, productive 2 (66.7%), vertices/sample 5.000
      qp 278.9 rows/call, 87% of calls reached the solver, 71803 calls
  qp-free      28/28      7.97/91.31/4491.32       7796       27    14.20   0.0050     0%     0.0010      0/37049        0     0.0005       0
      primary samples 55, productive 20 (36.4%), vertices/sample 0.491
  free-env     28/28      1.12/13.76/832.73         492       30    16.77   0.0870    96%     0.0000      0/22214        0     0.0000       0
      primary samples 63, productive 22 (34.9%), vertices/sample 0.500
  qp-env       28/28      0.38/4.59/192.26         350       11     9.81   0.0419    37%     0.0000      0/19798        0     0.0007       0
      primary samples 3, productive 2 (66.7%), vertices/sample 5.000
      qp 280.6 rows/call, 94% of calls reached the solver, 40808 calls
  vamp-rrtc    28/28      0.04/0.18/17.37         2950       19    15.45        -      -     0.0001      0/19652        0     0.0007       0
      primary samples 0, productive 0 (0.0%), vertices/sample 0.000

"samples" is checked configurations for isSafe, barrier evaluations for
the three CBF rows, and SIMD configuration lanes evaluated for VAMP. They measure
sampling work, while wall time captures the very different per-sample costs.
"unsafe/audited" evaluates exact primitive clearance at every state of the
densified solution -- for each CBF row that is the rollout the planner recorded
for each edge, replayed, so it is the motion that would actually be executed,
sampled inside each step rather than only at its boundaries. Non-zero unsafe
invalidates a row however fast it was.
"missed" counts solution edges that were not on file and had to be
re-derived; it must be zero, or the audited motion is a different trajectory
from the one the planner found.


envelope hop: 9490 filter calls, 1.226 hold queries/call, 16.8% saturated, 100.0% longer than L1, past one step 94.1% (L1 alone 52.5%), gated 76.7%, empty-active 0.0%, screen-escalated 2.0%
envelope bottleneck: world 97.2%, self-collision 2.7%, unbound 0.1% (horizon or screen clip), blocked 0.0%, joint-limit clamped 0.0%
envelope binding term:
  world rows       L1 0.0%, local-L1 0.7%, speed-capped 4.1%, isotropic-anchored 95.2% (of 9226 bound calls)
  self-pair rows   L1 0.0%, local-L1 0.0%, speed-capped 0.0%, normal-anchored 100.0% (of 256 bound calls)
local-lever screen: 452123 of 749367 expensive world rows settled before the envelope (60.3%)
span handed to the rollout, in controller steps (40807 calls):
                   <1      1-2      2-4      4-8       8+
  L1 only      87.79%     6.20%     3.35%     1.38%     1.28%
  envelope     78.13%     5.18%     6.85%     5.00%     4.85%
=== CBF profiler (wall time) ===
=== CBF filter stats ===
  calls=0  unchanged=0 (0.0%)  filtered=0 (0.0%)  blocked=0 (0.0%)
  active rows:       avg=0.00  max=0
  zero-row fast path: 0 (0.0%)
  qp iterations:     avg=0.00  max=0
  certified duration: avg=0.00000s  min=0.00000s  max=0.00000s  (over 0 non-blocked calls)
  required gain:     avg=0.000/s  max=0.000/s  p50=0.000/s  p90=0.000/s  p99=0.000/s  (over 0 calls, 0 uncertified)
