
MotionBenchMaker UR5, 689 problems loaded, up to 100 per scene
voxel 0.003 m, margin 0.0000 m + 0.0000 m filter buffer, stepSize 0.001 s, range 2.00 rad, 10.0 s limit

hop certificates: old L1 Lipschitz region and new hold-time bound
Picard: off; trajectory prefixes: 0; sequential rollout budget: 10000 calls
kappa 20.00 /s, certified step uncapped, self-collision margin 0.0000 m over 302 pairs
baseline segment: 0.000650 of extent = 0.0100 rad, rollout step 0.0100 rad (matched to the rollout)
rope shortcut off, all rows unsimplified

seed 1
  planner       solved ms(min/med/max)        samples vertices     path rad/call coarse  worst clr unsafe/audited missed worst self collide

bookshelf_small  (4 problems, 2 skipped: 0 clearance, 2 self-collision)
  rrtconnect    2/2       2.42/85.60/85.60        21598      110    19.09        -      -     0.0008      0/1264         0     0.0012       0
      primary samples 804, productive 107 (13.3%), vertices/sample 6.000
  qp-fixed      2/2       6.55/42.40/42.40         2990       29    13.76   0.0124     0%     0.0000      0/1806         0     0.0025       0
      primary samples 8, productive 8 (100.0%), vertices/sample 6.000
      qp 292.1 rows/call, 87% of calls reached the solver, 3515 calls
  qp-plain      2/2       7.17/43.22/43.22         2990       29    13.76   0.0124     0%     0.0000      0/1806         0     0.0025       0
      primary samples 8, productive 8 (100.0%), vertices/sample 6.000
      qp 342.0 rows/call, 100% of calls reached the solver, 3515 calls
  qp-adapt      2/2       1.97/37.61/37.61         2738       32    12.33   0.0377    40%     0.0019      0/1291         0     0.0025       0
      primary samples 13, productive 12 (92.3%), vertices/sample 6.000
      qp 291.9 rows/call, 93% of calls reached the solver, 2908 calls
  qp-free       2/2       8.07/445.11/445.11       51276      105    15.93   0.0091     0%     0.0039      0/2516         0     0.0025       0
      primary samples 367, productive 94 (25.6%), vertices/sample 2.333
  free-env      2/2       1.07/54.77/54.77         2715       96    16.36   0.1815    96%     0.0002      0/1313         0     0.0005       0
      primary samples 367, productive 89 (24.3%), vertices/sample 2.333
  qp-env        2/2       0.42/6.64/6.64           443       14    10.12   0.2466   100%     0.0017      0/918          0     0.0025       0
      primary samples 3, productive 3 (100.0%), vertices/sample 6.000
      qp 312.6 rows/call, 94% of calls reached the solver, 468 calls
  vamp-rrtc     2/2       0.03/1.74/1.74         36644      131     8.67        -      -     0.0008      0/743          0     0.0025       0
      primary samples 0, productive 0 (0.0%), vertices/sample 0.000

bookshelf_tall  (4 problems, 0 skipped: 0 clearance, 0 self-collision)
  rrtconnect    4/4      16.03/268.91/2559.78      35492      182    18.24        -      -     0.0031      0/3420         0     0.0001       0
      primary samples 1084, productive 178 (16.4%), vertices/sample 0.255
  qp-fixed      4/4      10.95/26.52/91.90         1250       15    11.22   0.0127     0%     0.0004      0/3257         0     0.0005       0
      primary samples 3, productive 3 (100.0%), vertices/sample 6.000
      qp 275.0 rows/call, 68% of calls reached the solver, 6885 calls
  qp-plain      4/4      11.28/26.64/93.71         1250       15    11.22   0.0127     0%     0.0004      0/3257         0     0.0005       0
      primary samples 3, productive 3 (100.0%), vertices/sample 6.000
      qp 342.0 rows/call, 100% of calls reached the solver, 6885 calls
  qp-adapt      4/4       2.35/6.89/56.19          431       14    11.23   0.0412    83%     0.0004      0/2568         0     0.0005       0
      primary samples 3, productive 3 (100.0%), vertices/sample 6.000
      qp 312.1 rows/call, 90% of calls reached the solver, 3630 calls
  qp-free       4/4      33.75/335.98/483.20       28399       52    19.14   0.0053     0%     0.0023      0/6427         0     0.0001       0
      primary samples 211, productive 44 (20.9%), vertices/sample 0.407
  free-env      4/4      23.85/31.95/72.37          949       51    18.45   0.0904    95%     0.0021      0/3969         0     0.0001       0
      primary samples 157, productive 43 (27.4%), vertices/sample 0.377
  qp-env        4/4       0.80/3.38/45.92          155       13    11.27   0.1277    81%     0.0004      0/2315         0     0.0005       0
      primary samples 3, productive 3 (100.0%), vertices/sample 6.000
      qp 309.3 rows/call, 90% of calls reached the solver, 2478 calls
  vamp-rrtc     4/4       0.23/0.55/2.63          7438       40    17.06        -      -     0.0031      0/3092         0     0.0002       0
      primary samples 0, productive 0 (0.0%), vertices/sample 0.000

bookshelf_thin  (4 problems, 0 skipped: 0 clearance, 0 self-collision)
  rrtconnect    4/4      37.28/206.49/399.21       20244      102    19.70        -      -     0.0013      0/3840         0     0.0025       0
      primary samples 546, productive 99 (18.1%), vertices/sample 0.200
  qp-fixed      4/4      13.29/35.35/105.26        1358       14    12.21   0.0121     0%     0.0000      0/2976         0     0.0004       0
      primary samples 4, productive 4 (100.0%), vertices/sample 3.500
      qp 288.4 rows/call, 63% of calls reached the solver, 6656 calls
  qp-plain      4/4      13.55/35.83/113.59        1358       14    12.21   0.0121     0%     0.0000      0/2976         0     0.0004       0
      primary samples 4, productive 4 (100.0%), vertices/sample 3.500
      qp 342.0 rows/call, 100% of calls reached the solver, 6656 calls
  qp-adapt      4/4       4.57/15.06/79.48          671       14    12.26   0.0244    41%     0.0000      0/2535         0     0.0005       0
      primary samples 4, productive 4 (100.0%), vertices/sample 3.500
      qp 290.7 rows/call, 94% of calls reached the solver, 4292 calls
  qp-free       4/4     119.03/962.36/1883.13      66288      155    19.71   0.0039     0%     0.0031      0/6958         0     0.0010       0
      primary samples 504, productive 150 (29.8%), vertices/sample 0.308
  free-env      4/4      17.02/108.94/289.98        2681      143    20.80   0.0897    97%     0.0002      0/4625         0     0.0000       0
      primary samples 504, productive 138 (27.4%), vertices/sample 0.322
  qp-env        4/4       1.64/9.28/70.57          365       12    12.21   0.0745    68%     0.0000      0/2230         0     0.0004       0
      primary samples 4, productive 4 (100.0%), vertices/sample 3.000
      qp 293.8 rows/call, 92% of calls reached the solver, 3051 calls
  vamp-rrtc     4/4       1.37/2.30/4.98         27426      112    20.61        -      -     0.0044      0/3501         0     0.0002       0
      primary samples 0, productive 0 (0.0%), vertices/sample 0.000

box  (4 problems, 0 skipped: 0 clearance, 0 self-collision)
  rrtconnect    4/4       5.20/16.85/20.84         4579       25    10.94        -      -     0.0205      0/2021         0     0.0025       0
      primary samples 56, productive 21 (37.5%), vertices/sample 0.812
  qp-fixed      4/4       4.84/7.19/16.08          557        7     7.23   0.0130     0%     0.0018      0/2257         0     0.0025       0
      primary samples 1, productive 1 (100.0%), vertices/sample 6.000
      qp 260.9 rows/call, 57% of calls reached the solver, 2777 calls
  qp-plain      4/4       5.59/7.68/17.87          557        7     7.23   0.0130     0%     0.0018      0/2257         0     0.0025       0
      primary samples 1, productive 1 (100.0%), vertices/sample 6.000
      qp 342.0 rows/call, 100% of calls reached the solver, 2777 calls
  qp-adapt      4/4       1.07/3.25/5.17           258        7     7.23   0.0515    64%     0.0018      0/1710         0     0.0025       0
      primary samples 1, productive 1 (100.0%), vertices/sample 6.000
      qp 271.8 rows/call, 88% of calls reached the solver, 898 calls
  qp-free       4/4      16.21/41.60/75.11         5315       22    11.26   0.0064     0%     0.0010      0/4592         0     0.0025       0
      primary samples 29, productive 16 (55.2%), vertices/sample 1.000
  free-env      4/4       2.45/5.33/6.82           269       25    13.23   0.1340    98%     0.0001      0/2826         0     0.0025       0
      primary samples 29, productive 18 (62.1%), vertices/sample 1.062
  qp-env        4/4       0.52/1.50/3.22           101        7     7.21   0.1003    71%     0.0018      0/1543         0     0.0025       0
      primary samples 1, productive 1 (100.0%), vertices/sample 6.000
      qp 269.0 rows/call, 91% of calls reached the solver, 437 calls
  vamp-rrtc     4/4       0.08/0.27/0.35          4034       26    10.94        -      -     0.0205      0/2021         0     0.0025       0
      primary samples 0, productive 0 (0.0%), vertices/sample 0.000

cage  (4 problems, 0 skipped: 0 clearance, 0 self-collision)
  rrtconnect    4/4     182.96/347.71/1135.07      91794      513    19.34        -      -     0.0023      0/3650         0     0.0025       0
      primary samples 3494, productive 510 (14.6%), vertices/sample 0.153
  qp-fixed      4/4     157.01/238.50/269.86       18090       94    21.20   0.0088     0%     0.0001      0/6963         0     0.0005       0
      primary samples 69, productive 50 (72.5%), vertices/sample 1.525
      qp 273.2 rows/call, 88% of calls reached the solver, 61963 calls
  qp-plain      4/4     160.41/248.41/278.40       18090       94    21.20   0.0088     0%     0.0001      0/6963         0     0.0005       0
      primary samples 69, productive 50 (72.5%), vertices/sample 1.525
      qp 342.0 rows/call, 100% of calls reached the solver, 61963 calls
  qp-adapt      4/4      89.83/208.91/281.99       16055      125    20.78   0.0147    33%     0.0001      0/5406         0     0.0005       0
      primary samples 105, productive 69 (65.7%), vertices/sample 1.362
      qp 272.3 rows/call, 98% of calls reached the solver, 56228 calls
  qp-free       4/4    2083.11/3037.26/3643.19     390275      803    17.80   0.0033     0%     0.0002      0/8455         0     0.0004       0
      primary samples 3174, productive 762 (24.0%), vertices/sample 0.253
  free-env      4/4     108.71/310.56/592.62       16620      582    28.90   0.0615    91%     0.0000      0/5609         0     0.0001       0
      primary samples 2427, productive 558 (23.0%), vertices/sample 0.263
  qp-env        4/4      59.08/145.85/292.74       10799      136    22.27   0.0207    26%     0.0001      0/5161         0     0.0001       0
      primary samples 101, productive 74 (73.3%), vertices/sample 1.347
      qp 272.1 rows/call, 99% of calls reached the solver, 44061 calls
  vamp-rrtc     4/4       2.99/10.72/24.00       191281      626    22.32        -      -     0.0017      0/4073         0     0.0025       0
      primary samples 0, productive 0 (0.0%), vertices/sample 0.000

table_pick  (4 problems, 0 skipped: 0 clearance, 0 self-collision)
  rrtconnect    4/4       6.92/17.25/21.64         3062       17    12.34        -      -     0.0016      0/2586         0     0.0025       0
      primary samples 42, productive 13 (31.0%), vertices/sample 0.550
  qp-fixed      4/4       6.62/8.57/43.25          567        6     6.53   0.0119     0%     0.0003      0/2733         0     0.0025       0
      primary samples 1, productive 1 (100.0%), vertices/sample 6.000
      qp 263.2 rows/call, 29% of calls reached the solver, 3924 calls
  qp-plain      4/4       7.02/9.60/44.41          567        6     6.53   0.0119     0%     0.0003      0/2733         0     0.0025       0
      primary samples 1, productive 1 (100.0%), vertices/sample 6.000
      qp 342.0 rows/call, 100% of calls reached the solver, 3924 calls
  qp-adapt      4/4       0.84/1.66/23.60          106        6     6.54   0.0583    70%     0.0003      0/2152         0     0.0025       0
      primary samples 1, productive 1 (100.0%), vertices/sample 6.000
      qp 289.6 rows/call, 76% of calls reached the solver, 1765 calls
  qp-free       4/4      13.90/84.29/114.70        8675       24    15.37   0.0055     0%     0.0014      0/3664         0     0.0025       0
      primary samples 59, productive 18 (30.5%), vertices/sample 0.548
  free-env      4/4       2.39/16.49/18.47          617       29    14.12   0.1021    98%     0.0006      0/2130         0     0.0025       0
      primary samples 78, productive 24 (30.8%), vertices/sample 0.619
  qp-env        4/4       0.48/0.84/13.58           47        6     6.54   0.1318    87%     0.0002      0/1939         0     0.0025       0
      primary samples 1, productive 1 (100.0%), vertices/sample 6.000
      qp 289.5 rows/call, 79% of calls reached the solver, 869 calls
  vamp-rrtc     4/4       0.09/0.25/0.33          2845       19    12.29        -      -     0.0017      0/2482         0     0.0025       0
      primary samples 0, productive 0 (0.0%), vertices/sample 0.000

table_under_pick  (4 problems, 0 skipped: 0 clearance, 0 self-collision)
  rrtconnect    4/4       4.91/14.79/19.75         2582       15    13.56        -      -     0.0001      0/2386         0     0.0025       0
      primary samples 59, productive 10 (16.9%), vertices/sample 0.254
  qp-fixed      4/4      30.18/43.19/83.70         2562       20    13.19   0.0109     0%     0.0001      0/4338         0     0.0001       0
      primary samples 6, productive 5 (83.3%), vertices/sample 3.250
      qp 270.4 rows/call, 76% of calls reached the solver, 10874 calls
  qp-plain      4/4      31.40/45.37/84.24         2562       20    13.19   0.0109     0%     0.0001      0/4338         0     0.0001       0
      primary samples 6, productive 5 (83.3%), vertices/sample 3.250
      qp 342.0 rows/call, 100% of calls reached the solver, 10874 calls
  qp-adapt      4/4      15.51/17.92/61.85         1105       20    13.20   0.0208    34%     0.0001      0/3638         0     0.0001       0
      primary samples 6, productive 5 (83.3%), vertices/sample 3.250
      qp 289.7 rows/call, 94% of calls reached the solver, 6541 calls
  qp-free       4/4      24.53/52.52/251.94        5255       17    15.20   0.0054     0%     0.0027      0/5433         0     0.0010       0
      primary samples 38, productive 12 (31.6%), vertices/sample 0.571
  free-env      4/4       2.63/10.21/19.08          421       21    14.43   0.0794    98%     0.0002      0/3096         0     0.0011       0
      primary samples 35, productive 13 (37.1%), vertices/sample 0.667
  qp-env        4/4       8.54/11.78/46.72          703       20    13.20   0.0362    37%     0.0000      0/3385         0     0.0001       0
      primary samples 6, productive 5 (83.3%), vertices/sample 3.250
      qp 293.6 rows/call, 97% of calls reached the solver, 4325 calls
  vamp-rrtc     4/4       0.07/0.17/0.26          4566       12    16.98        -      -     0.0023      0/2564         0     0.0007       0
      primary samples 0, productive 0 (0.0%), vertices/sample 0.000

Hop disposition -- what set the hop's length, median over problems.
  row         floored(<1 step)    at region   edge-limited
  qp-fixed            100.0%         0.0%           0.0%
  qp-plain            100.0%         0.0%           0.0%
  qp-adapt             58.2%        42.2%           1.6%
  qp-free             100.0%         0.0%           0.0%
  free-env              1.9%        83.9%          13.8%
  qp-env               55.8%        41.5%           3.1%

Endpoint clearance at zero margin -- min(start, goal) over all spheres.
  scene                     min    median       max affordable   problems by margin
  bookshelf_small       -0.0192    0.0080    0.0100   -0.0192   0: 50% 0.02:  0% 0.04:  0% 0.06:  0% 0.09:  0%
  bookshelf_tall         0.0005    0.0039    0.0041    0.0005   0:100% 0.02:  0% 0.04:  0% 0.06:  0% 0.09:  0%
  bookshelf_thin         0.0079    0.0088    0.0108    0.0079   0:100% 0.02:  0% 0.04:  0% 0.06:  0% 0.09:  0%
  box                    0.0127    0.0127    0.0127    0.0127   0:100% 0.02:  0% 0.04:  0% 0.06:  0% 0.09:  0%
  cage                   0.0098    0.0127    0.0127    0.0098   0:100% 0.02:  0% 0.04:  0% 0.06:  0% 0.09:  0%
  table_pick             0.0074    0.0080    0.0081    0.0074   0:100% 0.02:  0% 0.04:  0% 0.06:  0% 0.09:  0%
  table_under_pick       0.0026    0.0082    0.0082    0.0026   0:100% 0.02:  0% 0.04:  0% 0.06:  0% 0.09:  0%

all scenes  (28 problems, 2 skipped: 0 clearance, 2 self-collision)
  rrtconnect   26/26      2.42/21.64/2559.78       4579       25    14.10        -      -     0.0001      0/19167        0     0.0001       0
      primary samples 84, productive 21 (25.0%), vertices/sample 0.254
  qp-fixed     26/26      4.84/30.18/269.86        1358       13    11.22   0.0114     0%     0.0000      0/24330        0     0.0001       0
      primary samples 4, productive 4 (100.0%), vertices/sample 3.500
      qp 270.4 rows/call, 68% of calls reached the solver, 96594 calls
  qp-plain     26/26      5.59/31.40/278.40        1358       13    11.22   0.0114     0%     0.0000      0/24330        0     0.0001       0
      primary samples 4, productive 4 (100.0%), vertices/sample 3.500
      qp 342.0 rows/call, 100% of calls reached the solver, 96594 calls
  qp-adapt     26/26      0.84/15.06/281.99         671       13    11.23   0.0280    43%     0.0000      0/19300        0     0.0001       0
      primary samples 4, productive 4 (100.0%), vertices/sample 3.333
      qp 280.3 rows/call, 91% of calls reached the solver, 76262 calls
  qp-free      26/26      8.07/119.03/3643.19      11891       39    15.37   0.0053     0%     0.0002      0/38045        0     0.0001       0
      primary samples 88, productive 36 (40.9%), vertices/sample 0.443
  free-env     26/26      1.07/19.08/592.62         742       37    16.45   0.0897    95%     0.0000      0/23568        0     0.0000       0
      primary samples 90, productive 34 (37.8%), vertices/sample 0.381
  qp-env       26/26      0.42/6.64/292.74         365       13    10.52   0.0592    45%     0.0000      0/17491        0     0.0001       0
      primary samples 4, productive 3 (75.0%), vertices/sample 3.333
      qp 284.5 rows/call, 92% of calls reached the solver, 55689 calls
  vamp-rrtc    26/26      0.03/0.33/24.00         4734       28    14.06        -      -     0.0008      0/18476        0     0.0002       0
      primary samples 0, productive 0 (0.0%), vertices/sample 0.000

"samples" is checked configurations for isSafe, barrier evaluations for
the three CBF rows, and SIMD configuration lanes evaluated for VAMP. They measure
sampling work, while wall time captures the very different per-sample costs.
"unsafe/audited" evaluates exact primitive clearance at every state of the
densified solution -- for each CBF row that is the rollout the planner recorded
for each edge, replayed, so it is the motion that would actually be executed,
sampled inside each step rather than only at its boundaries. Non-zero unsafe
invalidates a row however fast it was.
"missed" counts solution edges that were not on file and had to be
re-derived; it must be zero, or the audited motion is a different trajectory
from the one the planner found.


envelope hop: 15442 filter calls, 1.213 hold queries/call, 16.5% saturated, 100.0% longer than L1, past one step 94.0% (L1 alone 53.6%), gated 72.3%, empty-active 0.0%, screen-escalated 1.3%
envelope bottleneck: world 97.6%, self-collision 2.3%, unbound 0.1% (horizon or screen clip), blocked 0.0%, joint-limit clamped 0.0%
envelope binding term:
  world rows       L1 0.0%, local-L1 0.6%, speed-capped 4.9%, isotropic-anchored 94.5% (of 15070 bound calls)
  self-pair rows   L1 0.0%, local-L1 0.0%, speed-capped 0.3%, normal-anchored 99.7% (of 357 bound calls)
local-lever screen: 352689 of 593780 expensive world rows settled before the envelope (59.4%)
span handed to the rollout, in controller steps (55687 calls):
                   <1      1-2      2-4      4-8       8+
  L1 only      85.14%     7.85%     4.18%     1.70%     1.13%
  envelope     73.93%     6.57%     8.12%     5.77%     5.61%
=== CBF profiler (wall time) ===
=== CBF filter stats ===
  calls=0  unchanged=0 (0.0%)  filtered=0 (0.0%)  blocked=0 (0.0%)
  active rows:       avg=0.00  max=0
  zero-row fast path: 0 (0.0%)
  qp iterations:     avg=0.00  max=0
  certified duration: avg=0.00000s  min=0.00000s  max=0.00000s  (over 0 non-blocked calls)
  required gain:     avg=0.000/s  max=0.000/s  p50=0.000/s  p90=0.000/s  p99=0.000/s  (over 0 calls, 0 uncertified)
