
MotionBenchMaker UR5, 689 problems loaded, up to 100 per scene
voxel 0.003 m, margin 0.0000 m + 0.0000 m filter buffer, stepSize 0.001 s, range 2.00 rad, 10.0 s limit

hop certificates: old L1 Lipschitz region and new hold-time bound
Picard: off; trajectory prefixes: 0; sequential rollout budget: 10000 calls
kappa 20.00 /s, certified step uncapped, self-collision margin 0.0000 m over 302 pairs
baseline segment: 0.000650 of extent = 0.0100 rad, rollout step 0.0100 rad (matched to the rollout)
rope shortcut off, all rows unsimplified

seed 1
  planner       solved ms(min/med/max)        samples vertices     path rad/call coarse  worst clr unsafe/audited missed worst self collide

bookshelf_small  (4 problems, 0 skipped: 0 clearance, 0 self-collision)
  rrtconnect    4/4       9.90/28.00/79.70        11003       55    16.08        -      -     0.0051      0/3121         0     0.0025       0
      primary samples 258, productive 51 (19.8%), vertices/sample 0.321
  qp-fixed      4/4       6.16/10.99/13.59         1311       11    10.92   0.0115     0%     0.0004      0/3476         0     0.0025       0
      primary samples 3, productive 3 (100.0%), vertices/sample 7.000
      qp 267.9 rows/call, 56% of calls reached the solver, 4839 calls
  qp-plain      4/4       6.48/11.53/14.95         1311       11    10.92   0.0115     0%     0.0004      0/3476         0     0.0025       0
      primary samples 3, productive 3 (100.0%), vertices/sample 7.000
      qp 342.0 rows/call, 100% of calls reached the solver, 4839 calls
  qp-adapt      4/4       3.72/5.50/6.09           614       11    10.92   0.0214    23%     0.0004      0/2816         0     0.0025       0
      primary samples 3, productive 3 (100.0%), vertices/sample 7.000
      qp 278.7 rows/call, 91% of calls reached the solver, 2294 calls
  qp-free       4/4      52.79/78.94/170.51       15098       49    17.12   0.0051     0%     0.0044      0/5512         0     0.0015       0
      primary samples 105, productive 40 (38.1%), vertices/sample 0.466
  free-env      4/4       5.90/11.06/20.45          852       48    16.48   0.0909    95%     0.0004      0/3080         0     0.0025       0
      primary samples 105, productive 40 (38.1%), vertices/sample 0.438
  qp-env        4/4       2.67/4.25/4.93           442       11    10.93   0.0391    22%     0.0004      0/2527         0     0.0025       0
      primary samples 3, productive 3 (100.0%), vertices/sample 6.000
      qp 280.9 rows/call, 94% of calls reached the solver, 1501 calls
  vamp-rrtc     4/4       0.11/0.34/1.29         16477       71    17.91        -      -     0.0044      0/3287         0     0.0025       0
      primary samples 0, productive 0 (0.0%), vertices/sample 0.000

bookshelf_tall  (4 problems, 0 skipped: 0 clearance, 0 self-collision)
  rrtconnect    4/4      14.67/59.12/185.06       12362       65    19.86        -      -     0.0008      0/3927         0     0.0001       0
      primary samples 383, productive 61 (15.9%), vertices/sample 0.197
  qp-fixed      4/4       9.05/16.71/20.48         1143       17    10.85   0.0115     0%     0.0009      0/3292         0     0.0001       0
      primary samples 4, productive 3 (75.0%), vertices/sample 5.250
      qp 294.1 rows/call, 89% of calls reached the solver, 4309 calls
  qp-plain      4/4       9.05/15.45/20.42         1143       17    10.85   0.0115     0%     0.0009      0/3292         0     0.0001       0
      primary samples 4, productive 3 (75.0%), vertices/sample 5.250
      qp 342.0 rows/call, 100% of calls reached the solver, 4309 calls
  qp-adapt      4/4       5.22/5.67/9.35           454       15    10.85   0.0289    43%     0.0009      0/2580         0     0.0001       0
      primary samples 4, productive 3 (75.0%), vertices/sample 5.500
      qp 306.7 rows/call, 98% of calls reached the solver, 2038 calls
  qp-free       4/4      39.27/181.31/286.75       24617       59    14.96   0.0051     0%     0.0025      0/5480         0     0.0001       0
      primary samples 186, productive 49 (26.3%), vertices/sample 0.632
  free-env      4/4       1.63/22.86/38.75         1058       51    18.72   0.0843    97%     0.0003      0/3435         0     0.0001       0
      primary samples 179, productive 45 (25.1%), vertices/sample 0.658
  qp-env        4/4       2.69/6.58/34.73          521       23    12.28   0.0375    57%     0.0000      0/2678         0     0.0001       0
      primary samples 5, productive 5 (100.0%), vertices/sample 5.000
      qp 306.1 rows/call, 98% of calls reached the solver, 3399 calls
  vamp-rrtc     4/4       0.13/0.60/0.60         15297       71    13.64        -      -     0.0001      0/2830         0     0.0001       0
      primary samples 0, productive 0 (0.0%), vertices/sample 0.000

bookshelf_thin  (4 problems, 0 skipped: 0 clearance, 0 self-collision)
  rrtconnect    4/4      11.47/84.30/111.27       12989       64    15.94        -      -     0.0014      0/2853         0     0.0025       0
      primary samples 241, productive 60 (24.9%), vertices/sample 0.266
  qp-fixed      4/4       5.83/15.98/44.38         1007       12    10.30   0.0120     0%     0.0004      0/3257         0     0.0025       0
      primary samples 2, productive 2 (100.0%), vertices/sample 4.500
      qp 276.2 rows/call, 56% of calls reached the solver, 4930 calls
  qp-plain      4/4       6.05/16.75/44.32         1007       12    10.30   0.0120     0%     0.0004      0/3257         0     0.0025       0
      primary samples 2, productive 2 (100.0%), vertices/sample 4.500
      qp 342.0 rows/call, 100% of calls reached the solver, 4930 calls
  qp-adapt      4/4       1.05/6.94/25.02          419       12    10.34   0.0461    54%     0.0004      0/2488         0     0.0025       0
      primary samples 2, productive 2 (100.0%), vertices/sample 4.500
      qp 289.6 rows/call, 91% of calls reached the solver, 2420 calls
  qp-free       4/4      52.10/75.88/345.28        8399       30    15.07   0.0054     0%     0.0006      0/4641         0     0.0025       0
      primary samples 68, productive 25 (36.8%), vertices/sample 0.421
  free-env      4/4       9.82/13.04/73.52          466       31    15.76   0.0737    96%     0.0003      0/2833         0     0.0000       0
      primary samples 68, productive 26 (38.2%), vertices/sample 0.395
  qp-env        4/4       0.63/5.56/17.24          315       14    10.32   0.1186    48%     0.0004      0/2234         0     0.0025       0
      primary samples 2, productive 2 (100.0%), vertices/sample 4.500
      qp 282.6 rows/call, 96% of calls reached the solver, 1532 calls
  vamp-rrtc     4/4       0.09/0.63/0.98         18838       71    11.55        -      -     0.0014      0/2453         0     0.0025       0
      primary samples 0, productive 0 (0.0%), vertices/sample 0.000

box  (5 problems, 0 skipped: 0 clearance, 0 self-collision)
  rrtconnect    5/5       2.09/4.69/16.87         1839       11     9.82        -      -     0.0066      0/2427         0     0.0025       0
      primary samples 24, productive 7 (29.2%), vertices/sample 0.458
  qp-fixed      5/5       2.92/4.74/55.48          599        8     7.65   0.0128     0%     0.0005      0/3811         0     0.0025       0
      primary samples 1, productive 1 (100.0%), vertices/sample 6.000
      qp 260.1 rows/call, 83% of calls reached the solver, 9024 calls
  qp-plain      5/5       2.96/5.26/62.87          599        8     7.65   0.0128     0%     0.0005      0/3811         0     0.0025       0
      primary samples 1, productive 1 (100.0%), vertices/sample 6.000
      qp 342.0 rows/call, 100% of calls reached the solver, 9024 calls
  qp-adapt      5/5       0.79/1.15/32.11          158       11     7.65   0.0335    77%     0.0005      0/2950         0     0.0025       0
      primary samples 1, productive 1 (100.0%), vertices/sample 6.000
      qp 279.1 rows/call, 92% of calls reached the solver, 4557 calls
  qp-free       5/5      11.33/47.70/86.53         8993       24    14.27   0.0051     0%     0.0012      0/7120         0     0.0025       0
      primary samples 58, productive 17 (29.3%), vertices/sample 0.565
  free-env      5/5       1.57/7.08/10.16          560       34    12.85   0.0957    95%     0.0002      0/3910         0     0.0025       0
      primary samples 62, productive 25 (40.3%), vertices/sample 0.523
  qp-env        5/5       0.39/0.67/26.12           68       11     7.64   0.0781    73%     0.0005      0/2740         0     0.0025       0
      primary samples 1, productive 1 (100.0%), vertices/sample 6.000
      qp 280.3 rows/call, 93% of calls reached the solver, 3141 calls
  vamp-rrtc     5/5       0.03/0.06/0.14          1822       13     9.15        -      -    -0.0006      1/2243         0     0.0025       0
      primary samples 0, productive 0 (0.0%), vertices/sample 0.000

cage  (4 problems, 0 skipped: 0 clearance, 0 self-collision)
  rrtconnect    4/4      97.14/464.58/1795.89     173976     1065    23.35        -      -     0.0016      0/4500         0     0.0008       0
      primary samples 7852, productive 1062 (13.5%), vertices/sample 0.151
  qp-fixed      4/4      20.11/435.51/461.08       44567      200    25.89   0.0089     0%     0.0000      0/7676         0     0.0001       0
      primary samples 183, productive 120 (65.6%), vertices/sample 1.511
      qp 278.2 rows/call, 92% of calls reached the solver, 106605 calls
  qp-plain      4/4      20.98/455.89/471.42       44567      200    25.89   0.0089     0%     0.0000      0/7676         0     0.0001       0
      primary samples 183, productive 120 (65.6%), vertices/sample 1.511
      qp 342.0 rows/call, 100% of calls reached the solver, 106605 calls
  qp-adapt      4/4       9.18/298.59/304.38       31124      200    25.93   0.0142    32%     0.0000      0/6420         0     0.0001       0
      primary samples 183, productive 120 (65.6%), vertices/sample 1.511
      qp 278.6 rows/call, 98% of calls reached the solver, 71395 calls
  qp-free       4/4     556.62/1679.72/1695.75     303374      606    23.00   0.0033     0%     0.0030      0/8405         0     0.0019       0
      primary samples 2320, productive 576 (24.8%), vertices/sample 0.280
  free-env      4/4      79.86/374.25/474.32       27985     1049    25.93   0.0561    92%     0.0004      0/4702         0     0.0001       0
      primary samples 4552, productive 1013 (22.3%), vertices/sample 0.230
  qp-env        4/4       7.02/181.12/247.99       17638      151    24.62   0.0190    34%     0.0000      0/5569         0     0.0001       0
      primary samples 145, productive 94 (64.8%), vertices/sample 1.489
      qp 278.4 rows/call, 99% of calls reached the solver, 47839 calls
  vamp-rrtc     4/4       1.51/10.03/14.87       297378      893    20.45        -      -     0.0022      0/3941         0     0.0023       0
      primary samples 0, productive 0 (0.0%), vertices/sample 0.000

table_pick  (4 problems, 0 skipped: 0 clearance, 0 self-collision)
  rrtconnect    4/4       3.30/5.49/5.60          1417        9    10.18        -      -     0.0010      0/1984         0     0.0025       0
      primary samples 8, productive 4 (50.0%), vertices/sample 1.000
  qp-fixed      4/4       7.41/9.03/10.09          761        7     9.02   0.0127     0%     0.0045      0/2535         0     0.0025       0
      primary samples 2, productive 2 (100.0%), vertices/sample 7.000
      qp 260.4 rows/call, 38% of calls reached the solver, 3102 calls
  qp-plain      4/4       6.86/8.74/10.71          761        7     9.02   0.0127     0%     0.0045      0/2535         0     0.0025       0
      primary samples 2, productive 2 (100.0%), vertices/sample 7.000
      qp 342.0 rows/call, 100% of calls reached the solver, 3102 calls
  qp-adapt      4/4       0.64/2.71/4.12           290        7     9.03   0.0685    59%     0.0045      0/1785         0     0.0025       0
      primary samples 2, productive 2 (100.0%), vertices/sample 7.000
      qp 268.7 rows/call, 78% of calls reached the solver, 836 calls
  qp-free       4/4       8.78/9.66/10.08         1520       10     9.46   0.0086     0%     0.0010      0/3377         0     0.0025       0
      primary samples 8, productive 5 (62.5%), vertices/sample 1.250
  free-env      4/4       1.38/1.51/1.79            89       10     9.47   0.1616    97%     0.0010      0/2133         0     0.0025       0
      primary samples 8, productive 5 (62.5%), vertices/sample 1.250
  qp-env        4/4       0.35/1.65/2.93           131        7     9.06   0.1784    72%     0.0046      0/1665         0     0.0025       0
      primary samples 2, productive 2 (100.0%), vertices/sample 7.000
      qp 268.5 rows/call, 80% of calls reached the solver, 429 calls
  vamp-rrtc     4/4       0.03/0.05/0.05           889        9    10.18        -      -     0.0010      0/2096         0     0.0025       0
      primary samples 0, productive 0 (0.0%), vertices/sample 0.000

table_under_pick  (4 problems, 0 skipped: 0 clearance, 0 self-collision)
  rrtconnect    4/4       4.23/8.34/13.49         2275       13    12.36        -      -     0.0037      0/2377         0     0.0021       0
      primary samples 43, productive 8 (18.6%), vertices/sample 0.312
  qp-fixed      4/4       9.61/14.05/26.99         1300       16    11.31   0.0133     0%     0.0001      0/3313         0     0.0000       0
      primary samples 4, productive 4 (100.0%), vertices/sample 6.000
      qp 288.3 rows/call, 75% of calls reached the solver, 5659 calls
  qp-plain      4/4       9.79/27.28/28.14         1300       16    11.31   0.0133     0%     0.0001      0/3313         0     0.0000       0
      primary samples 4, productive 4 (100.0%), vertices/sample 6.000
      qp 342.0 rows/call, 100% of calls reached the solver, 5659 calls
  qp-adapt      4/4       2.40/5.01/16.52          482       16    11.32   0.0505    69%     0.0001      0/2814         0     0.0000       0
      primary samples 4, productive 4 (100.0%), vertices/sample 6.000
      qp 300.0 rows/call, 89% of calls reached the solver, 2589 calls
  qp-free       4/4      23.14/51.20/72.52         8192       27    12.00   0.0043     0%     0.0019      0/4472         0     0.0003       0
      primary samples 62, productive 23 (37.1%), vertices/sample 0.422
  free-env      4/4       3.61/8.60/9.12           495       27    12.44   0.0927    98%     0.0014      0/2877         0     0.0000       0
      primary samples 64, productive 23 (35.9%), vertices/sample 0.422
  qp-env        4/4       1.22/2.02/11.15          179       15    11.36   0.0867    57%     0.0001      0/2489         0     0.0001       0
      primary samples 4, productive 4 (100.0%), vertices/sample 6.000
      qp 295.5 rows/call, 87% of calls reached the solver, 1384 calls
  vamp-rrtc     4/4       0.06/0.09/0.13          3637       14    13.73        -      -     0.0037      0/2665         0     0.0006       0
      primary samples 0, productive 0 (0.0%), vertices/sample 0.000

Hop disposition -- what set the hop's length, median over problems.
  row         floored(<1 step)    at region   edge-limited
  qp-fixed            100.0%         0.0%           0.0%
  qp-plain            100.0%         0.0%           0.0%
  qp-adapt             57.0%        42.1%           1.5%
  qp-free             100.0%         0.0%           0.0%
  free-env              2.3%        84.0%          13.8%
  qp-env               61.7%        35.9%           2.9%

Endpoint clearance at zero margin -- min(start, goal) over all spheres.
  scene                     min    median       max affordable   problems by margin
  bookshelf_small        0.0051    0.0095    0.0096    0.0051   0:100% 0.02:  0% 0.04:  0% 0.06:  0% 0.09:  0%
  bookshelf_tall         0.0001    0.0069    0.0098    0.0001   0:100% 0.02:  0% 0.04:  0% 0.06:  0% 0.09:  0%
  bookshelf_thin         0.0025    0.0068    0.0083    0.0025   0:100% 0.02:  0% 0.04:  0% 0.06:  0% 0.09:  0%
  box                    0.0127    0.0127    0.0127    0.0127   0:100% 0.02:  0% 0.04:  0% 0.06:  0% 0.09:  0%
  cage                   0.0127    0.0127    0.0127    0.0127   0:100% 0.02:  0% 0.04:  0% 0.06:  0% 0.09:  0%
  table_pick             0.0059    0.0076    0.0078    0.0059   0:100% 0.02:  0% 0.04:  0% 0.06:  0% 0.09:  0%
  table_under_pick       0.0066    0.0080    0.0080    0.0066   0:100% 0.02:  0% 0.04:  0% 0.06:  0% 0.09:  0%

all scenes  (29 problems, 0 skipped: 0 clearance, 0 self-collision)
  rrtconnect   29/29      2.09/12.62/1795.89       3644       20    13.20        -      -     0.0008      0/21189        0     0.0001       0
      primary samples 64, productive 16 (25.0%), vertices/sample 0.266
  qp-fixed     29/29      2.92/12.47/461.08        1071       11     9.53   0.0113     0%     0.0000      0/27360        0     0.0000       0
      primary samples 2, productive 2 (100.0%), vertices/sample 4.250
      qp 267.9 rows/call, 56% of calls reached the solver, 138468 calls
  qp-plain     29/29      2.96/13.11/471.42        1071       11     9.53   0.0113     0%     0.0000      0/27360        0     0.0000       0
      primary samples 2, productive 2 (100.0%), vertices/sample 4.250
      qp 342.0 rows/call, 100% of calls reached the solver, 138468 calls
  qp-adapt     29/29      0.64/5.22/304.38         428       11     9.54   0.0261    43%     0.0000      0/21853        0     0.0000       0
      primary samples 2, productive 2 (100.0%), vertices/sample 4.000
      qp 278.7 rows/call, 90% of calls reached the solver, 86129 calls
  qp-free      29/29      8.78/53.96/1695.75       8993       33    14.14   0.0049     0%     0.0006      0/39007        0     0.0001       0
      primary samples 62, productive 25 (40.3%), vertices/sample 0.421
  free-env     29/29      1.38/8.60/474.32         495       32    13.89   0.0855    95%     0.0002      0/22970        0     0.0000       0
      primary samples 65, productive 26 (40.0%), vertices/sample 0.422
  qp-env       29/29      0.35/2.93/247.99         259       11    10.08   0.0411    38%     0.0000      0/19902        0     0.0001       0
      primary samples 2, productive 2 (100.0%), vertices/sample 4.000
      qp 279.1 rows/call, 94% of calls reached the solver, 59225 calls
  vamp-rrtc    29/29      0.03/0.13/14.87         3868       22    12.93        -      -    -0.0006      1/19515        0     0.0001       0
      primary samples 0, productive 0 (0.0%), vertices/sample 0.000

"samples" is checked configurations for isSafe, barrier evaluations for
the three CBF rows, and SIMD configuration lanes evaluated for VAMP. They measure
sampling work, while wall time captures the very different per-sample costs.
"unsafe/audited" evaluates exact primitive clearance at every state of the
densified solution -- for each CBF row that is the rollout the planner recorded
for each edge, replayed, so it is the motion that would actually be executed,
sampled inside each step rather than only at its boundaries. Non-zero unsafe
invalidates a row however fast it was.
"missed" counts solution edges that were not on file and had to be
re-derived; it must be zero, or the audited motion is a different trajectory
from the one the planner found.


envelope hop: 12551 filter calls, 1.223 hold queries/call, 16.7% saturated, 100.0% longer than L1, past one step 94.4% (L1 alone 55.7%), gated 78.8%, empty-active 0.0%, screen-escalated 1.9%
envelope bottleneck: world 97.1%, self-collision 2.8%, unbound 0.1% (horizon or screen clip), blocked 0.0%, joint-limit clamped 0.0%
envelope binding term:
  world rows       L1 0.0%, local-L1 0.6%, speed-capped 4.7%, isotropic-anchored 94.7% (of 12186 bound calls)
  self-pair rows   L1 0.0%, local-L1 0.0%, speed-capped 0.0%, normal-anchored 100.0% (of 348 bound calls)
local-lever screen: 414729 of 689297 expensive world rows settled before the envelope (60.2%)
span handed to the rollout, in controller steps (59225 calls):
                   <1      1-2      2-4      4-8       8+
  L1 only      88.20%     5.78%     3.32%     1.50%     1.20%
  envelope     79.99%     5.11%     5.53%     4.50%     4.87%
=== CBF profiler (wall time) ===
=== CBF filter stats ===
  calls=0  unchanged=0 (0.0%)  filtered=0 (0.0%)  blocked=0 (0.0%)
  active rows:       avg=0.00  max=0
  zero-row fast path: 0 (0.0%)
  qp iterations:     avg=0.00  max=0
  certified duration: avg=0.00000s  min=0.00000s  max=0.00000s  (over 0 non-blocked calls)
  required gain:     avg=0.000/s  max=0.000/s  p50=0.000/s  p90=0.000/s  p99=0.000/s  (over 0 calls, 0 uncertified)
