
MotionBenchMaker UR5, 689 problems loaded, up to 2 per scene
voxel 0.003 m, margin 0.0000 m + 0.0030 m filter buffer, stepSize 0.010 s, range 2.00 rad, 5.0 s limit

hop certificates: old L1 Lipschitz region and new hold-time bound
Picard: off; trajectory prefixes: 0; sequential rollout budget: 10000 calls
kappa 20.00 /s, certified step uncapped, self-collision margin 0.0000 m over 303 pairs
baseline segment: 0.000650 of extent = 0.0100 rad, rollout step 0.0100 rad (matched to the rollout)
rope shortcut off, all rows unsimplified

seed 1
  planner       solved ms(min/med/max)        samples vertices     path rad/call coarse  worst clr unsafe/audited missed worst self collide
Error:   Random number generation already started. Changing seed now will not lead to deterministic sampling.
         at line 79 in /home/ax-ml-ubu24/ompl/src/ompl/util/src/RandomNumbers.cpp
Error:   Random number generation already started. Changing seed now will not lead to deterministic sampling.
         at line 79 in /home/ax-ml-ubu24/ompl/src/ompl/util/src/RandomNumbers.cpp
Error:   Random number generation already started. Changing seed now will not lead to deterministic sampling.
         at line 79 in /home/ax-ml-ubu24/ompl/src/ompl/util/src/RandomNumbers.cpp
Error:   Random number generation already started. Changing seed now will not lead to deterministic sampling.
         at line 79 in /home/ax-ml-ubu24/ompl/src/ompl/util/src/RandomNumbers.cpp
Error:   Random number generation already started. Changing seed now will not lead to deterministic sampling.
         at line 79 in /home/ax-ml-ubu24/ompl/src/ompl/util/src/RandomNumbers.cpp
Error:   Random number generation already started. Changing seed now will not lead to deterministic sampling.
         at line 79 in /home/ax-ml-ubu24/ompl/src/ompl/util/src/RandomNumbers.cpp
Error:   Random number generation already started. Changing seed now will not lead to deterministic sampling.
         at line 79 in /home/ax-ml-ubu24/ompl/src/ompl/util/src/RandomNumbers.cpp
Error:   Random number generation already started. Changing seed now will not lead to deterministic sampling.
         at line 79 in /home/ax-ml-ubu24/ompl/src/ompl/util/src/RandomNumbers.cpp
Error:   Random number generation already started. Changing seed now will not lead to deterministic sampling.
         at line 79 in /home/ax-ml-ubu24/ompl/src/ompl/util/src/RandomNumbers.cpp
Error:   Random number generation already started. Changing seed now will not lead to deterministic sampling.
         at line 79 in /home/ax-ml-ubu24/ompl/src/ompl/util/src/RandomNumbers.cpp
Error:   Random number generation already started. Changing seed now will not lead to deterministic sampling.
         at line 79 in /home/ax-ml-ubu24/ompl/src/ompl/util/src/RandomNumbers.cpp
Error:   Random number generation already started. Changing seed now will not lead to deterministic sampling.
         at line 79 in /home/ax-ml-ubu24/ompl/src/ompl/util/src/RandomNumbers.cpp

bookshelf_small  (2 problems, 0 skipped: 0 clearance, 0 self-collision)
  qp-fixed      1/2       0.95/5000.29/5000.29    1940681     3601     6.29   0.0157     0%     0.0041      0/401          0     0.0025       0
      primary samples 9455, productive 3490 (36.9%), vertices/sample 6.000

bookshelf_tall  (2 problems, 0 skipped: 0 clearance, 0 self-collision)
  qp-fixed      2/2       2.77/3.14/3.14          1070       10    11.02   0.0143     0%     0.0029      0/1581         0     0.0025       0
      primary samples 2, productive 2 (100.0%), vertices/sample 5.000

bookshelf_thin  (2 problems, 1 skipped: 0 clearance, 1 self-collision)
  qp-fixed      1/1      15.80/15.80/15.80         5663       36    23.24   0.0103     0%     0.0006      0/1944         0     0.0025       0
      primary samples 22, productive 15 (68.2%), vertices/sample 1.636

box  (2 problems, 0 skipped: 0 clearance, 0 self-collision)
  qp-fixed      2/2       1.83/4.51/4.51          1455       14     9.97   0.0130     0%     0.0029      0/1156         0     0.0025       0
      primary samples 4, productive 4 (100.0%), vertices/sample 6.000

cage  (2 problems, 0 skipped: 0 clearance, 0 self-collision)
  qp-fixed      2/2      29.11/33.28/33.28        11406       65    22.83   0.0101     0%    -0.0007      1/3208         0     0.0025       0
      primary samples 46, productive 34 (73.9%), vertices/sample 1.500

table_pick  (2 problems, 0 skipped: 0 clearance, 0 self-collision)
  qp-fixed      2/2       1.83/7.45/7.45          2654       24    15.95   0.0132     0%     0.0030      0/1850         0     0.0025       0
      primary samples 7, productive 7 (100.0%), vertices/sample 7.000

table_under_pick  (2 problems, 1 skipped: 0 clearance, 1 self-collision)
  qp-fixed      1/1       3.72/3.72/3.72          1186       12    10.17   0.0123     0%    -0.0013      4/851          0     0.0025       0
      primary samples 4, productive 4 (100.0%), vertices/sample 3.000

Hop disposition -- what set the hop's length, median over problems.
  row         floored(<1 step)    at region   edge-limited
  qp-fixed            100.0%         0.0%           0.0%

Endpoint clearance at zero margin -- min(start, goal) over all spheres.
  scene                     min    median       max affordable   problems by margin
  bookshelf_small        0.0038    0.0075    0.0075    0.0038   0:100% 0.02:  0% 0.04:  0% 0.06:  0% 0.09:  0%
  bookshelf_tall         0.0046    0.0067    0.0067    0.0046   0:100% 0.02:  0% 0.04:  0% 0.06:  0% 0.09:  0%
  bookshelf_thin        -0.0174    0.0073    0.0073   -0.0174   0: 50% 0.02:  0% 0.04:  0% 0.06:  0% 0.09:  0%
  box                    0.0127    0.0127    0.0127    0.0127   0:100% 0.02:  0% 0.04:  0% 0.06:  0% 0.09:  0%
  cage                   0.0127    0.0127    0.0127    0.0127   0:100% 0.02:  0% 0.04:  0% 0.06:  0% 0.09:  0%
  table_pick             0.0076    0.0079    0.0079    0.0076   0:100% 0.02:  0% 0.04:  0% 0.06:  0% 0.09:  0%
  table_under_pick      -0.0198    0.0082    0.0082   -0.0198   0: 50% 0.02:  0% 0.04:  0% 0.06:  0% 0.09:  0%

all scenes  (14 problems, 2 skipped: 0 clearance, 2 self-collision)
  qp-fixed     11/12      0.95/4.51/5000.29       1455       14    10.82   0.0123     0%    -0.0013      5/10991        0     0.0025       0
      primary samples 4, productive 4 (100.0%), vertices/sample 3.500

"samples" is checked configurations for isSafe, barrier evaluations for
the three CBF rows, and SIMD configuration lanes evaluated for VAMP. They measure
sampling work, while wall time captures the very different per-sample costs.
"unsafe/audited" evaluates exact primitive clearance at every state of the
densified solution -- for each CBF row that is the rollout the planner recorded
for each edge, replayed, so it is the motion that would actually be executed,
sampled inside each step rather than only at its boundaries. Non-zero unsafe
invalidates a row however fast it was.
"missed" counts solution edges that were not on file and had to be
re-derived; it must be zero, or the audited motion is a different trajectory
from the one the planner found.

=== CBF profiler (wall time) ===
  evaluate_screened    total=   3.7804s  calls= 1976674  avg=    1.912us
  sdf_query            total=   2.1581s  calls= 1976674  avg=    1.092us
  qp_solve             total=   1.0009s  calls= 1625790  avg=    0.616us
  self_collision       total=   0.6556s  calls= 1976674  avg=    0.332us
=== CBF filter stats ===
  calls=1976674  unchanged=116562 (5.9%)  filtered=1860095 (94.1%)  blocked=17 (0.0%)
  active rows:       avg=16.63  max=76
  zero-row fast path: 34487 (1.7%)
  qp iterations:     avg=1.64  max=13
  certified duration: avg=0.00000s  min=0.00000s  max=0.00000s  (over 1976657 non-blocked calls)
  required gain:     avg=0.000/s  max=0.000/s  p50=0.000/s  p90=0.000/s  p99=0.000/s  (over 0 calls, 1976657 uncertified)
