
MotionBenchMaker UR5, 689 problems loaded, up to 2 per scene
voxel 0.003 m, margin 0.0000 m + 0.0030 m filter buffer, stepSize 0.005 s, range 2.00 rad, 5.0 s limit

hop certificates: old L1 Lipschitz region and new hold-time bound
Picard: off; trajectory prefixes: 0; sequential rollout budget: 10000 calls
kappa 20.00 /s, certified step uncapped, self-collision margin 0.0000 m over 303 pairs
baseline segment: 0.000650 of extent = 0.0100 rad, rollout step 0.0100 rad (matched to the rollout)
rope shortcut off, all rows unsimplified

seed 1
  planner       solved ms(min/med/max)        samples vertices     path rad/call coarse  worst clr unsafe/audited missed worst self collide
Error:   Random number generation already started. Changing seed now will not lead to deterministic sampling.
         at line 79 in /home/ax-ml-ubu24/ompl/src/ompl/util/src/RandomNumbers.cpp
Error:   Random number generation already started. Changing seed now will not lead to deterministic sampling.
         at line 79 in /home/ax-ml-ubu24/ompl/src/ompl/util/src/RandomNumbers.cpp
Error:   Random number generation already started. Changing seed now will not lead to deterministic sampling.
         at line 79 in /home/ax-ml-ubu24/ompl/src/ompl/util/src/RandomNumbers.cpp
Error:   Random number generation already started. Changing seed now will not lead to deterministic sampling.
         at line 79 in /home/ax-ml-ubu24/ompl/src/ompl/util/src/RandomNumbers.cpp
Error:   Random number generation already started. Changing seed now will not lead to deterministic sampling.
         at line 79 in /home/ax-ml-ubu24/ompl/src/ompl/util/src/RandomNumbers.cpp
Error:   Random number generation already started. Changing seed now will not lead to deterministic sampling.
         at line 79 in /home/ax-ml-ubu24/ompl/src/ompl/util/src/RandomNumbers.cpp
Error:   Random number generation already started. Changing seed now will not lead to deterministic sampling.
         at line 79 in /home/ax-ml-ubu24/ompl/src/ompl/util/src/RandomNumbers.cpp
Error:   Random number generation already started. Changing seed now will not lead to deterministic sampling.
         at line 79 in /home/ax-ml-ubu24/ompl/src/ompl/util/src/RandomNumbers.cpp
Error:   Random number generation already started. Changing seed now will not lead to deterministic sampling.
         at line 79 in /home/ax-ml-ubu24/ompl/src/ompl/util/src/RandomNumbers.cpp
Error:   Random number generation already started. Changing seed now will not lead to deterministic sampling.
         at line 79 in /home/ax-ml-ubu24/ompl/src/ompl/util/src/RandomNumbers.cpp
Error:   Random number generation already started. Changing seed now will not lead to deterministic sampling.
         at line 79 in /home/ax-ml-ubu24/ompl/src/ompl/util/src/RandomNumbers.cpp
Error:   Random number generation already started. Changing seed now will not lead to deterministic sampling.
         at line 79 in /home/ax-ml-ubu24/ompl/src/ompl/util/src/RandomNumbers.cpp

bookshelf_small  (2 problems, 0 skipped: 0 clearance, 0 self-collision)
  qp-fixed      1/2       1.03/5000.32/5000.32    1589467     3038     6.29   0.0157     0%     0.0064      0/401          0     0.0025       0
      primary samples 7630, productive 2934 (38.5%), vertices/sample 6.000

bookshelf_tall  (2 problems, 0 skipped: 0 clearance, 0 self-collision)
  qp-fixed      2/2       2.97/3.32/3.32          1071        9    11.00   0.0142     0%     0.0030      0/1581         0     0.0025       0
      primary samples 2, productive 2 (100.0%), vertices/sample 4.500

bookshelf_thin  (2 problems, 1 skipped: 0 clearance, 1 self-collision)
  qp-fixed      1/1      25.05/25.05/25.05         7949       49    19.11   0.0101     0%     0.0027      0/1487         0     0.0025       0
      primary samples 31, productive 21 (67.7%), vertices/sample 1.581

box  (2 problems, 0 skipped: 0 clearance, 0 self-collision)
  qp-fixed      2/2       1.95/6.69/6.69          1467       15     9.89   0.0128     0%     0.0030      0/1153         0     0.0025       0
      primary samples 4, productive 4 (100.0%), vertices/sample 6.000

cage  (2 problems, 0 skipped: 0 clearance, 0 self-collision)
  qp-fixed      2/2      31.91/36.35/36.35        11404       67    22.62   0.0100     0%     0.0009      0/3214         0     0.0025       0
      primary samples 46, productive 34 (73.9%), vertices/sample 1.571

table_pick  (2 problems, 0 skipped: 0 clearance, 0 self-collision)
  qp-fixed      2/2       2.44/7.78/7.78          2678       25    15.88   0.0132     0%     0.0030      0/1866         0     0.0025       0
      primary samples 7, productive 7 (100.0%), vertices/sample 7.000

table_under_pick  (2 problems, 1 skipped: 0 clearance, 1 self-collision)
  qp-fixed      1/1       4.01/4.01/4.01          1185       13    10.09   0.0121     0%     0.0017      0/849          0     0.0025       0
      primary samples 4, productive 4 (100.0%), vertices/sample 3.250

Hop disposition -- what set the hop's length, median over problems.
  row         floored(<1 step)    at region   edge-limited
  qp-fixed            100.0%         0.0%           0.0%

Endpoint clearance at zero margin -- min(start, goal) over all spheres.
  scene                     min    median       max affordable   problems by margin
  bookshelf_small        0.0038    0.0075    0.0075    0.0038   0:100% 0.02:  0% 0.04:  0% 0.06:  0% 0.09:  0%
  bookshelf_tall         0.0046    0.0067    0.0067    0.0046   0:100% 0.02:  0% 0.04:  0% 0.06:  0% 0.09:  0%
  bookshelf_thin        -0.0174    0.0073    0.0073   -0.0174   0: 50% 0.02:  0% 0.04:  0% 0.06:  0% 0.09:  0%
  box                    0.0127    0.0127    0.0127    0.0127   0:100% 0.02:  0% 0.04:  0% 0.06:  0% 0.09:  0%
  cage                   0.0127    0.0127    0.0127    0.0127   0:100% 0.02:  0% 0.04:  0% 0.06:  0% 0.09:  0%
  table_pick             0.0076    0.0079    0.0079    0.0076   0:100% 0.02:  0% 0.04:  0% 0.06:  0% 0.09:  0%
  table_under_pick      -0.0198    0.0082    0.0082   -0.0198   0: 50% 0.02:  0% 0.04:  0% 0.06:  0% 0.09:  0%

all scenes  (14 problems, 2 skipped: 0 clearance, 2 self-collision)
  qp-fixed     11/12      1.03/6.69/5000.32       1467       15    10.80   0.0122     0%     0.0009      0/10551        0     0.0025       0
      primary samples 4, productive 4 (100.0%), vertices/sample 3.750

"samples" is checked configurations for isSafe, barrier evaluations for
the three CBF rows, and SIMD configuration lanes evaluated for VAMP. They measure
sampling work, while wall time captures the very different per-sample costs.
"unsafe/audited" evaluates exact primitive clearance at every state of the
densified solution -- for each CBF row that is the rollout the planner recorded
for each edge, replayed, so it is the motion that would actually be executed,
sampled inside each step rather than only at its boundaries. Non-zero unsafe
invalidates a row however fast it was.
"missed" counts solution edges that were not on file and had to be
re-derived; it must be zero, or the audited motion is a different trajectory
from the one the planner found.

=== CBF profiler (wall time) ===
  evaluate_screened    total=   3.7421s  calls= 1628103  avg=    2.298us
  sdf_query            total=   1.8860s  calls= 1628103  avg=    1.158us
  qp_solve             total=   1.0701s  calls= 1499402  avg=    0.714us
  self_collision       total=   0.6856s  calls= 1628103  avg=    0.421us
=== CBF filter stats ===
  calls=1628103  unchanged=97351 (6.0%)  filtered=1530743 (94.0%)  blocked=9 (0.0%)
  active rows:       avg=47.53  max=203
  zero-row fast path: 4693 (0.3%)
  qp iterations:     avg=1.89  max=16
  certified duration: avg=0.00000s  min=0.00000s  max=0.00000s  (over 1628094 non-blocked calls)
  required gain:     avg=0.000/s  max=0.000/s  p50=0.000/s  p90=0.000/s  p99=0.000/s  (over 0 calls, 1628094 uncertified)
