
MotionBenchMaker UR5, 689 problems loaded, up to 100 per scene
voxel 0.003 m, margin 0.0000 m + 0.0000 m filter buffer, stepSize 0.001 s, range 2.00 rad, 10.0 s limit

hop certificates: old L1 Lipschitz region and new hold-time bound
Picard: off; trajectory prefixes: 0; sequential rollout budget: 10000 calls
kappa 20.00 /s, certified step uncapped, self-collision margin 0.0000 m over 302 pairs
baseline segment: 0.000650 of extent = 0.0100 rad, rollout step 0.0100 rad (matched to the rollout)
rope shortcut off, all rows unsimplified

seed 1
  planner       solved ms(min/med/max)        samples vertices     path rad/call coarse  worst clr unsafe/audited missed worst self collide

bookshelf_small  (4 problems, 0 skipped: 0 clearance, 0 self-collision)
  rrtconnect    4/4       4.96/34.00/364.02        8800       46    21.33        -      -     0.0019      0/3654         0     0.0025       0
      primary samples 207, productive 41 (19.8%), vertices/sample 0.222
  qp-fixed      4/4      18.84/30.32/33.72         2183       18    12.64   0.0103     0%     0.0014      0/4115         0     0.0000       0
      primary samples 6, productive 6 (100.0%), vertices/sample 3.667
      qp 299.3 rows/call, 79% of calls reached the solver, 7663 calls
  qp-plain      4/4      19.44/30.82/36.33         2183       18    12.64   0.0103     0%     0.0014      0/4115         0     0.0000       0
      primary samples 6, productive 6 (100.0%), vertices/sample 3.667
      qp 342.0 rows/call, 100% of calls reached the solver, 7663 calls
  qp-adapt      4/4       7.49/18.23/22.74         1270       18    12.68   0.0177    36%     0.0014      0/3318         0     0.0000       0
      primary samples 6, productive 6 (100.0%), vertices/sample 3.667
      qp 308.3 rows/call, 97% of calls reached the solver, 4472 calls
  qp-free       4/4      20.58/287.92/297.40       35059       84    18.46   0.0044     0%     0.0006      0/6139         0     0.0002       0
      primary samples 234, productive 76 (32.5%), vertices/sample 0.359
  free-env      4/4       2.85/35.64/56.79         1735       85    15.04   0.0875    96%     0.0004      0/2947         0     0.0025       0
      primary samples 237, productive 78 (32.9%), vertices/sample 0.359
  qp-env        4/4       4.47/12.99/13.91          902       18    12.79   0.0286    25%     0.0012      0/2954         0     0.0000       0
      primary samples 6, productive 6 (100.0%), vertices/sample 3.833
      qp 308.2 rows/call, 98% of calls reached the solver, 2640 calls
  vamp-rrtc     4/4       0.07/0.62/9.11         13496       63    20.11        -      -     0.0019      0/3464         0     0.0012       0
      primary samples 0, productive 0 (0.0%), vertices/sample 0.000

bookshelf_tall  (4 problems, 0 skipped: 0 clearance, 0 self-collision)
  rrtconnect    4/4      16.66/221.01/229.53       29064      142    21.62        -      -     0.0036      0/3620         0     0.0025       0
      primary samples 748, productive 139 (18.6%), vertices/sample 0.197
  qp-fixed      4/4      18.49/45.19/174.67        2128       23    13.56   0.0109     0%     0.0003      0/4246         0     0.0000       0
      primary samples 6, productive 5 (83.3%), vertices/sample 4.500
      qp 275.4 rows/call, 90% of calls reached the solver, 13333 calls
  qp-plain      4/4      18.79/46.65/177.41        2128       23    13.56   0.0109     0%     0.0003      0/4246         0     0.0000       0
      primary samples 6, productive 5 (83.3%), vertices/sample 4.500
      qp 342.0 rows/call, 100% of calls reached the solver, 13333 calls
  qp-adapt      4/4      11.08/25.73/134.88        1352       21    13.60   0.0176    34%     0.0003      0/3604         0     0.0000       0
      primary samples 6, productive 5 (83.3%), vertices/sample 4.200
      qp 282.7 rows/call, 96% of calls reached the solver, 9358 calls
  qp-free       4/4      51.82/479.02/1122.88      41160       95    17.77   0.0041     0%     0.0011      0/7250         0     0.0009       0
      primary samples 318, productive 89 (28.0%), vertices/sample 0.319
  free-env      4/4       9.48/103.38/160.57        2989      123    18.01   0.0717    95%     0.0004      0/4101         0     0.0000       0
      primary samples 438, productive 116 (26.5%), vertices/sample 0.286
  qp-env        4/4       9.27/16.41/120.26         765       22    13.71   0.0347    14%     0.0003      0/3060         0     0.0000       0
      primary samples 9, productive 8 (88.9%), vertices/sample 3.800
      qp 281.3 rows/call, 98% of calls reached the solver, 7393 calls
  vamp-rrtc     4/4       0.19/2.62/2.72         39128      154    21.62        -      -     0.0036      0/3719         0     0.0025       0
      primary samples 0, productive 0 (0.0%), vertices/sample 0.000

bookshelf_thin  (4 problems, 0 skipped: 0 clearance, 0 self-collision)
  rrtconnect    4/4      21.05/59.36/637.41        5945       31    15.44        -      -     0.0017      0/2855         0     0.0003       0
      primary samples 86, productive 27 (31.4%), vertices/sample 0.369
  qp-fixed      4/4      19.21/27.07/35.97         1084       10     9.98   0.0116     0%     0.0001      0/3019         0     0.0003       0
      primary samples 2, productive 2 (100.0%), vertices/sample 6.000
      qp 262.0 rows/call, 63% of calls reached the solver, 4130 calls
  qp-plain      4/4      19.91/27.90/37.20         1084       10     9.98   0.0116     0%     0.0001      0/3019         0     0.0003       0
      primary samples 2, productive 2 (100.0%), vertices/sample 6.000
      qp 342.0 rows/call, 100% of calls reached the solver, 4130 calls
  qp-adapt      4/4       4.22/15.63/18.85          594       10     9.99   0.0276    66%     0.0001      0/2466         0     0.0003       0
      primary samples 2, productive 2 (100.0%), vertices/sample 6.000
      qp 283.8 rows/call, 95% of calls reached the solver, 1943 calls
  qp-free       4/4     133.73/187.72/285.94       13303       44    14.65   0.0054     0%     0.0018      0/4591         0     0.0001       0
      primary samples 95, productive 38 (40.0%), vertices/sample 0.463
  free-env      4/4      20.71/27.02/33.64          640       35    14.88   0.0936    96%     0.0006      0/2874         0     0.0000       0
      primary samples 94, productive 32 (34.0%), vertices/sample 0.440
  qp-env        4/4       2.15/12.55/16.86          464        9     9.95   0.0821    58%     0.0001      0/2262         0     0.0003       0
      primary samples 2, productive 2 (100.0%), vertices/sample 4.000
      qp 287.9 rows/call, 97% of calls reached the solver, 1314 calls
  vamp-rrtc     4/4       0.19/0.49/0.53          5338       30    12.34        -      -     0.0017      0/2364         0     0.0001       0
      primary samples 0, productive 0 (0.0%), vertices/sample 0.000

box  (4 problems, 0 skipped: 0 clearance, 0 self-collision)
  rrtconnect    4/4       2.14/9.31/13.23         2531       15    12.61        -      -     0.0007      0/1999         0     0.0025       0
      primary samples 28, productive 11 (39.3%), vertices/sample 2.000
  qp-fixed      4/4       5.09/6.75/20.94          553       12     6.62   0.0124     0%     0.0009      0/2465         0     0.0025       0
      primary samples 1, productive 1 (100.0%), vertices/sample 8.750
      qp 258.8 rows/call, 57% of calls reached the solver, 3017 calls
  qp-plain      4/4       5.64/7.17/21.93          553       12     6.62   0.0124     0%     0.0009      0/2465         0     0.0025       0
      primary samples 1, productive 1 (100.0%), vertices/sample 8.750
      qp 342.0 rows/call, 100% of calls reached the solver, 3017 calls
  qp-adapt      4/4       0.37/1.44/8.03           132       12     6.64   0.0685    85%     0.0009      0/1764         0     0.0025       0
      primary samples 1, productive 1 (100.0%), vertices/sample 7.750
      qp 280.2 rows/call, 89% of calls reached the solver, 928 calls
  qp-free       4/4       3.60/53.49/100.78        6765       35    12.74   0.0062     0%     0.0065      0/4196         0     0.0025       0
      primary samples 34, productive 19 (55.9%), vertices/sample 1.111
  free-env      4/4       0.34/6.88/17.65          370       25    14.73   0.1017    96%     0.0004      0/2517         0     0.0025       0
      primary samples 40, productive 19 (47.5%), vertices/sample 1.111
  qp-env        4/4       0.22/1.00/5.89            80        9    10.36   0.2255    98%     0.0008      0/1848         0     0.0025       0
      primary samples 2, productive 2 (100.0%), vertices/sample 6.000
      qp 282.1 rows/call, 91% of calls reached the solver, 583 calls
  vamp-rrtc     4/4       0.03/0.14/0.18          1778       15    12.61        -      -     0.0007      0/2129         0     0.0025       0
      primary samples 0, productive 0 (0.0%), vertices/sample 0.000

cage  (4 problems, 0 skipped: 0 clearance, 0 self-collision)
  rrtconnect    4/4      75.07/941.67/2422.59     232253     1460    27.43        -      -     0.0002      0/4658         0     0.0025       0
      primary samples 8218, productive 1456 (17.7%), vertices/sample 0.184
  qp-fixed      4/4      33.97/524.50/758.07       37660      176    23.42   0.0100     0%     0.0000      0/6954         0     0.0003       0
      primary samples 148, productive 101 (68.2%), vertices/sample 1.627
      qp 268.1 rows/call, 88% of calls reached the solver, 117715 calls
  qp-plain      4/4      35.81/565.81/788.68       37660      176    23.42   0.0100     0%     0.0000      0/6954         0     0.0003       0
      primary samples 148, productive 101 (68.2%), vertices/sample 1.627
      qp 342.0 rows/call, 100% of calls reached the solver, 117715 calls
  qp-adapt      4/4      17.21/367.75/529.51       26101      176    23.47   0.0164    32%     0.0000      0/5892         0     0.0003       0
      primary samples 148, productive 101 (68.2%), vertices/sample 1.600
      qp 270.8 rows/call, 97% of calls reached the solver, 80528 calls
  qp-free       4/4     549.45/1801.47/9759.38     233100      538    22.69   0.0041     0%     0.0020      0/10245        0     0.0025       0
      primary samples 1771, productive 511 (28.9%), vertices/sample 0.312
  free-env      4/4     117.15/238.49/532.26       12612      570    23.46   0.0714    91%     0.0009      0/4842         0     0.0000       0
      primary samples 1722, productive 538 (31.2%), vertices/sample 0.331
  qp-env        4/4      12.81/284.15/595.06       19545      178    23.57   0.0236    23%     0.0000      0/5434         0     0.0004       0
      primary samples 148, productive 102 (68.9%), vertices/sample 1.613
      qp 268.3 rows/call, 99% of calls reached the solver, 71795 calls
  vamp-rrtc     4/4       1.43/119.55/138.07     1307934     4531    29.41        -      -     0.0002      0/5481         0     0.0025       0
      primary samples 0, productive 0 (0.0%), vertices/sample 0.000

table_pick  (5 problems, 0 skipped: 0 clearance, 0 self-collision)
  rrtconnect    5/5       7.17/11.06/47.34         1971       12    14.20        -      -     0.0000      0/3332         0     0.0025       0
      primary samples 38, productive 8 (21.1%), vertices/sample 0.327
  qp-fixed      5/5       8.35/12.46/44.98          741        8     8.80   0.0115     0%     0.0007      0/3622         0     0.0025       0
      primary samples 1, productive 1 (100.0%), vertices/sample 7.000
      qp 273.7 rows/call, 72% of calls reached the solver, 5476 calls
  qp-plain      5/5       8.85/13.03/46.65          741        8     8.80   0.0115     0%     0.0007      0/3622         0     0.0025       0
      primary samples 1, productive 1 (100.0%), vertices/sample 7.000
      qp 342.0 rows/call, 100% of calls reached the solver, 5476 calls
  qp-adapt      5/5       3.81/8.58/22.03          503        8     9.50   0.0209    33%     0.0007      0/3235         0     0.0025       0
      primary samples 2, productive 2 (100.0%), vertices/sample 6.667
      qp 289.1 rows/call, 95% of calls reached the solver, 3187 calls
  qp-free       5/5      37.10/45.13/87.27         4584       21    17.17   0.0056     0%     0.0007      0/6641         0     0.0020       0
      primary samples 31, productive 14 (45.2%), vertices/sample 0.538
  free-env      5/5       5.70/8.15/14.94          329       21    15.52   0.1090    98%     0.0004      0/3996         0     0.0005       0
      primary samples 31, productive 14 (45.2%), vertices/sample 0.548
  qp-env        5/5       1.62/4.88/15.67          273        8     9.57   0.0477    41%     0.0007      0/2695         0     0.0025       0
      primary samples 2, productive 2 (100.0%), vertices/sample 4.000
      qp 287.6 rows/call, 95% of calls reached the solver, 1845 calls
  vamp-rrtc     5/5       0.10/0.20/0.56          2486       15    16.04        -      -     0.0021      0/3347         0     0.0025       0
      primary samples 0, productive 0 (0.0%), vertices/sample 0.000

table_under_pick  (4 problems, 0 skipped: 0 clearance, 0 self-collision)
  rrtconnect    4/4       4.74/11.45/13.95         2017       12    15.83        -      -    -0.0000      1/2747         0     0.0025       0
      primary samples 19, productive 8 (42.1%), vertices/sample 0.474
  qp-fixed      4/4      16.80/22.28/32.24         1355       17    11.43   0.0110     0%     0.0001      0/3700         0     0.0015       0
      primary samples 4, productive 4 (100.0%), vertices/sample 4.250
      qp 261.1 rows/call, 74% of calls reached the solver, 5431 calls
  qp-plain      4/4      17.58/23.80/34.47         1355       17    11.43   0.0110     0%     0.0001      0/3700         0     0.0015       0
      primary samples 4, productive 4 (100.0%), vertices/sample 4.250
      qp 342.0 rows/call, 100% of calls reached the solver, 5431 calls
  qp-adapt      4/4       3.50/10.76/13.27          710       18     9.98   0.0267    48%     0.0001      0/2730         0     0.0015       0
      primary samples 3, productive 3 (100.0%), vertices/sample 5.000
      qp 271.4 rows/call, 96% of calls reached the solver, 2282 calls
  qp-free       4/4      20.51/39.54/177.14        3979       18    13.78   0.0070     0%     0.0006      0/4736         0     0.0011       0
      primary samples 28, productive 11 (39.3%), vertices/sample 0.900
  free-env      4/4       3.99/5.47/26.87          217       18    13.78   0.0879    97%     0.0005      0/2877         0     0.0013       0
      primary samples 28, productive 11 (39.3%), vertices/sample 0.900
  qp-env        4/4       1.58/9.23/9.69           538       21    10.03   0.0474    41%     0.0001      0/2765         0     0.0015       0
      primary samples 3, productive 3 (100.0%), vertices/sample 5.000
      qp 279.9 rows/call, 95% of calls reached the solver, 1614 calls
  vamp-rrtc     4/4       0.06/0.11/0.32          1498       12    12.03        -      -     0.0004      0/2230         0     0.0000       0
      primary samples 0, productive 0 (0.0%), vertices/sample 0.000

Hop disposition -- what set the hop's length, median over problems.
  row         floored(<1 step)    at region   edge-limited
  qp-fixed            100.0%         0.0%           0.0%
  qp-plain            100.0%         0.0%           0.0%
  qp-adapt             64.3%        34.5%           1.3%
  qp-free             100.0%         0.0%           0.0%
  free-env              2.2%        83.9%          13.2%
  qp-env               72.2%        23.9%           2.4%

Endpoint clearance at zero margin -- min(start, goal) over all spheres.
  scene                     min    median       max affordable   problems by margin
  bookshelf_small        0.0049    0.0077    0.0078    0.0049   0:100% 0.02:  0% 0.04:  0% 0.06:  0% 0.09:  0%
  bookshelf_tall         0.0051    0.0075    0.0095    0.0051   0:100% 0.02:  0% 0.04:  0% 0.06:  0% 0.09:  0%
  bookshelf_thin         0.0003    0.0068    0.0103    0.0003   0:100% 0.02:  0% 0.04:  0% 0.06:  0% 0.09:  0%
  box                    0.0127    0.0127    0.0127    0.0127   0:100% 0.02:  0% 0.04:  0% 0.06:  0% 0.09:  0%
  cage                   0.0127    0.0127    0.0127    0.0127   0:100% 0.02:  0% 0.04:  0% 0.06:  0% 0.09:  0%
  table_pick             0.0067    0.0080    0.0083    0.0067   0:100% 0.02:  0% 0.04:  0% 0.06:  0% 0.09:  0%
  table_under_pick       0.0064    0.0082    0.0082    0.0064   0:100% 0.02:  0% 0.04:  0% 0.06:  0% 0.09:  0%

all scenes  (29 problems, 0 skipped: 0 clearance, 0 self-collision)
  rrtconnect   29/29      2.14/32.48/2422.59       4403       24    15.83        -      -    -0.0000      1/22865        0     0.0003       0
      primary samples 65, productive 20 (30.8%), vertices/sample 0.327
  qp-fixed     29/29      5.09/22.28/758.07        1406       12    10.89   0.0106     0%     0.0000      0/28121        0     0.0000       0
      primary samples 3, productive 3 (100.0%), vertices/sample 4.000
      qp 268.1 rows/call, 73% of calls reached the solver, 156765 calls
  qp-plain     29/29      5.64/23.17/788.68        1406       12    10.89   0.0106     0%     0.0000      0/28121        0     0.0000       0
      primary samples 3, productive 3 (100.0%), vertices/sample 4.000
      qp 342.0 rows/call, 100% of calls reached the solver, 156765 calls
  qp-adapt     29/29      0.37/11.08/529.51         710       12    10.89   0.0204    35%     0.0000      0/23009        0     0.0000       0
      primary samples 3, productive 3 (100.0%), vertices/sample 4.000
      qp 277.7 rows/call, 95% of calls reached the solver, 102698 calls
  qp-free      29/29      3.60/133.73/9759.38      11087       37    14.29   0.0053     0%     0.0006      0/43798        0     0.0001       0
      primary samples 82, productive 33 (40.2%), vertices/sample 0.450
  free-env     29/29      0.34/20.71/532.26         558       35    15.04   0.0857    96%     0.0004      0/24154        0     0.0000       0
      primary samples 76, productive 32 (42.1%), vertices/sample 0.429
  qp-env       29/29      0.22/9.23/595.06         484       13    10.36   0.0347    27%     0.0000      0/21018        0     0.0000       0
      primary samples 3, productive 3 (100.0%), vertices/sample 3.833
      qp 278.8 rows/call, 95% of calls reached the solver, 87184 calls
  vamp-rrtc    29/29      0.03/0.40/138.07        5338       26    15.83        -      -     0.0002      0/22734        0     0.0000       0
      primary samples 0, productive 0 (0.0%), vertices/sample 0.000

"samples" is checked configurations for isSafe, barrier evaluations for
the three CBF rows, and SIMD configuration lanes evaluated for VAMP. They measure
sampling work, while wall time captures the very different per-sample costs.
"unsafe/audited" evaluates exact primitive clearance at every state of the
densified solution -- for each CBF row that is the rollout the planner recorded
for each edge, replayed, so it is the motion that would actually be executed,
sampled inside each step rather than only at its boundaries. Non-zero unsafe
invalidates a row however fast it was.
"missed" counts solution edges that were not on file and had to be
re-derived; it must be zero, or the audited motion is a different trajectory
from the one the planner found.


envelope hop: 19654 filter calls, 1.220 hold queries/call, 16.8% saturated, 100.0% longer than L1, past one step 90.1% (L1 alone 47.9%), gated 77.5%, empty-active 0.0%, screen-escalated 1.4%
envelope bottleneck: world 97.3%, self-collision 2.6%, unbound 0.1% (horizon or screen clip), blocked 0.0%, joint-limit clamped 0.0%
envelope binding term:
  world rows       L1 0.0%, local-L1 0.5%, speed-capped 11.5%, isotropic-anchored 88.0% (of 19127 bound calls)
  self-pair rows   L1 0.0%, local-L1 0.0%, speed-capped 0.2%, normal-anchored 99.8% (of 515 bound calls)
local-lever screen: 400767 of 663249 expensive world rows settled before the envelope (60.4%)
span handed to the rollout, in controller steps (87181 calls):
                   <1      1-2      2-4      4-8       8+
  L1 only      89.21%     5.87%     2.62%     1.30%     1.00%
  envelope     79.70%     5.64%     5.90%     4.20%     4.56%
=== CBF profiler (wall time) ===
=== CBF filter stats ===
  calls=0  unchanged=0 (0.0%)  filtered=0 (0.0%)  blocked=0 (0.0%)
  active rows:       avg=0.00  max=0
  zero-row fast path: 0 (0.0%)
  qp iterations:     avg=0.00  max=0
  certified duration: avg=0.00000s  min=0.00000s  max=0.00000s  (over 0 non-blocked calls)
  required gain:     avg=0.000/s  max=0.000/s  p50=0.000/s  p90=0.000/s  p99=0.000/s  (over 0 calls, 0 uncertified)
