
MotionBenchMaker UR5, 689 problems loaded, up to 100 per scene
voxel 0.003 m, margin 0.0000 m + 0.0000 m filter buffer, stepSize 0.001 s, range 2.00 rad, 10.0 s limit

hop certificates: old L1 Lipschitz region and new hold-time bound
Picard: off; trajectory prefixes: 0; sequential rollout budget: 10000 calls
kappa 20.00 /s, certified step uncapped, self-collision margin 0.0000 m over 302 pairs
baseline segment: 0.000650 of extent = 0.0100 rad, rollout step 0.0100 rad (matched to the rollout)
rope shortcut off, all rows unsimplified

seed 1
  planner       solved ms(min/med/max)        samples vertices     path rad/call coarse  worst clr unsafe/audited missed worst self collide

bookshelf_small  (4 problems, 0 skipped: 0 clearance, 0 self-collision)
  rrtconnect    4/4       5.00/18.98/260.20        7474       37    14.73        -      -     0.0016      0/3096         0     0.0025       0
      primary samples 114, productive 33 (28.9%), vertices/sample 0.462
  qp-fixed      4/4       3.72/5.54/6.03           671        7     9.12   0.0134     0%     0.0007      0/2464         0     0.0025       0
      primary samples 1, productive 1 (100.0%), vertices/sample 7.000
      qp 282.0 rows/call, 45% of calls reached the solver, 2460 calls
  qp-plain      4/4       4.20/5.80/6.30           671        7     9.12   0.0134     0%     0.0007      0/2464         0     0.0025       0
      primary samples 1, productive 1 (100.0%), vertices/sample 7.000
      qp 342.0 rows/call, 100% of calls reached the solver, 2460 calls
  qp-adapt      4/4       1.58/1.99/2.39           241        7     9.12   0.0434    47%     0.0007      0/1983         0     0.0025       0
      primary samples 1, productive 1 (100.0%), vertices/sample 7.000
      qp 306.2 rows/call, 82% of calls reached the solver, 935 calls
  qp-free       4/4      26.57/46.40/57.38         8465       29    15.09   0.0054     0%     0.0019      0/4595         0     0.0025       0
      primary samples 47, productive 20 (42.6%), vertices/sample 0.621
  free-env      4/4       2.99/5.82/8.21           426       35    15.46   0.1085    98%     0.0015      0/2869         0     0.0008       0
      primary samples 47, productive 22 (46.8%), vertices/sample 0.745
  qp-env        4/4       0.60/1.48/1.65           175        7     9.12   0.0921    45%     0.0006      0/1817         0     0.0025       0
      primary samples 1, productive 1 (100.0%), vertices/sample 7.000
      qp 307.7 rows/call, 91% of calls reached the solver, 509 calls
  vamp-rrtc     4/4       0.05/0.16/5.47          7979       37    13.46        -      -     0.0016      0/2639         0     0.0025       0
      primary samples 0, productive 0 (0.0%), vertices/sample 0.000

bookshelf_tall  (4 problems, 0 skipped: 0 clearance, 0 self-collision)
  rrtconnect    4/4       7.52/27.09/29.50         5845       31    10.15        -      -     0.0044      0/2650         0     0.0001       0
      primary samples 95, productive 26 (27.4%), vertices/sample 0.337
  qp-fixed      4/4       5.88/19.09/51.57         1510       13    13.14   0.0127     0%     0.0025      0/3627         0     0.0001       0
      primary samples 5, productive 5 (100.0%), vertices/sample 7.000
      qp 278.7 rows/call, 87% of calls reached the solver, 6454 calls
  qp-plain      4/4       6.11/20.16/65.14         1510       13    13.14   0.0127     0%     0.0025      0/3627         0     0.0001       0
      primary samples 5, productive 5 (100.0%), vertices/sample 7.000
      qp 342.0 rows/call, 100% of calls reached the solver, 6454 calls
  qp-adapt      4/4       2.47/6.24/27.12          619       13    13.20   0.0286    53%     0.0025      0/2896         0     0.0001       0
      primary samples 5, productive 5 (100.0%), vertices/sample 7.000
      qp 283.6 rows/call, 96% of calls reached the solver, 3174 calls
  qp-free       4/4      19.62/58.27/96.13         8180       24    13.32   0.0050     0%     0.0044      0/4023         0     0.0022       0
      primary samples 72, productive 17 (23.6%), vertices/sample 0.719
  free-env      4/4       3.58/10.49/15.77          512       31    13.55   0.1025    96%     0.0018      0/2758         0     0.0007       0
      primary samples 72, productive 24 (33.3%), vertices/sample 0.615
  qp-env        4/4       0.71/1.98/13.41          167       13    15.52   0.0994    64%     0.0013      0/2881         0     0.0001       0
      primary samples 5, productive 5 (100.0%), vertices/sample 7.000
      qp 296.3 rows/call, 97% of calls reached the solver, 1257 calls
  vamp-rrtc     4/4       0.07/0.21/0.36          4797       31    10.50        -      -     0.0044      0/2361         0     0.0002       0
      primary samples 0, productive 0 (0.0%), vertices/sample 0.000

bookshelf_thin  (4 problems, 0 skipped: 0 clearance, 0 self-collision)
  rrtconnect    4/4       7.89/193.67/377.73       30684      153    23.87        -      -     0.0011      0/3499         0     0.0025       0
      primary samples 786, productive 150 (19.1%), vertices/sample 0.294
  qp-fixed      4/4      12.27/27.44/36.14         1675       13    11.99   0.0111     0%     0.0005      0/3383         0     0.0025       0
      primary samples 8, productive 5 (62.5%), vertices/sample 2.125
      qp 269.9 rows/call, 68% of calls reached the solver, 6033 calls
  qp-plain      4/4      12.58/27.73/37.23         1675       13    11.99   0.0111     0%     0.0005      0/3383         0     0.0025       0
      primary samples 8, productive 5 (62.5%), vertices/sample 2.125
      qp 342.0 rows/call, 100% of calls reached the solver, 6033 calls
  qp-adapt      4/4       8.19/9.52/20.51          627       13    12.01   0.0265    25%     0.0005      0/2778         0     0.0025       0
      primary samples 8, productive 5 (62.5%), vertices/sample 2.125
      qp 271.5 rows/call, 94% of calls reached the solver, 2987 calls
  qp-free       4/4      14.49/799.25/820.62       90000      245    17.50   0.0049     0%     0.0012      0/5472         0     0.0025       0
      primary samples 816, productive 240 (29.4%), vertices/sample 0.451
  free-env      4/4       2.46/133.81/145.17        4654      225    18.76   0.0905    96%     0.0007      0/3338         0     0.0000       0
      primary samples 786, productive 216 (27.5%), vertices/sample 0.451
  qp-env        4/4       3.85/8.00/12.05          456       14    11.97   0.0393    28%     0.0004      0/2453         0     0.0025       0
      primary samples 6, productive 5 (83.3%), vertices/sample 2.500
      qp 273.1 rows/call, 95% of calls reached the solver, 1728 calls
  vamp-rrtc     4/4       0.05/1.64/3.40         52813      174    22.61        -      -     0.0011      0/3511         0     0.0025       0
      primary samples 0, productive 0 (0.0%), vertices/sample 0.000

box  (4 problems, 0 skipped: 0 clearance, 0 self-collision)
  rrtconnect    4/4       4.94/10.87/17.71         4376       23    14.94        -      -     0.0030      0/2474         0     0.0025       0
      primary samples 78, productive 20 (25.6%), vertices/sample 0.433
  qp-fixed      4/4       3.40/6.38/10.10          761        7     8.04   0.0123     0%     0.0002      0/2516         0     0.0025       0
      primary samples 2, productive 2 (100.0%), vertices/sample 6.000
      qp 257.3 rows/call, 51% of calls reached the solver, 3050 calls
  qp-plain      4/4       3.84/6.61/10.65          761        7     8.04   0.0123     0%     0.0002      0/2516         0     0.0025       0
      primary samples 2, productive 2 (100.0%), vertices/sample 6.000
      qp 342.0 rows/call, 100% of calls reached the solver, 3050 calls
  qp-adapt      4/4       0.74/2.85/3.89           328        7     8.05   0.0477    55%     0.0002      0/2004         0     0.0025       0
      primary samples 2, productive 2 (100.0%), vertices/sample 6.000
      qp 274.3 rows/call, 88% of calls reached the solver, 1099 calls
  qp-free       4/4      12.95/43.34/104.00        6379       26    13.45   0.0063     0%     0.0028      0/4395         0     0.0025       0
      primary samples 31, productive 16 (51.6%), vertices/sample 0.952
  free-env      4/4       2.20/7.54/11.20          619       38    13.82   0.1073    94%     0.0007      0/3035         0     0.0001       0
      primary samples 58, productive 26 (44.8%), vertices/sample 0.952
  qp-env        4/4       0.60/2.08/2.15           228        7     8.04   0.0764    44%     0.0002      0/1832         0     0.0025       0
      primary samples 2, productive 2 (100.0%), vertices/sample 6.000
      qp 274.4 rows/call, 91% of calls reached the solver, 624 calls
  vamp-rrtc     4/4       0.06/0.11/0.20          4923       23    16.64        -      -     0.0030      0/2629         0     0.0025       0
      primary samples 0, productive 0 (0.0%), vertices/sample 0.000

cage  (4 problems, 0 skipped: 0 clearance, 0 self-collision)
  rrtconnect    4/4     213.13/1764.09/2547.81     607855     4545    27.44        -      -     0.0007      0/4950         0     0.0012       0
      primary samples 27838, productive 4542 (16.3%), vertices/sample 0.171
  qp-fixed      4/4      32.57/207.95/486.78       21253      115    19.03   0.0099     0%     0.0000      0/7464         0     0.0025       0
      primary samples 84, productive 63 (75.0%), vertices/sample 1.684
      qp 270.4 rows/call, 86% of calls reached the solver, 83364 calls
  qp-plain      4/4      34.27/216.39/492.71       21253      115    19.03   0.0099     0%     0.0000      0/7464         0     0.0025       0
      primary samples 84, productive 63 (75.0%), vertices/sample 1.684
      qp 342.0 rows/call, 100% of calls reached the solver, 83364 calls
  qp-adapt      4/4      16.84/101.59/134.85       11103       84    19.03   0.0184    30%     0.0000      0/4831         0     0.0006       0
      primary samples 67, productive 48 (71.6%), vertices/sample 1.684
      qp 271.0 rows/call, 96% of calls reached the solver, 29560 calls
  qp-free       4/4     149.74/2939.58/4157.42     589971     1455    21.96   0.0038     0%     0.0007      0/9395         0     0.0005       0
      primary samples 5546, productive 1439 (25.9%), vertices/sample 0.302
  free-env      4/4      18.96/321.93/862.04       22970      946    22.25   0.0747    94%     0.0002      0/4560         0     0.0000       0
      primary samples 3461, productive 913 (26.4%), vertices/sample 0.337
  qp-env        4/4      12.67/97.63/264.99        9410      113    19.03   0.0274    25%     0.0000      0/5437         0     0.0025       0
      primary samples 84, productive 63 (75.0%), vertices/sample 1.684
      qp 268.7 rows/call, 98% of calls reached the solver, 39416 calls
  vamp-rrtc     4/4       4.24/92.91/150.94     1446144     4909    28.69        -      -     0.0007      0/5233         0     0.0002       0
      primary samples 0, productive 0 (0.0%), vertices/sample 0.000

table_pick  (4 problems, 0 skipped: 0 clearance, 0 self-collision)
  rrtconnect    4/4       4.60/18.85/20.51         5112       25     9.93        -      -     0.0000      0/1947         0     0.0025       0
      primary samples 64, productive 22 (34.4%), vertices/sample 0.453
  qp-fixed      4/4       3.54/6.25/6.72           627        6     7.10   0.0142     0%     0.0051      0/2086         0     0.0025       0
      primary samples 1, productive 1 (100.0%), vertices/sample 6.000
      qp 239.1 rows/call, 12% of calls reached the solver, 2082 calls
  qp-plain      4/4       3.92/6.86/7.31           627        6     7.10   0.0142     0%     0.0051      0/2086         0     0.0025       0
      primary samples 1, productive 1 (100.0%), vertices/sample 6.000
      qp 342.0 rows/call, 100% of calls reached the solver, 2082 calls
  qp-adapt      4/4       0.40/0.57/0.81            70        6     7.11   0.1176    80%     0.0051      0/1450         0     0.0025       0
      primary samples 1, productive 1 (100.0%), vertices/sample 6.000
      qp 276.6 rows/call, 51% of calls reached the solver, 258 calls
  qp-free       4/4      10.54/57.45/91.59         9113       34    15.09   0.0063     0%     0.0008      0/3728         0     0.0025       0
      primary samples 64, productive 29 (45.3%), vertices/sample 0.562
  free-env      4/4       1.65/11.35/15.53          636       41    15.39   0.1105    97%     0.0005      0/2427         0     0.0025       0
      primary samples 73, productive 33 (45.2%), vertices/sample 0.603
  qp-env        4/4       0.27/0.39/0.50            33        6     7.11   0.2217    97%     0.0050      0/1386         0     0.0025       0
      primary samples 1, productive 1 (100.0%), vertices/sample 6.000
      qp 275.6 rows/call, 62% of calls reached the solver, 132 calls
  vamp-rrtc     4/4       0.02/0.15/0.20          3975       18    12.57        -      -     0.0001      0/1877         0     0.0025       0
      primary samples 0, productive 0 (0.0%), vertices/sample 0.000

table_under_pick  (5 problems, 0 skipped: 0 clearance, 0 self-collision)
  rrtconnect    5/5       2.81/7.94/13.48         1740       11    13.21        -      -     0.0041      0/3216         0     0.0025       0
      primary samples 36, productive 7 (19.4%), vertices/sample 0.333
  qp-fixed      5/5       8.55/12.84/22.47         1112       11     9.99   0.0127     0%     0.0008      0/4313         0     0.0000       0
      primary samples 3, productive 3 (100.0%), vertices/sample 4.500
      qp 288.1 rows/call, 89% of calls reached the solver, 5914 calls
  qp-plain      5/5       8.62/12.93/22.60         1112       11     9.99   0.0127     0%     0.0008      0/4313         0     0.0000       0
      primary samples 3, productive 3 (100.0%), vertices/sample 4.500
      qp 342.0 rows/call, 100% of calls reached the solver, 5914 calls
  qp-adapt      5/5       1.65/5.42/17.24          534       11     9.99   0.0195    38%     0.0009      0/3696         0     0.0000       0
      primary samples 3, productive 3 (100.0%), vertices/sample 4.500
      qp 290.2 rows/call, 93% of calls reached the solver, 3271 calls
  qp-free       5/5      19.09/52.32/67.36         8153       24    17.64   0.0047     0%     0.0010      0/8330         0     0.0007       0
      primary samples 54, productive 19 (35.2%), vertices/sample 0.492
  free-env      5/5       5.03/7.02/10.10          414       22    17.04   0.0722    87%     0.0001      0/4604         0     0.0000       0
      primary samples 55, productive 16 (29.1%), vertices/sample 0.400
  qp-env        5/5       1.14/3.12/8.59           275       10     9.96   0.0380    37%     0.0011      0/3238         0     0.0000       0
      primary samples 3, productive 3 (100.0%), vertices/sample 4.333
      qp 288.8 rows/call, 96% of calls reached the solver, 1647 calls
  vamp-rrtc     5/5       0.03/0.06/0.12          2346       11    13.21        -      -     0.0041      0/3216         0     0.0025       0
      primary samples 0, productive 0 (0.0%), vertices/sample 0.000

Hop disposition -- what set the hop's length, median over problems.
  row         floored(<1 step)    at region   edge-limited
  qp-fixed            100.0%         0.0%           0.0%
  qp-plain            100.0%         0.0%           0.0%
  qp-adapt             57.8%        40.5%           1.6%
  qp-free             100.0%         0.0%           0.0%
  free-env              3.2%        82.8%          13.6%
  qp-env               66.0%        31.5%           3.4%

Endpoint clearance at zero margin -- min(start, goal) over all spheres.
  scene                     min    median       max affordable   problems by margin
  bookshelf_small        0.0042    0.0068    0.0080    0.0042   0:100% 0.02:  0% 0.04:  0% 0.06:  0% 0.09:  0%
  bookshelf_tall         0.0044    0.0054    0.0103    0.0044   0:100% 0.02:  0% 0.04:  0% 0.06:  0% 0.09:  0%
  bookshelf_thin         0.0049    0.0072    0.0087    0.0049   0:100% 0.02:  0% 0.04:  0% 0.06:  0% 0.09:  0%
  box                    0.0127    0.0127    0.0127    0.0127   0:100% 0.02:  0% 0.04:  0% 0.06:  0% 0.09:  0%
  cage                   0.0012    0.0127    0.0127    0.0012   0:100% 0.02:  0% 0.04:  0% 0.06:  0% 0.09:  0%
  table_pick             0.0069    0.0079    0.0081    0.0069   0:100% 0.02:  0% 0.04:  0% 0.06:  0% 0.09:  0%
  table_under_pick       0.0048    0.0078    0.0081    0.0048   0:100% 0.02:  0% 0.04:  0% 0.06:  0% 0.09:  0%

all scenes  (29 problems, 0 skipped: 0 clearance, 0 self-collision)
  rrtconnect   29/29      2.81/16.72/2547.81       4376       23    13.21        -      -     0.0000      0/21832        0     0.0001       0
      primary samples 72, productive 20 (27.8%), vertices/sample 0.325
  qp-fixed     29/29      3.40/10.10/486.78         790        9     9.37   0.0116     0%     0.0000      0/25853        0     0.0000       0
      primary samples 2, productive 2 (100.0%), vertices/sample 5.000
      qp 260.7 rows/call, 53% of calls reached the solver, 109357 calls
  qp-plain     29/29      3.84/9.93/492.71         790        9     9.37   0.0116     0%     0.0000      0/25853        0     0.0000       0
      primary samples 2, productive 2 (100.0%), vertices/sample 5.000
      qp 342.0 rows/call, 100% of calls reached the solver, 109357 calls
  qp-adapt     29/29      0.40/3.33/134.85         345        9     9.37   0.0268    42%     0.0000      0/19638        0     0.0000       0
      primary samples 2, productive 2 (100.0%), vertices/sample 5.000
      qp 274.4 rows/call, 90% of calls reached the solver, 41284 calls
  qp-free      29/29     10.54/57.38/4157.42       8465       29    15.25   0.0050     0%     0.0007      0/39938        0     0.0005       0
      primary samples 61, productive 20 (32.8%), vertices/sample 0.527
  free-env     29/29      1.65/8.21/862.04         512       31    15.46   0.0879    94%     0.0001      0/23591        0     0.0000       0
      primary samples 67, productive 22 (32.8%), vertices/sample 0.509
  qp-env       29/29      0.27/1.98/264.99         182        9     9.39   0.0509    33%     0.0000      0/19044        0     0.0000       0
      primary samples 2, productive 2 (100.0%), vertices/sample 4.500
      qp 274.4 rows/call, 93% of calls reached the solver, 45313 calls
  vamp-rrtc    29/29      0.02/0.15/150.94        4006       20    13.29        -      -     0.0001      0/21466        0     0.0002       0
      primary samples 0, productive 0 (0.0%), vertices/sample 0.000

"samples" is checked configurations for isSafe, barrier evaluations for
the three CBF rows, and SIMD configuration lanes evaluated for VAMP. They measure
sampling work, while wall time captures the very different per-sample costs.
"unsafe/audited" evaluates exact primitive clearance at every state of the
densified solution -- for each CBF row that is the rollout the planner recorded
for each edge, replayed, so it is the motion that would actually be executed,
sampled inside each step rather than only at its boundaries. Non-zero unsafe
invalidates a row however fast it was.
"missed" counts solution edges that were not on file and had to be
re-derived; it must be zero, or the audited motion is a different trajectory
from the one the planner found.


envelope hop: 9925 filter calls, 1.248 hold queries/call, 17.8% saturated, 100.0% longer than L1, past one step 94.9% (L1 alone 54.6%), gated 78.1%, empty-active 0.0%, screen-escalated 2.6%
envelope bottleneck: world 97.1%, self-collision 2.8%, unbound 0.1% (horizon or screen clip), blocked 0.0%, joint-limit clamped 0.0%
envelope binding term:
  world rows       L1 0.0%, local-L1 0.9%, speed-capped 7.7%, isotropic-anchored 91.4% (of 9639 bound calls)
  self-pair rows   L1 0.0%, local-L1 0.0%, speed-capped 0.4%, normal-anchored 99.6% (of 273 bound calls)
local-lever screen: 432444 of 703040 expensive world rows settled before the envelope (61.5%)
span handed to the rollout, in controller steps (45311 calls):
                   <1      1-2      2-4      4-8       8+
  L1 only      88.04%     6.00%     3.01%     1.58%     1.37%
  envelope     79.21%     4.60%     5.73%     5.34%     5.12%
=== CBF profiler (wall time) ===
=== CBF filter stats ===
  calls=0  unchanged=0 (0.0%)  filtered=0 (0.0%)  blocked=0 (0.0%)
  active rows:       avg=0.00  max=0
  zero-row fast path: 0 (0.0%)
  qp iterations:     avg=0.00  max=0
  certified duration: avg=0.00000s  min=0.00000s  max=0.00000s  (over 0 non-blocked calls)
  required gain:     avg=0.000/s  max=0.000/s  p50=0.000/s  p90=0.000/s  p99=0.000/s  (over 0 calls, 0 uncertified)
