
MotionBenchMaker UR5, 689 problems loaded, up to 100 per scene
voxel 0.003 m, margin 0.0000 m + 0.0000 m filter buffer, stepSize 0.001 s, range 2.00 rad, 10.0 s limit

hop certificates: old L1 Lipschitz region and new hold-time bound
Picard: off; trajectory prefixes: 0; sequential rollout budget: 10000 calls
kappa 20.00 /s, certified step uncapped, self-collision margin 0.0000 m over 302 pairs
baseline segment: 0.000650 of extent = 0.0100 rad, rollout step 0.0100 rad (matched to the rollout)
rope shortcut off, all rows unsimplified

seed 1
  planner       solved ms(min/med/max)        samples vertices     path rad/call coarse  worst clr unsafe/audited missed worst self collide

bookshelf_small  (4 problems, 0 skipped: 0 clearance, 0 self-collision)
  rrtconnect    4/4       2.42/14.54/17.48         5550       30    12.85        -      -     0.0027      0/2807         0     0.0014       0
      primary samples 83, productive 25 (30.1%), vertices/sample 0.361
  qp-fixed      4/4       4.55/41.19/51.52         4356       27    20.44   0.0124     0%     0.0000      0/5848         0     0.0025       0
      primary samples 12, productive 11 (91.7%), vertices/sample 5.000
      qp 279.3 rows/call, 86% of calls reached the solver, 11242 calls
  qp-plain      4/4       8.50/41.85/51.84         4356       27    20.44   0.0124     0%     0.0000      0/5848         0     0.0025       0
      primary samples 12, productive 11 (91.7%), vertices/sample 5.000
      qp 342.0 rows/call, 100% of calls reached the solver, 11242 calls
  qp-adapt      4/4       1.03/27.32/33.76         2936       27    20.43   0.0225    31%     0.0000      0/5040         0     0.0025       0
      primary samples 12, productive 11 (91.7%), vertices/sample 5.000
      qp 301.8 rows/call, 95% of calls reached the solver, 7064 calls
  qp-free       4/4      18.87/43.09/272.46        5686       30    16.04   0.0071     0%     0.0026      0/4954         0     0.0006       0
      primary samples 27, productive 13 (48.1%), vertices/sample 1.111
  free-env      4/4       1.88/4.73/21.27          369       22    13.02   0.1026    97%     0.0008      0/2645         0     0.0025       0
      primary samples 36, productive 16 (44.4%), vertices/sample 0.846
  qp-env        4/4       0.35/14.35/27.81         1421       21    15.84   0.0253    23%     0.0000      0/4260         0     0.0025       0
      primary samples 12, productive 10 (83.3%), vertices/sample 5.000
      qp 294.6 rows/call, 98% of calls reached the solver, 4622 calls
  vamp-rrtc     4/4       0.03/0.13/0.24          4957       26    12.85        -      -     0.0027      0/2601         0     0.0025       0
      primary samples 0, productive 0 (0.0%), vertices/sample 0.000

bookshelf_tall  (4 problems, 0 skipped: 0 clearance, 0 self-collision)
  rrtconnect    4/4      16.73/22.51/32.71         4772       26    16.34        -      -     0.0016      0/2855         0     0.0025       0
      primary samples 102, productive 21 (20.6%), vertices/sample 0.324
  qp-fixed      4/4       5.19/32.97/76.02         2415       24    10.20   0.0110     0%     0.0002      0/3194         0     0.0025       0
      primary samples 6, productive 6 (100.0%), vertices/sample 4.000
      qp 289.7 rows/call, 83% of calls reached the solver, 9472 calls
  qp-plain      4/4       6.56/31.84/78.23         2415       24    10.20   0.0110     0%     0.0002      0/3194         0     0.0025       0
      primary samples 6, productive 6 (100.0%), vertices/sample 4.000
      qp 342.0 rows/call, 100% of calls reached the solver, 9472 calls
  qp-adapt      4/4       0.84/14.63/55.65         1276       24    10.19   0.0305    52%     0.0002      0/2593         0     0.0025       0
      primary samples 6, productive 6 (100.0%), vertices/sample 4.000
      qp 309.2 rows/call, 91% of calls reached the solver, 5951 calls
  qp-free       4/4      58.49/144.34/164.08       12203       39    14.73   0.0055     0%     0.0016      0/5085         0     0.0002       0
      primary samples 94, productive 33 (35.1%), vertices/sample 0.519
  free-env      4/4       7.93/16.79/19.73          881       44    18.62   0.1019    96%     0.0002      0/3028         0     0.0025       0
      primary samples 101, productive 36 (35.6%), vertices/sample 0.500
  qp-env        4/4       0.53/8.90/38.84          674       23    10.14   0.0694    55%     0.0001      0/2302         0     0.0025       0
      primary samples 6, productive 6 (100.0%), vertices/sample 4.667
      qp 306.3 rows/call, 93% of calls reached the solver, 3635 calls
  vamp-rrtc     4/4       0.12/0.18/0.23          6308       27    12.09        -      -     0.0016      0/2428         0     0.0022       0
      primary samples 0, productive 0 (0.0%), vertices/sample 0.000

bookshelf_thin  (4 problems, 0 skipped: 0 clearance, 0 self-collision)
  rrtconnect    4/4       6.58/109.89/334.82       16321       78    12.48        -      -     0.0005      0/3410         0     0.0011       0
      primary samples 326, productive 74 (22.7%), vertices/sample 0.417
  qp-fixed      4/4       8.33/10.46/20.10          681        9     9.34   0.0137     0%     0.0016      0/2441         0     0.0019       0
      primary samples 1, productive 1 (100.0%), vertices/sample 8.000
      qp 261.4 rows/call, 30% of calls reached the solver, 2825 calls
  qp-plain      4/4       6.74/10.90/20.31          681        9     9.34   0.0137     0%     0.0016      0/2441         0     0.0019       0
      primary samples 1, productive 1 (100.0%), vertices/sample 8.000
      qp 342.0 rows/call, 100% of calls reached the solver, 2825 calls
  qp-adapt      4/4       0.71/2.81/8.84           205        9     9.34   0.0623    53%     0.0016      0/2016         0     0.0019       0
      primary samples 1, productive 1 (100.0%), vertices/sample 8.000
      qp 279.8 rows/call, 77% of calls reached the solver, 877 calls
  qp-free       4/4      41.95/2387.23/2941.45     150452      363    20.42   0.0077     0%     0.0027      0/6325         0     0.0004       0
      primary samples 1288, productive 359 (27.9%), vertices/sample 1.000
  free-env      4/4       4.05/15.56/220.05         560       26    16.49   0.1298    98%     0.0021      0/3310         0     0.0001       0
      primary samples 82, productive 22 (26.8%), vertices/sample 1.000
  qp-env        4/4       0.50/1.50/7.20            96        8     9.28   0.1284    50%     0.0014      0/1907         0     0.0019       0
      primary samples 1, productive 1 (100.0%), vertices/sample 7.000
      qp 281.4 rows/call, 77% of calls reached the solver, 587 calls
  vamp-rrtc     4/4       0.05/0.63/2.88         17633       69    12.61        -      -     0.0001      0/3432         0     0.0011       0
      primary samples 0, productive 0 (0.0%), vertices/sample 0.000

box  (4 problems, 0 skipped: 0 clearance, 0 self-collision)
  rrtconnect    4/4       2.29/11.60/14.40         4574       25     9.95        -      -     0.0049      0/2337         0     0.0025       0
      primary samples 80, productive 21 (26.2%), vertices/sample 0.786
  qp-fixed      4/4       2.69/16.31/35.77         1798       18    12.00   0.0123     0%     0.0015      0/3147         0     0.0025       0
      primary samples 4, productive 4 (100.0%), vertices/sample 6.000
      qp 282.5 rows/call, 82% of calls reached the solver, 7201 calls
  qp-plain      4/4       2.90/17.14/36.72         1798       18    12.00   0.0123     0%     0.0015      0/3147         0     0.0025       0
      primary samples 4, productive 4 (100.0%), vertices/sample 6.000
      qp 342.0 rows/call, 100% of calls reached the solver, 7201 calls
  qp-adapt      4/4       0.61/7.57/17.25          848       18    12.01   0.0520    62%     0.0015      0/2256         0     0.0025       0
      primary samples 4, productive 4 (100.0%), vertices/sample 5.000
      qp 289.3 rows/call, 95% of calls reached the solver, 3236 calls
  qp-free       4/4       6.39/78.49/124.58        9562       34    14.35   0.0052     0%     0.0026      0/5438         0     0.0025       0
      primary samples 54, productive 24 (44.4%), vertices/sample 0.760
  free-env      4/4       0.93/8.69/10.65          757       33    19.70   0.0909    89%     0.0002      0/3386         0     0.0000       0
      primary samples 61, productive 25 (41.0%), vertices/sample 0.593
  qp-env        4/4       0.31/4.18/12.64          427       17    11.50   0.0932    45%     0.0016      0/1973         0     0.0025       0
      primary samples 4, productive 4 (100.0%), vertices/sample 5.000
      qp 286.3 rows/call, 96% of calls reached the solver, 1929 calls
  vamp-rrtc     4/4       0.03/0.06/0.19          1103       11    10.72        -      -     0.0049      0/2315         0     0.0025       0
      primary samples 0, productive 0 (0.0%), vertices/sample 0.000

cage  (4 problems, 0 skipped: 0 clearance, 0 self-collision)
  rrtconnect    4/4     274.41/852.75/1935.09     327989     2222    20.83        -      -     0.0003      0/4161         0     0.0025       0
      primary samples 13320, productive 2218 (16.7%), vertices/sample 0.178
  qp-fixed      4/4      71.03/243.44/278.98       29037      154    29.55   0.0091     0%     0.0000      0/7637         0     0.0000       0
      primary samples 115, productive 86 (74.8%), vertices/sample 1.548
      qp 273.3 rows/call, 88% of calls reached the solver, 83676 calls
  qp-plain      4/4      73.19/252.89/281.86       29037      154    29.55   0.0091     0%     0.0000      0/7637         0     0.0000       0
      primary samples 115, productive 86 (74.8%), vertices/sample 1.548
      qp 342.0 rows/call, 100% of calls reached the solver, 83676 calls
  qp-adapt      4/4      45.25/145.98/161.21       17693      154    29.57   0.0145    34%     0.0000      0/6172         0     0.0000       0
      primary samples 115, productive 86 (74.8%), vertices/sample 1.548
      qp 276.8 rows/call, 97% of calls reached the solver, 50657 calls
  qp-free       4/4    1592.56/3604.11/4695.86     487834     1114    24.47   0.0036     0%     0.0023      0/9671         0     0.0025       0
      primary samples 3994, productive 1077 (27.0%), vertices/sample 0.286
  free-env      4/4      93.45/189.98/429.34       15794      633    22.93   0.0633    92%     0.0000      0/4734         0     0.0003       0
      primary samples 2252, productive 609 (27.0%), vertices/sample 0.283
  qp-env        4/4      25.34/109.29/128.18       12282      153    26.79   0.0207    26%     0.0000      0/5603         0     0.0000       0
      primary samples 115, productive 86 (74.8%), vertices/sample 1.544
      qp 272.3 rows/call, 98% of calls reached the solver, 34732 calls
  vamp-rrtc     4/4       0.46/9.53/113.51      295619      946    16.24        -      -     0.0003      0/3137         0     0.0025       0
      primary samples 0, productive 0 (0.0%), vertices/sample 0.000

table_pick  (4 problems, 0 skipped: 0 clearance, 0 self-collision)
  rrtconnect    4/4       3.55/7.17/7.97          1810       11     9.41        -      -     0.0006      0/1771         0     0.0025       0
      primary samples 18, productive 6 (33.3%), vertices/sample 0.750
  qp-fixed      4/4       4.58/6.62/8.12           631        7     6.88   0.0122     0%     0.0002      0/2450         0     0.0025       0
      primary samples 1, productive 1 (100.0%), vertices/sample 7.000
      qp 239.4 rows/call, 50% of calls reached the solver, 2446 calls
  qp-plain      4/4       4.99/7.29/8.85           631        7     6.88   0.0122     0%     0.0002      0/2450         0     0.0025       0
      primary samples 1, productive 1 (100.0%), vertices/sample 7.000
      qp 342.0 rows/call, 100% of calls reached the solver, 2446 calls
  qp-adapt      4/4       0.42/2.29/3.37           233        7     6.89   0.0415    65%     0.0002      0/1739         0     0.0025       0
      primary samples 1, productive 1 (100.0%), vertices/sample 7.000
      qp 254.8 rows/call, 83% of calls reached the solver, 716 calls
  qp-free       4/4       9.02/25.96/200.36        2589       20     8.95   0.0067     0%     0.0025      0/3314         0     0.0025       0
      primary samples 20, productive 7 (35.0%), vertices/sample 1.429
  free-env      4/4       0.84/2.93/15.16          189       12     9.88   0.1259    97%     0.0005      0/2160         0     0.0025       0
      primary samples 20, productive 7 (35.0%), vertices/sample 0.600
  qp-env        4/4       0.35/2.82/2.96           151        7     6.90   0.0758    85%     0.0002      0/1619         0     0.0025       0
      primary samples 1, productive 1 (100.0%), vertices/sample 7.000
      qp 255.0 rows/call, 85% of calls reached the solver, 486 calls
  vamp-rrtc     4/4       0.03/0.08/0.10          1841       12    12.64        -      -     0.0006      0/2421         0     0.0025       0
      primary samples 0, productive 0 (0.0%), vertices/sample 0.000

table_under_pick  (5 problems, 0 skipped: 0 clearance, 0 self-collision)
  rrtconnect    5/5       6.81/7.59/22.49         2041       12    15.95        -      -     0.0036      0/3507         0     0.0022       0
      primary samples 43, productive 8 (18.6%), vertices/sample 0.296
  qp-fixed      5/5       7.19/24.43/33.70         2174       15    13.41   0.0109     0%     0.0007      0/4971         0     0.0025       0
      primary samples 6, productive 6 (100.0%), vertices/sample 2.714
      qp 279.7 rows/call, 69% of calls reached the solver, 10325 calls
  qp-plain      5/5       8.80/25.92/35.64         2174       15    13.41   0.0109     0%     0.0007      0/4971         0     0.0025       0
      primary samples 6, productive 6 (100.0%), vertices/sample 2.714
      qp 342.0 rows/call, 100% of calls reached the solver, 10325 calls
  qp-adapt      5/5       3.75/11.01/14.02         1048       15    13.50   0.0221    45%     0.0006      0/3933         0     0.0025       0
      primary samples 6, productive 6 (100.0%), vertices/sample 2.714
      qp 281.9 rows/call, 93% of calls reached the solver, 4788 calls
  qp-free       5/5      43.15/73.07/379.82        6681       23    14.59   0.0045     0%     0.0040      0/6074         0     0.0006       0
      primary samples 45, productive 18 (40.0%), vertices/sample 0.426
  free-env      5/5       3.89/6.88/28.59          380       22    16.59   0.0910    97%     0.0000      0/3991         0     0.0000       0
      primary samples 45, productive 17 (37.8%), vertices/sample 0.481
  qp-env        5/5       1.50/5.17/11.15          467       16    13.61   0.0511    56%     0.0003      0/3522         0     0.0025       0
      primary samples 6, productive 6 (100.0%), vertices/sample 2.667
      qp 283.0 rows/call, 91% of calls reached the solver, 2508 calls
  vamp-rrtc     5/5       0.05/0.07/0.42          2565       12    13.47        -      -     0.0058      0/3226         0     0.0025       0
      primary samples 0, productive 0 (0.0%), vertices/sample 0.000

Hop disposition -- what set the hop's length, median over problems.
  row         floored(<1 step)    at region   edge-limited
  qp-fixed            100.0%         0.0%           0.0%
  qp-plain            100.0%         0.0%           0.0%
  qp-adapt             55.0%        43.9%           1.5%
  qp-free             100.0%         0.0%           0.0%
  free-env              1.9%        83.1%          12.7%
  qp-env               60.3%        36.9%           3.2%

Endpoint clearance at zero margin -- min(start, goal) over all spheres.
  scene                     min    median       max affordable   problems by margin
  bookshelf_small        0.0058    0.0078    0.0090    0.0058   0:100% 0.02:  0% 0.04:  0% 0.06:  0% 0.09:  0%
  bookshelf_tall         0.0025    0.0064    0.0100    0.0025   0:100% 0.02:  0% 0.04:  0% 0.06:  0% 0.09:  0%
  bookshelf_thin         0.0019    0.0080    0.0082    0.0019   0:100% 0.02:  0% 0.04:  0% 0.06:  0% 0.09:  0%
  box                    0.0127    0.0127    0.0127    0.0127   0:100% 0.02:  0% 0.04:  0% 0.06:  0% 0.09:  0%
  cage                   0.0126    0.0127    0.0127    0.0126   0:100% 0.02:  0% 0.04:  0% 0.06:  0% 0.09:  0%
  table_pick             0.0065    0.0080    0.0081    0.0065   0:100% 0.02:  0% 0.04:  0% 0.06:  0% 0.09:  0%
  table_under_pick       0.0076    0.0082    0.0082    0.0076   0:100% 0.02:  0% 0.04:  0% 0.06:  0% 0.09:  0%

all scenes  (29 problems, 0 skipped: 0 clearance, 0 self-collision)
  rrtconnect   29/29      2.29/14.40/1935.09       4294       23    12.85        -      -     0.0003      0/20848        0     0.0011       0
      primary samples 76, productive 20 (26.3%), vertices/sample 0.312
  qp-fixed     29/29      2.69/16.31/278.98        1201       14    10.20   0.0110     0%     0.0000      0/29688        0     0.0000       0
      primary samples 3, productive 3 (100.0%), vertices/sample 4.000
      qp 276.2 rows/call, 63% of calls reached the solver, 127187 calls
  qp-plain     29/29      2.90/17.14/281.86        1201       14    10.20   0.0110     0%     0.0000      0/29688        0     0.0000       0
      primary samples 3, productive 3 (100.0%), vertices/sample 4.000
      qp 342.0 rows/call, 100% of calls reached the solver, 127187 calls
  qp-adapt     29/29      0.42/7.57/161.21         518       14    10.19   0.0223    45%     0.0000      0/23749        0     0.0000       0
      primary samples 3, productive 3 (100.0%), vertices/sample 4.000
      qp 281.9 rows/call, 92% of calls reached the solver, 73289 calls
  qp-free      29/29      6.39/78.49/4695.86       7143       27    14.53   0.0052     0%     0.0016      0/40861        0     0.0002       0
      primary samples 52, productive 18 (34.6%), vertices/sample 0.520
  free-env     29/29      0.84/7.93/429.34         502       26    14.85   0.0868    96%     0.0000      0/23254        0     0.0000       0
      primary samples 54, productive 22 (40.7%), vertices/sample 0.500
  qp-env       29/29      0.31/4.22/128.18         407       14    10.14   0.0431    40%     0.0000      0/21186        0     0.0000       0
      primary samples 3, productive 3 (100.0%), vertices/sample 4.000
      qp 281.4 rows/call, 93% of calls reached the solver, 48499 calls
  vamp-rrtc    29/29      0.03/0.12/113.51        3166       21    12.61        -      -     0.0001      0/19560        0     0.0011       0
      primary samples 0, productive 0 (0.0%), vertices/sample 0.000

"samples" is checked configurations for isSafe, barrier evaluations for
the three CBF rows, and SIMD configuration lanes evaluated for VAMP. They measure
sampling work, while wall time captures the very different per-sample costs.
"unsafe/audited" evaluates exact primitive clearance at every state of the
densified solution -- for each CBF row that is the rollout the planner recorded
for each edge, replayed, so it is the motion that would actually be executed,
sampled inside each step rather than only at its boundaries. Non-zero unsafe
invalidates a row however fast it was.
"missed" counts solution edges that were not on file and had to be
re-derived; it must be zero, or the audited motion is a different trajectory
from the one the planner found.


envelope hop: 13329 filter calls, 1.249 hold queries/call, 18.7% saturated, 100.0% longer than L1, past one step 93.0% (L1 alone 55.5%), gated 72.5%, empty-active 0.0%, screen-escalated 1.5%
envelope bottleneck: world 97.8%, self-collision 2.1%, unbound 0.1% (horizon or screen clip), blocked 0.0%, joint-limit clamped 0.0%
envelope binding term:
  world rows       L1 0.0%, local-L1 0.6%, speed-capped 6.0%, isotropic-anchored 93.4% (of 13036 bound calls)
  self-pair rows   L1 0.0%, local-L1 0.0%, speed-capped 0.0%, normal-anchored 100.0% (of 280 bound calls)
local-lever screen: 364430 of 606568 expensive world rows settled before the envelope (60.1%)
span handed to the rollout, in controller steps (48499 calls):
                   <1      1-2      2-4      4-8       8+
  L1 only      84.76%     7.64%     4.27%     1.86%     1.47%
  envelope     74.44%     5.57%     7.15%     6.39%     6.45%
=== CBF profiler (wall time) ===
=== CBF filter stats ===
  calls=0  unchanged=0 (0.0%)  filtered=0 (0.0%)  blocked=0 (0.0%)
  active rows:       avg=0.00  max=0
  zero-row fast path: 0 (0.0%)
  qp iterations:     avg=0.00  max=0
  certified duration: avg=0.00000s  min=0.00000s  max=0.00000s  (over 0 non-blocked calls)
  required gain:     avg=0.000/s  max=0.000/s  p50=0.000/s  p90=0.000/s  p99=0.000/s  (over 0 calls, 0 uncertified)
