
MotionBenchMaker UR5, 689 problems loaded, up to 100 per scene
voxel 0.003 m, margin 0.0000 m + 0.0000 m filter buffer, stepSize 0.001 s, range 2.00 rad, 10.0 s limit

hop certificates: old L1 Lipschitz region and new hold-time bound
Picard: off; trajectory prefixes: 0; sequential rollout budget: 10000 calls
kappa 20.00 /s, certified step uncapped, self-collision margin 0.0000 m over 302 pairs
baseline segment: 0.000650 of extent = 0.0100 rad, rollout step 0.0100 rad (matched to the rollout)
rope shortcut off, all rows unsimplified

seed 1
  planner       solved ms(min/med/max)        samples vertices     path rad/call coarse  worst clr unsafe/audited missed worst self collide

bookshelf_small  (4 problems, 0 skipped: 0 clearance, 0 self-collision)
  rrtconnect    4/4       2.37/8.63/65.45         3435       19    11.79        -      -     0.0020      0/2624         0     0.0005       0
      primary samples 72, productive 15 (20.8%), vertices/sample 0.441
  qp-fixed      4/4       3.86/6.48/12.78          745       12     9.23   0.0141     0%     0.0008      0/3120         0     0.0001       0
      primary samples 2, productive 2 (100.0%), vertices/sample 7.000
      qp 286.9 rows/call, 58% of calls reached the solver, 3444 calls
  qp-plain      4/4       3.98/6.64/13.22          745       12     9.23   0.0141     0%     0.0008      0/3120         0     0.0001       0
      primary samples 2, productive 2 (100.0%), vertices/sample 7.000
      qp 342.0 rows/call, 100% of calls reached the solver, 3444 calls
  qp-adapt      4/4       1.39/4.47/5.79           450       12     9.24   0.0415    49%     0.0008      0/2538         0     0.0001       0
      primary samples 2, productive 2 (100.0%), vertices/sample 6.000
      qp 311.6 rows/call, 89% of calls reached the solver, 1535 calls
  qp-free       4/4      17.68/50.18/200.22        9479       28    15.38   0.0060     0%     0.0031      0/5097         0     0.0014       0
      primary samples 62, productive 22 (35.5%), vertices/sample 0.778
  free-env      4/4       1.09/6.70/44.68          485       25    13.69   0.0828    97%     0.0020      0/3135         0     0.0003       0
      primary samples 62, productive 19 (30.6%), vertices/sample 0.722
  qp-env        4/4       0.65/3.00/4.94           291       12     9.27   0.1377    73%     0.0006      0/2268         0     0.0001       0
      primary samples 2, productive 2 (100.0%), vertices/sample 6.000
      qp 311.0 rows/call, 93% of calls reached the solver, 914 calls
  vamp-rrtc     4/4       0.03/0.11/0.92          3597       20    11.79        -      -     0.0020      0/2282         0     0.0005       0
      primary samples 0, productive 0 (0.0%), vertices/sample 0.000

bookshelf_tall  (4 problems, 0 skipped: 0 clearance, 0 self-collision)
  rrtconnect    4/4       9.37/48.08/243.20       10450       47    17.09        -      -     0.0003      0/3046         0     0.0025       0
      primary samples 172, productive 43 (25.0%), vertices/sample 0.565
  qp-fixed      4/4       3.81/18.82/22.22         1414       13    12.78   0.0114     0%     0.0001      0/3328         0     0.0025       0
      primary samples 3, productive 3 (100.0%), vertices/sample 4.500
      qp 295.4 rows/call, 67% of calls reached the solver, 4468 calls
  qp-plain      4/4       3.99/18.84/22.75         1414       13    12.78   0.0114     0%     0.0001      0/3328         0     0.0025       0
      primary samples 3, productive 3 (100.0%), vertices/sample 4.500
      qp 342.0 rows/call, 100% of calls reached the solver, 4468 calls
  qp-adapt      4/4       0.62/9.29/11.97          667       13    12.79   0.0266    64%     0.0001      0/2620         0     0.0025       0
      primary samples 3, productive 3 (100.0%), vertices/sample 4.667
      qp 304.6 rows/call, 96% of calls reached the solver, 2090 calls
  qp-free       4/4      19.01/89.65/404.60       12560       50    15.13   0.0063     0%     0.0007      0/5950         0     0.0025       0
      primary samples 119, productive 44 (37.0%), vertices/sample 0.842
  free-env      4/4       2.72/49.96/155.47        2373      102    13.74   0.0995    96%     0.0001      0/2862         0     0.0025       0
      primary samples 371, productive 97 (26.1%), vertices/sample 0.613
  qp-env        4/4       0.40/4.21/7.70           322       13    12.77   0.1051    73%     0.0002      0/2318         0     0.0025       0
      primary samples 3, productive 3 (100.0%), vertices/sample 4.500
      qp 303.5 rows/call, 97% of calls reached the solver, 1011 calls
  vamp-rrtc     4/4       0.06/0.37/1.87         13434       47    15.25        -      -     0.0003      0/3022         0     0.0011       0
      primary samples 0, productive 0 (0.0%), vertices/sample 0.000

bookshelf_thin  (4 problems, 0 skipped: 0 clearance, 0 self-collision)
  rrtconnect    4/4      33.77/122.46/359.09       19564       99    17.27        -      -     0.0001      0/3480         0     0.0017       0
      primary samples 356, productive 96 (27.0%), vertices/sample 0.291
  qp-fixed      4/4       6.68/8.31/20.71          501        6     7.09   0.0151     0%     0.0007      0/2393         0     0.0006       0
      primary samples 1, productive 1 (100.0%), vertices/sample 6.000
      qp 271.9 rows/call, 55% of calls reached the solver, 2674 calls
  qp-plain      4/4       6.86/8.44/21.15          501        6     7.09   0.0151     0%     0.0007      0/2393         0     0.0006       0
      primary samples 1, productive 1 (100.0%), vertices/sample 6.000
      qp 342.0 rows/call, 100% of calls reached the solver, 2674 calls
  qp-adapt      4/4       2.39/3.92/7.58           245        6     7.10   0.0366    47%     0.0007      0/2035         0     0.0006       0
      primary samples 1, productive 1 (100.0%), vertices/sample 6.000
      qp 282.6 rows/call, 89% of calls reached the solver, 1146 calls
  qp-free       4/4     112.08/374.37/784.79       41672      152    22.49   0.0052     0%     0.0004      0/6040         0     0.0001       0
      primary samples 395, productive 147 (37.2%), vertices/sample 0.385
  free-env      4/4      16.80/33.21/70.08         1327       58    18.69   0.1029    98%     0.0001      0/3680         0     0.0000       0
      primary samples 158, productive 54 (34.2%), vertices/sample 0.411
  qp-env        4/4       1.14/2.46/3.47           146        6     7.14   0.0702    48%     0.0003      0/1844         0     0.0007       0
      primary samples 1, productive 1 (100.0%), vertices/sample 6.000
      qp 285.4 rows/call, 90% of calls reached the solver, 552 calls
  vamp-rrtc     4/4       0.22/0.85/1.53         22833      105    17.75        -      -     0.0001      0/3307         0     0.0004       0
      primary samples 0, productive 0 (0.0%), vertices/sample 0.000

box  (5 problems, 0 skipped: 0 clearance, 0 self-collision)
  rrtconnect    5/5       3.78/4.36/17.81         1759       11    12.25        -      -     0.0015      0/3111         0     0.0025       0
      primary samples 23, productive 6 (26.1%), vertices/sample 0.435
  qp-fixed      5/5       3.38/6.32/10.68          723       11     7.65   0.0118     0%     0.0017      0/3331         0     0.0025       0
      primary samples 2, productive 2 (100.0%), vertices/sample 6.000
      qp 273.8 rows/call, 57% of calls reached the solver, 3881 calls
  qp-plain      5/5       3.67/6.41/10.93          723       11     7.65   0.0118     0%     0.0017      0/3331         0     0.0025       0
      primary samples 2, productive 2 (100.0%), vertices/sample 6.000
      qp 342.0 rows/call, 100% of calls reached the solver, 3881 calls
  qp-adapt      5/5       0.74/1.65/3.17           214       11     7.64   0.0339    61%     0.0017      0/2514         0     0.0025       0
      primary samples 2, productive 2 (100.0%), vertices/sample 6.000
      qp 284.8 rows/call, 81% of calls reached the solver, 1181 calls
  qp-free       5/5      14.82/34.51/113.68        6795       23    12.44   0.0049     0%     0.0022      0/6828         0     0.0021       0
      primary samples 41, productive 15 (36.6%), vertices/sample 0.560
  free-env      5/5       1.29/4.28/30.76          318       23    17.28   0.0985    96%     0.0006      0/4801         0     0.0019       0
      primary samples 41, productive 15 (36.6%), vertices/sample 0.571
  qp-env        5/5       0.49/0.89/1.90            93       11     7.64   0.0736    56%     0.0015      0/2288         0     0.0025       0
      primary samples 2, productive 2 (100.0%), vertices/sample 6.000
      qp 287.5 rows/call, 79% of calls reached the solver, 541 calls
  vamp-rrtc     5/5       0.04/0.06/0.19          1667       11    11.59        -      -     0.0015      0/2992         0     0.0010       0
      primary samples 0, productive 0 (0.0%), vertices/sample 0.000

cage  (4 problems, 0 skipped: 0 clearance, 0 self-collision)
  rrtconnect    4/4     106.38/216.14/327.75       84117      462    24.70        -      -     0.0020      0/4703         0     0.0025       0
      primary samples 2457, productive 459 (18.7%), vertices/sample 0.193
  qp-fixed      4/4      22.02/48.39/242.70        5192       34    20.62   0.0100     0%     0.0001      0/6257         0     0.0018       0
      primary samples 17, productive 14 (82.4%), vertices/sample 2.182
      qp 267.0 rows/call, 86% of calls reached the solver, 39038 calls
  qp-plain      4/4      22.88/49.71/251.37        5192       34    20.62   0.0100     0%     0.0001      0/6257         0     0.0018       0
      primary samples 17, productive 14 (82.4%), vertices/sample 2.182
      qp 342.0 rows/call, 100% of calls reached the solver, 39038 calls
  qp-adapt      4/4       6.27/27.57/156.86        3038       34    20.62   0.0202    32%     0.0001      0/4995         0     0.0018       0
      primary samples 17, productive 14 (82.4%), vertices/sample 2.182
      qp 269.8 rows/call, 97% of calls reached the solver, 23729 calls
  qp-free       4/4    1000.48/3068.79/3837.06     576587     1358    21.97   0.0036     0%     0.0028      0/9502         0     0.0025       0
      primary samples 4614, productive 1321 (28.6%), vertices/sample 0.294
  free-env      4/4     176.89/198.86/290.46       15381      670    20.73   0.0702    93%     0.0000      0/4242         0     0.0005       0
      primary samples 2123, productive 637 (30.0%), vertices/sample 0.305
  qp-env        4/4       3.55/20.13/120.95        2034       34    20.61   0.0276    25%     0.0002      0/4514         0     0.0015       0
      primary samples 17, productive 14 (82.4%), vertices/sample 2.182
      qp 271.2 rows/call, 98% of calls reached the solver, 16602 calls
  vamp-rrtc     4/4       1.55/4.03/7.03        145055      496    24.70        -      -     0.0020      0/4703         0     0.0025       0
      primary samples 0, productive 0 (0.0%), vertices/sample 0.000

table_pick  (4 problems, 0 skipped: 0 clearance, 0 self-collision)
  rrtconnect    4/4       5.65/16.89/19.83         4541       23    13.29        -      -     0.0005      0/2758         0     0.0025       0
      primary samples 69, productive 19 (27.5%), vertices/sample 0.383
  qp-fixed      4/4       3.85/6.92/7.56           698        7     8.53   0.0130     0%     0.0032      0/2222         0     0.0025       0
      primary samples 1, productive 1 (100.0%), vertices/sample 7.000
      qp 241.4 rows/call, 22% of calls reached the solver, 2218 calls
  qp-plain      4/4       4.11/7.60/7.85           698        7     8.53   0.0130     0%     0.0032      0/2222         0     0.0025       0
      primary samples 1, productive 1 (100.0%), vertices/sample 7.000
      qp 342.0 rows/call, 100% of calls reached the solver, 2218 calls
  qp-adapt      4/4       0.70/0.73/0.97            80        7     8.53   0.0883    64%     0.0032      0/1591         0     0.0025       0
      primary samples 1, productive 1 (100.0%), vertices/sample 7.000
      qp 290.6 rows/call, 68% of calls reached the solver, 327 calls
  qp-free       4/4      13.22/59.63/71.11         9262       31    10.54   0.0065     0%     0.0007      0/3458         0     0.0025       0
      primary samples 60, productive 25 (41.7%), vertices/sample 1.059
  free-env      4/4       1.92/8.77/10.61          478       30    10.54   0.1061    97%     0.0006      0/2119         0     0.0025       0
      primary samples 60, productive 24 (40.0%), vertices/sample 1.176
  qp-env        4/4       0.32/0.36/0.57            33        7     8.53   0.2074    97%     0.0029      0/1498         0     0.0025       0
      primary samples 1, productive 1 (100.0%), vertices/sample 7.000
      qp 285.0 rows/call, 66% of calls reached the solver, 141 calls
  vamp-rrtc     4/4       0.13/0.15/0.18          4814       24    13.04        -      -     0.0014      0/2456         0     0.0025       0
      primary samples 0, productive 0 (0.0%), vertices/sample 0.000

table_under_pick  (4 problems, 0 skipped: 0 clearance, 0 self-collision)
  rrtconnect    4/4       3.64/9.95/10.41         2690       14    15.78        -      -     0.0055      0/2870         0     0.0025       0
      primary samples 36, productive 10 (27.8%), vertices/sample 0.417
  qp-fixed      4/4       7.72/18.50/36.39         1615       14    10.03   0.0128     0%     0.0012      0/3147         0     0.0006       0
      primary samples 6, productive 4 (66.7%), vertices/sample 7.000
      qp 293.7 rows/call, 86% of calls reached the solver, 6262 calls
  qp-plain      4/4       7.94/18.76/36.46         1615       14    10.03   0.0128     0%     0.0012      0/3147         0     0.0006       0
      primary samples 6, productive 4 (66.7%), vertices/sample 7.000
      qp 342.0 rows/call, 100% of calls reached the solver, 6262 calls
  qp-adapt      4/4       1.08/12.03/24.21         1136       13    10.05   0.0312    48%     0.0010      0/2521         0     0.0006       0
      primary samples 6, productive 4 (66.7%), vertices/sample 6.500
      qp 293.7 rows/call, 89% of calls reached the solver, 3669 calls
  qp-free       4/4       6.94/50.49/336.83        8068       16    18.69   0.0041     0%     0.0042      0/5950         0     0.0016       0
      primary samples 62, productive 12 (19.4%), vertices/sample 0.291
  free-env      4/4       1.24/9.73/37.59          639       21    16.04   0.0862    99%     0.0000      0/3316         0     0.0025       0
      primary samples 68, productive 15 (22.1%), vertices/sample 0.309
  qp-env        4/4       0.62/9.17/19.22          769       12    10.12   0.0612    41%     0.0004      0/2276         0     0.0013       0
      primary samples 6, productive 4 (66.7%), vertices/sample 6.000
      qp 295.9 rows/call, 98% of calls reached the solver, 2561 calls
  vamp-rrtc     4/4       0.03/0.09/0.12          1920       14    15.87        -      -    -0.0001      1/2875         0     0.0025       0
      primary samples 0, productive 0 (0.0%), vertices/sample 0.000

Hop disposition -- what set the hop's length, median over problems.
  row         floored(<1 step)    at region   edge-limited
  qp-fixed            100.0%         0.0%           0.0%
  qp-plain            100.0%         0.0%           0.0%
  qp-adapt             50.0%        47.6%           2.1%
  qp-free             100.0%         0.0%           0.0%
  free-env              1.9%        83.7%          13.4%
  qp-env               48.4%        47.3%           5.5%

Endpoint clearance at zero margin -- min(start, goal) over all spheres.
  scene                     min    median       max affordable   problems by margin
  bookshelf_small        0.0038    0.0084    0.0089    0.0038   0:100% 0.02:  0% 0.04:  0% 0.06:  0% 0.09:  0%
  bookshelf_tall         0.0025    0.0049    0.0091    0.0025   0:100% 0.02:  0% 0.04:  0% 0.06:  0% 0.09:  0%
  bookshelf_thin         0.0017    0.0066    0.0102    0.0017   0:100% 0.02:  0% 0.04:  0% 0.06:  0% 0.09:  0%
  box                    0.0127    0.0127    0.0127    0.0127   0:100% 0.02:  0% 0.04:  0% 0.06:  0% 0.09:  0%
  cage                   0.0105    0.0127    0.0127    0.0105   0:100% 0.02:  0% 0.04:  0% 0.06:  0% 0.09:  0%
  table_pick             0.0076    0.0081    0.0082    0.0076   0:100% 0.02:  0% 0.04:  0% 0.06:  0% 0.09:  0%
  table_under_pick       0.0076    0.0078    0.0079    0.0076   0:100% 0.02:  0% 0.04:  0% 0.06:  0% 0.09:  0%

all scenes  (29 problems, 0 skipped: 0 clearance, 0 self-collision)
  rrtconnect   29/29      2.37/16.88/359.09        4519       23    15.04        -      -     0.0001      0/22592        0     0.0005       0
      primary samples 72, productive 18 (25.0%), vertices/sample 0.333
  qp-fixed     29/29      3.38/7.72/242.70         745       10     9.23   0.0119     0%     0.0001      0/23798        0     0.0001       0
      primary samples 2, productive 2 (100.0%), vertices/sample 5.500
      qp 267.4 rows/call, 57% of calls reached the solver, 61985 calls
  qp-plain     29/29      3.67/7.94/251.37         745       10     9.23   0.0119     0%     0.0001      0/23798        0     0.0001       0
      primary samples 2, productive 2 (100.0%), vertices/sample 5.500
      qp 342.0 rows/call, 100% of calls reached the solver, 61985 calls
  qp-adapt     29/29      0.62/2.96/156.86         269       10     9.24   0.0331    49%     0.0001      0/18814        0     0.0001       0
      primary samples 2, productive 2 (100.0%), vertices/sample 5.500
      qp 283.5 rows/call, 87% of calls reached the solver, 33677 calls
  qp-free      29/29      6.94/59.63/3837.06       9479       31    15.38   0.0051     0%     0.0004      0/42825        0     0.0001       0
      primary samples 62, productive 25 (40.3%), vertices/sample 0.440
  free-env     29/29      1.09/9.73/290.46         599       35    14.56   0.0878    96%     0.0000      0/24155        0     0.0000       0
      primary samples 68, productive 26 (38.2%), vertices/sample 0.411
  qp-env       29/29      0.32/1.79/120.95         139       10     9.23   0.0709    49%     0.0002      0/17006        0     0.0001       0
      primary samples 2, productive 2 (100.0%), vertices/sample 5.500
      qp 285.0 rows/call, 89% of calls reached the solver, 22322 calls
  vamp-rrtc    29/29      0.03/0.13/7.03          4814       23    14.16        -      -    -0.0001      1/21637        0     0.0004       0
      primary samples 0, productive 0 (0.0%), vertices/sample 0.000

"samples" is checked configurations for isSafe, barrier evaluations for
the three CBF rows, and SIMD configuration lanes evaluated for VAMP. They measure
sampling work, while wall time captures the very different per-sample costs.
"unsafe/audited" evaluates exact primitive clearance at every state of the
densified solution -- for each CBF row that is the rollout the planner recorded
for each edge, replayed, so it is the motion that would actually be executed,
sampled inside each step rather than only at its boundaries. Non-zero unsafe
invalidates a row however fast it was.
"missed" counts solution edges that were not on file and had to be
re-derived; it must be zero, or the audited motion is a different trajectory
from the one the planner found.


envelope hop: 5818 filter calls, 1.285 hold queries/call, 19.6% saturated, 100.0% longer than L1, past one step 96.0% (L1 alone 53.9%), gated 73.9%, empty-active 0.0%, screen-escalated 3.3%
envelope bottleneck: world 96.5%, self-collision 3.2%, unbound 0.2% (horizon or screen clip), blocked 0.0%, joint-limit clamped 0.0%
envelope binding term:
  world rows       L1 0.0%, local-L1 1.0%, speed-capped 4.1%, isotropic-anchored 94.9% (of 5616 bound calls)
  self-pair rows   L1 0.0%, local-L1 0.0%, speed-capped 0.0%, normal-anchored 100.0% (of 188 bound calls)
local-lever screen: 368573 of 605048 expensive world rows settled before the envelope (60.9%)
span handed to the rollout, in controller steps (22322 calls):
                   <1      1-2      2-4      4-8       8+
  L1 only      85.94%     6.98%     3.46%     1.71%     1.92%
  envelope     74.98%     4.69%     7.90%     5.59%     6.84%
=== CBF profiler (wall time) ===
=== CBF filter stats ===
  calls=0  unchanged=0 (0.0%)  filtered=0 (0.0%)  blocked=0 (0.0%)
  active rows:       avg=0.00  max=0
  zero-row fast path: 0 (0.0%)
  qp iterations:     avg=0.00  max=0
  certified duration: avg=0.00000s  min=0.00000s  max=0.00000s  (over 0 non-blocked calls)
  required gain:     avg=0.000/s  max=0.000/s  p50=0.000/s  p90=0.000/s  p99=0.000/s  (over 0 calls, 0 uncertified)
