
MotionBenchMaker UR5, 689 problems loaded, up to 100 per scene
voxel 0.003 m, margin 0.0000 m + 0.0000 m filter buffer, stepSize 0.001 s, range 2.00 rad, 10.0 s limit

hop certificates: old L1 Lipschitz region and new hold-time bound
Picard: off; trajectory prefixes: 0; sequential rollout budget: 10000 calls
kappa 20.00 /s, certified step uncapped, self-collision margin 0.0000 m over 302 pairs
baseline segment: 0.000650 of extent = 0.0100 rad, rollout step 0.0100 rad (matched to the rollout)
rope shortcut off, all rows unsimplified

seed 1
  planner       solved ms(min/med/max)        samples vertices     path rad/call coarse  worst clr unsafe/audited missed worst self collide

bookshelf_small  (4 problems, 0 skipped: 0 clearance, 0 self-collision)
  rrtconnect    4/4       2.87/17.06/22.09         4376       23    19.17        -      -     0.0016      0/2891         0     0.0000       0
      primary samples 83, productive 19 (22.9%), vertices/sample 0.900
  qp-fixed      4/4       4.92/12.89/26.39          975        9     9.90   0.0123     0%     0.0008      0/3302         0     0.0001       0
      primary samples 2, productive 2 (100.0%), vertices/sample 6.000
      qp 277.7 rows/call, 47% of calls reached the solver, 4135 calls
  qp-plain      4/4       5.53/13.65/28.44          975        9     9.90   0.0123     0%     0.0008      0/3302         0     0.0001       0
      primary samples 2, productive 2 (100.0%), vertices/sample 6.000
      qp 342.0 rows/call, 100% of calls reached the solver, 4135 calls
  qp-adapt      4/4       1.87/6.09/15.91          417        9     9.91   0.0337    32%     0.0008      0/2662         0     0.0000       0
      primary samples 2, productive 2 (100.0%), vertices/sample 6.000
      qp 304.4 rows/call, 90% of calls reached the solver, 1974 calls
  qp-free       4/4       9.01/102.12/208.16       12271       30    19.22   0.0082     0%     0.0030      0/4648         0     0.0004       0
      primary samples 83, productive 24 (28.9%), vertices/sample 1.000
  free-env      4/4       1.18/11.49/14.26          534       29    17.70   0.1523    95%     0.0030      0/2891         0     0.0001       0
      primary samples 83, productive 22 (26.5%), vertices/sample 0.900
  qp-env        4/4       0.82/4.72/7.59           292        9     9.93   0.0463    25%     0.0006      0/2447         0     0.0000       0
      primary samples 2, productive 2 (100.0%), vertices/sample 6.000
      qp 304.6 rows/call, 95% of calls reached the solver, 1077 calls
  vamp-rrtc     4/4       0.04/0.23/0.27          4679       23    16.02        -      -     0.0016      0/2734         0     0.0010       0
      primary samples 0, productive 0 (0.0%), vertices/sample 0.000

bookshelf_tall  (4 problems, 0 skipped: 0 clearance, 0 self-collision)
  rrtconnect    4/4       8.17/80.43/382.12        9779       49    16.64        -      -     0.0013      0/2909         0     0.0022       0
      primary samples 204, productive 45 (22.1%), vertices/sample 0.240
  qp-fixed      4/4       6.73/70.45/89.37         3257       23    14.53   0.0125     0%     0.0003      0/3799         0     0.0021       0
      primary samples 7, productive 7 (100.0%), vertices/sample 5.500
      qp 277.7 rows/call, 73% of calls reached the solver, 8778 calls
  qp-plain      4/4       7.18/74.24/92.10         3257       23    14.53   0.0125     0%     0.0003      0/3799         0     0.0021       0
      primary samples 7, productive 7 (100.0%), vertices/sample 5.500
      qp 342.0 rows/call, 100% of calls reached the solver, 8778 calls
  qp-adapt      4/4       1.01/28.93/51.41         1488       30    14.56   0.0339    54%     0.0003      0/3199         0     0.0021       0
      primary samples 7, productive 7 (100.0%), vertices/sample 5.000
      qp 288.8 rows/call, 92% of calls reached the solver, 4452 calls
  qp-free       4/4      57.93/201.79/490.16       17086       50    19.25   0.0060     0%     0.0015      0/6293         0     0.0019       0
      primary samples 123, productive 44 (35.8%), vertices/sample 0.455
  free-env      4/4      10.46/22.74/29.79          658       37    19.37   0.0930    97%     0.0001      0/3868         0     0.0000       0
      primary samples 96, productive 32 (33.3%), vertices/sample 0.455
  qp-env        4/4       0.63/20.09/37.24          953       29    14.67   0.0639    34%     0.0003      0/2811         0     0.0022       0
      primary samples 7, productive 7 (100.0%), vertices/sample 4.143
      qp 284.7 rows/call, 96% of calls reached the solver, 2912 calls
  vamp-rrtc     4/4       0.14/0.81/5.41         11873       53    19.89        -      -     0.0013      0/3567         0     0.0002       0
      primary samples 0, productive 0 (0.0%), vertices/sample 0.000

bookshelf_thin  (4 problems, 0 skipped: 0 clearance, 0 self-collision)
  rrtconnect    4/4      26.24/227.59/901.61       22799      118    15.04        -      -     0.0018      0/3005         0     0.0011       0
      primary samples 566, productive 114 (20.1%), vertices/sample 0.293
  qp-fixed      4/4      12.04/31.24/47.62         1262       13    10.38   0.0132     0%     0.0010      0/2908         0     0.0025       0
      primary samples 3, productive 3 (100.0%), vertices/sample 5.333
      qp 285.3 rows/call, 68% of calls reached the solver, 4561 calls
  qp-plain      4/4      12.55/32.59/49.52         1262       13    10.38   0.0132     0%     0.0010      0/2908         0     0.0025       0
      primary samples 3, productive 3 (100.0%), vertices/sample 5.333
      qp 342.0 rows/call, 100% of calls reached the solver, 4561 calls
  qp-adapt      4/4       4.67/8.56/26.03          417       13    10.42   0.0327    57%     0.0010      0/2524         0     0.0025       0
      primary samples 3, productive 3 (100.0%), vertices/sample 4.333
      qp 293.7 rows/call, 91% of calls reached the solver, 2016 calls
  qp-free       4/4      24.34/112.87/1770.83       7923       27    11.96   0.0054     0%     0.0024      0/4500         0     0.0006       0
      primary samples 60, productive 21 (35.0%), vertices/sample 0.531
  free-env      4/4       5.82/39.31/69.28          892       65    17.91   0.1062    97%     0.0017      0/3227         0     0.0001       0
      primary samples 136, productive 48 (35.3%), vertices/sample 0.531
  qp-env        4/4       2.76/3.64/18.09          158       12    10.27   0.1059    54%     0.0007      0/2330         0     0.0025       0
      primary samples 3, productive 3 (100.0%), vertices/sample 4.333
      qp 297.2 rows/call, 93% of calls reached the solver, 1072 calls
  vamp-rrtc     4/4       0.24/0.65/12.48         6252       37    13.36        -      -     0.0003      0/2716         0     0.0004       0
      primary samples 0, productive 0 (0.0%), vertices/sample 0.000

box  (4 problems, 0 skipped: 0 clearance, 0 self-collision)
  rrtconnect    4/4       7.75/10.06/16.72         2709       15    11.50        -      -     0.0032      0/2380         0     0.0025       0
      primary samples 44, productive 12 (27.3%), vertices/sample 0.393
  qp-fixed      4/4       5.37/24.39/24.98         1898       19    12.90   0.0129     0%     0.0037      0/3380         0     0.0025       0
      primary samples 5, productive 5 (100.0%), vertices/sample 3.800
      qp 241.2 rows/call, 79% of calls reached the solver, 5262 calls
  qp-plain      4/4       6.18/26.01/27.29         1898       19    12.90   0.0129     0%     0.0037      0/3380         0     0.0025       0
      primary samples 5, productive 5 (100.0%), vertices/sample 3.800
      qp 342.0 rows/call, 100% of calls reached the solver, 5262 calls
  qp-adapt      4/4       1.27/7.94/9.52           733       19    13.02   0.0339    59%     0.0030      0/2724         0     0.0025       0
      primary samples 5, productive 5 (100.0%), vertices/sample 3.800
      qp 268.3 rows/call, 94% of calls reached the solver, 2009 calls
  qp-free       4/4      15.01/51.86/61.77         6516       30    14.45   0.0058     0%     0.0020      0/4936         0     0.0016       0
      primary samples 34, productive 16 (47.1%), vertices/sample 0.971
  free-env      4/4       2.95/9.87/33.64          571       31    12.09   0.0961    92%     0.0014      0/2610         0     0.0002       0
      primary samples 49, productive 24 (49.0%), vertices/sample 0.794
  qp-env        4/4       1.05/4.02/8.52           297       16    13.35   0.0902    47%     0.0003      0/2554         0     0.0025       0
      primary samples 5, productive 5 (100.0%), vertices/sample 3.500
      qp 269.2 rows/call, 94% of calls reached the solver, 1115 calls
  vamp-rrtc     4/4       0.13/0.16/0.24          2978       16    11.50        -      -     0.0032      0/2380         0     0.0025       0
      primary samples 0, productive 0 (0.0%), vertices/sample 0.000

cage  (4 problems, 0 skipped: 0 clearance, 0 self-collision)
  rrtconnect    4/4     145.82/579.58/822.25      150155      896    24.32        -      -     0.0000      0/4719         0     0.0025       0
      primary samples 5196, productive 892 (17.2%), vertices/sample 0.181
  qp-fixed      4/4      68.80/311.43/388.32       23259      118    19.23   0.0090     0%     0.0000      0/6156         0     0.0025       0
      primary samples 95, productive 66 (69.5%), vertices/sample 1.824
      qp 272.0 rows/call, 88% of calls reached the solver, 62500 calls
  qp-plain      4/4      73.34/319.18/398.35       23259      118    19.23   0.0090     0%     0.0000      0/6156         0     0.0025       0
      primary samples 95, productive 66 (69.5%), vertices/sample 1.824
      qp 342.0 rows/call, 100% of calls reached the solver, 62500 calls
  qp-adapt      4/4      32.02/179.38/252.57       14203      118    19.26   0.0165    35%     0.0000      0/5199         0     0.0025       0
      primary samples 95, productive 66 (69.5%), vertices/sample 1.824
      qp 275.0 rows/call, 97% of calls reached the solver, 39454 calls
  qp-free       4/4    1643.63/2079.07/3246.13     267990      566    22.59   0.0037     0%     0.0023      0/8938         0     0.0021       0
      primary samples 2052, productive 542 (26.4%), vertices/sample 0.292
  free-env      4/4     206.40/877.23/901.86       44063     1854    28.61   0.0613    93%     0.0005      0/5357         0     0.0025       0
      primary samples 6898, productive 1807 (26.2%), vertices/sample 0.271
  qp-env        4/4      21.53/126.55/195.52        9202      116    19.35   0.0259    29%     0.0000      0/5012         0     0.0020       0
      primary samples 95, productive 66 (69.5%), vertices/sample 1.824
      qp 266.6 rows/call, 98% of calls reached the solver, 26389 calls
  vamp-rrtc     4/4       3.17/17.99/28.15       287084      980    21.43        -      -     0.0000      0/4191         0     0.0025       0
      primary samples 0, productive 0 (0.0%), vertices/sample 0.000

table_pick  (4 problems, 0 skipped: 0 clearance, 0 self-collision)
  rrtconnect    4/4       4.51/16.22/23.32         2826       16    10.06        -      -     0.0004      0/1938         0     0.0025       0
      primary samples 50, productive 12 (24.0%), vertices/sample 0.750
  qp-fixed      4/4       6.68/10.55/11.16          651        7     8.21   0.0135     0%     0.0005      0/2206         0     0.0025       0
      primary samples 1, productive 1 (100.0%), vertices/sample 7.000
      qp 267.3 rows/call, 50% of calls reached the solver, 2202 calls
  qp-plain      4/4       7.16/11.37/12.52          651        7     8.21   0.0135     0%     0.0005      0/2206         0     0.0025       0
      primary samples 1, productive 1 (100.0%), vertices/sample 7.000
      qp 342.0 rows/call, 100% of calls reached the solver, 2202 calls
  qp-adapt      4/4       0.73/3.85/6.02           228        7     8.21   0.0551    60%     0.0005      0/1787         0     0.0025       0
      primary samples 1, productive 1 (100.0%), vertices/sample 7.000
      qp 280.2 rows/call, 91% of calls reached the solver, 774 calls
  qp-free       4/4       6.28/77.34/92.07         7711       26    10.68   0.0050     0%     0.0022      0/3451         0     0.0025       0
      primary samples 56, productive 22 (39.3%), vertices/sample 0.571
  free-env      4/4       0.88/10.28/11.46          395       22    12.96   0.1159    97%     0.0023      0/2091         0     0.0025       0
      primary samples 37, productive 18 (48.6%), vertices/sample 0.595
  qp-env        4/4       0.41/2.76/4.30           158        7     8.21   0.1345    59%     0.0005      0/1639         0     0.0025       0
      primary samples 1, productive 1 (100.0%), vertices/sample 7.000
      qp 280.6 rows/call, 95% of calls reached the solver, 483 calls
  vamp-rrtc     4/4       0.05/0.32/1.44          3973       19    10.06        -      -     0.0013      0/1939         0     0.0025       0
      primary samples 0, productive 0 (0.0%), vertices/sample 0.000

table_under_pick  (4 problems, 0 skipped: 0 clearance, 0 self-collision)
  rrtconnect    4/4       7.02/11.63/27.10         2039       12    14.34        -      -     0.0015      0/2623         0     0.0011       0
      primary samples 95, productive 8 (8.4%), vertices/sample 0.462
  qp-fixed      4/4      23.35/33.38/108.52        1817       21    14.57   0.0114     0%     0.0007      0/4899         0     0.0002       0
      primary samples 5, productive 5 (100.0%), vertices/sample 5.000
      qp 298.5 rows/call, 76% of calls reached the solver, 10987 calls
  qp-plain      4/4      23.86/33.96/113.73        1817       21    14.57   0.0114     0%     0.0007      0/4899         0     0.0002       0
      primary samples 5, productive 5 (100.0%), vertices/sample 5.000
      qp 342.0 rows/call, 100% of calls reached the solver, 10987 calls
  qp-adapt      4/4       6.06/13.39/55.87          707       20    14.58   0.0293    56%     0.0007      0/4031         0     0.0002       0
      primary samples 5, productive 5 (100.0%), vertices/sample 5.000
      qp 291.0 rows/call, 93% of calls reached the solver, 5393 calls
  qp-free       4/4      70.72/117.66/118.74       11355       38    17.45   0.0043     0%     0.0018      0/6727         0     0.0007       0
      primary samples 74, productive 25 (33.8%), vertices/sample 0.543
  free-env      4/4       5.39/19.03/19.36          688       44    15.12   0.0807    96%     0.0006      0/3316         0     0.0002       0
      primary samples 86, productive 26 (30.2%), vertices/sample 0.598
  qp-env        4/4       2.91/10.81/37.17          546       17    14.57   0.0695    63%     0.0007      0/3612         0     0.0009       0
      primary samples 5, productive 5 (100.0%), vertices/sample 5.000
      qp 290.3 rows/call, 96% of calls reached the solver, 3152 calls
  vamp-rrtc     4/4       0.06/0.16/0.39          5873       10    11.37        -      -     0.0015      0/2394         0     0.0011       0
      primary samples 0, productive 0 (0.0%), vertices/sample 0.000

Hop disposition -- what set the hop's length, median over problems.
  row         floored(<1 step)    at region   edge-limited
  qp-fixed            100.0%         0.0%           0.0%
  qp-plain            100.0%         0.0%           0.0%
  qp-adapt             60.4%        41.8%           1.8%
  qp-free             100.0%         0.0%           0.0%
  free-env              2.6%        83.1%          13.6%
  qp-env               70.2%        29.4%           2.8%

Endpoint clearance at zero margin -- min(start, goal) over all spheres.
  scene                     min    median       max affordable   problems by margin
  bookshelf_small        0.0003    0.0055    0.0083    0.0003   0:100% 0.02:  0% 0.04:  0% 0.06:  0% 0.09:  0%
  bookshelf_tall         0.0029    0.0057    0.0069    0.0029   0:100% 0.02:  0% 0.04:  0% 0.06:  0% 0.09:  0%
  bookshelf_thin         0.0024    0.0046    0.0072    0.0024   0:100% 0.02:  0% 0.04:  0% 0.06:  0% 0.09:  0%
  box                    0.0127    0.0127    0.0127    0.0127   0:100% 0.02:  0% 0.04:  0% 0.06:  0% 0.09:  0%
  cage                   0.0101    0.0127    0.0127    0.0101   0:100% 0.02:  0% 0.04:  0% 0.06:  0% 0.09:  0%
  table_pick             0.0080    0.0080    0.0083    0.0080   0:100% 0.02:  0% 0.04:  0% 0.06:  0% 0.09:  0%
  table_under_pick       0.0064    0.0078    0.0079    0.0064   0:100% 0.02:  0% 0.04:  0% 0.06:  0% 0.09:  0%

all scenes  (28 problems, 0 skipped: 0 clearance, 0 self-collision)
  rrtconnect   28/28      2.87/22.09/901.61        4261       23    14.34        -      -     0.0000      0/20465        0     0.0000       0
      primary samples 83, productive 18 (21.7%), vertices/sample 0.293
  qp-fixed     28/28      4.92/24.98/388.32        1262       13    10.67   0.0123     0%     0.0000      0/26650        0     0.0001       0
      primary samples 3, productive 3 (100.0%), vertices/sample 4.500
      qp 268.1 rows/call, 61% of calls reached the solver, 98425 calls
  qp-plain     28/28      5.53/26.01/398.35        1262       13    10.67   0.0123     0%     0.0000      0/26650        0     0.0001       0
      primary samples 3, productive 3 (100.0%), vertices/sample 4.500
      qp 342.0 rows/call, 100% of calls reached the solver, 98425 calls
  qp-adapt     28/28      0.73/7.94/252.57         417       13    10.67   0.0293    43%     0.0000      0/22126        0     0.0000       0
      primary samples 3, productive 3 (100.0%), vertices/sample 4.333
      qp 275.9 rows/call, 91% of calls reached the solver, 56072 calls
  qp-free      28/28      6.28/92.07/3246.13       7923       30    14.63   0.0049     0%     0.0015      0/39493        0     0.0004       0
      primary samples 58, productive 22 (37.9%), vertices/sample 0.531
  free-env     28/28      0.88/13.31/901.86         571       29    15.12   0.0918    95%     0.0001      0/23360        0     0.0000       0
      primary samples 82, productive 22 (26.8%), vertices/sample 0.478
  qp-env       28/28      0.41/4.30/195.52         292       12    10.62   0.0463    33%     0.0000      0/20405        0     0.0000       0
      primary samples 3, productive 3 (100.0%), vertices/sample 4.143
      qp 277.4 rows/call, 95% of calls reached the solver, 36200 calls
  vamp-rrtc    28/28      0.04/0.27/28.15         4679       23    12.55        -      -     0.0000      0/19921        0     0.0002       0
      primary samples 0, productive 0 (0.0%), vertices/sample 0.000

"samples" is checked configurations for isSafe, barrier evaluations for
the three CBF rows, and SIMD configuration lanes evaluated for VAMP. They measure
sampling work, while wall time captures the very different per-sample costs.
"unsafe/audited" evaluates exact primitive clearance at every state of the
densified solution -- for each CBF row that is the rollout the planner recorded
for each edge, replayed, so it is the motion that would actually be executed,
sampled inside each step rather than only at its boundaries. Non-zero unsafe
invalidates a row however fast it was.
"missed" counts solution edges that were not on file and had to be
re-derived; it must be zero, or the audited motion is a different trajectory
from the one the planner found.


envelope hop: 10144 filter calls, 1.259 hold queries/call, 19.1% saturated, 100.0% longer than L1, past one step 95.6% (L1 alone 57.2%), gated 72.0%, empty-active 0.0%, screen-escalated 1.9%
envelope bottleneck: world 97.4%, self-collision 2.5%, unbound 0.1% (horizon or screen clip), blocked 0.0%, joint-limit clamped 0.0%
envelope binding term:
  world rows       L1 0.0%, local-L1 0.7%, speed-capped 3.6%, isotropic-anchored 95.8% (of 9878 bound calls)
  self-pair rows   L1 0.0%, local-L1 0.0%, speed-capped 0.0%, normal-anchored 100.0% (of 258 bound calls)
local-lever screen: 485359 of 803539 expensive world rows settled before the envelope (60.4%)
span handed to the rollout, in controller steps (36200 calls):
                   <1      1-2      2-4      4-8       8+
  L1 only      83.98%     7.37%     4.83%     2.22%     1.59%
  envelope     73.21%     4.92%     7.73%     7.13%     7.01%
=== CBF profiler (wall time) ===
=== CBF filter stats ===
  calls=0  unchanged=0 (0.0%)  filtered=0 (0.0%)  blocked=0 (0.0%)
  active rows:       avg=0.00  max=0
  zero-row fast path: 0 (0.0%)
  qp iterations:     avg=0.00  max=0
  certified duration: avg=0.00000s  min=0.00000s  max=0.00000s  (over 0 non-blocked calls)
  required gain:     avg=0.000/s  max=0.000/s  p50=0.000/s  p90=0.000/s  p99=0.000/s  (over 0 calls, 0 uncertified)
