
MotionBenchMaker UR5, 140 problems loaded, up to 20 per scene
voxel 0.030 m, margin 0.0020 m + 0.0020 m filter buffer, stepSize 0.010 s, range 1.00 rad, 10.0 s limit

hop certificates: old L1 Lipschitz region and new hold-time bound
Picard: off; trajectory prefixes: 0; sequential rollout budget: 0 calls
kappa 20.00 /s, certified step uncapped, self-collision margin 0.0000 m over 303 pairs
baseline segment: 0.000325 of extent = 0.0050 rad, rollout step 0.0050 rad (matched to the rollout)
rope shortcut off, all rows unsimplified

seed 1
  planner       solved ms(min/med/max)        samples vertices     path rad/call coarse  worst clr unsafe/audited missed worst self collide

bookshelf_small  (20 problems, 0 skipped: 0 clearance, 0 self-collision)
  rrtconnect   20/20      1.06/2.64/68.78         3189       18     9.82        -      -    -0.0047     30/11080        0     0.0025       0
      primary samples 31, productive 12 (38.7%), vertices/sample 0.613
  qp-fixed     20/20      0.65/2.38/9.38          1608       17     8.04   0.0062     0%    -0.0067   3040/26212        0     0.0025       0
      primary samples 3, productive 3 (100.0%), vertices/sample 5.667
  qp-adapt     20/20      0.14/2.09/9.94           953       17     8.04   0.0106    11%    -0.0067   3041/19307        0     0.0025       0
      primary samples 3, productive 3 (100.0%), vertices/sample 5.667
  qp-free      20/20      0.88/4.88/19.14         4632       38    10.74   0.0071     0%    -0.0016      5/33047        0     0.0025       0
      primary samples 104, productive 28 (26.9%), vertices/sample 0.509
  qp-env       20/20      0.14/2.16/10.18          912       17     8.04   0.0110     6%    -0.0067   3043/18351        0     0.0025       0
      primary samples 3, productive 3 (100.0%), vertices/sample 5.667
  vamp-rrtc    20/20      0.02/0.05/0.91          1018       19     9.71        -      -    -0.0014     30/10613        0     0.0017       0
      primary samples 0, productive 0 (0.0%), vertices/sample 0.000

bookshelf_tall  (20 problems, 0 skipped: 0 clearance, 0 self-collision)
  rrtconnect   20/20      1.59/4.58/32.14         5375       29    10.88        -      -    -0.0034     21/11486        0     0.0025       0
      primary samples 67, productive 23 (34.3%), vertices/sample 0.458
  qp-fixed     20/20      1.07/3.85/11.26         2325       17     8.69   0.0059     0%    -0.0054   3775/27670        0     0.0025       0
      primary samples 6, productive 5 (83.3%), vertices/sample 5.000
  qp-adapt     20/20      0.49/4.23/12.72         1955       17     8.69   0.0076     7%    -0.0054   3774/21312        0     0.0025       0
      primary samples 6, productive 5 (83.3%), vertices/sample 5.000
  qp-free      20/20      1.11/5.75/42.28         5341       44    11.45   0.0070     0%    -0.0009     12/35164        0     0.0025       0
      primary samples 96, productive 34 (35.4%), vertices/sample 0.468
  qp-env       20/20      0.44/5.19/12.27         2207       23     9.02   0.0080     4%    -0.0054   3945/21170        0     0.0025       0
      primary samples 6, productive 5 (83.3%), vertices/sample 4.333
  vamp-rrtc    20/20      0.02/0.10/1.17          1786       28    11.93        -      -    -0.0019     20/11842        0     0.0015       0
      primary samples 0, productive 0 (0.0%), vertices/sample 0.000

bookshelf_thin  (20 problems, 0 skipped: 0 clearance, 0 self-collision)
  rrtconnect   20/20      1.17/8.23/44.91         9628       49    12.18        -      -    -0.0016     10/12453        0     0.0025       0
      primary samples 197, productive 44 (22.3%), vertices/sample 0.277
  qp-fixed     20/20      0.83/3.55/12.83         2259       19     9.00   0.0060     0%    -0.0063   5160/28900        0     0.0025       0
      primary samples 3, productive 3 (100.0%), vertices/sample 4.000
  qp-adapt     20/20      0.17/3.28/14.49         1505       19     9.00   0.0084     6%    -0.0063   5155/21437        0     0.0025       0
      primary samples 3, productive 3 (100.0%), vertices/sample 4.000
  qp-free      20/20      1.39/8.33/209.02        8125       67    14.24   0.0070     0%    -0.0024     43/37913        0     0.0025       0
      primary samples 176, productive 58 (33.0%), vertices/sample 0.381
  qp-env       20/20      0.17/3.32/14.79         1387       19     9.00   0.0096     4%    -0.0063   5156/20739        0     0.0025       0
      primary samples 3, productive 3 (100.0%), vertices/sample 4.000
  vamp-rrtc    20/20      0.03/0.33/2.47          5104       70    13.13        -      -    -0.0015     11/12454        0     0.0007       0
      primary samples 0, productive 0 (0.0%), vertices/sample 0.000

box  (20 problems, 0 skipped: 0 clearance, 0 self-collision)
  rrtconnect   20/20      1.14/3.38/13.12         4045       22     8.93        -      -    -0.0029      4/10311        0     0.0025       0
      primary samples 37, productive 16 (43.2%), vertices/sample 0.632
  qp-fixed     20/20      0.74/1.24/10.02          988        9     6.00   0.0062     0%    -0.0039   1250/19810        0     0.0025       0
      primary samples 1, productive 1 (100.0%), vertices/sample 8.000
  qp-adapt     20/20      0.26/0.95/10.59          454        9     6.00   0.0126    10%    -0.0039   1252/12913        0     0.0025       0
      primary samples 1, productive 1 (100.0%), vertices/sample 8.000
  qp-free      20/20      1.99/4.56/13.25         4402       39    12.49   0.0072     0%     0.0006      0/35621        0     0.0025       0
      primary samples 53, productive 28 (52.8%), vertices/sample 0.658
  qp-env       20/20      0.27/0.99/10.71          439        9     6.00   0.0135     7%    -0.0040   1257/12467        0     0.0025       0
      primary samples 1, productive 1 (100.0%), vertices/sample 8.000
  vamp-rrtc    20/20      0.02/0.05/0.20          1031       19    11.09        -      -    -0.0012     18/11254        0     0.0025       0
      primary samples 0, productive 0 (0.0%), vertices/sample 0.000

cage  (20 problems, 0 skipped: 0 clearance, 0 self-collision)
  rrtconnect   20/20     16.60/113.30/306.83      132197      642    21.10        -      -    -0.0043     46/21498        0     0.0025       0
      primary samples 3721, productive 635 (17.1%), vertices/sample 0.171
  qp-fixed     20/20     39.65/90.47/207.82       50755      224    21.66   0.0045     0%    -0.0077   8160/69830        0     0.0010       0
      primary samples 183, productive 137 (74.9%), vertices/sample 1.264
  qp-adapt     20/20     44.83/106.14/238.01       46106      224    21.66   0.0050     2%    -0.0077   8164/59865        0     0.0010       0
      primary samples 183, productive 137 (74.9%), vertices/sample 1.264
  qp-free      20/20     29.54/98.09/226.00       92151      687    23.49   0.0068     0%    -0.0004     15/63327        0     0.0025       0
      primary samples 2899, productive 658 (22.7%), vertices/sample 0.237
  qp-env       20/20     45.72/104.67/242.96       45403      224    21.66   0.0050     1%    -0.0076   8165/58646        0     0.0010       0
      primary samples 183, productive 137 (74.9%), vertices/sample 1.264
  vamp-rrtc    20/20      0.22/7.61/50.86       105403     1101    20.29        -      -    -0.0020     58/19835        0     0.0004       0
      primary samples 0, productive 0 (0.0%), vertices/sample 0.000

table_pick  (20 problems, 0 skipped: 0 clearance, 0 self-collision)
  rrtconnect   20/20      0.60/1.96/8.40          2319       14     8.32        -      -    -0.0040     23/8341         0     0.0025       0
      primary samples 16, productive 9 (56.2%), vertices/sample 0.913
  qp-fixed     20/20      0.45/1.31/1.85          1262       10     7.33   0.0062     0%    -0.0066   1314/20451        0     0.0025       0
      primary samples 1, productive 1 (100.0%), vertices/sample 10.000
  qp-adapt     20/20      0.08/0.43/1.54           244       10     7.33   0.0264    31%    -0.0066   1314/9626         0     0.0025       0
      primary samples 1, productive 1 (100.0%), vertices/sample 10.000
  qp-free      20/20      1.25/3.52/9.59          3567       28    11.19   0.0071     0%    -0.0016     16/28466        0     0.0025       0
      primary samples 55, productive 23 (41.8%), vertices/sample 0.583
  qp-env       20/20      0.10/0.43/1.42           174       10     7.33   0.0369    24%    -0.0066   1307/8961         0     0.0025       0
      primary samples 1, productive 1 (100.0%), vertices/sample 10.000
  vamp-rrtc    20/20      0.02/0.07/0.36          1277       20     9.99        -      -    -0.0028     18/9203         0     0.0012       0
      primary samples 0, productive 0 (0.0%), vertices/sample 0.000

table_under_pick  (20 problems, 0 skipped: 0 clearance, 0 self-collision)
  rrtconnect   20/20      1.66/3.34/9.30          3912       22    12.18        -      -    -0.0038     26/11833        0     0.0025       0
      primary samples 47, productive 16 (34.0%), vertices/sample 0.467
  qp-fixed     20/20      1.72/17.32/49.19        10313       57    14.22   0.0051     0%    -0.0062   7671/48201        0     0.0025       0
      primary samples 30, productive 29 (96.7%), vertices/sample 2.444
  qp-adapt     20/20      1.26/19.77/56.72         9290       57    14.21   0.0057     4%    -0.0062   7659/41798        0     0.0025       0
      primary samples 30, productive 29 (96.7%), vertices/sample 2.444
  qp-free      20/20      1.89/4.87/23.35         4700       39    14.18   0.0070     0%    -0.0000      1/41114        0     0.0025       0
      primary samples 97, productive 32 (33.0%), vertices/sample 0.430
  qp-env       20/20      1.24/20.05/58.04         8929       57    14.21   0.0059     3%    -0.0062   7675/40649        0     0.0025       0
      primary samples 30, productive 29 (96.7%), vertices/sample 2.444
  vamp-rrtc    20/20      0.04/0.07/0.28          1720       22    12.01        -      -    -0.0009     11/11639        0     0.0025       0
      primary samples 0, productive 0 (0.0%), vertices/sample 0.000

Hop disposition -- what set the hop's length, median over problems.
  row         floored(<1 step)    at region   edge-limited
  qp-fixed            100.0%         0.0%           0.0%
  qp-adapt             93.2%         6.2%           0.4%
  qp-free             100.0%         0.0%           0.0%
  qp-env               95.7%         4.0%           0.5%

Endpoint clearance at zero margin -- min(start, goal) over all spheres.
  scene                     min    median       max affordable   problems by margin
  bookshelf_small        0.0027    0.0088    0.0126    0.0027   0:100% 0.02:  0% 0.04:  0% 0.06:  0% 0.09:  0%
  bookshelf_tall         0.0040    0.0075    0.0121    0.0040   0:100% 0.02:  0% 0.04:  0% 0.06:  0% 0.09:  0%
  bookshelf_thin         0.0045    0.0071    0.0122    0.0045   0:100% 0.02:  0% 0.04:  0% 0.06:  0% 0.09:  0%
  box                    0.0082    0.0127    0.0127    0.0082   0:100% 0.02:  0% 0.04:  0% 0.06:  0% 0.09:  0%
  cage                   0.0100    0.0127    0.0127    0.0100   0:100% 0.02:  0% 0.04:  0% 0.06:  0% 0.09:  0%
  table_pick             0.0085    0.0092    0.0101    0.0085   0:100% 0.02:  0% 0.04:  0% 0.06:  0% 0.09:  0%
  table_under_pick       0.0056    0.0090    0.0099    0.0056   0:100% 0.02:  0% 0.04:  0% 0.06:  0% 0.09:  0%

all scenes  (140 problems, 0 skipped: 0 clearance, 0 self-collision)
  rrtconnect  140/140     0.60/3.86/306.83        4510       25    11.30        -      -    -0.0047    160/87002        0     0.0025       0
      primary samples 48, productive 19 (39.6%), vertices/sample 0.444
  qp-fixed    140/140     0.45/3.12/207.82        2031       16     8.32   0.0057     0%    -0.0077  30370/241074       0     0.0010       0
      primary samples 4, productive 4 (100.0%), vertices/sample 4.250
  qp-adapt    140/140     0.08/3.23/238.01        1505       16     8.32   0.0079     7%    -0.0077  30359/186258       0     0.0010       0
      primary samples 4, productive 4 (100.0%), vertices/sample 4.250
  qp-free     140/140     0.88/5.33/226.00        5124       42    13.08   0.0070     0%    -0.0024     92/274652       0     0.0025       0
      primary samples 101, productive 34 (33.7%), vertices/sample 0.452
  qp-env      140/140     0.10/3.30/242.96        1442       17     8.54   0.0083     4%    -0.0076  30548/180983       0     0.0010       0
      primary samples 4, productive 4 (100.0%), vertices/sample 4.250
  vamp-rrtc   140/140     0.02/0.08/50.86         1727       25    11.60        -      -    -0.0028    166/86840        0     0.0004       0
      primary samples 0, productive 0 (0.0%), vertices/sample 0.000

"samples" is checked configurations for isSafe, barrier evaluations for
the three CBF rows, and SIMD configuration lanes evaluated for VAMP. They measure
sampling work, while wall time captures the very different per-sample costs.
"unsafe/audited" evaluates exact primitive clearance at every state of the
densified solution -- for each CBF row that is the rollout the planner recorded
for each edge, replayed, so it is the motion that would actually be executed,
sampled inside each step rather than only at its boundaries. Non-zero unsafe
invalidates a row however fast it was.
"missed" counts solution edges that were not on file and had to be
re-derived; it must be zero, or the audited motion is a different trajectory
from the one the planner found.


envelope hop: 20352 filter calls, 1.627 hold queries/call, 7.2% saturated, mean span gain 3.172x over L1, 100.0% longer than L1, past one step 95.8% (L1 alone 64.6%), gated 98.4%, empty-active 9.3%, screen-escalated 51.0%
envelope bottleneck: world 96.2%, self-collision 3.4%, unbound 0.4% (horizon or screen clip), blocked 0.0%, joint-limit clamped 0.1%
envelope cost: wrapped QP 2.218 us/call, certificate 0.037 us/call (1.7% on top), of which gate-rejected 0.015 us/call; 0.838 us per query run
envelope binding term:
  world rows       L1 0.0%, local-L1 1.6%, speed-capped 1.0%, isotropic-anchored 97.4% (of 19576 bound calls)
  self-pair rows   L1 0.0%, local-L1 0.0%, speed-capped 0.0%, normal-anchored 100.0% (of 697 bound calls)
local-lever screen: 152252 of 270997 expensive world rows settled before the envelope (56.2%)
span handed to the rollout, in controller steps (1263512 calls):
                   <1      1-2      2-4      4-8       8+
  L1 only      98.96%     0.37%     0.25%     0.17%     0.25%
  envelope     98.46%     0.33%     0.40%     0.29%     0.51%

hold certificate: 0 queries, 0.000 s total, 0.000 us/query, 0.00 self + 0.00 world expensive rows/query
=== CBF profiler (wall time) ===
=== CBF filter stats ===
  calls=0  unchanged=0 (0.0%)  filtered=0 (0.0%)  blocked=0 (0.0%)
  active rows:       avg=0.00  max=0
  zero-row fast path: 0 (0.0%)
  qp iterations:     avg=0.00  max=0
  certified duration: avg=0.00000s  min=0.00000s  max=0.00000s  (over 0 non-blocked calls)
  required gain:     avg=0.000/s  max=0.000/s  p50=0.000/s  p90=0.000/s  p99=0.000/s  (over 0 calls, 0 uncertified)
