
MotionBenchMaker UR5, 140 problems loaded, up to 20 per scene
voxel 0.030 m, margin 0.0040 m + 0.0050 m filter buffer, stepSize 0.010 s, range 1.00 rad, 10.0 s limit

hop certificates: old L1 Lipschitz region and new hold-time bound
Picard: off; trajectory prefixes: 0; sequential rollout budget: 0 calls
kappa 20.00 /s, certified step uncapped, self-collision margin 0.0000 m over 303 pairs
baseline segment: 0.000325 of extent = 0.0050 rad, rollout step 0.0050 rad (matched to the rollout)
rope shortcut off, all rows unsimplified

seed 1
  planner       solved ms(min/med/max)        samples vertices     path rad/call coarse  worst clr unsafe/audited missed worst self collide

bookshelf_small  (20 problems, 10 skipped: 10 clearance, 0 self-collision)
  rrtconnect   10/10      1.26/6.18/95.71         7069       37    12.23        -      -    -0.0013     20/6241         0     0.0025       0
      primary samples 111, productive 28 (25.2%), vertices/sample 0.426
  qp-fixed     10/10      0.89/1.99/9.41          1469       11     6.96   0.0062     0%    -0.0013     32/13229        0     0.0025       0
      primary samples 2, productive 2 (100.0%), vertices/sample 6.667
  qp-adapt     10/10      0.21/1.54/9.88           737       11     6.96   0.0137    12%    -0.0013     32/9855         0     0.0025       0
      primary samples 2, productive 2 (100.0%), vertices/sample 7.333
  l1-old        0/10   10000.02/10000.03/10000.07    1341858    76120     0.00   0.0377    51%          -              -      -          -       -
      primary samples 644783, productive 76118 (11.8%), vertices/sample 0.120
  qp-free      10/10      0.92/7.07/31.72         6597       53    14.91   0.0070     0%     0.0021      0/18441        0     0.0025       0
      primary samples 145, productive 42 (29.0%), vertices/sample 0.393
  qp-env       10/10      0.25/1.55/9.95           673       11     6.96   0.0145     8%    -0.0013     32/9541         0     0.0025       0
      primary samples 2, productive 2 (100.0%), vertices/sample 5.667
  vamp-rrtc    10/10      0.03/0.06/0.95          1018       20    11.58        -      -    -0.0034     64/5238         0     0.0025       0
      primary samples 0, productive 0 (0.0%), vertices/sample 0.000

bookshelf_tall  (20 problems, 13 skipped: 13 clearance, 0 self-collision)
  rrtconnect    7/7       2.60/4.97/14.84         5671       30    11.93        -      -    -0.0007      2/4330         0     0.0025       0
      primary samples 48, productive 23 (47.9%), vertices/sample 0.458
  qp-fixed      7/7       1.92/3.97/8.11          2337       15    10.01   0.0059     0%    -0.0007     28/11941        0     0.0025       0
      primary samples 6, productive 5 (83.3%), vertices/sample 4.222
  qp-adapt      7/7       1.98/4.31/8.26          1954       15    10.01   0.0075     7%    -0.0007     28/9142         0     0.0025       0
      primary samples 6, productive 5 (83.3%), vertices/sample 4.222
  l1-old        0/7    10000.01/10000.02/10000.05    1408942    75099     0.00   0.0358    51%          -              -      -          -       -
      primary samples 667027, productive 75097 (11.3%), vertices/sample 0.114
  qp-free       7/7       2.56/5.35/22.45         5004       41    16.06   0.0070     0%     0.0034      0/14666        0     0.0025       0
      primary samples 66, productive 31 (47.0%), vertices/sample 0.621
  qp-env        7/7       1.92/4.30/8.26          1875       15    10.01   0.0078     4%    -0.0007     28/8580         0     0.0025       0
      primary samples 6, productive 5 (83.3%), vertices/sample 5.500
  vamp-rrtc     7/7       0.06/0.11/0.56          1786       31    13.82        -      -    -0.0007      6/4637         0     0.0025       0
      primary samples 0, productive 0 (0.0%), vertices/sample 0.000

bookshelf_thin  (20 problems, 17 skipped: 17 clearance, 0 self-collision)
  rrtconnect    3/3       2.91/18.48/46.09        21125      104     9.83        -      -    -0.0002      7/1704         0     0.0025       0
      primary samples 437, productive 97 (22.2%), vertices/sample 0.238
  qp-fixed      3/3       0.91/1.10/1.66           731        8     5.02   0.0067     0%     0.0004      0/2460         0     0.0025       0
      primary samples 1, productive 1 (100.0%), vertices/sample 8.000
  qp-adapt      3/3       0.56/1.08/1.10           477        8     5.02   0.0151    11%     0.0004      0/1599         0     0.0025       0
      primary samples 1, productive 1 (100.0%), vertices/sample 8.000
  l1-old        0/3    10000.02/10000.05/10000.05    1323636    82896     0.00   0.0416    49%          -              -      -          -       -
      primary samples 654943, productive 82894 (12.7%), vertices/sample 0.127
  qp-free       3/3       3.01/17.02/392.99       16380      128    11.38   0.0067     0%     0.0040      0/4484         0     0.0025       0
      primary samples 478, productive 123 (25.7%), vertices/sample 0.268
  qp-env        3/3       0.62/1.11/1.16           469        8     5.02   0.0162     7%     0.0004      0/1571         0     0.0025       0
      primary samples 1, productive 1 (100.0%), vertices/sample 8.000
  vamp-rrtc     3/3       0.07/0.65/2.49         10205      129    10.00        -      -    -0.0002      7/1841         0     0.0007       0
      primary samples 0, productive 0 (0.0%), vertices/sample 0.000

box  (20 problems, 0 skipped: 0 clearance, 0 self-collision)
  rrtconnect   20/20      1.20/3.44/13.30         4045       22     8.93        -      -    -0.0023      7/10428        0     0.0025       0
      primary samples 37, productive 16 (43.2%), vertices/sample 0.632
  qp-fixed     20/20      0.76/1.61/9.98          1207       10     6.31   0.0059     0%    -0.0001      2/21373        0     0.0025       0
      primary samples 1, productive 1 (100.0%), vertices/sample 8.000
  qp-adapt     20/20      0.31/1.21/10.39          566       10     6.31   0.0114    10%    -0.0001      2/13999        0     0.0025       0
      primary samples 1, productive 1 (100.0%), vertices/sample 8.000
  l1-old       20/20      0.33/1.45/7887.31       1366       75    15.04   0.0548    80%     0.0088      0/17245        6     0.0025       0
      primary samples 226, productive 66 (29.2%), vertices/sample 0.335
  qp-free      20/20      1.98/5.77/12.60         5603       51    13.51   0.0072     0%     0.0042      0/37267        0     0.0025       0
      primary samples 98, productive 41 (41.8%), vertices/sample 0.561
  qp-env       20/20      0.31/1.21/10.31          552       10     6.31   0.0118     7%    -0.0001      2/13612        0     0.0025       0
      primary samples 1, productive 1 (100.0%), vertices/sample 8.000
  vamp-rrtc    20/20      0.02/0.05/0.20          1031       19    11.09        -      -    -0.0032     39/11254        0     0.0025       0
      primary samples 0, productive 0 (0.0%), vertices/sample 0.000

cage  (20 problems, 0 skipped: 0 clearance, 0 self-collision)
  rrtconnect   20/20      9.32/140.47/728.32      156951      764    23.35        -      -    -0.0037     39/23085        0     0.0025       0
      primary samples 4562, productive 756 (16.6%), vertices/sample 0.170
  qp-fixed     20/20     24.60/90.27/209.41       51246      225    21.63   0.0045     0%    -0.0017    230/69403        0     0.0011       0
      primary samples 185, productive 138 (74.6%), vertices/sample 1.246
  qp-adapt     20/20     27.65/101.50/238.81       45315      225    21.63   0.0050     3%    -0.0017    227/58841        0     0.0011       0
      primary samples 185, productive 138 (74.6%), vertices/sample 1.246
  l1-old       16/20    199.29/6238.01/10000.04    1043494    54877    30.20   0.0390    55%     0.0050      0/28498        5     0.0025       0
      primary samples 458185, productive 54785 (12.0%), vertices/sample 0.121
  qp-free      20/20     42.70/164.16/497.79      149383     1086    22.59   0.0068     0%     0.0033      0/62438        0     0.0025       0
      primary samples 5186, productive 1046 (20.2%), vertices/sample 0.208
  qp-env       20/20     27.88/103.31/239.12       44780      238    22.15   0.0051     2%    -0.0017    226/57966        0     0.0011       0
      primary samples 198, productive 142 (71.7%), vertices/sample 1.240
  vamp-rrtc    20/20      0.23/7.96/50.18       105403     1101    20.29        -      -    -0.0040    154/19835        0     0.0004       0
      primary samples 0, productive 0 (0.0%), vertices/sample 0.000

table_pick  (20 problems, 9 skipped: 9 clearance, 0 self-collision)
  rrtconnect   11/11      1.01/3.03/11.61         3454       18     8.96        -      -    -0.0038     25/5054         0     0.0025       0
      primary samples 26, productive 12 (46.2%), vertices/sample 0.692
  qp-fixed     11/11      0.50/1.03/2.11           924        8     5.28   0.0063     0%    -0.0003     20/10288        0     0.0025       0
      primary samples 1, productive 1 (100.0%), vertices/sample 8.000
  qp-adapt     11/11      0.09/0.51/2.11           248        8     5.28   0.0241    25%    -0.0004     21/5593         0     0.0025       0
      primary samples 1, productive 1 (100.0%), vertices/sample 8.000
  l1-old        0/11   10000.01/10000.03/10000.07    1334468    81662     0.00   0.0408    49%          -              -      -          -       -
      primary samples 660623, productive 81660 (12.4%), vertices/sample 0.124
  qp-free      11/11      3.29/10.66/25.99        10318       84    15.20   0.0070     0%     0.0034      0/20915        0     0.0025       0
      primary samples 247, productive 75 (30.4%), vertices/sample 0.316
  qp-env       11/11      0.16/0.58/2.07           232        8     5.28   0.0284    20%    -0.0006     24/5408         0     0.0025       0
      primary samples 1, productive 1 (100.0%), vertices/sample 8.000
  vamp-rrtc    11/11      0.02/0.07/0.38          1064       20     7.84        -      -    -0.0048     21/4371         0     0.0025       0
      primary samples 0, productive 0 (0.0%), vertices/sample 0.000

table_under_pick  (20 problems, 11 skipped: 11 clearance, 0 self-collision)
  rrtconnect    9/9       1.69/2.93/9.44          3337       19    11.30        -      -    -0.0041     10/5392         0     0.0025       0
      primary samples 48, productive 13 (27.1%), vertices/sample 0.404
  qp-fixed      9/9       1.62/9.56/32.06         5536       34    14.30   0.0052     0%    -0.0022    120/18902        0     0.0025       0
      primary samples 11, productive 10 (90.9%), vertices/sample 2.500
  qp-adapt      9/9       1.20/11.05/36.25         5097       34    14.30   0.0061     5%    -0.0022    119/15652        0     0.0025       0
      primary samples 11, productive 10 (90.9%), vertices/sample 2.500
  l1-old        0/9    10000.02/10000.03/10000.10    1367200    79330     0.00   0.0377    51%          -              -      -          -       -
      primary samples 655345, productive 79328 (12.1%), vertices/sample 0.118
  qp-free       9/9       1.82/6.61/26.09         6372       53    14.89   0.0069     0%     0.0036      0/18446        0     0.0025       0
      primary samples 153, productive 46 (30.1%), vertices/sample 0.273
  qp-env        9/9       1.25/11.03/36.46         4946       34    14.30   0.0062     3%    -0.0022    120/15337        0     0.0025       0
      primary samples 11, productive 10 (90.9%), vertices/sample 2.500
  vamp-rrtc     9/9       0.04/0.07/0.27          1720       22    12.01        -      -    -0.0026     17/5477         0     0.0025       0
      primary samples 0, productive 0 (0.0%), vertices/sample 0.000

Hop disposition -- what set the hop's length, median over problems.
  row         floored(<1 step)    at region   edge-limited
  qp-fixed            100.0%         0.0%           0.0%
  qp-adapt             93.5%         6.3%           0.4%
  l1-old                0.0%         0.0%           0.0%
  qp-free             100.0%         0.0%           0.0%
  qp-env               95.1%         4.3%           0.5%

Endpoint clearance at zero margin -- min(start, goal) over all spheres.
  scene                     min    median       max affordable   problems by margin
  bookshelf_small        0.0027    0.0088    0.0126    0.0027   0:100% 0.02:  0% 0.04:  0% 0.06:  0% 0.09:  0%
  bookshelf_tall         0.0040    0.0075    0.0121    0.0040   0:100% 0.02:  0% 0.04:  0% 0.06:  0% 0.09:  0%
  bookshelf_thin         0.0045    0.0071    0.0122    0.0045   0:100% 0.02:  0% 0.04:  0% 0.06:  0% 0.09:  0%
  box                    0.0082    0.0127    0.0127    0.0082   0:100% 0.02:  0% 0.04:  0% 0.06:  0% 0.09:  0%
  cage                   0.0100    0.0127    0.0127    0.0100   0:100% 0.02:  0% 0.04:  0% 0.06:  0% 0.09:  0%
  table_pick             0.0085    0.0092    0.0101    0.0085   0:100% 0.02:  0% 0.04:  0% 0.06:  0% 0.09:  0%
  table_under_pick       0.0056    0.0090    0.0099    0.0056   0:100% 0.02:  0% 0.04:  0% 0.06:  0% 0.09:  0%

all scenes  (140 problems, 60 skipped: 60 clearance, 0 self-collision)
  rrtconnect   80/80      1.01/6.13/728.32        7010       37    12.34        -      -    -0.0041    110/56234        0     0.0025       0
      primary samples 100, productive 28 (28.0%), vertices/sample 0.369
  qp-fixed     80/80      0.50/3.15/209.41        2030       15     8.31   0.0057     0%    -0.0022    432/147596       0     0.0011       0
      primary samples 4, productive 4 (100.0%), vertices/sample 3.750
  qp-adapt     80/80      0.09/3.09/238.81        1482       15     8.31   0.0079     7%    -0.0022    429/114681       0     0.0011       0
      primary samples 4, productive 4 (100.0%), vertices/sample 3.750
  l1-old       36/80      0.33/10000.01/10000.10    1320958    73337    20.49   0.0399    52%     0.0050      0/45743       11     0.0025       0
      primary samples 627547, productive 73335 (11.7%), vertices/sample 0.124
  qp-free      80/80      0.92/8.28/497.79        8050       66    16.03   0.0070     0%     0.0021      0/176657       0     0.0025       0
      primary samples 182, productive 56 (30.8%), vertices/sample 0.356
  qp-env       80/80      0.16/3.18/239.12        1413       15     8.31   0.0085     5%    -0.0022    432/112015       0     0.0011       0
      primary samples 4, productive 4 (100.0%), vertices/sample 4.000
  vamp-rrtc    80/80      0.02/0.10/50.18         1958       31    12.26        -      -    -0.0048    308/52653        0     0.0004       0
      primary samples 0, productive 0 (0.0%), vertices/sample 0.000

"samples" is checked configurations for isSafe, barrier evaluations for
the three CBF rows, and SIMD configuration lanes evaluated for VAMP. They measure
sampling work, while wall time captures the very different per-sample costs.
"unsafe/audited" evaluates exact primitive clearance at every state of the
densified solution -- for each CBF row that is the rollout the planner recorded
for each edge, replayed, so it is the motion that would actually be executed,
sampled inside each step rather than only at its boundaries. Non-zero unsafe
invalidates a row however fast it was.
"missed" counts solution edges that were not on file and had to be
re-derived; it must be zero, or the audited motion is a different trajectory
from the one the planner found.


envelope hop: 22618 filter calls, 1.353 hold queries/call, 3.2% saturated, mean span gain 2.189x over L1, 82.4% longer than L1, past one step 88.4% (L1 alone 68.3%), gated 97.9%, empty-active 8.8%, screen-escalated 31.1%
envelope bottleneck: world 72.4%, self-collision 27.5%, unbound 0.1% (horizon or screen clip), blocked 0.0%, joint-limit clamped 0.0%
envelope binding term:
  world rows       L1 0.2%, speed-capped 2.1%, isotropic-anchored 97.7% (of 16379 bound calls)
  self-pair rows   L1 77.2%, speed-capped 0.0%, normal-anchored 22.8% (of 6216 bound calls)
span handed to the rollout, in controller steps (1073031 calls):
                   <1      1-2      2-4      4-8       8+
  L1 only      98.56%     0.78%     0.23%     0.16%     0.27%
  envelope     98.14%     0.76%     0.39%     0.26%     0.45%
=== CBF profiler (wall time) ===
=== CBF filter stats ===
  calls=0  unchanged=0 (0.0%)  filtered=0 (0.0%)  blocked=0 (0.0%)
  active rows:       avg=0.00  max=0
  zero-row fast path: 0 (0.0%)
  qp iterations:     avg=0.00  max=0
  certified duration: avg=0.00000s  min=0.00000s  max=0.00000s  (over 0 non-blocked calls)
  required gain:     avg=0.000/s  max=0.000/s  p50=0.000/s  p90=0.000/s  p99=0.000/s  (over 0 calls, 0 uncertified)
