
MotionBenchMaker UR5, 140 problems loaded, up to 20 per scene
voxel 0.030 m, margin 0.0040 m + 0.0050 m filter buffer, stepSize 0.050 s, range 1.00 rad, 10.0 s limit

hop certificates: old L1 Lipschitz region and new hold-time bound
Picard: off; trajectory prefixes: 0; sequential rollout budget: 0 calls
kappa 20.00 /s, certified step uncapped, self-collision margin 0.0000 m over 303 pairs
baseline segment: 0.001624 of extent = 0.0250 rad, rollout step 0.0250 rad (matched to the rollout)
rope shortcut off, all rows unsimplified

seed 1
  planner       solved ms(min/med/max)        samples vertices     path rad/call coarse  worst clr unsafe/audited missed worst self collide

bookshelf_small  (20 problems, 10 skipped: 10 clearance, 0 self-collision)
  qp-adapt     10/10      0.10/0.38/2.23           177       11     6.97   0.0508    14%    -0.0010     13/5218         0     0.0025       0
      primary samples 2, productive 2 (100.0%), vertices/sample 8.000
  qp-free      10/10      0.18/1.57/5.13          1456       53    12.56   0.0312     0%     0.0021      0/8260         0     0.0025       0
      primary samples 168, productive 42 (25.0%), vertices/sample 0.356
  qp-env       10/10      0.11/0.41/2.43           165       11     6.97   0.0610    12%    -0.0010     13/5118         0     0.0025       0
      primary samples 2, productive 2 (100.0%), vertices/sample 8.000

bookshelf_tall  (20 problems, 13 skipped: 13 clearance, 0 self-collision)
  qp-adapt      7/7       0.48/0.82/1.81           345       15     9.43   0.0334     6%    -0.0006      9/4161         0     0.0025       0
      primary samples 2, productive 2 (100.0%), vertices/sample 5.500
  qp-free       7/7       0.46/1.23/4.43          1162       45    16.22   0.0320     0%     0.0024      0/6263         0     0.0025       0
      primary samples 68, productive 36 (52.9%), vertices/sample 0.529
  qp-env        7/7       0.50/0.83/2.04           329       15     9.43   0.0353     5%    -0.0006      9/4087         0     0.0025       0
      primary samples 2, productive 2 (100.0%), vertices/sample 5.500

bookshelf_thin  (20 problems, 17 skipped: 17 clearance, 0 self-collision)
  qp-adapt      3/3       0.17/0.26/0.31           112        8     5.04   0.0569    23%     0.0001      0/964          0     0.0025       0
      primary samples 1, productive 1 (100.0%), vertices/sample 8.000
  qp-free       3/3       0.64/2.54/117.20        2351       82    11.41   0.0309     0%     0.0029      0/1881         0     0.0025       0
      primary samples 260, productive 76 (29.2%), vertices/sample 0.315
  qp-env        3/3       0.17/0.28/0.32           107        8     5.04   0.0642    21%     0.0001      0/952          0     0.0025       0
      primary samples 1, productive 1 (100.0%), vertices/sample 8.000

box  (20 problems, 0 skipped: 0 clearance, 0 self-collision)
  qp-adapt     20/20      0.11/0.29/1.52           132       10     6.22   0.0463    16%     0.0002      0/7770         0     0.0025       0
      primary samples 1, productive 1 (100.0%), vertices/sample 8.000
  qp-free      20/20      0.44/1.21/2.24          1125       44    12.24   0.0327     0%     0.0039      0/15151        0     0.0025       0
      primary samples 79, productive 33 (41.8%), vertices/sample 0.644
  qp-env       20/20      0.12/0.33/1.73           125       10     6.22   0.0499    14%     0.0002      0/7631         0     0.0025       0
      primary samples 1, productive 1 (100.0%), vertices/sample 8.000

cage  (20 problems, 0 skipped: 0 clearance, 0 self-collision)
  qp-adapt     20/20      6.16/17.79/48.17         7843      201    22.36   0.0237     3%    -0.0057    104/27909        0     0.0025       0
      primary samples 149, productive 118 (79.2%), vertices/sample 1.343
  qp-free      20/20     10.41/31.71/139.97       25245      809    20.53   0.0295     0%     0.0015      0/25626        0     0.0017       0
      primary samples 3481, productive 772 (22.2%), vertices/sample 0.231
  qp-env       20/20      6.84/19.90/53.13         7668      201    22.36   0.0243     3%    -0.0052    103/27615        0     0.0025       0
      primary samples 149, productive 118 (79.2%), vertices/sample 1.343

table_pick  (20 problems, 9 skipped: 9 clearance, 0 self-collision)
  qp-adapt     11/11      0.06/0.17/0.54            71        8     5.29   0.0744    30%     0.0002      0/3747         0     0.0025       0
      primary samples 1, productive 1 (100.0%), vertices/sample 8.000
  qp-free      11/11      0.69/1.80/6.24          1699       61    11.46   0.0316     0%     0.0024      0/7809         0     0.0025       0
      primary samples 181, productive 51 (28.2%), vertices/sample 0.326
  qp-env       11/11      0.07/0.16/0.54            62        8     5.29   0.0860    35%     0.0002      0/3693         0     0.0025       0
      primary samples 1, productive 1 (100.0%), vertices/sample 8.000

table_under_pick  (20 problems, 11 skipped: 11 clearance, 0 self-collision)
  qp-adapt      9/9       0.36/2.40/8.07          1112       33    14.33   0.0259     3%    -0.0019     50/7366         0     0.0025       0
      primary samples 11, productive 10 (90.9%), vertices/sample 3.000
  qp-free       9/9       0.40/1.54/7.00          1450       53    15.87   0.0301     0%     0.0024      0/8556         0     0.0025       0
      primary samples 207, productive 46 (22.2%), vertices/sample 0.256
  qp-env        9/9       0.37/2.65/8.89          1067       33    14.33   0.0271     5%    -0.0019     50/7266         0     0.0025       0
      primary samples 11, productive 10 (90.9%), vertices/sample 3.000

Hop disposition -- what set the hop's length, median over problems.
  row         floored(<1 step)    at region   edge-limited
  qp-adapt             90.7%         8.8%           1.1%
  qp-free             100.0%         0.0%           0.0%
  qp-env               91.4%         7.5%           1.4%

Endpoint clearance at zero margin -- min(start, goal) over all spheres.
  scene                     min    median       max affordable   problems by margin
  bookshelf_small        0.0027    0.0088    0.0126    0.0027   0:100% 0.02:  0% 0.04:  0% 0.06:  0% 0.09:  0%
  bookshelf_tall         0.0040    0.0075    0.0121    0.0040   0:100% 0.02:  0% 0.04:  0% 0.06:  0% 0.09:  0%
  bookshelf_thin         0.0045    0.0071    0.0122    0.0045   0:100% 0.02:  0% 0.04:  0% 0.06:  0% 0.09:  0%
  box                    0.0082    0.0127    0.0127    0.0082   0:100% 0.02:  0% 0.04:  0% 0.06:  0% 0.09:  0%
  cage                   0.0100    0.0127    0.0127    0.0100   0:100% 0.02:  0% 0.04:  0% 0.06:  0% 0.09:  0%
  table_pick             0.0085    0.0092    0.0101    0.0085   0:100% 0.02:  0% 0.04:  0% 0.06:  0% 0.09:  0%
  table_under_pick       0.0056    0.0090    0.0099    0.0056   0:100% 0.02:  0% 0.04:  0% 0.06:  0% 0.09:  0%

all scenes  (140 problems, 60 skipped: 60 clearance, 0 self-collision)
  qp-adapt     80/80      0.06/0.76/48.17          330       14     8.20   0.0347     9%    -0.0057    176/57135        0     0.0025       0
      primary samples 3, productive 3 (100.0%), vertices/sample 4.000
  qp-free      80/80      0.18/1.80/139.97        1699       61    14.11   0.0310     0%     0.0015      0/73546        0     0.0017       0
      primary samples 181, productive 51 (28.2%), vertices/sample 0.323
  qp-env       80/80      0.07/0.80/53.13          312       14     8.20   0.0372     8%    -0.0052    175/56362        0     0.0025       0
      primary samples 3, productive 3 (100.0%), vertices/sample 4.000

"samples" is checked configurations for isSafe, barrier evaluations for
the three CBF rows, and SIMD configuration lanes evaluated for VAMP. They measure
sampling work, while wall time captures the very different per-sample costs.
"unsafe/audited" evaluates exact primitive clearance at every state of the
densified solution -- for each CBF row that is the rollout the planner recorded
for each edge, replayed, so it is the motion that would actually be executed,
sampled inside each step rather than only at its boundaries. Non-zero unsafe
invalidates a row however fast it was.
"missed" counts solution edges that were not on file and had to be
re-derived; it must be zero, or the audited motion is a different trajectory
from the one the planner found.


envelope hop: 195150 filter calls, 1.032 hold queries/call, 0.1% saturated, mean span gain 3.527x over L1, 55.2% longer than L1, past one step 3.0% (L1 alone 1.8%), gated 0.0%, empty-active 1.2%, screen-escalated 3.1%
envelope bottleneck: world 87.1%, self-collision 12.9%, unbound 0.0% (horizon or screen clip), blocked 42.9%, joint-limit clamped 0.0%
envelope binding term:
  world rows       L1 0.0%, speed-capped 88.9%, isotropic-anchored 11.0% (of 102016 bound calls)
  self-pair rows   L1 47.5%, speed-capped 30.7%, normal-anchored 21.7% (of 9329 bound calls)
span handed to the rollout, in controller steps (195150 calls):
                   <1      1-2      2-4      4-8       8+
  L1 only      98.21%     0.68%     0.50%     0.34%     0.27%
  envelope     97.00%     1.13%     0.71%     0.49%     0.68%
=== CBF profiler (wall time) ===
=== CBF filter stats ===
  calls=0  unchanged=0 (0.0%)  filtered=0 (0.0%)  blocked=0 (0.0%)
  active rows:       avg=0.00  max=0
  zero-row fast path: 0 (0.0%)
  qp iterations:     avg=0.00  max=0
  certified duration: avg=0.00000s  min=0.00000s  max=0.00000s  (over 0 non-blocked calls)
  required gain:     avg=0.000/s  max=0.000/s  p50=0.000/s  p90=0.000/s  p99=0.000/s  (over 0 calls, 0 uncertified)
