
MotionBenchMaker UR5, 140 problems loaded, up to 20 per scene
voxel 0.030 m, margin 0.0040 m + 0.0050 m filter buffer, stepSize 0.010 s, range 1.00 rad, 10.0 s limit

hop certificates: old L1 Lipschitz region and new hold-time bound
Picard: off; trajectory prefixes: 0; sequential rollout budget: 0 calls
kappa 20.00 /s, certified step uncapped, self-collision margin 0.0000 m over 303 pairs
baseline segment: 0.000325 of extent = 0.0050 rad, rollout step 0.0050 rad (matched to the rollout)
rope shortcut off, all rows unsimplified

seed 1
  planner       solved ms(min/med/max)        samples vertices     path rad/call coarse  worst clr unsafe/audited missed worst self collide

bookshelf_small  (20 problems, 10 skipped: 10 clearance, 0 self-collision)
  qp-adapt     10/10      0.24/1.58/10.00          737       11     6.96   0.0137    12%    -0.0013     32/9855         0     0.0025       0
      primary samples 2, productive 2 (100.0%), vertices/sample 7.333
  qp-env       10/10      0.19/1.53/10.14          673       11     6.96   0.0145     8%    -0.0013     32/9541         0     0.0025       0
      primary samples 2, productive 2 (100.0%), vertices/sample 5.667

bookshelf_tall  (20 problems, 13 skipped: 13 clearance, 0 self-collision)
  qp-adapt      7/7       1.99/4.34/8.29          1954       15    10.01   0.0075     7%    -0.0007     28/9142         0     0.0025       0
      primary samples 6, productive 5 (83.3%), vertices/sample 4.222
  qp-env        7/7       1.91/4.34/8.40          1875       15    10.01   0.0078     4%    -0.0007     28/8580         0     0.0025       0
      primary samples 6, productive 5 (83.3%), vertices/sample 5.500

bookshelf_thin  (20 problems, 17 skipped: 17 clearance, 0 self-collision)
  qp-adapt      3/3       0.60/1.08/1.17           477        8     5.02   0.0151    11%     0.0004      0/1599         0     0.0025       0
      primary samples 1, productive 1 (100.0%), vertices/sample 8.000
  qp-env        3/3       0.58/1.08/1.15           469        8     5.02   0.0162     7%     0.0004      0/1571         0     0.0025       0
      primary samples 1, productive 1 (100.0%), vertices/sample 8.000

box  (20 problems, 0 skipped: 0 clearance, 0 self-collision)
  qp-adapt     20/20      0.34/1.27/10.80          566       10     6.31   0.0114    10%    -0.0001      2/13999        0     0.0025       0
      primary samples 1, productive 1 (100.0%), vertices/sample 8.000
  qp-env       20/20      0.33/1.28/10.87          552       10     6.31   0.0118     7%    -0.0001      2/13612        0     0.0025       0
      primary samples 1, productive 1 (100.0%), vertices/sample 8.000

cage  (20 problems, 0 skipped: 0 clearance, 0 self-collision)
  qp-adapt     20/20     27.73/101.81/239.90       45315      225    21.63   0.0050     3%    -0.0017    227/58841        0     0.0011       0
      primary samples 185, productive 138 (74.6%), vertices/sample 1.246
  qp-env       20/20     28.44/105.77/246.45       44780      238    22.15   0.0051     2%    -0.0017    226/57966        0     0.0011       0
      primary samples 198, productive 142 (71.7%), vertices/sample 1.240

table_pick  (20 problems, 9 skipped: 9 clearance, 0 self-collision)
  qp-adapt     11/11      0.11/0.54/2.14           248        8     5.28   0.0241    25%    -0.0004     21/5593         0     0.0025       0
      primary samples 1, productive 1 (100.0%), vertices/sample 8.000
  qp-env       11/11      0.11/0.53/2.08           232        8     5.28   0.0284    20%    -0.0006     24/5408         0     0.0025       0
      primary samples 1, productive 1 (100.0%), vertices/sample 8.000

table_under_pick  (20 problems, 11 skipped: 11 clearance, 0 self-collision)
  qp-adapt      9/9       1.28/11.16/36.61         5097       34    14.30   0.0061     5%    -0.0022    119/15652        0     0.0025       0
      primary samples 11, productive 10 (90.9%), vertices/sample 2.500
  qp-env        9/9       1.26/11.18/37.20         4946       34    14.30   0.0062     3%    -0.0022    120/15337        0     0.0025       0
      primary samples 11, productive 10 (90.9%), vertices/sample 2.500

Hop disposition -- what set the hop's length, median over problems.
  row         floored(<1 step)    at region   edge-limited
  qp-adapt             93.5%         6.3%           0.4%
  qp-env               95.1%         4.3%           0.5%

Endpoint clearance at zero margin -- min(start, goal) over all spheres.
  scene                     min    median       max affordable   problems by margin
  bookshelf_small        0.0027    0.0088    0.0126    0.0027   0:100% 0.02:  0% 0.04:  0% 0.06:  0% 0.09:  0%
  bookshelf_tall         0.0040    0.0075    0.0121    0.0040   0:100% 0.02:  0% 0.04:  0% 0.06:  0% 0.09:  0%
  bookshelf_thin         0.0045    0.0071    0.0122    0.0045   0:100% 0.02:  0% 0.04:  0% 0.06:  0% 0.09:  0%
  box                    0.0082    0.0127    0.0127    0.0082   0:100% 0.02:  0% 0.04:  0% 0.06:  0% 0.09:  0%
  cage                   0.0100    0.0127    0.0127    0.0100   0:100% 0.02:  0% 0.04:  0% 0.06:  0% 0.09:  0%
  table_pick             0.0085    0.0092    0.0101    0.0085   0:100% 0.02:  0% 0.04:  0% 0.06:  0% 0.09:  0%
  table_under_pick       0.0056    0.0090    0.0099    0.0056   0:100% 0.02:  0% 0.04:  0% 0.06:  0% 0.09:  0%

all scenes  (140 problems, 60 skipped: 60 clearance, 0 self-collision)
  qp-adapt     80/80      0.11/3.15/239.90        1482       15     8.31   0.0079     7%    -0.0022    429/114681       0     0.0011       0
      primary samples 4, productive 4 (100.0%), vertices/sample 3.750
  qp-env       80/80      0.11/3.19/246.45        1413       15     8.31   0.0085     5%    -0.0022    432/112015       0     0.0011       0
      primary samples 4, productive 4 (100.0%), vertices/sample 4.000

"samples" is checked configurations for isSafe, barrier evaluations for
the three CBF rows, and SIMD configuration lanes evaluated for VAMP. They measure
sampling work, while wall time captures the very different per-sample costs.
"unsafe/audited" evaluates exact primitive clearance at every state of the
densified solution -- for each CBF row that is the rollout the planner recorded
for each edge, replayed, so it is the motion that would actually be executed,
sampled inside each step rather than only at its boundaries. Non-zero unsafe
invalidates a row however fast it was.
"missed" counts solution edges that were not on file and had to be
re-derived; it must be zero, or the audited motion is a different trajectory
from the one the planner found.


envelope hop: 22618 filter calls, 1.353 hold queries/call, 3.2% saturated, mean span gain 2.189x over L1, 82.4% longer than L1, past one step 88.4% (L1 alone 68.3%), gated 97.9%, empty-active 8.8%, screen-escalated 31.1%
envelope bottleneck: world 72.4%, self-collision 27.5%, unbound 0.1% (horizon or screen clip), blocked 0.0%, joint-limit clamped 0.0%
envelope cost: wrapped QP 2.253 us/call, certificate 0.032 us/call (1.4% on top), of which gate-rejected 0.015 us/call; 0.573 us per query run
envelope binding term:
  world rows       L1 0.2%, speed-capped 2.1%, isotropic-anchored 97.7% (of 16379 bound calls)
  self-pair rows   L1 77.2%, speed-capped 0.0%, normal-anchored 22.8% (of 6216 bound calls)
span handed to the rollout, in controller steps (1073031 calls):
                   <1      1-2      2-4      4-8       8+
  L1 only      98.56%     0.78%     0.23%     0.16%     0.27%
  envelope     98.14%     0.76%     0.39%     0.26%     0.45%

hold certificate: 0 queries, 0.000 s total, 0.000 us/query, 0.00 self + 0.00 world expensive rows/query
=== CBF profiler (wall time) ===
=== CBF filter stats ===
  calls=0  unchanged=0 (0.0%)  filtered=0 (0.0%)  blocked=0 (0.0%)
  active rows:       avg=0.00  max=0
  zero-row fast path: 0 (0.0%)
  qp iterations:     avg=0.00  max=0
  certified duration: avg=0.00000s  min=0.00000s  max=0.00000s  (over 0 non-blocked calls)
  required gain:     avg=0.000/s  max=0.000/s  p50=0.000/s  p90=0.000/s  p99=0.000/s  (over 0 calls, 0 uncertified)
