
MotionBenchMaker UR5, 140 problems loaded, up to 20 per scene
voxel 0.030 m, margin 0.0040 m + 0.0050 m filter buffer, stepSize 0.010 s, range 1.00 rad, 10.0 s limit

hop certificates: old L1 Lipschitz region and new hold-time bound
Picard: off; trajectory prefixes: 0; sequential rollout budget: 0 calls
kappa 20.00 /s, certified step uncapped, self-collision margin 0.0000 m over 303 pairs
baseline segment: 0.000325 of extent = 0.0050 rad, rollout step 0.0050 rad (matched to the rollout)
rope shortcut off, all rows unsimplified

seed 1
  planner       solved ms(min/med/max)        samples vertices     path rad/call coarse  worst clr unsafe/audited missed worst self collide

bookshelf_small  (20 problems, 10 skipped: 10 clearance, 0 self-collision)
  rrtconnect   10/10      1.20/5.98/93.05         7069       37    12.23        -      -    -0.0013     20/6241         0     0.0025       0
      primary samples 111, productive 28 (25.2%), vertices/sample 0.426
  qp-fixed     10/10      0.86/1.91/9.38          1469       11     6.96   0.0062     0%    -0.0013     32/13229        0     0.0025       0
      primary samples 2, productive 2 (100.0%), vertices/sample 6.667
  qp-adapt     10/10      0.21/1.54/9.80           737       11     6.96   0.0137    12%    -0.0013     32/9855         0     0.0025       0
      primary samples 2, productive 2 (100.0%), vertices/sample 7.333
  l1-old        0/10   10000.01/10000.02/10000.08    1378386    78013     0.00   0.0376    51%          -              -      -          -       -
      primary samples 666051, productive 78011 (11.7%), vertices/sample 0.120
  qp-free      10/10      0.91/7.01/31.63         6597       53    14.91   0.0070     0%     0.0021      0/18441        0     0.0025       0
      primary samples 145, productive 42 (29.0%), vertices/sample 0.393
  qp-env       10/10      0.22/1.56/9.96           675       11     6.96   0.0139    12%    -0.0013     39/9592         0     0.0025       0
      primary samples 2, productive 2 (100.0%), vertices/sample 5.667
  vamp-rrtc    10/10      0.02/0.05/0.96          1018       20    11.58        -      -    -0.0034     64/5238         0     0.0025       0
      primary samples 0, productive 0 (0.0%), vertices/sample 0.000

bookshelf_tall  (20 problems, 13 skipped: 13 clearance, 0 self-collision)
  rrtconnect    7/7       2.52/4.82/14.51         5671       30    11.93        -      -    -0.0007      2/4330         0     0.0025       0
      primary samples 48, productive 23 (47.9%), vertices/sample 0.458
  qp-fixed      7/7       1.91/3.91/7.97          2337       15    10.01   0.0059     0%    -0.0007     28/11941        0     0.0025       0
      primary samples 6, productive 5 (83.3%), vertices/sample 4.222
  qp-adapt      7/7       1.94/4.35/8.27          1954       15    10.01   0.0075     7%    -0.0007     28/9142         0     0.0025       0
      primary samples 6, productive 5 (83.3%), vertices/sample 4.222
  l1-old        0/7    10000.01/10000.03/10000.04    1436584    76534     0.00   0.0357    51%          -              -      -          -       -
      primary samples 683681, productive 76531 (11.2%), vertices/sample 0.114
  qp-free       7/7       2.55/5.13/22.48         5004       41    16.06   0.0070     0%     0.0034      0/14666        0     0.0025       0
      primary samples 66, productive 31 (47.0%), vertices/sample 0.621
  qp-env        7/7       1.94/4.34/8.52          1890       15    10.01   0.0079     8%    -0.0007     29/8881         0     0.0025       0
      primary samples 6, productive 5 (83.3%), vertices/sample 4.222
  vamp-rrtc     7/7       0.06/0.10/0.57          1786       31    13.82        -      -    -0.0007      6/4637         0     0.0025       0
      primary samples 0, productive 0 (0.0%), vertices/sample 0.000

bookshelf_thin  (20 problems, 17 skipped: 17 clearance, 0 self-collision)
  rrtconnect    3/3       2.73/17.32/43.11        21125      104     9.83        -      -    -0.0002      7/1704         0     0.0025       0
      primary samples 437, productive 97 (22.2%), vertices/sample 0.238
  qp-fixed      3/3       0.87/1.07/1.59           731        8     5.02   0.0067     0%     0.0004      0/2460         0     0.0025       0
      primary samples 1, productive 1 (100.0%), vertices/sample 8.000
  qp-adapt      3/3       0.55/1.02/1.06           477        8     5.02   0.0151    11%     0.0004      0/1599         0     0.0025       0
      primary samples 1, productive 1 (100.0%), vertices/sample 8.000
  l1-old        0/3    10000.02/10000.03/10000.04    1348740    84736     0.00   0.0415    49%          -              -      -          -       -
      primary samples 666183, productive 84734 (12.7%), vertices/sample 0.126
  qp-free       3/3       2.93/16.33/380.06       16380      128    11.38   0.0067     0%     0.0040      0/4484         0     0.0025       0
      primary samples 478, productive 123 (25.7%), vertices/sample 0.268
  qp-env        3/3       0.63/1.07/1.12           473        8     5.02   0.0156    11%     0.0004      0/1583         0     0.0025       0
      primary samples 1, productive 1 (100.0%), vertices/sample 8.000
  vamp-rrtc     3/3       0.07/0.63/2.40         10205      129    10.00        -      -    -0.0002      7/1841         0     0.0007       0
      primary samples 0, productive 0 (0.0%), vertices/sample 0.000

box  (20 problems, 0 skipped: 0 clearance, 0 self-collision)
  rrtconnect   20/20      1.19/3.43/13.33         4045       22     8.93        -      -    -0.0023      7/10428        0     0.0025       0
      primary samples 37, productive 16 (43.2%), vertices/sample 0.632
  qp-fixed     20/20      0.78/1.68/10.11         1207       10     6.31   0.0059     0%    -0.0001      2/21373        0     0.0025       0
      primary samples 1, productive 1 (100.0%), vertices/sample 8.000
  qp-adapt     20/20      0.32/1.26/10.68          566       10     6.31   0.0114    10%    -0.0001      2/13999        0     0.0025       0
      primary samples 1, productive 1 (100.0%), vertices/sample 8.000
  l1-old       20/20      0.33/1.50/7950.46       1366       75    15.04   0.0548    80%     0.0088      0/17245        6     0.0025       0
      primary samples 226, productive 66 (29.2%), vertices/sample 0.335
  qp-free      20/20      2.01/5.98/13.00         5603       51    13.51   0.0072     0%     0.0042      0/37267        0     0.0025       0
      primary samples 98, productive 41 (41.8%), vertices/sample 0.561
  qp-env       20/20      0.32/1.27/10.64          559       10     6.32   0.0117    10%    -0.0001      2/13710        0     0.0025       0
      primary samples 1, productive 1 (100.0%), vertices/sample 8.000
  vamp-rrtc    20/20      0.02/0.05/0.21          1031       19    11.09        -      -    -0.0032     39/11254        0     0.0025       0
      primary samples 0, productive 0 (0.0%), vertices/sample 0.000

cage  (20 problems, 0 skipped: 0 clearance, 0 self-collision)
  rrtconnect   20/20      9.13/137.32/710.05      156951      764    23.35        -      -    -0.0037     39/23085        0     0.0025       0
      primary samples 4562, productive 756 (16.6%), vertices/sample 0.170
  qp-fixed     20/20     24.78/90.12/209.33       51246      225    21.63   0.0045     0%    -0.0017    230/69403        0     0.0011       0
      primary samples 185, productive 138 (74.6%), vertices/sample 1.246
  qp-adapt     20/20     27.76/102.26/239.42       45315      225    21.63   0.0050     3%    -0.0017    227/58841        0     0.0011       0
      primary samples 185, productive 138 (74.6%), vertices/sample 1.246
  l1-old       13/20    198.58/6284.58/10000.07    1043494    54877    30.20   0.0392    55%     0.0051      0/22877        3     0.0025       0
      primary samples 458185, productive 54785 (12.0%), vertices/sample 0.121
  qp-free      20/20     42.68/165.73/500.91      149383     1086    22.59   0.0068     0%     0.0033      0/62438        0     0.0025       0
      primary samples 5186, productive 1046 (20.2%), vertices/sample 0.208
  qp-env       20/20     28.14/111.05/242.32       44598      238    22.15   0.0051     3%    -0.0017    232/57851        0     0.0011       0
      primary samples 198, productive 142 (71.7%), vertices/sample 1.240
  vamp-rrtc    20/20      0.24/7.93/50.07       105403     1101    20.29        -      -    -0.0040    154/19835        0     0.0004       0
      primary samples 0, productive 0 (0.0%), vertices/sample 0.000

table_pick  (20 problems, 9 skipped: 9 clearance, 0 self-collision)
  rrtconnect   11/11      0.94/2.89/10.87         3454       18     8.96        -      -    -0.0038     25/5054         0     0.0025       0
      primary samples 26, productive 12 (46.2%), vertices/sample 0.692
  qp-fixed     11/11      0.47/1.03/2.08           924        8     5.28   0.0063     0%    -0.0003     20/10288        0     0.0025       0
      primary samples 1, productive 1 (100.0%), vertices/sample 8.000
  qp-adapt     11/11      0.09/0.50/2.03           248        8     5.28   0.0241    25%    -0.0004     21/5593         0     0.0025       0
      primary samples 1, productive 1 (100.0%), vertices/sample 8.000
  l1-old        0/11   10000.01/10000.03/10000.04    1316306    80365     0.00   0.0409    49%          -              -      -          -       -
      primary samples 649351, productive 80363 (12.4%), vertices/sample 0.124
  qp-free      11/11      3.22/10.35/26.14        10318       84    15.20   0.0070     0%     0.0034      0/20915        0     0.0025       0
      primary samples 247, productive 75 (30.4%), vertices/sample 0.316
  qp-env       11/11      0.13/0.58/2.13           242        8     5.28   0.0271    25%    -0.0003     20/5465         0     0.0025       0
      primary samples 1, productive 1 (100.0%), vertices/sample 8.000
  vamp-rrtc    11/11      0.02/0.07/0.36          1064       20     7.84        -      -    -0.0048     21/4371         0     0.0025       0
      primary samples 0, productive 0 (0.0%), vertices/sample 0.000

table_under_pick  (20 problems, 11 skipped: 11 clearance, 0 self-collision)
  rrtconnect    9/9       1.58/2.90/9.20          3337       19    11.30        -      -    -0.0041     10/5392         0     0.0025       0
      primary samples 48, productive 13 (27.1%), vertices/sample 0.404
  qp-fixed      9/9       1.62/9.49/30.83         5536       34    14.30   0.0052     0%    -0.0022    120/18902        0     0.0025       0
      primary samples 11, productive 10 (90.9%), vertices/sample 2.500
  qp-adapt      9/9       1.19/11.04/35.24         5097       34    14.30   0.0061     5%    -0.0022    119/15652        0     0.0025       0
      primary samples 11, productive 10 (90.9%), vertices/sample 2.500
  l1-old        0/9    10000.01/10000.03/10000.09    1401639    80909     0.00   0.0375    50%          -              -      -          -       -
      primary samples 674023, productive 80907 (12.0%), vertices/sample 0.118
  qp-free       9/9       1.80/6.54/26.24         6372       53    14.89   0.0069     0%     0.0036      0/18446        0     0.0025       0
      primary samples 153, productive 46 (30.1%), vertices/sample 0.273
  qp-env        9/9       1.32/11.09/36.78         4984       34    14.30   0.0062     4%    -0.0022    120/15382        0     0.0025       0
      primary samples 11, productive 10 (90.9%), vertices/sample 2.500
  vamp-rrtc     9/9       0.04/0.07/0.27          1720       22    12.01        -      -    -0.0026     17/5477         0     0.0025       0
      primary samples 0, productive 0 (0.0%), vertices/sample 0.000

Hop disposition -- what set the hop's length, median over problems.
  row         floored(<1 step)    at region   edge-limited
  qp-fixed            100.0%         0.0%           0.0%
  qp-adapt             93.5%         6.3%           0.4%
  l1-old                0.0%         0.0%           0.0%
  qp-free             100.0%         0.0%           0.0%
  qp-env               93.4%         6.1%           0.5%

Endpoint clearance at zero margin -- min(start, goal) over all spheres.
  scene                     min    median       max affordable   problems by margin
  bookshelf_small        0.0027    0.0088    0.0126    0.0027   0:100% 0.02:  0% 0.04:  0% 0.06:  0% 0.09:  0%
  bookshelf_tall         0.0040    0.0075    0.0121    0.0040   0:100% 0.02:  0% 0.04:  0% 0.06:  0% 0.09:  0%
  bookshelf_thin         0.0045    0.0071    0.0122    0.0045   0:100% 0.02:  0% 0.04:  0% 0.06:  0% 0.09:  0%
  box                    0.0082    0.0127    0.0127    0.0082   0:100% 0.02:  0% 0.04:  0% 0.06:  0% 0.09:  0%
  cage                   0.0100    0.0127    0.0127    0.0100   0:100% 0.02:  0% 0.04:  0% 0.06:  0% 0.09:  0%
  table_pick             0.0085    0.0092    0.0101    0.0085   0:100% 0.02:  0% 0.04:  0% 0.06:  0% 0.09:  0%
  table_under_pick       0.0056    0.0090    0.0099    0.0056   0:100% 0.02:  0% 0.04:  0% 0.06:  0% 0.09:  0%

all scenes  (140 problems, 60 skipped: 60 clearance, 0 self-collision)
  rrtconnect   80/80      0.94/5.98/710.05        7010       37    12.34        -      -    -0.0041    110/56234        0     0.0025       0
      primary samples 100, productive 28 (28.0%), vertices/sample 0.369
  qp-fixed     80/80      0.47/3.09/209.33        2030       15     8.31   0.0057     0%    -0.0022    432/147596       0     0.0011       0
      primary samples 4, productive 4 (100.0%), vertices/sample 3.750
  qp-adapt     80/80      0.09/3.10/239.42        1482       15     8.31   0.0079     7%    -0.0022    429/114681       0     0.0011       0
      primary samples 4, productive 4 (100.0%), vertices/sample 3.750
  l1-old       33/80      0.33/10000.01/10000.09    1309138    72375    18.35   0.0399    52%     0.0051      0/40122        9     0.0025       0
      primary samples 619439, productive 72297 (11.7%), vertices/sample 0.124
  qp-free      80/80      0.91/8.53/500.91        8050       66    16.03   0.0070     0%     0.0021      0/176657       0     0.0025       0
      primary samples 182, productive 56 (30.8%), vertices/sample 0.356
  qp-env       80/80      0.13/3.20/242.32        1449       15     8.31   0.0084     7%    -0.0022    442/112464       0     0.0011       0
      primary samples 4, productive 4 (100.0%), vertices/sample 3.750
  vamp-rrtc    80/80      0.02/0.10/50.07         1958       31    12.26        -      -    -0.0048    308/52653        0     0.0004       0
      primary samples 0, productive 0 (0.0%), vertices/sample 0.000

"samples" is checked configurations for isSafe, barrier evaluations for
the three CBF rows, and SIMD configuration lanes evaluated for VAMP. They measure
sampling work, while wall time captures the very different per-sample costs.
"unsafe/audited" evaluates exact primitive clearance at every state of the
densified solution -- for each CBF row that is the rollout the planner recorded
for each edge, replayed, so it is the motion that would actually be executed,
sampled inside each step rather than only at its boundaries. Non-zero unsafe
invalidates a row however fast it was.
"missed" counts solution edges that were not on file and had to be
re-derived; it must be zero, or the audited motion is a different trajectory
from the one the planner found.


envelope hop: 134552 filter calls, 1.012 hold queries/call, 1.2% saturated, mean span gain 5.453x over L1, 79.8% longer than L1, past one step 23.1% (L1 alone 15.9%), gated 87.4%, empty-active 3.6%
envelope bottleneck: world 70.9%, self-collision 19.5%, unbound 9.6% (horizon or screen clip), blocked 0.0%, joint-limit clamped 0.0%
envelope binding term:
  world rows       L1 0.0%, speed-capped 70.7%, isotropic-anchored 29.3% (of 95400 bound calls)
  self-pair rows   L1 88.8%, speed-capped 0.0%, normal-anchored 11.2% (of 26267 bound calls)
span handed to the rollout, in controller steps (1071307 calls):
                   <1      1-2      2-4      4-8       8+
  L1 only      98.00%     0.81%     0.33%     0.34%     0.52%
  envelope     97.09%     1.00%     0.52%     0.86%     0.52%
=== CBF profiler (wall time) ===
=== CBF filter stats ===
  calls=0  unchanged=0 (0.0%)  filtered=0 (0.0%)  blocked=0 (0.0%)
  active rows:       avg=0.00  max=0
  zero-row fast path: 0 (0.0%)
  qp iterations:     avg=0.00  max=0
  certified duration: avg=0.00000s  min=0.00000s  max=0.00000s  (over 0 non-blocked calls)
  required gain:     avg=0.000/s  max=0.000/s  p50=0.000/s  p90=0.000/s  p99=0.000/s  (over 0 calls, 0 uncertified)
