
MotionBenchMaker UR5, 689 problems loaded, up to 100 per scene
voxel 0.003 m, margin 0.0000 m + 0.0000 m filter buffer, stepSize 0.001 s, range 2.00 rad, 10.0 s limit

hop certificates: old L1 Lipschitz region and new hold-time bound
Picard: off; trajectory prefixes: 0; sequential rollout budget: 10000 calls
kappa 20.00 /s, certified step uncapped, self-collision margin 0.0000 m over 303 pairs
baseline segment: 0.000650 of extent = 0.0100 rad, rollout step 0.0100 rad (matched to the rollout)
rope shortcut off, all rows unsimplified

seed 1
  planner       solved ms(min/med/max)        samples vertices     path rad/call coarse  worst clr unsafe/audited missed worst self collide

bookshelf_small  (4 problems, 0 skipped: 0 clearance, 0 self-collision)
  rrtconnect    4/4       5.96/28.39/45.08        11262       55    14.18        -      -     0.0006      0/2477         0     0.0014       0
      primary samples 270, productive 52 (19.3%), vertices/sample 0.228
  qp-fixed      4/4       6.65/12.80/95.64         1425       12    14.19   0.0126     0%     0.0003      0/3999         0     0.0002       0
      primary samples 4, productive 4 (100.0%), vertices/sample 3.667
      qp 282.9 rows/call, 85% of calls reached the solver, 13423 calls
  qp-plain      4/4       7.45/12.97/98.62         1425       12    14.19   0.0126     0%     0.0003      0/3999         0     0.0002       0
      primary samples 4, productive 4 (100.0%), vertices/sample 3.667
      qp 343.0 rows/call, 100% of calls reached the solver, 13423 calls
  qp-adapt      4/4       0.68/8.26/74.37          921       12    14.20   0.0258    47%     0.0003      0/3339         0     0.0002       0
      primary samples 4, productive 4 (100.0%), vertices/sample 3.667
      qp 285.7 rows/call, 97% of calls reached the solver, 8878 calls
  qp-free       4/4      18.50/75.48/164.82       14375       42    19.07   0.0049     0%     0.0011      0/5282         0     0.0001       0
      primary samples 116, productive 36 (31.0%), vertices/sample 0.396
  free-env      4/4       2.94/19.36/24.70         1416       62    19.76   0.0842    98%     0.0034      0/3282         0     0.0001       0
      primary samples 191, productive 57 (29.8%), vertices/sample 0.329
  qp-env        4/4       0.43/5.18/69.37          544       12    14.22   0.0410    28%     0.0002      0/2978         0     0.0001       0
      primary samples 4, productive 4 (100.0%), vertices/sample 3.667
      qp 285.8 rows/call, 98% of calls reached the solver, 7388 calls
  vamp-rrtc     4/4       0.05/0.41/0.47         16508       55    14.18        -      -     0.0006      0/2477         0     0.0014       0
      primary samples 0, productive 0 (0.0%), vertices/sample 0.000

bookshelf_tall  (4 problems, 0 skipped: 0 clearance, 0 self-collision)
  rrtconnect    4/4      10.69/96.51/252.58       20925      107    11.79        -      -     0.0011      0/2782         0     0.0025       0
      primary samples 526, productive 104 (19.8%), vertices/sample 0.352
  qp-fixed      4/4       6.28/44.25/84.82         3257       22    16.61   0.0106     0%     0.0003      0/4801         0     0.0003       0
      primary samples 12, productive 8 (66.7%), vertices/sample 2.000
      qp 304.1 rows/call, 77% of calls reached the solver, 12720 calls
  qp-plain      4/4       6.42/45.43/82.95         3257       22    16.61   0.0106     0%     0.0003      0/4801         0     0.0003       0
      primary samples 12, productive 8 (66.7%), vertices/sample 2.000
      qp 343.0 rows/call, 100% of calls reached the solver, 12720 calls
  qp-adapt      4/4       2.17/28.14/52.57         2045       22    16.59   0.0219    41%     0.0003      0/3905         0     0.0003       0
      primary samples 12, productive 8 (66.7%), vertices/sample 2.000
      qp 314.2 rows/call, 94% of calls reached the solver, 7375 calls
  qp-free       4/4      48.58/126.69/236.88       17234       63    18.87   0.0054     0%     0.0017      0/7046         0     0.0006       0
      primary samples 135, productive 50 (37.0%), vertices/sample 0.467
  free-env      4/4       7.78/23.41/70.63         1088       70    16.22   0.0967    96%     0.0002      0/3338         0     0.0025       0
      primary samples 155, productive 58 (37.4%), vertices/sample 0.452
  qp-env        4/4       0.78/22.40/31.14         1501       19    18.80   0.0395    39%     0.0003      0/3656         0     0.0003       0
      primary samples 12, productive 8 (66.7%), vertices/sample 1.789
      qp 312.5 rows/call, 97% of calls reached the solver, 4340 calls
  vamp-rrtc     4/4       0.07/0.95/2.65         28350      113    11.79        -      -     0.0011      0/2782         0     0.0025       0
      primary samples 0, productive 0 (0.0%), vertices/sample 0.000

bookshelf_thin  (4 problems, 0 skipped: 0 clearance, 0 self-collision)
  rrtconnect    4/4      12.42/62.29/78.00         9732       50    17.63        -      -     0.0024      0/2785         0     0.0011       0
      primary samples 160, productive 46 (28.8%), vertices/sample 0.400
  qp-fixed      4/4       6.37/26.94/106.36        1655       17    10.33   0.0116     0%     0.0002      0/3329         0     0.0011       0
      primary samples 6, productive 4 (66.7%), vertices/sample 5.000
      qp 257.1 rows/call, 86% of calls reached the solver, 9352 calls
  qp-plain      4/4       6.58/27.59/111.96        1655       17    10.33   0.0116     0%     0.0002      0/3329         0     0.0011       0
      primary samples 6, productive 4 (66.7%), vertices/sample 5.000
      qp 343.0 rows/call, 100% of calls reached the solver, 9352 calls
  qp-adapt      4/4       1.45/15.04/66.46         1053       16    10.36   0.0186    40%     0.0002      0/2878         0     0.0011       0
      primary samples 6, productive 4 (66.7%), vertices/sample 5.000
      qp 253.9 rows/call, 96% of calls reached the solver, 5902 calls
  qp-free       4/4      27.83/199.76/412.38       21628       55    13.10   0.0051     0%     0.0041      0/4236         0     0.0016       0
      primary samples 171, productive 47 (27.5%), vertices/sample 0.667
  free-env      4/4       4.57/32.92/74.43         1237       62    14.56   0.0881    97%     0.0019      0/2636         0     0.0006       0
      primary samples 171, productive 47 (27.5%), vertices/sample 0.458
  qp-env        4/4       0.74/13.79/49.48          841       20     9.31   0.0304    23%     0.0002      0/2393         0     0.0008       0
      primary samples 6, productive 5 (83.3%), vertices/sample 5.000
      qp 252.2 rows/call, 98% of calls reached the solver, 4158 calls
  vamp-rrtc     4/4       0.08/0.45/0.61         10817       52    17.63        -      -     0.0024      0/2785         0     0.0011       0
      primary samples 0, productive 0 (0.0%), vertices/sample 0.000

box  (4 problems, 0 skipped: 0 clearance, 0 self-collision)
  rrtconnect    4/4       5.33/6.93/17.64         2785       16    14.17        -      -     0.0092      0/2515         0     0.0025       0
      primary samples 37, productive 12 (32.4%), vertices/sample 0.593
  qp-fixed      4/4       3.52/5.91/7.74           716        7     8.82   0.0136     0%     0.0003      0/2277         0     0.0025       0
      primary samples 2, productive 2 (100.0%), vertices/sample 6.000
      qp 244.6 rows/call, 58% of calls reached the solver, 2584 calls
  qp-plain      4/4       3.83/6.12/8.28           716        7     8.82   0.0136     0%     0.0003      0/2277         0     0.0025       0
      primary samples 2, productive 2 (100.0%), vertices/sample 6.000
      qp 343.0 rows/call, 100% of calls reached the solver, 2584 calls
  qp-adapt      4/4       0.40/2.89/3.01           338        7     8.83   0.0563    99%     0.0003      0/1825         0     0.0025       0
      primary samples 2, productive 2 (100.0%), vertices/sample 6.000
      qp 252.4 rows/call, 85% of calls reached the solver, 892 calls
  qp-free       4/4      14.79/22.57/27.98         4441       21    16.71   0.0063     0%     0.0044      0/5684         0     0.0025       0
      primary samples 21, productive 15 (71.4%), vertices/sample 1.143
  free-env      4/4       1.99/2.89/8.37           203       21    17.05   0.1351    99%     0.0014      0/3368         0     0.0025       0
      primary samples 21, productive 15 (71.4%), vertices/sample 1.071
  qp-env        4/4       0.26/2.28/2.43           254        7     8.83   0.1001    97%     0.0003      0/1724         0     0.0025       0
      primary samples 2, productive 2 (100.0%), vertices/sample 6.000
      qp 248.6 rows/call, 87% of calls reached the solver, 608 calls
  vamp-rrtc     4/4       0.04/0.07/0.16          2401       16    14.17        -      -     0.0092      0/2537         0     0.0025       0
      primary samples 0, productive 0 (0.0%), vertices/sample 0.000

cage  (4 problems, 0 skipped: 0 clearance, 0 self-collision)
  rrtconnect    4/4      36.03/41.60/502.53       15296       78    20.34        -      -     0.0002      0/3402         0     0.0025       0
      primary samples 342, productive 74 (21.6%), vertices/sample 0.225
  qp-fixed      4/4      24.36/251.66/315.48       28199      141    20.79   0.0088     0%     0.0000      0/8033         0     0.0005       0
      primary samples 111, productive 78 (70.3%), vertices/sample 1.297
      qp 275.7 rows/call, 86% of calls reached the solver, 81981 calls
  qp-plain      4/4      25.17/259.30/321.23       28199      141    20.79   0.0088     0%     0.0000      0/8033         0     0.0005       0
      primary samples 111, productive 78 (70.3%), vertices/sample 1.297
      qp 343.0 rows/call, 100% of calls reached the solver, 81981 calls
  qp-adapt      4/4      14.77/168.47/212.69       19123      143    20.84   0.0138    30%     0.0000      0/6203         0     0.0005       0
      primary samples 111, productive 78 (70.3%), vertices/sample 1.306
      qp 274.2 rows/call, 97% of calls reached the solver, 53733 calls
  qp-free       4/4     387.85/1848.31/5261.48     364558      790    19.17   0.0036     0%     0.0021      0/7562         0     0.0025       0
      primary samples 2704, productive 764 (28.3%), vertices/sample 0.271
  free-env      4/4      68.35/112.23/194.29        8342      345    23.26   0.0681    94%     0.0002      0/4652         0     0.0000       0
      primary samples 1193, productive 332 (27.8%), vertices/sample 0.290
  qp-env        4/4       8.22/138.49/160.55       14533      143    20.96   0.0176    33%     0.0000      0/5671         0     0.0004       0
      primary samples 111, productive 78 (70.3%), vertices/sample 1.288
      qp 270.2 rows/call, 99% of calls reached the solver, 40369 calls
  vamp-rrtc     4/4       0.46/0.64/11.84        25966       82    20.34        -      -     0.0035      0/3760         0     0.0025       0
      primary samples 0, productive 0 (0.0%), vertices/sample 0.000

table_pick  (4 problems, 0 skipped: 0 clearance, 0 self-collision)
  rrtconnect    4/4       4.15/7.30/21.48         1985       11     8.77        -      -     0.0022      0/1860         0     0.0025       0
      primary samples 20, productive 7 (35.0%), vertices/sample 0.900
  qp-fixed      4/4       3.35/5.38/6.79           542        6     6.13   0.0140     0%     0.0061      0/1956         0     0.0025       0
      primary samples 1, productive 1 (100.0%), vertices/sample 6.000
      qp 227.5 rows/call, 19% of calls reached the solver, 1952 calls
  qp-plain      4/4       3.80/5.88/7.51           542        6     6.13   0.0140     0%     0.0061      0/1956         0     0.0025       0
      primary samples 1, productive 1 (100.0%), vertices/sample 6.000
      qp 343.0 rows/call, 100% of calls reached the solver, 1952 calls
  qp-adapt      4/4       0.32/0.61/0.66            70        6     6.14   0.1081    85%     0.0061      0/1333         0     0.0025       0
      primary samples 1, productive 1 (100.0%), vertices/sample 6.000
      qp 259.3 rows/call, 60% of calls reached the solver, 240 calls
  qp-free       4/4       7.58/22.03/61.91         3586       18     9.55   0.0072     0%     0.0028      0/2697         0     0.0025       0
      primary samples 25, productive 13 (52.0%), vertices/sample 0.720
  free-env      4/4       1.25/3.56/10.58          200       17     9.68   0.1290    97%     0.0028      0/1772         0     0.0025       0
      primary samples 25, productive 12 (48.0%), vertices/sample 0.680
  qp-env        4/4       0.25/0.33/0.37            34        6     6.16   0.2192   100%     0.0061      0/1271         0     0.0025       0
      primary samples 1, productive 1 (100.0%), vertices/sample 6.000
      qp 259.2 rows/call, 65% of calls reached the solver, 124 calls
  vamp-rrtc     4/4       0.04/0.06/0.17          1754       11     8.77        -      -     0.0022      0/1860         0     0.0025       0
      primary samples 0, productive 0 (0.0%), vertices/sample 0.000

table_under_pick  (5 problems, 0 skipped: 0 clearance, 0 self-collision)
  rrtconnect    5/5       4.20/6.96/12.84         1905       12    15.61        -      -     0.0012      0/3837         0     0.0007       0
      primary samples 26, productive 7 (26.9%), vertices/sample 0.378
  qp-fixed      5/5       8.27/18.81/25.92         1669       14     9.59   0.0118     0%     0.0004      0/3571         0     0.0001       0
      primary samples 4, productive 4 (100.0%), vertices/sample 3.500
      qp 285.1 rows/call, 86% of calls reached the solver, 7293 calls
  qp-plain      5/5       8.08/19.49/26.13         1669       14     9.59   0.0118     0%     0.0004      0/3571         0     0.0001       0
      primary samples 4, productive 4 (100.0%), vertices/sample 3.500
      qp 343.0 rows/call, 100% of calls reached the solver, 7293 calls
  qp-adapt      5/5       1.31/9.76/14.02          919       14     9.59   0.0223    33%     0.0004      0/3083         0     0.0001       0
      primary samples 4, productive 4 (100.0%), vertices/sample 3.500
      qp 284.4 rows/call, 93% of calls reached the solver, 3854 calls
  qp-free       5/5      14.49/32.81/103.58        5165       24    13.13   0.0051     0%     0.0027      0/5386         0     0.0003       0
      primary samples 38, productive 14 (36.8%), vertices/sample 0.632
  free-env      5/5       2.24/6.76/10.60          383       18    13.29   0.0763    96%     0.0002      0/3548         0     0.0000       0
      primary samples 47, productive 14 (29.8%), vertices/sample 0.500
  qp-env        5/5       0.55/6.79/9.86           607       14     9.65   0.0423    45%     0.0003      0/2759         0     0.0007       0
      primary samples 4, productive 4 (100.0%), vertices/sample 3.500
      qp 283.4 rows/call, 94% of calls reached the solver, 2206 calls
  vamp-rrtc     5/5       0.03/0.06/0.11          1866       12    15.61        -      -     0.0012      0/3808         0     0.0010       0
      primary samples 0, productive 0 (0.0%), vertices/sample 0.000

Hop disposition -- what set the hop's length, median over problems.
  row         floored(<1 step)    at region   edge-limited
  qp-fixed            100.0%         0.0%           0.0%
  qp-plain            100.0%         0.0%           0.0%
  qp-adapt             59.9%        38.9%           1.2%
  qp-free             100.0%         0.0%           0.0%
  free-env              1.9%        83.3%          13.8%
  qp-env               66.8%        32.2%           2.5%

Endpoint clearance at zero margin -- min(start, goal) over all spheres.
  scene                     min    median       max affordable   problems by margin
  bookshelf_small        0.0043    0.0082    0.0102    0.0043   0:100% 0.02:  0% 0.04:  0% 0.06:  0% 0.09:  0%
  bookshelf_tall         0.0044    0.0058    0.0102    0.0044   0:100% 0.02:  0% 0.04:  0% 0.06:  0% 0.09:  0%
  bookshelf_thin         0.0063    0.0067    0.0069    0.0063   0:100% 0.02:  0% 0.04:  0% 0.06:  0% 0.09:  0%
  box                    0.0127    0.0127    0.0127    0.0127   0:100% 0.02:  0% 0.04:  0% 0.06:  0% 0.09:  0%
  cage                   0.0035    0.0127    0.0127    0.0035   0:100% 0.02:  0% 0.04:  0% 0.06:  0% 0.09:  0%
  table_pick             0.0079    0.0080    0.0082    0.0079   0:100% 0.02:  0% 0.04:  0% 0.06:  0% 0.09:  0%
  table_under_pick       0.0078    0.0081    0.0083    0.0078   0:100% 0.02:  0% 0.04:  0% 0.06:  0% 0.09:  0%

all scenes  (29 problems, 0 skipped: 0 clearance, 0 self-collision)
  rrtconnect   29/29      4.15/16.02/502.53        3392       19    14.17        -      -     0.0002      0/19658        0     0.0007       0
      primary samples 54, productive 15 (27.8%), vertices/sample 0.378
  qp-fixed     29/29      3.35/12.80/315.48        1266       12     9.85   0.0116     0%     0.0000      0/27966        0     0.0001       0
      primary samples 3, productive 3 (100.0%), vertices/sample 3.500
      qp 263.1 rows/call, 70% of calls reached the solver, 129305 calls
  qp-plain     29/29      3.80/12.97/321.23        1266       12     9.85   0.0116     0%     0.0000      0/27966        0     0.0001       0
      primary samples 3, productive 3 (100.0%), vertices/sample 3.500
      qp 343.0 rows/call, 100% of calls reached the solver, 129305 calls
  qp-adapt     29/29      0.32/8.26/212.69         631       11     9.86   0.0223    40%     0.0000      0/22566        0     0.0001       0
      primary samples 3, productive 3 (100.0%), vertices/sample 3.500
      qp 274.2 rows/call, 92% of calls reached the solver, 80874 calls
  qp-free      29/29      7.58/51.87/5261.48       8253       30    15.53   0.0051     0%     0.0011      0/37893        0     0.0001       0
      primary samples 54, productive 19 (35.2%), vertices/sample 0.514
  free-env     29/29      1.25/9.24/194.29         499       25    14.56   0.0881    96%     0.0002      0/22596        0     0.0000       0
      primary samples 63, productive 19 (30.2%), vertices/sample 0.458
  qp-env       29/29      0.25/5.18/160.55         398       11     9.65   0.0395    33%     0.0000      0/20452        0     0.0001       0
      primary samples 3, productive 3 (100.0%), vertices/sample 3.500
      qp 272.2 rows/call, 94% of calls reached the solver, 59193 calls
  vamp-rrtc    29/29      0.03/0.13/11.84         3338       19    14.17        -      -     0.0006      0/20009        0     0.0010       0
      primary samples 0, productive 0 (0.0%), vertices/sample 0.000

"samples" is checked configurations for isSafe, barrier evaluations for
the three CBF rows, and SIMD configuration lanes evaluated for VAMP. They measure
sampling work, while wall time captures the very different per-sample costs.
"unsafe/audited" evaluates exact primitive clearance at every state of the
densified solution -- for each CBF row that is the rollout the planner recorded
for each edge, replayed, so it is the motion that would actually be executed,
sampled inside each step rather than only at its boundaries. Non-zero unsafe
invalidates a row however fast it was.
"missed" counts solution edges that were not on file and had to be
re-derived; it must be zero, or the audited motion is a different trajectory
from the one the planner found.


envelope hop: 14937 filter calls, 1.186 hold queries/call, 14.6% saturated, 100.0% longer than L1, past one step 89.9% (L1 alone 53.7%), gated 74.8%, empty-active 0.0%, screen-escalated 1.3%
envelope bottleneck: world 97.9%, self-collision 2.0%, unbound 0.1% (horizon or screen clip), blocked 0.0%, joint-limit clamped 0.0%
envelope binding term:
  world rows       L1 0.0%, local-L1 0.5%, speed-capped 8.4%, isotropic-anchored 91.1% (of 14627 bound calls)
  self-pair rows   L1 0.0%, local-L1 0.0%, speed-capped 0.3%, normal-anchored 99.7% (of 293 bound calls)
local-lever screen: 269383 of 446730 expensive world rows settled before the envelope (60.3%)
span handed to the rollout, in controller steps (59192 calls):
                   <1      1-2      2-4      4-8       8+
  L1 only      86.45%     7.26%     3.56%     1.58%     1.15%
  envelope     77.31%     6.81%     6.29%     4.81%     4.78%
=== CBF profiler (wall time) ===
=== CBF filter stats ===
  calls=0  unchanged=0 (0.0%)  filtered=0 (0.0%)  blocked=0 (0.0%)
  active rows:       avg=0.00  max=0
  zero-row fast path: 0 (0.0%)
  qp iterations:     avg=0.00  max=0
  certified duration: avg=0.00000s  min=0.00000s  max=0.00000s  (over 0 non-blocked calls)
  required gain:     avg=0.000/s  max=0.000/s  p50=0.000/s  p90=0.000/s  p99=0.000/s  (over 0 calls, 0 uncertified)
