
MotionBenchMaker UR5, 689 problems loaded, up to 100 per scene
voxel 0.003 m, margin 0.0000 m + 0.0000 m filter buffer, stepSize 0.001 s, range 2.00 rad, 10.0 s limit

hop certificates: old L1 Lipschitz region and new hold-time bound
Picard: off; trajectory prefixes: 0; sequential rollout budget: 10000 calls
kappa 20.00 /s, certified step uncapped, self-collision margin 0.0000 m over 303 pairs
baseline segment: 0.000650 of extent = 0.0100 rad, rollout step 0.0100 rad (matched to the rollout)
rope shortcut off, all rows unsimplified

seed 1
  planner       solved ms(min/med/max)        samples vertices     path rad/call coarse  worst clr unsafe/audited missed worst self collide

bookshelf_small  (4 problems, 0 skipped: 0 clearance, 0 self-collision)
  rrtconnect    4/4       3.17/18.99/20.81         4944       26    12.70        -      -     0.0008      0/2391         0     0.0022       0
      primary samples 98, productive 22 (22.4%), vertices/sample 0.396
  qp-fixed      4/4       6.42/10.19/47.77          725        9     9.75   0.0134     0%     0.0002      0/2884         0     0.0016       0
      primary samples 2, productive 2 (100.0%), vertices/sample 7.000
      qp 284.5 rows/call, 84% of calls reached the solver, 5304 calls
  qp-plain      4/4       6.57/10.32/49.05          725        9     9.75   0.0134     0%     0.0002      0/2884         0     0.0016       0
      primary samples 2, productive 2 (100.0%), vertices/sample 7.000
      qp 343.0 rows/call, 100% of calls reached the solver, 5304 calls
  qp-adapt      4/4       1.59/6.54/31.17          471       12     9.77   0.0303    71%     0.0002      0/2761         0     0.0016       0
      primary samples 2, productive 2 (100.0%), vertices/sample 7.000
      qp 298.2 rows/call, 96% of calls reached the solver, 3025 calls
  qp-free       4/4      12.25/89.34/361.65       10840       39    19.66   0.0058     0%     0.0008      0/6848         0     0.0006       0
      primary samples 65, productive 31 (47.7%), vertices/sample 0.706
  free-env      4/4       2.04/12.33/23.11          599       36    19.57   0.1108    97%     0.0035      0/3715         0     0.0000       0
      primary samples 65, productive 29 (44.6%), vertices/sample 0.604
  qp-env        4/4       0.77/9.07/16.15          616       28    10.21   0.1487    52%     0.0001      0/2488         0     0.0018       0
      primary samples 6, productive 5 (83.3%), vertices/sample 4.667
      qp 303.9 rows/call, 96% of calls reached the solver, 1772 calls
  vamp-rrtc     4/4       0.05/0.27/0.37          5208       26    12.70        -      -     0.0008      0/2391         0     0.0022       0
      primary samples 0, productive 0 (0.0%), vertices/sample 0.000

bookshelf_tall  (4 problems, 0 skipped: 0 clearance, 0 self-collision)
  rrtconnect    4/4      15.06/98.12/312.51       13099       67    21.03        -      -     0.0024      0/3741         0     0.0002       0
      primary samples 294, productive 63 (21.4%), vertices/sample 0.271
  qp-fixed      4/4      12.13/73.20/104.93        3441       26    16.23   0.0121     0%     0.0002      0/4951         0     0.0013       0
      primary samples 12, productive 11 (91.7%), vertices/sample 7.000
      qp 296.3 rows/call, 76% of calls reached the solver, 9688 calls
  qp-plain      4/4      12.26/73.63/105.86        3441       26    16.23   0.0121     0%     0.0002      0/4951         0     0.0013       0
      primary samples 12, productive 11 (91.7%), vertices/sample 7.000
      qp 343.0 rows/call, 100% of calls reached the solver, 9688 calls
  qp-adapt      4/4       4.98/42.45/48.25         2149       25    16.27   0.0274    36%     0.0002      0/3998         0     0.0013       0
      primary samples 12, productive 11 (91.7%), vertices/sample 7.000
      qp 303.9 rows/call, 93% of calls reached the solver, 5136 calls
  qp-free       4/4      72.12/334.66/477.00       28332       76    14.78   0.0048     0%     0.0015      0/4961         0     0.0012       0
      primary samples 215, productive 70 (32.6%), vertices/sample 0.487
  free-env      4/4      13.64/51.21/73.46         1465       76    19.35   0.0776    96%     0.0004      0/3655         0     0.0000       0
      primary samples 236, productive 70 (29.7%), vertices/sample 0.330
  qp-env        4/4       3.16/27.48/37.48         1276       25    16.31   0.0470    29%     0.0002      0/3556         0     0.0012       0
      primary samples 12, productive 11 (91.7%), vertices/sample 7.000
      qp 303.4 rows/call, 97% of calls reached the solver, 3322 calls
  vamp-rrtc     4/4       0.15/1.01/4.28         15478       70    21.03        -      -     0.0024      0/3740         0     0.0005       0
      primary samples 0, productive 0 (0.0%), vertices/sample 0.000

bookshelf_thin  (4 problems, 0 skipped: 0 clearance, 0 self-collision)
  rrtconnect    4/4      80.13/502.06/809.80       50259      251    17.88        -      -     0.0028      0/3226         0     0.0025       0
      primary samples 1288, productive 248 (19.3%), vertices/sample 0.281
  qp-fixed      4/4       9.65/28.46/35.13         1108       10     9.97   0.0131     0%     0.0001      0/2471         0     0.0025       0
      primary samples 4, productive 4 (100.0%), vertices/sample 5.000
      qp 267.4 rows/call, 43% of calls reached the solver, 3409 calls
  qp-plain      4/4      10.05/29.50/36.61         1108       10     9.97   0.0131     0%     0.0001      0/2471         0     0.0025       0
      primary samples 4, productive 4 (100.0%), vertices/sample 5.000
      qp 343.0 rows/call, 100% of calls reached the solver, 3409 calls
  qp-adapt      4/4       3.34/8.39/19.74          339       10     9.99   0.0361    46%     0.0001      0/2015         0     0.0025       0
      primary samples 4, productive 4 (100.0%), vertices/sample 5.000
      qp 286.9 rows/call, 91% of calls reached the solver, 1509 calls
  qp-free       4/4     153.66/2099.60/3364.42     146380      361    12.14   0.0048     0%     0.0006      0/4784         0     0.0025       0
      primary samples 1288, productive 356 (27.6%), vertices/sample 0.382
  free-env      4/4      26.06/338.04/623.18        7691      351    16.47   0.0779    97%     0.0006      0/2890         0     0.0000       0
      primary samples 1290, productive 348 (27.0%), vertices/sample 0.319
  qp-env        4/4       1.19/6.20/20.87          225       10     9.99   0.1046    45%     0.0001      0/1969         0     0.0025       0
      primary samples 4, productive 4 (100.0%), vertices/sample 5.000
      qp 288.5 rows/call, 93% of calls reached the solver, 1113 calls
  vamp-rrtc     4/4       0.69/6.26/9.62         90925      267    17.98        -      -     0.0028      0/3508         0     0.0025       0
      primary samples 0, productive 0 (0.0%), vertices/sample 0.000

box  (4 problems, 0 skipped: 0 clearance, 0 self-collision)
  rrtconnect    4/4       3.62/8.26/11.53         2248       13     9.79        -      -     0.0208      0/2075         0     0.0025       0
      primary samples 28, productive 10 (35.7%), vertices/sample 0.579
  qp-fixed      4/4       3.60/21.71/31.67         1718       16    12.84   0.0129     0%     0.0003      0/2934         0     0.0024       0
      primary samples 4, productive 4 (100.0%), vertices/sample 4.000
      qp 266.3 rows/call, 75% of calls reached the solver, 5211 calls
  qp-plain      4/4       3.89/22.71/32.59         1718       16    12.84   0.0129     0%     0.0003      0/2934         0     0.0024       0
      primary samples 4, productive 4 (100.0%), vertices/sample 4.000
      qp 343.0 rows/call, 100% of calls reached the solver, 5211 calls
  qp-adapt      4/4       1.26/8.85/21.05          730       16    12.86   0.0447    42%     0.0059      0/2249         0     0.0025       0
      primary samples 4, productive 4 (100.0%), vertices/sample 4.000
      qp 266.1 rows/call, 92% of calls reached the solver, 2743 calls
  qp-free       4/4      15.03/25.96/59.72         3436       16     8.94   0.0057     0%     0.0054      0/3595         0     0.0025       0
      primary samples 16, productive 8 (50.0%), vertices/sample 1.375
  free-env      4/4       1.51/6.62/14.65          362       30    15.89   0.1373    96%     0.0002      0/2623         0     0.0016       0
      primary samples 32, productive 20 (62.5%), vertices/sample 0.938
  qp-env        4/4       0.51/6.86/15.28          517       18    12.91   0.0859    27%     0.0047      0/2091         0     0.0025       0
      primary samples 4, productive 4 (100.0%), vertices/sample 4.500
      qp 270.9 rows/call, 93% of calls reached the solver, 1748 calls
  vamp-rrtc     4/4       0.06/0.13/0.16          2137       13     9.79        -      -     0.0208      0/2075         0     0.0025       0
      primary samples 0, productive 0 (0.0%), vertices/sample 0.000

cage  (5 problems, 0 skipped: 0 clearance, 0 self-collision)
  rrtconnect    5/5      39.88/513.76/1772.02     133283      782    23.12        -      -     0.0001      0/5287         0     0.0025       0
      primary samples 4662, productive 779 (16.7%), vertices/sample 0.178
  qp-fixed      5/5      94.63/159.91/496.40       12062       77    22.21   0.0093     0%     0.0000      0/9576         0     0.0025       0
      primary samples 46, productive 36 (78.3%), vertices/sample 1.630
      qp 268.4 rows/call, 87% of calls reached the solver, 82465 calls
  qp-plain      5/5     100.58/166.87/519.50       12062       77    22.21   0.0093     0%     0.0000      0/9576         0     0.0025       0
      primary samples 46, productive 36 (78.3%), vertices/sample 1.630
      qp 343.0 rows/call, 100% of calls reached the solver, 82465 calls
  qp-adapt      5/5      48.23/95.09/320.61        7591       78    22.24   0.0162    39%     0.0000      0/7522         0     0.0025       0
      primary samples 46, productive 36 (78.3%), vertices/sample 1.630
      qp 268.3 rows/call, 97% of calls reached the solver, 51168 calls
  qp-free       5/5     643.02/3427.87/8370.72     442432     1005    16.68   0.0037     0%     0.0019      0/11574        0     0.0013       0
      primary samples 3371, productive 966 (28.7%), vertices/sample 0.298
  free-env      5/5     159.71/370.26/1510.06      18990      862    24.14   0.0673    92%     0.0003      0/6897         0     0.0000       0
      primary samples 2865, productive 823 (28.7%), vertices/sample 0.301
  qp-env        5/5      27.49/39.07/147.87        2835       52    22.39   0.0265    37%     0.0000      0/6780         0     0.0008       0
      primary samples 28, productive 23 (82.1%), vertices/sample 1.778
      qp 268.2 rows/call, 98% of calls reached the solver, 24068 calls
  vamp-rrtc     5/5       0.70/15.12/82.91       254075      814    23.12        -      -     0.0001      0/5287         0     0.0025       0
      primary samples 0, productive 0 (0.0%), vertices/sample 0.000

table_pick  (4 problems, 0 skipped: 0 clearance, 0 self-collision)
  rrtconnect    4/4       3.05/7.11/26.21         1274        9     8.15        -      -     0.0004      0/1594         0     0.0025       0
      primary samples 15, productive 5 (33.3%), vertices/sample 0.750
  qp-fixed      4/4       6.18/9.27/44.94          630        8     7.59   0.0126     0%     0.0007      0/2712         0     0.0025       0
      primary samples 1, productive 1 (100.0%), vertices/sample 6.000
      qp 247.7 rows/call, 23% of calls reached the solver, 4093 calls
  qp-plain      4/4       6.65/10.21/46.33          630        8     7.59   0.0126     0%     0.0007      0/2712         0     0.0025       0
      primary samples 1, productive 1 (100.0%), vertices/sample 6.000
      qp 343.0 rows/call, 100% of calls reached the solver, 4093 calls
  qp-adapt      4/4       0.73/1.14/22.78           82        9     7.60   0.0926    62%     0.0007      0/2044         0     0.0025       0
      primary samples 1, productive 1 (100.0%), vertices/sample 6.000
      qp 290.8 rows/call, 79% of calls reached the solver, 1554 calls
  qp-free       4/4      22.84/66.45/69.55         6909       22    11.92   0.0055     0%     0.0017      0/3548         0     0.0017       0
      primary samples 41, productive 15 (36.6%), vertices/sample 0.500
  free-env      4/4       3.89/6.06/10.03          231       15     9.59   0.1044    97%     0.0018      0/1578         0     0.0025       0
      primary samples 33, productive 8 (24.2%), vertices/sample 0.479
  qp-env        4/4       0.48/0.71/16.56           40        6     7.60   0.1899    72%     0.0007      0/1875         0     0.0025       0
      primary samples 1, productive 1 (100.0%), vertices/sample 6.000
      qp 289.6 rows/call, 78% of calls reached the solver, 1023 calls
  vamp-rrtc     4/4       0.08/0.27/0.33          3434       21     8.47        -      -     0.0008      0/1775         0     0.0025       0
      primary samples 0, productive 0 (0.0%), vertices/sample 0.000

table_under_pick  (4 problems, 0 skipped: 0 clearance, 0 self-collision)
  rrtconnect    4/4       7.81/22.82/26.84         4051       22    11.14        -      -     0.0019      0/2450         0     0.0025       0
      primary samples 55, productive 17 (30.9%), vertices/sample 0.409
  qp-fixed      4/4      18.30/81.65/197.92        4831       34    18.95   0.0109     0%     0.0001      0/5291         0     0.0000       0
      primary samples 17, productive 15 (88.2%), vertices/sample 2.286
      qp 295.2 rows/call, 89% of calls reached the solver, 19545 calls
  qp-plain      4/4      18.50/85.84/203.93        4831       34    18.95   0.0109     0%     0.0001      0/5291         0     0.0000       0
      primary samples 17, productive 15 (88.2%), vertices/sample 2.286
      qp 343.0 rows/call, 100% of calls reached the solver, 19545 calls
  qp-adapt      4/4      10.03/49.58/117.70        3119       36    18.09   0.0182    32%     0.0000      0/4618         0     0.0000       0
      primary samples 17, productive 16 (94.1%), vertices/sample 2.286
      qp 295.0 rows/call, 96% of calls reached the solver, 12211 calls
  qp-free       4/4      17.00/74.93/194.97        7601       31    20.86   0.0052     0%     0.0011      0/6460         0     0.0021       0
      primary samples 55, productive 21 (38.2%), vertices/sample 0.564
  free-env      4/4       6.44/13.54/16.13          546       28    21.04   0.0855    94%     0.0000      0/3678         0     0.0000       0
      primary samples 55, productive 19 (34.5%), vertices/sample 0.710
  qp-env        4/4       6.71/40.02/105.48        2342       31    18.05   0.0244    23%     0.0000      0/4510         0     0.0000       0
      primary samples 17, productive 16 (94.1%), vertices/sample 3.143
      qp 298.0 rows/call, 98% of calls reached the solver, 9664 calls
  vamp-rrtc     4/4       0.09/0.21/0.31          4245       21    11.14        -      -     0.0019      0/2450         0     0.0025       0
      primary samples 0, productive 0 (0.0%), vertices/sample 0.000

Hop disposition -- what set the hop's length, median over problems.
  row         floored(<1 step)    at region   edge-limited
  qp-fixed            100.0%         0.0%           0.0%
  qp-plain            100.0%         0.0%           0.0%
  qp-adapt             63.6%        34.8%           1.3%
  qp-free             100.0%         0.0%           0.0%
  free-env              1.7%        83.4%          13.9%
  qp-env               71.0%        26.9%           2.6%

Endpoint clearance at zero margin -- min(start, goal) over all spheres.
  scene                     min    median       max affordable   problems by margin
  bookshelf_small        0.0034    0.0043    0.0066    0.0034   0:100% 0.02:  0% 0.04:  0% 0.06:  0% 0.09:  0%
  bookshelf_tall         0.0034    0.0070    0.0077    0.0034   0:100% 0.02:  0% 0.04:  0% 0.06:  0% 0.09:  0%
  bookshelf_thin         0.0050    0.0081    0.0088    0.0050   0:100% 0.02:  0% 0.04:  0% 0.06:  0% 0.09:  0%
  box                    0.0127    0.0127    0.0127    0.0127   0:100% 0.02:  0% 0.04:  0% 0.06:  0% 0.09:  0%
  cage                   0.0099    0.0127    0.0127    0.0099   0:100% 0.02:  0% 0.04:  0% 0.06:  0% 0.09:  0%
  table_pick             0.0061    0.0082    0.0083    0.0061   0:100% 0.02:  0% 0.04:  0% 0.06:  0% 0.09:  0%
  table_under_pick       0.0036    0.0081    0.0082    0.0036   0:100% 0.02:  0% 0.04:  0% 0.06:  0% 0.09:  0%

all scenes  (29 problems, 0 skipped: 0 clearance, 0 self-collision)
  rrtconnect   29/29      3.05/22.82/1772.02       4757       25    13.37        -      -     0.0001      0/20764        0     0.0002       0
      primary samples 85, productive 20 (23.5%), vertices/sample 0.285
  qp-fixed     29/29      3.60/28.46/496.40        1427       13    11.82   0.0112     0%     0.0000      0/30819        0     0.0000       0
      primary samples 4, productive 4 (100.0%), vertices/sample 3.375
      qp 269.4 rows/call, 76% of calls reached the solver, 129715 calls
  qp-plain     29/29      3.89/29.50/519.50        1427       13    11.82   0.0112     0%     0.0000      0/30819        0     0.0000       0
      primary samples 4, productive 4 (100.0%), vertices/sample 3.375
      qp 343.0 rows/call, 100% of calls reached the solver, 129715 calls
  qp-adapt     29/29      0.73/10.03/320.61         730       13    11.83   0.0239    36%     0.0000      0/25207        0     0.0000       0
      primary samples 4, productive 4 (100.0%), vertices/sample 3.400
      qp 281.0 rows/call, 92% of calls reached the solver, 77346 calls
  qp-free      29/29     12.25/89.34/8370.72      10518       36    14.29   0.0048     0%     0.0006      0/41770        0     0.0006       0
      primary samples 65, productive 24 (36.9%), vertices/sample 0.463
  free-env     29/29      1.51/14.65/1510.06        599       36    16.16   0.0843    96%     0.0000      0/25036        0     0.0000       0
      primary samples 79, productive 29 (36.7%), vertices/sample 0.455
  qp-env       29/29      0.48/9.07/147.87         616       16    12.42   0.0374    29%     0.0000      0/23269        0     0.0000       0
      primary samples 6, productive 5 (83.3%), vertices/sample 4.000
      qp 279.2 rows/call, 96% of calls reached the solver, 42710 calls
  vamp-rrtc    29/29      0.05/0.30/82.91         5208       25    13.37        -      -     0.0001      0/21226        0     0.0005       0
      primary samples 0, productive 0 (0.0%), vertices/sample 0.000

"samples" is checked configurations for isSafe, barrier evaluations for
the three CBF rows, and SIMD configuration lanes evaluated for VAMP. They measure
sampling work, while wall time captures the very different per-sample costs.
"unsafe/audited" evaluates exact primitive clearance at every state of the
densified solution -- for each CBF row that is the rollout the planner recorded
for each edge, replayed, so it is the motion that would actually be executed,
sampled inside each step rather than only at its boundaries. Non-zero unsafe
invalidates a row however fast it was.
"missed" counts solution edges that were not on file and had to be
re-derived; it must be zero, or the audited motion is a different trajectory
from the one the planner found.


envelope hop: 12809 filter calls, 1.246 hold queries/call, 18.5% saturated, 100.0% longer than L1, past one step 92.5% (L1 alone 54.1%), gated 70.0%, empty-active 0.0%, screen-escalated 1.5%
envelope bottleneck: world 97.5%, self-collision 2.4%, unbound 0.2% (horizon or screen clip), blocked 0.0%, joint-limit clamped 0.0%
envelope binding term:
  world rows       L1 0.0%, local-L1 0.4%, speed-capped 5.4%, isotropic-anchored 94.1% (of 12484 bound calls)
  self-pair rows   L1 0.0%, local-L1 0.0%, speed-capped 0.0%, normal-anchored 100.0% (of 304 bound calls)
local-lever screen: 739284 of 1221976 expensive world rows settled before the envelope (60.5%)
span handed to the rollout, in controller steps (42708 calls):
                   <1      1-2      2-4      4-8       8+
  L1 only      83.76%     8.36%     4.53%     1.98%     1.37%
  envelope     72.24%     6.32%     7.79%     6.59%     7.05%
=== CBF profiler (wall time) ===
=== CBF filter stats ===
  calls=0  unchanged=0 (0.0%)  filtered=0 (0.0%)  blocked=0 (0.0%)
  active rows:       avg=0.00  max=0
  zero-row fast path: 0 (0.0%)
  qp iterations:     avg=0.00  max=0
  certified duration: avg=0.00000s  min=0.00000s  max=0.00000s  (over 0 non-blocked calls)
  required gain:     avg=0.000/s  max=0.000/s  p50=0.000/s  p90=0.000/s  p99=0.000/s  (over 0 calls, 0 uncertified)
