
MotionBenchMaker UR5, 689 problems loaded, up to 100 per scene
voxel 0.003 m, margin 0.0000 m + 0.0030 m filter buffer, stepSize 0.001 s, range 2.00 rad, 10.0 s limit

hop certificates: old L1 Lipschitz region and new hold-time bound
Picard: off; trajectory prefixes: 0; sequential rollout budget: 10000 calls
kappa 20.00 /s, certified step uncapped, self-collision margin 0.0000 m over 303 pairs
baseline segment: 0.000325 of extent = 0.0050 rad, rollout step 0.0100 rad (overridden)
rope shortcut off, all rows unsimplified

seed 1
  planner       solved ms(min/med/max)        samples vertices     path rad/call coarse  worst clr unsafe/audited missed worst self collide

bookshelf_small  (32 problems, 15 skipped: 4 clearance, 11 self-collision)
  rrtconnect   15/17      2.09/19.06/10000.22       9770       27    11.59        -      -     0.0004      0/83866        0     0.0025       0
      primary samples 144, productive 23 (16.0%), vertices/sample 0.177

bookshelf_tall  (32 problems, 13 skipped: 2 clearance, 11 self-collision)
  rrtconnect   13/19      2.96/22.81/10000.30      11466       31    12.24        -      -     0.0002      0/83890        0     0.0025       0
      primary samples 170, productive 27 (15.9%), vertices/sample 0.176

bookshelf_thin  (33 problems, 15 skipped: 0 clearance, 15 self-collision)
  rrtconnect   17/18      3.17/19.72/10000.22      10017       27    11.78        -      -     0.0004      0/111991       0     0.0025       0
      primary samples 99, productive 23 (23.2%), vertices/sample 0.267

box  (33 problems, 0 skipped: 0 clearance, 0 self-collision)
  rrtconnect   33/33      2.25/10.28/35.38         5410       16    12.03        -      -     0.0016      0/210880       0     0.0025       0
      primary samples 44, productive 12 (27.3%), vertices/sample 0.383

cage  (33 problems, 0 skipped: 0 clearance, 0 self-collision)
  rrtconnect   33/33     13.26/322.88/1844.26     163195      490    21.92        -      -     0.0001      0/349816       0     0.0000       0
      primary samples 4022, productive 487 (12.1%), vertices/sample 0.111

table_pick  (34 problems, 0 skipped: 0 clearance, 0 self-collision)
  rrtconnect   34/34      1.69/5.69/28.36         2889        9     9.81        -      -     0.0001      0/165368       0     0.0025       0
      primary samples 18, productive 5 (27.8%), vertices/sample 0.529

table_under_pick  (33 problems, 6 skipped: 0 clearance, 6 self-collision)
  rrtconnect   22/27      5.11/10.35/10000.20       5349       16    13.41        -      -     0.0001      0/155429       0     0.0025       0
      primary samples 67, productive 11 (16.4%), vertices/sample 0.236

Hop disposition -- what set the hop's length, median over problems.
  row         floored(<1 step)    at region   edge-limited

Endpoint clearance at zero margin -- min(start, goal) over all spheres.
  scene                     min    median       max affordable   problems by margin
  bookshelf_small       -0.0243    0.0038    0.0100   -0.0243   0: 66% 0.02:  0% 0.04:  0% 0.06:  0% 0.09:  0%
  bookshelf_tall        -0.0243    0.0032    0.0083   -0.0243   0: 69% 0.02:  0% 0.04:  0% 0.06:  0% 0.09:  0%
  bookshelf_thin        -0.0214    0.0037    0.0109   -0.0214   0: 55% 0.02:  0% 0.04:  0% 0.06:  0% 0.09:  0%
  box                    0.0082    0.0127    0.0127    0.0082   0:100% 0.02:  0% 0.04:  0% 0.06:  0% 0.09:  0%
  cage                   0.0098    0.0127    0.0127    0.0098   0:100% 0.02:  0% 0.04:  0% 0.06:  0% 0.09:  0%
  table_pick             0.0062    0.0081    0.0084    0.0062   0:100% 0.02:  0% 0.04:  0% 0.06:  0% 0.09:  0%
  table_under_pick      -0.0227    0.0079    0.0083   -0.0227   0: 82% 0.02:  0% 0.04:  0% 0.06:  0% 0.09:  0%

all scenes  (230 problems, 49 skipped: 6 clearance, 43 self-collision)
  rrtconnect  167/181     1.69/15.33/10000.30       7656       21    12.91        -      -     0.0001      0/1161240      0     0.0000       0
      primary samples 90, productive 17 (18.9%), vertices/sample 0.243

"samples" is checked configurations for isSafe, barrier evaluations for
the three CBF rows, and SIMD configuration lanes evaluated for VAMP. They measure
sampling work, while wall time captures the very different per-sample costs.
"unsafe/audited" evaluates exact primitive clearance at every state of the
densified solution -- for each CBF row that is the rollout the planner recorded
for each edge, replayed, so it is the motion that would actually be executed,
sampled inside each step rather than only at its boundaries. Non-zero unsafe
invalidates a row however fast it was.
"missed" counts solution edges that were not on file and had to be
re-derived; it must be zero, or the audited motion is a different trajectory
from the one the planner found.

=== CBF profiler (wall time) ===
=== CBF filter stats ===
  calls=0  unchanged=0 (0.0%)  filtered=0 (0.0%)  blocked=0 (0.0%)
  active rows:       avg=0.00  max=0
  zero-row fast path: 0 (0.0%)
  qp iterations:     avg=0.00  max=0
  certified duration: avg=0.00000s  min=0.00000s  max=0.00000s  (over 0 non-blocked calls)
  required gain:     avg=0.000/s  max=0.000/s  p50=0.000/s  p90=0.000/s  p99=0.000/s  (over 0 calls, 0 uncertified)
