
MotionBenchMaker UR5, 689 problems loaded, up to 100 per scene
voxel 0.003 m, margin 0.0000 m + 0.0030 m filter buffer, stepSize 0.001 s, range 2.00 rad, 10.0 s limit

hop certificates: old L1 Lipschitz region and new hold-time bound
Picard: off; trajectory prefixes: 0; sequential rollout budget: 10000 calls
kappa 20.00 /s, certified step uncapped, self-collision margin 0.0000 m over 303 pairs
baseline segment: 0.000325 of extent = 0.0050 rad, rollout step 0.0100 rad (overridden)
rope shortcut off, all rows unsimplified

seed 1
  planner       solved ms(min/med/max)        samples vertices     path rad/call coarse  worst clr unsafe/audited missed worst self collide

bookshelf_small  (32 problems, 11 skipped: 1 clearance, 10 self-collision)
  rrtconnect   20/21      2.81/20.53/10000.14      10261       27    10.74        -      -     0.0007      0/122027       0     0.0025       0
      primary samples 113, productive 24 (21.2%), vertices/sample 0.207

bookshelf_tall  (32 problems, 12 skipped: 2 clearance, 11 self-collision)
  rrtconnect   18/20      4.73/38.30/10000.02      19286       49    14.65        -      -     0.0004      0/127539       0     0.0025       0
      primary samples 324, productive 46 (14.2%), vertices/sample 0.153

bookshelf_thin  (33 problems, 11 skipped: 2 clearance, 10 self-collision)
  rrtconnect   22/22      5.38/20.61/60.54        10556       29    13.08        -      -     0.0001      0/151425       0     0.0025       0
      primary samples 136, productive 25 (18.4%), vertices/sample 0.256

box  (33 problems, 0 skipped: 0 clearance, 0 self-collision)
  rrtconnect   33/33      2.31/8.43/33.14         4132       13    10.88        -      -     0.0002      0/184833       0     0.0025       0
      primary samples 34, productive 8 (23.5%), vertices/sample 0.393

cage  (34 problems, 0 skipped: 0 clearance, 0 self-collision)
  rrtconnect   34/34     20.54/450.71/1982.93     229084      716    19.88        -      -     0.0000      0/342800       0     0.0025       0
      primary samples 6704, productive 713 (10.6%), vertices/sample 0.109

table_pick  (33 problems, 0 skipped: 0 clearance, 0 self-collision)
  rrtconnect   33/33      2.26/6.63/30.93         3113       10    10.12        -      -    -0.0000      4/170259       0     0.0025       0
      primary samples 20, productive 6 (30.0%), vertices/sample 0.500

table_under_pick  (33 problems, 11 skipped: 0 clearance, 11 self-collision)
  rrtconnect   18/22      3.93/10.94/10000.28       5168       15    12.89        -      -    -0.0000      4/110810       0     0.0025       0
      primary samples 48, productive 10 (20.8%), vertices/sample 0.326

Hop disposition -- what set the hop's length, median over problems.
  row         floored(<1 step)    at region   edge-limited

Endpoint clearance at zero margin -- min(start, goal) over all spheres.
  scene                     min    median       max affordable   problems by margin
  bookshelf_small       -0.0233    0.0050    0.0102   -0.0233   0: 69% 0.02:  0% 0.04:  0% 0.06:  0% 0.09:  0%
  bookshelf_tall        -0.0231    0.0045    0.0096   -0.0231   0: 66% 0.02:  0% 0.04:  0% 0.06:  0% 0.09:  0%
  bookshelf_thin        -0.0243    0.0050    0.0104   -0.0243   0: 73% 0.02:  0% 0.04:  0% 0.06:  0% 0.09:  0%
  box                    0.0074    0.0127    0.0127    0.0074   0:100% 0.02:  0% 0.04:  0% 0.06:  0% 0.09:  0%
  cage                   0.0035    0.0127    0.0127    0.0035   0:100% 0.02:  0% 0.04:  0% 0.06:  0% 0.09:  0%
  table_pick             0.0059    0.0080    0.0083    0.0059   0:100% 0.02:  0% 0.04:  0% 0.06:  0% 0.09:  0%
  table_under_pick      -0.0226    0.0078    0.0083   -0.0226   0: 67% 0.02:  0% 0.04:  0% 0.06:  0% 0.09:  0%

all scenes  (230 problems, 45 skipped: 5 clearance, 42 self-collision)
  rrtconnect  178/185     2.26/13.90/10000.28       6902       19    12.39        -      -    -0.0000      8/1209693      0     0.0025       0
      primary samples 70, productive 15 (21.4%), vertices/sample 0.267

"samples" is checked configurations for isSafe, barrier evaluations for
the three CBF rows, and SIMD configuration lanes evaluated for VAMP. They measure
sampling work, while wall time captures the very different per-sample costs.
"unsafe/audited" evaluates exact primitive clearance at every state of the
densified solution -- for each CBF row that is the rollout the planner recorded
for each edge, replayed, so it is the motion that would actually be executed,
sampled inside each step rather than only at its boundaries. Non-zero unsafe
invalidates a row however fast it was.
"missed" counts solution edges that were not on file and had to be
re-derived; it must be zero, or the audited motion is a different trajectory
from the one the planner found.

=== CBF profiler (wall time) ===
=== CBF filter stats ===
  calls=0  unchanged=0 (0.0%)  filtered=0 (0.0%)  blocked=0 (0.0%)
  active rows:       avg=0.00  max=0
  zero-row fast path: 0 (0.0%)
  qp iterations:     avg=0.00  max=0
  certified duration: avg=0.00000s  min=0.00000s  max=0.00000s  (over 0 non-blocked calls)
  required gain:     avg=0.000/s  max=0.000/s  p50=0.000/s  p90=0.000/s  p99=0.000/s  (over 0 calls, 0 uncertified)
