
MotionBenchMaker UR5, 689 problems loaded, up to 100 per scene
voxel 0.003 m, margin 0.0000 m + 0.0030 m filter buffer, stepSize 0.001 s, range 2.00 rad, 10.0 s limit

hop certificates: old L1 Lipschitz region and new hold-time bound
Picard: off; trajectory prefixes: 0; sequential rollout budget: 10000 calls
kappa 20.00 /s, certified step uncapped, self-collision margin 0.0000 m over 303 pairs
baseline segment: 0.000650 of extent = 0.0100 rad, rollout step 0.0100 rad (matched to the rollout)
rope shortcut off, all rows unsimplified

seed 1
  planner       solved ms(min/med/max)        samples vertices     path rad/call coarse  worst clr unsafe/audited missed worst self collide

bookshelf_small  (24 problems, 8 skipped: 0 clearance, 8 self-collision)
  rrtconnect   16/16      1.45/12.14/69.98         5180       27    13.74        -      -     0.0016      0/112337       0     0.0025       0
      primary samples 117, productive 23 (19.7%), vertices/sample 0.201

bookshelf_tall  (23 problems, 10 skipped: 2 clearance, 8 self-collision)
  rrtconnect   11/13      2.99/21.41/10000.11       9415       47    16.02        -      -     0.0015      0/82288        0     0.0025       0
      primary samples 230, productive 44 (19.1%), vertices/sample 0.191

bookshelf_thin  (25 problems, 13 skipped: 2 clearance, 12 self-collision)
  rrtconnect   12/12      1.95/19.72/61.61         8179       40    11.55        -      -     0.0005      0/73039        0     0.0025       0
      primary samples 150, productive 37 (24.7%), vertices/sample 0.227

box  (25 problems, 0 skipped: 0 clearance, 0 self-collision)
  rrtconnect   25/25      1.45/4.30/13.55         1839       11     9.95        -      -     0.0004      0/133576       0     0.0025       0
      primary samples 28, productive 7 (25.0%), vertices/sample 0.458

cage  (25 problems, 0 skipped: 0 clearance, 0 self-collision)
  rrtconnect   25/25     35.98/316.13/1128.24     134597      828    19.32        -      -     0.0001      0/253695       0     0.0025       0
      primary samples 7582, productive 825 (10.9%), vertices/sample 0.109

table_pick  (25 problems, 0 skipped: 0 clearance, 0 self-collision)
  rrtconnect   25/25      1.00/3.32/18.90         1480        9     9.41        -      -     0.0001      0/119059       0     0.0025       0
      primary samples 16, productive 5 (31.2%), vertices/sample 0.667

table_under_pick  (25 problems, 4 skipped: 0 clearance, 4 self-collision)
  rrtconnect   17/21      2.60/6.67/10000.24       2811       16    11.87        -      -     0.0003      0/103604       0     0.0025       0
      primary samples 64, productive 12 (18.8%), vertices/sample 0.235

Hop disposition -- what set the hop's length, median over problems.
  row         floored(<1 step)    at region   edge-limited

Endpoint clearance at zero margin -- min(start, goal) over all spheres.
  scene                     min    median       max affordable   problems by margin
  bookshelf_small       -0.0243    0.0052    0.0096   -0.0243   0: 67% 0.02:  0% 0.04:  0% 0.06:  0% 0.09:  0%
  bookshelf_tall        -0.0235    0.0034    0.0077   -0.0235   0: 65% 0.02:  0% 0.04:  0% 0.06:  0% 0.09:  0%
  bookshelf_thin        -0.0243    0.0024    0.0083   -0.0243   0: 52% 0.02:  0% 0.04:  0% 0.06:  0% 0.09:  0%
  box                    0.0127    0.0127    0.0127    0.0127   0:100% 0.02:  0% 0.04:  0% 0.06:  0% 0.09:  0%
  cage                   0.0063    0.0127    0.0127    0.0063   0:100% 0.02:  0% 0.04:  0% 0.06:  0% 0.09:  0%
  table_pick             0.0059    0.0080    0.0083    0.0059   0:100% 0.02:  0% 0.04:  0% 0.06:  0% 0.09:  0%
  table_under_pick      -0.0221    0.0079    0.0083   -0.0221   0: 84% 0.02:  0% 0.04:  0% 0.06:  0% 0.09:  0%

all scenes  (172 problems, 35 skipped: 4 clearance, 32 self-collision)
  rrtconnect  131/137     1.00/8.23/10000.24       3583       19    11.87        -      -     0.0001      0/877598       0     0.0025       0
      primary samples 88, productive 15 (17.0%), vertices/sample 0.243

"samples" is checked configurations for isSafe, barrier evaluations for
the three CBF rows, and SIMD configuration lanes evaluated for VAMP. They measure
sampling work, while wall time captures the very different per-sample costs.
"unsafe/audited" evaluates exact primitive clearance at every state of the
densified solution -- for each CBF row that is the rollout the planner recorded
for each edge, replayed, so it is the motion that would actually be executed,
sampled inside each step rather than only at its boundaries. Non-zero unsafe
invalidates a row however fast it was.
"missed" counts solution edges that were not on file and had to be
re-derived; it must be zero, or the audited motion is a different trajectory
from the one the planner found.

=== CBF profiler (wall time) ===
=== CBF filter stats ===
  calls=0  unchanged=0 (0.0%)  filtered=0 (0.0%)  blocked=0 (0.0%)
  active rows:       avg=0.00  max=0
  zero-row fast path: 0 (0.0%)
  qp iterations:     avg=0.00  max=0
  certified duration: avg=0.00000s  min=0.00000s  max=0.00000s  (over 0 non-blocked calls)
  required gain:     avg=0.000/s  max=0.000/s  p50=0.000/s  p90=0.000/s  p99=0.000/s  (over 0 calls, 0 uncertified)
