
MotionBenchMaker UR5, 689 problems loaded, up to 100 per scene
voxel 0.003 m, margin 0.0000 m + 0.0000 m filter buffer, stepSize 0.001 s, range 2.00 rad, 10.0 s limit

hop certificates: old L1 Lipschitz region and new hold-time bound
Picard: off; trajectory prefixes: 0; sequential rollout budget: 10000 calls
kappa 20.00 /s, certified step uncapped, self-collision margin 0.0000 m over 303 pairs
baseline segment: 0.000650 of extent = 0.0100 rad, rollout step 0.0100 rad (matched to the rollout)
rope shortcut off, all rows unsimplified

seed 1
  planner       solved ms(min/med/max)        samples vertices     path rad/call coarse  worst clr unsafe/audited missed worst self collide

bookshelf_small  (4 problems, 0 skipped: 0 clearance, 0 self-collision)
  rrtconnect    4/4       4.42/18.42/47.82         4699       25    14.94        -      -     0.0029      0/2554         0     0.0025       0
      primary samples 91, productive 21 (23.1%), vertices/sample 0.500
  qp-fixed      4/4       4.42/8.89/28.53          871        9    10.85   0.0125     0%     0.0002      0/3528         0     0.0025       0
      primary samples 2, productive 2 (100.0%), vertices/sample 7.000
      qp 270.8 rows/call, 71% of calls reached the solver, 5302 calls
  qp-plain      4/4       4.95/9.19/30.38          871        9    10.85   0.0125     0%     0.0002      0/3528         0     0.0025       0
      primary samples 2, productive 2 (100.0%), vertices/sample 7.000
      qp 343.0 rows/call, 100% of calls reached the solver, 5302 calls
  qp-adapt      4/4       1.73/7.01/18.04          638        9    10.85   0.0202    46%     0.0002      0/3014         0     0.0025       0
      primary samples 2, productive 2 (100.0%), vertices/sample 7.000
      qp 301.2 rows/call, 88% of calls reached the solver, 3062 calls
  qp-free       4/4       7.52/144.49/160.01       16470       57    15.58   0.0063     0%     0.0029      0/4525         0     0.0025       0
      primary samples 91, productive 39 (42.9%), vertices/sample 2.500
  free-env      4/4       0.83/11.61/19.87          575       32    12.09   0.0919    98%     0.0022      0/2526         0     0.0025       0
      primary samples 66, productive 25 (37.9%), vertices/sample 1.222
  qp-env        4/4       0.87/3.79/5.22           356        9    10.86   0.0847    50%    -0.0051      6/2594         0     0.0025       0
      primary samples 2, productive 2 (100.0%), vertices/sample 7.000
      qp 301.0 rows/call, 91% of calls reached the solver, 1050 calls

bookshelf_tall  (4 problems, 0 skipped: 0 clearance, 0 self-collision)
  rrtconnect    4/4       6.44/80.88/153.09       10717       54    11.85        -      -     0.0018      0/2232         0     0.0025       0
      primary samples 307, productive 49 (16.0%), vertices/sample 0.368
  qp-fixed      4/4       4.01/6.96/19.57          558        6     6.69   0.0140     0%     0.0013      0/2418         0     0.0007       0
      primary samples 1, productive 1 (100.0%), vertices/sample 6.000
      qp 291.0 rows/call, 71% of calls reached the solver, 2659 calls
  qp-plain      4/4       4.02/7.23/19.73          558        6     6.69   0.0140     0%     0.0013      0/2418         0     0.0007       0
      primary samples 1, productive 1 (100.0%), vertices/sample 6.000
      qp 343.0 rows/call, 100% of calls reached the solver, 2659 calls
  qp-adapt      4/4       1.71/3.41/10.23          233        7     6.69   0.0329    74%     0.0013      0/1959         0     0.0006       0
      primary samples 1, productive 1 (100.0%), vertices/sample 6.000
      qp 308.5 rows/call, 89% of calls reached the solver, 1169 calls
  qp-free       4/4       9.46/142.98/275.40       11708       34    14.54   0.0049     0%     0.0018      0/5409         0     0.0025       0
      primary samples 89, productive 21 (23.6%), vertices/sample 0.542
  free-env      4/4       1.56/22.01/51.31          663       33    10.05   0.0920    96%     0.0009      0/2035         0     0.0000       0
      primary samples 92, productive 23 (25.0%), vertices/sample 0.481
  qp-env        4/4       0.78/1.58/2.96            94        7     6.70   0.0896    72%     0.0013      0/1655         0     0.0010       0
      primary samples 1, productive 1 (100.0%), vertices/sample 6.000
      qp 307.0 rows/call, 91% of calls reached the solver, 354 calls

bookshelf_thin  (4 problems, 0 skipped: 0 clearance, 0 self-collision)
  rrtconnect    4/4      35.95/83.35/130.64        8312       42    16.75        -      -     0.0001      0/3196         0     0.0025       0
      primary samples 165, productive 38 (23.0%), vertices/sample 0.292
  qp-fixed      4/4       8.32/29.89/108.78        1909       18    12.03   0.0106     0%    -0.0039    244/4065         0     0.0012       0
      primary samples 4, productive 4 (100.0%), vertices/sample 4.500
      qp 268.3 rows/call, 79% of calls reached the solver, 9818 calls
  qp-plain      4/4       8.70/31.39/114.26        1909       18    12.03   0.0106     0%    -0.0039    244/4065         0     0.0012       0
      primary samples 4, productive 4 (100.0%), vertices/sample 4.500
      qp 343.0 rows/call, 100% of calls reached the solver, 9818 calls
  qp-adapt      4/4       3.42/17.28/80.03         1023       20    13.23   0.0344    80%    -0.0040    245/3764         0     0.0012       0
      primary samples 4, productive 4 (100.0%), vertices/sample 4.000
      qp 265.2 rows/call, 95% of calls reached the solver, 6202 calls
  qp-free       4/4     119.36/319.86/347.38       21796       59    18.22   0.0053     0%     0.0022      0/6280         0     0.0004       0
      primary samples 161, productive 50 (31.1%), vertices/sample 0.494
  free-env      4/4      19.27/43.79/53.09         1078       54    13.76   0.0913    97%     0.0006      0/2924         0     0.0000       0
      primary samples 132, productive 50 (37.9%), vertices/sample 0.494
  qp-env        4/4       1.61/7.89/83.00          435       16    13.26   0.0896    87%    -0.0040    244/3701         0     0.0012       0
      primary samples 4, productive 4 (100.0%), vertices/sample 4.000
      qp 278.8 rows/call, 97% of calls reached the solver, 5069 calls

box  (5 problems, 0 skipped: 0 clearance, 0 self-collision)
  rrtconnect    5/5       3.06/9.39/24.88         2541       15    10.18        -      -     0.0029      0/3126         0     0.0025       0
      primary samples 44, productive 11 (25.0%), vertices/sample 0.386
  qp-fixed      5/5       3.66/4.04/14.90          489        7     6.69   0.0131     0%     0.0012      0/2737         0     0.0025       0
      primary samples 1, productive 1 (100.0%), vertices/sample 6.000
      qp 259.3 rows/call, 43% of calls reached the solver, 3497 calls
  qp-plain      5/5       3.99/4.65/15.83          489        7     6.69   0.0131     0%     0.0012      0/2737         0     0.0025       0
      primary samples 1, productive 1 (100.0%), vertices/sample 6.000
      qp 343.0 rows/call, 100% of calls reached the solver, 3497 calls
  qp-adapt      5/5       0.68/1.05/6.69           108        7     6.69   0.0620    71%     0.0011      0/2165         0     0.0025       0
      primary samples 1, productive 1 (100.0%), vertices/sample 6.000
      qp 288.4 rows/call, 70% of calls reached the solver, 1096 calls
  qp-free       5/5       4.84/61.01/196.53        7314       25    10.51   0.0049     0%     0.0007      0/6758         0     0.0025       0
      primary samples 47, productive 18 (38.3%), vertices/sample 0.532
  free-env      5/5       0.80/6.15/10.38          320       26    10.66   0.0957    97%     0.0012      0/3074         0     0.0025       0
      primary samples 33, productive 17 (51.5%), vertices/sample 0.692
  qp-env        5/5       0.36/0.69/4.56            50       11     9.91   0.1338    87%     0.0021      0/2757         0     0.0008       0
      primary samples 2, productive 2 (100.0%), vertices/sample 5.000
      qp 285.4 rows/call, 74% of calls reached the solver, 729 calls

cage  (4 problems, 0 skipped: 0 clearance, 0 self-collision)
  rrtconnect    4/4     192.23/307.41/3586.71      79086      433    24.34        -      -     0.0020      0/4697         0     0.0025       0
      primary samples 2290, productive 430 (18.8%), vertices/sample 0.190
  qp-fixed      4/4      75.87/153.69/244.53       15900       82    19.21   0.0093     0%     0.0000      0/5970         0     0.0025       0
      primary samples 61, productive 46 (75.4%), vertices/sample 1.548
      qp 272.4 rows/call, 89% of calls reached the solver, 57844 calls
  qp-plain      4/4      79.02/161.02/259.02       15900       82    19.21   0.0093     0%     0.0000      0/5970         0     0.0025       0
      primary samples 61, productive 46 (75.4%), vertices/sample 1.548
      qp 343.0 rows/call, 100% of calls reached the solver, 57844 calls
  qp-adapt      4/4      53.42/108.48/171.76       10485       82    19.22   0.0140    30%     0.0000      0/4892         0     0.0025       0
      primary samples 61, productive 46 (75.4%), vertices/sample 1.548
      qp 270.3 rows/call, 98% of calls reached the solver, 37272 calls
  qp-free       4/4    1256.78/2375.73/2940.76     288645      696    21.78   0.0039     0%     0.0006      0/9471         0     0.0008       0
      primary samples 2187, productive 657 (30.0%), vertices/sample 0.316
  free-env      4/4     131.19/524.49/757.78       27830     1015    25.98   0.0647    93%     0.0000      0/5198         0     0.0000       0
      primary samples 3702, productive 985 (26.6%), vertices/sample 0.294
  qp-env        4/4      41.95/88.99/141.67        7749       83    19.27   0.0201    22%     0.0000      0/4411         0     0.0025       0
      primary samples 61, productive 46 (75.4%), vertices/sample 1.548
      qp 267.5 rows/call, 99% of calls reached the solver, 27359 calls

table_pick  (4 problems, 0 skipped: 0 clearance, 0 self-collision)
  rrtconnect    4/4       7.33/17.33/22.18         2951       17    11.29        -      -     0.0024      0/1759         0     0.0025       0
      primary samples 34, productive 13 (38.2%), vertices/sample 0.550
  qp-fixed      4/4       3.96/6.06/22.40          632        6     7.71   0.0122     0%     0.0001      0/2466         0     0.0025       0
      primary samples 1, productive 1 (100.0%), vertices/sample 6.000
      qp 231.2 rows/call, 25% of calls reached the solver, 3563 calls
  qp-plain      4/4       4.61/6.89/23.85          632        6     7.71   0.0122     0%     0.0001      0/2466         0     0.0025       0
      primary samples 1, productive 1 (100.0%), vertices/sample 6.000
      qp 343.0 rows/call, 100% of calls reached the solver, 3563 calls
  qp-adapt      4/4       0.54/1.23/13.96           98        6     7.71   0.0977    76%     0.0001      0/1796         0     0.0025       0
      primary samples 1, productive 1 (100.0%), vertices/sample 6.000
      qp 263.5 rows/call, 74% of calls reached the solver, 1244 calls
  qp-free       4/4      13.97/90.34/92.10         7338       29    13.84   0.0071     0%     0.0017      0/3745         0     0.0025       0
      primary samples 58, productive 24 (41.4%), vertices/sample 0.588
  free-env      4/4       2.35/9.21/12.59          322       28    13.68   0.1224    98%     0.0010      0/2505         0     0.0025       0
      primary samples 47, productive 19 (40.4%), vertices/sample 0.681
  qp-env        4/4       0.44/0.66/12.71           48        6     7.72   0.1971    79%     0.0001      0/1698         0     0.0025       0
      primary samples 1, productive 1 (100.0%), vertices/sample 6.000
      qp 262.2 rows/call, 73% of calls reached the solver, 996 calls

table_under_pick  (4 problems, 0 skipped: 0 clearance, 0 self-collision)
  rrtconnect    4/4      11.76/21.60/21.65         3807       20    14.37        -      -     0.0015      0/2734         0     0.0025       0
      primary samples 49, productive 15 (30.6%), vertices/sample 0.419
  qp-fixed      4/4       7.97/20.93/95.28         1719       12    10.73   0.0112     0%     0.0001      0/4553         0     0.0025       0
      primary samples 5, productive 5 (100.0%), vertices/sample 4.000
      qp 298.1 rows/call, 78% of calls reached the solver, 11789 calls
  qp-plain      4/4       8.23/20.95/99.80         1719       12    10.73   0.0112     0%     0.0001      0/4553         0     0.0025       0
      primary samples 5, productive 5 (100.0%), vertices/sample 4.000
      qp 343.0 rows/call, 100% of calls reached the solver, 11789 calls
  qp-adapt      4/4       4.58/16.22/73.15         1185       11    10.74   0.0194    36%     0.0001      0/3967         0     0.0025       0
      primary samples 5, productive 5 (100.0%), vertices/sample 4.000
      qp 290.4 rows/call, 93% of calls reached the solver, 8097 calls
  qp-free       4/4      36.82/95.89/97.09         9254       25    12.71   0.0055     0%     0.0035      0/4547         0     0.0025       0
      primary samples 65, productive 19 (29.2%), vertices/sample 0.532
  free-env      4/4       7.06/13.99/15.02          543       27    16.54   0.0753    98%     0.0000      0/2956         0     0.0025       0
      primary samples 65, productive 21 (32.3%), vertices/sample 0.500
  qp-env        4/4       3.17/9.12/53.56          663       12    10.73   0.0382    26%     0.0001      0/3519         0     0.0025       0
      primary samples 5, productive 5 (100.0%), vertices/sample 4.000
      qp 295.7 rows/call, 95% of calls reached the solver, 5242 calls

Hop disposition -- what set the hop's length, median over problems.
  row         floored(<1 step)    at region   edge-limited
  qp-fixed            100.0%         0.0%           0.0%
  qp-plain            100.0%         0.0%           0.0%
  qp-adapt             52.0%        45.7%           1.5%
  qp-free             100.0%         0.0%           0.0%
  free-env              2.3%        83.0%          14.1%
  qp-env               47.9%        46.3%           5.3%

Endpoint clearance at zero margin -- min(start, goal) over all spheres.
  scene                     min    median       max affordable   problems by margin
  bookshelf_small        0.0034    0.0105    0.0106    0.0034   0:100% 0.02:  0% 0.04:  0% 0.06:  0% 0.09:  0%
  bookshelf_tall         0.0018    0.0055    0.0085    0.0018   0:100% 0.02:  0% 0.04:  0% 0.06:  0% 0.09:  0%
  bookshelf_thin         0.0026    0.0065    0.0066    0.0026   0:100% 0.02:  0% 0.04:  0% 0.06:  0% 0.09:  0%
  box                    0.0127    0.0127    0.0127    0.0127   0:100% 0.02:  0% 0.04:  0% 0.06:  0% 0.09:  0%
  cage                   0.0086    0.0127    0.0127    0.0086   0:100% 0.02:  0% 0.04:  0% 0.06:  0% 0.09:  0%
  table_pick             0.0062    0.0079    0.0080    0.0062   0:100% 0.02:  0% 0.04:  0% 0.06:  0% 0.09:  0%
  table_under_pick       0.0079    0.0082    0.0083    0.0079   0:100% 0.02:  0% 0.04:  0% 0.06:  0% 0.09:  0%

all scenes  (29 problems, 0 skipped: 0 clearance, 0 self-collision)
  rrtconnect   29/29      3.06/21.65/3586.71       3871       21    12.53        -      -     0.0001      0/20298        0     0.0025       0
      primary samples 59, productive 17 (28.8%), vertices/sample 0.343
  qp-fixed     29/29      3.66/8.89/244.53         846        9     8.91   0.0114     0%    -0.0039    244/25737        0     0.0007       0
      primary samples 2, productive 2 (100.0%), vertices/sample 5.000
      qp 268.3 rows/call, 70% of calls reached the solver, 94472 calls
  qp-plain     29/29      3.99/9.19/259.02         846        9     8.91   0.0114     0%    -0.0039    244/25737        0     0.0007       0
      primary samples 2, productive 2 (100.0%), vertices/sample 5.000
      qp 343.0 rows/call, 100% of calls reached the solver, 94472 calls
  qp-adapt     29/29      0.54/6.69/171.76         538       10     9.07   0.0237    48%    -0.0040    245/21557        0     0.0006       0
      primary samples 2, productive 2 (100.0%), vertices/sample 5.000
      qp 273.5 rows/call, 88% of calls reached the solver, 58142 calls
  qp-free      29/29      4.84/97.09/2940.76       9254       32    14.54   0.0050     0%     0.0006      0/40735        0     0.0004       0
      primary samples 69, productive 25 (36.2%), vertices/sample 0.500
  free-env     29/29      0.80/12.84/757.78         482       30    12.91   0.0903    96%     0.0000      0/21218        0     0.0000       0
      primary samples 59, productive 22 (37.3%), vertices/sample 0.494
  qp-env       29/29      0.36/3.17/141.67         235       11    10.58   0.0748    51%    -0.0051    250/20335        0     0.0008       0
      primary samples 2, productive 2 (100.0%), vertices/sample 4.000
      qp 278.8 rows/call, 91% of calls reached the solver, 40799 calls

"samples" is checked configurations for isSafe, barrier evaluations for
the three CBF rows, and SIMD configuration lanes evaluated for VAMP. They measure
sampling work, while wall time captures the very different per-sample costs.
"unsafe/audited" evaluates exact primitive clearance at every state of the
densified solution -- for each CBF row that is the rollout the planner recorded
for each edge, replayed, so it is the motion that would actually be executed,
sampled inside each step rather than only at its boundaries. Non-zero unsafe
invalidates a row however fast it was.
"missed" counts solution edges that were not on file and had to be
re-derived; it must be zero, or the audited motion is a different trajectory
from the one the planner found.


envelope hop: 10347 filter calls, 1.235 hold queries/call, 17.5% saturated, 100.0% longer than L1, past one step 89.1% (L1 alone 53.7%), gated 74.6%, empty-active 0.0%, screen-escalated 1.9%
envelope bottleneck: world 97.7%, self-collision 2.1%, unbound 0.2% (horizon or screen clip), blocked 0.0%, joint-limit clamped 0.0%
envelope binding term:
  world rows       L1 0.0%, local-L1 0.6%, speed-capped 10.7%, isotropic-anchored 88.6% (of 10108 bound calls)
  self-pair rows   L1 0.0%, local-L1 0.0%, speed-capped 0.9%, normal-anchored 99.1% (of 220 bound calls)
local-lever screen: 399952 of 663777 expensive world rows settled before the envelope (60.3%)
span handed to the rollout, in controller steps (40798 calls):
                   <1      1-2      2-4      4-8       8+
  L1 only      86.38%     7.00%     3.73%     1.54%     1.34%
  envelope     77.39%     4.55%     6.55%     5.94%     5.58%
=== CBF profiler (wall time) ===
=== CBF filter stats ===
  calls=0  unchanged=0 (0.0%)  filtered=0 (0.0%)  blocked=0 (0.0%)
  active rows:       avg=0.00  max=0
  zero-row fast path: 0 (0.0%)
  qp iterations:     avg=0.00  max=0
  certified duration: avg=0.00000s  min=0.00000s  max=0.00000s  (over 0 non-blocked calls)
  required gain:     avg=0.000/s  max=0.000/s  p50=0.000/s  p90=0.000/s  p99=0.000/s  (over 0 calls, 0 uncertified)
