
MotionBenchMaker UR5, 689 problems loaded, up to 100 per scene
voxel 0.003 m, margin 0.0000 m + 0.0000 m filter buffer, stepSize 0.001 s, range 2.00 rad, 10.0 s limit

hop certificates: old L1 Lipschitz region and new hold-time bound
Picard: off; trajectory prefixes: 0; sequential rollout budget: 10000 calls
kappa 20.00 /s, certified step uncapped, self-collision margin 0.0000 m over 303 pairs
baseline segment: 0.000650 of extent = 0.0100 rad, rollout step 0.0100 rad (matched to the rollout)
rope shortcut off, all rows unsimplified

seed 1
  planner       solved ms(min/med/max)        samples vertices     path rad/call coarse  worst clr unsafe/audited missed worst self collide

bookshelf_small  (4 problems, 0 skipped: 0 clearance, 0 self-collision)
  rrtconnect    4/4       1.92/5.29/13.34         2043       12     9.70        -      -     0.0013      0/2205         0     0.0016       0
      primary samples 27, productive 8 (29.6%), vertices/sample 1.167
  qp-fixed      4/4       4.44/6.10/14.17         1027       20    10.77   0.0118     0%    -0.0033     75/3800         0     0.0000       0
      primary samples 3, productive 3 (100.0%), vertices/sample 8.000
      qp 271.1 rows/call, 83% of calls reached the solver, 4889 calls
  qp-plain      4/4       4.87/6.74/14.48         1027       20    10.77   0.0118     0%    -0.0033     75/3800         0     0.0000       0
      primary samples 3, productive 3 (100.0%), vertices/sample 8.000
      qp 343.0 rows/call, 100% of calls reached the solver, 4889 calls
  qp-adapt      4/4       1.01/4.32/10.59          603       18    10.77   0.0185    57%    -0.0038     87/3268         0     0.0000       0
      primary samples 3, productive 3 (100.0%), vertices/sample 8.000
      qp 296.4 rows/call, 97% of calls reached the solver, 2752 calls
  qp-free       4/4       3.63/37.70/71.10         7212       21     8.02   0.0102     0%     0.0021      0/3201         0     0.0013       0
      primary samples 44, productive 13 (29.5%), vertices/sample 1.500
  free-env      4/4       0.58/3.18/9.88           239       15     8.97   0.1631    97%     0.0020      0/2362         0     0.0000       0
      primary samples 29, productive 9 (31.0%), vertices/sample 1.333
  qp-env        4/4       0.84/2.45/9.90           318       17     8.46   0.0566    45%     0.0012      0/2062         0     0.0000       0
      primary samples 4, productive 4 (100.0%), vertices/sample 8.000
      qp 293.9 rows/call, 97% of calls reached the solver, 1947 calls

bookshelf_tall  (4 problems, 0 skipped: 0 clearance, 0 self-collision)
  rrtconnect    4/4      12.37/39.05/102.31        8137       43    13.31        -      -     0.0011      0/2563         0     0.0025       0
      primary samples 144, productive 39 (27.1%), vertices/sample 0.299
  qp-fixed      4/4       5.78/13.43/18.14         1502       17    13.03   0.0112     0%    -0.0009     67/4238         0     0.0025       0
      primary samples 4, productive 3 (75.0%), vertices/sample 4.667
      qp 288.8 rows/call, 81% of calls reached the solver, 5760 calls
  qp-plain      4/4       6.22/13.67/18.44         1502       17    13.03   0.0112     0%    -0.0009     67/4238         0     0.0025       0
      primary samples 4, productive 3 (75.0%), vertices/sample 4.667
      qp 343.0 rows/call, 100% of calls reached the solver, 5760 calls
  qp-adapt      4/4       1.63/10.90/12.29         1129       21    17.15   0.0225    40%    -0.0009     67/3798         0     0.0025       0
      primary samples 5, productive 5 (100.0%), vertices/sample 4.500
      qp 300.2 rows/call, 96% of calls reached the solver, 3596 calls
  qp-free       4/4      92.72/110.09/193.96       15654       47    15.71   0.0049     0%     0.0018      0/5502         0     0.0009       0
      primary samples 102, productive 34 (33.3%), vertices/sample 0.461
  free-env      4/4       7.44/16.43/37.37          779       36    16.47   0.0811    96%     0.0003      0/3297         0     0.0025       0
      primary samples 104, productive 30 (28.8%), vertices/sample 0.425
  qp-env        4/4       0.86/5.48/8.03           541       14    11.12   0.0273    22%    -0.0008     61/2707         0     0.0025       0
      primary samples 3, productive 3 (100.0%), vertices/sample 4.667
      qp 299.5 rows/call, 98% of calls reached the solver, 1919 calls

bookshelf_thin  (5 problems, 0 skipped: 0 clearance, 0 self-collision)
  rrtconnect    5/5       6.63/8.86/46.74         1419        9    11.17        -      -     0.0006      0/2898         0     0.0025       0
      primary samples 19, productive 5 (26.3%), vertices/sample 0.474
  qp-fixed      5/5       5.20/22.20/32.13         2203       16    12.81   0.0106     0%     0.0001      0/5310         0     0.0025       0
      primary samples 6, productive 5 (83.3%), vertices/sample 2.667
      qp 261.3 rows/call, 81% of calls reached the solver, 8916 calls
  qp-plain      5/5       5.65/22.98/32.68         2203       16    12.81   0.0106     0%     0.0001      0/5310         0     0.0025       0
      primary samples 6, productive 5 (83.3%), vertices/sample 2.667
      qp 343.0 rows/call, 100% of calls reached the solver, 8916 calls
  qp-adapt      5/5       0.92/12.91/22.98         1246       16    12.79   0.0202    43%     0.0001      0/4353         0     0.0025       0
      primary samples 6, productive 5 (83.3%), vertices/sample 2.667
      qp 268.4 rows/call, 95% of calls reached the solver, 5018 calls
  qp-free       5/5      31.03/34.60/110.60        3955       25    11.52   0.0054     0%     0.0008      0/5314         0     0.0025       0
      primary samples 30, productive 15 (50.0%), vertices/sample 0.565
  free-env      5/5       6.01/16.78/71.59          676       26    13.37   0.0754    94%     0.0006      0/3853         0     0.0000       0
      primary samples 64, productive 20 (31.2%), vertices/sample 0.406
  qp-env        5/5       0.42/8.24/16.47          691       17    14.35   0.0333    37%    -0.0005      5/4337         0     0.0025       0
      primary samples 6, productive 5 (83.3%), vertices/sample 2.667
      qp 280.1 rows/call, 97% of calls reached the solver, 3610 calls

box  (4 problems, 0 skipped: 0 clearance, 0 self-collision)
  rrtconnect    4/4       2.61/8.13/8.23          3176       18    12.71        -      -     0.0096      0/2150         0     0.0025       0
      primary samples 45, productive 14 (31.1%), vertices/sample 1.000
  qp-fixed      4/4       2.31/3.53/8.96           672        7     7.95   0.0133     0%     0.0062      0/2391         0     0.0025       0
      primary samples 1, productive 1 (100.0%), vertices/sample 6.000
      qp 245.5 rows/call, 46% of calls reached the solver, 3106 calls
  qp-plain      4/4       2.71/3.91/9.56           672        7     7.95   0.0133     0%     0.0062      0/2391         0     0.0025       0
      primary samples 1, productive 1 (100.0%), vertices/sample 6.000
      qp 343.0 rows/call, 100% of calls reached the solver, 3106 calls
  qp-adapt      4/4       0.53/0.66/3.38           106        7     7.95   0.0690    99%     0.0055      0/1776         0     0.0025       0
      primary samples 1, productive 1 (100.0%), vertices/sample 6.000
      qp 261.6 rows/call, 77% of calls reached the solver, 789 calls
  qp-free       4/4       6.60/33.49/51.34         6599       27    11.75   0.0064     0%     0.0055      0/4255         0     0.0025       0
      primary samples 32, productive 19 (59.4%), vertices/sample 0.844
  free-env      4/4       3.72/4.29/7.23           329       27    14.66   0.1064    95%     0.0002      0/2748         0     0.0025       0
      primary samples 32, productive 18 (56.2%), vertices/sample 0.844
  qp-env        4/4       0.29/0.48/1.82            45        7     7.95   0.1818   100%     0.0035      0/1665         0     0.0025       0
      primary samples 1, productive 1 (100.0%), vertices/sample 6.000
      qp 265.3 rows/call, 82% of calls reached the solver, 319 calls

cage  (4 problems, 0 skipped: 0 clearance, 0 self-collision)
  rrtconnect    4/4      72.12/106.63/148.72       37626      194    16.22        -      -     0.0017      0/3114         0     0.0018       0
      primary samples 1002, productive 191 (19.1%), vertices/sample 0.194
  qp-fixed      4/4      12.10/118.22/159.21       17242       93    22.30   0.0093     0%    -0.0027     32/6493         0     0.0003       0
      primary samples 67, productive 52 (77.6%), vertices/sample 1.427
      qp 269.3 rows/call, 90% of calls reached the solver, 56865 calls
  qp-plain      4/4      13.35/121.60/172.37       17242       93    22.30   0.0093     0%    -0.0027     32/6493         0     0.0003       0
      primary samples 67, productive 52 (77.6%), vertices/sample 1.427
      qp 343.0 rows/call, 100% of calls reached the solver, 56865 calls
  qp-adapt      4/4       5.80/85.01/111.31       11417       93    22.34   0.0142    28%    -0.0029     31/5330         0     0.0003       0
      primary samples 67, productive 52 (77.6%), vertices/sample 1.427
      qp 272.2 rows/call, 97% of calls reached the solver, 36687 calls
  qp-free       4/4     459.25/533.52/1968.11      96799      249    21.29   0.0040     0%     0.0015      0/8371         0     0.0007       0
      primary samples 780, productive 237 (30.4%), vertices/sample 0.329
  free-env      4/4      64.64/184.17/441.14       13149      563    27.55   0.0749    92%     0.0000      0/4815         0     0.0023       0
      primary samples 2022, productive 536 (26.5%), vertices/sample 0.320
  qp-env        4/4       4.81/69.92/87.00         8678       93    22.38   0.0202    26%    -0.0032     34/4774         0     0.0004       0
      primary samples 67, productive 52 (77.6%), vertices/sample 1.427
      qp 269.3 rows/call, 99% of calls reached the solver, 26778 calls

table_pick  (4 problems, 0 skipped: 0 clearance, 0 self-collision)
  rrtconnect    4/4       3.79/5.89/15.16         1580       10    11.36        -      -     0.0016      0/2343         0     0.0025       0
      primary samples 22, productive 6 (27.3%), vertices/sample 1.000
  qp-fixed      4/4       4.30/5.28/16.94          739        8     9.40   0.0126     0%     0.0001      0/3502         0     0.0025       0
      primary samples 1, productive 1 (100.0%), vertices/sample 7.000
      qp 290.5 rows/call, 78% of calls reached the solver, 4329 calls
  qp-plain      4/4       4.81/6.39/17.28          739        8     9.40   0.0126     0%     0.0001      0/3502         0     0.0025       0
      primary samples 1, productive 1 (100.0%), vertices/sample 7.000
      qp 343.0 rows/call, 100% of calls reached the solver, 4329 calls
  qp-adapt      4/4       0.76/3.63/8.98           437        8     9.40   0.0232    36%     0.0005      0/2832         0     0.0025       0
      primary samples 1, productive 1 (100.0%), vertices/sample 7.000
      qp 300.5 rows/call, 93% of calls reached the solver, 1952 calls
  qp-free       4/4       6.13/39.97/73.02         6209       20    13.28   0.0056     0%     0.0025      0/5120         0     0.0014       0
      primary samples 41, productive 15 (36.6%), vertices/sample 0.545
  free-env      4/4       0.85/6.70/11.28          385       23    15.78   0.1049    99%     0.0004      0/3280         0     0.0025       0
      primary samples 41, productive 16 (39.0%), vertices/sample 0.561
  qp-env        4/4       0.50/3.09/6.65           356       12    11.63   0.0403    36%     0.0003      0/2591         0     0.0025       0
      primary samples 2, productive 2 (100.0%), vertices/sample 7.000
      qp 301.6 rows/call, 97% of calls reached the solver, 1356 calls

table_under_pick  (4 problems, 0 skipped: 0 clearance, 0 self-collision)
  rrtconnect    4/4       5.33/11.04/17.84         2494       15    13.59        -      -     0.0074      0/2871         0     0.0025       0
      primary samples 51, productive 10 (19.6%), vertices/sample 0.429
  qp-fixed      4/4      11.62/25.32/64.58         3466       29    16.88   0.0098     0%     0.0000      0/5303         0     0.0025       0
      primary samples 11, productive 11 (100.0%), vertices/sample 3.250
      qp 254.2 rows/call, 91% of calls reached the solver, 15555 calls
  qp-plain      4/4      12.78/27.12/69.76         3466       29    16.88   0.0098     0%     0.0000      0/5303         0     0.0025       0
      primary samples 11, productive 11 (100.0%), vertices/sample 3.250
      qp 343.0 rows/call, 100% of calls reached the solver, 15555 calls
  qp-adapt      4/4       6.27/43.50/49.91         5161       49    16.89   0.0158    33%     0.0000      0/4666         0     0.0025       0
      primary samples 29, productive 23 (79.3%), vertices/sample 2.545
      qp 251.4 rows/call, 98% of calls reached the solver, 14303 calls
  qp-free       4/4      17.23/50.96/60.87         8184       26    16.14   0.0060     0%     0.0074      0/5035         0     0.0005       0
      primary samples 54, productive 20 (37.0%), vertices/sample 0.857
  free-env      4/4       2.56/6.72/9.78           375       23    16.45   0.1283    99%     0.0050      0/3235         0     0.0000       0
      primary samples 51, productive 15 (29.4%), vertices/sample 0.821
  qp-env        4/4       4.62/32.12/39.11         3482       48    16.99   0.0262    30%     0.0001      0/4062         0     0.0025       0
      primary samples 29, productive 23 (79.3%), vertices/sample 2.455
      qp 249.1 rows/call, 98% of calls reached the solver, 9767 calls

Hop disposition -- what set the hop's length, median over problems.
  row         floored(<1 step)    at region   edge-limited
  qp-fixed            100.0%         0.0%           0.0%
  qp-plain            100.0%         0.0%           0.0%
  qp-adapt             63.3%        34.3%           1.2%
  qp-free             100.0%         0.0%           0.0%
  free-env              3.2%        82.3%          14.2%
  qp-env               70.2%        28.1%           2.0%

Endpoint clearance at zero margin -- min(start, goal) over all spheres.
  scene                     min    median       max affordable   problems by margin
  bookshelf_small        0.0029    0.0065    0.0069    0.0029   0:100% 0.02:  0% 0.04:  0% 0.06:  0% 0.09:  0%
  bookshelf_tall         0.0069    0.0093    0.0096    0.0069   0:100% 0.02:  0% 0.04:  0% 0.06:  0% 0.09:  0%
  bookshelf_thin         0.0039    0.0054    0.0071    0.0039   0:100% 0.02:  0% 0.04:  0% 0.06:  0% 0.09:  0%
  box                    0.0127    0.0127    0.0127    0.0127   0:100% 0.02:  0% 0.04:  0% 0.06:  0% 0.09:  0%
  cage                   0.0127    0.0127    0.0127    0.0127   0:100% 0.02:  0% 0.04:  0% 0.06:  0% 0.09:  0%
  table_pick             0.0076    0.0080    0.0080    0.0076   0:100% 0.02:  0% 0.04:  0% 0.06:  0% 0.09:  0%
  table_under_pick       0.0073    0.0077    0.0079    0.0073   0:100% 0.02:  0% 0.04:  0% 0.06:  0% 0.09:  0%

all scenes  (29 problems, 0 skipped: 0 clearance, 0 self-collision)
  rrtconnect   29/29      1.92/8.86/148.72        2662       15    12.71        -      -     0.0006      0/18144        0     0.0016       0
      primary samples 51, productive 11 (21.6%), vertices/sample 0.375
  qp-fixed     29/29      2.31/12.10/159.21        1544       14    11.69   0.0107     0%    -0.0033    174/31037        0     0.0000       0
      primary samples 4, productive 4 (100.0%), vertices/sample 4.200
      qp 261.3 rows/call, 81% of calls reached the solver, 99420 calls
  qp-plain     29/29      2.71/12.78/172.37        1544       14    11.69   0.0107     0%    -0.0033    174/31037        0     0.0000       0
      primary samples 4, productive 4 (100.0%), vertices/sample 4.200
      qp 343.0 rows/call, 100% of calls reached the solver, 99420 calls
  qp-adapt     29/29      0.53/6.27/111.31         823       16    12.54   0.0202    36%    -0.0038    185/26023        0     0.0000       0
      primary samples 5, productive 5 (100.0%), vertices/sample 4.000
      qp 268.4 rows/call, 94% of calls reached the solver, 65097 calls
  qp-free      29/29      3.63/50.96/1968.11       7549       26    13.28   0.0050     0%     0.0008      0/36798        0     0.0005       0
      primary samples 49, productive 19 (38.8%), vertices/sample 0.531
  free-env     29/29      0.58/7.23/441.14         397       26    15.32   0.0859    94%     0.0000      0/23590        0     0.0000       0
      primary samples 51, productive 18 (35.3%), vertices/sample 0.479
  qp-env       29/29      0.29/5.35/87.00          541       14    11.63   0.0299    30%    -0.0032    100/22198        0     0.0000       0
      primary samples 4, productive 4 (100.0%), vertices/sample 3.500
      qp 270.0 rows/call, 97% of calls reached the solver, 45696 calls

"samples" is checked configurations for isSafe, barrier evaluations for
the three CBF rows, and SIMD configuration lanes evaluated for VAMP. They measure
sampling work, while wall time captures the very different per-sample costs.
"unsafe/audited" evaluates exact primitive clearance at every state of the
densified solution -- for each CBF row that is the rollout the planner recorded
for each edge, replayed, so it is the motion that would actually be executed,
sampled inside each step rather than only at its boundaries. Non-zero unsafe
invalidates a row however fast it was.
"missed" counts solution edges that were not on file and had to be
re-derived; it must be zero, or the audited motion is a different trajectory
from the one the planner found.


envelope hop: 11536 filter calls, 1.225 hold queries/call, 17.3% saturated, 100.0% longer than L1, past one step 91.7% (L1 alone 51.9%), gated 74.8%, empty-active 0.0%, screen-escalated 1.3%
envelope bottleneck: world 98.1%, self-collision 1.8%, unbound 0.0% (horizon or screen clip), blocked 0.0%, joint-limit clamped 0.0%
envelope binding term:
  world rows       L1 0.0%, local-L1 0.7%, speed-capped 7.3%, isotropic-anchored 92.1% (of 11322 bound calls)
  self-pair rows   L1 0.0%, local-L1 0.0%, speed-capped 0.0%, normal-anchored 100.0% (of 209 bound calls)
local-lever screen: 311733 of 515533 expensive world rows settled before the envelope (60.5%)
span handed to the rollout, in controller steps (45696 calls):
                   <1      1-2      2-4      4-8       8+
  L1 only      86.89%     6.26%     3.77%     1.80%     1.28%
  envelope     76.85%     4.73%     7.09%     5.62%     5.71%
=== CBF profiler (wall time) ===
=== CBF filter stats ===
  calls=0  unchanged=0 (0.0%)  filtered=0 (0.0%)  blocked=0 (0.0%)
  active rows:       avg=0.00  max=0
  zero-row fast path: 0 (0.0%)
  qp iterations:     avg=0.00  max=0
  certified duration: avg=0.00000s  min=0.00000s  max=0.00000s  (over 0 non-blocked calls)
  required gain:     avg=0.000/s  max=0.000/s  p50=0.000/s  p90=0.000/s  p99=0.000/s  (over 0 calls, 0 uncertified)
