
MotionBenchMaker UR5, 689 problems loaded, up to 100 per scene
voxel 0.003 m, margin 0.0000 m + 0.0030 m filter buffer, stepSize 0.001 s, range 2.00 rad, 10.0 s limit

hop certificates: old L1 Lipschitz region and new hold-time bound
Picard: off; trajectory prefixes: 0; sequential rollout budget: 10000 calls
kappa 20.00 /s, certified step uncapped, self-collision margin 0.0000 m over 303 pairs
baseline segment: 0.000650 of extent = 0.0100 rad, rollout step 0.0100 rad (matched to the rollout)
rope shortcut off, all rows unsimplified

seed 1
  planner       solved ms(min/med/max)        samples vertices     path rad/call coarse  worst clr unsafe/audited missed worst self collide

bookshelf_small  (4 problems, 0 skipped: 0 clearance, 0 self-collision)
  rrtconnect    4/4       2.79/8.60/91.78         2160       12     7.07        -      -     0.0007      0/2015         0     0.0025       0
      primary samples 58, productive 8 (13.8%), vertices/sample 2.333
  qp-fixed      4/4       2.75/3.20/16.33          410       10     7.00   0.0152     0%     0.0052      0/2227         0     0.0025       0
      primary samples 1, productive 1 (100.0%), vertices/sample 6.000
      qp 254.5 rows/call, 37% of calls reached the solver, 2717 calls
  qp-plain      4/4       3.20/3.67/16.44          410       10     7.00   0.0152     0%     0.0052      0/2227         0     0.0025       0
      primary samples 1, productive 1 (100.0%), vertices/sample 6.000
      qp 343.0 rows/call, 100% of calls reached the solver, 2717 calls
  qp-adapt      4/4       0.47/1.65/10.47          153       10     6.99   0.1131    73%     0.0052      0/1932         0     0.0025       0
      primary samples 1, productive 1 (100.0%), vertices/sample 6.000
      qp 281.6 rows/call, 60% of calls reached the solver, 1185 calls
  qp-free       4/4      11.16/23.81/188.00        2908       14     7.76   0.0063     0%     0.0044      0/3824         0     0.0023       0
      primary samples 16, productive 7 (43.8%), vertices/sample 1.077
  free-env      4/4       2.03/11.28/26.80          608       26     8.62   0.0948    96%     0.0051      0/2310         0     0.0011       0
      primary samples 58, productive 15 (25.9%), vertices/sample 0.625
  qp-env        4/4       0.28/0.49/5.77            39        6     7.02   0.2420    76%     0.0052      0/1728         0     0.0025       0
      primary samples 1, productive 1 (100.0%), vertices/sample 6.000
      qp 295.3 rows/call, 52% of calls reached the solver, 539 calls

bookshelf_tall  (4 problems, 1 skipped: 1 clearance, 0 self-collision)
  rrtconnect    3/3       9.39/84.75/88.50        11401       57    12.10        -      -     0.0030      0/1914         0     0.0022       0
      primary samples 224, productive 53 (23.7%), vertices/sample 0.254
  qp-fixed      3/3       6.44/26.73/31.71         1919       11    10.14   0.0102     0%     0.0044      0/2364         0     0.0025       0
      primary samples 6, productive 4 (66.7%), vertices/sample 1.875
      qp 284.5 rows/call, 66% of calls reached the solver, 4749 calls
  qp-plain      3/3       6.86/26.94/32.73         1919       11    10.14   0.0102     0%     0.0044      0/2364         0     0.0025       0
      primary samples 6, productive 4 (66.7%), vertices/sample 1.875
      qp 343.0 rows/call, 100% of calls reached the solver, 4749 calls
  qp-adapt      3/3       2.64/16.06/19.71         1044       11    10.15   0.0187    34%     0.0044      0/1888         0     0.0025       0
      primary samples 6, productive 4 (66.7%), vertices/sample 1.875
      qp 303.7 rows/call, 93% of calls reached the solver, 2518 calls
  qp-free       3/3      26.74/152.65/240.35       13119       52    16.09   0.0059     0%     0.0044      0/4194         0     0.0025       0
      primary samples 129, productive 39 (30.2%), vertices/sample 0.403
  free-env      3/3       3.96/33.44/39.27         1098       50    16.16   0.0840    97%     0.0041      0/2573         0     0.0025       0
      primary samples 135, productive 43 (31.9%), vertices/sample 0.370
  qp-env        3/3       0.98/10.23/15.27          621       15    10.16   0.0316    36%     0.0043      0/1816         0     0.0025       0
      primary samples 5, productive 4 (80.0%), vertices/sample 3.000
      qp 303.6 rows/call, 97% of calls reached the solver, 1618 calls

bookshelf_thin  (4 problems, 0 skipped: 0 clearance, 0 self-collision)
  rrtconnect    4/4      23.33/118.94/269.85       11215       55    17.56        -      -     0.0012      0/2962         0     0.0010       0
      primary samples 182, productive 51 (28.0%), vertices/sample 0.500
  qp-fixed      4/4       8.60/14.31/28.66          912       11     9.64   0.0123     0%     0.0037      0/2983         0     0.0025       0
      primary samples 2, productive 2 (100.0%), vertices/sample 5.500
      qp 266.0 rows/call, 59% of calls reached the solver, 4178 calls
  qp-plain      4/4       9.10/14.86/31.48          912       11     9.64   0.0123     0%     0.0037      0/2983         0     0.0025       0
      primary samples 2, productive 2 (100.0%), vertices/sample 5.500
      qp 343.0 rows/call, 100% of calls reached the solver, 4178 calls
  qp-adapt      4/4       3.98/8.49/16.44          488       10     9.64   0.0305    33%     0.0037      0/2413         0     0.0025       0
      primary samples 2, productive 2 (100.0%), vertices/sample 5.000
      qp 263.4 rows/call, 93% of calls reached the solver, 2009 calls
  qp-free       4/4      92.05/211.03/1994.79      14385       49    13.16   0.0058     0%     0.0040      0/4132         0     0.0025       0
      primary samples 122, productive 42 (34.4%), vertices/sample 0.405
  free-env      4/4      17.32/43.19/362.11        1072       47    13.27   0.0878    96%     0.0037      0/3046         0     0.0010       0
      primary samples 126, productive 43 (34.1%), vertices/sample 0.511
  qp-env        4/4       2.74/5.86/12.03          333       11     9.65   0.0344    29%     0.0037      0/2204         0     0.0025       0
      primary samples 2, productive 2 (100.0%), vertices/sample 6.000
      qp 254.5 rows/call, 96% of calls reached the solver, 1369 calls

box  (4 problems, 0 skipped: 0 clearance, 0 self-collision)
  rrtconnect    4/4       5.45/9.10/17.09         2393       14    13.33        -      -     0.0018      0/2585         0     0.0025       0
      primary samples 33, productive 9 (27.3%), vertices/sample 0.875
  qp-fixed      4/4       3.35/3.84/8.96           422        6     5.67   0.0125     0%     0.0037      0/1931         0     0.0025       0
      primary samples 1, productive 1 (100.0%), vertices/sample 5.000
      qp 275.2 rows/call, 43% of calls reached the solver, 2292 calls
  qp-plain      4/4       3.69/3.92/9.81           422        6     5.67   0.0125     0%     0.0037      0/1931         0     0.0025       0
      primary samples 1, productive 1 (100.0%), vertices/sample 5.000
      qp 343.0 rows/call, 100% of calls reached the solver, 2292 calls
  qp-adapt      4/4       0.75/1.72/3.32           179        6     5.67   0.0383    50%     0.0037      0/1513         0     0.0025       0
      primary samples 1, productive 1 (100.0%), vertices/sample 5.000
      qp 292.6 rows/call, 81% of calls reached the solver, 746 calls
  qp-free       4/4      29.02/159.49/179.98       19754       63    11.70   0.0049     0%     0.0072      0/5295         0     0.0023       0
      primary samples 123, productive 53 (43.1%), vertices/sample 0.534
  free-env      4/4       4.00/16.17/19.82          826       50    11.93   0.0997    94%     0.0036      0/2975         0     0.0025       0
      primary samples 90, productive 40 (44.4%), vertices/sample 0.556
  qp-env        4/4       0.45/1.35/2.16           128        6     5.67   0.0787    57%     0.0036      0/1419         0     0.0025       0
      primary samples 1, productive 1 (100.0%), vertices/sample 5.000
      qp 292.8 rows/call, 82% of calls reached the solver, 429 calls

cage  (5 problems, 0 skipped: 0 clearance, 0 self-collision)
  rrtconnect    5/5     192.01/513.89/973.73      117154      668    20.62        -      -     0.0005      0/5313         0     0.0003       0
      primary samples 3676, productive 665 (18.1%), vertices/sample 0.176
  qp-fixed      5/5      35.59/146.18/624.57       14366       62    20.32   0.0086     0%     0.0030      0/8707         0     0.0025       0
      primary samples 51, productive 37 (72.5%), vertices/sample 1.318
      qp 272.8 rows/call, 87% of calls reached the solver, 111903 calls
  qp-plain      5/5      36.60/149.87/650.34       14366       62    20.32   0.0086     0%     0.0030      0/8707         0     0.0025       0
      primary samples 51, productive 37 (72.5%), vertices/sample 1.318
      qp 343.0 rows/call, 100% of calls reached the solver, 111903 calls
  qp-adapt      5/5      21.33/96.04/463.92        8776       62    20.38   0.0135    26%     0.0030      0/6892         0     0.0025       0
      primary samples 51, productive 37 (72.5%), vertices/sample 1.318
      qp 272.4 rows/call, 98% of calls reached the solver, 73536 calls
  qp-free       5/5    2170.71/3398.72/7356.32     407817      982    19.47   0.0035     0%     0.0045      0/11486        0     0.0025       0
      primary samples 3343, productive 948 (28.4%), vertices/sample 0.278
  free-env      5/5     106.84/344.37/795.31       18558      710    22.65   0.0625    91%     0.0031      0/6188         0     0.0017       0
      primary samples 2699, productive 690 (25.6%), vertices/sample 0.277
  qp-env        5/5       8.80/78.16/371.55        6840       61    21.61   0.0174    20%     0.0031      0/6507         0     0.0013       0
      primary samples 51, productive 37 (72.5%), vertices/sample 1.271
      qp 271.8 rows/call, 99% of calls reached the solver, 54685 calls

table_pick  (4 problems, 0 skipped: 0 clearance, 0 self-collision)
  rrtconnect    4/4       4.96/12.02/18.51         1878       12     9.49        -      -     0.0027      0/1950         0     0.0024       0
      primary samples 16, productive 7 (43.8%), vertices/sample 1.000
  qp-fixed      4/4       5.44/7.03/7.33           699        7     8.39   0.0127     0%     0.0062      0/2539         0     0.0025       0
      primary samples 1, productive 1 (100.0%), vertices/sample 7.000
      qp 239.6 rows/call, 40% of calls reached the solver, 2535 calls
  qp-plain      4/4       5.61/8.14/9.24           699        7     8.39   0.0127     0%     0.0062      0/2539         0     0.0025       0
      primary samples 1, productive 1 (100.0%), vertices/sample 7.000
      qp 343.0 rows/call, 100% of calls reached the solver, 2535 calls
  qp-adapt      4/4       0.87/1.19/2.12           103        7     8.39   0.1062    75%     0.0062      0/1797         0     0.0025       0
      primary samples 1, productive 1 (100.0%), vertices/sample 7.000
      qp 276.1 rows/call, 67% of calls reached the solver, 412 calls
  qp-free       4/4      18.78/37.02/58.57         3432       20    13.04   0.0080     0%     0.0047      0/3926         0     0.0025       0
      primary samples 28, productive 11 (39.3%), vertices/sample 0.812
  free-env      4/4       1.40/4.40/10.19          160       12    11.96   0.1666    96%     0.0048      0/2640         0     0.0025       0
      primary samples 16, productive 7 (43.8%), vertices/sample 1.111
  qp-env        4/4       0.69/0.89/3.13            62       14    11.33   0.1951    70%     0.0060      0/2379         0     0.0016       0
      primary samples 2, productive 2 (100.0%), vertices/sample 7.000
      qp 278.1 rows/call, 72% of calls reached the solver, 354 calls

table_under_pick  (4 problems, 0 skipped: 0 clearance, 0 self-collision)
  rrtconnect    4/4       6.10/18.58/52.60         3200       18    17.64        -      -     0.0004      0/3074         0     0.0001       0
      primary samples 61, productive 13 (21.3%), vertices/sample 0.348
  qp-fixed      4/4       6.38/33.18/86.99         2764       21     9.75   0.0138     0%     0.0047      0/3099         0     0.0010       0
      primary samples 9, productive 9 (100.0%), vertices/sample 8.000
      qp 283.5 rows/call, 91% of calls reached the solver, 10987 calls
  qp-plain      4/4       6.79/33.57/84.66         2764       21     9.75   0.0138     0%     0.0047      0/3099         0     0.0010       0
      primary samples 9, productive 9 (100.0%), vertices/sample 8.000
      qp 343.0 rows/call, 100% of calls reached the solver, 10987 calls
  qp-adapt      4/4       1.05/19.51/73.65         1500       21     9.76   0.0770    63%     0.0046      0/2943         0     0.0012       0
      primary samples 9, productive 9 (100.0%), vertices/sample 8.000
      qp 302.4 rows/call, 96% of calls reached the solver, 7538 calls
  qp-free       4/4       7.55/105.10/243.04       10365       31    13.64   0.0051     0%     0.0043      0/5030         0     0.0025       0
      primary samples 90, productive 24 (26.7%), vertices/sample 0.374
  free-env      4/4       1.25/17.38/43.66          629       22    12.61   0.0780    91%     0.0034      0/2579         0     0.0025       0
      primary samples 90, productive 16 (17.8%), vertices/sample 0.345
  qp-env        4/4       0.74/11.36/24.48          708       21     9.77   0.1762    62%     0.0038      0/2324         0     0.0010       0
      primary samples 9, productive 8 (88.9%), vertices/sample 7.000
      qp 298.4 rows/call, 97% of calls reached the solver, 2678 calls

Hop disposition -- what set the hop's length, median over problems.
  row         floored(<1 step)    at region   edge-limited
  qp-fixed            100.0%         0.0%           0.0%
  qp-plain            100.0%         0.0%           0.0%
  qp-adapt             53.3%        47.2%           1.7%
  qp-free             100.0%         0.0%           0.0%
  free-env              4.7%        83.3%          12.1%
  qp-env               53.5%        43.7%           4.2%

Endpoint clearance at zero margin -- min(start, goal) over all spheres.
  scene                     min    median       max affordable   problems by margin
  bookshelf_small        0.0052    0.0095    0.0102    0.0052   0:100% 0.02:  0% 0.04:  0% 0.06:  0% 0.09:  0%
  bookshelf_tall         0.0030    0.0082    0.0084    0.0030   0:100% 0.02:  0% 0.04:  0% 0.06:  0% 0.09:  0%
  bookshelf_thin         0.0040    0.0072    0.0072    0.0040   0:100% 0.02:  0% 0.04:  0% 0.06:  0% 0.09:  0%
  box                    0.0127    0.0127    0.0127    0.0127   0:100% 0.02:  0% 0.04:  0% 0.06:  0% 0.09:  0%
  cage                   0.0127    0.0127    0.0127    0.0127   0:100% 0.02:  0% 0.04:  0% 0.06:  0% 0.09:  0%
  table_pick             0.0079    0.0081    0.0082    0.0079   0:100% 0.02:  0% 0.04:  0% 0.06:  0% 0.09:  0%
  table_under_pick       0.0046    0.0080    0.0083    0.0046   0:100% 0.02:  0% 0.04:  0% 0.06:  0% 0.09:  0%

all scenes  (29 problems, 1 skipped: 1 clearance, 0 self-collision)
  rrtconnect   28/28      2.79/18.58/973.73        3213       18    13.05        -      -     0.0004      0/19813        0     0.0001       0
      primary samples 58, productive 13 (22.4%), vertices/sample 0.364
  qp-fixed     28/28      2.75/8.96/624.57         834       11     9.64   0.0123     0%     0.0030      0/23850        0     0.0010       0
      primary samples 2, productive 2 (100.0%), vertices/sample 5.000
      qp 265.0 rows/call, 52% of calls reached the solver, 139361 calls
  qp-plain     28/28      3.20/9.81/650.34         834       11     9.64   0.0123     0%     0.0030      0/23850        0     0.0010       0
      primary samples 2, productive 2 (100.0%), vertices/sample 5.000
      qp 343.0 rows/call, 100% of calls reached the solver, 139361 calls
  qp-adapt     28/28      0.47/3.98/463.92         320       10     9.64   0.0347    49%     0.0030      0/19378        0     0.0012       0
      primary samples 2, productive 2 (100.0%), vertices/sample 5.000
      qp 278.4 rows/call, 91% of calls reached the solver, 87944 calls
  qp-free      28/28      7.55/152.65/7356.32      12040       44    13.04   0.0054     0%     0.0040      0/37887        0     0.0023       0
      primary samples 121, productive 39 (32.2%), vertices/sample 0.449
  free-env     28/28      1.25/17.38/795.31         629       31    12.94   0.0829    94%     0.0031      0/22311        0     0.0010       0
      primary samples 90, productive 23 (25.6%), vertices/sample 0.448
  qp-env       28/28      0.28/3.13/371.55         202       12     9.77   0.0662    51%     0.0031      0/18377        0     0.0010       0
      primary samples 2, productive 2 (100.0%), vertices/sample 5.000
      qp 278.2 rows/call, 93% of calls reached the solver, 61672 calls

"samples" is checked configurations for isSafe, barrier evaluations for
the three CBF rows, and SIMD configuration lanes evaluated for VAMP. They measure
sampling work, while wall time captures the very different per-sample costs.
"unsafe/audited" evaluates exact primitive clearance at every state of the
densified solution -- for each CBF row that is the rollout the planner recorded
for each edge, replayed, so it is the motion that would actually be executed,
sampled inside each step rather than only at its boundaries. Non-zero unsafe
invalidates a row however fast it was.
"missed" counts solution edges that were not on file and had to be
re-derived; it must be zero, or the audited motion is a different trajectory
from the one the planner found.


envelope hop: 14388 filter calls, 1.196 hold queries/call, 15.3% saturated, 100.0% longer than L1, past one step 91.8% (L1 alone 53.8%), gated 76.7%, empty-active 0.0%, screen-escalated 1.3%
envelope bottleneck: world 97.7%, self-collision 2.2%, unbound 0.0% (horizon or screen clip), blocked 0.0%, joint-limit clamped 0.0%
envelope binding term:
  world rows       L1 0.0%, local-L1 0.6%, speed-capped 6.1%, isotropic-anchored 93.3% (of 14063 bound calls)
  self-pair rows   L1 0.0%, local-L1 0.0%, speed-capped 0.6%, normal-anchored 99.4% (of 319 bound calls)
local-lever screen: 479899 of 798171 expensive world rows settled before the envelope (60.1%)
span handed to the rollout, in controller steps (61671 calls):
                   <1      1-2      2-4      4-8       8+
  L1 only      87.44%     6.52%     3.39%     1.56%     1.07%
  envelope     78.57%     5.42%     6.54%     4.67%     4.81%
=== CBF profiler (wall time) ===
=== CBF filter stats ===
  calls=0  unchanged=0 (0.0%)  filtered=0 (0.0%)  blocked=0 (0.0%)
  active rows:       avg=0.00  max=0
  zero-row fast path: 0 (0.0%)
  qp iterations:     avg=0.00  max=0
  certified duration: avg=0.00000s  min=0.00000s  max=0.00000s  (over 0 non-blocked calls)
  required gain:     avg=0.000/s  max=0.000/s  p50=0.000/s  p90=0.000/s  p99=0.000/s  (over 0 calls, 0 uncertified)
