
MotionBenchMaker UR5, 689 problems loaded, up to 100 per scene
voxel 0.003 m, margin 0.0000 m + 0.0030 m filter buffer, stepSize 0.001 s, range 2.00 rad, 10.0 s limit

hop certificates: old L1 Lipschitz region and new hold-time bound
Picard: off; trajectory prefixes: 0; sequential rollout budget: 10000 calls
kappa 20.00 /s, certified step uncapped, self-collision margin 0.0000 m over 303 pairs
baseline segment: 0.000650 of extent = 0.0100 rad, rollout step 0.0100 rad (matched to the rollout)
rope shortcut off, all rows unsimplified

seed 1
  planner       solved ms(min/med/max)        samples vertices     path rad/call coarse  worst clr unsafe/audited missed worst self collide

bookshelf_small  (4 problems, 0 skipped: 0 clearance, 0 self-collision)
  rrtconnect    4/4      10.85/36.53/99.66        14056       70    17.91        -      -     0.0044      0/3287         0     0.0025       0
      primary samples 258, productive 66 (25.6%), vertices/sample 0.338
  qp-fixed      4/4       4.54/7.87/9.26          1306       11    10.86   0.0115     0%     0.0035      0/3472         0     0.0025       0
      primary samples 3, productive 3 (100.0%), vertices/sample 6.500
      qp 268.7 rows/call, 56% of calls reached the solver, 4822 calls
  qp-plain      4/4       4.66/8.39/10.75         1306       11    10.86   0.0115     0%     0.0035      0/3472         0     0.0025       0
      primary samples 3, productive 3 (100.0%), vertices/sample 6.500
      qp 343.0 rows/call, 100% of calls reached the solver, 4822 calls
  qp-adapt      4/4       2.84/4.62/4.69           635       11    10.86   0.0221    22%     0.0035      0/2821         0     0.0025       0
      primary samples 3, productive 3 (100.0%), vertices/sample 6.500
      qp 279.0 rows/call, 92% of calls reached the solver, 2304 calls
  qp-free       4/4      47.85/80.63/354.31       15262       59    18.95   0.0062     0%     0.0035      0/6508         0     0.0025       0
      primary samples 123, productive 47 (38.2%), vertices/sample 0.479
  free-env      4/4       4.62/13.34/22.49         1020       57    16.55   0.1054    95%     0.0034      0/3436         0     0.0025       0
      primary samples 145, productive 51 (35.2%), vertices/sample 0.443
  qp-env        4/4       2.22/3.41/3.82           425       11    10.86   0.0407    26%     0.0035      0/2555         0     0.0025       0
      primary samples 3, productive 3 (100.0%), vertices/sample 6.000
      qp 279.9 rows/call, 94% of calls reached the solver, 1515 calls

bookshelf_tall  (4 problems, 1 skipped: 0 clearance, 1 self-collision)
  rrtconnect    3/3      17.92/42.67/233.02        8928       45    13.55        -      -     0.0008      0/2002         0     0.0005       0
      primary samples 212, productive 42 (19.8%), vertices/sample 0.212
  qp-fixed      3/3       9.72/16.29/21.57         1861       14    12.23   0.0102     0%     0.0040      0/2866         0     0.0025       0
      primary samples 4, productive 4 (100.0%), vertices/sample 3.500
      qp 300.9 rows/call, 72% of calls reached the solver, 5469 calls
  qp-plain      3/3      10.23/17.23/21.54         1861       14    12.23   0.0102     0%     0.0040      0/2866         0     0.0025       0
      primary samples 4, productive 4 (100.0%), vertices/sample 3.500
      qp 343.0 rows/call, 100% of calls reached the solver, 5469 calls
  qp-adapt      3/3       6.58/9.89/12.41         1005       14    12.24   0.0189    26%     0.0038      0/2315         0     0.0025       0
      primary samples 4, productive 4 (100.0%), vertices/sample 3.500
      qp 306.3 rows/call, 92% of calls reached the solver, 2898 calls
  qp-free       3/3      37.23/40.23/246.42        5503       34    15.21   0.0053     0%     0.0043      0/4576         0     0.0021       0
      primary samples 40, productive 18 (45.0%), vertices/sample 0.575
  free-env      3/3       1.80/6.84/34.22          341       24     9.83   0.0935    97%     0.0034      0/2093         0     0.0025       0
      primary samples 38, productive 17 (44.7%), vertices/sample 0.632
  qp-env        3/3       5.34/6.29/6.39           569       14    10.24   0.0335    22%     0.0040      0/1728         0     0.0025       0
      primary samples 4, productive 4 (100.0%), vertices/sample 3.500
      qp 305.5 rows/call, 97% of calls reached the solver, 1588 calls

bookshelf_thin  (4 problems, 1 skipped: 1 clearance, 0 self-collision)
  rrtconnect    3/3      11.42/17.85/91.16         2798       14    11.55        -      -     0.0063      0/1877         0     0.0025       0
      primary samples 38, productive 11 (28.9%), vertices/sample 0.368
  qp-fixed      3/3       3.49/6.67/27.57          723       12     8.13   0.0112     0%    -0.0023     12/2316         0     0.0025       0
      primary samples 1, productive 1 (100.0%), vertices/sample 7.000
      qp 261.3 rows/call, 56% of calls reached the solver, 3763 calls
  qp-plain      3/3       3.58/7.05/28.25          723       12     8.13   0.0112     0%    -0.0023     12/2316         0     0.0025       0
      primary samples 1, productive 1 (100.0%), vertices/sample 7.000
      qp 343.0 rows/call, 100% of calls reached the solver, 3763 calls
  qp-adapt      3/3       0.89/2.18/18.57          195       12     8.12   0.0417    41%    -0.0048      4/1769         0     0.0025       0
      primary samples 1, productive 1 (100.0%), vertices/sample 7.000
      qp 290.1 rows/call, 77% of calls reached the solver, 1945 calls
  qp-free       3/3      51.89/55.33/68.63         6292       23    12.14   0.0053     0%     0.0058      0/3024         0     0.0025       0
      primary samples 56, productive 19 (33.9%), vertices/sample 0.421
  free-env      3/3       9.47/10.55/12.74          444       18    12.28   0.0791    98%     0.0038      0/1912         0     0.0025       0
      primary samples 56, productive 14 (25.0%), vertices/sample 0.395
  qp-env        3/3       0.58/1.19/15.36           86       14     8.17   0.0950    47%    -0.0016     12/1748         0     0.0025       0
      primary samples 1, productive 1 (100.0%), vertices/sample 7.000
      qp 286.3 rows/call, 81% of calls reached the solver, 1443 calls

box  (5 problems, 0 skipped: 0 clearance, 0 self-collision)
  rrtconnect    5/5       2.07/5.84/10.24         2243       13     9.80        -      -     0.0066      0/2276         0     0.0025       0
      primary samples 24, productive 9 (37.5%), vertices/sample 0.542
  qp-fixed      5/5       2.03/3.51/15.02          606        8     7.67   0.0127     0%     0.0043      0/3481         0     0.0025       0
      primary samples 1, productive 1 (100.0%), vertices/sample 6.000
      qp 258.4 rows/call, 80% of calls reached the solver, 5266 calls
  qp-plain      5/5       2.13/3.81/15.92          606        8     7.67   0.0127     0%     0.0043      0/3481         0     0.0025       0
      primary samples 1, productive 1 (100.0%), vertices/sample 6.000
      qp 343.0 rows/call, 100% of calls reached the solver, 5266 calls
  qp-adapt      5/5       0.83/1.26/7.61           160       11     7.67   0.0332    75%     0.0043      0/2631         0     0.0025       0
      primary samples 1, productive 1 (100.0%), vertices/sample 6.000
      qp 269.1 rows/call, 92% of calls reached the solver, 2089 calls
  qp-free       5/5      21.55/45.35/153.38        8794       31    15.62   0.0058     0%     0.0049      0/8186         0     0.0025       0
      primary samples 44, productive 23 (52.3%), vertices/sample 0.705
  free-env      5/5       2.54/11.19/14.39          843       48    15.71   0.0911    96%     0.0032      0/4855         0     0.0025       0
      primary samples 86, productive 33 (38.4%), vertices/sample 0.558
  qp-env        5/5       0.40/0.61/17.90           73       12     7.66   0.0733    68%     0.0035      0/2771         0     0.0025       0
      primary samples 1, productive 1 (100.0%), vertices/sample 6.000
      qp 273.7 rows/call, 93% of calls reached the solver, 2848 calls

cage  (4 problems, 0 skipped: 0 clearance, 0 self-collision)
  rrtconnect    4/4     111.79/417.78/603.74      146876      860    20.45        -      -     0.0022      0/3941         0     0.0023       0
      primary samples 5201, productive 855 (16.4%), vertices/sample 0.178
  qp-fixed      4/4      15.34/107.55/257.61       15307       75    22.93   0.0090     0%     0.0030      0/6116         0     0.0011       0
      primary samples 57, productive 40 (70.2%), vertices/sample 1.578
      qp 275.6 rows/call, 89% of calls reached the solver, 66913 calls
  qp-plain      4/4      16.29/113.07/264.92       15307       75    22.93   0.0090     0%     0.0030      0/6116         0     0.0011       0
      primary samples 57, productive 40 (70.2%), vertices/sample 1.578
      qp 343.0 rows/call, 100% of calls reached the solver, 66913 calls
  qp-adapt      4/4       8.36/72.18/189.41        9349       75    22.94   0.0147    37%     0.0030      0/5109         0     0.0011       0
      primary samples 57, productive 40 (70.2%), vertices/sample 1.556
      qp 277.7 rows/call, 97% of calls reached the solver, 42904 calls
  qp-free       4/4     612.93/2865.77/5914.90     511075     1142    13.54   0.0036     0%     0.0051      0/6398         0     0.0025       0
      primary samples 4334, productive 1106 (25.5%), vertices/sample 0.280
  free-env      4/4     110.80/174.68/663.74       12312      518    30.67   0.0646    94%     0.0031      0/5736         0     0.0011       0
      primary samples 1912, productive 493 (25.8%), vertices/sample 0.280
  qp-env        4/4       6.22/160.03/203.14       20228      158    22.93   0.0196    36%     0.0027      0/5213         0     0.0011       0
      primary samples 145, productive 97 (66.9%), vertices/sample 1.533
      qp 278.9 rows/call, 99% of calls reached the solver, 51420 calls

table_pick  (4 problems, 0 skipped: 0 clearance, 0 self-collision)
  rrtconnect    4/4       3.47/5.54/5.97          1417        9    10.18        -      -     0.0010      0/2096         0     0.0025       0
      primary samples 8, productive 4 (50.0%), vertices/sample 1.000
  qp-fixed      4/4       4.02/5.79/6.59           762        7     9.04   0.0127     0%     0.0058      0/2535         0     0.0025       0
      primary samples 2, productive 2 (100.0%), vertices/sample 7.000
      qp 261.9 rows/call, 36% of calls reached the solver, 3099 calls
  qp-plain      4/4       4.65/5.90/7.18           762        7     9.04   0.0127     0%     0.0058      0/2535         0     0.0025       0
      primary samples 2, productive 2 (100.0%), vertices/sample 7.000
      qp 343.0 rows/call, 100% of calls reached the solver, 3099 calls
  qp-adapt      4/4       0.53/2.30/3.04           285        7     9.07   0.0671    58%     0.0058      0/1785         0     0.0025       0
      primary samples 2, productive 2 (100.0%), vertices/sample 7.000
      qp 269.4 rows/call, 78% of calls reached the solver, 837 calls
  qp-free       4/4      29.62/70.60/297.28       11094       35    17.68   0.0056     0%     0.0051      0/4777         0     0.0025       0
      primary samples 100, productive 31 (31.0%), vertices/sample 0.517
  free-env      4/4       5.60/12.51/51.17          706       35    13.70   0.0875    97%     0.0034      0/2938         0     0.0021       0
      primary samples 100, productive 31 (31.0%), vertices/sample 0.566
  qp-env        4/4       0.44/1.36/2.95           141        7     9.11   0.1315    50%     0.0058      0/1696         0     0.0025       0
      primary samples 2, productive 2 (100.0%), vertices/sample 7.000
      qp 267.4 rows/call, 83% of calls reached the solver, 554 calls

table_under_pick  (4 problems, 0 skipped: 0 clearance, 0 self-collision)
  rrtconnect    4/4       5.77/10.13/15.53         2646       15    13.10        -      -     0.0010      0/2861         0     0.0006       0
      primary samples 64, productive 10 (15.6%), vertices/sample 0.391
  qp-fixed      4/4       3.61/7.45/18.13         1076       15    10.09   0.0133     0%     0.0031      0/3139         0     0.0010       0
      primary samples 2, productive 2 (100.0%), vertices/sample 8.000
      qp 268.7 rows/call, 72% of calls reached the solver, 4907 calls
  qp-plain      4/4       3.79/7.93/19.84         1076       15    10.09   0.0133     0%     0.0031      0/3139         0     0.0010       0
      primary samples 2, productive 2 (100.0%), vertices/sample 8.000
      qp 343.0 rows/call, 100% of calls reached the solver, 4907 calls
  qp-adapt      4/4       1.03/3.99/12.73          504       15    10.09   0.0510    71%     0.0031      0/2679         0     0.0010       0
      primary samples 2, productive 2 (100.0%), vertices/sample 8.000
      qp 295.0 rows/call, 89% of calls reached the solver, 2426 calls
  qp-free       4/4      23.59/52.55/72.20         8096       29    11.56   0.0064     0%     0.0052      0/3866         0     0.0024       0
      primary samples 64, productive 24 (37.5%), vertices/sample 0.486
  free-env      4/4       4.29/8.38/10.36          486       28    13.72   0.1005    96%     0.0043      0/2702         0     0.0014       0
      primary samples 69, productive 24 (34.8%), vertices/sample 0.457
  qp-env        4/4       0.89/1.64/9.26           193       16    11.35   0.0872    55%     0.0031      0/2554         0     0.0011       0
      primary samples 4, productive 4 (100.0%), vertices/sample 6.000
      qp 294.7 rows/call, 87% of calls reached the solver, 1481 calls

Hop disposition -- what set the hop's length, median over problems.
  row         floored(<1 step)    at region   edge-limited
  qp-fixed            100.0%         0.0%           0.0%
  qp-plain            100.0%         0.0%           0.0%
  qp-adapt             58.5%        40.2%           1.4%
  qp-free             100.0%         0.0%           0.0%
  free-env              2.0%        84.4%          13.6%
  qp-env               63.6%        35.4%           3.0%

Endpoint clearance at zero margin -- min(start, goal) over all spheres.
  scene                     min    median       max affordable   problems by margin
  bookshelf_small        0.0051    0.0095    0.0096    0.0051   0:100% 0.02:  0% 0.04:  0% 0.06:  0% 0.09:  0%
  bookshelf_tall         0.0001    0.0069    0.0098    0.0001   0:100% 0.02:  0% 0.04:  0% 0.06:  0% 0.09:  0%
  bookshelf_thin         0.0025    0.0068    0.0083    0.0025   0:100% 0.02:  0% 0.04:  0% 0.06:  0% 0.09:  0%
  box                    0.0127    0.0127    0.0127    0.0127   0:100% 0.02:  0% 0.04:  0% 0.06:  0% 0.09:  0%
  cage                   0.0127    0.0127    0.0127    0.0127   0:100% 0.02:  0% 0.04:  0% 0.06:  0% 0.09:  0%
  table_pick             0.0059    0.0076    0.0078    0.0059   0:100% 0.02:  0% 0.04:  0% 0.06:  0% 0.09:  0%
  table_under_pick       0.0066    0.0080    0.0080    0.0066   0:100% 0.02:  0% 0.04:  0% 0.06:  0% 0.09:  0%

all scenes  (29 problems, 2 skipped: 1 clearance, 1 self-collision)
  rrtconnect   27/27      2.07/11.42/603.74        3780       21    13.10        -      -     0.0008      0/18340        0     0.0005       0
      primary samples 64, productive 16 (25.0%), vertices/sample 0.368
  qp-fixed     27/27      2.03/7.45/257.61        1167       12     9.49   0.0112     0%    -0.0023     12/23925        0     0.0010       0
      primary samples 2, productive 2 (100.0%), vertices/sample 4.667
      qp 262.5 rows/call, 68% of calls reached the solver, 94239 calls
  qp-plain     27/27      2.13/7.93/264.92        1167       12     9.49   0.0112     0%    -0.0023     12/23925        0     0.0010       0
      primary samples 2, productive 2 (100.0%), vertices/sample 4.667
      qp 343.0 rows/call, 100% of calls reached the solver, 94239 calls
  qp-adapt     27/27      0.53/3.99/189.41         594       11     9.49   0.0242    41%    -0.0048      4/19109        0     0.0010       0
      primary samples 2, productive 2 (100.0%), vertices/sample 4.167
      qp 277.7 rows/call, 91% of calls reached the solver, 55403 calls
  qp-free      27/27     21.55/55.33/5914.90       9136       35    14.97   0.0054     0%     0.0035      0/37335        0     0.0021       0
      primary samples 69, productive 29 (42.0%), vertices/sample 0.453
  free-env     27/27      1.80/10.55/663.74         535       35    14.78   0.0865    96%     0.0031      0/23672        0     0.0011       0
      primary samples 79, productive 29 (36.7%), vertices/sample 0.443
  qp-env       27/27      0.40/2.58/203.14         302       12     9.56   0.0407    36%    -0.0016     12/18265        0     0.0011       0
      primary samples 3, productive 2 (66.7%), vertices/sample 4.000
      qp 277.4 rows/call, 94% of calls reached the solver, 60849 calls

"samples" is checked configurations for isSafe, barrier evaluations for
the three CBF rows, and SIMD configuration lanes evaluated for VAMP. They measure
sampling work, while wall time captures the very different per-sample costs.
"unsafe/audited" evaluates exact primitive clearance at every state of the
densified solution -- for each CBF row that is the rollout the planner recorded
for each edge, replayed, so it is the motion that would actually be executed,
sampled inside each step rather than only at its boundaries. Non-zero unsafe
invalidates a row however fast it was.
"missed" counts solution edges that were not on file and had to be
re-derived; it must be zero, or the audited motion is a different trajectory
from the one the planner found.


envelope hop: 12373 filter calls, 1.204 hold queries/call, 15.5% saturated, 100.0% longer than L1, past one step 94.5% (L1 alone 55.2%), gated 79.7%, empty-active 0.0%, screen-escalated 1.7%
envelope bottleneck: world 97.3%, self-collision 2.5%, unbound 0.1% (horizon or screen clip), blocked 0.0%, joint-limit clamped 0.0%
envelope binding term:
  world rows       L1 0.0%, local-L1 0.5%, speed-capped 3.7%, isotropic-anchored 95.8% (of 12044 bound calls)
  self-pair rows   L1 0.0%, local-L1 0.0%, speed-capped 0.0%, normal-anchored 100.0% (of 311 bound calls)
local-lever screen: 377792 of 620720 expensive world rows settled before the envelope (60.9%)
span handed to the rollout, in controller steps (60849 calls):
                   <1      1-2      2-4      4-8       8+
  L1 only      88.78%     5.51%     3.13%     1.43%     1.15%
  envelope     80.77%     5.25%     5.40%     4.03%     4.55%
=== CBF profiler (wall time) ===
=== CBF filter stats ===
  calls=0  unchanged=0 (0.0%)  filtered=0 (0.0%)  blocked=0 (0.0%)
  active rows:       avg=0.00  max=0
  zero-row fast path: 0 (0.0%)
  qp iterations:     avg=0.00  max=0
  certified duration: avg=0.00000s  min=0.00000s  max=0.00000s  (over 0 non-blocked calls)
  required gain:     avg=0.000/s  max=0.000/s  p50=0.000/s  p90=0.000/s  p99=0.000/s  (over 0 calls, 0 uncertified)
