
MotionBenchMaker UR5, 689 problems loaded, up to 100 per scene
voxel 0.003 m, margin 0.0000 m + 0.0030 m filter buffer, stepSize 0.001 s, range 2.00 rad, 10.0 s limit

hop certificates: old L1 Lipschitz region and new hold-time bound
Picard: off; trajectory prefixes: 0; sequential rollout budget: 10000 calls
kappa 20.00 /s, certified step uncapped, self-collision margin 0.0000 m over 303 pairs
baseline segment: 0.000650 of extent = 0.0100 rad, rollout step 0.0100 rad (matched to the rollout)
rope shortcut off, all rows unsimplified

seed 1
  planner       solved ms(min/med/max)        samples vertices     path rad/call coarse  worst clr unsafe/audited missed worst self collide

bookshelf_small  (4 problems, 1 skipped: 0 clearance, 1 self-collision)
  rrtconnect    3/3       2.40/7.96/101.78        1956       12    14.89        -      -     0.0006      0/2010         0     0.0012       0
      primary samples 15, productive 7 (46.7%), vertices/sample 0.800
  qp-fixed      3/3       4.52/4.68/11.97          533        6     6.64   0.0124     0%     0.0044      0/1900         0     0.0025       0
      primary samples 1, productive 1 (100.0%), vertices/sample 6.000
      qp 269.5 rows/call, 40% of calls reached the solver, 2178 calls
  qp-plain      3/3       5.23/6.40/12.09          533        6     6.64   0.0124     0%     0.0044      0/1900         0     0.0025       0
      primary samples 1, productive 1 (100.0%), vertices/sample 6.000
      qp 343.0 rows/call, 100% of calls reached the solver, 2178 calls
  qp-adapt      3/3       1.89/1.94/9.28           181        6     6.64   0.0359    44%     0.0045      0/1514         0     0.0025       0
      primary samples 1, productive 1 (100.0%), vertices/sample 6.000
      qp 276.3 rows/call, 83% of calls reached the solver, 1017 calls
  qp-free       3/3       7.98/20.91/414.13        2484       14    14.61   0.0081     0%     0.0050      0/3661         0     0.0020       0
      primary samples 15, productive 8 (53.3%), vertices/sample 0.933
  free-env      3/3       0.92/6.02/59.25          272       32    18.35   0.1368    94%     0.0032      0/2580         0     0.0011       0
      primary samples 31, productive 17 (54.8%), vertices/sample 1.032
  qp-env        3/3       0.40/0.58/4.72            39        6     6.51   0.1670    74%     0.0045      0/1262         0     0.0025       0
      primary samples 1, productive 1 (100.0%), vertices/sample 6.000
      qp 285.6 rows/call, 67% of calls reached the solver, 399 calls

bookshelf_tall  (4 problems, 1 skipped: 0 clearance, 1 self-collision)
  rrtconnect    3/3      17.44/27.73/166.28        3648       20    17.34        -      -     0.0031      0/2567         0     0.0025       0
      primary samples 51, productive 15 (29.4%), vertices/sample 0.275
  qp-fixed      3/3       6.55/9.27/62.43          752        7     9.43   0.0125     0%     0.0034      0/2330         0     0.0025       0
      primary samples 1, productive 1 (100.0%), vertices/sample 6.000
      qp 272.6 rows/call, 36% of calls reached the solver, 5885 calls
  qp-plain      3/3       6.88/9.70/64.29          752        7     9.43   0.0125     0%     0.0034      0/2330         0     0.0025       0
      primary samples 1, productive 1 (100.0%), vertices/sample 6.000
      qp 343.0 rows/call, 100% of calls reached the solver, 5885 calls
  qp-adapt      3/3       1.68/2.09/42.91          153        7     9.43   0.0574    82%     0.0034      0/1865         0     0.0025       0
      primary samples 1, productive 1 (100.0%), vertices/sample 6.000
      qp 303.6 rows/call, 78% of calls reached the solver, 3234 calls
  qp-free       3/3      34.21/140.41/180.34       11975       44    18.65   0.0074     0%     0.0032      0/4718         0     0.0011       0
      primary samples 120, productive 35 (29.2%), vertices/sample 0.420
  free-env      3/3      21.62/27.92/28.28          870       50    18.36   0.0950    93%     0.0032      0/3066         0     0.0012       0
      primary samples 131, productive 44 (33.6%), vertices/sample 0.382
  qp-env        3/3       0.90/0.94/36.10           53        8     9.46   0.1291    54%     0.0034      0/1709         0     0.0025       0
      primary samples 1, productive 1 (100.0%), vertices/sample 6.000
      qp 298.7 rows/call, 74% of calls reached the solver, 2492 calls

bookshelf_thin  (4 problems, 0 skipped: 0 clearance, 0 self-collision)
  rrtconnect    4/4     138.38/232.12/453.35       21219      107    20.61        -      -     0.0044      0/3361         0     0.0002       0
      primary samples 478, productive 103 (21.5%), vertices/sample 0.232
  qp-fixed      4/4       8.36/15.73/79.65         1027        7     8.35   0.0115     0%    -0.0046     35/3169         0     0.0010       0
      primary samples 4, productive 3 (75.0%), vertices/sample 6.000
      qp 277.3 rows/call, 65% of calls reached the solver, 6859 calls
  qp-plain      4/4       8.43/16.73/81.75         1027        7     8.35   0.0115     0%    -0.0046     35/3169         0     0.0010       0
      primary samples 4, productive 3 (75.0%), vertices/sample 6.000
      qp 343.0 rows/call, 100% of calls reached the solver, 6859 calls
  qp-adapt      4/4       3.92/9.50/73.80          571        7     8.35   0.0203    25%    -0.0047     35/2405         0     0.0011       0
      primary samples 4, productive 3 (75.0%), vertices/sample 6.000
      qp 278.7 rows/call, 94% of calls reached the solver, 5220 calls
  qp-free       4/4     107.84/994.05/1705.82      64938      159    25.15   0.0050     0%     0.0069      0/7500         0     0.0016       0
      primary samples 490, productive 149 (30.4%), vertices/sample 0.475
  free-env      4/4      72.58/104.71/294.35        2542      162    22.02   0.0980    97%     0.0031      0/4646         0     0.0010       0
      primary samples 504, productive 157 (31.2%), vertices/sample 0.321
  qp-env        4/4       1.79/5.98/45.29          346        7     8.35   0.0327    25%    -0.0047     41/2405         0     0.0010       0
      primary samples 4, productive 3 (75.0%), vertices/sample 6.000
      qp 285.9 rows/call, 94% of calls reached the solver, 3099 calls

box  (4 problems, 0 skipped: 0 clearance, 0 self-collision)
  rrtconnect    4/4       5.18/19.03/26.09         4786       26    10.94        -      -     0.0205      0/2021         0     0.0025       0
      primary samples 56, productive 22 (39.3%), vertices/sample 0.812
  qp-fixed      4/4       3.46/5.30/11.54          562        7     7.31   0.0130     0%     0.0043      0/2294         0     0.0025       0
      primary samples 1, productive 1 (100.0%), vertices/sample 6.000
      qp 260.4 rows/call, 57% of calls reached the solver, 2811 calls
  qp-plain      4/4       4.06/5.58/12.25          562        7     7.31   0.0130     0%     0.0043      0/2294         0     0.0025       0
      primary samples 1, productive 1 (100.0%), vertices/sample 6.000
      qp 343.0 rows/call, 100% of calls reached the solver, 2811 calls
  qp-adapt      4/4       0.90/2.98/4.37           274        7     7.32   0.0459    56%     0.0043      0/1748         0     0.0025       0
      primary samples 1, productive 1 (100.0%), vertices/sample 6.000
      qp 272.8 rows/call, 88% of calls reached the solver, 931 calls
  qp-free       4/4      16.61/40.86/193.92        5109       22    16.43   0.0065     0%     0.0077      0/5844         0     0.0025       0
      primary samples 27, productive 14 (51.9%), vertices/sample 1.000
  free-env      4/4       2.66/6.29/6.70           328       26    13.44   0.1166    93%     0.0031      0/2887         0     0.0025       0
      primary samples 29, productive 18 (62.1%), vertices/sample 1.125
  qp-env        4/4       0.54/1.31/2.86           105        7     7.34   0.0801    58%     0.0043      0/1578         0     0.0025       0
      primary samples 1, productive 1 (100.0%), vertices/sample 6.000
      qp 272.1 rows/call, 91% of calls reached the solver, 472 calls

cage  (4 problems, 0 skipped: 0 clearance, 0 self-collision)
  rrtconnect    4/4     146.05/439.53/804.41      106001      598    22.32        -      -     0.0017      0/4073         0     0.0025       0
      primary samples 3369, productive 592 (17.6%), vertices/sample 0.178
  qp-fixed      4/4     119.33/190.13/258.88       18907      102    25.41   0.0090     0%     0.0030      0/9081         0     0.0012       0
      primary samples 69, productive 54 (78.3%), vertices/sample 1.478
      qp 269.5 rows/call, 88% of calls reached the solver, 71571 calls
  qp-plain      4/4     124.44/200.62/275.19       18907      102    25.41   0.0090     0%     0.0030      0/9081         0     0.0012       0
      primary samples 69, productive 54 (78.3%), vertices/sample 1.478
      qp 343.0 rows/call, 100% of calls reached the solver, 71571 calls
  qp-adapt      4/4      76.87/186.12/298.84       16687      126    26.83   0.0141    31%     0.0009      0/7420         0     0.0012       0
      primary samples 101, productive 72 (71.3%), vertices/sample 1.400
      qp 270.0 rows/call, 97% of calls reached the solver, 60032 calls
  qp-free       4/4    1759.46/2540.73/2884.98     303069      664    13.62   0.0036     0%     0.0065      0/5504         0     0.0025       0
      primary samples 2272, productive 629 (27.7%), vertices/sample 0.292
  free-env      4/4      87.85/253.48/804.55       13545      509    22.12   0.0667    93%     0.0031      0/4665         0     0.0016       0
      primary samples 1810, productive 487 (26.9%), vertices/sample 0.300
  qp-env        4/4      61.47/140.84/241.54       12009      128    27.05   0.0195    23%     0.0006      0/6713         0     0.0017       0
      primary samples 101, productive 72 (71.3%), vertices/sample 1.418
      qp 269.3 rows/call, 99% of calls reached the solver, 44750 calls

table_pick  (4 problems, 0 skipped: 0 clearance, 0 self-collision)
  rrtconnect    4/4       7.05/18.80/30.70         3265       18    12.29        -      -     0.0017      0/2482         0     0.0025       0
      primary samples 42, productive 14 (33.3%), vertices/sample 0.600
  qp-fixed      4/4       4.53/5.54/30.93          568        6     6.54   0.0118     0%     0.0033      0/2745         0     0.0025       0
      primary samples 1, productive 1 (100.0%), vertices/sample 6.000
      qp 264.0 rows/call, 30% of calls reached the solver, 3948 calls
  qp-plain      4/4       4.82/6.24/31.67          568        6     6.54   0.0118     0%     0.0033      0/2745         0     0.0025       0
      primary samples 1, productive 1 (100.0%), vertices/sample 6.000
      qp 343.0 rows/call, 100% of calls reached the solver, 3948 calls
  qp-adapt      4/4       0.71/1.52/20.23          117        6     6.54   0.0530    58%     0.0033      0/2174         0     0.0025       0
      primary samples 1, productive 1 (100.0%), vertices/sample 6.000
      qp 290.5 rows/call, 78% of calls reached the solver, 1819 calls
  qp-free       4/4      32.69/413.83/651.65       40622      118    19.96   0.0058     0%     0.0047      0/7025         0     0.0025       0
      primary samples 363, productive 113 (31.1%), vertices/sample 0.434
  free-env      4/4       5.41/63.28/67.30         2225      100    17.63   0.0994    98%     0.0036      0/3467         0     0.0025       0
      primary samples 336, productive 89 (26.5%), vertices/sample 0.441
  qp-env        4/4       0.66/1.04/11.24           72        6     6.55   0.0995    54%     0.0032      0/1983         0     0.0025       0
      primary samples 1, productive 1 (100.0%), vertices/sample 6.000
      qp 293.7 rows/call, 86% of calls reached the solver, 930 calls

table_under_pick  (4 problems, 0 skipped: 0 clearance, 0 self-collision)
  rrtconnect    4/4       4.94/19.42/20.78         2987       17    12.33        -      -     0.0001      0/2254         0     0.0025       0
      primary samples 81, productive 12 (14.8%), vertices/sample 0.210
  qp-fixed      4/4      20.01/28.87/58.02         2567       20    13.18   0.0109     0%     0.0031      0/4330         0     0.0011       0
      primary samples 6, productive 5 (83.3%), vertices/sample 3.250
      qp 268.1 rows/call, 75% of calls reached the solver, 10869 calls
  qp-plain      4/4      21.31/30.31/58.09         2567       20    13.18   0.0109     0%     0.0031      0/4330         0     0.0011       0
      primary samples 6, productive 5 (83.3%), vertices/sample 3.250
      qp 343.0 rows/call, 100% of calls reached the solver, 10869 calls
  qp-adapt      4/4      11.98/15.09/47.05         1124       20    13.20   0.0206    32%     0.0031      0/3636         0     0.0011       0
      primary samples 6, productive 5 (83.3%), vertices/sample 3.250
      qp 288.8 rows/call, 94% of calls reached the solver, 6601 calls
  qp-free       4/4      22.70/57.24/90.00         5363       13    15.08   0.0059     0%     0.0050      0/4760         0     0.0011       0
      primary samples 35, productive 8 (22.9%), vertices/sample 0.600
  free-env      4/4       2.62/12.14/15.50          473       17    16.29   0.0753    95%     0.0030      0/3185         0     0.0011       0
      primary samples 35, productive 11 (31.4%), vertices/sample 0.657
  qp-env        4/4       2.93/9.73/36.76          686       20    13.20   0.0465    39%     0.0030      0/3360         0     0.0011       0
      primary samples 6, productive 5 (83.3%), vertices/sample 3.333
      qp 289.1 rows/call, 96% of calls reached the solver, 4080 calls

Hop disposition -- what set the hop's length, median over problems.
  row         floored(<1 step)    at region   edge-limited
  qp-fixed            100.0%         0.0%           0.0%
  qp-plain            100.0%         0.0%           0.0%
  qp-adapt             63.1%        36.5%           1.5%
  qp-free             100.0%         0.0%           0.0%
  free-env              2.7%        85.5%          12.6%
  qp-env               61.5%        36.1%           3.3%

Endpoint clearance at zero margin -- min(start, goal) over all spheres.
  scene                     min    median       max affordable   problems by margin
  bookshelf_small       -0.0009    0.0080    0.0100   -0.0009   0: 75% 0.02:  0% 0.04:  0% 0.06:  0% 0.09:  0%
  bookshelf_tall         0.0005    0.0039    0.0041    0.0005   0:100% 0.02:  0% 0.04:  0% 0.06:  0% 0.09:  0%
  bookshelf_thin         0.0079    0.0088    0.0108    0.0079   0:100% 0.02:  0% 0.04:  0% 0.06:  0% 0.09:  0%
  box                    0.0127    0.0127    0.0127    0.0127   0:100% 0.02:  0% 0.04:  0% 0.06:  0% 0.09:  0%
  cage                   0.0098    0.0127    0.0127    0.0098   0:100% 0.02:  0% 0.04:  0% 0.06:  0% 0.09:  0%
  table_pick             0.0074    0.0080    0.0081    0.0074   0:100% 0.02:  0% 0.04:  0% 0.06:  0% 0.09:  0%
  table_under_pick       0.0026    0.0082    0.0082    0.0026   0:100% 0.02:  0% 0.04:  0% 0.06:  0% 0.09:  0%

all scenes  (28 problems, 2 skipped: 0 clearance, 2 self-collision)
  rrtconnect   26/26      2.40/26.09/804.41        4786       26    12.99        -      -     0.0001      0/18768        0     0.0002       0
      primary samples 81, productive 22 (27.2%), vertices/sample 0.275
  qp-fixed     26/26      3.46/11.97/258.88        1119        9     9.64   0.0113     0%    -0.0046     35/25849        0     0.0010       0
      primary samples 3, productive 3 (100.0%), vertices/sample 3.333
      qp 269.4 rows/call, 65% of calls reached the solver, 104121 calls
  qp-plain     26/26      4.06/12.25/275.19        1119        9     9.64   0.0113     0%    -0.0046     35/25849        0     0.0010       0
      primary samples 3, productive 3 (100.0%), vertices/sample 3.333
      qp 343.0 rows/call, 100% of calls reached the solver, 104121 calls
  qp-adapt     26/26      0.71/9.28/298.84         571        9     9.66   0.0267    38%    -0.0047     35/20762        0     0.0011       0
      primary samples 3, productive 3 (100.0%), vertices/sample 3.333
      qp 277.8 rows/call, 92% of calls reached the solver, 78854 calls
  qp-free      26/26      7.98/140.41/2884.98      11975       44    15.84   0.0053     0%     0.0032      0/39012        0     0.0011       0
      primary samples 120, productive 35 (29.2%), vertices/sample 0.475
  free-env     26/26      0.92/28.28/804.55         884       54    18.36   0.0898    94%     0.0030      0/24496        0     0.0010       0
      primary samples 133, productive 47 (35.3%), vertices/sample 0.390
  qp-env       26/26      0.40/4.72/241.54         310        8     9.53   0.0529    39%    -0.0047     41/19010        0     0.0010       0
      primary samples 3, productive 2 (66.7%), vertices/sample 4.000
      qp 281.2 rows/call, 92% of calls reached the solver, 56222 calls

"samples" is checked configurations for isSafe, barrier evaluations for
the three CBF rows, and SIMD configuration lanes evaluated for VAMP. They measure
sampling work, while wall time captures the very different per-sample costs.
"unsafe/audited" evaluates exact primitive clearance at every state of the
densified solution -- for each CBF row that is the rollout the planner recorded
for each edge, replayed, so it is the motion that would actually be executed,
sampled inside each step rather than only at its boundaries. Non-zero unsafe
invalidates a row however fast it was.
"missed" counts solution edges that were not on file and had to be
re-derived; it must be zero, or the audited motion is a different trajectory
from the one the planner found.


envelope hop: 13447 filter calls, 1.214 hold queries/call, 16.5% saturated, 100.0% longer than L1, past one step 94.1% (L1 alone 53.7%), gated 76.1%, empty-active 0.0%, screen-escalated 1.4%
envelope bottleneck: world 97.9%, self-collision 2.0%, unbound 0.1% (horizon or screen clip), blocked 0.0%, joint-limit clamped 0.0%
envelope binding term:
  world rows       L1 0.0%, local-L1 0.7%, speed-capped 4.1%, isotropic-anchored 95.2% (of 13163 bound calls)
  self-pair rows   L1 0.0%, local-L1 0.0%, speed-capped 0.7%, normal-anchored 99.3% (of 268 bound calls)
local-lever screen: 382664 of 633319 expensive world rows settled before the envelope (60.4%)
span handed to the rollout, in controller steps (56222 calls):
                   <1      1-2      2-4      4-8       8+
  L1 only      87.15%     6.87%     3.43%     1.45%     1.10%
  envelope     77.48%     5.63%     6.93%     5.29%     4.67%
=== CBF profiler (wall time) ===
=== CBF filter stats ===
  calls=0  unchanged=0 (0.0%)  filtered=0 (0.0%)  blocked=0 (0.0%)
  active rows:       avg=0.00  max=0
  zero-row fast path: 0 (0.0%)
  qp iterations:     avg=0.00  max=0
  certified duration: avg=0.00000s  min=0.00000s  max=0.00000s  (over 0 non-blocked calls)
  required gain:     avg=0.000/s  max=0.000/s  p50=0.000/s  p90=0.000/s  p99=0.000/s  (over 0 calls, 0 uncertified)
