
MotionBenchMaker UR5, 689 problems loaded, up to 100 per scene
voxel 0.003 m, margin 0.0000 m + 0.0030 m filter buffer, stepSize 0.001 s, range 2.00 rad, 10.0 s limit

hop certificates: old L1 Lipschitz region and new hold-time bound
Picard: off; trajectory prefixes: 0; sequential rollout budget: 10000 calls
kappa 20.00 /s, certified step uncapped, self-collision margin 0.0000 m over 303 pairs
baseline segment: 0.000650 of extent = 0.0100 rad, rollout step 0.0100 rad (matched to the rollout)
rope shortcut off, all rows unsimplified

seed 1
  planner       solved ms(min/med/max)        samples vertices     path rad/call coarse  worst clr unsafe/audited missed worst self collide

bookshelf_small  (4 problems, 0 skipped: 0 clearance, 0 self-collision)
  rrtconnect    4/4       5.10/20.75/275.15        7492       37    14.73        -      -     0.0016      0/2837         0     0.0025       0
      primary samples 114, productive 33 (28.9%), vertices/sample 0.462
  qp-fixed      4/4       2.57/3.84/4.10           673        7     9.12   0.0134     0%     0.0033      0/2466         0     0.0025       0
      primary samples 1, productive 1 (100.0%), vertices/sample 7.000
      qp 283.1 rows/call, 45% of calls reached the solver, 2462 calls
  qp-plain      4/4       3.05/4.16/4.53           673        7     9.12   0.0134     0%     0.0033      0/2466         0     0.0025       0
      primary samples 1, productive 1 (100.0%), vertices/sample 7.000
      qp 343.0 rows/call, 100% of calls reached the solver, 2462 calls
  qp-adapt      4/4       1.39/1.47/1.88           244        7     9.12   0.0420    47%     0.0033      0/1989         0     0.0025       0
      primary samples 1, productive 1 (100.0%), vertices/sample 7.000
      qp 307.4 rows/call, 82% of calls reached the solver, 958 calls
  qp-free       4/4      25.84/83.40/349.55       15315       66    19.91   0.0057     0%     0.0039      0/5864         0     0.0025       0
      primary samples 161, productive 62 (38.5%), vertices/sample 0.621
  free-env      4/4       3.31/14.28/41.73          963       67    15.18   0.1133    98%     0.0039      0/3087         0     0.0025       0
      primary samples 162, productive 62 (38.3%), vertices/sample 0.586
  qp-env        4/4       0.65/1.41/1.54           188        7     9.12   0.0707    26%     0.0033      0/1841         0     0.0025       0
      primary samples 1, productive 1 (100.0%), vertices/sample 7.000
      qp 310.2 rows/call, 91% of calls reached the solver, 572 calls

bookshelf_tall  (4 problems, 0 skipped: 0 clearance, 0 self-collision)
  rrtconnect    4/4       7.46/27.40/28.59         5848       31    10.15        -      -     0.0044      0/2650         0     0.0001       0
      primary samples 95, productive 26 (27.4%), vertices/sample 0.337
  qp-fixed      4/4       6.23/12.58/33.81         1519       13    13.17   0.0124     0%     0.0040      0/3985         0     0.0011       0
      primary samples 5, productive 5 (100.0%), vertices/sample 4.333
      qp 278.0 rows/call, 87% of calls reached the solver, 7483 calls
  qp-plain      4/4       7.71/13.45/34.43         1519       13    13.17   0.0124     0%     0.0040      0/3985         0     0.0011       0
      primary samples 5, productive 5 (100.0%), vertices/sample 4.333
      qp 343.0 rows/call, 100% of calls reached the solver, 7483 calls
  qp-adapt      4/4       2.80/5.69/22.11          630       13    13.22   0.0290    44%     0.0040      0/3129         0     0.0011       0
      primary samples 5, productive 5 (100.0%), vertices/sample 4.333
      qp 283.2 rows/call, 96% of calls reached the solver, 3831 calls
  qp-free       4/4      19.04/52.14/76.94         6985       27    12.03   0.0057     0%     0.0044      0/3912         0     0.0025       0
      primary samples 72, productive 21 (29.2%), vertices/sample 0.750
  free-env      4/4       3.83/9.87/15.60          469       23    13.54   0.0878    96%     0.0044      0/2623         0     0.0016       0
      primary samples 72, productive 17 (23.6%), vertices/sample 0.688
  qp-env        4/4       0.69/3.25/10.42          311       13    15.57   0.0974    56%     0.0038      0/3116         0     0.0011       0
      primary samples 5, productive 5 (100.0%), vertices/sample 4.333
      qp 297.3 rows/call, 96% of calls reached the solver, 1535 calls

bookshelf_thin  (4 problems, 0 skipped: 0 clearance, 0 self-collision)
  rrtconnect    4/4       8.28/215.01/410.91       31504      157    22.61        -      -     0.0011      0/3436         0     0.0025       0
      primary samples 786, productive 154 (19.6%), vertices/sample 0.325
  qp-fixed      4/4       5.47/17.43/21.16         1749       14    12.06   0.0121     0%    -0.0007     24/3370         0     0.0025       0
      primary samples 3, productive 3 (100.0%), vertices/sample 7.000
      qp 268.7 rows/call, 64% of calls reached the solver, 5104 calls
  qp-plain      4/4       5.86/18.43/21.69         1749       14    12.06   0.0121     0%    -0.0007     24/3370         0     0.0025       0
      primary samples 3, productive 3 (100.0%), vertices/sample 7.000
      qp 343.0 rows/call, 100% of calls reached the solver, 5104 calls
  qp-adapt      4/4       3.01/8.70/12.65          769       14    12.07   0.0219    25%    -0.0007     24/2797         0     0.0025       0
      primary samples 3, productive 3 (100.0%), vertices/sample 7.000
      qp 279.3 rows/call, 94% of calls reached the solver, 2677 calls
  qp-free       4/4     232.80/2314.77/2695.75     249899      749    23.13   0.0049     0%     0.0043      0/6967         0     0.0014       0
      primary samples 2701, productive 742 (27.5%), vertices/sample 0.308
  free-env      4/4      41.52/188.13/449.53        7070      313    20.73   0.0767    96%     0.0032      0/4255         0     0.0011       0
      primary samples 1067, productive 308 (28.9%), vertices/sample 0.293
  qp-env        4/4       2.66/5.02/9.25           416       14    11.99   0.0360    28%    -0.0007     24/2425         0     0.0025       0
      primary samples 3, productive 3 (100.0%), vertices/sample 7.000
      qp 275.7 rows/call, 96% of calls reached the solver, 1631 calls

box  (4 problems, 0 skipped: 0 clearance, 0 self-collision)
  rrtconnect    4/4       6.08/12.14/18.97         4384       23    16.64        -      -     0.0030      0/2629         0     0.0025       0
      primary samples 78, productive 20 (25.6%), vertices/sample 0.433
  qp-fixed      4/4       2.53/4.82/7.16           780        8     8.10   0.0122     0%     0.0031      0/2545         0     0.0025       0
      primary samples 2, productive 2 (100.0%), vertices/sample 6.000
      qp 257.9 rows/call, 52% of calls reached the solver, 3060 calls
  qp-plain      4/4       2.62/5.13/7.61           780        8     8.10   0.0122     0%     0.0031      0/2545         0     0.0025       0
      primary samples 2, productive 2 (100.0%), vertices/sample 6.000
      qp 343.0 rows/call, 100% of calls reached the solver, 3060 calls
  qp-adapt      4/4       0.86/2.44/3.42           348        8     8.10   0.0469    54%     0.0031      0/2036         0     0.0025       0
      primary samples 2, productive 2 (100.0%), vertices/sample 6.000
      qp 274.8 rows/call, 89% of calls reached the solver, 1117 calls
  qp-free       4/4      13.37/32.59/106.73        6363       26    13.43   0.0063     0%     0.0056      0/4356         0     0.0025       0
      primary samples 31, productive 16 (51.6%), vertices/sample 0.952
  free-env      4/4       2.84/10.49/12.17          842       43    23.29   0.1131    93%     0.0033      0/3663         0     0.0011       0
      primary samples 86, productive 33 (38.4%), vertices/sample 0.655
  qp-env        4/4       0.44/1.61/1.87           184        8     8.10   0.0771    42%     0.0031      0/1852         0     0.0025       0
      primary samples 2, productive 2 (100.0%), vertices/sample 6.000
      qp 275.9 rows/call, 89% of calls reached the solver, 601 calls

cage  (4 problems, 1 skipped: 1 clearance, 0 self-collision)
  rrtconnect    3/3     743.43/1889.62/2879.22     630969     4726    27.44        -      -     0.0007      0/4101         0     0.0012       0
      primary samples 27838, productive 4723 (17.0%), vertices/sample 0.170
  qp-fixed      3/3      23.28/38.70/154.67        6154       33    17.69   0.0097     0%     0.0030      0/4181         0     0.0025       0
      primary samples 19, productive 15 (78.9%), vertices/sample 1.737
      qp 269.0 rows/call, 86% of calls reached the solver, 32195 calls
  qp-plain      3/3      23.85/41.75/169.62        6154       33    17.69   0.0097     0%     0.0030      0/4181         0     0.0025       0
      primary samples 19, productive 15 (78.9%), vertices/sample 1.737
      qp 343.0 rows/call, 100% of calls reached the solver, 32195 calls
  qp-adapt      3/3      13.13/23.84/109.20        3296       33    17.75   0.0180    30%     0.0030      0/3233         0     0.0025       0
      primary samples 19, productive 15 (78.9%), vertices/sample 1.737
      qp 269.6 rows/call, 97% of calls reached the solver, 19539 calls
  qp-free       3/3     126.93/280.02/3159.57      50022      142    19.26   0.0043     0%     0.0053      0/6121         0     0.0013       0
      primary samples 345, productive 123 (35.7%), vertices/sample 0.412
  free-env      3/3     230.85/282.54/429.05       20078      893    23.01   0.0604    93%     0.0031      0/3715         0     0.0012       0
      primary samples 3350, productive 880 (26.3%), vertices/sample 0.267
  qp-env        3/3      10.32/19.51/103.21        2575       33    19.03   0.0232    19%     0.0030      0/3582         0     0.0010       0
      primary samples 19, productive 15 (78.9%), vertices/sample 1.737
      qp 263.1 rows/call, 98% of calls reached the solver, 16941 calls

table_pick  (4 problems, 0 skipped: 0 clearance, 0 self-collision)
  rrtconnect    4/4       5.72/20.96/21.69         5312       26     9.93        -      -     0.0000      0/1947         0     0.0025       0
      primary samples 64, productive 23 (35.9%), vertices/sample 0.469
  qp-fixed      4/4       2.39/4.04/4.19           628        6     7.11   0.0142     0%     0.0058      0/2090         0     0.0025       0
      primary samples 1, productive 1 (100.0%), vertices/sample 6.000
      qp 238.0 rows/call, 13% of calls reached the solver, 2086 calls
  qp-plain      4/4       2.68/4.57/5.05           628        6     7.11   0.0142     0%     0.0058      0/2090         0     0.0025       0
      primary samples 1, productive 1 (100.0%), vertices/sample 6.000
      qp 343.0 rows/call, 100% of calls reached the solver, 2086 calls
  qp-adapt      4/4       0.38/0.59/0.63            69        6     7.11   0.1131    61%     0.0058      0/1457         0     0.0025       0
      primary samples 1, productive 1 (100.0%), vertices/sample 6.000
      qp 279.1 rows/call, 56% of calls reached the solver, 263 calls
  qp-free       4/4      24.30/49.53/128.41        7706       34    15.04   0.0067     0%     0.0040      0/4239         0     0.0025       0
      primary samples 64, productive 29 (45.3%), vertices/sample 0.531
  free-env      4/4       4.65/8.63/47.99          472       34    15.17   0.0970    96%     0.0040      0/2522         0     0.0025       0
      primary samples 64, productive 29 (45.3%), vertices/sample 0.531
  qp-env        4/4       0.31/0.42/0.63            39        6     7.12   0.1924    74%     0.0058      0/1409         0     0.0025       0
      primary samples 1, productive 1 (100.0%), vertices/sample 6.000
      qp 279.1 rows/call, 70% of calls reached the solver, 160 calls

table_under_pick  (5 problems, 0 skipped: 0 clearance, 0 self-collision)
  rrtconnect    5/5       4.04/6.91/16.42         1740       11    13.21        -      -     0.0041      0/3216         0     0.0025       0
      primary samples 36, productive 7 (19.4%), vertices/sample 0.333
  qp-fixed      5/5       5.81/8.82/25.66         1106       11    10.00   0.0126     0%     0.0038      0/4494         0     0.0010       0
      primary samples 3, productive 3 (100.0%), vertices/sample 4.375
      qp 286.2 rows/call, 89% of calls reached the solver, 7236 calls
  qp-plain      5/5       6.03/8.96/28.30         1106       11    10.00   0.0126     0%     0.0038      0/4494         0     0.0010       0
      primary samples 3, productive 3 (100.0%), vertices/sample 4.375
      qp 343.0 rows/call, 100% of calls reached the solver, 7236 calls
  qp-adapt      5/5       1.43/4.36/13.50          541       11     9.99   0.0194    38%     0.0038      0/3747         0     0.0010       0
      primary samples 3, productive 3 (100.0%), vertices/sample 4.500
      qp 292.6 rows/call, 93% of calls reached the solver, 3345 calls
  qp-free       5/5      20.06/44.88/102.70        6870       23    15.39   0.0047     0%     0.0038      0/9065         0     0.0012       0
      primary samples 54, productive 17 (31.5%), vertices/sample 0.506
  free-env      5/5       4.71/9.83/13.06          575       33    18.79   0.0776    88%     0.0031      0/4833         0     0.0010       0
      primary samples 68, productive 22 (32.4%), vertices/sample 0.394
  qp-env        5/5       0.98/2.91/7.39           311       10     9.95   0.0338    32%     0.0038      0/3298         0     0.0010       0
      primary samples 3, productive 3 (100.0%), vertices/sample 4.500
      qp 289.5 rows/call, 96% of calls reached the solver, 1786 calls

Hop disposition -- what set the hop's length, median over problems.
  row         floored(<1 step)    at region   edge-limited
  qp-fixed            100.0%         0.0%           0.0%
  qp-plain            100.0%         0.0%           0.0%
  qp-adapt             60.6%        38.8%           1.5%
  qp-free             100.0%         0.0%           0.0%
  free-env              3.0%        83.7%          13.4%
  qp-env               69.2%        28.5%           3.9%

Endpoint clearance at zero margin -- min(start, goal) over all spheres.
  scene                     min    median       max affordable   problems by margin
  bookshelf_small        0.0042    0.0068    0.0080    0.0042   0:100% 0.02:  0% 0.04:  0% 0.06:  0% 0.09:  0%
  bookshelf_tall         0.0044    0.0054    0.0103    0.0044   0:100% 0.02:  0% 0.04:  0% 0.06:  0% 0.09:  0%
  bookshelf_thin         0.0049    0.0072    0.0087    0.0049   0:100% 0.02:  0% 0.04:  0% 0.06:  0% 0.09:  0%
  box                    0.0127    0.0127    0.0127    0.0127   0:100% 0.02:  0% 0.04:  0% 0.06:  0% 0.09:  0%
  cage                   0.0012    0.0127    0.0127    0.0012   0:100% 0.02:  0% 0.04:  0% 0.06:  0% 0.09:  0%
  table_pick             0.0069    0.0079    0.0081    0.0069   0:100% 0.02:  0% 0.04:  0% 0.06:  0% 0.09:  0%
  table_under_pick       0.0048    0.0078    0.0081    0.0048   0:100% 0.02:  0% 0.04:  0% 0.06:  0% 0.09:  0%

all scenes  (29 problems, 1 skipped: 1 clearance, 0 self-collision)
  rrtconnect   28/28      4.04/17.36/2879.22       4384       23    13.21        -      -     0.0000      0/20816        0     0.0001       0
      primary samples 72, productive 20 (27.8%), vertices/sample 0.333
  qp-fixed     28/28      2.39/6.91/154.67         821        9     9.85   0.0122     0%    -0.0007     24/23131        0     0.0010       0
      primary samples 2, productive 2 (100.0%), vertices/sample 5.000
      qp 266.2 rows/call, 52% of calls reached the solver, 59626 calls
  qp-plain     28/28      2.62/7.71/169.62         821        9     9.85   0.0122     0%    -0.0007     24/23131        0     0.0010       0
      primary samples 2, productive 2 (100.0%), vertices/sample 5.000
      qp 343.0 rows/call, 100% of calls reached the solver, 59626 calls
  qp-adapt     28/28      0.38/3.06/109.20         352        9     9.86   0.0263    40%    -0.0007     24/18388        0     0.0010       0
      primary samples 2, productive 2 (100.0%), vertices/sample 5.000
      qp 279.1 rows/call, 89% of calls reached the solver, 31730 calls
  qp-free      28/28     13.37/52.79/3159.57       8071       34    15.16   0.0053     0%     0.0038      0/40524        0     0.0012       0
      primary samples 77, productive 29 (37.7%), vertices/sample 0.506
  free-env     28/28      2.84/10.49/449.53         719       38    17.50   0.0811    94%     0.0031      0/24698        0     0.0010       0
      primary samples 86, productive 29 (33.7%), vertices/sample 0.414
  qp-env       28/28      0.31/1.87/103.21         199        9     9.87   0.0530    31%    -0.0007     24/17523        0     0.0010       0
      primary samples 2, productive 2 (100.0%), vertices/sample 5.000
      qp 275.9 rows/call, 93% of calls reached the solver, 23226 calls

"samples" is checked configurations for isSafe, barrier evaluations for
the three CBF rows, and SIMD configuration lanes evaluated for VAMP. They measure
sampling work, while wall time captures the very different per-sample costs.
"unsafe/audited" evaluates exact primitive clearance at every state of the
densified solution -- for each CBF row that is the rollout the planner recorded
for each edge, replayed, so it is the motion that would actually be executed,
sampled inside each step rather than only at its boundaries. Non-zero unsafe
invalidates a row however fast it was.
"missed" counts solution edges that were not on file and had to be
re-derived; it must be zero, or the audited motion is a different trajectory
from the one the planner found.


envelope hop: 5396 filter calls, 1.295 hold queries/call, 20.2% saturated, 100.0% longer than L1, past one step 95.0% (L1 alone 57.7%), gated 76.8%, empty-active 0.0%, screen-escalated 3.3%
envelope bottleneck: world 97.0%, self-collision 2.8%, unbound 0.2% (horizon or screen clip), blocked 0.0%, joint-limit clamped 0.0%
envelope binding term:
  world rows       L1 0.0%, local-L1 1.1%, speed-capped 3.0%, isotropic-anchored 95.9% (of 5234 bound calls)
  self-pair rows   L1 0.0%, local-L1 0.0%, speed-capped 0.0%, normal-anchored 100.0% (of 153 bound calls)
local-lever screen: 401505 of 654133 expensive world rows settled before the envelope (61.4%)
span handed to the rollout, in controller steps (23226 calls):
                   <1      1-2      2-4      4-8       8+
  L1 only      86.61%     6.23%     3.54%     1.88%     1.75%
  envelope     77.93%     3.82%     5.92%     5.83%     6.50%
=== CBF profiler (wall time) ===
=== CBF filter stats ===
  calls=0  unchanged=0 (0.0%)  filtered=0 (0.0%)  blocked=0 (0.0%)
  active rows:       avg=0.00  max=0
  zero-row fast path: 0 (0.0%)
  qp iterations:     avg=0.00  max=0
  certified duration: avg=0.00000s  min=0.00000s  max=0.00000s  (over 0 non-blocked calls)
  required gain:     avg=0.000/s  max=0.000/s  p50=0.000/s  p90=0.000/s  p99=0.000/s  (over 0 calls, 0 uncertified)
