
MotionBenchMaker UR5, 689 problems loaded, up to 100 per scene
voxel 0.003 m, margin 0.0000 m + 0.0030 m filter buffer, stepSize 0.001 s, range 2.00 rad, 10.0 s limit

hop certificates: old L1 Lipschitz region and new hold-time bound
Picard: off; trajectory prefixes: 0; sequential rollout budget: 10000 calls
kappa 20.00 /s, certified step uncapped, self-collision margin 0.0000 m over 303 pairs
baseline segment: 0.000650 of extent = 0.0100 rad, rollout step 0.0100 rad (matched to the rollout)
rope shortcut off, all rows unsimplified

seed 1
  planner       solved ms(min/med/max)        samples vertices     path rad/call coarse  worst clr unsafe/audited missed worst self collide

bookshelf_small  (4 problems, 1 skipped: 1 clearance, 0 self-collision)
  rrtconnect    3/3       6.36/15.40/48.73         3807       21    16.87        -      -     0.0006      0/2365         0     0.0007       0
      primary samples 61, productive 15 (24.6%), vertices/sample 0.344
  qp-fixed      3/3       2.91/5.92/98.78          659        7     7.13   0.0108     0%     0.0040      0/2117         0     0.0025       0
      primary samples 1, productive 1 (100.0%), vertices/sample 5.000
      qp 281.9 rows/call, 47% of calls reached the solver, 10121 calls
  qp-plain      3/3       3.22/6.33/99.17          659        7     7.13   0.0108     0%     0.0040      0/2117         0     0.0025       0
      primary samples 1, productive 1 (100.0%), vertices/sample 5.000
      qp 343.0 rows/call, 100% of calls reached the solver, 10121 calls
  qp-adapt      3/3       0.93/3.26/84.82          300        7     7.13   0.0238    39%     0.0040      0/1683         0     0.0025       0
      primary samples 1, productive 1 (100.0%), vertices/sample 5.000
      qp 291.9 rows/call, 87% of calls reached the solver, 7468 calls
  qp-free       3/3      24.61/57.15/466.12        6665       27    14.64   0.0052     0%     0.0041      0/3952         0     0.0011       0
      primary samples 43, productive 16 (37.2%), vertices/sample 0.536
  free-env      3/3       3.84/8.53/76.07          405       20     8.33   0.0823    96%     0.0041      0/1569         0     0.0025       0
      primary samples 48, productive 15 (31.2%), vertices/sample 0.417
  qp-env        3/3       0.54/2.28/71.68          199        7     7.17   0.0361    33%     0.0040      0/1506         0     0.0025       0
      primary samples 1, productive 1 (100.0%), vertices/sample 5.000
      qp 292.7 rows/call, 90% of calls reached the solver, 5933 calls

bookshelf_tall  (4 problems, 0 skipped: 0 clearance, 0 self-collision)
  rrtconnect    4/4       7.82/25.23/38.45         3203       18    11.12        -      -     0.0012      0/2299         0     0.0025       0
      primary samples 45, productive 13 (28.9%), vertices/sample 0.400
  qp-fixed      4/4       6.37/29.23/46.64         2063       26     9.73   0.0136     0%     0.0032      0/2869         0     0.0015       0
      primary samples 6, productive 6 (100.0%), vertices/sample 6.000
      qp 274.3 rows/call, 82% of calls reached the solver, 6720 calls
  qp-plain      4/4       6.81/30.63/50.11         2063       26     9.73   0.0136     0%     0.0032      0/2869         0     0.0015       0
      primary samples 6, productive 6 (100.0%), vertices/sample 6.000
      qp 343.0 rows/call, 100% of calls reached the solver, 6720 calls
  qp-adapt      4/4       1.80/20.98/34.18         1391       27     9.74   0.0380    59%     0.0032      0/2481         0     0.0015       0
      primary samples 6, productive 6 (100.0%), vertices/sample 6.000
      qp 305.8 rows/call, 95% of calls reached the solver, 4183 calls
  qp-free       4/4      25.38/35.32/37.32         2942       15    11.18   0.0068     0%     0.0032      0/3744         0     0.0012       0
      primary samples 19, productive 9 (47.4%), vertices/sample 1.000
  free-env      4/4       4.83/6.94/11.95          209       21     9.98   0.1098    98%     0.0032      0/2053         0     0.0015       0
      primary samples 25, productive 11 (44.0%), vertices/sample 0.941
  qp-env        4/4       0.87/10.33/20.16          599       28     9.80   0.0904    65%     0.0032      0/2379         0     0.0014       0
      primary samples 6, productive 6 (100.0%), vertices/sample 6.000
      qp 304.6 rows/call, 97% of calls reached the solver, 2122 calls

bookshelf_thin  (4 problems, 0 skipped: 0 clearance, 0 self-collision)
  rrtconnect    4/4       8.12/67.81/94.48         6693       34    14.00        -      -     0.0059      0/2542         0     0.0025       0
      primary samples 154, productive 30 (19.5%), vertices/sample 0.481
  qp-fixed      4/4       5.66/32.02/43.56         2003       18    12.61   0.0150     0%    -0.0131    176/3091         0     0.0016       0
      primary samples 6, productive 5 (83.3%), vertices/sample 6.000
      qp 282.8 rows/call, 66% of calls reached the solver, 5407 calls
  qp-plain      4/4       5.81/32.91/42.67         2003       18    12.61   0.0150     0%    -0.0131    176/3091         0     0.0016       0
      primary samples 6, productive 5 (83.3%), vertices/sample 6.000
      qp 343.0 rows/call, 100% of calls reached the solver, 5407 calls
  qp-adapt      4/4       1.49/17.05/32.58          981       18    12.65   0.0357    33%    -0.0130    174/2710         0     0.0016       0
      primary samples 6, productive 5 (83.3%), vertices/sample 6.000
      qp 286.7 rows/call, 92% of calls reached the solver, 3014 calls
  qp-free       4/4      10.12/246.80/419.91       17087       55    15.33   0.0056     0%     0.0043      0/4103         0     0.0025       0
      primary samples 154, productive 50 (32.5%), vertices/sample 0.407
  free-env      4/4       1.91/38.05/65.22          884       46    15.47   0.0934    97%     0.0059      0/2818         0     0.0025       0
      primary samples 154, productive 42 (27.3%), vertices/sample 0.396
  qp-env        4/4       0.83/13.53/25.24          707       17    12.66   0.0638    23%    -0.0130    177/2463         0     0.0015       0
      primary samples 6, productive 5 (83.3%), vertices/sample 6.000
      qp 288.5 rows/call, 95% of calls reached the solver, 2177 calls

box  (4 problems, 0 skipped: 0 clearance, 0 self-collision)
  rrtconnect    4/4       2.93/21.83/28.90         5814       31    20.05        -      -     0.0157      0/2821         0     0.0025       0
      primary samples 86, productive 26 (30.2%), vertices/sample 0.360
  qp-fixed      4/4       3.34/12.40/13.11         1207       14    13.33   0.0123     0%     0.0037      0/3453         0     0.0025       0
      primary samples 3, productive 3 (100.0%), vertices/sample 4.667
      qp 281.4 rows/call, 89% of calls reached the solver, 4079 calls
  qp-plain      4/4       3.78/12.23/12.89         1207       14    13.33   0.0123     0%     0.0037      0/3453         0     0.0025       0
      primary samples 3, productive 3 (100.0%), vertices/sample 4.667
      qp 343.0 rows/call, 100% of calls reached the solver, 4079 calls
  qp-adapt      4/4       0.72/6.84/7.18           632       13    13.34   0.0235    52%     0.0037      0/2823         0     0.0025       0
      primary samples 3, productive 3 (100.0%), vertices/sample 4.667
      qp 282.6 rows/call, 98% of calls reached the solver, 1936 calls
  qp-free       4/4      37.33/123.86/185.00       15194       48    18.23   0.0051     0%     0.0093      0/5733         0     0.0025       0
      primary samples 100, productive 38 (38.0%), vertices/sample 0.578
  free-env      4/4       7.67/13.70/22.09          656       57    18.22   0.0889    94%     0.0037      0/3390         0     0.0025       0
      primary samples 100, productive 44 (44.0%), vertices/sample 0.559
  qp-env        4/4       0.42/3.71/5.04           326       13    13.39   0.0504    54%     0.0035      0/2554         0     0.0025       0
      primary samples 3, productive 3 (100.0%), vertices/sample 4.667
      qp 282.8 rows/call, 97% of calls reached the solver, 1062 calls

cage  (4 problems, 0 skipped: 0 clearance, 0 self-collision)
  rrtconnect    4/4     369.76/595.30/639.66      152811      846    23.32        -      -     0.0007      0/4132         0     0.0008       0
      primary samples 5023, productive 842 (16.8%), vertices/sample 0.179
  qp-fixed      4/4      25.22/148.91/476.26       15797       83    22.49   0.0091     0%    -0.0069     67/7166         0     0.0025       0
      primary samples 61, productive 44 (72.1%), vertices/sample 1.606
      qp 266.5 rows/call, 88% of calls reached the solver, 76914 calls
  qp-plain      4/4      27.10/158.19/492.05       15797       83    22.49   0.0091     0%    -0.0069     67/7166         0     0.0025       0
      primary samples 61, productive 44 (72.1%), vertices/sample 1.606
      qp 343.0 rows/call, 100% of calls reached the solver, 76914 calls
  qp-adapt      4/4       9.32/106.22/358.31       10318       83    22.51   0.0138    30%    -0.0071     67/5968         0     0.0025       0
      primary samples 61, productive 44 (72.1%), vertices/sample 1.485
      qp 275.8 rows/call, 98% of calls reached the solver, 51384 calls
  qp-free       3/4    4681.96/9273.68/10000.05    1176155     2561    25.12   0.0034     0%     0.0039      0/6964         0     0.0025       0
      primary samples 9785, productive 2524 (25.8%), vertices/sample 0.264
  free-env      4/4      92.18/746.71/2354.78      38230     1620    22.73   0.0624    93%     0.0031      0/4872         0     0.0010       0
      primary samples 5968, productive 1582 (26.5%), vertices/sample 0.271
  qp-env        4/4       7.04/77.30/307.39        7142       79    22.58   0.0191    24%    -0.0071     71/5510         0     0.0025       0
      primary samples 61, productive 42 (68.9%), vertices/sample 1.485
      qp 276.1 rows/call, 99% of calls reached the solver, 39318 calls

table_pick  (5 problems, 0 skipped: 0 clearance, 0 self-collision)
  rrtconnect    5/5       5.22/9.56/33.96         1603       10     8.57        -      -     0.0024      0/2692         0     0.0025       0
      primary samples 14, productive 6 (42.9%), vertices/sample 0.611
  qp-fixed      5/5       3.66/6.12/9.67           657        6     7.96   0.0123     0%     0.0035      0/2991         0     0.0025       0
      primary samples 1, productive 1 (100.0%), vertices/sample 6.000
      qp 240.9 rows/call, 13% of calls reached the solver, 2986 calls
  qp-plain      5/5       4.07/7.13/9.70           657        6     7.96   0.0123     0%     0.0035      0/2991         0     0.0025       0
      primary samples 1, productive 1 (100.0%), vertices/sample 6.000
      qp 343.0 rows/call, 100% of calls reached the solver, 2986 calls
  qp-adapt      5/5       0.71/0.97/3.23            83        6     7.96   0.0856    60%     0.0035      0/2137         0     0.0025       0
      primary samples 1, productive 1 (100.0%), vertices/sample 6.000
      qp 280.9 rows/call, 60% of calls reached the solver, 550 calls
  qp-free       5/5      25.94/56.43/139.34        5613       26    12.74   0.0068     0%     0.0036      0/5674         0     0.0025       0
      primary samples 49, productive 20 (40.8%), vertices/sample 0.592
  free-env      5/5       3.11/5.00/35.04          182       24    12.74   0.1156    97%     0.0034      0/3309         0     0.0025       0
      primary samples 22, productive 10 (45.5%), vertices/sample 0.636
  qp-env        5/5       0.49/0.68/2.71            45        6     7.96   0.1433    73%     0.0034      0/2062         0     0.0025       0
      primary samples 1, productive 1 (100.0%), vertices/sample 6.000
      qp 277.3 rows/call, 69% of calls reached the solver, 369 calls

table_under_pick  (4 problems, 0 skipped: 0 clearance, 0 self-collision)
  rrtconnect    4/4       5.69/8.94/10.32         1549        9    12.91        -      -     0.0021      0/2426         0     0.0025       0
      primary samples 26, productive 5 (19.2%), vertices/sample 0.467
  qp-fixed      4/4       4.36/43.33/81.35         3664       24    15.83   0.0127     0%     0.0031      0/4178         0     0.0025       0
      primary samples 10, productive 9 (90.0%), vertices/sample 5.500
      qp 256.6 rows/call, 93% of calls reached the solver, 11745 calls
  qp-plain      4/4       4.72/47.15/82.12         3664       24    15.83   0.0127     0%     0.0031      0/4178         0     0.0025       0
      primary samples 10, productive 9 (90.0%), vertices/sample 5.500
      qp 343.0 rows/call, 100% of calls reached the solver, 11745 calls
  qp-adapt      4/4       0.95/29.86/65.97         2443       24    15.86   0.0482    59%     0.0031      0/3409         0     0.0024       0
      primary samples 10, productive 9 (90.0%), vertices/sample 5.500
      qp 287.0 rows/call, 98% of calls reached the solver, 7730 calls
  qp-free       4/4      20.32/65.37/87.61         6383       23    17.14   0.0054     0%     0.0042      0/5683         0     0.0025       0
      primary samples 40, productive 15 (37.5%), vertices/sample 0.571
  free-env      4/4       3.60/10.58/14.57          369       26    17.64   0.0815    98%     0.0030      0/3130         0     0.0025       0
      primary samples 40, productive 16 (40.0%), vertices/sample 0.575
  qp-env        4/4       0.63/20.06/55.28         1525       24    16.29   0.0706    50%     0.0030      0/3505         0     0.0021       0
      primary samples 10, productive 9 (90.0%), vertices/sample 5.500
      qp 289.0 rows/call, 99% of calls reached the solver, 5753 calls

Hop disposition -- what set the hop's length, median over problems.
  row         floored(<1 step)    at region   edge-limited
  qp-fixed            100.0%         0.0%           0.0%
  qp-plain            100.0%         0.0%           0.0%
  qp-adapt             57.0%        42.6%           2.0%
  qp-free             100.0%         0.0%           0.0%
  free-env              2.5%        84.3%          13.2%
  qp-env               66.3%        31.7%           4.1%

Endpoint clearance at zero margin -- min(start, goal) over all spheres.
  scene                     min    median       max affordable   problems by margin
  bookshelf_small        0.0021    0.0058    0.0069    0.0021   0:100% 0.02:  0% 0.04:  0% 0.06:  0% 0.09:  0%
  bookshelf_tall         0.0032    0.0055    0.0088    0.0032   0:100% 0.02:  0% 0.04:  0% 0.06:  0% 0.09:  0%
  bookshelf_thin         0.0059    0.0075    0.0109    0.0059   0:100% 0.02:  0% 0.04:  0% 0.06:  0% 0.09:  0%
  box                    0.0127    0.0127    0.0127    0.0127   0:100% 0.02:  0% 0.04:  0% 0.06:  0% 0.09:  0%
  cage                   0.0127    0.0127    0.0127    0.0127   0:100% 0.02:  0% 0.04:  0% 0.06:  0% 0.09:  0%
  table_pick             0.0077    0.0081    0.0083    0.0077   0:100% 0.02:  0% 0.04:  0% 0.06:  0% 0.09:  0%
  table_under_pick       0.0076    0.0079    0.0082    0.0076   0:100% 0.02:  0% 0.04:  0% 0.06:  0% 0.09:  0%

all scenes  (29 problems, 1 skipped: 1 clearance, 0 self-collision)
  rrtconnect   28/28      2.93/20.13/639.66        3203       18    14.00        -      -     0.0006      0/19277        0     0.0007       0
      primary samples 45, productive 13 (28.9%), vertices/sample 0.360
  qp-fixed     28/28      2.91/12.40/476.26        1207       11    11.51   0.0118     0%    -0.0131    243/25865        0     0.0015       0
      primary samples 3, productive 3 (100.0%), vertices/sample 5.000
      qp 263.1 rows/call, 50% of calls reached the solver, 117972 calls
  qp-plain     28/28      3.22/12.23/492.05        1207       11    11.51   0.0118     0%    -0.0131    243/25865        0     0.0015       0
      primary samples 3, productive 3 (100.0%), vertices/sample 5.000
      qp 343.0 rows/call, 100% of calls reached the solver, 117972 calls
  qp-adapt     28/28      0.71/6.05/358.31         594       11    11.52   0.0344    45%    -0.0130    241/21211        0     0.0015       0
      primary samples 3, productive 3 (100.0%), vertices/sample 5.000
      qp 282.6 rows/call, 88% of calls reached the solver, 76265 calls
  qp-free      27/28     10.12/73.57/10000.05       7206       29    14.64   0.0054     0%     0.0032      0/35853        0     0.0011       0
      primary samples 56, productive 20 (35.7%), vertices/sample 0.536
  free-env     28/28      1.91/11.95/2354.78        591       27    14.21   0.0873    96%     0.0030      0/21141        0     0.0010       0
      primary samples 56, productive 19 (33.9%), vertices/sample 0.533
  qp-env       28/28      0.42/3.71/307.39         296       11    11.54   0.0471    38%    -0.0130    248/19979        0     0.0014       0
      primary samples 3, productive 3 (100.0%), vertices/sample 5.000
      qp 282.3 rows/call, 92% of calls reached the solver, 56734 calls

"samples" is checked configurations for isSafe, barrier evaluations for
the three CBF rows, and SIMD configuration lanes evaluated for VAMP. They measure
sampling work, while wall time captures the very different per-sample costs.
"unsafe/audited" evaluates exact primitive clearance at every state of the
densified solution -- for each CBF row that is the rollout the planner recorded
for each edge, replayed, so it is the motion that would actually be executed,
sampled inside each step rather than only at its boundaries. Non-zero unsafe
invalidates a row however fast it was.
"missed" counts solution edges that were not on file and had to be
re-derived; it must be zero, or the audited motion is a different trajectory
from the one the planner found.


envelope hop: 12161 filter calls, 1.208 hold queries/call, 15.6% saturated, 100.0% longer than L1, past one step 91.8% (L1 alone 51.3%), gated 78.6%, empty-active 0.0%, screen-escalated 1.9%
envelope bottleneck: world 97.5%, self-collision 2.4%, unbound 0.1% (horizon or screen clip), blocked 0.0%, joint-limit clamped 0.0%
envelope binding term:
  world rows       L1 0.0%, local-L1 0.7%, speed-capped 6.8%, isotropic-anchored 92.4% (of 11857 bound calls)
  self-pair rows   L1 0.0%, local-L1 0.0%, speed-capped 0.3%, normal-anchored 99.7% (of 290 bound calls)
local-lever screen: 696529 of 1125385 expensive world rows settled before the envelope (61.9%)
span handed to the rollout, in controller steps (56734 calls):
                   <1      1-2      2-4      4-8       8+
  L1 only      89.00%     5.58%     3.09%     1.26%     1.07%
  envelope     80.31%     5.24%     5.99%     4.35%     4.10%
=== CBF profiler (wall time) ===
=== CBF filter stats ===
  calls=0  unchanged=0 (0.0%)  filtered=0 (0.0%)  blocked=0 (0.0%)
  active rows:       avg=0.00  max=0
  zero-row fast path: 0 (0.0%)
  qp iterations:     avg=0.00  max=0
  certified duration: avg=0.00000s  min=0.00000s  max=0.00000s  (over 0 non-blocked calls)
  required gain:     avg=0.000/s  max=0.000/s  p50=0.000/s  p90=0.000/s  p99=0.000/s  (over 0 calls, 0 uncertified)
