
MotionBenchMaker UR5, 689 problems loaded, up to 100 per scene
voxel 0.003 m, margin 0.0000 m + 0.0030 m filter buffer, stepSize 0.001 s, range 2.00 rad, 10.0 s limit

hop certificates: old L1 Lipschitz region and new hold-time bound
Picard: off; trajectory prefixes: 0; sequential rollout budget: 10000 calls
kappa 20.00 /s, certified step uncapped, self-collision margin 0.0000 m over 303 pairs
baseline segment: 0.000650 of extent = 0.0100 rad, rollout step 0.0100 rad (matched to the rollout)
rope shortcut off, all rows unsimplified

seed 1
  planner       solved ms(min/med/max)        samples vertices     path rad/call coarse  worst clr unsafe/audited missed worst self collide

bookshelf_small  (4 problems, 0 skipped: 0 clearance, 0 self-collision)
  rrtconnect    4/4       3.71/9.24/71.16         3403       19    11.79        -      -     0.0020      0/2282         0     0.0005       0
      primary samples 72, productive 15 (20.8%), vertices/sample 0.441
  qp-fixed      4/4       2.59/4.90/9.12           743       12     9.22   0.0140     0%     0.0037      0/3128         0     0.0011       0
      primary samples 2, productive 2 (100.0%), vertices/sample 7.000
      qp 288.2 rows/call, 58% of calls reached the solver, 3452 calls
  qp-plain      4/4       2.77/4.99/9.92           743       12     9.22   0.0140     0%     0.0037      0/3128         0     0.0011       0
      primary samples 2, productive 2 (100.0%), vertices/sample 7.000
      qp 343.0 rows/call, 100% of calls reached the solver, 3452 calls
  qp-adapt      4/4       1.21/3.57/4.64           473       12     9.23   0.0407    35%     0.0037      0/2569         0     0.0011       0
      primary samples 2, productive 2 (100.0%), vertices/sample 6.000
      qp 313.3 rows/call, 90% of calls reached the solver, 1566 calls
  qp-free       4/4       8.71/46.55/98.96         8397       29    15.37   0.0059     0%     0.0035      0/5049         0     0.0010       0
      primary samples 62, productive 23 (37.1%), vertices/sample 0.824
  free-env      4/4       2.36/6.14/12.22          441       23    15.69   0.0848    93%     0.0035      0/3026         0     0.0011       0
      primary samples 62, productive 19 (30.6%), vertices/sample 0.824
  qp-env        4/4       0.73/2.87/3.85           338       12     9.26   0.0585    14%     0.0036      0/2315         0     0.0011       0
      primary samples 2, productive 2 (100.0%), vertices/sample 6.000
      qp 313.2 rows/call, 93% of calls reached the solver, 1052 calls

bookshelf_tall  (4 problems, 1 skipped: 1 clearance, 0 self-collision)
  rrtconnect    3/3      10.14/48.23/239.99       10258       46    17.09        -      -     0.0003      0/2450         0     0.0025       0
      primary samples 172, productive 42 (24.4%), vertices/sample 0.267
  qp-fixed      3/3       2.38/8.44/12.26         1023        9     8.27   0.0115     0%     0.0034      0/2254         0     0.0025       0
      primary samples 2, productive 2 (100.0%), vertices/sample 4.667
      qp 296.7 rows/call, 65% of calls reached the solver, 2779 calls
  qp-plain      3/3       2.54/8.68/12.47         1023        9     8.27   0.0115     0%     0.0034      0/2254         0     0.0025       0
      primary samples 2, productive 2 (100.0%), vertices/sample 4.667
      qp 343.0 rows/call, 100% of calls reached the solver, 2779 calls
  qp-adapt      3/3       0.56/4.15/6.44           447        9     8.26   0.0263    71%     0.0034      0/1730         0     0.0025       0
      primary samples 2, productive 2 (100.0%), vertices/sample 4.667
      qp 305.8 rows/call, 83% of calls reached the solver, 1204 calls
  qp-free       3/3      23.58/76.48/688.72       10583       49    12.31   0.0064     0%     0.0034      0/3503         0     0.0025       0
      primary samples 118, productive 45 (38.1%), vertices/sample 0.415
  free-env      3/3       6.28/145.60/147.32        6911      313    12.43   0.0734    91%     0.0031      0/2184         0     0.0025       0
      primary samples 1168, productive 300 (25.7%), vertices/sample 0.276
  qp-env        3/3       0.37/1.60/7.14           133        9     8.26   0.0885    59%     0.0034      0/1614         0     0.0025       0
      primary samples 2, productive 2 (100.0%), vertices/sample 4.500
      qp 304.6 rows/call, 86% of calls reached the solver, 863 calls

bookshelf_thin  (4 problems, 0 skipped: 0 clearance, 0 self-collision)
  rrtconnect    4/4      34.73/135.10/389.96       20391      103    17.27        -      -     0.0001      0/3177         0     0.0017       0
      primary samples 356, productive 100 (28.1%), vertices/sample 0.304
  qp-fixed      4/4       4.05/4.92/13.19          501        6     7.12   0.0151     0%     0.0034      0/2413         0     0.0013       0
      primary samples 1, productive 1 (100.0%), vertices/sample 6.000
      qp 274.1 rows/call, 55% of calls reached the solver, 2693 calls
  qp-plain      4/4       4.26/5.09/13.97          501        6     7.12   0.0151     0%     0.0034      0/2413         0     0.0013       0
      primary samples 1, productive 1 (100.0%), vertices/sample 6.000
      qp 343.0 rows/call, 100% of calls reached the solver, 2693 calls
  qp-adapt      4/4       1.95/2.80/6.29           244        6     7.13   0.0368    45%     0.0034      0/2051         0     0.0013       0
      primary samples 1, productive 1 (100.0%), vertices/sample 6.000
      qp 285.5 rows/call, 89% of calls reached the solver, 1179 calls
  qp-free       4/4     104.04/608.30/9416.78      67579      254    24.30   0.0061     0%     0.0034      0/6950         0     0.0017       0
      primary samples 771, productive 244 (31.6%), vertices/sample 0.392
  free-env      4/4      16.63/64.99/2089.44       2373      136    20.49   0.0992    95%     0.0032      0/3527         0     0.0010       0
      primary samples 362, productive 128 (35.4%), vertices/sample 0.392
  qp-env        4/4       1.30/1.84/3.32           147        6     7.15   0.0555    32%     0.0034      0/1898         0     0.0013       0
      primary samples 1, productive 1 (100.0%), vertices/sample 6.000
      qp 281.5 rows/call, 92% of calls reached the solver, 686 calls

box  (5 problems, 0 skipped: 0 clearance, 0 self-collision)
  rrtconnect    5/5       4.65/7.17/27.37         1889       12    11.59        -      -     0.0015      0/2786         0     0.0025       0
      primary samples 32, productive 8 (25.0%), vertices/sample 0.344
  qp-fixed      5/5       2.66/5.15/8.66           904       12    10.35   0.0118     0%     0.0046      0/3917         0     0.0025       0
      primary samples 2, productive 2 (100.0%), vertices/sample 6.000
      qp 274.6 rows/call, 57% of calls reached the solver, 4469 calls
  qp-plain      5/5       2.80/5.84/8.56           904       12    10.35   0.0118     0%     0.0046      0/3917         0     0.0025       0
      primary samples 2, productive 2 (100.0%), vertices/sample 6.000
      qp 343.0 rows/call, 100% of calls reached the solver, 4469 calls
  qp-adapt      5/5       0.73/1.54/3.47           219       11    10.37   0.0335    65%     0.0046      0/2960         0     0.0025       0
      primary samples 2, productive 2 (100.0%), vertices/sample 5.500
      qp 285.3 rows/call, 81% of calls reached the solver, 1382 calls
  qp-free       5/5      15.34/35.34/119.89        6829       24    13.96   0.0048     0%     0.0056      0/7791         0     0.0025       0
      primary samples 41, productive 15 (36.6%), vertices/sample 0.585
  free-env      5/5       3.52/6.14/26.97          449       32    17.25   0.0907    96%     0.0030      0/4801         0     0.0010       0
      primary samples 54, productive 21 (38.9%), vertices/sample 0.680
  qp-env        5/5       0.63/0.82/1.60            96       11     7.65   0.0714    64%     0.0045      0/2302         0     0.0025       0
      primary samples 2, productive 2 (100.0%), vertices/sample 6.000
      qp 288.5 rows/call, 78% of calls reached the solver, 563 calls

cage  (4 problems, 0 skipped: 0 clearance, 0 self-collision)
  rrtconnect    4/4     103.03/225.23/344.99       87384      479    24.70        -      -     0.0020      0/4703         0     0.0025       0
      primary samples 2457, productive 476 (19.4%), vertices/sample 0.202
  qp-fixed      4/4      13.67/235.87/277.49       38220      185    20.65   0.0100     0%     0.0019      0/6773         0     0.0025       0
      primary samples 154, productive 113 (73.4%), vertices/sample 2.182
      qp 268.1 rows/call, 87% of calls reached the solver, 87101 calls
  qp-plain      4/4      14.43/248.22/285.21       38220      185    20.65   0.0100     0%     0.0019      0/6773         0     0.0025       0
      primary samples 154, productive 113 (73.4%), vertices/sample 2.182
      qp 343.0 rows/call, 100% of calls reached the solver, 87101 calls
  qp-adapt      4/4       5.71/167.44/213.65       24808      185    20.63   0.0201    28%     0.0020      0/5417         0     0.0025       0
      primary samples 154, productive 113 (73.4%), vertices/sample 2.182
      qp 277.3 rows/call, 98% of calls reached the solver, 58079 calls
  qp-free       4/4     229.60/1774.93/3263.66     362108      832    24.49   0.0039     0%     0.0043      0/10151        0     0.0015       0
      primary samples 2806, productive 797 (28.4%), vertices/sample 0.329
  free-env      4/4      59.75/154.28/164.92       12066      521    25.09   0.0733    91%     0.0030      0/4915         0     0.0025       0
      primary samples 1816, productive 496 (27.3%), vertices/sample 0.300
  qp-env        4/4       3.17/15.08/131.49        2031       34    20.62   0.0275    25%     0.0032      0/4292         0     0.0025       0
      primary samples 17, productive 14 (82.4%), vertices/sample 2.182
      qp 266.0 rows/call, 98% of calls reached the solver, 21954 calls

table_pick  (4 problems, 0 skipped: 0 clearance, 0 self-collision)
  rrtconnect    4/4       5.98/17.37/20.57         4519       23    17.35        -      -     0.0005      0/2961         0     0.0025       0
      primary samples 69, productive 18 (26.1%), vertices/sample 0.449
  qp-fixed      4/4       2.43/4.50/4.72           698        7     8.55   0.0130     0%     0.0047      0/2226         0     0.0025       0
      primary samples 1, productive 1 (100.0%), vertices/sample 7.000
      qp 243.3 rows/call, 22% of calls reached the solver, 2222 calls
  qp-plain      4/4       2.80/5.34/5.90           698        7     8.55   0.0130     0%     0.0047      0/2226         0     0.0025       0
      primary samples 1, productive 1 (100.0%), vertices/sample 7.000
      qp 343.0 rows/call, 100% of calls reached the solver, 2222 calls
  qp-adapt      4/4       0.55/0.60/1.09            83        7     8.55   0.0837    62%     0.0047      0/1595         0     0.0025       0
      primary samples 1, productive 1 (100.0%), vertices/sample 7.000
      qp 292.2 rows/call, 70% of calls reached the solver, 351 calls
  qp-free       4/4      17.75/81.74/116.03       12958       44    14.36   0.0061     0%     0.0037      0/4561         0     0.0025       0
      primary samples 107, productive 40 (37.4%), vertices/sample 0.672
  free-env      4/4       3.67/13.77/23.37          787       42    14.33   0.0896    95%     0.0037      0/2839         0     0.0025       0
      primary samples 107, productive 38 (35.5%), vertices/sample 0.517
  qp-env        4/4       0.41/0.53/0.65            50        7     8.55   0.1471    63%     0.0046      0/1528         0     0.0025       0
      primary samples 1, productive 1 (100.0%), vertices/sample 7.000
      qp 288.5 rows/call, 73% of calls reached the solver, 202 calls

table_under_pick  (4 problems, 0 skipped: 0 clearance, 0 self-collision)
  rrtconnect    4/4       3.79/10.55/10.56         2690       14    15.78        -      -     0.0055      0/2870         0     0.0025       0
      primary samples 36, productive 10 (27.8%), vertices/sample 0.417
  qp-fixed      4/4       5.04/10.02/25.94         1325       13    11.22   0.0127     0%     0.0041      0/3271         0     0.0013       0
      primary samples 3, productive 2 (66.7%), vertices/sample 6.500
      qp 294.5 rows/call, 82% of calls reached the solver, 6017 calls
  qp-plain      4/4       5.54/20.50/26.22         1325       13    11.22   0.0127     0%     0.0041      0/3271         0     0.0013       0
      primary samples 3, productive 2 (66.7%), vertices/sample 6.500
      qp 343.0 rows/call, 100% of calls reached the solver, 6017 calls
  qp-adapt      4/4       0.93/4.94/18.53          596       12    11.21   0.0304    53%     0.0041      0/2603         0     0.0013       0
      primary samples 3, productive 2 (66.7%), vertices/sample 6.000
      qp 295.0 rows/call, 90% of calls reached the solver, 3107 calls
  qp-free       4/4       7.04/49.39/325.34        7696       22    20.36   0.0045     0%     0.0051      0/6408         0     0.0025       0
      primary samples 62, productive 16 (25.8%), vertices/sample 0.400
  free-env      4/4       1.40/12.23/55.23          803       32    18.33   0.0760    98%     0.0030      0/3317         0     0.0025       0
      primary samples 81, productive 21 (25.9%), vertices/sample 0.395
  qp-env        4/4       0.80/2.30/15.77          199       13    11.17   0.0747    56%     0.0041      0/2324         0     0.0017       0
      primary samples 3, productive 2 (66.7%), vertices/sample 6.000
      qp 295.5 rows/call, 93% of calls reached the solver, 2095 calls

Hop disposition -- what set the hop's length, median over problems.
  row         floored(<1 step)    at region   edge-limited
  qp-fixed            100.0%         0.0%           0.0%
  qp-plain            100.0%         0.0%           0.0%
  qp-adapt             53.0%        47.2%           1.9%
  qp-free             100.0%         0.0%           0.0%
  free-env              3.6%        84.1%          12.1%
  qp-env               60.0%        39.0%           4.7%

Endpoint clearance at zero margin -- min(start, goal) over all spheres.
  scene                     min    median       max affordable   problems by margin
  bookshelf_small        0.0021    0.0084    0.0089    0.0021   0:100% 0.02:  0% 0.04:  0% 0.06:  0% 0.09:  0%
  bookshelf_tall         0.0025    0.0049    0.0091    0.0025   0:100% 0.02:  0% 0.04:  0% 0.06:  0% 0.09:  0%
  bookshelf_thin         0.0017    0.0066    0.0102    0.0017   0:100% 0.02:  0% 0.04:  0% 0.06:  0% 0.09:  0%
  box                    0.0127    0.0127    0.0127    0.0127   0:100% 0.02:  0% 0.04:  0% 0.06:  0% 0.09:  0%
  cage                   0.0105    0.0127    0.0127    0.0105   0:100% 0.02:  0% 0.04:  0% 0.06:  0% 0.09:  0%
  table_pick             0.0076    0.0081    0.0082    0.0076   0:100% 0.02:  0% 0.04:  0% 0.06:  0% 0.09:  0%
  table_under_pick       0.0076    0.0078    0.0079    0.0076   0:100% 0.02:  0% 0.04:  0% 0.06:  0% 0.09:  0%

all scenes  (29 problems, 1 skipped: 1 clearance, 0 self-collision)
  rrtconnect   28/28      3.71/17.37/389.96        4519       23    14.90        -      -     0.0001      0/21229        0     0.0005       0
      primary samples 84, productive 18 (21.4%), vertices/sample 0.333
  qp-fixed     28/28      2.38/5.15/277.49         815       12     9.25   0.0121     0%     0.0019      0/23982        0     0.0011       0
      primary samples 2, productive 2 (100.0%), vertices/sample 6.000
      qp 273.1 rows/call, 57% of calls reached the solver, 108733 calls
  qp-plain     28/28      2.54/5.90/285.21         815       12     9.25   0.0121     0%     0.0019      0/23982        0     0.0011       0
      primary samples 2, productive 2 (100.0%), vertices/sample 6.000
      qp 343.0 rows/call, 100% of calls reached the solver, 108733 calls
  qp-adapt     28/28      0.55/2.69/213.65         304       11     9.25   0.0333    53%     0.0020      0/18925        0     0.0011       0
      primary samples 2, productive 2 (100.0%), vertices/sample 5.500
      qp 285.5 rows/call, 87% of calls reached the solver, 66868 calls
  qp-free      28/28      7.04/81.74/9416.78      11693       44    16.24   0.0054     0%     0.0034      0/44413        0     0.0010       0
      primary samples 107, productive 40 (37.4%), vertices/sample 0.425
  free-env     28/28      1.40/13.77/2089.44        803       42    17.16   0.0834    95%     0.0030      0/24609        0     0.0010       0
      primary samples 105, productive 38 (36.2%), vertices/sample 0.393
  qp-env       28/28      0.37/1.60/131.49         147       11     9.24   0.0698    42%     0.0032      0/16273        0     0.0011       0
      primary samples 2, productive 2 (100.0%), vertices/sample 6.000
      qp 285.6 rows/call, 92% of calls reached the solver, 27415 calls

"samples" is checked configurations for isSafe, barrier evaluations for
the three CBF rows, and SIMD configuration lanes evaluated for VAMP. They measure
sampling work, while wall time captures the very different per-sample costs.
"unsafe/audited" evaluates exact primitive clearance at every state of the
densified solution -- for each CBF row that is the rollout the planner recorded
for each edge, replayed, so it is the motion that would actually be executed,
sampled inside each step rather than only at its boundaries. Non-zero unsafe
invalidates a row however fast it was.
"missed" counts solution edges that were not on file and had to be
re-derived; it must be zero, or the audited motion is a different trajectory
from the one the planner found.


envelope hop: 7030 filter calls, 1.250 hold queries/call, 17.8% saturated, 100.0% longer than L1, past one step 95.2% (L1 alone 54.5%), gated 74.4%, empty-active 0.0%, screen-escalated 2.8%
envelope bottleneck: world 96.7%, self-collision 3.1%, unbound 0.2% (horizon or screen clip), blocked 0.0%, joint-limit clamped 0.0%
envelope binding term:
  world rows       L1 0.0%, local-L1 0.8%, speed-capped 4.8%, isotropic-anchored 94.3% (of 6799 bound calls)
  self-pair rows   L1 0.0%, local-L1 0.0%, speed-capped 0.5%, normal-anchored 99.5% (of 220 bound calls)
local-lever screen: 436967 of 740933 expensive world rows settled before the envelope (59.0%)
span handed to the rollout, in controller steps (27415 calls):
                   <1      1-2      2-4      4-8       8+
  L1 only      86.03%     7.17%     3.50%     1.54%     1.76%
  envelope     75.58%     4.76%     8.02%     5.50%     6.14%
=== CBF profiler (wall time) ===
=== CBF filter stats ===
  calls=0  unchanged=0 (0.0%)  filtered=0 (0.0%)  blocked=0 (0.0%)
  active rows:       avg=0.00  max=0
  zero-row fast path: 0 (0.0%)
  qp iterations:     avg=0.00  max=0
  certified duration: avg=0.00000s  min=0.00000s  max=0.00000s  (over 0 non-blocked calls)
  required gain:     avg=0.000/s  max=0.000/s  p50=0.000/s  p90=0.000/s  p99=0.000/s  (over 0 calls, 0 uncertified)
