
MotionBenchMaker UR5, 689 problems loaded, up to 100 per scene
voxel 0.003 m, margin 0.0000 m + 0.0030 m filter buffer, stepSize 0.001 s, range 2.00 rad, 10.0 s limit

hop certificates: old L1 Lipschitz region and new hold-time bound
Picard: off; trajectory prefixes: 0; sequential rollout budget: 10000 calls
kappa 20.00 /s, certified step uncapped, self-collision margin 0.0000 m over 303 pairs
baseline segment: 0.000650 of extent = 0.0100 rad, rollout step 0.0100 rad (matched to the rollout)
rope shortcut off, all rows unsimplified

seed 1
  planner       solved ms(min/med/max)        samples vertices     path rad/call coarse  worst clr unsafe/audited missed worst self collide

bookshelf_small  (4 problems, 0 skipped: 0 clearance, 0 self-collision)
  rrtconnect    4/4       3.06/16.00/39.80         4058       22    15.85        -      -     0.0038      0/2601         0     0.0025       0
      primary samples 69, productive 18 (26.1%), vertices/sample 0.520
  qp-fixed      4/4       5.27/32.24/67.73         3234       24    14.93   0.0123     0%    -0.0025     51/4017         0     0.0010       0
      primary samples 9, productive 7 (77.8%), vertices/sample 3.000
      qp 268.4 rows/call, 79% of calls reached the solver, 11244 calls
  qp-plain      4/4       5.56/33.54/71.63         3234       24    14.93   0.0123     0%    -0.0025     51/4017         0     0.0010       0
      primary samples 9, productive 7 (77.8%), vertices/sample 3.000
      qp 343.0 rows/call, 100% of calls reached the solver, 11244 calls
  qp-adapt      4/4       1.05/21.32/56.45         1915       24    14.94   0.0385    24%    -0.0021     59/3247         0     0.0010       0
      primary samples 9, productive 7 (77.8%), vertices/sample 3.000
      qp 299.0 rows/call, 96% of calls reached the solver, 7331 calls
  qp-free       4/4       7.03/127.79/179.31       15379       41    22.99   0.0055     0%     0.0044      0/5526         0     0.0021       0
      primary samples 101, productive 35 (34.7%), vertices/sample 0.595
  free-env      4/4       1.02/15.67/30.65          779       41    14.82   0.0881    96%     0.0038      0/2953         0     0.0015       0
      primary samples 101, productive 36 (35.6%), vertices/sample 0.588
  qp-env        4/4       0.57/8.58/39.51          741       20    12.73   0.0471    17%     0.0036      0/2688         0     0.0010       0
      primary samples 5, productive 4 (80.0%), vertices/sample 4.000
      qp 295.9 rows/call, 96% of calls reached the solver, 4288 calls

bookshelf_tall  (4 problems, 0 skipped: 0 clearance, 0 self-collision)
  rrtconnect    4/4      10.46/143.19/451.74       18632       92    18.25        -      -     0.0010      0/3306         0     0.0003       0
      primary samples 464, productive 86 (18.5%), vertices/sample 0.237
  qp-fixed      4/4       5.34/15.88/90.09         1088       11    11.12   0.0110     0%     0.0031      0/4271         0     0.0010       0
      primary samples 2, productive 2 (100.0%), vertices/sample 5.500
      qp 287.5 rows/call, 78% of calls reached the solver, 9278 calls
  qp-plain      4/4       5.58/15.59/95.27         1088       11    11.12   0.0110     0%     0.0031      0/4271         0     0.0010       0
      primary samples 2, productive 2 (100.0%), vertices/sample 5.500
      qp 343.0 rows/call, 100% of calls reached the solver, 9278 calls
  qp-adapt      4/4       1.85/11.33/68.28          725       12    11.13   0.0213    23%     0.0031      0/3773         0     0.0010       0
      primary samples 2, productive 2 (100.0%), vertices/sample 6.000
      qp 308.8 rows/call, 91% of calls reached the solver, 6131 calls
  qp-free       4/4      12.02/532.27/732.96       44466      141    18.15   0.0055     0%     0.0038      0/6238         0     0.0018       0
      primary samples 422, productive 133 (31.5%), vertices/sample 0.354
  free-env      4/4       9.99/128.36/138.68        3842      144    21.24   0.0926    95%     0.0030      0/4173         0     0.0010       0
      primary samples 486, productive 134 (27.6%), vertices/sample 0.322
  qp-env        4/4       0.71/6.84/56.39          413       13    11.17   0.0401    28%     0.0031      0/3325         0     0.0010       0
      primary samples 2, productive 2 (100.0%), vertices/sample 6.000
      qp 309.8 rows/call, 95% of calls reached the solver, 4581 calls

bookshelf_thin  (4 problems, 0 skipped: 0 clearance, 0 self-collision)
  rrtconnect    4/4      34.52/99.12/114.26        9786       48    15.91        -      -     0.0026      0/2749         0     0.0025       0
      primary samples 135, productive 45 (33.3%), vertices/sample 0.356
  qp-fixed      4/4       4.44/7.65/17.75          511        6     6.80   0.0131     0%     0.0014      0/2119         0     0.0025       0
      primary samples 1, productive 1 (100.0%), vertices/sample 6.000
      qp 262.2 rows/call, 39% of calls reached the solver, 2423 calls
  qp-plain      4/4       4.97/8.03/18.74          511        6     6.80   0.0131     0%     0.0014      0/2119         0     0.0025       0
      primary samples 1, productive 1 (100.0%), vertices/sample 6.000
      qp 343.0 rows/call, 100% of calls reached the solver, 2423 calls
  qp-adapt      4/4       1.37/3.29/14.63          192        6     6.80   0.0345    35%    -0.0005      6/1755         0     0.0025       0
      primary samples 1, productive 1 (100.0%), vertices/sample 6.000
      qp 277.0 rows/call, 81% of calls reached the solver, 1269 calls
  qp-free       4/4      65.01/180.10/1661.91      12551       39    13.97   0.0067     0%     0.0039      0/5342         0     0.0025       0
      primary samples 88, productive 32 (36.4%), vertices/sample 0.556
  free-env      4/4      12.69/34.01/305.04         818       41    19.61   0.0896    95%     0.0033      0/3945         0     0.0025       0
      primary samples 88, productive 33 (37.5%), vertices/sample 0.556
  qp-env        4/4       0.67/1.92/9.44            98        6     6.80   0.0657    35%    -0.0006      8/1554         0     0.0025       0
      primary samples 1, productive 1 (100.0%), vertices/sample 6.000
      qp 283.1 rows/call, 87% of calls reached the solver, 726 calls

box  (4 problems, 0 skipped: 0 clearance, 0 self-collision)
  rrtconnect    4/4       2.38/18.00/20.48         4751       26    15.78        -      -     0.0004      0/2449         0     0.0025       0
      primary samples 77, productive 22 (28.6%), vertices/sample 0.526
  qp-fixed      4/4      13.68/20.63/26.63         2267       20    13.59   0.0115     0%     0.0034      0/4255         0     0.0025       0
      primary samples 7, productive 7 (100.0%), vertices/sample 3.000
      qp 258.3 rows/call, 82% of calls reached the solver, 8844 calls
  qp-plain      4/4      14.14/22.70/28.52         2267       20    13.59   0.0115     0%     0.0034      0/4255         0     0.0025       0
      primary samples 7, productive 7 (100.0%), vertices/sample 3.000
      qp 343.0 rows/call, 100% of calls reached the solver, 8844 calls
  qp-adapt      4/4       6.29/13.98/15.89         1413       23    17.65   0.0229    45%     0.0032      0/3759         0     0.0025       0
      primary samples 9, productive 9 (100.0%), vertices/sample 3.000
      qp 260.0 rows/call, 95% of calls reached the solver, 4680 calls
  qp-free       4/4      36.45/55.56/131.53        7107       28    16.93   0.0043     0%     0.0099      0/5767         0     0.0025       0
      primary samples 45, productive 16 (35.6%), vertices/sample 0.731
  free-env      4/4       4.31/7.36/17.65          392       26    13.05   0.0737    93%     0.0032      0/2614         0     0.0025       0
      primary samples 45, productive 13 (28.9%), vertices/sample 0.714
  qp-env        4/4       3.68/9.60/10.20          825       19    13.62   0.0445    35%     0.0033      0/3216         0     0.0025       0
      primary samples 7, productive 7 (100.0%), vertices/sample 3.111
      qp 259.7 rows/call, 96% of calls reached the solver, 2662 calls

cage  (4 problems, 0 skipped: 0 clearance, 0 self-collision)
  rrtconnect    4/4      29.13/236.25/597.93       55864      300    25.07        -      -     0.0002      0/4435         0     0.0025       0
      primary samples 1594, productive 297 (18.6%), vertices/sample 0.240
  qp-fixed      4/4     209.35/263.38/328.08       24763      119    29.01   0.0091     0%     0.0030      0/8953         0     0.0015       0
      primary samples 97, productive 68 (70.1%), vertices/sample 1.287
      qp 275.8 rows/call, 87% of calls reached the solver, 102911 calls
  qp-plain      4/4     222.01/282.45/343.95       24763      119    29.01   0.0091     0%     0.0030      0/8953         0     0.0015       0
      primary samples 97, productive 68 (70.1%), vertices/sample 1.287
      qp 343.0 rows/call, 100% of calls reached the solver, 102911 calls
  qp-adapt      4/4     150.23/188.36/232.03       16338      117    29.04   0.0136    27%     0.0030      0/7617         0     0.0015       0
      primary samples 97, productive 68 (70.1%), vertices/sample 1.287
      qp 276.0 rows/call, 97% of calls reached the solver, 67556 calls
  qp-free       4/4    1390.23/2161.14/7415.61     277055      620    28.57   0.0038     0%     0.0040      0/10873        0     0.0019       0
      primary samples 2110, productive 595 (28.2%), vertices/sample 0.298
  free-env      4/4     402.19/566.44/602.30       29156     1119    32.90   0.0626    93%     0.0031      0/6753         0     0.0011       0
      primary samples 4036, productive 1087 (26.9%), vertices/sample 0.284
  qp-env        4/4      60.29/153.66/185.00       12917      118    26.11   0.0192    20%     0.0030      0/5968         0     0.0016       0
      primary samples 97, productive 68 (70.1%), vertices/sample 1.350
      qp 274.0 rows/call, 99% of calls reached the solver, 44771 calls

table_pick  (5 problems, 0 skipped: 0 clearance, 0 self-collision)
  rrtconnect    5/5       4.98/8.77/57.98         1499       10    10.50        -      -     0.0007      0/2998         0     0.0025       0
      primary samples 16, productive 6 (37.5%), vertices/sample 0.625
  qp-fixed      5/5       6.10/7.27/19.88          685        7     8.21   0.0115     0%     0.0013      0/3810         0     0.0025       0
      primary samples 1, productive 1 (100.0%), vertices/sample 6.000
      qp 262.0 rows/call, 36% of calls reached the solver, 4721 calls
  qp-plain      5/5       7.18/8.10/20.35          685        7     8.21   0.0115     0%     0.0013      0/3810         0     0.0025       0
      primary samples 1, productive 1 (100.0%), vertices/sample 6.000
      qp 343.0 rows/call, 100% of calls reached the solver, 4721 calls
  qp-adapt      5/5       0.59/4.01/10.30          317        7     8.21   0.0387    48%     0.0013      0/2871         0     0.0025       0
      primary samples 1, productive 1 (100.0%), vertices/sample 6.000
      qp 282.1 rows/call, 77% of calls reached the solver, 1572 calls
  qp-free       5/5      11.54/27.67/347.74        2309       13    13.15   0.0082     0%     0.0042      0/4643         0     0.0025       0
      primary samples 16, productive 8 (50.0%), vertices/sample 0.812
  free-env      5/5       1.49/3.95/66.02          142       13    10.40   0.1337    97%     0.0042      0/2835         0     0.0025       0
      primary samples 16, productive 8 (50.0%), vertices/sample 0.812
  qp-env        5/5       0.57/2.61/9.35           172        7     8.21   0.0719    29%     0.0013      0/2686         0     0.0025       0
      primary samples 1, productive 1 (100.0%), vertices/sample 6.000
      qp 276.1 rows/call, 90% of calls reached the solver, 1120 calls

table_under_pick  (4 problems, 0 skipped: 0 clearance, 0 self-collision)
  rrtconnect    4/4       6.20/17.59/17.78         3012       17    14.73        -      -     0.0004      0/2569         0     0.0025       0
      primary samples 55, productive 12 (21.8%), vertices/sample 0.667
  qp-fixed      4/4       9.67/31.89/115.21        2768       20    16.20   0.0105     0%     0.0032      0/5288         0     0.0011       0
      primary samples 9, productive 9 (100.0%), vertices/sample 4.500
      qp 270.5 rows/call, 85% of calls reached the solver, 14657 calls
  qp-plain      4/4      10.05/33.62/121.51        2768       20    16.20   0.0105     0%     0.0032      0/5288         0     0.0011       0
      primary samples 9, productive 9 (100.0%), vertices/sample 4.500
      qp 343.0 rows/call, 100% of calls reached the solver, 14657 calls
  qp-adapt      4/4       4.51/18.99/48.85         1543       20    16.21   0.0244    50%     0.0034      0/3458         0     0.0025       0
      primary samples 9, productive 9 (100.0%), vertices/sample 4.500
      qp 258.6 rows/call, 96% of calls reached the solver, 6434 calls
  qp-free       4/4      10.71/58.95/113.15        5976       25    13.52   0.0064     0%     0.0044      0/4602         0     0.0025       0
      primary samples 50, productive 17 (34.0%), vertices/sample 0.559
  free-env      4/4       4.18/14.95/19.78          548       33    14.82   0.1326    95%     0.0030      0/2871         0     0.0017       0
      primary samples 68, productive 24 (35.3%), vertices/sample 0.516
  qp-env        4/4       2.53/12.61/54.22          952       20    16.24   0.0545    47%     0.0031      0/3600         0     0.0013       0
      primary samples 9, productive 9 (100.0%), vertices/sample 4.500
      qp 268.3 rows/call, 97% of calls reached the solver, 5403 calls

Hop disposition -- what set the hop's length, median over problems.
  row         floored(<1 step)    at region   edge-limited
  qp-fixed            100.0%         0.0%           0.0%
  qp-plain            100.0%         0.0%           0.0%
  qp-adapt             66.9%        31.5%           1.3%
  qp-free             100.0%         0.0%           0.0%
  free-env              3.5%        83.9%          12.1%
  qp-env               72.4%        24.7%           2.4%

Endpoint clearance at zero margin -- min(start, goal) over all spheres.
  scene                     min    median       max affordable   problems by margin
  bookshelf_small        0.0052    0.0077    0.0097    0.0052   0:100% 0.02:  0% 0.04:  0% 0.06:  0% 0.09:  0%
  bookshelf_tall         0.0043    0.0059    0.0087    0.0043   0:100% 0.02:  0% 0.04:  0% 0.06:  0% 0.09:  0%
  bookshelf_thin         0.0039    0.0059    0.0072    0.0039   0:100% 0.02:  0% 0.04:  0% 0.06:  0% 0.09:  0%
  box                    0.0127    0.0127    0.0127    0.0127   0:100% 0.02:  0% 0.04:  0% 0.06:  0% 0.09:  0%
  cage                   0.0127    0.0127    0.0127    0.0127   0:100% 0.02:  0% 0.04:  0% 0.06:  0% 0.09:  0%
  table_pick             0.0076    0.0078    0.0082    0.0076   0:100% 0.02:  0% 0.04:  0% 0.06:  0% 0.09:  0%
  table_under_pick       0.0079    0.0081    0.0082    0.0079   0:100% 0.02:  0% 0.04:  0% 0.06:  0% 0.09:  0%

all scenes  (29 problems, 0 skipped: 0 clearance, 0 self-collision)
  rrtconnect   29/29      2.38/20.48/597.93        4058       22    14.94        -      -     0.0002      0/21107        0     0.0003       0
      primary samples 69, productive 18 (26.1%), vertices/sample 0.309
  qp-fixed     29/29      4.44/15.88/328.08        1123       11    11.12   0.0114     0%    -0.0025     51/32713        0     0.0010       0
      primary samples 3, productive 3 (100.0%), vertices/sample 3.667
      qp 268.4 rows/call, 74% of calls reached the solver, 154078 calls
  qp-plain     29/29      4.97/15.59/343.95        1123       11    11.12   0.0114     0%    -0.0025     51/32713        0     0.0010       0
      primary samples 3, productive 3 (100.0%), vertices/sample 3.667
      qp 343.0 rows/call, 100% of calls reached the solver, 154078 calls
  qp-adapt     29/29      0.59/10.30/232.03         725       13    11.04   0.0229    33%    -0.0021     65/26480        0     0.0010       0
      primary samples 3, productive 3 (100.0%), vertices/sample 3.667
      qp 276.8 rows/call, 91% of calls reached the solver, 94973 calls
  qp-free      29/29      7.03/113.15/7415.61      11285       38    13.55   0.0050     0%     0.0038      0/42991        0     0.0018       0
      primary samples 68, productive 25 (36.8%), vertices/sample 0.500
  free-env     29/29      1.02/17.65/602.30         768       40    14.69   0.0804    95%     0.0030      0/26144        0     0.0010       0
      primary samples 83, productive 28 (33.7%), vertices/sample 0.466
  qp-env       29/29      0.57/6.28/185.00         413       13    11.04   0.0397    28%    -0.0006      8/23037        0     0.0010       0
      primary samples 3, productive 3 (100.0%), vertices/sample 3.667
      qp 274.1 rows/call, 95% of calls reached the solver, 63551 calls

"samples" is checked configurations for isSafe, barrier evaluations for
the three CBF rows, and SIMD configuration lanes evaluated for VAMP. They measure
sampling work, while wall time captures the very different per-sample costs.
"unsafe/audited" evaluates exact primitive clearance at every state of the
densified solution -- for each CBF row that is the rollout the planner recorded
for each edge, replayed, so it is the motion that would actually be executed,
sampled inside each step rather than only at its boundaries. Non-zero unsafe
invalidates a row however fast it was.
"missed" counts solution edges that were not on file and had to be
re-derived; it must be zero, or the audited motion is a different trajectory
from the one the planner found.


envelope hop: 13920 filter calls, 1.233 hold queries/call, 17.3% saturated, 100.0% longer than L1, past one step 92.8% (L1 alone 53.5%), gated 78.1%, empty-active 0.0%, screen-escalated 2.0%
envelope bottleneck: world 97.2%, self-collision 2.8%, unbound 0.1% (horizon or screen clip), blocked 0.0%, joint-limit clamped 0.0%
envelope binding term:
  world rows       L1 0.0%, local-L1 0.6%, speed-capped 5.0%, isotropic-anchored 94.4% (of 13525 bound calls)
  self-pair rows   L1 0.0%, local-L1 0.0%, speed-capped 0.0%, normal-anchored 100.0% (of 384 bound calls)
local-lever screen: 512246 of 846237 expensive world rows settled before the envelope (60.5%)
span handed to the rollout, in controller steps (63551 calls):
                   <1      1-2      2-4      4-8       8+
  L1 only      88.27%     5.67%     3.43%     1.52%     1.11%
  envelope     79.68%     4.45%     6.05%     5.00%     4.82%
=== CBF profiler (wall time) ===
=== CBF filter stats ===
  calls=0  unchanged=0 (0.0%)  filtered=0 (0.0%)  blocked=0 (0.0%)
  active rows:       avg=0.00  max=0
  zero-row fast path: 0 (0.0%)
  qp iterations:     avg=0.00  max=0
  certified duration: avg=0.00000s  min=0.00000s  max=0.00000s  (over 0 non-blocked calls)
  required gain:     avg=0.000/s  max=0.000/s  p50=0.000/s  p90=0.000/s  p99=0.000/s  (over 0 calls, 0 uncertified)
