
MotionBenchMaker UR5, 689 problems loaded, up to 100 per scene
voxel 0.003 m, margin 0.0000 m + 0.0030 m filter buffer, stepSize 0.001 s, range 2.00 rad, 10.0 s limit

hop certificates: old L1 Lipschitz region and new hold-time bound
Picard: off; trajectory prefixes: 0; sequential rollout budget: 10000 calls
kappa 20.00 /s, certified step uncapped, self-collision margin 0.0000 m over 303 pairs
baseline segment: 0.000650 of extent = 0.0100 rad, rollout step 0.0100 rad (matched to the rollout)
rope shortcut off, all rows unsimplified

seed 1
  planner       solved ms(min/med/max)        samples vertices     path rad/call coarse  worst clr unsafe/audited missed worst self collide

bookshelf_small  (4 problems, 0 skipped: 0 clearance, 0 self-collision)
  rrtconnect    4/4       2.65/12.28/18.73         4331       24    12.85        -      -     0.0027      0/2538         0     0.0012       0
      primary samples 80, productive 20 (25.0%), vertices/sample 0.348
  qp-fixed      4/4       2.94/28.04/35.18         4079       26    19.20   0.0116     0%     0.0031      0/5207         0     0.0025       0
      primary samples 12, productive 10 (83.3%), vertices/sample 5.500
      qp 281.8 rows/call, 83% of calls reached the solver, 10881 calls
  qp-plain      4/4       3.48/28.87/36.22         4079       26    19.20   0.0116     0%     0.0031      0/5207         0     0.0025       0
      primary samples 12, productive 10 (83.3%), vertices/sample 5.500
      qp 343.0 rows/call, 100% of calls reached the solver, 10881 calls
  qp-adapt      4/4       0.42/20.36/27.51         2647       26    19.20   0.0175    26%     0.0031      0/4552         0     0.0025       0
      primary samples 12, productive 10 (83.3%), vertices/sample 5.500
      qp 304.6 rows/call, 96% of calls reached the solver, 7024 calls
  qp-free       4/4      13.23/28.35/307.45        5337       29    14.32   0.0069     0%     0.0043      0/4749         0     0.0025       0
      primary samples 28, productive 16 (57.1%), vertices/sample 1.160
  free-env      4/4       1.83/4.59/40.50          356       22    14.05   0.0960    93%     0.0036      0/2893         0     0.0025       0
      primary samples 36, productive 15 (41.7%), vertices/sample 0.846
  qp-env        4/4       0.39/17.06/26.52         2099       26    19.20   0.0279    17%     0.0031      0/4520         0     0.0025       0
      primary samples 12, productive 10 (83.3%), vertices/sample 5.500
      qp 300.7 rows/call, 98% of calls reached the solver, 5770 calls

bookshelf_tall  (4 problems, 1 skipped: 1 clearance, 0 self-collision)
  rrtconnect    3/3      16.14/17.99/31.73         3818       21    12.09        -      -     0.0016      0/1808         0     0.0025       0
      primary samples 49, productive 16 (32.7%), vertices/sample 0.429
  qp-fixed      3/3       3.21/10.09/20.06         1207       11     9.96   0.0111     0%     0.0053      0/1978         0     0.0025       0
      primary samples 3, productive 3 (100.0%), vertices/sample 4.000
      qp 290.7 rows/call, 60% of calls reached the solver, 4048 calls
  qp-plain      3/3       3.29/10.42/20.39         1207       11     9.96   0.0111     0%     0.0053      0/1978         0     0.0025       0
      primary samples 3, productive 3 (100.0%), vertices/sample 4.000
      qp 343.0 rows/call, 100% of calls reached the solver, 4048 calls
  qp-adapt      3/3       0.89/4.91/11.69          499       14     9.98   0.0271    51%     0.0055      0/1619         0     0.0025       0
      primary samples 3, productive 3 (100.0%), vertices/sample 4.667
      qp 311.1 rows/call, 91% of calls reached the solver, 1897 calls
  qp-free       3/3      39.08/96.20/135.66       11429       51    18.41   0.0059     0%     0.0059      0/4900         0     0.0014       0
      primary samples 96, productive 41 (42.7%), vertices/sample 0.531
  free-env      3/3      15.39/16.80/25.61          865       53    20.68   0.0934    97%     0.0034      0/2786         0     0.0013       0
      primary samples 103, productive 40 (38.8%), vertices/sample 0.453
  qp-env        3/3       0.48/2.23/6.82           192       14    10.05   0.0704    52%     0.0056      0/1412         0     0.0025       0
      primary samples 3, productive 3 (100.0%), vertices/sample 4.667
      qp 308.0 rows/call, 91% of calls reached the solver, 919 calls

bookshelf_thin  (4 problems, 0 skipped: 0 clearance, 0 self-collision)
  rrtconnect    4/4       6.62/84.17/346.15       13035       63    12.61        -      -     0.0001      0/3432         0     0.0011       0
      primary samples 251, productive 58 (23.1%), vertices/sample 0.417
  qp-fixed      4/4       3.73/6.38/12.43          679        9     9.33   0.0137     0%     0.0036      0/2437         0     0.0019       0
      primary samples 1, productive 1 (100.0%), vertices/sample 8.000
      qp 262.2 rows/call, 29% of calls reached the solver, 2893 calls
  qp-plain      4/4       3.99/6.79/12.90          679        9     9.33   0.0137     0%     0.0036      0/2437         0     0.0019       0
      primary samples 1, productive 1 (100.0%), vertices/sample 8.000
      qp 343.0 rows/call, 100% of calls reached the solver, 2893 calls
  qp-adapt      4/4       0.60/2.15/6.35           207        9     9.34   0.0607    53%     0.0036      0/2009         0     0.0019       0
      primary samples 1, productive 1 (100.0%), vertices/sample 8.000
      qp 281.4 rows/call, 77% of calls reached the solver, 946 calls
  qp-free       4/4      25.62/1224.03/1921.97     132096      379    20.47   0.0072     0%     0.0046      0/6448         0     0.0018       0
      primary samples 1288, productive 375 (29.1%), vertices/sample 0.741
  free-env      4/4       4.00/229.44/366.91        8071      368    22.95   0.0782    97%     0.0041      0/3985         0     0.0015       0
      primary samples 1288, productive 364 (28.3%), vertices/sample 0.741
  qp-env        4/4       0.48/1.30/5.95           114        8     9.31   0.1079    39%     0.0036      0/1932         0     0.0019       0
      primary samples 1, productive 1 (100.0%), vertices/sample 8.000
      qp 282.0 rows/call, 79% of calls reached the solver, 741 calls

box  (4 problems, 0 skipped: 0 clearance, 0 self-collision)
  rrtconnect    4/4       2.30/4.79/28.22         1836       11    10.72        -      -     0.0049      0/2448         0     0.0025       0
      primary samples 16, productive 7 (43.8%), vertices/sample 0.786
  qp-fixed      4/4       1.86/11.67/25.51         1816       18    12.00   0.0122     0%     0.0045      0/3172         0     0.0025       0
      primary samples 4, productive 4 (100.0%), vertices/sample 6.000
      qp 282.7 rows/call, 82% of calls reached the solver, 7241 calls
  qp-plain      4/4       2.14/12.09/26.46         1816       18    12.00   0.0122     0%     0.0045      0/3172         0     0.0025       0
      primary samples 4, productive 4 (100.0%), vertices/sample 6.000
      qp 343.0 rows/call, 100% of calls reached the solver, 7241 calls
  qp-adapt      4/4       0.66/6.30/14.55          857       19    12.00   0.0501    62%     0.0045      0/2280         0     0.0025       0
      primary samples 4, productive 4 (100.0%), vertices/sample 4.750
      qp 289.6 rows/call, 95% of calls reached the solver, 3273 calls
  qp-free       4/4       4.20/49.49/88.95         9506       34    14.26   0.0052     0%     0.0060      0/5674         0     0.0025       0
      primary samples 54, productive 24 (44.4%), vertices/sample 0.760
  free-env      4/4       0.87/8.60/9.85           728       35    19.56   0.0907    91%     0.0032      0/3087         0     0.0025       0
      primary samples 61, productive 25 (41.0%), vertices/sample 0.648
  qp-env        4/4       0.32/10.43/18.00         1321       28    12.01   0.0932    45%     0.0032      0/2234         0     0.0025       0
      primary samples 12, productive 11 (91.7%), vertices/sample 4.667
      qp 280.2 rows/call, 96% of calls reached the solver, 3845 calls

cage  (4 problems, 0 skipped: 0 clearance, 0 self-collision)
  rrtconnect    4/4     302.80/974.77/2063.43     339010     2292    20.83        -      -     0.0003      0/4161         0     0.0025       0
      primary samples 13320, productive 2288 (17.2%), vertices/sample 0.184
  qp-fixed      4/4      45.52/111.14/227.17       15874       89    26.68   0.0094     0%     0.0030      0/7146         0     0.0012       0
      primary samples 57, productive 48 (84.2%), vertices/sample 1.677
      qp 270.3 rows/call, 89% of calls reached the solver, 65094 calls
  qp-plain      4/4      48.27/111.83/236.35       15874       89    26.68   0.0094     0%     0.0030      0/7146         0     0.0012       0
      primary samples 57, productive 48 (84.2%), vertices/sample 1.677
      qp 343.0 rows/call, 100% of calls reached the solver, 65094 calls
  qp-adapt      4/4      29.96/72.54/167.02        9651       89    26.73   0.0154    31%     0.0030      0/5845         0     0.0012       0
      primary samples 57, productive 48 (84.2%), vertices/sample 1.677
      qp 271.1 rows/call, 97% of calls reached the solver, 42041 calls
  qp-free       4/4    1331.78/2231.65/4386.08     429929      974    23.08   0.0036     0%     0.0047      0/8568         0     0.0025       0
      primary samples 3366, productive 939 (27.9%), vertices/sample 0.289
  free-env      4/4      73.12/119.72/154.21        8771      403    20.55   0.0741    92%     0.0034      0/3879         0     0.0011       0
      primary samples 1217, productive 384 (31.6%), vertices/sample 0.325
  qp-env        4/4      40.11/90.94/129.19       12173      154    18.23   0.0210    20%     0.0030      0/4623         0     0.0021       0
      primary samples 115, productive 83 (72.2%), vertices/sample 1.526
      qp 265.6 rows/call, 99% of calls reached the solver, 40071 calls

table_pick  (4 problems, 0 skipped: 0 clearance, 0 self-collision)
  rrtconnect    4/4       3.68/6.89/7.90          1810       11     9.41        -      -     0.0006      0/1771         0     0.0025       0
      primary samples 18, productive 6 (33.3%), vertices/sample 0.750
  qp-fixed      4/4       2.89/4.31/5.20           631        6     6.89   0.0144     0%     0.0039      0/2311         0     0.0025       0
      primary samples 1, productive 1 (100.0%), vertices/sample 6.000
      qp 241.0 rows/call, 41% of calls reached the solver, 2421 calls
  qp-plain      4/4       3.28/4.86/5.91           631        6     6.89   0.0144     0%     0.0039      0/2311         0     0.0025       0
      primary samples 1, productive 1 (100.0%), vertices/sample 6.000
      qp 343.0 rows/call, 100% of calls reached the solver, 2421 calls
  qp-adapt      4/4       0.45/1.58/1.92           187        6     6.89   0.0407    64%     0.0038      0/1661         0     0.0025       0
      primary samples 1, productive 1 (100.0%), vertices/sample 6.000
      qp 257.0 rows/call, 81% of calls reached the solver, 659 calls
  qp-free       4/4       5.36/22.25/86.59         3448       20     9.14   0.0074     0%     0.0045      0/3485         0     0.0025       0
      primary samples 29, productive 11 (37.9%), vertices/sample 1.429
  free-env      4/4       0.77/3.80/19.49          224       17    10.95   0.1135    95%     0.0045      0/2208         0     0.0025       0
      primary samples 29, productive 11 (37.9%), vertices/sample 0.647
  qp-env        4/4       0.46/1.38/1.69           152        6     6.90   0.0621    54%     0.0037      0/1566         0     0.0025       0
      primary samples 1, productive 1 (100.0%), vertices/sample 6.000
      qp 258.3 rows/call, 87% of calls reached the solver, 475 calls

table_under_pick  (5 problems, 0 skipped: 0 clearance, 0 self-collision)
  rrtconnect    5/5       7.07/7.61/46.28         1895       12    13.47        -      -     0.0058      0/3226         0     0.0025       0
      primary samples 42, productive 8 (19.0%), vertices/sample 0.296
  qp-fixed      5/5       4.73/16.37/21.64         2178       15    13.68   0.0108     0%     0.0032      0/5319         0     0.0025       0
      primary samples 6, productive 6 (100.0%), vertices/sample 2.571
      qp 280.9 rows/call, 69% of calls reached the solver, 10221 calls
  qp-plain      5/5       4.88/18.08/23.92         2178       15    13.68   0.0108     0%     0.0032      0/5319         0     0.0025       0
      primary samples 6, productive 6 (100.0%), vertices/sample 2.571
      qp 343.0 rows/call, 100% of calls reached the solver, 10221 calls
  qp-adapt      5/5       3.13/10.27/10.85         1227       15    13.69   0.0220    44%     0.0031      0/4319         0     0.0025       0
      primary samples 6, productive 6 (100.0%), vertices/sample 2.714
      qp 282.7 rows/call, 93% of calls reached the solver, 5187 calls
  qp-free       5/5      27.37/39.08/210.15        5899       21    14.50   0.0048     0%     0.0068      0/5997         0     0.0018       0
      primary samples 45, productive 16 (35.6%), vertices/sample 0.444
  free-env      5/5       3.98/6.91/36.36          389       22    14.66   0.0830    96%     0.0030      0/3899         0     0.0010       0
      primary samples 45, productive 17 (37.8%), vertices/sample 0.481
  qp-env        5/5       1.62/4.51/8.66           472       15    13.39   0.0472    54%     0.0030      0/3532         0     0.0025       0
      primary samples 6, productive 6 (100.0%), vertices/sample 2.571
      qp 283.5 rows/call, 91% of calls reached the solver, 2689 calls

Hop disposition -- what set the hop's length, median over problems.
  row         floored(<1 step)    at region   edge-limited
  qp-fixed            100.0%         0.0%           0.0%
  qp-plain            100.0%         0.0%           0.0%
  qp-adapt             59.1%        43.2%           1.6%
  qp-free             100.0%         0.0%           0.0%
  free-env              2.2%        83.3%          11.9%
  qp-env               66.7%        32.3%           3.0%

Endpoint clearance at zero margin -- min(start, goal) over all spheres.
  scene                     min    median       max affordable   problems by margin
  bookshelf_small        0.0058    0.0078    0.0090    0.0058   0:100% 0.02:  0% 0.04:  0% 0.06:  0% 0.09:  0%
  bookshelf_tall         0.0025    0.0064    0.0100    0.0025   0:100% 0.02:  0% 0.04:  0% 0.06:  0% 0.09:  0%
  bookshelf_thin         0.0019    0.0080    0.0082    0.0019   0:100% 0.02:  0% 0.04:  0% 0.06:  0% 0.09:  0%
  box                    0.0127    0.0127    0.0127    0.0127   0:100% 0.02:  0% 0.04:  0% 0.06:  0% 0.09:  0%
  cage                   0.0126    0.0127    0.0127    0.0126   0:100% 0.02:  0% 0.04:  0% 0.06:  0% 0.09:  0%
  table_pick             0.0065    0.0080    0.0081    0.0065   0:100% 0.02:  0% 0.04:  0% 0.06:  0% 0.09:  0%
  table_under_pick       0.0076    0.0082    0.0082    0.0076   0:100% 0.02:  0% 0.04:  0% 0.06:  0% 0.09:  0%

all scenes  (29 problems, 1 skipped: 1 clearance, 0 self-collision)
  rrtconnect   28/28      2.30/12.28/2063.43       3818       21    12.61        -      -     0.0001      0/19384        0     0.0011       0
      primary samples 54, productive 16 (29.6%), vertices/sample 0.355
  qp-fixed     28/28      1.86/11.67/227.17        1268       14    10.15   0.0111     0%     0.0030      0/27570        0     0.0012       0
      primary samples 3, productive 3 (100.0%), vertices/sample 4.000
      qp 278.5 rows/call, 68% of calls reached the solver, 102799 calls
  qp-plain     28/28      2.14/12.09/236.35        1268       14    10.15   0.0111     0%     0.0030      0/27570        0     0.0012       0
      primary samples 3, productive 3 (100.0%), vertices/sample 4.000
      qp 343.0 rows/call, 100% of calls reached the solver, 102799 calls
  qp-adapt     28/28      0.42/6.30/167.02         778       14    10.15   0.0245    44%     0.0030      0/22285        0     0.0012       0
      primary samples 3, productive 3 (100.0%), vertices/sample 4.000
      qp 281.4 rows/call, 93% of calls reached the solver, 61027 calls
  qp-free      28/28      4.20/49.49/4386.08       8764       29    14.50   0.0053     0%     0.0043      0/39821        0     0.0014       0
      primary samples 54, productive 19 (35.2%), vertices/sample 0.531
  free-env     28/28      0.77/8.65/366.91         726       35    15.08   0.0830    95%     0.0030      0/22737        0     0.0010       0
      primary samples 61, productive 25 (41.0%), vertices/sample 0.512
  qp-env       28/28      0.32/4.22/129.19         472       14    10.09   0.0472    39%     0.0030      0/19819        0     0.0019       0
      primary samples 3, productive 3 (100.0%), vertices/sample 3.667
      qp 280.2 rows/call, 91% of calls reached the solver, 54510 calls

"samples" is checked configurations for isSafe, barrier evaluations for
the three CBF rows, and SIMD configuration lanes evaluated for VAMP. They measure
sampling work, while wall time captures the very different per-sample costs.
"unsafe/audited" evaluates exact primitive clearance at every state of the
densified solution -- for each CBF row that is the rollout the planner recorded
for each edge, replayed, so it is the motion that would actually be executed,
sampled inside each step rather than only at its boundaries. Non-zero unsafe
invalidates a row however fast it was.
"missed" counts solution edges that were not on file and had to be
re-derived; it must be zero, or the audited motion is a different trajectory
from the one the planner found.


envelope hop: 13084 filter calls, 1.242 hold queries/call, 18.2% saturated, 100.0% longer than L1, past one step 92.6% (L1 alone 57.4%), gated 76.0%, empty-active 0.0%, screen-escalated 1.6%
envelope bottleneck: world 97.5%, self-collision 2.3%, unbound 0.1% (horizon or screen clip), blocked 0.0%, joint-limit clamped 0.0%
envelope binding term:
  world rows       L1 0.0%, local-L1 0.6%, speed-capped 5.1%, isotropic-anchored 94.2% (of 12762 bound calls)
  self-pair rows   L1 0.0%, local-L1 0.0%, speed-capped 0.0%, normal-anchored 100.0% (of 307 bound calls)
local-lever screen: 295843 of 500742 expensive world rows settled before the envelope (59.1%)
span handed to the rollout, in controller steps (54510 calls):
                   <1      1-2      2-4      4-8       8+
  L1 only      86.21%     6.73%     4.09%     1.64%     1.32%
  envelope     77.76%     4.58%     6.33%     5.53%     5.80%
=== CBF profiler (wall time) ===
=== CBF filter stats ===
  calls=0  unchanged=0 (0.0%)  filtered=0 (0.0%)  blocked=0 (0.0%)
  active rows:       avg=0.00  max=0
  zero-row fast path: 0 (0.0%)
  qp iterations:     avg=0.00  max=0
  certified duration: avg=0.00000s  min=0.00000s  max=0.00000s  (over 0 non-blocked calls)
  required gain:     avg=0.000/s  max=0.000/s  p50=0.000/s  p90=0.000/s  p99=0.000/s  (over 0 calls, 0 uncertified)
