
MotionBenchMaker UR5, 689 problems loaded, up to 100 per scene
voxel 0.003 m, margin 0.0000 m + 0.0030 m filter buffer, stepSize 0.001 s, range 2.00 rad, 10.0 s limit

hop certificates: old L1 Lipschitz region and new hold-time bound
Picard: off; trajectory prefixes: 0; sequential rollout budget: 10000 calls
kappa 20.00 /s, certified step uncapped, self-collision margin 0.0000 m over 303 pairs
baseline segment: 0.000650 of extent = 0.0100 rad, rollout step 0.0100 rad (matched to the rollout)
rope shortcut off, all rows unsimplified

seed 1
  planner       solved ms(min/med/max)        samples vertices     path rad/call coarse  worst clr unsafe/audited missed worst self collide

bookshelf_small  (4 problems, 1 skipped: 1 clearance, 0 self-collision)
  rrtconnect    3/3       2.17/7.78/53.50         1933       12    10.58        -      -     0.0010      0/1694         0     0.0025       0
      primary samples 16, productive 8 (50.0%), vertices/sample 0.750
  qp-fixed      3/3       3.07/3.92/6.24           431        6     6.11   0.0137     0%     0.0034      0/1531         0     0.0018       0
      primary samples 1, productive 1 (100.0%), vertices/sample 6.000
      qp 248.8 rows/call, 39% of calls reached the solver, 1528 calls
  qp-plain      3/3       3.49/4.33/6.60           431        6     6.11   0.0137     0%     0.0034      0/1531         0     0.0018       0
      primary samples 1, productive 1 (100.0%), vertices/sample 6.000
      qp 343.0 rows/call, 100% of calls reached the solver, 1528 calls
  qp-adapt      3/3       0.33/2.37/2.52           232        6     6.11   0.0385    51%     0.0034      0/1223         0     0.0018       0
      primary samples 1, productive 1 (100.0%), vertices/sample 6.000
      qp 265.1 rows/call, 69% of calls reached the solver, 511 calls
  qp-free       3/3       3.23/19.04/137.72        2342       13    10.07   0.0083     0%     0.0037      0/2761         0     0.0025       0
      primary samples 16, productive 9 (56.2%), vertices/sample 0.812
  free-env      3/3       0.39/2.91/12.24          148       13    10.10   0.1412    88%     0.0037      0/1647         0     0.0011       0
      primary samples 16, productive 9 (56.2%), vertices/sample 0.812
  qp-env        3/3       0.23/1.21/1.55            92        6     6.11   0.0972    36%     0.0034      0/1122         0     0.0019       0
      primary samples 1, productive 1 (100.0%), vertices/sample 6.000
      qp 264.5 rows/call, 84% of calls reached the solver, 267 calls

bookshelf_tall  (4 problems, 0 skipped: 0 clearance, 0 self-collision)
  rrtconnect    4/4       8.47/47.61/57.08         6272       33    18.98        -      -     0.0035      0/3156         0     0.0025       0
      primary samples 116, productive 29 (25.0%), vertices/sample 0.500
  qp-fixed      4/4       9.48/41.74/119.20        3096       21    16.51   0.0124     0%     0.0031      0/4465         0     0.0010       0
      primary samples 11, productive 7 (63.6%), vertices/sample 4.000
      qp 291.9 rows/call, 89% of calls reached the solver, 12879 calls
  qp-plain      4/4       9.66/44.90/120.64        3096       21    16.51   0.0124     0%     0.0031      0/4465         0     0.0010       0
      primary samples 11, productive 7 (63.6%), vertices/sample 4.000
      qp 343.0 rows/call, 100% of calls reached the solver, 12879 calls
  qp-adapt      4/4       5.65/33.87/100.77        2408       21    16.51   0.0233    48%     0.0029      0/3846         0     0.0010       0
      primary samples 11, productive 7 (63.6%), vertices/sample 4.000
      qp 301.4 rows/call, 97% of calls reached the solver, 9614 calls
  qp-free       4/4      23.05/118.59/244.38       10092       39    19.26   0.0049     0%     0.0036      0/5783         0     0.0015       0
      primary samples 81, productive 25 (30.9%), vertices/sample 0.709
  free-env      4/4       3.34/15.45/42.87          444       29    14.65   0.1030    96%     0.0036      0/3048         0     0.0011       0
      primary samples 81, productive 25 (30.9%), vertices/sample 0.542
  qp-env        4/4       2.53/24.71/82.52         1613       21    16.50   0.0443    52%     0.0027      0/3427         0     0.0010       0
      primary samples 11, productive 7 (63.6%), vertices/sample 4.000
      qp 302.1 rows/call, 99% of calls reached the solver, 7079 calls

bookshelf_thin  (4 problems, 0 skipped: 0 clearance, 0 self-collision)
  rrtconnect    4/4      27.10/100.16/797.66        9850       48    19.45        -      -     0.0004      0/3435         0     0.0025       0
      primary samples 166, productive 44 (26.5%), vertices/sample 0.295
  qp-fixed      4/4       7.16/11.68/77.52          794       13     9.01   0.0134     0%     0.0031      0/3300         0     0.0025       0
      primary samples 2, productive 2 (100.0%), vertices/sample 6.500
      qp 265.8 rows/call, 45% of calls reached the solver, 6825 calls
  qp-plain      4/4       7.44/12.72/80.10          794       13     9.01   0.0134     0%     0.0031      0/3300         0     0.0025       0
      primary samples 2, productive 2 (100.0%), vertices/sample 6.500
      qp 343.0 rows/call, 100% of calls reached the solver, 6825 calls
  qp-adapt      4/4       2.15/5.38/47.64          331       13     9.01   0.0485    28%     0.0031      0/2564         0     0.0025       0
      primary samples 2, productive 2 (100.0%), vertices/sample 6.500
      qp 272.7 rows/call, 91% of calls reached the solver, 3404 calls
  qp-free       4/4     128.93/393.24/2052.86      27190       77    20.98   0.0059     0%     0.0036      0/5338         0     0.0023       0
      primary samples 242, productive 73 (30.2%), vertices/sample 0.380
  free-env      4/4       8.90/78.43/427.90        2001       72    21.17   0.0866    95%     0.0036      0/3721         0     0.0025       0
      primary samples 242, productive 68 (28.1%), vertices/sample 0.349
  qp-env        4/4       0.90/3.58/34.90          203       13     9.01   0.0779    21%     0.0031      0/2391         0     0.0025       0
      primary samples 2, productive 2 (100.0%), vertices/sample 6.500
      qp 273.0 rows/call, 94% of calls reached the solver, 2293 calls

box  (4 problems, 0 skipped: 0 clearance, 0 self-collision)
  rrtconnect    4/4       2.95/5.72/8.95          1526       10     8.00        -      -     0.0024      0/1565         0     0.0025       0
      primary samples 20, productive 6 (30.0%), vertices/sample 1.000
  qp-fixed      4/4       3.66/5.65/12.02          613        9     7.92   0.0127     0%     0.0054      0/2308         0     0.0025       0
      primary samples 2, productive 2 (100.0%), vertices/sample 6.000
      qp 261.3 rows/call, 65% of calls reached the solver, 2894 calls
  qp-plain      4/4       3.96/6.14/13.64          613        9     7.92   0.0127     0%     0.0054      0/2308         0     0.0025       0
      primary samples 2, productive 2 (100.0%), vertices/sample 6.000
      qp 343.0 rows/call, 100% of calls reached the solver, 2894 calls
  qp-adapt      4/4       1.24/3.40/3.94           350       11     7.94   0.0443    58%     0.0053      0/1788         0     0.0025       0
      primary samples 2, productive 2 (100.0%), vertices/sample 6.000
      qp 267.5 rows/call, 88% of calls reached the solver, 1019 calls
  qp-free       4/4       7.50/77.68/105.52        9471       29    10.84   0.0046     0%     0.0047      0/4412         0     0.0025       0
      primary samples 57, productive 19 (33.3%), vertices/sample 0.547
  free-env      4/4       1.56/15.69/23.87          847       37    18.68   0.0817    97%     0.0032      0/3337         0     0.0025       0
      primary samples 93, productive 27 (29.0%), vertices/sample 0.451
  qp-env        4/4       0.75/1.80/1.86           148       12     8.03   0.0803    55%     0.0051      0/1619         0     0.0025       0
      primary samples 2, productive 2 (100.0%), vertices/sample 6.000
      qp 279.6 rows/call, 88% of calls reached the solver, 455 calls

cage  (4 problems, 0 skipped: 0 clearance, 0 self-collision)
  rrtconnect    4/4      11.66/372.57/484.51       91506      497    23.83        -      -     0.0068      0/3802         0     0.0025       0
      primary samples 2595, productive 493 (19.0%), vertices/sample 0.198
  qp-fixed      4/4       6.99/84.84/548.17        8686       55    18.13   0.0099     0%     0.0030      0/6416         0     0.0012       0
      primary samples 29, productive 25 (86.2%), vertices/sample 2.375
      qp 273.3 rows/call, 86% of calls reached the solver, 64979 calls
  qp-plain      4/4       7.37/87.60/572.85        8686       55    18.13   0.0099     0%     0.0030      0/6416         0     0.0012       0
      primary samples 29, productive 25 (86.2%), vertices/sample 2.375
      qp 343.0 rows/call, 100% of calls reached the solver, 64979 calls
  qp-adapt      4/4       2.98/60.55/237.82        5627       53    18.17   0.0195    32%     0.0030      0/5071         0     0.0012       0
      primary samples 29, productive 25 (86.2%), vertices/sample 2.375
      qp 291.0 rows/call, 97% of calls reached the solver, 28483 calls
  qp-free       4/4     400.97/5054.87/9643.10     644808     1378    16.41   0.0042     0%     0.0049      0/7241         0     0.0025       0
      primary samples 5213, productive 1342 (25.7%), vertices/sample 0.288
  free-env      4/4      47.37/390.50/1321.37      21519      900    29.73   0.0625    92%     0.0030      0/5636         0     0.0016       0
      primary samples 3255, productive 885 (27.2%), vertices/sample 0.276
  qp-env        4/4       1.46/41.95/201.95        3588       55    18.21   0.0280    29%     0.0030      0/4574         0     0.0011       0
      primary samples 29, productive 25 (86.2%), vertices/sample 2.500
      qp 292.6 rows/call, 98% of calls reached the solver, 21927 calls

table_pick  (4 problems, 0 skipped: 0 clearance, 0 self-collision)
  rrtconnect    4/4       7.52/15.93/51.31         2647       14    11.61        -      -     0.0019      0/2148         0     0.0025       0
      primary samples 36, productive 10 (27.8%), vertices/sample 0.412
  qp-fixed      4/4       6.08/7.39/7.46           646        7     7.98   0.0126     0%     0.0034      0/2616         0     0.0025       0
      primary samples 1, productive 1 (100.0%), vertices/sample 7.000
      qp 243.7 rows/call, 58% of calls reached the solver, 2612 calls
  qp-plain      4/4       6.84/7.80/8.23           646        7     7.98   0.0126     0%     0.0034      0/2616         0     0.0025       0
      primary samples 1, productive 1 (100.0%), vertices/sample 7.000
      qp 343.0 rows/call, 100% of calls reached the solver, 2612 calls
  qp-adapt      4/4       1.00/4.84/5.12           353        7     7.98   0.0928    55%     0.0034      0/2059         0     0.0025       0
      primary samples 1, productive 1 (100.0%), vertices/sample 7.000
      qp 279.0 rows/call, 93% of calls reached the solver, 964 calls
  qp-free       4/4      41.78/161.43/280.56       16267       52    15.72   0.0057     0%     0.0037      0/5015         0     0.0015       0
      primary samples 144, productive 46 (31.9%), vertices/sample 0.361
  free-env      4/4       7.41/27.33/45.49          990       57    15.87   0.0936    97%     0.0037      0/3051         0     0.0025       0
      primary samples 149, productive 48 (32.2%), vertices/sample 0.383
  qp-env        4/4       0.75/3.66/4.84           216       11     9.79   0.1663    60%     0.0042      0/2073         0     0.0025       0
      primary samples 2, productive 2 (100.0%), vertices/sample 7.000
      qp 278.4 rows/call, 93% of calls reached the solver, 743 calls

table_under_pick  (4 problems, 0 skipped: 0 clearance, 0 self-collision)
  rrtconnect    4/4      10.25/20.84/27.32         3222       18    16.48        -      -     0.0039      0/3046         0     0.0020       0
      primary samples 55, productive 13 (23.6%), vertices/sample 0.417
  qp-fixed      4/4      14.55/36.65/80.48         3133       22    17.94   0.0109     0%     0.0032      0/4316         0     0.0025       0
      primary samples 10, productive 10 (100.0%), vertices/sample 2.375
      qp 282.0 rows/call, 80% of calls reached the solver, 13870 calls
  qp-plain      4/4      14.67/38.06/86.59         3133       22    17.94   0.0109     0%     0.0032      0/4316         0     0.0025       0
      primary samples 10, productive 10 (100.0%), vertices/sample 2.375
      qp 343.0 rows/call, 100% of calls reached the solver, 13870 calls
  qp-adapt      4/4       8.20/24.34/56.15         1904       24    16.01   0.0182    32%     0.0032      0/3383         0     0.0025       0
      primary samples 10, productive 10 (100.0%), vertices/sample 2.400
      qp 290.0 rows/call, 96% of calls reached the solver, 8783 calls
  qp-free       4/4      39.85/108.64/109.75       10224       37    17.04   0.0065     0%     0.0045      0/6413         0     0.0025       0
      primary samples 86, productive 30 (34.9%), vertices/sample 0.650
  free-env      4/4       6.21/16.63/18.68          549       33    19.08   0.0990    96%     0.0035      0/3836         0     0.0025       0
      primary samples 78, productive 28 (35.9%), vertices/sample 0.625
  qp-env        4/4       4.73/16.43/43.12         1220       20    17.91   0.0376    27%     0.0032      0/3253         0     0.0025       0
      primary samples 10, productive 9 (90.0%), vertices/sample 2.000
      qp 285.6 rows/call, 98% of calls reached the solver, 5766 calls

Hop disposition -- what set the hop's length, median over problems.
  row         floored(<1 step)    at region   edge-limited
  qp-fixed            100.0%         0.0%           0.0%
  qp-plain            100.0%         0.0%           0.0%
  qp-adapt             67.3%        31.2%           1.5%
  qp-free             100.0%         0.0%           0.0%
  free-env              2.5%        83.8%          13.4%
  qp-env               69.0%        28.7%           3.0%

Endpoint clearance at zero margin -- min(start, goal) over all spheres.
  scene                     min    median       max affordable   problems by margin
  bookshelf_small        0.0023    0.0057    0.0080    0.0023   0:100% 0.02:  0% 0.04:  0% 0.06:  0% 0.09:  0%
  bookshelf_tall         0.0036    0.0082    0.0106    0.0036   0:100% 0.02:  0% 0.04:  0% 0.06:  0% 0.09:  0%
  bookshelf_thin         0.0036    0.0065    0.0071    0.0036   0:100% 0.02:  0% 0.04:  0% 0.06:  0% 0.09:  0%
  box                    0.0127    0.0127    0.0127    0.0127   0:100% 0.02:  0% 0.04:  0% 0.06:  0% 0.09:  0%
  cage                   0.0127    0.0127    0.0127    0.0127   0:100% 0.02:  0% 0.04:  0% 0.06:  0% 0.09:  0%
  table_pick             0.0078    0.0080    0.0082    0.0078   0:100% 0.02:  0% 0.04:  0% 0.06:  0% 0.09:  0%
  table_under_pick       0.0079    0.0082    0.0082    0.0079   0:100% 0.02:  0% 0.04:  0% 0.06:  0% 0.09:  0%

all scenes  (28 problems, 1 skipped: 1 clearance, 0 self-collision)
  rrtconnect   27/27      2.17/20.07/797.66        2668       15    12.64        -      -     0.0004      0/18846        0     0.0020       0
      primary samples 39, productive 11 (28.2%), vertices/sample 0.389
  qp-fixed     27/27      3.07/10.27/548.17         745        8     8.93   0.0114     0%     0.0030      0/24952        0     0.0010       0
      primary samples 2, productive 2 (100.0%), vertices/sample 5.000
      qp 263.8 rows/call, 65% of calls reached the solver, 105587 calls
  qp-plain     27/27      3.49/10.99/572.85         745        8     8.93   0.0114     0%     0.0030      0/24952        0     0.0010       0
      primary samples 2, productive 2 (100.0%), vertices/sample 5.000
      qp 343.0 rows/call, 100% of calls reached the solver, 105587 calls
  qp-adapt     27/27      0.33/5.12/237.82         377       10     8.93   0.0233    32%     0.0029      0/19934        0     0.0010       0
      primary samples 2, productive 2 (100.0%), vertices/sample 5.500
      qp 272.7 rows/call, 91% of calls reached the solver, 52778 calls
  qp-free      27/27      3.23/110.72/9643.10      10224       39    15.72   0.0052     0%     0.0036      0/36963        0     0.0015       0
      primary samples 86, productive 30 (34.9%), vertices/sample 0.404
  free-env     27/27      0.39/16.63/1321.37        601       37    15.87   0.0908    95%     0.0030      0/24276        0     0.0011       0
      primary samples 92, productive 29 (31.5%), vertices/sample 0.393
  qp-env       27/27      0.23/3.23/201.95         202       11     8.96   0.0443    31%     0.0027      0/18459        0     0.0010       0
      primary samples 2, productive 2 (100.0%), vertices/sample 5.500
      qp 274.9 rows/call, 93% of calls reached the solver, 38530 calls

"samples" is checked configurations for isSafe, barrier evaluations for
the three CBF rows, and SIMD configuration lanes evaluated for VAMP. They measure
sampling work, while wall time captures the very different per-sample costs.
"unsafe/audited" evaluates exact primitive clearance at every state of the
densified solution -- for each CBF row that is the rollout the planner recorded
for each edge, replayed, so it is the motion that would actually be executed,
sampled inside each step rather than only at its boundaries. Non-zero unsafe
invalidates a row however fast it was.
"missed" counts solution edges that were not on file and had to be
re-derived; it must be zero, or the audited motion is a different trajectory
from the one the planner found.


envelope hop: 7846 filter calls, 1.258 hold queries/call, 18.7% saturated, 100.0% longer than L1, past one step 94.5% (L1 alone 52.5%), gated 79.6%, empty-active 0.0%, screen-escalated 2.3%
envelope bottleneck: world 96.8%, self-collision 3.0%, unbound 0.2% (horizon or screen clip), blocked 0.0%, joint-limit clamped 0.0%
envelope binding term:
  world rows       L1 0.0%, local-L1 0.5%, speed-capped 3.6%, isotropic-anchored 95.9% (of 7595 bound calls)
  self-pair rows   L1 0.0%, local-L1 0.0%, speed-capped 0.4%, normal-anchored 99.6% (of 237 bound calls)
local-lever screen: 462800 of 764701 expensive world rows settled before the envelope (60.5%)
span handed to the rollout, in controller steps (38530 calls):
                   <1      1-2      2-4      4-8       8+
  L1 only      89.32%     5.44%     2.58%     1.44%     1.23%
  envelope     80.76%     4.28%     5.80%     4.27%     4.88%
=== CBF profiler (wall time) ===
=== CBF filter stats ===
  calls=0  unchanged=0 (0.0%)  filtered=0 (0.0%)  blocked=0 (0.0%)
  active rows:       avg=0.00  max=0
  zero-row fast path: 0 (0.0%)
  qp iterations:     avg=0.00  max=0
  certified duration: avg=0.00000s  min=0.00000s  max=0.00000s  (over 0 non-blocked calls)
  required gain:     avg=0.000/s  max=0.000/s  p50=0.000/s  p90=0.000/s  p99=0.000/s  (over 0 calls, 0 uncertified)
