
MotionBenchMaker UR5, 689 problems loaded, up to 100 per scene
voxel 0.003 m, margin 0.0000 m + 0.0000 m filter buffer, stepSize 0.001 s, range 2.00 rad, 10.0 s limit

hop certificates: old L1 Lipschitz region and new hold-time bound
Picard: off; trajectory prefixes: 0; sequential rollout budget: 10000 calls
kappa 20.00 /s, certified step uncapped, self-collision margin 0.0000 m over 302 pairs
baseline segment: 0.000650 of extent = 0.0100 rad, rollout step 0.0100 rad (matched to the rollout)
rope shortcut off, all rows unsimplified

seed 1
  planner       solved ms(min/med/max)        samples vertices     path rad/call coarse  worst clr unsafe/audited missed worst self collide

bookshelf_small  (4 problems, 0 skipped: 0 clearance, 0 self-collision)
  rrtconnect    4/4       2.98/17.90/22.28         4744       25    16.19        -      -     0.0008      0/2565         0     0.0022       0
      primary samples 98, productive 21 (21.4%), vertices/sample 0.396
  qp-fixed      4/4       6.46/9.89/45.32          724        9     9.75   0.0132     0%     0.0002      0/2736         0     0.0016       0
      primary samples 2, productive 2 (100.0%), vertices/sample 7.000
      qp 284.0 rows/call, 85% of calls reached the solver, 5270 calls
  qp-plain      4/4       6.76/10.11/47.29          724        9     9.75   0.0132     0%     0.0002      0/2736         0     0.0016       0
      primary samples 2, productive 2 (100.0%), vertices/sample 7.000
      qp 342.0 rows/call, 100% of calls reached the solver, 5270 calls
  qp-adapt      4/4       1.69/6.53/33.87          464       12     9.77   0.0304    71%     0.0000      0/2882         0     0.0016       0
      primary samples 2, productive 2 (100.0%), vertices/sample 7.000
      qp 297.5 rows/call, 95% of calls reached the solver, 3213 calls
  qp-free       4/4      12.25/86.74/108.75       10739       38    19.40   0.0056     0%     0.0008      0/6469         0     0.0006       0
      primary samples 65, productive 30 (46.2%), vertices/sample 0.735
  free-env      4/4       1.93/11.89/22.32          603       35    19.25   0.1077    98%     0.0035      0/3550         0     0.0000       0
      primary samples 65, productive 28 (43.1%), vertices/sample 0.583
  qp-env        4/4       0.72/8.55/33.86          603       27    11.70   0.1570    55%     0.0000      0/3067         0     0.0018       0
      primary samples 5, productive 5 (100.0%), vertices/sample 5.400
      qp 303.1 rows/call, 96% of calls reached the solver, 3027 calls
  vamp-rrtc     4/4       0.05/0.24/0.32          5208       26    12.70        -      -     0.0008      0/2391         0     0.0022       0
      primary samples 0, productive 0 (0.0%), vertices/sample 0.000

bookshelf_tall  (4 problems, 0 skipped: 0 clearance, 0 self-collision)
  rrtconnect    4/4      25.49/104.43/306.58       12892       66    21.03        -      -     0.0024      0/3796         0     0.0002       0
      primary samples 294, productive 62 (21.1%), vertices/sample 0.253
  qp-fixed      4/4      12.02/72.55/88.66         3443       27    14.37   0.0121     0%     0.0002      0/4073         0     0.0013       0
      primary samples 10, productive 10 (100.0%), vertices/sample 7.000
      qp 295.0 rows/call, 83% of calls reached the solver, 8665 calls
  qp-plain      4/4      12.28/73.48/89.33         3443       27    14.37   0.0121     0%     0.0002      0/4073         0     0.0013       0
      primary samples 10, productive 10 (100.0%), vertices/sample 7.000
      qp 342.0 rows/call, 100% of calls reached the solver, 8665 calls
  qp-adapt      4/4       4.81/41.59/44.20         2088       26    14.42   0.0274    36%     0.0002      0/3320         0     0.0013       0
      primary samples 10, productive 10 (100.0%), vertices/sample 7.000
      qp 303.3 rows/call, 95% of calls reached the solver, 4795 calls
  qp-free       4/4      73.36/359.97/512.55       30391       77    17.39   0.0047     0%     0.0015      0/5746         0     0.0006       0
      primary samples 236, productive 71 (30.1%), vertices/sample 0.487
  free-env      4/4      13.56/60.80/80.32         1787       83    15.79   0.0771    95%     0.0004      0/3074         0     0.0002       0
      primary samples 284, productive 75 (26.4%), vertices/sample 0.332
  qp-env        4/4       3.00/26.84/42.75         1269       25    16.31   0.0470    29%     0.0002      0/3694         0     0.0012       0
      primary samples 12, productive 11 (91.7%), vertices/sample 7.000
      qp 302.5 rows/call, 97% of calls reached the solver, 3493 calls
  vamp-rrtc     4/4       0.16/1.02/4.38         15478       70    21.03        -      -     0.0024      0/3740         0     0.0005       0
      primary samples 0, productive 0 (0.0%), vertices/sample 0.000

bookshelf_thin  (4 problems, 0 skipped: 0 clearance, 0 self-collision)
  rrtconnect    4/4      86.91/489.30/777.57       48971      243    17.88        -      -     0.0028      0/3226         0     0.0025       0
      primary samples 1288, productive 240 (18.6%), vertices/sample 0.281
  qp-fixed      4/4      10.19/28.10/35.11         1108       10     9.97   0.0131     0%     0.0001      0/2484         0     0.0025       0
      primary samples 4, productive 4 (100.0%), vertices/sample 5.000
      qp 267.0 rows/call, 43% of calls reached the solver, 3422 calls
  qp-plain      4/4      10.56/30.78/36.47         1108       10     9.97   0.0131     0%     0.0001      0/2484         0     0.0025       0
      primary samples 4, productive 4 (100.0%), vertices/sample 5.000
      qp 342.0 rows/call, 100% of calls reached the solver, 3422 calls
  qp-adapt      4/4       3.80/8.25/18.29          339       10     9.99   0.0323    46%     0.0000      0/2079         0     0.0025       0
      primary samples 3, productive 2 (66.7%), vertices/sample 5.000
      qp 286.2 rows/call, 90% of calls reached the solver, 1437 calls
  qp-free       4/4     152.14/1331.58/2150.14      90816      233    18.41   0.0047     0%     0.0017      0/5118         0     0.0025       0
      primary samples 863, productive 229 (26.5%), vertices/sample 0.382
  free-env      4/4      25.28/210.60/348.63        4579      234    17.10   0.0868    97%     0.0006      0/2954         0     0.0000       0
      primary samples 863, productive 230 (26.7%), vertices/sample 0.312
  qp-env        4/4       1.30/5.90/20.50          225       10     9.99   0.1046    45%     0.0001      0/1972         0     0.0025       0
      primary samples 4, productive 4 (100.0%), vertices/sample 5.000
      qp 287.8 rows/call, 93% of calls reached the solver, 1111 calls
  vamp-rrtc     4/4       0.78/6.31/9.68         90925      267    17.98        -      -     0.0028      0/3508         0     0.0025       0
      primary samples 0, productive 0 (0.0%), vertices/sample 0.000

box  (4 problems, 0 skipped: 0 clearance, 0 self-collision)
  rrtconnect    4/4       3.63/8.03/11.27         2248       13     9.79        -      -     0.0208      0/2075         0     0.0025       0
      primary samples 28, productive 10 (35.7%), vertices/sample 0.579
  qp-fixed      4/4       3.63/21.36/30.58         1718       16    12.84   0.0129     0%     0.0003      0/2932         0     0.0024       0
      primary samples 4, productive 4 (100.0%), vertices/sample 4.000
      qp 265.9 rows/call, 75% of calls reached the solver, 5193 calls
  qp-plain      4/4       3.82/22.44/31.96         1718       16    12.84   0.0129     0%     0.0003      0/2932         0     0.0024       0
      primary samples 4, productive 4 (100.0%), vertices/sample 4.000
      qp 342.0 rows/call, 100% of calls reached the solver, 5193 calls
  qp-adapt      4/4       1.22/8.66/21.36          730       16    12.86   0.0447    42%     0.0059      0/2247         0     0.0025       0
      primary samples 4, productive 4 (100.0%), vertices/sample 4.000
      qp 265.9 rows/call, 92% of calls reached the solver, 2773 calls
  qp-free       4/4      15.36/26.22/58.82         3435       16     8.94   0.0057     0%     0.0054      0/3595         0     0.0025       0
      primary samples 16, productive 8 (50.0%), vertices/sample 1.375
  free-env      4/4       1.59/6.25/15.33          357       29    15.89   0.1373    96%     0.0002      0/2623         0     0.0016       0
      primary samples 32, productive 19 (59.4%), vertices/sample 0.906
  qp-env        4/4       0.51/6.69/14.78          517       18    12.91   0.0859    28%     0.0047      0/2091         0     0.0025       0
      primary samples 4, productive 4 (100.0%), vertices/sample 4.500
      qp 271.8 rows/call, 93% of calls reached the solver, 1759 calls
  vamp-rrtc     4/4       0.06/0.12/0.17          2137       13     9.79        -      -     0.0208      0/2075         0     0.0025       0
      primary samples 0, productive 0 (0.0%), vertices/sample 0.000

cage  (5 problems, 0 skipped: 0 clearance, 0 self-collision)
  rrtconnect    5/5      41.02/496.76/2543.30     130733      768    21.01        -      -     0.0001      0/5033         0     0.0025       0
      primary samples 4662, productive 765 (16.4%), vertices/sample 0.176
  qp-fixed      5/5      93.36/161.87/492.78       12070       79    22.21   0.0094     0%     0.0000      0/9577         0     0.0025       0
      primary samples 46, productive 36 (78.3%), vertices/sample 1.630
      qp 268.1 rows/call, 87% of calls reached the solver, 82561 calls
  qp-plain      5/5      99.25/168.38/514.66       12070       79    22.21   0.0094     0%     0.0000      0/9577         0     0.0025       0
      primary samples 46, productive 36 (78.3%), vertices/sample 1.630
      qp 342.0 rows/call, 100% of calls reached the solver, 82561 calls
  qp-adapt      5/5      47.25/96.58/320.52        7655       80    22.24   0.0161    39%     0.0000      0/7531         0     0.0025       0
      primary samples 46, productive 36 (78.3%), vertices/sample 1.630
      qp 268.3 rows/call, 97% of calls reached the solver, 51627 calls
  qp-free       4/5     639.49/3239.35/10001.86     414989      977    24.60   0.0037     0%     0.0019      0/10317        0     0.0007       0
      primary samples 3347, productive 941 (28.1%), vertices/sample 0.292
  free-env      5/5      72.29/642.16/1178.57      33954     1302    28.52   0.0574    91%     0.0000      0/7441         0     0.0000       0
      primary samples 5049, productive 1265 (25.1%), vertices/sample 0.260
  qp-env        5/5      33.11/83.70/252.03        6157       99    22.43   0.0259    36%     0.0001      0/6750         0     0.0014       0
      primary samples 63, productive 48 (76.2%), vertices/sample 1.571
      qp 267.7 rows/call, 98% of calls reached the solver, 36691 calls
  vamp-rrtc     5/5       0.70/15.15/83.22       254075      814    23.12        -      -     0.0001      0/5287         0     0.0025       0
      primary samples 0, productive 0 (0.0%), vertices/sample 0.000

table_pick  (4 problems, 0 skipped: 0 clearance, 0 self-collision)
  rrtconnect    4/4       2.65/7.04/23.93         1274        9     8.15        -      -     0.0004      0/1594         0     0.0025       0
      primary samples 15, productive 5 (33.3%), vertices/sample 0.750
  qp-fixed      4/4       5.98/9.58/44.59          630        8     7.59   0.0126     0%     0.0007      0/2712         0     0.0025       0
      primary samples 1, productive 1 (100.0%), vertices/sample 6.000
      qp 247.8 rows/call, 23% of calls reached the solver, 4093 calls
  qp-plain      4/4       6.50/11.23/46.04          630        8     7.59   0.0126     0%     0.0007      0/2712         0     0.0025       0
      primary samples 1, productive 1 (100.0%), vertices/sample 6.000
      qp 342.0 rows/call, 100% of calls reached the solver, 4093 calls
  qp-adapt      4/4       0.80/1.23/22.18           82        9     7.60   0.0926    62%     0.0007      0/2050         0     0.0025       0
      primary samples 1, productive 1 (100.0%), vertices/sample 6.000
      qp 290.0 rows/call, 79% of calls reached the solver, 1555 calls
  qp-free       4/4      23.28/66.75/68.61         6903       22    11.92   0.0054     0%     0.0017      0/3540         0     0.0017       0
      primary samples 41, productive 15 (36.6%), vertices/sample 0.500
  free-env      4/4       3.85/6.07/9.57           231       15     9.59   0.1035    98%     0.0018      0/1578         0     0.0025       0
      primary samples 33, productive 8 (24.2%), vertices/sample 0.500
  qp-env        4/4       0.48/0.67/16.46           40        6     7.60   0.1899    72%     0.0007      0/1874         0     0.0025       0
      primary samples 1, productive 1 (100.0%), vertices/sample 6.000
      qp 289.0 rows/call, 78% of calls reached the solver, 1028 calls
  vamp-rrtc     4/4       0.09/0.27/0.33          3434       21     8.47        -      -     0.0008      0/1775         0     0.0025       0
      primary samples 0, productive 0 (0.0%), vertices/sample 0.000

table_under_pick  (4 problems, 0 skipped: 0 clearance, 0 self-collision)
  rrtconnect    4/4       7.55/22.49/26.12         4051       22    11.14        -      -     0.0019      0/2450         0     0.0025       0
      primary samples 55, productive 17 (30.9%), vertices/sample 0.409
  qp-fixed      4/4      18.87/79.96/201.95        4811       34    18.93   0.0110     0%     0.0001      0/5294         0     0.0000       0
      primary samples 17, productive 15 (88.2%), vertices/sample 2.286
      qp 295.3 rows/call, 89% of calls reached the solver, 19552 calls
  qp-plain      4/4      18.12/89.47/208.81        4811       34    18.93   0.0110     0%     0.0001      0/5294         0     0.0000       0
      primary samples 17, productive 15 (88.2%), vertices/sample 2.286
      qp 342.0 rows/call, 100% of calls reached the solver, 19552 calls
  qp-adapt      4/4      10.21/47.78/132.00        3080       33    19.12   0.0183    31%     0.0000      0/4563         0     0.0000       0
      primary samples 17, productive 15 (88.2%), vertices/sample 2.286
      qp 294.9 rows/call, 96% of calls reached the solver, 12598 calls
  qp-free       4/4      16.89/73.25/109.26        7529       29    20.24   0.0052     0%     0.0031      0/5560         0     0.0015       0
      primary samples 55, productive 20 (36.4%), vertices/sample 0.552
  free-env      4/4       6.15/13.22/26.77          539       29    20.55   0.0810    96%     0.0000      0/4045         0     0.0000       0
      primary samples 55, productive 19 (34.5%), vertices/sample 0.806
  qp-env        4/4       6.47/38.03/106.20        2322       32    20.17   0.0251    21%     0.0000      0/4489         0     0.0000       0
      primary samples 17, productive 15 (88.2%), vertices/sample 2.571
      qp 298.6 rows/call, 97% of calls reached the solver, 9658 calls
  vamp-rrtc     4/4       0.10/0.20/0.33          4245       21    11.14        -      -     0.0019      0/2450         0     0.0025       0
      primary samples 0, productive 0 (0.0%), vertices/sample 0.000

Hop disposition -- what set the hop's length, median over problems.
  row         floored(<1 step)    at region   edge-limited
  qp-fixed            100.0%         0.0%           0.0%
  qp-plain            100.0%         0.0%           0.0%
  qp-adapt             62.3%        35.5%           1.1%
  qp-free             100.0%         0.0%           0.0%
  free-env              1.6%        82.8%          14.2%
  qp-env               71.0%        26.9%           2.7%

Endpoint clearance at zero margin -- min(start, goal) over all spheres.
  scene                     min    median       max affordable   problems by margin
  bookshelf_small        0.0035    0.0049    0.0066    0.0035   0:100% 0.02:  0% 0.04:  0% 0.06:  0% 0.09:  0%
  bookshelf_tall         0.0034    0.0070    0.0077    0.0034   0:100% 0.02:  0% 0.04:  0% 0.06:  0% 0.09:  0%
  bookshelf_thin         0.0050    0.0081    0.0088    0.0050   0:100% 0.02:  0% 0.04:  0% 0.06:  0% 0.09:  0%
  box                    0.0127    0.0127    0.0127    0.0127   0:100% 0.02:  0% 0.04:  0% 0.06:  0% 0.09:  0%
  cage                   0.0099    0.0127    0.0127    0.0099   0:100% 0.02:  0% 0.04:  0% 0.06:  0% 0.09:  0%
  table_pick             0.0061    0.0082    0.0083    0.0061   0:100% 0.02:  0% 0.04:  0% 0.06:  0% 0.09:  0%
  table_under_pick       0.0036    0.0081    0.0082    0.0036   0:100% 0.02:  0% 0.04:  0% 0.06:  0% 0.09:  0%

all scenes  (29 problems, 0 skipped: 0 clearance, 0 self-collision)
  rrtconnect   29/29      2.65/23.93/2543.30       4607       25    14.50        -      -     0.0001      0/20739        0     0.0002       0
      primary samples 93, productive 21 (22.6%), vertices/sample 0.271
  qp-fixed     29/29      3.63/28.10/492.78        1427       13    11.68   0.0112     0%     0.0000      0/29808        0     0.0000       0
      primary samples 4, productive 4 (100.0%), vertices/sample 3.375
      qp 269.1 rows/call, 78% of calls reached the solver, 128756 calls
  qp-plain     29/29      3.82/30.78/514.66        1427       13    11.68   0.0112     0%     0.0000      0/29808        0     0.0000       0
      primary samples 4, productive 4 (100.0%), vertices/sample 3.375
      qp 342.0 rows/call, 100% of calls reached the solver, 128756 calls
  qp-adapt     29/29      0.80/10.21/320.52         730       12    10.41   0.0196    37%     0.0000      0/24672        0     0.0000       0
      primary samples 4, productive 4 (100.0%), vertices/sample 3.667
      qp 280.9 rows/call, 92% of calls reached the solver, 77998 calls
  qp-free      28/29     12.25/86.74/10001.86      10394       34    14.84   0.0049     0%     0.0008      0/40345        0     0.0006       0
      primary samples 65, productive 24 (36.9%), vertices/sample 0.487
  free-env     29/29      1.59/15.33/1178.57        603       36    15.89   0.0810    96%     0.0000      0/25265        0     0.0000       0
      primary samples 82, productive 32 (39.0%), vertices/sample 0.455
  qp-env       29/29      0.48/8.55/252.03         603       16    12.43   0.0371    29%     0.0000      0/23937        0     0.0000       0
      primary samples 5, productive 5 (100.0%), vertices/sample 2.909
      qp 279.1 rows/call, 96% of calls reached the solver, 56767 calls
  vamp-rrtc    29/29      0.05/0.28/83.22         5208       25    13.37        -      -     0.0001      0/21226        0     0.0005       0
      primary samples 0, productive 0 (0.0%), vertices/sample 0.000

"samples" is checked configurations for isSafe, barrier evaluations for
the three CBF rows, and SIMD configuration lanes evaluated for VAMP. They measure
sampling work, while wall time captures the very different per-sample costs.
"unsafe/audited" evaluates exact primitive clearance at every state of the
densified solution -- for each CBF row that is the rollout the planner recorded
for each edge, replayed, so it is the motion that would actually be executed,
sampled inside each step rather than only at its boundaries. Non-zero unsafe
invalidates a row however fast it was.
"missed" counts solution edges that were not on file and had to be
re-derived; it must be zero, or the audited motion is a different trajectory
from the one the planner found.


envelope hop: 16059 filter calls, 1.248 hold queries/call, 18.7% saturated, 100.0% longer than L1, past one step 92.4% (L1 alone 53.6%), gated 71.7%, empty-active 0.0%, screen-escalated 1.5%
envelope bottleneck: world 97.2%, self-collision 2.7%, unbound 0.1% (horizon or screen clip), blocked 0.0%, joint-limit clamped 0.0%
envelope binding term:
  world rows       L1 0.0%, local-L1 0.5%, speed-capped 6.2%, isotropic-anchored 93.3% (of 15616 bound calls)
  self-pair rows   L1 0.0%, local-L1 0.0%, speed-capped 0.0%, normal-anchored 100.0% (of 426 bound calls)
local-lever screen: 695471 of 1165127 expensive world rows settled before the envelope (59.7%)
span handed to the rollout, in controller steps (56766 calls):
                   <1      1-2      2-4      4-8       8+
  L1 only      84.84%     7.89%     4.18%     1.80%     1.30%
  envelope     73.86%     6.19%     7.37%     5.97%     6.61%
=== CBF profiler (wall time) ===
=== CBF filter stats ===
  calls=0  unchanged=0 (0.0%)  filtered=0 (0.0%)  blocked=0 (0.0%)
  active rows:       avg=0.00  max=0
  zero-row fast path: 0 (0.0%)
  qp iterations:     avg=0.00  max=0
  certified duration: avg=0.00000s  min=0.00000s  max=0.00000s  (over 0 non-blocked calls)
  required gain:     avg=0.000/s  max=0.000/s  p50=0.000/s  p90=0.000/s  p99=0.000/s  (over 0 calls, 0 uncertified)
