
MotionBenchMaker UR5, 689 problems loaded, up to 100 per scene
voxel 0.003 m, margin 0.0000 m + 0.0000 m filter buffer, stepSize 0.001 s, range 2.00 rad, 10.0 s limit

hop certificates: old L1 Lipschitz region and new hold-time bound
Picard: off; trajectory prefixes: 0; sequential rollout budget: 10000 calls
kappa 20.00 /s, certified step uncapped, self-collision margin 0.0000 m over 302 pairs
baseline segment: 0.000650 of extent = 0.0100 rad, rollout step 0.0100 rad (matched to the rollout)
rope shortcut off, all rows unsimplified

seed 1
  planner       solved ms(min/med/max)        samples vertices     path rad/call coarse  worst clr unsafe/audited missed worst self collide

bookshelf_small  (4 problems, 0 skipped: 0 clearance, 0 self-collision)
  rrtconnect    4/4       2.33/8.93/66.30         3437       19    11.79        -      -     0.0020      0/2624         0     0.0005       0
      primary samples 72, productive 15 (20.8%), vertices/sample 0.441
  qp-fixed      4/4       3.82/6.59/12.83          745       12     9.23   0.0141     0%     0.0008      0/3119         0     0.0001       0
      primary samples 2, productive 2 (100.0%), vertices/sample 7.000
      qp 286.8 rows/call, 58% of calls reached the solver, 3443 calls
  qp-plain      4/4       3.99/6.73/13.23          745       12     9.23   0.0141     0%     0.0008      0/3119         0     0.0001       0
      primary samples 2, productive 2 (100.0%), vertices/sample 7.000
      qp 342.0 rows/call, 100% of calls reached the solver, 3443 calls
  qp-adapt      4/4       1.52/4.24/5.88           450       12     9.24   0.0415    45%     0.0008      0/2539         0     0.0001       0
      primary samples 2, productive 2 (100.0%), vertices/sample 6.000
      qp 311.6 rows/call, 89% of calls reached the solver, 1534 calls
  qp-free       4/4      17.50/50.17/197.57        9490       29    15.40   0.0060     0%     0.0031      0/5097         0     0.0014       0
      primary samples 62, productive 22 (35.5%), vertices/sample 0.778
  free-env      4/4       1.14/6.59/44.36          486       25    13.69   0.0828    97%     0.0020      0/3140         0     0.0003       0
      primary samples 62, productive 19 (30.6%), vertices/sample 0.722
  qp-env        4/4       0.54/3.04/4.87           291       12     9.27   0.1377    73%     0.0006      0/2269         0     0.0001       0
      primary samples 2, productive 2 (100.0%), vertices/sample 6.000
      qp 311.0 rows/call, 93% of calls reached the solver, 914 calls
  vamp-rrtc     4/4       0.02/0.11/1.05          3597       20    11.79        -      -     0.0020      0/2282         0     0.0005       0
      primary samples 0, productive 0 (0.0%), vertices/sample 0.000

bookshelf_tall  (4 problems, 0 skipped: 0 clearance, 0 self-collision)
  rrtconnect    4/4       9.33/48.20/257.65       10450       47    17.09        -      -     0.0003      0/3046         0     0.0025       0
      primary samples 172, productive 43 (25.0%), vertices/sample 0.565
  qp-fixed      4/4       4.06/18.79/22.58         1414       13    12.78   0.0114     0%     0.0001      0/3324         0     0.0025       0
      primary samples 3, productive 3 (100.0%), vertices/sample 4.500
      qp 295.4 rows/call, 67% of calls reached the solver, 4464 calls
  qp-plain      4/4       3.99/18.87/23.00         1414       13    12.78   0.0114     0%     0.0001      0/3324         0     0.0025       0
      primary samples 3, productive 3 (100.0%), vertices/sample 4.500
      qp 342.0 rows/call, 100% of calls reached the solver, 4464 calls
  qp-adapt      4/4       0.62/7.62/11.94          667       13    12.79   0.0269    65%     0.0001      0/2615         0     0.0025       0
      primary samples 3, productive 3 (100.0%), vertices/sample 4.500
      qp 304.6 rows/call, 96% of calls reached the solver, 2084 calls
  qp-free       4/4      19.35/89.54/404.61       12585       50    15.23   0.0064     0%     0.0007      0/5953         0     0.0025       0
      primary samples 119, productive 44 (37.0%), vertices/sample 0.842
  free-env      4/4       2.77/60.82/152.35        2378      106    13.84   0.0986    96%     0.0001      0/2872         0     0.0025       0
      primary samples 371, productive 95 (25.6%), vertices/sample 0.645
  qp-env        4/4       0.40/4.26/7.90           322       13    12.77   0.1051    73%     0.0002      0/2318         0     0.0025       0
      primary samples 3, productive 3 (100.0%), vertices/sample 4.500
      qp 303.4 rows/call, 97% of calls reached the solver, 1011 calls
  vamp-rrtc     4/4       0.08/0.37/1.89         13434       47    15.25        -      -     0.0003      0/3022         0     0.0011       0
      primary samples 0, productive 0 (0.0%), vertices/sample 0.000

bookshelf_thin  (4 problems, 0 skipped: 0 clearance, 0 self-collision)
  rrtconnect    4/4      32.80/121.75/196.32       19420       98    17.42        -      -     0.0001      0/3184         0     0.0004       0
      primary samples 356, productive 95 (26.7%), vertices/sample 0.297
  qp-fixed      4/4       6.81/7.97/20.79          500        6     7.09   0.0151     0%     0.0007      0/2393         0     0.0006       0
      primary samples 1, productive 1 (100.0%), vertices/sample 6.000
      qp 271.8 rows/call, 55% of calls reached the solver, 2673 calls
  qp-plain      4/4       6.89/8.17/21.75          500        6     7.09   0.0151     0%     0.0007      0/2393         0     0.0006       0
      primary samples 1, productive 1 (100.0%), vertices/sample 6.000
      qp 342.0 rows/call, 100% of calls reached the solver, 2673 calls
  qp-adapt      4/4       2.48/3.69/7.80           244        6     7.10   0.0366    47%     0.0007      0/2035         0     0.0006       0
      primary samples 1, productive 1 (100.0%), vertices/sample 6.000
      qp 282.5 rows/call, 89% of calls reached the solver, 1143 calls
  qp-free       4/4     112.62/255.08/369.26       28842       89    16.62   0.0053     0%     0.0004      0/5435         0     0.0001       0
      primary samples 220, productive 81 (36.8%), vertices/sample 0.405
  free-env      4/4      18.08/33.58/69.67         1328       58    18.74   0.1050    98%     0.0001      0/3683         0     0.0000       0
      primary samples 158, productive 54 (34.2%), vertices/sample 0.411
  qp-env        4/4       1.14/2.38/3.62           146        6     7.14   0.0702    48%     0.0003      0/1846         0     0.0007       0
      primary samples 1, productive 1 (100.0%), vertices/sample 6.000
      qp 285.2 rows/call, 90% of calls reached the solver, 552 calls
  vamp-rrtc     4/4       0.25/0.97/1.51         22833      105    17.75        -      -     0.0001      0/3307         0     0.0004       0
      primary samples 0, productive 0 (0.0%), vertices/sample 0.000

box  (5 problems, 0 skipped: 0 clearance, 0 self-collision)
  rrtconnect    5/5       3.80/4.46/17.81         1759       11    12.25        -      -     0.0015      0/3111         0     0.0025       0
      primary samples 23, productive 6 (26.1%), vertices/sample 0.435
  qp-fixed      5/5       3.44/6.27/10.40          723       11     7.65   0.0118     0%     0.0017      0/3328         0     0.0025       0
      primary samples 2, productive 2 (100.0%), vertices/sample 6.000
      qp 273.6 rows/call, 57% of calls reached the solver, 3868 calls
  qp-plain      5/5       3.71/6.46/10.93          723       11     7.65   0.0118     0%     0.0017      0/3328         0     0.0025       0
      primary samples 2, productive 2 (100.0%), vertices/sample 6.000
      qp 342.0 rows/call, 100% of calls reached the solver, 3868 calls
  qp-adapt      5/5       0.86/1.60/3.15           214       11     7.64   0.0339    61%     0.0017      0/2511         0     0.0025       0
      primary samples 2, productive 2 (100.0%), vertices/sample 6.000
      qp 284.6 rows/call, 81% of calls reached the solver, 1178 calls
  qp-free       5/5      14.62/34.19/113.61        6804       23    12.44   0.0049     0%     0.0022      0/6827         0     0.0021       0
      primary samples 41, productive 15 (36.6%), vertices/sample 0.560
  free-env      5/5       1.28/4.13/30.92          319       23    17.28   0.0985    96%     0.0006      0/4803         0     0.0019       0
      primary samples 41, productive 15 (36.6%), vertices/sample 0.571
  qp-env        5/5       0.49/0.94/1.86            93       11     7.64   0.0736    56%     0.0015      0/2289         0     0.0025       0
      primary samples 2, productive 2 (100.0%), vertices/sample 6.000
      qp 287.5 rows/call, 79% of calls reached the solver, 542 calls
  vamp-rrtc     5/5       0.04/0.05/0.20          1667       11    11.59        -      -     0.0015      0/2992         0     0.0010       0
      primary samples 0, productive 0 (0.0%), vertices/sample 0.000

cage  (4 problems, 0 skipped: 0 clearance, 0 self-collision)
  rrtconnect    4/4     107.66/222.97/328.64       84452      464    24.70        -      -     0.0020      0/4703         0     0.0025       0
      primary samples 2457, productive 461 (18.8%), vertices/sample 0.192
  qp-fixed      4/4      22.21/48.33/247.00        5192       34    20.62   0.0100     0%     0.0001      0/6258         0     0.0018       0
      primary samples 17, productive 14 (82.4%), vertices/sample 2.182
      qp 266.8 rows/call, 86% of calls reached the solver, 39035 calls
  qp-plain      4/4      22.70/49.70/253.92        5192       34    20.62   0.0100     0%     0.0001      0/6258         0     0.0018       0
      primary samples 17, productive 14 (82.4%), vertices/sample 2.182
      qp 342.0 rows/call, 100% of calls reached the solver, 39035 calls
  qp-adapt      4/4       6.33/39.37/161.94        3039       34    20.62   0.0202    32%     0.0001      0/4997         0     0.0018       0
      primary samples 17, productive 14 (82.4%), vertices/sample 2.182
      qp 270.1 rows/call, 97% of calls reached the solver, 23733 calls
  qp-free       4/4    1008.90/3006.48/3661.69     576392     1362    21.97   0.0036     0%     0.0026      0/9371         0     0.0023       0
      primary samples 4614, productive 1327 (28.8%), vertices/sample 0.295
  free-env      4/4     170.42/290.33/387.06       22474      920    22.88   0.0671    91%     0.0000      0/4687         0     0.0009       0
      primary samples 3345, productive 878 (26.2%), vertices/sample 0.290
  qp-env        4/4       3.53/20.02/121.98        2035       34    20.61   0.0276    25%     0.0002      0/4515         0     0.0015       0
      primary samples 17, productive 14 (82.4%), vertices/sample 2.182
      qp 271.1 rows/call, 98% of calls reached the solver, 16585 calls
  vamp-rrtc     4/4       1.51/4.03/7.18        145055      496    24.70        -      -     0.0020      0/4703         0     0.0025       0
      primary samples 0, productive 0 (0.0%), vertices/sample 0.000

table_pick  (4 problems, 0 skipped: 0 clearance, 0 self-collision)
  rrtconnect    4/4       5.73/16.89/20.05         4548       23    13.29        -      -     0.0005      0/2758         0     0.0025       0
      primary samples 69, productive 19 (27.5%), vertices/sample 0.383
  qp-fixed      4/4       3.88/7.01/7.29           698        7     8.53   0.0130     0%     0.0032      0/2222         0     0.0025       0
      primary samples 1, productive 1 (100.0%), vertices/sample 7.000
      qp 241.2 rows/call, 22% of calls reached the solver, 2218 calls
  qp-plain      4/4       4.26/7.59/7.83           698        7     8.53   0.0130     0%     0.0032      0/2222         0     0.0025       0
      primary samples 1, productive 1 (100.0%), vertices/sample 7.000
      qp 342.0 rows/call, 100% of calls reached the solver, 2218 calls
  qp-adapt      4/4       0.60/0.63/1.04            80        7     8.53   0.0896    64%     0.0032      0/1589         0     0.0025       0
      primary samples 1, productive 1 (100.0%), vertices/sample 7.000
      qp 291.7 rows/call, 68% of calls reached the solver, 326 calls
  qp-free       4/4      13.07/58.59/71.37         9262       31    10.54   0.0065     0%     0.0007      0/3455         0     0.0025       0
      primary samples 60, productive 25 (41.7%), vertices/sample 1.000
  free-env      4/4       2.18/8.79/10.67          480       30    10.54   0.1053    97%     0.0006      0/2120         0     0.0025       0
      primary samples 60, productive 24 (40.0%), vertices/sample 1.176
  qp-env        4/4       0.35/0.39/0.59            33        7     8.53   0.2074    97%     0.0029      0/1498         0     0.0025       0
      primary samples 1, productive 1 (100.0%), vertices/sample 7.000
      qp 285.0 rows/call, 66% of calls reached the solver, 141 calls
  vamp-rrtc     4/4       0.11/0.15/0.18          4814       24    13.04        -      -     0.0014      0/2456         0     0.0025       0
      primary samples 0, productive 0 (0.0%), vertices/sample 0.000

table_under_pick  (4 problems, 0 skipped: 0 clearance, 0 self-collision)
  rrtconnect    4/4       3.55/9.95/9.96          2690       14    15.78        -      -     0.0055      0/2870         0     0.0025       0
      primary samples 36, productive 10 (27.8%), vertices/sample 0.417
  qp-fixed      4/4       7.92/18.22/36.64         1615       14    10.04   0.0128     0%     0.0012      0/3147         0     0.0006       0
      primary samples 6, productive 4 (66.7%), vertices/sample 7.000
      qp 293.6 rows/call, 86% of calls reached the solver, 6262 calls
  qp-plain      4/4       7.89/18.79/36.49         1615       14    10.04   0.0128     0%     0.0012      0/3147         0     0.0006       0
      primary samples 6, productive 4 (66.7%), vertices/sample 7.000
      qp 342.0 rows/call, 100% of calls reached the solver, 6262 calls
  qp-adapt      4/4       0.95/12.05/24.27         1136       13    10.06   0.0312    48%     0.0010      0/2522         0     0.0006       0
      primary samples 6, productive 4 (66.7%), vertices/sample 6.500
      qp 293.7 rows/call, 89% of calls reached the solver, 3672 calls
  qp-free       4/4       6.95/50.31/333.93        8068       16    18.69   0.0042     0%     0.0042      0/5950         0     0.0016       0
      primary samples 62, productive 12 (19.4%), vertices/sample 0.291
  free-env      4/4       1.14/9.80/37.41          639       21    16.04   0.0864    99%     0.0000      0/3316         0     0.0025       0
      primary samples 68, productive 15 (22.1%), vertices/sample 0.309
  qp-env        4/4       0.66/9.22/19.14          769       12    10.13   0.0612    41%     0.0004      0/2277         0     0.0013       0
      primary samples 6, productive 4 (66.7%), vertices/sample 6.000
      qp 295.9 rows/call, 98% of calls reached the solver, 2559 calls
  vamp-rrtc     4/4       0.03/0.08/0.12          1920       14    15.87        -      -    -0.0001      1/2875         0     0.0025       0
      primary samples 0, productive 0 (0.0%), vertices/sample 0.000

Hop disposition -- what set the hop's length, median over problems.
  row         floored(<1 step)    at region   edge-limited
  qp-fixed            100.0%         0.0%           0.0%
  qp-plain            100.0%         0.0%           0.0%
  qp-adapt             51.7%        47.0%           2.1%
  qp-free             100.0%         0.0%           0.0%
  free-env              1.7%        83.7%          13.3%
  qp-env               48.4%        47.3%           5.5%

Endpoint clearance at zero margin -- min(start, goal) over all spheres.
  scene                     min    median       max affordable   problems by margin
  bookshelf_small        0.0038    0.0084    0.0089    0.0038   0:100% 0.02:  0% 0.04:  0% 0.06:  0% 0.09:  0%
  bookshelf_tall         0.0025    0.0049    0.0091    0.0025   0:100% 0.02:  0% 0.04:  0% 0.06:  0% 0.09:  0%
  bookshelf_thin         0.0017    0.0066    0.0102    0.0017   0:100% 0.02:  0% 0.04:  0% 0.06:  0% 0.09:  0%
  box                    0.0127    0.0127    0.0127    0.0127   0:100% 0.02:  0% 0.04:  0% 0.06:  0% 0.09:  0%
  cage                   0.0105    0.0127    0.0127    0.0105   0:100% 0.02:  0% 0.04:  0% 0.06:  0% 0.09:  0%
  table_pick             0.0076    0.0081    0.0082    0.0076   0:100% 0.02:  0% 0.04:  0% 0.06:  0% 0.09:  0%
  table_under_pick       0.0076    0.0078    0.0079    0.0076   0:100% 0.02:  0% 0.04:  0% 0.06:  0% 0.09:  0%

all scenes  (29 problems, 0 skipped: 0 clearance, 0 self-collision)
  rrtconnect   29/29      2.33/16.83/328.64        4519       23    14.90        -      -     0.0001      0/22296        0     0.0004       0
      primary samples 72, productive 18 (25.0%), vertices/sample 0.333
  qp-fixed     29/29      3.44/7.92/247.00         745       10     9.23   0.0119     0%     0.0001      0/23791        0     0.0001       0
      primary samples 2, productive 2 (100.0%), vertices/sample 5.500
      qp 267.2 rows/call, 57% of calls reached the solver, 61963 calls
  qp-plain     29/29      3.71/7.89/253.92         745       10     9.23   0.0119     0%     0.0001      0/23791        0     0.0001       0
      primary samples 2, productive 2 (100.0%), vertices/sample 5.500
      qp 342.0 rows/call, 100% of calls reached the solver, 61963 calls
  qp-adapt     29/29      0.60/2.97/161.94         269       10     9.24   0.0334    48%     0.0001      0/18808        0     0.0001       0
      primary samples 2, productive 2 (100.0%), vertices/sample 5.500
      qp 283.4 rows/call, 87% of calls reached the solver, 33670 calls
  qp-free      29/29      6.95/58.59/3661.69       9490       31    15.23   0.0051     0%     0.0004      0/42088        0     0.0001       0
      primary samples 62, productive 25 (40.3%), vertices/sample 0.453
  free-env     29/29      1.14/9.80/387.06         599       36    14.56   0.0889    96%     0.0000      0/24621        0     0.0000       0
      primary samples 68, productive 26 (38.2%), vertices/sample 0.411
  qp-env       29/29      0.35/1.65/121.98         139       10     9.23   0.0706    49%     0.0002      0/17012        0     0.0001       0
      primary samples 2, productive 2 (100.0%), vertices/sample 5.500
      qp 285.0 rows/call, 89% of calls reached the solver, 22304 calls
  vamp-rrtc    29/29      0.02/0.13/7.18          4814       23    14.16        -      -    -0.0001      1/21637        0     0.0004       0
      primary samples 0, productive 0 (0.0%), vertices/sample 0.000

"samples" is checked configurations for isSafe, barrier evaluations for
the three CBF rows, and SIMD configuration lanes evaluated for VAMP. They measure
sampling work, while wall time captures the very different per-sample costs.
"unsafe/audited" evaluates exact primitive clearance at every state of the
densified solution -- for each CBF row that is the rollout the planner recorded
for each edge, replayed, so it is the motion that would actually be executed,
sampled inside each step rather than only at its boundaries. Non-zero unsafe
invalidates a row however fast it was.
"missed" counts solution edges that were not on file and had to be
re-derived; it must be zero, or the audited motion is a different trajectory
from the one the planner found.


envelope hop: 5818 filter calls, 1.285 hold queries/call, 19.6% saturated, 100.0% longer than L1, past one step 96.0% (L1 alone 53.8%), gated 73.9%, empty-active 0.0%, screen-escalated 3.4%
envelope bottleneck: world 96.5%, self-collision 3.3%, unbound 0.2% (horizon or screen clip), blocked 0.0%, joint-limit clamped 0.0%
envelope binding term:
  world rows       L1 0.0%, local-L1 1.0%, speed-capped 4.3%, isotropic-anchored 94.7% (of 5615 bound calls)
  self-pair rows   L1 0.0%, local-L1 0.0%, speed-capped 0.0%, normal-anchored 100.0% (of 190 bound calls)
local-lever screen: 413968 of 673733 expensive world rows settled before the envelope (61.4%)
span handed to the rollout, in controller steps (22304 calls):
                   <1      1-2      2-4      4-8       8+
  L1 only      85.96%     7.00%     3.42%     1.68%     1.94%
  envelope     74.95%     4.72%     7.94%     5.56%     6.83%
=== CBF profiler (wall time) ===
=== CBF filter stats ===
  calls=0  unchanged=0 (0.0%)  filtered=0 (0.0%)  blocked=0 (0.0%)
  active rows:       avg=0.00  max=0
  zero-row fast path: 0 (0.0%)
  qp iterations:     avg=0.00  max=0
  certified duration: avg=0.00000s  min=0.00000s  max=0.00000s  (over 0 non-blocked calls)
  required gain:     avg=0.000/s  max=0.000/s  p50=0.000/s  p90=0.000/s  p99=0.000/s  (over 0 calls, 0 uncertified)
