
MotionBenchMaker UR5, 689 problems loaded, up to 100 per scene
voxel 0.003 m, margin 0.0000 m + 0.0000 m filter buffer, stepSize 0.001 s, range 2.00 rad, 10.0 s limit

hop certificates: old L1 Lipschitz region and new hold-time bound
Picard: off; trajectory prefixes: 0; sequential rollout budget: 10000 calls
kappa 20.00 /s, certified step uncapped, self-collision margin 0.0000 m over 302 pairs
baseline segment: 0.000650 of extent = 0.0100 rad, rollout step 0.0100 rad (matched to the rollout)
rope shortcut off, all rows unsimplified

seed 1
  planner       solved ms(min/med/max)        samples vertices     path rad/call coarse  worst clr unsafe/audited missed worst self collide

bookshelf_small  (4 problems, 0 skipped: 0 clearance, 0 self-collision)
  rrtconnect    4/4       3.35/3.69/4.77           966        7     8.86        -      -     0.0032      0/1836         0     0.0025       0
      primary samples 4, productive 3 (75.0%), vertices/sample 2.250
  qp-fixed      4/4       5.44/9.59/13.12          767        7     9.03   0.0134     0%     0.0016      0/2708         0     0.0025       0
      primary samples 1, productive 1 (100.0%), vertices/sample 7.000
      qp 267.0 rows/call, 39% of calls reached the solver, 2916 calls
  qp-plain      4/4       6.46/10.11/14.24          767        7     9.03   0.0134     0%     0.0016      0/2708         0     0.0025       0
      primary samples 1, productive 1 (100.0%), vertices/sample 7.000
      qp 342.0 rows/call, 100% of calls reached the solver, 2916 calls
  qp-adapt      4/4       0.81/1.52/5.55           159        7     9.02   0.0785    96%     0.0016      0/2131         0     0.0025       0
      primary samples 1, productive 1 (100.0%), vertices/sample 7.000
      qp 290.3 rows/call, 39% of calls reached the solver, 822 calls
  qp-free       4/4       5.80/11.07/31.85         1311       10     9.95   0.0102     0%     0.0043      0/3080         0     0.0025       0
      primary samples 4, productive 4 (100.0%), vertices/sample 2.667
  free-env      4/4       0.49/1.63/4.51            86       10     9.84   0.1552    98%     0.0030      0/1975         0     0.0025       0
      primary samples 4, productive 4 (100.0%), vertices/sample 2.667
  qp-env        4/4       0.44/0.65/3.47            47        7     9.03   0.3008   100%     0.0004      0/1815         0     0.0025       0
      primary samples 1, productive 1 (100.0%), vertices/sample 7.000
      qp 289.4 rows/call, 57% of calls reached the solver, 345 calls
  vamp-rrtc     4/4       0.05/0.05/0.05           543        7     8.86        -      -     0.0032      0/1836         0     0.0025       0
      primary samples 0, productive 0 (0.0%), vertices/sample 0.000

bookshelf_tall  (4 problems, 0 skipped: 0 clearance, 0 self-collision)
  rrtconnect    4/4       6.65/25.48/52.05         3199       18    13.94        -      -     0.0011      0/2687         0     0.0017       0
      primary samples 39, productive 12 (30.8%), vertices/sample 0.500
  qp-fixed      4/4      13.69/44.91/77.08         2142       16    17.10   0.0110     0%     0.0002      0/4455         0     0.0025       0
      primary samples 4, productive 4 (100.0%), vertices/sample 4.000
      qp 276.1 rows/call, 89% of calls reached the solver, 7446 calls
  qp-plain      4/4      14.18/44.26/80.88         2142       16    17.10   0.0110     0%     0.0002      0/4455         0     0.0025       0
      primary samples 4, productive 4 (100.0%), vertices/sample 4.000
      qp 342.0 rows/call, 100% of calls reached the solver, 7446 calls
  qp-adapt      4/4       3.00/33.02/49.22         1660       16    17.09   0.0365    60%     0.0002      0/3583         0     0.0025       0
      primary samples 4, productive 4 (100.0%), vertices/sample 4.000
      qp 298.2 rows/call, 97% of calls reached the solver, 4661 calls
  qp-free       4/4       7.27/217.63/242.48       18734       44    14.69   0.0056     0%     0.0003      0/5061         0     0.0014       0
      primary samples 140, productive 38 (27.1%), vertices/sample 0.641
  free-env      4/4       1.31/28.34/35.24          901       30    14.16   0.1003    94%     0.0005      0/2580         0     0.0000       0
      primary samples 113, productive 24 (21.2%), vertices/sample 0.641
  qp-env        4/4       0.74/23.45/40.03         1103       16    17.11   0.0802    39%     0.0002      0/3191         0     0.0025       0
      primary samples 4, productive 4 (100.0%), vertices/sample 4.000
      qp 301.0 rows/call, 99% of calls reached the solver, 3146 calls
  vamp-rrtc     4/4       0.06/0.20/0.56          2079       15    12.09        -      -     0.0011      0/2131         0     0.0017       0
      primary samples 0, productive 0 (0.0%), vertices/sample 0.000

bookshelf_thin  (4 problems, 0 skipped: 0 clearance, 0 self-collision)
  rrtconnect    4/4      29.99/114.88/291.28       11455       59    16.50        -      -     0.0025      0/3130         0     0.0025       0
      primary samples 262, productive 55 (21.0%), vertices/sample 0.321
  qp-fixed      4/4      14.73/36.17/54.67         1452       11    13.51   0.0114     0%     0.0000      0/3703         0     0.0015       0
      primary samples 4, productive 4 (100.0%), vertices/sample 6.000
      qp 258.4 rows/call, 79% of calls reached the solver, 4930 calls
  qp-plain      4/4      14.55/37.92/56.23         1452       11    13.51   0.0114     0%     0.0000      0/3703         0     0.0015       0
      primary samples 4, productive 4 (100.0%), vertices/sample 6.000
      qp 342.0 rows/call, 100% of calls reached the solver, 4930 calls
  qp-adapt      4/4       5.03/14.69/39.77          623       11    13.53   0.0264    42%     0.0000      0/3196         0     0.0015       0
      primary samples 4, productive 4 (100.0%), vertices/sample 6.000
      qp 270.0 rows/call, 97% of calls reached the solver, 2956 calls
  qp-free       4/4     125.61/227.72/242.36       16087       45    23.26   0.0062     0%     0.0025      0/7036         0     0.0021       0
      primary samples 113, productive 39 (34.5%), vertices/sample 0.423
  free-env      4/4      22.80/34.02/38.30          819       46    23.49   0.0980    96%     0.0008      0/4157         0     0.0000       0
      primary samples 113, productive 40 (35.4%), vertices/sample 0.416
  qp-env        4/4       2.63/9.22/37.93          374       11    13.54   0.0441    29%     0.0000      0/2926         0     0.0016       0
      primary samples 4, productive 4 (100.0%), vertices/sample 6.000
      qp 269.7 rows/call, 97% of calls reached the solver, 2248 calls
  vamp-rrtc     4/4       0.24/0.83/2.91          9732       47    16.50        -      -    -0.0002      1/3079         0     0.0025       0
      primary samples 0, productive 0 (0.0%), vertices/sample 0.000

box  (4 problems, 0 skipped: 0 clearance, 0 self-collision)
  rrtconnect    4/4       7.08/15.16/16.28         4177       23    16.48        -      -     0.0092      0/3196         0     0.0025       0
      primary samples 61, productive 18 (29.5%), vertices/sample 0.478
  qp-fixed      4/4       4.63/6.92/18.00          602        7     8.09   0.0138     0%     0.0033      0/2355         0     0.0025       0
      primary samples 1, productive 1 (100.0%), vertices/sample 6.000
      qp 258.7 rows/call, 48% of calls reached the solver, 2875 calls
  qp-plain      4/4       4.94/7.63/19.05          602        7     8.09   0.0138     0%     0.0033      0/2355         0     0.0025       0
      primary samples 1, productive 1 (100.0%), vertices/sample 6.000
      qp 342.0 rows/call, 100% of calls reached the solver, 2875 calls
  qp-adapt      4/4       0.64/1.88/4.88           131        7     8.08   0.0551    63%     0.0032      0/1834         0     0.0025       0
      primary samples 1, productive 1 (100.0%), vertices/sample 6.000
      qp 285.7 rows/call, 86% of calls reached the solver, 735 calls
  qp-free       4/4      25.27/99.46/393.89       12666       43    15.46   0.0055     0%     0.0006      0/5849         0     0.0025       0
      primary samples 79, productive 33 (41.8%), vertices/sample 0.596
  free-env      4/4       3.16/8.53/56.83          466       38    18.96   0.1068    95%     0.0003      0/3996         0     0.0000       0
      primary samples 67, productive 23 (34.3%), vertices/sample 0.732
  qp-env        4/4       0.52/1.13/3.32            78        7     8.07   0.1026    63%     0.0020      0/1740         0     0.0025       0
      primary samples 1, productive 1 (100.0%), vertices/sample 6.000
      qp 290.6 rows/call, 86% of calls reached the solver, 412 calls
  vamp-rrtc     4/4       0.11/0.26/0.27          4971       26    17.81        -      -     0.0116      0/3331         0     0.0025       0
      primary samples 0, productive 0 (0.0%), vertices/sample 0.000

cage  (4 problems, 0 skipped: 0 clearance, 0 self-collision)
  rrtconnect    4/4     103.80/416.92/1906.43     102488      568    22.58        -      -     0.0018      0/4833         0     0.0016       0
      primary samples 3240, productive 564 (17.4%), vertices/sample 0.185
  qp-fixed      4/4      14.87/183.95/398.94       14158       76    17.26   0.0093     0%     0.0003      0/5538         0     0.0007       0
      primary samples 51, productive 40 (78.4%), vertices/sample 1.739
      qp 271.5 rows/call, 86% of calls reached the solver, 50829 calls
  qp-plain      4/4      15.66/192.51/413.06       14158       76    17.26   0.0093     0%     0.0003      0/5538         0     0.0007       0
      primary samples 51, productive 40 (78.4%), vertices/sample 1.739
      qp 342.0 rows/call, 100% of calls reached the solver, 50829 calls
  qp-adapt      4/4       7.41/110.53/248.67        8797       76    17.26   0.0174    31%     0.0003      0/4237         0     0.0007       0
      primary samples 51, productive 40 (78.4%), vertices/sample 1.739
      qp 270.3 rows/call, 97% of calls reached the solver, 31744 calls
  qp-free       4/4     771.83/1437.78/3551.49     179278      426    25.26   0.0040     0%     0.0017      0/10000        0     0.0025       0
      primary samples 1370, productive 396 (28.9%), vertices/sample 0.314
  free-env      4/4     121.07/474.08/1134.41      24550     1011    26.47   0.0680    93%     0.0001      0/5571         0     0.0000       0
      primary samples 3907, productive 980 (25.1%), vertices/sample 0.305
  qp-env        4/4       5.95/78.13/207.71        5815       73    17.29   0.0249    25%     0.0002      0/3998         0     0.0015       0
      primary samples 51, productive 39 (76.5%), vertices/sample 1.739
      qp 264.1 rows/call, 98% of calls reached the solver, 23051 calls
  vamp-rrtc     4/4       2.11/10.69/93.39       196097      617    28.52        -      -     0.0018      0/5141         0     0.0016       0
      primary samples 0, productive 0 (0.0%), vertices/sample 0.000

table_pick  (4 problems, 0 skipped: 0 clearance, 0 self-collision)
  rrtconnect    4/4       4.53/12.04/26.29         2140       13    12.78        -      -     0.0022      0/2237         0     0.0025       0
      primary samples 17, productive 7 (41.2%), vertices/sample 1.500
  qp-fixed      4/4       6.31/11.53/23.06          741        7     9.26   0.0125     0%     0.0003      0/3063         0     0.0025       0
      primary samples 1, productive 1 (100.0%), vertices/sample 7.000
      qp 262.1 rows/call, 35% of calls reached the solver, 3207 calls
  qp-plain      4/4       7.06/12.46/23.96          741        7     9.26   0.0125     0%     0.0003      0/3063         0     0.0025       0
      primary samples 1, productive 1 (100.0%), vertices/sample 7.000
      qp 342.0 rows/call, 100% of calls reached the solver, 3207 calls
  qp-adapt      4/4       0.68/2.90/14.69          187        7     9.26   0.0716    66%     0.0003      0/2353         0     0.0025       0
      primary samples 1, productive 1 (100.0%), vertices/sample 7.000
      qp 288.7 rows/call, 81% of calls reached the solver, 1128 calls
  qp-free       4/4       8.19/48.81/122.32        4950       24    12.25   0.0089     0%     0.0015      0/4337         0     0.0025       0
      primary samples 27, productive 13 (48.1%), vertices/sample 2.000
  free-env      4/4       1.14/17.73/19.74          649       37    12.34   0.1536   100%     0.0001      0/2477         0     0.0025       0
      primary samples 89, productive 30 (33.7%), vertices/sample 2.000
  qp-env        4/4       0.43/1.88/12.06          107        7     9.27   0.1934    64%     0.0003      0/2205         0     0.0025       0
      primary samples 1, productive 1 (100.0%), vertices/sample 7.000
      qp 289.9 rows/call, 86% of calls reached the solver, 812 calls
  vamp-rrtc     4/4       0.05/0.12/0.31          1449       13    12.78        -      -     0.0011      0/2253         0     0.0005       0
      primary samples 0, productive 0 (0.0%), vertices/sample 0.000

table_under_pick  (4 problems, 0 skipped: 0 clearance, 0 self-collision)
  rrtconnect    4/4       5.03/15.89/52.58         2798       15    14.12        -      -     0.0046      0/2609         0     0.0025       0
      primary samples 102, productive 11 (10.8%), vertices/sample 0.342
  qp-fixed      4/4       6.30/35.57/47.77         2098       15    12.70   0.0140     0%     0.0001      0/3692         0     0.0001       0
      primary samples 6, productive 6 (100.0%), vertices/sample 6.000
      qp 261.7 rows/call, 85% of calls reached the solver, 5904 calls
  qp-plain      4/4       6.62/36.80/47.31         2098       15    12.70   0.0140     0%     0.0001      0/3692         0     0.0001       0
      primary samples 6, productive 6 (100.0%), vertices/sample 6.000
      qp 342.0 rows/call, 100% of calls reached the solver, 5904 calls
  qp-adapt      4/4       1.06/15.16/24.97         1040       15    12.69   0.0255    50%     0.0001      0/3094         0     0.0001       0
      primary samples 6, productive 6 (100.0%), vertices/sample 6.000
      qp 274.2 rows/call, 94% of calls reached the solver, 3057 calls
  qp-free       4/4      32.21/129.74/803.13       13126       23    21.22   0.0046     0%     0.0012      0/6184         0     0.0025       0
      primary samples 106, productive 19 (17.9%), vertices/sample 0.411
  free-env      4/4       8.89/13.35/122.69         516       23    16.43   0.0795    96%     0.0011      0/3414         0     0.0005       0
      primary samples 56, productive 19 (33.9%), vertices/sample 0.411
  qp-env        4/4       0.62/9.02/19.43          548       15    12.71   0.1744    87%     0.0001      0/2775         0     0.0003       0
      primary samples 6, productive 6 (100.0%), vertices/sample 6.000
      qp 270.9 rows/call, 96% of calls reached the solver, 1697 calls
  vamp-rrtc     4/4       0.05/0.20/0.63          5293       15    14.12        -      -     0.0046      0/2609         0     0.0025       0
      primary samples 0, productive 0 (0.0%), vertices/sample 0.000

Hop disposition -- what set the hop's length, median over problems.
  row         floored(<1 step)    at region   edge-limited
  qp-fixed            100.0%         0.0%           0.0%
  qp-plain            100.0%         0.0%           0.0%
  qp-adapt             54.2%        45.0%           2.2%
  qp-free             100.0%         0.0%           0.0%
  free-env              2.6%        84.0%          12.7%
  qp-env               61.7%        35.6%           3.6%

Endpoint clearance at zero margin -- min(start, goal) over all spheres.
  scene                     min    median       max affordable   problems by margin
  bookshelf_small        0.0052    0.0079    0.0092    0.0052   0:100% 0.02:  0% 0.04:  0% 0.06:  0% 0.09:  0%
  bookshelf_tall         0.0060    0.0068    0.0105    0.0060   0:100% 0.02:  0% 0.04:  0% 0.06:  0% 0.09:  0%
  bookshelf_thin         0.0025    0.0045    0.0065    0.0025   0:100% 0.02:  0% 0.04:  0% 0.06:  0% 0.09:  0%
  box                    0.0127    0.0127    0.0127    0.0127   0:100% 0.02:  0% 0.04:  0% 0.06:  0% 0.09:  0%
  cage                   0.0075    0.0127    0.0127    0.0075   0:100% 0.02:  0% 0.04:  0% 0.06:  0% 0.09:  0%
  table_pick             0.0044    0.0079    0.0082    0.0044   0:100% 0.02:  0% 0.04:  0% 0.06:  0% 0.09:  0%
  table_under_pick       0.0067    0.0079    0.0080    0.0067   0:100% 0.02:  0% 0.04:  0% 0.06:  0% 0.09:  0%

all scenes  (28 problems, 0 skipped: 0 clearance, 0 self-collision)
  rrtconnect   28/28      3.35/15.89/1906.43       3028       17    14.12        -      -     0.0011      0/20528        0     0.0016       0
      primary samples 39, productive 12 (30.8%), vertices/sample 0.462
  qp-fixed     28/28      4.63/14.87/398.94         952        9    10.42   0.0114     0%     0.0000      0/25514        0     0.0001       0
      primary samples 1, productive 1 (100.0%), vertices/sample 6.000
      qp 262.1 rows/call, 55% of calls reached the solver, 78107 calls
  qp-plain     28/28      4.94/15.66/413.06         952        9    10.42   0.0114     0%     0.0000      0/25514        0     0.0001       0
      primary samples 1, productive 1 (100.0%), vertices/sample 6.000
      qp 342.0 rows/call, 100% of calls reached the solver, 78107 calls
  qp-adapt     28/28      0.64/5.55/248.67         415        9    10.42   0.0339    47%     0.0000      0/20428        0     0.0001       0
      primary samples 1, productive 1 (100.0%), vertices/sample 6.000
      qp 277.8 rows/call, 87% of calls reached the solver, 45103 calls
  qp-free      28/28      5.80/122.32/3551.49      12264       39    14.69   0.0054     0%     0.0003      0/41547        0     0.0014       0
      primary samples 79, productive 22 (27.8%), vertices/sample 0.538
  free-env     28/28      0.49/17.73/1134.41        572       37    16.43   0.0949    95%     0.0001      0/24170        0     0.0000       0
      primary samples 67, productive 24 (35.8%), vertices/sample 0.427
  qp-env       28/28      0.43/3.32/207.71         238        9    10.42   0.0686    39%     0.0000      0/18650        0     0.0003       0
      primary samples 1, productive 1 (100.0%), vertices/sample 6.000
      qp 283.3 rows/call, 89% of calls reached the solver, 31711 calls
  vamp-rrtc    28/28      0.05/0.20/93.39         2867       15    13.98        -      -    -0.0002      1/20380        0     0.0005       0
      primary samples 0, productive 0 (0.0%), vertices/sample 0.000

"samples" is checked configurations for isSafe, barrier evaluations for
the three CBF rows, and SIMD configuration lanes evaluated for VAMP. They measure
sampling work, while wall time captures the very different per-sample costs.
"unsafe/audited" evaluates exact primitive clearance at every state of the
densified solution -- for each CBF row that is the rollout the planner recorded
for each edge, replayed, so it is the motion that would actually be executed,
sampled inside each step rather than only at its boundaries. Non-zero unsafe
invalidates a row however fast it was.
"missed" counts solution edges that were not on file and had to be
re-derived; it must be zero, or the audited motion is a different trajectory
from the one the planner found.


envelope hop: 8219 filter calls, 1.225 hold queries/call, 16.6% saturated, 100.0% longer than L1, past one step 93.6% (L1 alone 54.5%), gated 74.1%, empty-active 0.0%, screen-escalated 2.1%
envelope bottleneck: world 97.6%, self-collision 2.3%, unbound 0.1% (horizon or screen clip), blocked 0.0%, joint-limit clamped 0.0%
envelope binding term:
  world rows       L1 0.0%, local-L1 0.9%, speed-capped 6.7%, isotropic-anchored 92.4% (of 8023 bound calls)
  self-pair rows   L1 0.0%, local-L1 0.0%, speed-capped 1.6%, normal-anchored 98.4% (of 189 bound calls)
local-lever screen: 404456 of 668960 expensive world rows settled before the envelope (60.5%)
span handed to the rollout, in controller steps (31711 calls):
                   <1      1-2      2-4      4-8       8+
  L1 only      85.89%     7.27%     3.47%     1.93%     1.44%
  envelope     75.73%     6.43%     6.99%     5.15%     5.70%
=== CBF profiler (wall time) ===
=== CBF filter stats ===
  calls=0  unchanged=0 (0.0%)  filtered=0 (0.0%)  blocked=0 (0.0%)
  active rows:       avg=0.00  max=0
  zero-row fast path: 0 (0.0%)
  qp iterations:     avg=0.00  max=0
  certified duration: avg=0.00000s  min=0.00000s  max=0.00000s  (over 0 non-blocked calls)
  required gain:     avg=0.000/s  max=0.000/s  p50=0.000/s  p90=0.000/s  p99=0.000/s  (over 0 calls, 0 uncertified)
