
MotionBenchMaker UR5, 689 problems loaded, up to 100 per scene
voxel 0.003 m, margin 0.0000 m + 0.0000 m filter buffer, stepSize 0.001 s, range 2.00 rad, 10.0 s limit

hop certificates: old L1 Lipschitz region and new hold-time bound
Picard: off; trajectory prefixes: 0; sequential rollout budget: 10000 calls
kappa 20.00 /s, certified step uncapped, self-collision margin 0.0000 m over 302 pairs
baseline segment: 0.000650 of extent = 0.0100 rad, rollout step 0.0100 rad (matched to the rollout)
rope shortcut off, all rows unsimplified

seed 1
  planner       solved ms(min/med/max)        samples vertices     path rad/call coarse  worst clr unsafe/audited missed worst self collide

bookshelf_small  (4 problems, 0 skipped: 0 clearance, 0 self-collision)
  rrtconnect    4/4       5.37/15.60/38.44         4056       22    15.85        -      -     0.0038      0/2912         0     0.0025       0
      primary samples 69, productive 18 (26.1%), vertices/sample 0.520
  qp-fixed      4/4       7.36/34.26/60.84         2614       26     9.07   0.0122     0%     0.0008      0/3193         0     0.0001       0
      primary samples 7, productive 6 (85.7%), vertices/sample 3.714
      qp 267.8 rows/call, 71% of calls reached the solver, 8414 calls
  qp-plain      4/4       7.93/35.81/64.11         2614       26     9.07   0.0122     0%     0.0008      0/3193         0     0.0001       0
      primary samples 7, productive 6 (85.7%), vertices/sample 3.714
      qp 342.0 rows/call, 100% of calls reached the solver, 8414 calls
  qp-adapt      4/4       0.95/17.17/44.67         1319       23     9.07   0.0390    30%     0.0008      0/2487         0     0.0001       0
      primary samples 7, productive 6 (85.7%), vertices/sample 3.286
      qp 297.8 rows/call, 91% of calls reached the solver, 4974 calls
  qp-free       4/4       6.79/124.17/236.53       15367       42    19.27   0.0053     0%     0.0012      0/5262         0     0.0004       0
      primary samples 101, productive 36 (35.6%), vertices/sample 0.595
  free-env      4/4       0.77/15.95/35.29          829       40    19.83   0.0828    98%     0.0008      0/3202         0     0.0003       0
      primary samples 101, productive 35 (34.7%), vertices/sample 0.842
  qp-env        4/4       0.52/9.73/30.90          673       19    12.70   0.0511    22%     0.0008      0/2478         0     0.0000       0
      primary samples 5, productive 4 (80.0%), vertices/sample 3.800
      qp 293.6 rows/call, 96% of calls reached the solver, 2996 calls
  vamp-rrtc     4/4       0.04/0.21/0.62          4376       23    15.85        -      -     0.0038      0/2601         0     0.0025       0
      primary samples 0, productive 0 (0.0%), vertices/sample 0.000

bookshelf_tall  (4 problems, 0 skipped: 0 clearance, 0 self-collision)
  rrtconnect    4/4      10.26/166.67/439.23       22409      113    19.87        -      -     0.0010      0/3448         0     0.0025       0
      primary samples 634, productive 109 (17.2%), vertices/sample 0.217
  qp-fixed      4/4       8.43/22.93/94.44         1088       10    11.12   0.0109     0%     0.0005      0/4264         0     0.0001       0
      primary samples 2, productive 2 (100.0%), vertices/sample 5.000
      qp 286.9 rows/call, 76% of calls reached the solver, 7022 calls
  qp-plain      4/4       8.67/23.70/95.25         1088       10    11.12   0.0109     0%     0.0005      0/4264         0     0.0001       0
      primary samples 2, productive 2 (100.0%), vertices/sample 5.000
      qp 342.0 rows/call, 100% of calls reached the solver, 7022 calls
  qp-adapt      4/4       1.76/14.55/59.89          717       12    11.13   0.0215    25%     0.0005      0/3484         0     0.0001       0
      primary samples 2, productive 2 (100.0%), vertices/sample 6.000
      qp 307.5 rows/call, 91% of calls reached the solver, 4270 calls
  qp-free       4/4      14.46/239.24/438.61       19881       58    17.36   0.0052     0%     0.0013      0/5276         0     0.0004       0
      primary samples 160, productive 53 (33.1%), vertices/sample 0.362
  free-env      4/4       9.53/41.50/58.73         1247       57    17.53   0.0959    94%     0.0009      0/3426         0     0.0000       0
      primary samples 160, productive 52 (32.5%), vertices/sample 0.357
  qp-env        4/4       0.82/8.78/60.57          394       12    11.16   0.0421    28%     0.0005      0/3160         0     0.0001       0
      primary samples 2, productive 2 (100.0%), vertices/sample 6.000
      qp 308.4 rows/call, 95% of calls reached the solver, 3506 calls
  vamp-rrtc     4/4       0.11/1.65/6.56         29439       99    18.56        -      -    -0.0001      1/3325         0     0.0025       0
      primary samples 0, productive 0 (0.0%), vertices/sample 0.000

bookshelf_thin  (4 problems, 0 skipped: 0 clearance, 0 self-collision)
  rrtconnect    4/4      34.17/93.55/111.17        9398       46    15.91        -      -     0.0026      0/2749         0     0.0025       0
      primary samples 135, productive 43 (31.9%), vertices/sample 0.341
  qp-fixed      4/4       7.58/28.54/39.23         1113       11     9.65   0.0131     0%     0.0005      0/2302         0     0.0025       0
      primary samples 2, productive 2 (100.0%), vertices/sample 5.500
      qp 276.0 rows/call, 50% of calls reached the solver, 3490 calls
  qp-plain      4/4       8.05/29.73/42.78         1113       11     9.65   0.0131     0%     0.0005      0/2302         0     0.0025       0
      primary samples 2, productive 2 (100.0%), vertices/sample 5.500
      qp 342.0 rows/call, 100% of calls reached the solver, 3490 calls
  qp-adapt      4/4       1.47/18.20/19.80          799       11     8.45   0.0350    36%     0.0002      0/1933         0     0.0025       0
      primary samples 2, productive 2 (100.0%), vertices/sample 5.500
      qp 279.1 rows/call, 94% of calls reached the solver, 1849 calls
  qp-free       4/4     117.35/210.73/1636.90      14877       42    15.72   0.0057     0%     0.0004      0/5930         0     0.0025       0
      primary samples 92, productive 35 (38.0%), vertices/sample 0.667
  free-env      4/4      12.01/32.09/301.74         773       46    19.58   0.0970    98%     0.0000      0/3632         0     0.0025       0
      primary samples 88, productive 32 (36.4%), vertices/sample 0.556
  qp-env        4/4       0.57/5.72/12.91          225       10     7.53   0.1253    58%     0.0005      0/1608         0     0.0025       0
      primary samples 2, productive 2 (100.0%), vertices/sample 5.500
      qp 281.6 rows/call, 91% of calls reached the solver, 791 calls
  vamp-rrtc     4/4       0.06/0.89/1.08         10082       47    16.64        -      -    -0.0002      2/2375         0     0.0003       0
      primary samples 0, productive 0 (0.0%), vertices/sample 0.000

box  (4 problems, 0 skipped: 0 clearance, 0 self-collision)
  rrtconnect    4/4       2.39/16.66/19.67         4554       25    15.78        -      -     0.0004      0/2449         0     0.0025       0
      primary samples 77, productive 21 (27.3%), vertices/sample 0.526
  qp-fixed      4/4      12.93/26.41/27.12         2201       17    13.32   0.0116     0%     0.0008      0/3773         0     0.0025       0
      primary samples 6, productive 6 (100.0%), vertices/sample 3.333
      qp 251.1 rows/call, 81% of calls reached the solver, 6939 calls
  qp-plain      4/4      14.62/29.15/29.23         2201       17    13.32   0.0116     0%     0.0008      0/3773         0     0.0025       0
      primary samples 6, productive 6 (100.0%), vertices/sample 3.333
      qp 342.0 rows/call, 100% of calls reached the solver, 6939 calls
  qp-adapt      4/4       6.23/12.78/13.26         1046       18    13.35   0.0243    41%     0.0007      0/3102         0     0.0025       0
      primary samples 6, productive 6 (100.0%), vertices/sample 3.333
      qp 259.0 rows/call, 95% of calls reached the solver, 3278 calls
  qp-free       4/4      35.56/54.04/122.82        7123       27    17.16   0.0043     0%     0.0069      0/5792         0     0.0025       0
      primary samples 45, productive 16 (35.6%), vertices/sample 0.731
  free-env      4/4       4.22/8.67/16.14          445       22    16.32   0.0761    94%     0.0002      0/2905         0     0.0004       0
      primary samples 53, productive 15 (28.3%), vertices/sample 0.667
  qp-env        4/4       4.15/7.29/10.02          560       17    13.37   0.0446    35%     0.0006      0/2822         0     0.0025       0
      primary samples 6, productive 6 (100.0%), vertices/sample 3.333
      qp 255.0 rows/call, 96% of calls reached the solver, 1977 calls
  vamp-rrtc     4/4       0.04/0.27/1.14          4973       27    11.76        -      -     0.0004      0/2248         0     0.0025       0
      primary samples 0, productive 0 (0.0%), vertices/sample 0.000

cage  (4 problems, 0 skipped: 0 clearance, 0 self-collision)
  rrtconnect    4/4      29.07/223.64/573.15       56211      301    25.07        -      -     0.0002      0/4357         0     0.0025       0
      primary samples 1594, productive 297 (18.6%), vertices/sample 0.234
  qp-fixed      4/4     267.29/316.69/759.97       23175      113    32.19   0.0090     0%     0.0001      0/9217         0     0.0001       0
      primary samples 97, productive 69 (71.1%), vertices/sample 1.207
      qp 274.8 rows/call, 88% of calls reached the solver, 122604 calls
  qp-plain      4/4     279.11/326.91/790.73       23175      113    32.19   0.0090     0%     0.0001      0/9217         0     0.0001       0
      primary samples 97, productive 69 (71.1%), vertices/sample 1.207
      qp 342.0 rows/call, 100% of calls reached the solver, 122604 calls
  qp-adapt      4/4     170.34/201.29/514.64       15163      111    32.25   0.0136    24%     0.0001      0/7787         0     0.0001       0
      primary samples 97, productive 69 (71.1%), vertices/sample 1.184
      qp 273.5 rows/call, 98% of calls reached the solver, 82705 calls
  qp-free       4/4    1367.29/2222.18/2994.63     287177      646    28.69   0.0038     0%     0.0010      0/10274        0     0.0020       0
      primary samples 2195, productive 627 (28.6%), vertices/sample 0.295
  free-env      4/4     287.53/582.99/707.91       30864     1257    33.95   0.0655    92%     0.0001      0/6629         0     0.0002       0
      primary samples 4744, productive 1224 (25.8%), vertices/sample 0.283
  qp-env        4/4     113.87/165.60/430.64       11788      114    32.38   0.0196    20%     0.0000      0/6745         0     0.0001       0
      primary samples 97, productive 69 (71.1%), vertices/sample 1.337
      qp 270.9 rows/call, 99% of calls reached the solver, 60202 calls
  vamp-rrtc     4/4       0.50/4.79/17.12        90845      308    25.07        -      -     0.0002      0/4357         0     0.0025       0
      primary samples 0, productive 0 (0.0%), vertices/sample 0.000

table_pick  (5 problems, 0 skipped: 0 clearance, 0 self-collision)
  rrtconnect    5/5       4.95/8.40/56.69         1499       10    10.50        -      -     0.0007      0/2998         0     0.0025       0
      primary samples 16, productive 6 (37.5%), vertices/sample 0.625
  qp-fixed      5/5       9.69/10.50/30.31          682        7     8.18   0.0119     0%     0.0001      0/3777         0     0.0025       0
      primary samples 1, productive 1 (100.0%), vertices/sample 7.000
      qp 231.9 rows/call, 34% of calls reached the solver, 4468 calls
  qp-plain      5/5      10.56/11.24/31.71          682        7     8.18   0.0119     0%     0.0001      0/3777         0     0.0025       0
      primary samples 1, productive 1 (100.0%), vertices/sample 7.000
      qp 342.0 rows/call, 100% of calls reached the solver, 4468 calls
  qp-adapt      5/5       0.71/2.04/10.74          145        7     8.18   0.0503    61%     0.0001      0/2824         0     0.0025       0
      primary samples 1, productive 1 (100.0%), vertices/sample 7.000
      qp 259.2 rows/call, 81% of calls reached the solver, 1256 calls
  qp-free       5/5      11.70/23.22/395.53        2406       13    12.65   0.0078     0%     0.0023      0/4732         0     0.0025       0
      primary samples 16, productive 8 (50.0%), vertices/sample 0.812
  free-env      5/5       1.33/3.91/54.90          148       13    13.03   0.1328    97%     0.0029      0/3615         0     0.0005       0
      primary samples 16, productive 8 (50.0%), vertices/sample 0.812
  qp-env        5/5       0.43/0.95/9.42            60        7     8.18   0.1215    57%     0.0001      0/2640         0     0.0025       0
      primary samples 1, productive 1 (100.0%), vertices/sample 7.000
      qp 261.9 rows/call, 80% of calls reached the solver, 815 calls
  vamp-rrtc     5/5       0.05/0.11/2.28          1318       10    10.50        -      -     0.0006      0/3202         0     0.0010       0
      primary samples 0, productive 0 (0.0%), vertices/sample 0.000

table_under_pick  (4 problems, 0 skipped: 0 clearance, 0 self-collision)
  rrtconnect    4/4       6.62/15.67/19.11         2774       16    12.58        -      -     0.0004      0/2453         0     0.0025       0
      primary samples 55, productive 12 (21.8%), vertices/sample 0.600
  qp-fixed      4/4      16.87/51.80/164.35        2770       20    16.22   0.0105     0%     0.0002      0/5198         0     0.0001       0
      primary samples 9, productive 9 (100.0%), vertices/sample 4.500
      qp 268.8 rows/call, 85% of calls reached the solver, 14552 calls
  qp-plain      4/4      17.54/52.27/172.67        2770       20    16.22   0.0105     0%     0.0002      0/5198         0     0.0001       0
      primary samples 9, productive 9 (100.0%), vertices/sample 4.500
      qp 342.0 rows/call, 100% of calls reached the solver, 14552 calls
  qp-adapt      4/4       7.18/25.03/91.20         1535       20    16.23   0.0189    40%     0.0002      0/4322         0     0.0001       0
      primary samples 9, productive 9 (100.0%), vertices/sample 4.500
      qp 263.4 rows/call, 96% of calls reached the solver, 8476 calls
  qp-free       4/4      12.39/78.21/107.88        7879       31    14.04   0.0064     0%     0.0024      0/4846         0     0.0023       0
      primary samples 46, productive 17 (37.0%), vertices/sample 0.674
  free-env      4/4       3.72/12.63/18.28          503       27    14.31   0.1387    95%     0.0000      0/2907         0     0.0000       0
      primary samples 56, productive 21 (37.5%), vertices/sample 0.523
  qp-env        4/4       3.33/16.32/62.26          924       20    16.28   0.0314    35%     0.0001      0/3732         0     0.0003       0
      primary samples 9, productive 9 (100.0%), vertices/sample 4.500
      qp 268.9 rows/call, 97% of calls reached the solver, 5185 calls
  vamp-rrtc     4/4       0.05/0.18/0.25          4017       17    14.62        -      -     0.0023      0/2667         0     0.0013       0
      primary samples 0, productive 0 (0.0%), vertices/sample 0.000

Hop disposition -- what set the hop's length, median over problems.
  row         floored(<1 step)    at region   edge-limited
  qp-fixed            100.0%         0.0%           0.0%
  qp-plain            100.0%         0.0%           0.0%
  qp-adapt             68.8%        29.9%           1.4%
  qp-free             100.0%         0.0%           0.0%
  free-env              3.5%        82.9%          12.8%
  qp-env               71.0%        26.8%           2.3%

Endpoint clearance at zero margin -- min(start, goal) over all spheres.
  scene                     min    median       max affordable   problems by margin
  bookshelf_small        0.0052    0.0077    0.0097    0.0052   0:100% 0.02:  0% 0.04:  0% 0.06:  0% 0.09:  0%
  bookshelf_tall         0.0043    0.0059    0.0087    0.0043   0:100% 0.02:  0% 0.04:  0% 0.06:  0% 0.09:  0%
  bookshelf_thin         0.0039    0.0059    0.0072    0.0039   0:100% 0.02:  0% 0.04:  0% 0.06:  0% 0.09:  0%
  box                    0.0127    0.0127    0.0127    0.0127   0:100% 0.02:  0% 0.04:  0% 0.06:  0% 0.09:  0%
  cage                   0.0127    0.0127    0.0127    0.0127   0:100% 0.02:  0% 0.04:  0% 0.06:  0% 0.09:  0%
  table_pick             0.0076    0.0078    0.0082    0.0076   0:100% 0.02:  0% 0.04:  0% 0.06:  0% 0.09:  0%
  table_under_pick       0.0079    0.0081    0.0082    0.0079   0:100% 0.02:  0% 0.04:  0% 0.06:  0% 0.09:  0%

all scenes  (29 problems, 0 skipped: 0 clearance, 0 self-collision)
  rrtconnect   29/29      2.39/19.67/573.15        4056       22    14.94        -      -     0.0002      0/21366        0     0.0025       0
      primary samples 69, productive 18 (26.1%), vertices/sample 0.309
  qp-fixed     29/29      7.36/22.93/759.97        1125       12     9.93   0.0113     0%     0.0001      0/31724        0     0.0001       0
      primary samples 3, productive 3 (100.0%), vertices/sample 3.714
      qp 268.8 rows/call, 71% of calls reached the solver, 167489 calls
  qp-plain     29/29      7.93/23.70/790.73        1125       12     9.93   0.0113     0%     0.0001      0/31724        0     0.0001       0
      primary samples 3, productive 3 (100.0%), vertices/sample 3.714
      qp 342.0 rows/call, 100% of calls reached the solver, 167489 calls
  qp-adapt     29/29      0.71/11.21/514.64         633       12     9.94   0.0233    31%     0.0001      0/25939        0     0.0001       0
      primary samples 3, productive 3 (100.0%), vertices/sample 3.333
      qp 273.5 rows/call, 92% of calls reached the solver, 106808 calls
  qp-free      29/29      6.79/122.82/2994.63      10319       38    13.61   0.0049     0%     0.0004      0/42112        0     0.0004       0
      primary samples 68, productive 27 (39.7%), vertices/sample 0.485
  free-env     29/29      0.77/16.14/707.91         683       40    14.31   0.0824    94%     0.0000      0/26316        0     0.0000       0
      primary samples 67, productive 28 (41.8%), vertices/sample 0.482
  qp-env       29/29      0.43/6.88/430.64         373       12    10.49   0.0421    29%     0.0000      0/23185        0     0.0000       0
      primary samples 3, productive 3 (100.0%), vertices/sample 3.500
      qp 270.9 rows/call, 95% of calls reached the solver, 75472 calls
  vamp-rrtc    29/29      0.04/0.26/17.12         4376       23    14.62        -      -    -0.0002      3/20775        0     0.0003       0
      primary samples 0, productive 0 (0.0%), vertices/sample 0.000

"samples" is checked configurations for isSafe, barrier evaluations for
the three CBF rows, and SIMD configuration lanes evaluated for VAMP. They measure
sampling work, while wall time captures the very different per-sample costs.
"unsafe/audited" evaluates exact primitive clearance at every state of the
densified solution -- for each CBF row that is the rollout the planner recorded
for each edge, replayed, so it is the motion that would actually be executed,
sampled inside each step rather than only at its boundaries. Non-zero unsafe
invalidates a row however fast it was.
"missed" counts solution edges that were not on file and had to be
re-derived; it must be zero, or the audited motion is a different trajectory
from the one the planner found.


envelope hop: 15405 filter calls, 1.253 hold queries/call, 18.6% saturated, 100.0% longer than L1, past one step 93.1% (L1 alone 53.7%), gated 79.6%, empty-active 0.0%, screen-escalated 2.1%
envelope bottleneck: world 97.0%, self-collision 2.9%, unbound 0.1% (horizon or screen clip), blocked 0.0%, joint-limit clamped 0.0%
envelope binding term:
  world rows       L1 0.0%, local-L1 0.6%, speed-capped 5.4%, isotropic-anchored 94.0% (of 14941 bound calls)
  self-pair rows   L1 0.0%, local-L1 0.0%, speed-capped 0.0%, normal-anchored 100.0% (of 447 bound calls)
local-lever screen: 500399 of 828793 expensive world rows settled before the envelope (60.4%)
span handed to the rollout, in controller steps (75471 calls):
                   <1      1-2      2-4      4-8       8+
  L1 only      89.05%     5.55%     3.02%     1.31%     1.08%
  envelope     80.99%     4.07%     5.71%     4.65%     4.58%
=== CBF profiler (wall time) ===
=== CBF filter stats ===
  calls=0  unchanged=0 (0.0%)  filtered=0 (0.0%)  blocked=0 (0.0%)
  active rows:       avg=0.00  max=0
  zero-row fast path: 0 (0.0%)
  qp iterations:     avg=0.00  max=0
  certified duration: avg=0.00000s  min=0.00000s  max=0.00000s  (over 0 non-blocked calls)
  required gain:     avg=0.000/s  max=0.000/s  p50=0.000/s  p90=0.000/s  p99=0.000/s  (over 0 calls, 0 uncertified)
