
MotionBenchMaker UR5, 689 problems loaded, up to 100 per scene
voxel 0.003 m, margin 0.0000 m + 0.0000 m filter buffer, stepSize 0.001 s, range 2.00 rad, 10.0 s limit

hop certificates: old L1 Lipschitz region and new hold-time bound
Picard: off; trajectory prefixes: 0; sequential rollout budget: 10000 calls
kappa 20.00 /s, certified step uncapped, self-collision margin 0.0000 m over 303 pairs
baseline segment: 0.000650 of extent = 0.0100 rad, rollout step 0.0100 rad (matched to the rollout)
rope shortcut off, all rows unsimplified

seed 1
  planner       solved ms(min/med/max)        samples vertices     path rad/call coarse  worst clr unsafe/audited missed worst self collide

bookshelf_small  (14 problems, 0 skipped: 0 clearance, 0 self-collision)
  free-env      7/14      1.11/10000.01/10000.10     547348    29061    12.39   0.0576    84%     0.0002      0/4353         0     0.0025       0
      primary samples 188767, productive 29058 (15.4%), vertices/sample 0.283

bookshelf_tall  (13 problems, 0 skipped: 0 clearance, 0 self-collision)
  free-env      3/13      3.00/10000.03/10000.18     601969    41130    15.54   0.0548    57%     0.0019      0/2394         0     0.0025       0
      primary samples 300173, productive 41128 (13.7%), vertices/sample 0.142

bookshelf_thin  (14 problems, 0 skipped: 0 clearance, 0 self-collision)
  free-env     10/14      0.75/14.02/10000.13       1450       45    13.79   0.0628    95%     0.0014      0/7369         0     0.0025       0
      primary samples 144, productive 37 (25.7%), vertices/sample 0.315

box  (14 problems, 0 skipped: 0 clearance, 0 self-collision)
  free-env     14/14      1.17/7.76/19.67          699       30    12.93   0.0686    96%     0.0012      0/9425         0     0.0025       0
      primary samples 56, productive 22 (39.3%), vertices/sample 0.630

cage  (14 problems, 0 skipped: 0 clearance, 0 self-collision)
  free-env     14/14     58.63/259.76/2666.51      25891      607    25.35   0.0400    93%     0.0002      0/18769        0     0.0012       0
      primary samples 3019, productive 566 (18.7%), vertices/sample 0.192

table_pick  (15 problems, 0 skipped: 0 clearance, 0 self-collision)
  free-env     15/15      0.80/2.66/22.63          246       16    10.63   0.0933    96%     0.0004      0/9896         0     0.0025       0
      primary samples 25, productive 11 (44.0%), vertices/sample 0.600

table_under_pick  (14 problems, 0 skipped: 0 clearance, 0 self-collision)
  free-env     10/14      1.43/7.40/10000.05        724       24    12.54   0.0590    97%     0.0004      0/6177         0     0.0025       0
      primary samples 70, productive 17 (24.3%), vertices/sample 0.375

Hop disposition -- what set the hop's length, median over problems.
  row         floored(<1 step)    at region   edge-limited
  free-env              1.5%        88.0%           8.0%

Endpoint clearance at zero margin -- min(start, goal) over all spheres.
  scene                     min    median       max affordable   problems by margin
  bookshelf_small       -0.0240    0.0057    0.0090   -0.0240   0: 64% 0.02:  0% 0.04:  0% 0.06:  0% 0.09:  0%
  bookshelf_tall        -0.0243   -0.0116    0.0073   -0.0243   0: 38% 0.02:  0% 0.04:  0% 0.06:  0% 0.09:  0%
  bookshelf_thin        -0.0215    0.0051    0.0109   -0.0215   0: 79% 0.02:  0% 0.04:  0% 0.06:  0% 0.09:  0%
  box                    0.0082    0.0127    0.0127    0.0082   0:100% 0.02:  0% 0.04:  0% 0.06:  0% 0.09:  0%
  cage                   0.0099    0.0127    0.0127    0.0099   0:100% 0.02:  0% 0.04:  0% 0.06:  0% 0.09:  0%
  table_pick             0.0045    0.0079    0.0081    0.0045   0:100% 0.02:  0% 0.04:  0% 0.06:  0% 0.09:  0%
  table_under_pick      -0.0226    0.0080    0.0083   -0.0226   0: 79% 0.02:  0% 0.04:  0% 0.06:  0% 0.09:  0%

all scenes  (98 problems, 0 skipped: 0 clearance, 0 self-collision)
  free-env     73/98      0.75/13.48/10000.18       1333       45    13.32   0.0587    94%     0.0002      0/58383        0     0.0012       0
      primary samples 142, productive 37 (26.1%), vertices/sample 0.321

"samples" is checked configurations for isSafe, barrier evaluations for
the three CBF rows, and SIMD configuration lanes evaluated for VAMP. They measure
sampling work, while wall time captures the very different per-sample costs.
"unsafe/audited" evaluates exact primitive clearance at every state of the
densified solution -- for each CBF row that is the rollout the planner recorded
for each edge, replayed, so it is the motion that would actually be executed,
sampled inside each step rather than only at its boundaries. Non-zero unsafe
invalidates a row however fast it was.
"missed" counts solution edges that were not on file and had to be
re-derived; it must be zero, or the audited motion is a different trajectory
from the one the planner found.

=== CBF profiler (wall time) ===
=== CBF filter stats ===
  calls=0  unchanged=0 (0.0%)  filtered=0 (0.0%)  blocked=0 (0.0%)
  active rows:       avg=0.00  max=0
  zero-row fast path: 0 (0.0%)
  qp iterations:     avg=0.00  max=0
  certified duration: avg=0.00000s  min=0.00000s  max=0.00000s  (over 0 non-blocked calls)
  required gain:     avg=0.000/s  max=0.000/s  p50=0.000/s  p90=0.000/s  p99=0.000/s  (over 0 calls, 0 uncertified)
