
MotionBenchMaker UR5, 689 problems loaded, up to 100 per scene
voxel 0.003 m, margin 0.0000 m + 0.0000 m filter buffer, stepSize 0.001 s, range 2.00 rad, 10.0 s limit

hop certificates: old L1 Lipschitz region and new hold-time bound
Picard: off; trajectory prefixes: 0; sequential rollout budget: 10000 calls
kappa 20.00 /s, certified step uncapped, self-collision margin 0.0000 m over 302 pairs
baseline segment: 0.000650 of extent = 0.0100 rad, rollout step 0.0100 rad (matched to the rollout)
rope shortcut off, all rows unsimplified

seed 1
  planner       solved ms(min/med/max)        samples vertices     path rad/call coarse  worst clr unsafe/audited missed worst self collide

bookshelf_small  (4 problems, 0 skipped: 0 clearance, 0 self-collision)
  rrtconnect    4/4       2.89/106.10/233.21       27483      141    18.29        -      -     0.0040      0/3021         0     0.0009       0
      primary samples 827, productive 137 (16.6%), vertices/sample 0.170
  qp-fixed      4/4       6.99/33.52/82.74         2298       24    12.59   0.0126     0%     0.0001      0/4298         0     0.0000       0
      primary samples 6, productive 6 (100.0%), vertices/sample 4.500
      qp 284.4 rows/call, 83% of calls reached the solver, 9605 calls
  qp-plain      4/4       8.36/35.96/83.80         2298       24    12.59   0.0126     0%     0.0001      0/4298         0     0.0000       0
      primary samples 6, productive 6 (100.0%), vertices/sample 4.500
      qp 342.0 rows/call, 100% of calls reached the solver, 9605 calls
  qp-adapt      4/4       3.23/17.53/53.43         1309       29    12.65   0.0258    29%     0.0001      0/3573         0     0.0000       0
      primary samples 6, productive 6 (100.0%), vertices/sample 4.833
      qp 304.0 rows/call, 96% of calls reached the solver, 5747 calls
  qp-free       4/4       5.13/315.61/360.86       38150       88    21.14   0.0042     0%     0.0010      0/7395         0     0.0007       0
      primary samples 274, productive 75 (27.4%), vertices/sample 0.385
  free-env      4/4       0.51/36.89/57.83         1786       79    21.36   0.0808    96%     0.0001      0/3812         0     0.0025       0
      primary samples 274, productive 73 (26.6%), vertices/sample 0.350
  qp-env        4/4       2.32/8.19/48.38          463       24    12.66   0.0443    18%     0.0001      0/3216         0     0.0000       0
      primary samples 6, productive 6 (100.0%), vertices/sample 4.500
      qp 302.6 rows/call, 97% of calls reached the solver, 4055 calls
  vamp-rrtc     4/4       0.04/2.44/3.12         49423      211    22.59        -      -     0.0012      0/3678         0     0.0025       0
      primary samples 0, productive 0 (0.0%), vertices/sample 0.000

bookshelf_tall  (4 problems, 0 skipped: 0 clearance, 0 self-collision)
  rrtconnect    4/4       6.34/72.94/143.25        9603       49    15.09        -      -     0.0006      0/2726         0     0.0025       0
      primary samples 214, productive 45 (21.0%), vertices/sample 0.229
  qp-fixed      4/4      14.04/49.47/122.92        2319       19    12.14   0.0106     0%     0.0002      0/4228         0     0.0025       0
      primary samples 5, productive 5 (100.0%), vertices/sample 4.667
      qp 291.3 rows/call, 80% of calls reached the solver, 10016 calls
  qp-plain      4/4      13.70/50.26/126.74        2319       19    12.14   0.0106     0%     0.0002      0/4228         0     0.0025       0
      primary samples 5, productive 5 (100.0%), vertices/sample 4.667
      qp 342.0 rows/call, 100% of calls reached the solver, 10016 calls
  qp-adapt      4/4       1.82/23.19/76.02         1176       19    12.15   0.0209    50%     0.0002      0/3290         0     0.0025       0
      primary samples 5, productive 5 (100.0%), vertices/sample 4.667
      qp 299.1 rows/call, 96% of calls reached the solver, 5378 calls
  qp-free       4/4       8.13/139.89/345.83       11525       28    13.77   0.0080     0%     0.0026      0/4748         0     0.0025       0
      primary samples 88, productive 23 (26.1%), vertices/sample 1.000
  free-env      4/4       0.96/20.80/47.63          603       27    13.99   0.1494    97%     0.0002      0/2766         0     0.0002       0
      primary samples 88, productive 22 (25.0%), vertices/sample 1.000
  qp-env        4/4       0.72/8.48/13.09          377       18    11.66   0.0447    60%     0.0002      0/2493         0     0.0025       0
      primary samples 4, productive 4 (100.0%), vertices/sample 5.000
      qp 303.4 rows/call, 97% of calls reached the solver, 1388 calls
  vamp-rrtc     4/4       0.07/0.14/1.93          1109       12    12.56        -      -     0.0008      0/2066         0     0.0020       0
      primary samples 0, productive 0 (0.0%), vertices/sample 0.000

bookshelf_thin  (4 problems, 0 skipped: 0 clearance, 0 self-collision)
  rrtconnect    4/4      29.32/238.11/794.65       23157      117    19.50        -      -     0.0027      0/3428         0     0.0011       0
      primary samples 672, productive 114 (17.0%), vertices/sample 0.321
  qp-fixed      4/4      13.82/42.30/65.33         1514       16    12.33   0.0123     0%     0.0000      0/3996         0     0.0025       0
      primary samples 3, productive 3 (100.0%), vertices/sample 5.333
      qp 255.9 rows/call, 74% of calls reached the solver, 5486 calls
  qp-plain      4/4      14.96/43.40/66.40         1514       16    12.33   0.0123     0%     0.0000      0/3996         0     0.0025       0
      primary samples 3, productive 3 (100.0%), vertices/sample 5.333
      qp 342.0 rows/call, 100% of calls reached the solver, 5486 calls
  qp-adapt      4/4       5.32/31.28/36.10         1136       16    12.33   0.0212    20%     0.0000      0/3332         0     0.0025       0
      primary samples 3, productive 3 (100.0%), vertices/sample 5.333
      qp 264.2 rows/call, 97% of calls reached the solver, 3341 calls
  qp-free       4/4      54.53/234.71/451.53       16254       52    14.27   0.0064     0%     0.0034      0/4293         0     0.0025       0
      primary samples 142, productive 46 (32.4%), vertices/sample 0.667
  free-env      4/4       8.26/44.33/80.57         1009       67    14.49   0.1142    97%     0.0027      0/2905         0     0.0025       0
      primary samples 156, productive 50 (32.1%), vertices/sample 0.606
  qp-env        4/4       3.22/26.09/27.50          867       17    12.35   0.0322    21%     0.0000      0/2968         0     0.0025       0
      primary samples 3, productive 3 (100.0%), vertices/sample 5.667
      qp 260.9 rows/call, 97% of calls reached the solver, 2406 calls
  vamp-rrtc     4/4       0.18/4.38/11.35        41425      140    17.69        -      -     0.0027      0/3220         0     0.0011       0
      primary samples 0, productive 0 (0.0%), vertices/sample 0.000

box  (4 problems, 0 skipped: 0 clearance, 0 self-collision)
  rrtconnect    4/4       6.98/12.49/22.20         3160       18    13.68        -      -     0.0049      0/2636         0     0.0002       0
      primary samples 45, productive 14 (31.1%), vertices/sample 0.400
  qp-fixed      4/4       5.48/6.24/16.82          518        6     6.49   0.0136     0%     0.0019      0/2079         0     0.0025       0
      primary samples 1, productive 1 (100.0%), vertices/sample 6.000
      qp 274.8 rows/call, 51% of calls reached the solver, 2634 calls
  qp-plain      4/4       5.46/8.98/17.51          518        6     6.49   0.0136     0%     0.0019      0/2079         0     0.0025       0
      primary samples 1, productive 1 (100.0%), vertices/sample 6.000
      qp 342.0 rows/call, 100% of calls reached the solver, 2634 calls
  qp-adapt      4/4       1.05/3.34/5.62           182        6     6.49   0.0359    61%     0.0018      0/1558         0     0.0025       0
      primary samples 1, productive 1 (100.0%), vertices/sample 6.000
      qp 285.0 rows/call, 88% of calls reached the solver, 972 calls
  qp-free       4/4      25.35/61.78/70.67         7566       24    13.46   0.0052     0%     0.0031      0/5029         0     0.0025       0
      primary samples 44, productive 17 (38.6%), vertices/sample 0.818
  free-env      4/4       2.80/9.91/12.60          550       27    13.20   0.0797    96%     0.0004      0/2726         0     0.0001       0
      primary samples 58, productive 20 (34.5%), vertices/sample 0.621
  qp-env        4/4       0.49/1.43/2.92           105        6     6.49   0.0654    51%     0.0014      0/1417         0     0.0025       0
      primary samples 1, productive 1 (100.0%), vertices/sample 6.000
      qp 289.6 rows/call, 91% of calls reached the solver, 472 calls
  vamp-rrtc     4/4       0.14/0.28/0.31          3894       24    13.68        -      -     0.0027      0/2484         0     0.0000       0
      primary samples 0, productive 0 (0.0%), vertices/sample 0.000

cage  (4 problems, 0 skipped: 0 clearance, 0 self-collision)
  rrtconnect    4/4     229.67/1348.73/1472.15     349351     2371    21.25        -      -     0.0024      0/4189         0     0.0025       0
      primary samples 15426, productive 2367 (15.3%), vertices/sample 0.157
  qp-fixed      4/4     246.67/315.51/678.62       23906      117    24.33   0.0088     0%     0.0001      0/7994         0     0.0002       0
      primary samples 99, productive 67 (67.7%), vertices/sample 1.247
      qp 269.0 rows/call, 91% of calls reached the solver, 112194 calls
  qp-plain      4/4     249.75/327.16/719.12       23906      117    24.33   0.0088     0%     0.0001      0/7994         0     0.0002       0
      primary samples 99, productive 67 (67.7%), vertices/sample 1.247
      qp 342.0 rows/call, 100% of calls reached the solver, 112194 calls
  qp-adapt      4/4     133.77/192.62/461.63       15159      117    24.35   0.0138    30%     0.0000      0/6629         0     0.0002       0
      primary samples 99, productive 66 (66.7%), vertices/sample 1.247
      qp 271.8 rows/call, 98% of calls reached the solver, 73334 calls
  qp-free       4/4    2109.97/5659.02/7871.59     686908     1403    29.49   0.0034     0%     0.0013      0/12029        0     0.0016       0
      primary samples 5644, productive 1367 (24.2%), vertices/sample 0.267
  free-env      4/4     175.84/352.41/566.78       19027      717    26.82   0.0634    91%     0.0001      0/5135         0     0.0000       0
      primary samples 2805, productive 686 (24.5%), vertices/sample 0.260
  qp-env        4/4     107.39/161.94/372.65       11994      115    24.40   0.0189    25%     0.0000      0/6049         0     0.0002       0
      primary samples 99, productive 66 (66.7%), vertices/sample 1.237
      qp 270.3 rows/call, 99% of calls reached the solver, 56224 calls
  vamp-rrtc     4/4       6.06/17.38/36.99       282843      932    27.20        -      -     0.0014      0/4776         0     0.0000       0
      primary samples 0, productive 0 (0.0%), vertices/sample 0.000

table_pick  (4 problems, 0 skipped: 0 clearance, 0 self-collision)
  rrtconnect    4/4       4.49/15.94/17.43         2553       14    12.17        -      -     0.0004      0/2250         0     0.0025       0
      primary samples 21, productive 9 (42.9%), vertices/sample 0.667
  qp-fixed      4/4       9.15/11.01/11.68          636        7     8.26   0.0122     0%     0.0010      0/2541         0     0.0025       0
      primary samples 1, productive 1 (100.0%), vertices/sample 7.000
      qp 257.9 rows/call, 34% of calls reached the solver, 2537 calls
  qp-plain      4/4      10.24/11.81/12.88          636        7     8.26   0.0122     0%     0.0010      0/2541         0     0.0025       0
      primary samples 1, productive 1 (100.0%), vertices/sample 7.000
      qp 342.0 rows/call, 100% of calls reached the solver, 2537 calls
  qp-adapt      4/4       1.03/2.39/3.45           181        7     8.26   0.0820    67%     0.0010      0/1847         0     0.0025       0
      primary samples 1, productive 1 (100.0%), vertices/sample 7.000
      qp 291.6 rows/call, 85% of calls reached the solver, 561 calls
  qp-free       4/4      17.74/72.79/80.49         7078       24    10.61   0.0061     0%     0.0016      0/3573         0     0.0016       0
      primary samples 42, productive 18 (42.9%), vertices/sample 0.800
  free-env      4/4       3.56/11.76/13.07          424       24    10.67   0.0936    96%     0.0016      0/2155         0     0.0004       0
      primary samples 42, productive 16 (38.1%), vertices/sample 0.800
  qp-env        4/4       0.51/1.09/2.59            78        7     8.26   0.1880    97%     0.0010      0/1723         0     0.0025       0
      primary samples 1, productive 1 (100.0%), vertices/sample 7.000
      qp 290.4 rows/call, 86% of calls reached the solver, 302 calls
  vamp-rrtc     4/4       0.06/0.18/0.26          1559       14    12.87        -      -     0.0004      0/2285         0     0.0025       0
      primary samples 0, productive 0 (0.0%), vertices/sample 0.000

table_under_pick  (4 problems, 0 skipped: 0 clearance, 0 self-collision)
  rrtconnect    4/4       5.04/11.98/55.88         2129       12    11.52        -      -     0.0017      0/2471         0     0.0025       0
      primary samples 35, productive 9 (25.7%), vertices/sample 0.343
  qp-fixed      4/4      32.74/48.70/56.04         2612       22    11.14   0.0117     0%     0.0000      0/3518         0     0.0004       0
      primary samples 9, productive 8 (88.9%), vertices/sample 4.333
      qp 285.9 rows/call, 80% of calls reached the solver, 9854 calls
  qp-plain      4/4      33.99/49.59/55.88         2612       22    11.14   0.0117     0%     0.0000      0/3518         0     0.0004       0
      primary samples 9, productive 8 (88.9%), vertices/sample 4.333
      qp 342.0 rows/call, 100% of calls reached the solver, 9854 calls
  qp-adapt      4/4      10.94/28.04/34.15         1544       20    11.14   0.0247    42%     0.0000      0/3074         0     0.0004       0
      primary samples 9, productive 8 (88.9%), vertices/sample 4.000
      qp 285.5 rows/call, 96% of calls reached the solver, 5605 calls
  qp-free       4/4      48.39/122.86/292.56       11385       33    12.55   0.0044     0%     0.0002      0/5299         0     0.0004       0
      primary samples 74, productive 24 (32.4%), vertices/sample 0.446
  free-env      4/4      10.74/15.94/117.95         500       27    13.39   0.0829    95%     0.0001      0/3050         0     0.0000       0
      primary samples 90, productive 23 (25.6%), vertices/sample 0.393
  qp-env        4/4       4.45/18.06/28.59          968       20    11.26   0.0594    40%     0.0000      0/2800         0     0.0003       0
      primary samples 9, productive 8 (88.9%), vertices/sample 4.000
      qp 287.6 rows/call, 98% of calls reached the solver, 3342 calls
  vamp-rrtc     4/4       0.07/0.12/0.77          2191       11    11.52        -      -     0.0017      0/2265         0     0.0003       0
      primary samples 0, productive 0 (0.0%), vertices/sample 0.000

Hop disposition -- what set the hop's length, median over problems.
  row         floored(<1 step)    at region   edge-limited
  qp-fixed            100.0%         0.0%           0.0%
  qp-plain            100.0%         0.0%           0.0%
  qp-adapt             69.3%        30.2%           1.4%
  qp-free             100.0%         0.0%           0.0%
  free-env              1.8%        83.9%          14.2%
  qp-env               71.0%        26.7%           2.9%

Endpoint clearance at zero margin -- min(start, goal) over all spheres.
  scene                     min    median       max affordable   problems by margin
  bookshelf_small        0.0057    0.0100    0.0106    0.0057   0:100% 0.02:  0% 0.04:  0% 0.06:  0% 0.09:  0%
  bookshelf_tall         0.0050    0.0063    0.0074    0.0050   0:100% 0.02:  0% 0.04:  0% 0.06:  0% 0.09:  0%
  bookshelf_thin         0.0034    0.0059    0.0063    0.0034   0:100% 0.02:  0% 0.04:  0% 0.06:  0% 0.09:  0%
  box                    0.0127    0.0127    0.0127    0.0127   0:100% 0.02:  0% 0.04:  0% 0.06:  0% 0.09:  0%
  cage                   0.0127    0.0127    0.0127    0.0127   0:100% 0.02:  0% 0.04:  0% 0.06:  0% 0.09:  0%
  table_pick             0.0077    0.0080    0.0082    0.0077   0:100% 0.02:  0% 0.04:  0% 0.06:  0% 0.09:  0%
  table_under_pick       0.0023    0.0076    0.0081    0.0023   0:100% 0.02:  0% 0.04:  0% 0.06:  0% 0.09:  0%

all scenes  (28 problems, 0 skipped: 0 clearance, 0 self-collision)
  rrtconnect   28/28      2.89/34.50/1472.15       5750       31    15.09        -      -     0.0004      0/20721        0     0.0002       0
      primary samples 90, productive 26 (28.9%), vertices/sample 0.312
  qp-fixed     28/28      5.48/32.74/678.62        1514       15    11.14   0.0117     0%     0.0000      0/28654        0     0.0000       0
      primary samples 3, productive 3 (100.0%), vertices/sample 4.500
      qp 272.8 rows/call, 74% of calls reached the solver, 152326 calls
  qp-plain     28/28      5.46/33.99/719.12        1514       15    11.14   0.0117     0%     0.0000      0/28654        0     0.0000       0
      primary samples 3, productive 3 (100.0%), vertices/sample 4.500
      qp 342.0 rows/call, 100% of calls reached the solver, 152326 calls
  qp-adapt     28/28      1.03/14.29/461.63         724       15    11.14   0.0247    31%     0.0000      0/23303        0     0.0000       0
      primary samples 3, productive 3 (100.0%), vertices/sample 4.500
      qp 279.4 rows/call, 94% of calls reached the solver, 94938 calls
  qp-free      28/28      5.13/80.49/7871.59       8535       28    13.77   0.0048     0%     0.0002      0/42366        0     0.0004       0
      primary samples 61, productive 22 (36.1%), vertices/sample 0.446
  free-env     28/28      0.51/13.07/566.78         550       27    13.60   0.0799    96%     0.0001      0/22549        0     0.0000       0
      primary samples 66, productive 22 (33.3%), vertices/sample 0.444
  qp-env       28/28      0.49/8.19/372.65         377       15    11.26   0.0447    29%     0.0000      0/20666        0     0.0000       0
      primary samples 3, productive 3 (100.0%), vertices/sample 4.500
      qp 285.5 rows/call, 93% of calls reached the solver, 68189 calls
  vamp-rrtc    28/28      0.04/0.26/36.99         3048       20    13.90        -      -     0.0004      0/20774        0     0.0000       0
      primary samples 0, productive 0 (0.0%), vertices/sample 0.000

"samples" is checked configurations for isSafe, barrier evaluations for
the three CBF rows, and SIMD configuration lanes evaluated for VAMP. They measure
sampling work, while wall time captures the very different per-sample costs.
"unsafe/audited" evaluates exact primitive clearance at every state of the
densified solution -- for each CBF row that is the rollout the planner recorded
for each edge, replayed, so it is the motion that would actually be executed,
sampled inside each step rather than only at its boundaries. Non-zero unsafe
invalidates a row however fast it was.
"missed" counts solution edges that were not on file and had to be
re-derived; it must be zero, or the audited motion is a different trajectory
from the one the planner found.


envelope hop: 16330 filter calls, 1.191 hold queries/call, 14.8% saturated, 100.0% longer than L1, past one step 89.4% (L1 alone 53.7%), gated 76.1%, empty-active 0.0%, screen-escalated 1.5%
envelope bottleneck: world 97.4%, self-collision 2.5%, unbound 0.1% (horizon or screen clip), blocked 0.0%, joint-limit clamped 0.0%
envelope binding term:
  world rows       L1 0.0%, local-L1 0.5%, speed-capped 8.6%, isotropic-anchored 90.9% (of 15908 bound calls)
  self-pair rows   L1 0.0%, local-L1 0.0%, speed-capped 0.0%, normal-anchored 100.0% (of 401 bound calls)
local-lever screen: 365422 of 611184 expensive world rows settled before the envelope (59.8%)
span handed to the rollout, in controller steps (68188 calls):
                   <1      1-2      2-4      4-8       8+
  L1 only      87.14%     6.83%     3.44%     1.49%     1.09%
  envelope     78.59%     5.88%     6.42%     4.45%     4.66%
=== CBF profiler (wall time) ===
=== CBF filter stats ===
  calls=0  unchanged=0 (0.0%)  filtered=0 (0.0%)  blocked=0 (0.0%)
  active rows:       avg=0.00  max=0
  zero-row fast path: 0 (0.0%)
  qp iterations:     avg=0.00  max=0
  certified duration: avg=0.00000s  min=0.00000s  max=0.00000s  (over 0 non-blocked calls)
  required gain:     avg=0.000/s  max=0.000/s  p50=0.000/s  p90=0.000/s  p99=0.000/s  (over 0 calls, 0 uncertified)
