
MotionBenchMaker UR5, 689 problems loaded, up to 100 per scene
voxel 0.003 m, margin 0.0000 m + 0.0000 m filter buffer, stepSize 0.001 s, range 2.00 rad, 10.0 s limit

hop certificates: old L1 Lipschitz region and new hold-time bound
Picard: off; trajectory prefixes: 0; sequential rollout budget: 10000 calls
kappa 20.00 /s, certified step uncapped, self-collision margin 0.0000 m over 302 pairs
baseline segment: 0.000650 of extent = 0.0100 rad, rollout step 0.0100 rad (matched to the rollout)
rope shortcut off, all rows unsimplified

seed 1
  planner       solved ms(min/med/max)        samples vertices     path rad/call coarse  worst clr unsafe/audited missed worst self collide

bookshelf_small  (4 problems, 0 skipped: 0 clearance, 0 self-collision)
  rrtconnect    4/4       9.89/29.37/84.79        11557       58    16.08        -      -     0.0044      0/3209         0     0.0025       0
      primary samples 258, productive 54 (20.9%), vertices/sample 0.321
  qp-fixed      4/4       6.09/11.08/13.47         1311       11    10.92   0.0115     0%     0.0004      0/3476         0     0.0025       0
      primary samples 3, productive 3 (100.0%), vertices/sample 7.000
      qp 267.9 rows/call, 56% of calls reached the solver, 4839 calls
  qp-plain      4/4       6.42/13.04/14.88         1311       11    10.92   0.0115     0%     0.0004      0/3476         0     0.0025       0
      primary samples 3, productive 3 (100.0%), vertices/sample 7.000
      qp 342.0 rows/call, 100% of calls reached the solver, 4839 calls
  qp-adapt      4/4       3.67/5.45/5.90           614       11    10.92   0.0214    23%     0.0004      0/2816         0     0.0025       0
      primary samples 3, productive 3 (100.0%), vertices/sample 7.000
      qp 278.7 rows/call, 91% of calls reached the solver, 2294 calls
  qp-free       4/4      52.36/78.11/168.24       15196       49    17.12   0.0053     0%     0.0044      0/5512         0     0.0015       0
      primary samples 105, productive 40 (38.1%), vertices/sample 0.466
  free-env      4/4       5.94/10.90/20.43          859       49    16.48   0.0912    95%     0.0004      0/3080         0     0.0025       0
      primary samples 105, productive 41 (39.0%), vertices/sample 0.438
  qp-env        4/4       2.67/4.30/4.99           442       11    10.93   0.0391    22%     0.0004      0/2527         0     0.0025       0
      primary samples 3, productive 3 (100.0%), vertices/sample 6.000
      qp 280.9 rows/call, 94% of calls reached the solver, 1501 calls
  vamp-rrtc     4/4       0.09/0.36/1.39         16477       71    17.91        -      -     0.0044      0/3287         0     0.0025       0
      primary samples 0, productive 0 (0.0%), vertices/sample 0.000

bookshelf_tall  (4 problems, 0 skipped: 0 clearance, 0 self-collision)
  rrtconnect    4/4      14.76/59.07/245.99       12370       65    19.86        -      -     0.0008      0/3592         0     0.0001       0
      primary samples 383, productive 61 (15.9%), vertices/sample 0.197
  qp-fixed      4/4       9.03/15.12/20.33         1143       17    10.85   0.0117     0%     0.0009      0/3279         0     0.0001       0
      primary samples 4, productive 3 (75.0%), vertices/sample 5.250
      qp 293.6 rows/call, 89% of calls reached the solver, 4296 calls
  qp-plain      4/4       9.04/15.41/20.48         1143       17    10.85   0.0117     0%     0.0009      0/3279         0     0.0001       0
      primary samples 4, productive 3 (75.0%), vertices/sample 5.250
      qp 342.0 rows/call, 100% of calls reached the solver, 4296 calls
  qp-adapt      4/4       4.87/5.71/9.44           454       15    10.85   0.0289    47%     0.0009      0/2572         0     0.0001       0
      primary samples 4, productive 3 (75.0%), vertices/sample 5.500
      qp 306.7 rows/call, 98% of calls reached the solver, 2015 calls
  qp-free       4/4      39.09/181.28/217.34       24738       60    16.89   0.0051     0%     0.0019      0/6197         0     0.0001       0
      primary samples 186, productive 50 (26.9%), vertices/sample 0.632
  free-env      4/4       1.64/22.58/32.17         1059       51    14.21   0.0843    97%     0.0003      0/2967         0     0.0001       0
      primary samples 179, productive 45 (25.1%), vertices/sample 0.658
  qp-env        4/4       2.86/6.68/34.90          521       23    12.28   0.0375    48%     0.0000      0/2702         0     0.0001       0
      primary samples 5, productive 5 (100.0%), vertices/sample 5.000
      qp 304.7 rows/call, 98% of calls reached the solver, 3399 calls
  vamp-rrtc     4/4       0.13/0.58/0.61         15297       71    13.64        -      -     0.0001      0/2830         0     0.0001       0
      primary samples 0, productive 0 (0.0%), vertices/sample 0.000

bookshelf_thin  (4 problems, 0 skipped: 0 clearance, 0 self-collision)
  rrtconnect    4/4      11.57/87.80/113.71       13158       65    15.94        -      -     0.0014      0/2853         0     0.0025       0
      primary samples 241, productive 61 (25.3%), vertices/sample 0.270
  qp-fixed      4/4       6.01/16.20/43.81         1007       12    10.30   0.0120     0%     0.0004      0/3257         0     0.0025       0
      primary samples 2, productive 2 (100.0%), vertices/sample 4.500
      qp 276.2 rows/call, 56% of calls reached the solver, 4930 calls
  qp-plain      4/4       6.15/16.79/44.39         1007       12    10.30   0.0120     0%     0.0004      0/3257         0     0.0025       0
      primary samples 2, productive 2 (100.0%), vertices/sample 4.500
      qp 342.0 rows/call, 100% of calls reached the solver, 4930 calls
  qp-adapt      4/4       1.11/6.91/24.98          419       12    10.34   0.0461    54%     0.0004      0/2488         0     0.0025       0
      primary samples 2, productive 2 (100.0%), vertices/sample 4.500
      qp 289.6 rows/call, 91% of calls reached the solver, 2420 calls
  qp-free       4/4      52.91/74.14/325.47        8399       30    15.12   0.0054     0%     0.0006      0/4642         0     0.0025       0
      primary samples 68, productive 25 (36.8%), vertices/sample 0.421
  free-env      4/4       9.90/12.81/70.19          466       31    15.76   0.0737    96%     0.0003      0/2833         0     0.0000       0
      primary samples 68, productive 26 (38.2%), vertices/sample 0.395
  qp-env        4/4       0.65/5.65/16.94          315       14    10.32   0.1186    48%     0.0004      0/2234         0     0.0025       0
      primary samples 2, productive 2 (100.0%), vertices/sample 4.500
      qp 282.6 rows/call, 96% of calls reached the solver, 1532 calls
  vamp-rrtc     4/4       0.08/0.70/1.12         18838       71    11.55        -      -     0.0014      0/2453         0     0.0025       0
      primary samples 0, productive 0 (0.0%), vertices/sample 0.000

box  (5 problems, 0 skipped: 0 clearance, 0 self-collision)
  rrtconnect    5/5       2.13/4.66/16.61         1839       11     9.82        -      -     0.0066      0/2427         0     0.0025       0
      primary samples 24, productive 7 (29.2%), vertices/sample 0.458
  qp-fixed      5/5       2.90/4.87/56.85          599        8     7.65   0.0128     0%     0.0005      0/3811         0     0.0025       0
      primary samples 1, productive 1 (100.0%), vertices/sample 6.000
      qp 260.1 rows/call, 83% of calls reached the solver, 9079 calls
  qp-plain      5/5       3.04/5.33/57.41          599        8     7.65   0.0128     0%     0.0005      0/3811         0     0.0025       0
      primary samples 1, productive 1 (100.0%), vertices/sample 6.000
      qp 342.0 rows/call, 100% of calls reached the solver, 9079 calls
  qp-adapt      5/5       0.90/1.23/32.41          158       11     7.65   0.0335    77%     0.0005      0/2950         0     0.0025       0
      primary samples 1, productive 1 (100.0%), vertices/sample 6.000
      qp 279.6 rows/call, 92% of calls reached the solver, 4601 calls
  qp-free       5/5      11.19/45.22/87.69         8993       24    14.27   0.0051     0%     0.0012      0/7120         0     0.0025       0
      primary samples 58, productive 17 (29.3%), vertices/sample 0.565
  free-env      5/5       1.49/7.13/10.12          560       34    12.85   0.0957    95%     0.0002      0/3910         0     0.0025       0
      primary samples 62, productive 25 (40.3%), vertices/sample 0.523
  qp-env        5/5       0.39/0.57/25.90           68       11     7.64   0.0781    73%     0.0005      0/2740         0     0.0025       0
      primary samples 1, productive 1 (100.0%), vertices/sample 6.000
      qp 280.5 rows/call, 93% of calls reached the solver, 3143 calls
  vamp-rrtc     5/5       0.03/0.06/0.12          1822       13     9.15        -      -    -0.0006      1/2243         0     0.0025       0
      primary samples 0, productive 0 (0.0%), vertices/sample 0.000

cage  (4 problems, 0 skipped: 0 clearance, 0 self-collision)
  rrtconnect    4/4      96.23/494.30/1844.69     176467     1081    23.35        -      -     0.0016      0/4478         0     0.0008       0
      primary samples 7852, productive 1078 (13.7%), vertices/sample 0.153
  qp-fixed      4/4      20.13/327.22/432.42       34051      152    23.26   0.0089     0%     0.0000      0/6302         0     0.0001       0
      primary samples 145, productive 94 (64.8%), vertices/sample 1.511
      qp 277.4 rows/call, 92% of calls reached the solver, 93359 calls
  qp-plain      4/4      21.02/338.60/445.18       34051      152    23.26   0.0089     0%     0.0000      0/6302         0     0.0001       0
      primary samples 145, productive 94 (64.8%), vertices/sample 1.511
      qp 342.0 rows/call, 100% of calls reached the solver, 93359 calls
  qp-adapt      4/4       9.19/212.13/296.96       22114      152    23.27   0.0144    33%     0.0000      0/5465         0     0.0001       0
      primary samples 145, productive 94 (64.8%), vertices/sample 1.511
      qp 278.6 rows/call, 98% of calls reached the solver, 61843 calls
  qp-free       4/4     547.60/1660.20/1799.75     304082      610    23.00   0.0034     0%     0.0030      0/8482         0     0.0019       0
      primary samples 2320, productive 580 (25.0%), vertices/sample 0.271
  free-env      4/4      79.43/391.51/470.86       28102     1066    25.93   0.0564    92%     0.0004      0/4702         0     0.0001       0
      primary samples 4552, productive 1030 (22.6%), vertices/sample 0.235
  qp-env        4/4       7.04/182.22/239.73       17798      152    22.63   0.0191    35%     0.0000      0/4869         0     0.0001       0
      primary samples 145, productive 95 (65.5%), vertices/sample 1.489
      qp 278.4 rows/call, 99% of calls reached the solver, 47672 calls
  vamp-rrtc     4/4       1.61/11.07/15.24       297378      893    20.45        -      -     0.0022      0/3941         0     0.0023       0
      primary samples 0, productive 0 (0.0%), vertices/sample 0.000

table_pick  (4 problems, 0 skipped: 0 clearance, 0 self-collision)
  rrtconnect    4/4       3.38/5.28/5.40          1417        9    10.18        -      -     0.0010      0/1984         0     0.0025       0
      primary samples 8, productive 4 (50.0%), vertices/sample 1.000
  qp-fixed      4/4       6.26/8.37/10.11          761        7     9.02   0.0127     0%     0.0045      0/2535         0     0.0025       0
      primary samples 2, productive 2 (100.0%), vertices/sample 7.000
      qp 260.4 rows/call, 38% of calls reached the solver, 3102 calls
  qp-plain      4/4       6.80/8.95/10.69          761        7     9.02   0.0127     0%     0.0045      0/2535         0     0.0025       0
      primary samples 2, productive 2 (100.0%), vertices/sample 7.000
      qp 342.0 rows/call, 100% of calls reached the solver, 3102 calls
  qp-adapt      4/4       0.68/2.71/4.02           290        7     9.03   0.0685    59%     0.0045      0/1785         0     0.0025       0
      primary samples 2, productive 2 (100.0%), vertices/sample 7.000
      qp 268.7 rows/call, 78% of calls reached the solver, 836 calls
  qp-free       4/4       8.73/9.60/10.02         1520       10     9.46   0.0086     0%     0.0010      0/3377         0     0.0025       0
      primary samples 8, productive 5 (62.5%), vertices/sample 1.250
  free-env      4/4       1.36/1.41/1.68            89       10     9.47   0.1616    97%     0.0010      0/2133         0     0.0025       0
      primary samples 8, productive 5 (62.5%), vertices/sample 1.250
  qp-env        4/4       0.34/1.62/2.81           131        7     9.06   0.1784    72%     0.0046      0/1665         0     0.0025       0
      primary samples 2, productive 2 (100.0%), vertices/sample 7.000
      qp 268.5 rows/call, 80% of calls reached the solver, 429 calls
  vamp-rrtc     4/4       0.03/0.05/0.05           889        9    10.18        -      -     0.0010      0/2096         0     0.0025       0
      primary samples 0, productive 0 (0.0%), vertices/sample 0.000

table_under_pick  (4 problems, 0 skipped: 0 clearance, 0 self-collision)
  rrtconnect    4/4       4.20/8.37/13.54         2275       13    12.36        -      -     0.0037      0/2377         0     0.0021       0
      primary samples 43, productive 8 (18.6%), vertices/sample 0.312
  qp-fixed      4/4       9.61/14.31/26.78         1324       17    11.31   0.0133     0%     0.0001      0/3313         0     0.0000       0
      primary samples 4, productive 4 (100.0%), vertices/sample 6.000
      qp 288.8 rows/call, 75% of calls reached the solver, 5683 calls
  qp-plain      4/4       9.89/14.37/27.91         1324       17    11.31   0.0133     0%     0.0001      0/3313         0     0.0000       0
      primary samples 4, productive 4 (100.0%), vertices/sample 6.000
      qp 342.0 rows/call, 100% of calls reached the solver, 5683 calls
  qp-adapt      4/4       2.38/4.99/16.48          482       17    11.32   0.0505    69%     0.0001      0/2814         0     0.0000       0
      primary samples 4, productive 4 (100.0%), vertices/sample 6.000
      qp 300.0 rows/call, 89% of calls reached the solver, 2590 calls
  qp-free       4/4      23.01/52.20/70.58         8193       27    12.00   0.0043     0%     0.0019      0/4455         0     0.0003       0
      primary samples 62, productive 23 (37.1%), vertices/sample 0.422
  free-env      4/4       3.62/8.46/8.93           493       27    12.44   0.0929    98%     0.0014      0/2878         0     0.0000       0
      primary samples 64, productive 23 (35.9%), vertices/sample 0.422
  qp-env        4/4       1.10/2.02/11.32          179       16    11.36   0.0867    57%     0.0001      0/2489         0     0.0001       0
      primary samples 4, productive 4 (100.0%), vertices/sample 6.000
      qp 295.6 rows/call, 87% of calls reached the solver, 1385 calls
  vamp-rrtc     4/4       0.07/0.09/0.13          3637       14    13.73        -      -     0.0037      0/2665         0     0.0006       0
      primary samples 0, productive 0 (0.0%), vertices/sample 0.000

Hop disposition -- what set the hop's length, median over problems.
  row         floored(<1 step)    at region   edge-limited
  qp-fixed            100.0%         0.0%           0.0%
  qp-plain            100.0%         0.0%           0.0%
  qp-adapt             52.8%        45.6%           1.5%
  qp-free             100.0%         0.0%           0.0%
  free-env              2.3%        84.2%          13.8%
  qp-env               61.7%        35.9%           2.9%

Endpoint clearance at zero margin -- min(start, goal) over all spheres.
  scene                     min    median       max affordable   problems by margin
  bookshelf_small        0.0051    0.0095    0.0096    0.0051   0:100% 0.02:  0% 0.04:  0% 0.06:  0% 0.09:  0%
  bookshelf_tall         0.0001    0.0069    0.0098    0.0001   0:100% 0.02:  0% 0.04:  0% 0.06:  0% 0.09:  0%
  bookshelf_thin         0.0025    0.0068    0.0083    0.0025   0:100% 0.02:  0% 0.04:  0% 0.06:  0% 0.09:  0%
  box                    0.0127    0.0127    0.0127    0.0127   0:100% 0.02:  0% 0.04:  0% 0.06:  0% 0.09:  0%
  cage                   0.0127    0.0127    0.0127    0.0127   0:100% 0.02:  0% 0.04:  0% 0.06:  0% 0.09:  0%
  table_pick             0.0059    0.0076    0.0078    0.0059   0:100% 0.02:  0% 0.04:  0% 0.06:  0% 0.09:  0%
  table_under_pick       0.0066    0.0080    0.0080    0.0066   0:100% 0.02:  0% 0.04:  0% 0.06:  0% 0.09:  0%

all scenes  (29 problems, 0 skipped: 0 clearance, 0 self-collision)
  rrtconnect   29/29      2.13/12.60/1844.69       3644       20    12.86        -      -     0.0008      0/20920        0     0.0001       0
      primary samples 64, productive 16 (25.0%), vertices/sample 0.270
  qp-fixed     29/29      2.90/12.36/432.42        1071       11     9.53   0.0113     0%     0.0000      0/25973        0     0.0000       0
      primary samples 2, productive 2 (100.0%), vertices/sample 4.250
      qp 267.9 rows/call, 60% of calls reached the solver, 125288 calls
  qp-plain     29/29      3.04/13.17/445.18        1071       11     9.53   0.0113     0%     0.0000      0/25973        0     0.0000       0
      primary samples 2, productive 2 (100.0%), vertices/sample 4.250
      qp 342.0 rows/call, 100% of calls reached the solver, 125288 calls
  qp-adapt     29/29      0.68/4.99/296.96         419       11     9.54   0.0261    47%     0.0000      0/20890        0     0.0000       0
      primary samples 2, productive 2 (100.0%), vertices/sample 4.250
      qp 278.7 rows/call, 90% of calls reached the solver, 76599 calls
  qp-free      29/29      8.73/53.80/1799.75       8993       33    14.27   0.0049     0%     0.0006      0/39785        0     0.0001       0
      primary samples 62, productive 25 (40.3%), vertices/sample 0.421
  free-env     29/29      1.36/8.46/470.86         493       32    13.89   0.0859    95%     0.0002      0/22503        0     0.0000       0
      primary samples 65, productive 26 (40.0%), vertices/sample 0.427
  qp-env       29/29      0.34/2.86/239.73         259       11    10.08   0.0411    38%     0.0000      0/19226        0     0.0001       0
      primary samples 2, productive 2 (100.0%), vertices/sample 4.000
      qp 279.1 rows/call, 94% of calls reached the solver, 59061 calls
  vamp-rrtc    29/29      0.03/0.13/15.24         3868       22    12.93        -      -    -0.0006      1/19515        0     0.0001       0
      primary samples 0, productive 0 (0.0%), vertices/sample 0.000

"samples" is checked configurations for isSafe, barrier evaluations for
the three CBF rows, and SIMD configuration lanes evaluated for VAMP. They measure
sampling work, while wall time captures the very different per-sample costs.
"unsafe/audited" evaluates exact primitive clearance at every state of the
densified solution -- for each CBF row that is the rollout the planner recorded
for each edge, replayed, so it is the motion that would actually be executed,
sampled inside each step rather than only at its boundaries. Non-zero unsafe
invalidates a row however fast it was.
"missed" counts solution edges that were not on file and had to be
re-derived; it must be zero, or the audited motion is a different trajectory
from the one the planner found.


envelope hop: 12863 filter calls, 1.217 hold queries/call, 16.3% saturated, 100.0% longer than L1, past one step 94.6% (L1 alone 57.0%), gated 78.2%, empty-active 0.0%, screen-escalated 1.9%
envelope bottleneck: world 97.1%, self-collision 2.7%, unbound 0.1% (horizon or screen clip), blocked 0.0%, joint-limit clamped 0.0%
envelope binding term:
  world rows       L1 0.0%, local-L1 0.6%, speed-capped 4.8%, isotropic-anchored 94.5% (of 12494 bound calls)
  self-pair rows   L1 0.0%, local-L1 0.0%, speed-capped 0.0%, normal-anchored 100.0% (of 350 bound calls)
local-lever screen: 419212 of 695617 expensive world rows settled before the envelope (60.3%)
span handed to the rollout, in controller steps (59061 calls):
                   <1      1-2      2-4      4-8       8+
  L1 only      87.59%     6.20%     3.41%     1.59%     1.21%
  envelope     79.38%     5.43%     5.68%     4.53%     4.98%
=== CBF profiler (wall time) ===
=== CBF filter stats ===
  calls=0  unchanged=0 (0.0%)  filtered=0 (0.0%)  blocked=0 (0.0%)
  active rows:       avg=0.00  max=0
  zero-row fast path: 0 (0.0%)
  qp iterations:     avg=0.00  max=0
  certified duration: avg=0.00000s  min=0.00000s  max=0.00000s  (over 0 non-blocked calls)
  required gain:     avg=0.000/s  max=0.000/s  p50=0.000/s  p90=0.000/s  p99=0.000/s  (over 0 calls, 0 uncertified)
