
MotionBenchMaker UR5, 689 problems loaded, up to 100 per scene
voxel 0.003 m, margin 0.0000 m + 0.0000 m filter buffer, stepSize 0.001 s, range 2.00 rad, 10.0 s limit

hop certificates: old L1 Lipschitz region and new hold-time bound
Picard: off; trajectory prefixes: 0; sequential rollout budget: 10000 calls
kappa 20.00 /s, certified step uncapped, self-collision margin 0.0000 m over 302 pairs
baseline segment: 0.000650 of extent = 0.0100 rad, rollout step 0.0100 rad (matched to the rollout)
rope shortcut off, all rows unsimplified

seed 1
  planner       solved ms(min/med/max)        samples vertices     path rad/call coarse  worst clr unsafe/audited missed worst self collide

bookshelf_small  (4 problems, 0 skipped: 0 clearance, 0 self-collision)
  rrtconnect    4/4       2.46/28.55/61.24         7388       37    20.09        -      -     0.0014      0/3130         0     0.0025       0
      primary samples 158, productive 33 (20.9%), vertices/sample 0.500
  qp-fixed      4/4       4.79/28.46/89.97         2231       23     8.64   0.0131     0%     0.0004      0/3116         0     0.0025       0
      primary samples 7, productive 7 (100.0%), vertices/sample 5.000
      qp 273.7 rows/call, 57% of calls reached the solver, 9841 calls
  qp-plain      4/4       5.08/30.02/91.25         2231       23     8.64   0.0131     0%     0.0004      0/3116         0     0.0025       0
      primary samples 7, productive 7 (100.0%), vertices/sample 5.000
      qp 342.0 rows/call, 100% of calls reached the solver, 9841 calls
  qp-adapt      4/4       1.25/7.93/24.59          702       23     8.64   0.0416    73%     0.0004      0/2255         0     0.0025       0
      primary samples 7, productive 7 (100.0%), vertices/sample 5.000
      qp 296.2 rows/call, 84% of calls reached the solver, 2914 calls
  qp-free       4/4       4.13/168.46/350.71       20589       61    19.98   0.0046     0%     0.0022      0/4857         0     0.0025       0
      primary samples 158, productive 51 (32.3%), vertices/sample 0.636
  free-env      4/4       1.61/24.06/41.88         1186       64    19.93   0.0856    97%     0.0021      0/2971         0     0.0025       0
      primary samples 158, productive 53 (33.5%), vertices/sample 0.682
  qp-env        4/4       0.53/3.09/16.26          204       21     8.62   0.1651    89%     0.0004      0/2016         0     0.0025       0
      primary samples 7, productive 7 (100.0%), vertices/sample 5.000
      qp 300.7 rows/call, 75% of calls reached the solver, 1412 calls
  vamp-rrtc     4/4       0.04/0.42/1.25         10318       42    12.35        -      -     0.0014      0/2840         0     0.0025       0
      primary samples 0, productive 0 (0.0%), vertices/sample 0.000

bookshelf_tall  (3 problems, 0 skipped: 0 clearance, 0 self-collision)
  rrtconnect    3/3      46.74/73.24/327.05        9800       49    11.87        -      -     0.0001      0/2069         0     0.0025       0
      primary samples 284, productive 46 (16.2%), vertices/sample 0.173
  qp-fixed      3/3       8.98/13.07/62.26          644        7     7.53   0.0117     0%     0.0015      0/2009         0     0.0007       0
      primary samples 1, productive 1 (100.0%), vertices/sample 6.000
      qp 281.2 rows/call, 54% of calls reached the solver, 3549 calls
  qp-plain      3/3       9.47/13.39/50.82          644        7     7.53   0.0117     0%     0.0015      0/2009         0     0.0007       0
      primary samples 1, productive 1 (100.0%), vertices/sample 6.000
      qp 342.0 rows/call, 100% of calls reached the solver, 3549 calls
  qp-adapt      3/3       1.78/5.62/24.71          307        7     7.53   0.0245    49%     0.0015      0/1669         0     0.0007       0
      primary samples 1, productive 1 (100.0%), vertices/sample 6.000
      qp 305.9 rows/call, 90% of calls reached the solver, 1775 calls
  qp-free       3/3     143.09/302.93/470.74       26079       54    15.79   0.0036     0%     0.0006      0/5099         0     0.0025       0
      primary samples 184, productive 42 (22.8%), vertices/sample 0.301
  free-env      3/3      22.59/47.57/75.72         1521       48    17.06   0.0580    96%     0.0006      0/2641         0     0.0025       0
      primary samples 195, productive 42 (21.5%), vertices/sample 0.285
  qp-env        3/3       0.93/1.90/13.04           83        7     7.56   0.0910    60%     0.0015      0/1436         0     0.0008       0
      primary samples 1, productive 1 (100.0%), vertices/sample 6.000
      qp 309.0 rows/call, 94% of calls reached the solver, 777 calls
  vamp-rrtc     3/3       0.37/0.42/0.86          5736       28    14.78        -      -     0.0006      0/2321         0     0.0025       0
      primary samples 0, productive 0 (0.0%), vertices/sample 0.000

bookshelf_thin  (5 problems, 0 skipped: 0 clearance, 0 self-collision)
  rrtconnect    5/5      31.96/53.12/291.07        5358       28    14.56        -      -     0.0007      0/4069         0     0.0025       0
      primary samples 91, productive 24 (26.4%), vertices/sample 0.308
  qp-fixed      5/5       7.76/29.06/123.39        1121       15     9.83   0.0106     0%     0.0001      0/4364         0     0.0025       0
      primary samples 2, productive 2 (100.0%), vertices/sample 5.000
      qp 260.0 rows/call, 77% of calls reached the solver, 8708 calls
  qp-plain      5/5       8.18/29.95/127.79        1121       15     9.83   0.0106     0%     0.0001      0/4364         0     0.0025       0
      primary samples 2, productive 2 (100.0%), vertices/sample 5.000
      qp 342.0 rows/call, 100% of calls reached the solver, 8708 calls
  qp-adapt      5/5       1.70/19.87/68.42          775       15     9.84   0.0197    31%     0.0001      0/3665         0     0.0025       0
      primary samples 2, productive 2 (100.0%), vertices/sample 5.000
      qp 258.0 rows/call, 95% of calls reached the solver, 4992 calls
  qp-free       5/5     121.58/229.38/274.42       16162       50    13.03   0.0050     0%     0.0012      0/6408         0     0.0025       0
      primary samples 120, productive 43 (35.8%), vertices/sample 0.446
  free-env      5/5      19.66/37.64/45.89          858       49    13.05   0.0939    98%     0.0009      0/3950         0     0.0025       0
      primary samples 129, productive 44 (34.1%), vertices/sample 0.441
  qp-env        5/5       0.67/10.92/55.67          458       16    12.74   0.0451    21%     0.0001      0/3213         0     0.0025       0
      primary samples 6, productive 5 (83.3%), vertices/sample 2.667
      qp 252.9 rows/call, 95% of calls reached the solver, 4602 calls
  vamp-rrtc     5/5       0.32/0.56/3.48          5883       33    13.37        -      -     0.0022      0/3710         0     0.0025       0
      primary samples 0, productive 0 (0.0%), vertices/sample 0.000

box  (4 problems, 0 skipped: 0 clearance, 0 self-collision)
  rrtconnect    4/4       3.57/10.02/11.78         2724       16    12.43        -      -     0.0086      0/2349         0     0.0025       0
      primary samples 30, productive 11 (36.7%), vertices/sample 0.818
  qp-fixed      4/4       5.54/19.21/25.37         1581       18    11.02   0.0111     0%     0.0006      0/3258         0     0.0025       0
      primary samples 4, productive 4 (100.0%), vertices/sample 4.500
      qp 260.1 rows/call, 71% of calls reached the solver, 5322 calls
  qp-plain      4/4       6.11/21.01/26.80         1581       18    11.02   0.0111     0%     0.0006      0/3258         0     0.0025       0
      primary samples 4, productive 4 (100.0%), vertices/sample 4.500
      qp 342.0 rows/call, 100% of calls reached the solver, 5322 calls
  qp-adapt      4/4       0.51/8.44/11.86          729       19    11.02   0.0292    46%     0.0006      0/2462         0     0.0025       0
      primary samples 4, productive 4 (100.0%), vertices/sample 4.750
      qp 275.6 rows/call, 95% of calls reached the solver, 2197 calls
  qp-free       4/4       8.94/35.30/213.72        4554       20    10.24   0.0064     0%     0.0024      0/4596         0     0.0025       0
      primary samples 22, productive 12 (54.5%), vertices/sample 1.111
  free-env      4/4       0.85/7.24/25.89          399       25    18.25   0.1344    98%     0.0034      0/3278         0     0.0025       0
      primary samples 36, productive 16 (44.4%), vertices/sample 1.111
  qp-env        4/4       0.30/6.29/7.86           482       19    11.06   0.0509    25%     0.0004      0/2272         0     0.0025       0
      primary samples 4, productive 4 (100.0%), vertices/sample 4.750
      qp 274.5 rows/call, 95% of calls reached the solver, 1360 calls
  vamp-rrtc     4/4       0.05/0.14/0.22          2275       17    10.51        -      -     0.0208      0/2195         0     0.0025       0
      primary samples 0, productive 0 (0.0%), vertices/sample 0.000

cage  (4 problems, 0 skipped: 0 clearance, 0 self-collision)
  rrtconnect    4/4     499.17/867.12/987.91      215496     1392    21.03        -      -     0.0008      0/4313         0     0.0025       0
      primary samples 10207, productive 1389 (13.6%), vertices/sample 0.158
  qp-fixed      4/4     197.87/578.24/629.33       41517      203    25.34   0.0089     0%     0.0000      0/8109         0     0.0022       0
      primary samples 172, productive 125 (72.7%), vertices/sample 1.338
      qp 270.9 rows/call, 88% of calls reached the solver, 123129 calls
  qp-plain      4/4     206.07/595.14/655.67       41517      203    25.34   0.0089     0%     0.0000      0/8109         0     0.0022       0
      primary samples 172, productive 125 (72.7%), vertices/sample 1.338
      qp 342.0 rows/call, 100% of calls reached the solver, 123129 calls
  qp-adapt      4/4     126.26/388.94/447.08       27850      198    25.35   0.0135    31%     0.0000      0/6659         0     0.0022       0
      primary samples 172, productive 124 (72.1%), vertices/sample 1.338
      qp 272.3 rows/call, 98% of calls reached the solver, 84043 calls
  qp-free       4/4    1316.80/5346.33/7799.10     689714     1456    32.32   0.0036     0%     0.0004      0/13269        0     0.0006       0
      primary samples 5711, productive 1419 (24.8%), vertices/sample 0.280
  free-env      4/4     466.40/1037.19/2012.81      55305     2095    27.23   0.0588    92%     0.0001      0/5459         0     0.0000       0
      primary samples 8496, productive 2052 (24.2%), vertices/sample 0.247
  qp-env        4/4     120.98/308.31/348.23       20513      199    29.28   0.0177    22%     0.0000      0/6184         0     0.0022       0
      primary samples 172, productive 125 (72.7%), vertices/sample 1.239
      qp 275.0 rows/call, 99% of calls reached the solver, 68177 calls
  vamp-rrtc     4/4       2.27/32.04/43.25       456747     1478    20.81        -      -     0.0008      0/4157         0     0.0019       0
      primary samples 0, productive 0 (0.0%), vertices/sample 0.000

table_pick  (4 problems, 0 skipped: 0 clearance, 0 self-collision)
  rrtconnect    4/4      10.98/13.65/18.67         2410       13    12.89        -      -     0.0012      0/2429         0     0.0025       0
      primary samples 24, productive 9 (37.5%), vertices/sample 0.545
  qp-fixed      4/4       8.21/11.25/14.53          701        7     8.82   0.0127     0%     0.0007      0/2449         0     0.0025       0
      primary samples 1, productive 1 (100.0%), vertices/sample 6.000
      qp 259.1 rows/call, 48% of calls reached the solver, 2699 calls
  qp-plain      4/4       8.57/11.84/15.47          701        7     8.82   0.0127     0%     0.0007      0/2449         0     0.0025       0
      primary samples 1, productive 1 (100.0%), vertices/sample 6.000
      qp 342.0 rows/call, 100% of calls reached the solver, 2699 calls
  qp-adapt      4/4       1.40/3.54/5.76           232        7     8.85   0.0557    60%     0.0007      0/1888         0     0.0025       0
      primary samples 1, productive 1 (100.0%), vertices/sample 6.000
      qp 282.8 rows/call, 88% of calls reached the solver, 823 calls
  qp-free       4/4      30.36/35.50/77.72         3611       21    12.82   0.0068     0%     0.0011      0/3284         0     0.0025       0
      primary samples 24, productive 12 (50.0%), vertices/sample 0.833
  free-env      4/4       5.01/5.67/11.01          217       21    13.68   0.1132    98%     0.0011      0/2196         0     0.0025       0
      primary samples 24, productive 13 (54.2%), vertices/sample 0.826
  qp-env        4/4       0.71/2.22/2.27           125        7     8.80   0.1362    58%     0.0006      0/1711         0     0.0025       0
      primary samples 1, productive 1 (100.0%), vertices/sample 6.000
      qp 287.3 rows/call, 89% of calls reached the solver, 356 calls
  vamp-rrtc     4/4       0.13/0.15/0.26          1878       13    12.89        -      -     0.0012      0/2423         0     0.0025       0
      primary samples 0, productive 0 (0.0%), vertices/sample 0.000

table_under_pick  (4 problems, 0 skipped: 0 clearance, 0 self-collision)
  rrtconnect    4/4       9.26/14.40/19.28         2411       14    15.10        -      -     0.0018      0/2822         0     0.0025       0
      primary samples 32, productive 9 (28.1%), vertices/sample 0.476
  qp-fixed      4/4      11.55/32.21/269.21        1901       19    16.81   0.0114     0%     0.0000      0/5813         0     0.0010       0
      primary samples 5, productive 5 (100.0%), vertices/sample 8.000
      qp 276.6 rows/call, 82% of calls reached the solver, 17917 calls
  qp-plain      4/4      12.19/33.32/278.98        1901       19    16.81   0.0114     0%     0.0000      0/5813         0     0.0010       0
      primary samples 5, productive 5 (100.0%), vertices/sample 8.000
      qp 342.0 rows/call, 100% of calls reached the solver, 17917 calls
  qp-adapt      4/4       2.34/18.46/177.31        1184       19    16.81   0.0184    34%     0.0000      0/5121         0     0.0010       0
      primary samples 5, productive 5 (100.0%), vertices/sample 8.000
      qp 268.3 rows/call, 95% of calls reached the solver, 12176 calls
  qp-free       4/4      37.99/47.52/90.45         4688       16    14.80   0.0051     0%     0.0010      0/4480         0     0.0023       0
      primary samples 32, productive 12 (37.5%), vertices/sample 0.500
  free-env      4/4       5.94/7.32/14.05          265       16    14.87   0.0950    98%     0.0012      0/2853         0     0.0021       0
      primary samples 32, productive 11 (34.4%), vertices/sample 0.469
  qp-env        4/4       1.15/11.16/73.46          683       20    17.28   0.0322    34%     0.0001      0/4084         0     0.0004       0
      primary samples 5, productive 5 (100.0%), vertices/sample 8.000
      qp 271.2 rows/call, 97% of calls reached the solver, 5159 calls
  vamp-rrtc     4/4       0.11/0.17/0.24          2492       17    15.10        -      -     0.0029      0/2930         0     0.0025       0
      primary samples 0, productive 0 (0.0%), vertices/sample 0.000

Hop disposition -- what set the hop's length, median over problems.
  row         floored(<1 step)    at region   edge-limited
  qp-fixed            100.0%         0.0%           0.0%
  qp-plain            100.0%         0.0%           0.0%
  qp-adapt             55.8%        44.3%           1.6%
  qp-free             100.0%         0.0%           0.0%
  free-env              1.6%        84.0%          13.8%
  qp-env               65.3%        38.8%           3.3%

Endpoint clearance at zero margin -- min(start, goal) over all spheres.
  scene                     min    median       max affordable   problems by margin
  bookshelf_small        0.0057    0.0064    0.0084    0.0057   0:100% 0.02:  0% 0.04:  0% 0.06:  0% 0.09:  0%
  bookshelf_tall         0.0015    0.0050    0.0071    0.0015   0:100% 0.02:  0% 0.04:  0% 0.06:  0% 0.09:  0%
  bookshelf_thin         0.0050    0.0080    0.0098    0.0050   0:100% 0.02:  0% 0.04:  0% 0.06:  0% 0.09:  0%
  box                    0.0127    0.0127    0.0127    0.0127   0:100% 0.02:  0% 0.04:  0% 0.06:  0% 0.09:  0%
  cage                   0.0063    0.0127    0.0127    0.0063   0:100% 0.02:  0% 0.04:  0% 0.06:  0% 0.09:  0%
  table_pick             0.0075    0.0080    0.0082    0.0075   0:100% 0.02:  0% 0.04:  0% 0.06:  0% 0.09:  0%
  table_under_pick       0.0078    0.0081    0.0083    0.0078   0:100% 0.02:  0% 0.04:  0% 0.06:  0% 0.09:  0%

all scenes  (28 problems, 0 skipped: 0 clearance, 0 self-collision)
  rrtconnect   28/28      2.46/28.55/987.91        3358       18    14.56        -      -     0.0001      0/21181        0     0.0025       0
      primary samples 59, productive 15 (25.4%), vertices/sample 0.346
  qp-fixed     28/28      4.79/19.21/629.33        1272       15     9.39   0.0113     0%     0.0000      0/29118        0     0.0007       0
      primary samples 4, productive 3 (75.0%), vertices/sample 4.500
      qp 267.8 rows/call, 71% of calls reached the solver, 171165 calls
  qp-plain     28/28      5.08/21.01/655.67        1272       15     9.39   0.0113     0%     0.0000      0/29118        0     0.0007       0
      primary samples 4, productive 3 (75.0%), vertices/sample 4.500
      qp 342.0 rows/call, 100% of calls reached the solver, 171165 calls
  qp-adapt     28/28      0.51/8.44/447.08         702       15     9.39   0.0255    46%     0.0000      0/23719        0     0.0007       0
      primary samples 4, productive 3 (75.0%), vertices/sample 4.750
      qp 276.0 rows/call, 94% of calls reached the solver, 108920 calls
  qp-free      28/28      4.13/143.09/7799.10      12093       36    13.63   0.0049     0%     0.0004      0/41993        0     0.0006       0
      primary samples 85, productive 29 (34.1%), vertices/sample 0.446
  free-env     28/28      0.85/22.59/2012.81        678       33    15.26   0.0939    97%     0.0001      0/23348        0     0.0000       0
      primary samples 85, productive 26 (30.6%), vertices/sample 0.446
  qp-env       28/28      0.30/6.29/348.23         364       16     9.40   0.0508    41%     0.0000      0/20916        0     0.0004       0
      primary samples 4, productive 4 (100.0%), vertices/sample 4.000
      qp 278.2 rows/call, 95% of calls reached the solver, 81843 calls
  vamp-rrtc    28/28      0.04/0.32/43.25         3498       21    14.45        -      -     0.0006      0/20576        0     0.0019       0
      primary samples 0, productive 0 (0.0%), vertices/sample 0.000

"samples" is checked configurations for isSafe, barrier evaluations for
the three CBF rows, and SIMD configuration lanes evaluated for VAMP. They measure
sampling work, while wall time captures the very different per-sample costs.
"unsafe/audited" evaluates exact primitive clearance at every state of the
densified solution -- for each CBF row that is the rollout the planner recorded
for each edge, replayed, so it is the motion that would actually be executed,
sampled inside each step rather than only at its boundaries. Non-zero unsafe
invalidates a row however fast it was.
"missed" counts solution edges that were not on file and had to be
re-derived; it must be zero, or the audited motion is a different trajectory
from the one the planner found.


envelope hop: 18997 filter calls, 1.237 hold queries/call, 18.0% saturated, 100.0% longer than L1, past one step 92.9% (L1 alone 48.1%), gated 76.8%, empty-active 0.0%, screen-escalated 1.4%
envelope bottleneck: world 96.9%, self-collision 3.0%, unbound 0.1% (horizon or screen clip), blocked 0.0%, joint-limit clamped 0.0%
envelope binding term:
  world rows       L1 0.0%, local-L1 0.5%, speed-capped 8.1%, isotropic-anchored 91.4% (of 18416 bound calls)
  self-pair rows   L1 0.0%, local-L1 0.0%, speed-capped 0.4%, normal-anchored 99.6% (of 570 bound calls)
local-lever screen: 742164 of 1265764 expensive world rows settled before the envelope (58.6%)
span handed to the rollout, in controller steps (81842 calls):
                   <1      1-2      2-4      4-8       8+
  L1 only      88.84%     6.12%     2.86%     1.19%     0.99%
  envelope     78.43%     5.66%     6.52%     4.70%     4.70%
=== CBF profiler (wall time) ===
=== CBF filter stats ===
  calls=0  unchanged=0 (0.0%)  filtered=0 (0.0%)  blocked=0 (0.0%)
  active rows:       avg=0.00  max=0
  zero-row fast path: 0 (0.0%)
  qp iterations:     avg=0.00  max=0
  certified duration: avg=0.00000s  min=0.00000s  max=0.00000s  (over 0 non-blocked calls)
  required gain:     avg=0.000/s  max=0.000/s  p50=0.000/s  p90=0.000/s  p99=0.000/s  (over 0 calls, 0 uncertified)
