
MotionBenchMaker UR5, 689 problems loaded, up to 100 per scene
voxel 0.003 m, margin 0.0000 m + 0.0000 m filter buffer, stepSize 0.001 s, range 2.00 rad, 10.0 s limit

hop certificates: old L1 Lipschitz region and new hold-time bound
Picard: off; trajectory prefixes: 0; sequential rollout budget: 10000 calls
kappa 20.00 /s, certified step uncapped, self-collision margin 0.0000 m over 302 pairs
baseline segment: 0.000650 of extent = 0.0100 rad, rollout step 0.0100 rad (matched to the rollout)
rope shortcut off, all rows unsimplified

seed 1
  planner       solved ms(min/med/max)        samples vertices     path rad/call coarse  worst clr unsafe/audited missed worst self collide

bookshelf_small  (4 problems, 0 skipped: 0 clearance, 0 self-collision)
  rrtconnect    4/4       5.36/42.70/50.50        12200       62    14.18        -      -     0.0006      0/2472         0     0.0014       0
      primary samples 354, productive 58 (16.4%), vertices/sample 0.208
  qp-fixed      4/4       6.68/12.85/152.04        1427       15    15.17   0.0126     0%     0.0003      0/4100         0     0.0002       0
      primary samples 4, productive 4 (100.0%), vertices/sample 3.750
      qp 283.9 rows/call, 85% of calls reached the solver, 19203 calls
  qp-plain      4/4       7.31/23.40/157.12        1427       15    15.17   0.0126     0%     0.0003      0/4100         0     0.0002       0
      primary samples 4, productive 4 (100.0%), vertices/sample 3.750
      qp 342.0 rows/call, 100% of calls reached the solver, 19203 calls
  qp-adapt      4/4       0.79/8.23/119.59         921       15    15.19   0.0256    47%     0.0003      0/3411         0     0.0002       0
      primary samples 4, productive 4 (100.0%), vertices/sample 3.750
      qp 287.0 rows/call, 97% of calls reached the solver, 13338 calls
  qp-free       4/4      18.79/154.02/165.13       29954       58    19.89   0.0048     0%     0.0011      0/5532         0     0.0025       0
      primary samples 191, productive 53 (27.7%), vertices/sample 0.380
  free-env      4/4       2.93/12.83/18.82          961       45    20.04   0.0856    98%     0.0034      0/3065         0     0.0025       0
      primary samples 149, productive 40 (26.8%), vertices/sample 0.355
  qp-env        4/4       0.40/5.23/70.45          544       16    15.22   0.0407    28%     0.0000      0/3817         0     0.0000       0
      primary samples 4, productive 4 (100.0%), vertices/sample 4.000
      qp 287.4 rows/call, 98% of calls reached the solver, 7555 calls
  vamp-rrtc     4/4       0.06/0.38/0.45         16508       55    14.18        -      -     0.0006      0/2477         0     0.0014       0
      primary samples 0, productive 0 (0.0%), vertices/sample 0.000

bookshelf_tall  (4 problems, 1 skipped: 0 clearance, 1 self-collision)
  rrtconnect    3/3      37.50/89.93/148.88       19485      101    16.30        -      -     0.0018      0/2505         0     0.0025       0
      primary samples 566, productive 97 (17.1%), vertices/sample 0.178
  qp-fixed      3/3       6.19/59.44/69.65         4085       28    17.28   0.0102     0%     0.0011      0/3308         0     0.0002       0
      primary samples 14, productive 12 (85.7%), vertices/sample 2.286
      qp 304.1 rows/call, 71% of calls reached the solver, 9614 calls
  qp-plain      3/3       6.24/70.76/71.16         4085       28    17.28   0.0102     0%     0.0011      0/3308         0     0.0002       0
      primary samples 14, productive 12 (85.7%), vertices/sample 2.286
      qp 342.0 rows/call, 100% of calls reached the solver, 9614 calls
  qp-adapt      3/3       2.22/24.67/53.63         1850       33    16.93   0.0189    37%     0.0011      0/2859         0     0.0002       0
      primary samples 12, productive 10 (83.3%), vertices/sample 2.750
      qp 311.5 rows/call, 95% of calls reached the solver, 6176 calls
  qp-free       3/3     146.00/149.69/1503.86      18790       62    20.28   0.0043     0%     0.0017      0/5787         0     0.0004       0
      primary samples 136, productive 51 (37.5%), vertices/sample 0.390
  free-env      3/3       7.52/29.56/120.46        1147       68    17.40   0.0894    96%     0.0011      0/3567         0     0.0015       0
      primary samples 161, productive 54 (33.5%), vertices/sample 0.422
  qp-env        3/3       0.80/14.08/30.04          975       22    14.43   0.0329    36%     0.0008      0/2374         0     0.0002       0
      primary samples 11, productive 9 (81.8%), vertices/sample 2.059
      qp 311.1 rows/call, 97% of calls reached the solver, 3178 calls
  vamp-rrtc     3/3       0.12/0.94/2.60         28350      113    11.73        -      -     0.0011      0/2191         0     0.0025       0
      primary samples 0, productive 0 (0.0%), vertices/sample 0.000

bookshelf_thin  (4 problems, 0 skipped: 0 clearance, 0 self-collision)
  rrtconnect    4/4      14.37/37.30/60.70         5884       31    16.20        -      -     0.0024      0/2642         0     0.0011       0
      primary samples 115, productive 26 (22.6%), vertices/sample 0.337
  qp-fixed      4/4       6.52/27.97/117.13        1674       17    10.33   0.0116     0%     0.0002      0/3325         0     0.0011       0
      primary samples 6, productive 4 (66.7%), vertices/sample 5.000
      qp 262.5 rows/call, 85% of calls reached the solver, 9301 calls
  qp-plain      4/4       6.70/29.88/112.20        1674       17    10.33   0.0116     0%     0.0002      0/3325         0     0.0011       0
      primary samples 6, productive 4 (66.7%), vertices/sample 5.000
      qp 342.0 rows/call, 100% of calls reached the solver, 9301 calls
  qp-adapt      4/4       1.50/16.61/68.35         1111       17    10.36   0.0186    35%     0.0002      0/2896         0     0.0011       0
      primary samples 6, productive 4 (66.7%), vertices/sample 5.000
      qp 260.4 rows/call, 96% of calls reached the solver, 5914 calls
  qp-free       4/4      26.19/299.95/408.96       32495       78    13.10   0.0050     0%     0.0033      0/5033         0     0.0016       0
      primary samples 253, productive 70 (27.7%), vertices/sample 0.667
  free-env      4/4       4.51/49.55/70.25         1853       83    16.55   0.0925    97%     0.0019      0/2927         0     0.0006       0
      primary samples 254, productive 69 (27.2%), vertices/sample 0.415
  qp-env        4/4       0.69/13.47/53.00          806       20     9.31   0.0304    23%     0.0002      0/2394         0     0.0008       0
      primary samples 6, productive 5 (83.3%), vertices/sample 5.000
      qp 259.0 rows/call, 98% of calls reached the solver, 4230 calls
  vamp-rrtc     4/4       0.10/0.39/0.52         10817       52    17.63        -      -     0.0024      0/2785         0     0.0011       0
      primary samples 0, productive 0 (0.0%), vertices/sample 0.000

box  (4 problems, 0 skipped: 0 clearance, 0 self-collision)
  rrtconnect    4/4       5.32/6.45/12.96         2641       16    16.12        -      -     0.0092      0/2906         0     0.0025       0
      primary samples 37, productive 11 (29.7%), vertices/sample 0.556
  qp-fixed      4/4       3.49/7.78/8.38           716        7     8.82   0.0136     0%     0.0003      0/2277         0     0.0025       0
      primary samples 2, productive 2 (100.0%), vertices/sample 6.000
      qp 246.2 rows/call, 58% of calls reached the solver, 2584 calls
  qp-plain      4/4       3.87/6.27/8.33           716        7     8.82   0.0136     0%     0.0003      0/2277         0     0.0025       0
      primary samples 2, productive 2 (100.0%), vertices/sample 6.000
      qp 342.0 rows/call, 100% of calls reached the solver, 2584 calls
  qp-adapt      4/4       0.45/2.86/3.10           338        7     8.83   0.0558    99%     0.0003      0/1840         0     0.0025       0
      primary samples 2, productive 2 (100.0%), vertices/sample 6.000
      qp 254.0 rows/call, 84% of calls reached the solver, 913 calls
  qp-free       4/4      14.67/22.78/34.29         4486       21    15.73   0.0062     0%     0.0044      0/5414         0     0.0025       0
      primary samples 21, productive 15 (71.4%), vertices/sample 1.143
  free-env      4/4       2.03/2.77/4.50           210       21    12.82   0.1299    98%     0.0017      0/2642         0     0.0025       0
      primary samples 21, productive 15 (71.4%), vertices/sample 1.071
  qp-env        4/4       0.28/2.34/2.50           254        7     8.83   0.1001    97%     0.0003      0/1726         0     0.0025       0
      primary samples 2, productive 2 (100.0%), vertices/sample 6.000
      qp 250.0 rows/call, 87% of calls reached the solver, 608 calls
  vamp-rrtc     4/4       0.04/0.07/0.15          2401       16    14.17        -      -     0.0092      0/2537         0     0.0025       0
      primary samples 0, productive 0 (0.0%), vertices/sample 0.000

cage  (4 problems, 0 skipped: 0 clearance, 0 self-collision)
  rrtconnect    4/4      34.21/37.21/457.27       13718       69    18.89        -      -     0.0002      0/3181         0     0.0025       0
      primary samples 418, productive 65 (15.6%), vertices/sample 0.202
  qp-fixed      4/4      26.20/264.38/318.20       27980      141    20.79   0.0087     0%     0.0000      0/7974         0     0.0005       0
      primary samples 111, productive 76 (68.5%), vertices/sample 1.270
      qp 275.2 rows/call, 87% of calls reached the solver, 82266 calls
  qp-plain      4/4      27.06/284.55/320.43       27980      141    20.79   0.0087     0%     0.0000      0/7974         0     0.0005       0
      primary samples 111, productive 76 (68.5%), vertices/sample 1.270
      qp 342.0 rows/call, 100% of calls reached the solver, 82266 calls
  qp-adapt      4/4       9.71/180.80/206.09       19223      142    20.84   0.0132    31%     0.0000      0/6496         0     0.0005       0
      primary samples 111, productive 77 (69.4%), vertices/sample 1.279
      qp 277.0 rows/call, 97% of calls reached the solver, 54348 calls
  qp-free       4/4     384.84/1266.60/1882.11     236174      496    22.62   0.0035     0%     0.0033      0/9043         0     0.0025       0
      primary samples 1992, productive 488 (24.5%), vertices/sample 0.266
  free-env      4/4     150.78/194.01/291.99       14772      573    24.09   0.0648    93%     0.0001      0/4863         0     0.0022       0
      primary samples 2191, productive 544 (24.8%), vertices/sample 0.261
  qp-env        4/4       8.23/148.61/168.99       14776      141    20.96   0.0171    29%     0.0000      0/5671         0     0.0004       0
      primary samples 111, productive 77 (69.4%), vertices/sample 1.270
      qp 274.1 rows/call, 99% of calls reached the solver, 41752 calls
  vamp-rrtc     4/4       0.46/0.55/12.12        25966       82    20.34        -      -     0.0035      0/3760         0     0.0025       0
      primary samples 0, productive 0 (0.0%), vertices/sample 0.000

table_pick  (4 problems, 0 skipped: 0 clearance, 0 self-collision)
  rrtconnect    4/4       3.35/6.39/21.18         1722       10     8.77        -      -     0.0022      0/1860         0     0.0025       0
      primary samples 20, productive 6 (30.0%), vertices/sample 0.900
  qp-fixed      4/4       3.31/5.30/6.82           542        6     6.13   0.0140     0%     0.0061      0/1956         0     0.0025       0
      primary samples 1, productive 1 (100.0%), vertices/sample 6.000
      qp 230.1 rows/call, 19% of calls reached the solver, 1952 calls
  qp-plain      4/4       3.68/5.73/7.42           542        6     6.13   0.0140     0%     0.0061      0/1956         0     0.0025       0
      primary samples 1, productive 1 (100.0%), vertices/sample 6.000
      qp 342.0 rows/call, 100% of calls reached the solver, 1952 calls
  qp-adapt      4/4       0.35/0.56/0.58            74        6     6.14   0.1022    85%     0.0061      0/1335         0     0.0025       0
      primary samples 1, productive 1 (100.0%), vertices/sample 6.000
      qp 259.3 rows/call, 57% of calls reached the solver, 254 calls
  qp-free       4/4       7.51/20.81/62.55         3394       16     9.55   0.0070     0%     0.0028      0/2709         0     0.0025       0
      primary samples 25, productive 11 (44.0%), vertices/sample 0.640
  free-env      4/4       1.29/3.29/9.61           191       16     9.68   0.1242    97%     0.0028      0/1756         0     0.0025       0
      primary samples 25, productive 11 (44.0%), vertices/sample 0.640
  qp-env        4/4       0.27/0.38/0.38            34        6     6.16   0.2104   100%     0.0061      0/1272         0     0.0025       0
      primary samples 1, productive 1 (100.0%), vertices/sample 6.000
      qp 258.3 rows/call, 65% of calls reached the solver, 125 calls
  vamp-rrtc     4/4       0.04/0.07/0.17          1754       11     8.77        -      -     0.0022      0/1860         0     0.0025       0
      primary samples 0, productive 0 (0.0%), vertices/sample 0.000

table_under_pick  (5 problems, 0 skipped: 0 clearance, 0 self-collision)
  rrtconnect    5/5       6.05/10.04/11.71         2742       15    15.26        -      -     0.0023      0/3904         0     0.0007       0
      primary samples 46, productive 11 (23.9%), vertices/sample 0.362
  qp-fixed      5/5       7.80/18.91/25.78         1670       14     9.85   0.0116     0%     0.0004      0/3672         0     0.0001       0
      primary samples 4, productive 4 (100.0%), vertices/sample 4.000
      qp 285.5 rows/call, 90% of calls reached the solver, 7342 calls
  qp-plain      5/5       7.93/19.08/25.87         1670       14     9.85   0.0116     0%     0.0004      0/3672         0     0.0001       0
      primary samples 4, productive 4 (100.0%), vertices/sample 4.000
      qp 342.0 rows/call, 100% of calls reached the solver, 7342 calls
  qp-adapt      5/5       1.23/10.54/13.96          993       14     9.86   0.0219    35%     0.0004      0/3213         0     0.0001       0
      primary samples 4, productive 4 (100.0%), vertices/sample 4.000
      qp 288.6 rows/call, 94% of calls reached the solver, 3926 calls
  qp-free       5/5      21.54/32.52/103.91        5150       21    12.79   0.0049     0%     0.0027      0/5704         0     0.0003       0
      primary samples 38, productive 13 (34.2%), vertices/sample 0.632
  free-env      5/5       2.86/6.10/10.61          352       18    15.03   0.0791    96%     0.0005      0/3902         0     0.0000       0
      primary samples 47, productive 14 (29.8%), vertices/sample 0.383
  qp-env        5/5       0.48/6.82/9.86           589       14     9.65   0.0423    45%     0.0003      0/2751         0     0.0007       0
      primary samples 4, productive 4 (100.0%), vertices/sample 3.800
      qp 283.5 rows/call, 95% of calls reached the solver, 2166 calls
  vamp-rrtc     5/5       0.04/0.06/0.09          1866       12    15.61        -      -     0.0012      0/3808         0     0.0010       0
      primary samples 0, productive 0 (0.0%), vertices/sample 0.000

Hop disposition -- what set the hop's length, median over problems.
  row         floored(<1 step)    at region   edge-limited
  qp-fixed            100.0%         0.0%           0.0%
  qp-plain            100.0%         0.0%           0.0%
  qp-adapt             62.9%        39.3%           1.5%
  qp-free             100.0%         0.0%           0.0%
  free-env              1.7%        84.3%          13.7%
  qp-env               70.5%        34.0%           2.7%

Endpoint clearance at zero margin -- min(start, goal) over all spheres.
  scene                     min    median       max affordable   problems by margin
  bookshelf_small        0.0043    0.0082    0.0102    0.0043   0:100% 0.02:  0% 0.04:  0% 0.06:  0% 0.09:  0%
  bookshelf_tall        -0.0015    0.0057    0.0102   -0.0015   0: 75% 0.02:  0% 0.04:  0% 0.06:  0% 0.09:  0%
  bookshelf_thin         0.0063    0.0067    0.0069    0.0063   0:100% 0.02:  0% 0.04:  0% 0.06:  0% 0.09:  0%
  box                    0.0074    0.0127    0.0127    0.0074   0:100% 0.02:  0% 0.04:  0% 0.06:  0% 0.09:  0%
  cage                   0.0035    0.0127    0.0127    0.0035   0:100% 0.02:  0% 0.04:  0% 0.06:  0% 0.09:  0%
  table_pick             0.0079    0.0080    0.0082    0.0079   0:100% 0.02:  0% 0.04:  0% 0.06:  0% 0.09:  0%
  table_under_pick       0.0078    0.0081    0.0083    0.0078   0:100% 0.02:  0% 0.04:  0% 0.06:  0% 0.09:  0%

all scenes  (29 problems, 1 skipped: 0 clearance, 1 self-collision)
  rrtconnect   28/28      3.35/15.61/457.27        5579       29    15.26        -      -     0.0002      0/19470        0     0.0007       0
      primary samples 74, productive 24 (32.4%), vertices/sample 0.337
  qp-fixed     28/28      3.31/12.85/318.20        1266       12     9.94   0.0116     0%     0.0000      0/26612        0     0.0001       0
      primary samples 3, productive 3 (100.0%), vertices/sample 3.750
      qp 264.6 rows/call, 71% of calls reached the solver, 132262 calls
  qp-plain     28/28      3.68/14.07/320.43        1266       12     9.94   0.0116     0%     0.0000      0/26612        0     0.0001       0
      primary samples 3, productive 3 (100.0%), vertices/sample 3.750
      qp 342.0 rows/call, 100% of calls reached the solver, 132262 calls
  qp-adapt     28/28      0.35/8.23/206.09         633       11     9.93   0.0265    41%     0.0000      0/22050        0     0.0001       0
      primary samples 3, productive 3 (100.0%), vertices/sample 3.750
      qp 276.7 rows/call, 93% of calls reached the solver, 84869 calls
  qp-free      28/28      7.51/62.55/1882.11       9137       31    15.10   0.0050     0%     0.0011      0/39222        0     0.0003       0
      primary samples 74, productive 26 (35.1%), vertices/sample 0.456
  free-env     28/28      1.29/9.61/291.99         388       23    15.03   0.0907    97%     0.0001      0/22722        0     0.0000       0
      primary samples 54, productive 16 (29.6%), vertices/sample 0.419
  qp-env       28/28      0.27/5.23/168.99         400       11     9.65   0.0407    36%     0.0000      0/20005        0     0.0000       0
      primary samples 3, productive 3 (100.0%), vertices/sample 3.800
      qp 274.1 rows/call, 95% of calls reached the solver, 59614 calls
  vamp-rrtc    28/28      0.04/0.15/12.12         5116       27    14.18        -      -     0.0006      0/19418        0     0.0010       0
      primary samples 0, productive 0 (0.0%), vertices/sample 0.000

"samples" is checked configurations for isSafe, barrier evaluations for
the three CBF rows, and SIMD configuration lanes evaluated for VAMP. They measure
sampling work, while wall time captures the very different per-sample costs.
"unsafe/audited" evaluates exact primitive clearance at every state of the
densified solution -- for each CBF row that is the rollout the planner recorded
for each edge, replayed, so it is the motion that would actually be executed,
sampled inside each step rather than only at its boundaries. Non-zero unsafe
invalidates a row however fast it was.
"missed" counts solution edges that were not on file and had to be
re-derived; it must be zero, or the audited motion is a different trajectory
from the one the planner found.


envelope hop: 14653 filter calls, 1.180 hold queries/call, 14.3% saturated, 100.0% longer than L1, past one step 88.8% (L1 alone 53.2%), gated 75.4%, empty-active 0.0%, screen-escalated 1.2%
envelope bottleneck: world 97.9%, self-collision 2.0%, unbound 0.1% (horizon or screen clip), blocked 0.0%, joint-limit clamped 0.0%
envelope binding term:
  world rows       L1 0.0%, local-L1 0.5%, speed-capped 11.1%, isotropic-anchored 88.4% (of 14348 bound calls)
  self-pair rows   L1 0.0%, local-L1 0.0%, speed-capped 0.3%, normal-anchored 99.7% (of 293 bound calls)
local-lever screen: 334705 of 555213 expensive world rows settled before the envelope (60.3%)
span handed to the rollout, in controller steps (59614 calls):
                   <1      1-2      2-4      4-8       8+
  L1 only      86.92%     7.19%     3.38%     1.42%     1.10%
  envelope     78.16%     6.81%     5.99%     4.60%     4.44%
=== CBF profiler (wall time) ===
=== CBF filter stats ===
  calls=0  unchanged=0 (0.0%)  filtered=0 (0.0%)  blocked=0 (0.0%)
  active rows:       avg=0.00  max=0
  zero-row fast path: 0 (0.0%)
  qp iterations:     avg=0.00  max=0
  certified duration: avg=0.00000s  min=0.00000s  max=0.00000s  (over 0 non-blocked calls)
  required gain:     avg=0.000/s  max=0.000/s  p50=0.000/s  p90=0.000/s  p99=0.000/s  (over 0 calls, 0 uncertified)
