
MotionBenchMaker UR5, 689 problems loaded, up to 100 per scene
voxel 0.003 m, margin 0.0000 m + 0.0000 m filter buffer, stepSize 0.001 s, range 2.00 rad, 10.0 s limit

hop certificates: old L1 Lipschitz region and new hold-time bound
Picard: off; trajectory prefixes: 0; sequential rollout budget: 10000 calls
kappa 20.00 /s, certified step uncapped, self-collision margin 0.0000 m over 302 pairs
baseline segment: 0.000650 of extent = 0.0100 rad, rollout step 0.0100 rad (matched to the rollout)
rope shortcut off, all rows unsimplified

seed 1
  planner       solved ms(min/med/max)        samples vertices     path rad/call coarse  worst clr unsafe/audited missed worst self collide

bookshelf_small  (4 problems, 0 skipped: 0 clearance, 0 self-collision)
  rrtconnect    4/4       2.72/7.93/360.66        2065       12     7.07        -      -     0.0000      0/1949         0     0.0025       0
      primary samples 58, productive 8 (13.8%), vertices/sample 2.333
  qp-fixed      4/4       4.02/4.72/40.04          409       10     7.00   0.0152     0%     0.0008      0/2558         0     0.0025       0
      primary samples 1, productive 1 (100.0%), vertices/sample 6.000
      qp 255.7 rows/call, 33% of calls reached the solver, 3936 calls
  qp-plain      4/4       4.63/5.38/40.87          409       10     7.00   0.0152     0%     0.0008      0/2558         0     0.0025       0
      primary samples 1, productive 1 (100.0%), vertices/sample 6.000
      qp 342.0 rows/call, 100% of calls reached the solver, 3936 calls
  qp-adapt      4/4       0.44/1.48/20.83          148        9     7.00   0.1130    80%     0.0020      0/1850         0     0.0025       0
      primary samples 1, productive 1 (100.0%), vertices/sample 6.000
      qp 282.2 rows/call, 55% of calls reached the solver, 1748 calls
  qp-free       4/4       8.02/22.48/155.12        2798       11     9.92   0.0057     0%     0.0027      0/3971         0     0.0025       0
      primary samples 16, productive 7 (43.8%), vertices/sample 1.100
  free-env      4/4       1.56/3.19/21.34          162       14     7.86   0.1089    96%     0.0017      0/2225         0     0.0025       0
      primary samples 16, productive 7 (43.8%), vertices/sample 1.077
  qp-env        4/4       0.26/0.54/9.92            37        8     7.02   0.2506    82%     0.0024      0/1702         0     0.0025       0
      primary samples 1, productive 1 (100.0%), vertices/sample 6.000
      qp 291.3 rows/call, 50% of calls reached the solver, 729 calls
  vamp-rrtc     4/4       0.03/0.16/1.49          3782       12     7.07        -      -     0.0007      0/1932         0     0.0025       0
      primary samples 0, productive 0 (0.0%), vertices/sample 0.000

bookshelf_tall  (4 problems, 0 skipped: 0 clearance, 0 self-collision)
  rrtconnect    4/4       9.27/77.12/99.03         9929       50    13.80        -      -     0.0018      0/2749         0     0.0022       0
      primary samples 266, productive 46 (17.3%), vertices/sample 0.237
  qp-fixed      4/4       7.22/45.24/49.57         1815       11    10.13   0.0144     0%     0.0026      0/2726         0     0.0025       0
      primary samples 6, productive 4 (66.7%), vertices/sample 5.000
      qp 283.0 rows/call, 63% of calls reached the solver, 5029 calls
  qp-plain      4/4       7.50/38.92/51.75         1815       11    10.13   0.0144     0%     0.0026      0/2726         0     0.0025       0
      primary samples 6, productive 4 (66.7%), vertices/sample 5.000
      qp 342.0 rows/call, 100% of calls reached the solver, 5029 calls
  qp-adapt      4/4       2.75/24.52/27.94         1220       15    10.19   0.0341    45%     0.0011      0/2453         0     0.0025       0
      primary samples 5, productive 4 (80.0%), vertices/sample 5.000
      qp 302.9 rows/call, 95% of calls reached the solver, 2882 calls
  qp-free       4/4      27.23/247.80/274.08       21313       56    16.12   0.0063     0%     0.0025      0/5724         0     0.0009       0
      primary samples 169, productive 50 (29.6%), vertices/sample 0.389
  free-env      4/4       4.19/26.12/51.48          756       50    18.27   0.1347    94%     0.0000      0/3217         0     0.0025       0
      primary samples 116, productive 45 (38.8%), vertices/sample 0.433
  qp-env        4/4       0.95/12.39/18.68          592       15    10.18   0.0663    53%     0.0010      0/2197         0     0.0025       0
      primary samples 5, productive 4 (80.0%), vertices/sample 6.000
      qp 302.3 rows/call, 97% of calls reached the solver, 1584 calls
  vamp-rrtc     4/4       0.07/0.81/0.98         14619       52    14.14        -      -     0.0018      0/2615         0     0.0022       0
      primary samples 0, productive 0 (0.0%), vertices/sample 0.000

bookshelf_thin  (4 problems, 0 skipped: 0 clearance, 0 self-collision)
  rrtconnect    4/4      38.00/97.61/243.58        9597       47    13.08        -      -     0.0006      0/2793         0     0.0010       0
      primary samples 200, productive 43 (21.5%), vertices/sample 0.286
  qp-fixed      4/4      13.60/49.94/74.86         1975       16    14.48   0.0123     0%     0.0009      0/3718         0     0.0025       0
      primary samples 5, productive 5 (100.0%), vertices/sample 5.500
      qp 252.0 rows/call, 59% of calls reached the solver, 6335 calls
  qp-plain      4/4      14.29/51.19/79.04         1975       16    14.48   0.0123     0%     0.0009      0/3718         0     0.0025       0
      primary samples 5, productive 5 (100.0%), vertices/sample 5.500
      qp 342.0 rows/call, 100% of calls reached the solver, 6335 calls
  qp-adapt      4/4       5.24/17.99/43.27          848       16    14.48   0.0276    38%     0.0009      0/3150         0     0.0025       0
      primary samples 5, productive 5 (100.0%), vertices/sample 5.000
      qp 250.8 rows/call, 90% of calls reached the solver, 3333 calls
  qp-free       4/4      81.74/244.36/850.97       17226       50    11.57   0.0049     0%     0.0006      0/4205         0     0.0025       0
      primary samples 126, productive 41 (32.5%), vertices/sample 0.405
  free-env      4/4      13.13/43.11/144.98        1073       47    12.04   0.0836    98%     0.0004      0/2520         0     0.0000       0
      primary samples 122, productive 39 (32.0%), vertices/sample 0.388
  qp-env        4/4       3.08/9.27/31.57          342       14     9.64   0.0555    35%     0.0008      0/2556         0     0.0025       0
      primary samples 6, productive 5 (83.3%), vertices/sample 5.500
      qp 255.9 rows/call, 91% of calls reached the solver, 1995 calls
  vamp-rrtc     4/4       0.17/1.04/5.98         12417       56    17.56        -      -     0.0003      0/3236         0     0.0010       0
      primary samples 0, productive 0 (0.0%), vertices/sample 0.000

box  (4 problems, 0 skipped: 0 clearance, 0 self-collision)
  rrtconnect    4/4       4.78/10.26/14.32         2813       16    13.33        -      -     0.0011      0/2350         0     0.0025       0
      primary samples 32, productive 12 (37.5%), vertices/sample 0.533
  qp-fixed      4/4       4.77/5.22/12.44          423        7     5.66   0.0125     0%     0.0008      0/1925         0     0.0025       0
      primary samples 1, productive 1 (100.0%), vertices/sample 6.000
      qp 275.6 rows/call, 45% of calls reached the solver, 2283 calls
  qp-plain      4/4       5.11/5.48/13.68          423        7     5.66   0.0125     0%     0.0008      0/1925         0     0.0025       0
      primary samples 1, productive 1 (100.0%), vertices/sample 6.000
      qp 342.0 rows/call, 100% of calls reached the solver, 2283 calls
  qp-adapt      4/4       0.77/2.10/3.83           175        6     5.66   0.0377    52%     0.0007      0/1387         0     0.0025       0
      primary samples 1, productive 1 (100.0%), vertices/sample 6.000
      qp 292.7 rows/call, 85% of calls reached the solver, 715 calls
  qp-free       4/4      29.37/123.19/201.87       15738       48    15.72   0.0047     0%     0.0016      0/6692         0     0.0025       0
      primary samples 90, productive 37 (41.1%), vertices/sample 0.533
  free-env      4/4       3.52/15.12/19.66          753       49    13.83   0.1061    94%     0.0011      0/3033         0     0.0025       0
      primary samples 90, productive 39 (43.3%), vertices/sample 0.544
  qp-env        4/4       0.50/1.71/2.61           125        7     5.66   0.0833    60%     0.0007      0/1406         0     0.0025       0
      primary samples 1, productive 1 (100.0%), vertices/sample 5.000
      qp 293.1 rows/call, 81% of calls reached the solver, 417 calls
  vamp-rrtc     4/4       0.09/0.13/0.25          1967       14    13.05        -      -     0.0018      0/2149         0     0.0025       0
      primary samples 0, productive 0 (0.0%), vertices/sample 0.000

cage  (5 problems, 0 skipped: 0 clearance, 0 self-collision)
  rrtconnect    5/5     203.54/646.81/1242.54     159289      953    22.51        -      -     0.0000      0/5972         0     0.0022       0
      primary samples 6290, productive 950 (15.1%), vertices/sample 0.149
  qp-fixed      5/5      47.81/91.16/780.70        7046       49    17.27   0.0096     0%     0.0001      0/8075         0     0.0022       0
      primary samples 23, productive 22 (95.7%), vertices/sample 1.826
      qp 270.4 rows/call, 84% of calls reached the solver, 88894 calls
  qp-plain      5/5      50.59/95.89/826.75        7046       49    17.27   0.0096     0%     0.0001      0/8075         0     0.0022       0
      primary samples 23, productive 22 (95.7%), vertices/sample 1.826
      qp 342.0 rows/call, 100% of calls reached the solver, 88894 calls
  qp-adapt      5/5      18.46/50.83/517.92        4024       42    18.87   0.0168    32%     0.0001      0/6697         0     0.0002       0
      primary samples 23, productive 19 (82.6%), vertices/sample 1.826
      qp 273.0 rows/call, 97% of calls reached the solver, 57063 calls
  qp-free       5/5    1137.52/2294.06/6401.40     297514      603    19.63   0.0034     0%     0.0017      0/9575         0     0.0022       0
      primary samples 2351, productive 580 (24.7%), vertices/sample 0.256
  free-env      5/5     159.50/179.07/797.73        9078      366    25.35   0.0681    91%     0.0001      0/6897         0     0.0000       0
      primary samples 1453, productive 350 (24.1%), vertices/sample 0.252
  qp-env        5/5       8.20/40.10/432.79        2875       41    18.95   0.0238    30%     0.0001      0/6064         0     0.0005       0
      primary samples 23, productive 19 (82.6%), vertices/sample 1.783
      qp 276.6 rows/call, 99% of calls reached the solver, 41558 calls
  vamp-rrtc     5/5       4.26/12.56/36.04       256184      710    20.84        -      -     0.0005      0/5721         0     0.0003       0
      primary samples 0, productive 0 (0.0%), vertices/sample 0.000

table_pick  (4 problems, 0 skipped: 0 clearance, 0 self-collision)
  rrtconnect    4/4       5.27/10.47/13.14         1866       12     9.49        -      -     0.0027      0/1950         0     0.0024       0
      primary samples 16, productive 7 (43.8%), vertices/sample 1.000
  qp-fixed      4/4       7.48/10.38/12.24          697        7     8.38   0.0127     0%     0.0052      0/2533         0     0.0025       0
      primary samples 1, productive 1 (100.0%), vertices/sample 7.000
      qp 240.7 rows/call, 40% of calls reached the solver, 2529 calls
  qp-plain      4/4       7.96/11.59/13.29          697        7     8.38   0.0127     0%     0.0052      0/2533         0     0.0025       0
      primary samples 1, productive 1 (100.0%), vertices/sample 7.000
      qp 342.0 rows/call, 100% of calls reached the solver, 2529 calls
  qp-adapt      4/4       0.99/1.67/1.78           120        7     8.38   0.1115    78%     0.0052      0/1879         0     0.0025       0
      primary samples 1, productive 1 (100.0%), vertices/sample 7.000
      qp 278.0 rows/call, 62% of calls reached the solver, 415 calls
  qp-free       4/4      10.31/39.00/55.05         3965       20    12.25   0.0075     0%     0.0027      0/3501         0     0.0022       0
      primary samples 28, productive 11 (39.3%), vertices/sample 0.750
  free-env      4/4       1.42/4.01/11.18          150       12    12.32   0.1745    97%     0.0006      0/2524         0     0.0018       0
      primary samples 16, productive 7 (43.8%), vertices/sample 1.333
  qp-env        4/4       0.48/0.78/2.95            46       15     9.07   0.2536    91%     0.0037      0/2248         0     0.0006       0
      primary samples 1, productive 1 (100.0%), vertices/sample 7.000
      qp 276.4 rows/call, 72% of calls reached the solver, 289 calls
  vamp-rrtc     4/4       0.05/0.11/0.25          1568       12     9.49        -      -     0.0027      0/1950         0     0.0024       0
      primary samples 0, productive 0 (0.0%), vertices/sample 0.000

table_under_pick  (4 problems, 0 skipped: 0 clearance, 0 self-collision)
  rrtconnect    4/4       6.12/18.16/41.41         3252       18    13.68        -      -     0.0004      0/2900         0     0.0006       0
      primary samples 61, productive 13 (21.3%), vertices/sample 0.348
  qp-fixed      4/4       9.86/47.77/129.76        2765       21     9.87   0.0139     0%     0.0017      0/3466         0     0.0002       0
      primary samples 9, productive 9 (100.0%), vertices/sample 9.000
      qp 285.7 rows/call, 91% of calls reached the solver, 11527 calls
  qp-plain      4/4      10.57/48.88/131.61        2765       21     9.87   0.0139     0%     0.0017      0/3466         0     0.0002       0
      primary samples 9, productive 9 (100.0%), vertices/sample 9.000
      qp 342.0 rows/call, 100% of calls reached the solver, 11527 calls
  qp-adapt      4/4       1.21/22.45/65.34         1399       21     9.89   0.0804    63%     0.0006      0/2877         0     0.0000       0
      primary samples 9, productive 9 (100.0%), vertices/sample 9.000
      qp 300.5 rows/call, 97% of calls reached the solver, 5456 calls
  qp-free       4/4       7.62/112.46/198.22       11283       31    15.51   0.0039     0%     0.0013      0/5083         0     0.0020       0
      primary samples 90, productive 24 (26.7%), vertices/sample 0.377
  free-env      4/4       1.26/18.33/46.28          703       25    16.16   0.0746    95%     0.0005      0/3141         0     0.0025       0
      primary samples 90, productive 19 (21.1%), vertices/sample 0.358
  qp-env        4/4       0.70/11.72/31.48          693       21     9.84   0.1829    64%     0.0007      0/2310         0     0.0000       0
      primary samples 9, productive 8 (88.9%), vertices/sample 7.000
      qp 296.1 rows/call, 97% of calls reached the solver, 2569 calls
  vamp-rrtc     4/4       0.05/0.20/0.56          4190       18    17.64        -      -     0.0044      0/3294         0     0.0006       0
      primary samples 0, productive 0 (0.0%), vertices/sample 0.000

Hop disposition -- what set the hop's length, median over problems.
  row         floored(<1 step)    at region   edge-limited
  qp-fixed            100.0%         0.0%           0.0%
  qp-plain            100.0%         0.0%           0.0%
  qp-adapt             54.3%        44.7%           1.7%
  qp-free             100.0%         0.0%           0.0%
  free-env              3.6%        83.0%          12.7%
  qp-env               49.7%        47.7%           4.4%

Endpoint clearance at zero margin -- min(start, goal) over all spheres.
  scene                     min    median       max affordable   problems by margin
  bookshelf_small        0.0052    0.0095    0.0102    0.0052   0:100% 0.02:  0% 0.04:  0% 0.06:  0% 0.09:  0%
  bookshelf_tall         0.0030    0.0082    0.0084    0.0030   0:100% 0.02:  0% 0.04:  0% 0.06:  0% 0.09:  0%
  bookshelf_thin         0.0034    0.0054    0.0071    0.0034   0:100% 0.02:  0% 0.04:  0% 0.06:  0% 0.09:  0%
  box                    0.0127    0.0127    0.0127    0.0127   0:100% 0.02:  0% 0.04:  0% 0.06:  0% 0.09:  0%
  cage                   0.0127    0.0127    0.0127    0.0127   0:100% 0.02:  0% 0.04:  0% 0.06:  0% 0.09:  0%
  table_pick             0.0079    0.0081    0.0082    0.0079   0:100% 0.02:  0% 0.04:  0% 0.06:  0% 0.09:  0%
  table_under_pick       0.0046    0.0080    0.0083    0.0046   0:100% 0.02:  0% 0.04:  0% 0.06:  0% 0.09:  0%

all scenes  (29 problems, 0 skipped: 0 clearance, 0 self-collision)
  rrtconnect   29/29      2.72/18.16/1242.54       3828       21    13.08        -      -     0.0000      0/20663        0     0.0006       0
      primary samples 61, productive 17 (27.9%), vertices/sample 0.286
  qp-fixed     29/29      4.02/12.44/780.70         721       11     9.63   0.0123     0%     0.0001      0/25001        0     0.0002       0
      primary samples 1, productive 1 (100.0%), vertices/sample 5.000
      qp 264.8 rows/call, 49% of calls reached the solver, 120533 calls
  qp-plain     29/29      4.63/13.68/826.75         721       11     9.63   0.0123     0%     0.0001      0/25001        0     0.0002       0
      primary samples 1, productive 1 (100.0%), vertices/sample 5.000
      qp 342.0 rows/call, 100% of calls reached the solver, 120533 calls
  qp-adapt     29/29      0.44/3.83/517.92         232       10     9.63   0.0282    46%     0.0001      0/20293        0     0.0000       0
      primary samples 2, productive 2 (100.0%), vertices/sample 5.000
      qp 278.0 rows/call, 86% of calls reached the solver, 71612 calls
  qp-free      29/29      7.62/123.19/6401.40      15262       47    12.66   0.0047     0%     0.0006      0/38751        0     0.0009       0
      primary samples 90, productive 37 (41.1%), vertices/sample 0.405
  free-env     29/29      1.26/18.33/797.73         703       39    13.83   0.0843    94%     0.0000      0/23557        0     0.0000       0
      primary samples 90, productive 30 (33.3%), vertices/sample 0.431
  qp-env       29/29      0.26/2.95/432.79         178       13     9.64   0.0680    50%     0.0001      0/18483        0     0.0000       0
      primary samples 2, productive 2 (100.0%), vertices/sample 5.000
      qp 279.4 rows/call, 90% of calls reached the solver, 49141 calls
  vamp-rrtc    29/29      0.03/0.25/36.04         3782       18    13.33        -      -     0.0003      0/20897        0     0.0003       0
      primary samples 0, productive 0 (0.0%), vertices/sample 0.000

"samples" is checked configurations for isSafe, barrier evaluations for
the three CBF rows, and SIMD configuration lanes evaluated for VAMP. They measure
sampling work, while wall time captures the very different per-sample costs.
"unsafe/audited" evaluates exact primitive clearance at every state of the
densified solution -- for each CBF row that is the rollout the planner recorded
for each edge, replayed, so it is the motion that would actually be executed,
sampled inside each step rather than only at its boundaries. Non-zero unsafe
invalidates a row however fast it was.
"missed" counts solution edges that were not on file and had to be
re-derived; it must be zero, or the audited motion is a different trajectory
from the one the planner found.


envelope hop: 12880 filter calls, 1.208 hold queries/call, 15.9% saturated, 100.0% longer than L1, past one step 91.9% (L1 alone 52.9%), gated 73.8%, empty-active 0.0%, screen-escalated 1.5%
envelope bottleneck: world 97.3%, self-collision 2.6%, unbound 0.1% (horizon or screen clip), blocked 0.0%, joint-limit clamped 0.0%
envelope binding term:
  world rows       L1 0.0%, local-L1 0.5%, speed-capped 7.3%, isotropic-anchored 92.2% (of 12533 bound calls)
  self-pair rows   L1 0.0%, local-L1 0.0%, speed-capped 0.6%, normal-anchored 99.4% (of 338 bound calls)
local-lever screen: 437711 of 725181 expensive world rows settled before the envelope (60.4%)
span handed to the rollout, in controller steps (49140 calls):
                   <1      1-2      2-4      4-8       8+
  L1 only      86.13%     7.16%     3.79%     1.70%     1.22%
  envelope     75.92%     5.75%     7.62%     5.15%     5.55%
=== CBF profiler (wall time) ===
=== CBF filter stats ===
  calls=0  unchanged=0 (0.0%)  filtered=0 (0.0%)  blocked=0 (0.0%)
  active rows:       avg=0.00  max=0
  zero-row fast path: 0 (0.0%)
  qp iterations:     avg=0.00  max=0
  certified duration: avg=0.00000s  min=0.00000s  max=0.00000s  (over 0 non-blocked calls)
  required gain:     avg=0.000/s  max=0.000/s  p50=0.000/s  p90=0.000/s  p99=0.000/s  (over 0 calls, 0 uncertified)
