
MotionBenchMaker UR5, 689 problems loaded, up to 100 per scene
voxel 0.003 m, margin 0.0000 m + 0.0000 m filter buffer, stepSize 0.001 s, range 2.00 rad, 10.0 s limit

hop certificates: old L1 Lipschitz region and new hold-time bound
Picard: off; trajectory prefixes: 0; sequential rollout budget: 10000 calls
kappa 20.00 /s, certified step uncapped, self-collision margin 0.0000 m over 302 pairs
baseline segment: 0.000650 of extent = 0.0100 rad, rollout step 0.0100 rad (matched to the rollout)
rope shortcut off, all rows unsimplified

seed 1
  planner       solved ms(min/med/max)        samples vertices     path rad/call coarse  worst clr unsafe/audited missed worst self collide

bookshelf_small  (4 problems, 1 skipped: 0 clearance, 1 self-collision)
  rrtconnect    3/3       3.60/5.93/91.19         2296       13    11.79        -      -     0.0021      0/2237         0     0.0005       0
      primary samples 34, productive 9 (26.5%), vertices/sample 0.382
  qp-fixed      3/3       6.15/6.99/13.59          745       12     9.23   0.0121     0%     0.0008      0/2673         0     0.0001       0
      primary samples 2, productive 2 (100.0%), vertices/sample 7.000
      qp 273.1 rows/call, 58% of calls reached the solver, 2998 calls
  qp-plain      3/3       6.40/6.97/13.83          745       12     9.23   0.0121     0%     0.0008      0/2673         0     0.0001       0
      primary samples 2, productive 2 (100.0%), vertices/sample 7.000
      qp 342.0 rows/call, 100% of calls reached the solver, 2998 calls
  qp-adapt      3/3       1.78/4.39/5.74           450       12     9.24   0.0226    30%     0.0008      0/2128         0     0.0001       0
      primary samples 2, productive 2 (100.0%), vertices/sample 6.000
      qp 299.5 rows/call, 89% of calls reached the solver, 1371 calls
  qp-free       3/3      26.49/42.39/306.28        4974       21    15.19   0.0058     0%     0.0031      0/4061         0     0.0014       0
      primary samples 27, productive 14 (51.9%), vertices/sample 0.778
  free-env      3/3       1.29/2.85/28.04          232       13    13.69   0.0809    95%     0.0009      0/2056         0     0.0003       0
      primary samples 18, productive 9 (50.0%), vertices/sample 0.722
  qp-env        3/3       0.72/3.01/4.86           291       12     9.27   0.0389    17%     0.0006      0/1900         0     0.0001       0
      primary samples 2, productive 2 (100.0%), vertices/sample 6.000
      qp 301.3 rows/call, 93% of calls reached the solver, 872 calls
  vamp-rrtc     3/3       0.02/0.08/1.00          2340       15    11.79        -      -     0.0038      0/1758         0     0.0005       0
      primary samples 0, productive 0 (0.0%), vertices/sample 0.000

bookshelf_tall  (4 problems, 0 skipped: 0 clearance, 0 self-collision)
  rrtconnect    4/4      10.52/39.66/252.79        8595       38    16.19        -      -     0.0003      0/3053         0     0.0025       0
      primary samples 172, productive 34 (19.8%), vertices/sample 0.294
  qp-fixed      4/4       3.82/19.56/22.53         1414       13    12.74   0.0119     0%     0.0001      0/3279         0     0.0025       0
      primary samples 3, productive 3 (100.0%), vertices/sample 5.000
      qp 295.8 rows/call, 68% of calls reached the solver, 4421 calls
  qp-plain      4/4       4.04/18.87/23.12         1414       13    12.74   0.0119     0%     0.0001      0/3279         0     0.0025       0
      primary samples 3, productive 3 (100.0%), vertices/sample 5.000
      qp 342.0 rows/call, 100% of calls reached the solver, 4421 calls
  qp-adapt      4/4       0.62/7.59/12.14          670       14    12.77   0.0280    65%     0.0001      0/2602         0     0.0025       0
      primary samples 3, productive 3 (100.0%), vertices/sample 5.000
      qp 304.7 rows/call, 95% of calls reached the solver, 2074 calls
  qp-free       4/4      30.89/144.08/712.24       12265       48    13.38   0.0064     0%     0.0007      0/5150         0     0.0025       0
      primary samples 119, productive 42 (35.3%), vertices/sample 0.645
  free-env      4/4       2.76/65.69/86.60         3239      122    13.14   0.1011    95%     0.0001      0/2779         0     0.0025       0
      primary samples 486, productive 117 (24.1%), vertices/sample 0.581
  qp-env        4/4       0.40/4.22/7.96           322       14    12.77   0.1286    75%     0.0002      0/2318         0     0.0025       0
      primary samples 3, productive 3 (100.0%), vertices/sample 5.000
      qp 303.6 rows/call, 97% of calls reached the solver, 994 calls
  vamp-rrtc     4/4       0.08/0.39/1.81         13434       47    15.25        -      -     0.0003      0/3022         0     0.0011       0
      primary samples 0, productive 0 (0.0%), vertices/sample 0.000

bookshelf_thin  (4 problems, 0 skipped: 0 clearance, 0 self-collision)
  rrtconnect    4/4      32.91/116.72/326.65       17647       90    19.21        -      -     0.0001      0/3714         0     0.0002       0
      primary samples 356, productive 86 (24.2%), vertices/sample 0.285
  qp-fixed      4/4       6.92/8.43/22.77          502        6     7.04   0.0151     0%     0.0007      0/2402         0     0.0006       0
      primary samples 1, productive 1 (100.0%), vertices/sample 6.000
      qp 271.9 rows/call, 55% of calls reached the solver, 2694 calls
  qp-plain      4/4       6.97/8.53/21.79          502        6     7.04   0.0151     0%     0.0007      0/2402         0     0.0006       0
      primary samples 1, productive 1 (100.0%), vertices/sample 6.000
      qp 342.0 rows/call, 100% of calls reached the solver, 2694 calls
  qp-adapt      4/4       2.53/4.03/8.33           247        6     7.06   0.0364    47%     0.0007      0/2042         0     0.0006       0
      primary samples 1, productive 1 (100.0%), vertices/sample 6.000
      qp 283.3 rows/call, 89% of calls reached the solver, 1172 calls
  qp-free       4/4     191.93/659.84/1333.28      41741      145    17.15   0.0051     0%     0.0004      0/5340         0     0.0001       0
      primary samples 395, productive 140 (35.4%), vertices/sample 0.378
  free-env      4/4      16.87/69.87/131.24        2623      140    17.49   0.0906    98%     0.0001      0/3264         0     0.0000       0
      primary samples 395, productive 135 (34.2%), vertices/sample 0.362
  qp-env        4/4       1.14/2.51/3.60           146        6     7.12   0.0693    50%     0.0007      0/1844         0     0.0007       0
      primary samples 1, productive 1 (100.0%), vertices/sample 6.000
      qp 286.0 rows/call, 92% of calls reached the solver, 553 calls
  vamp-rrtc     4/4       0.22/0.90/1.57         22833      105    17.75        -      -     0.0001      0/3307         0     0.0004       0
      primary samples 0, productive 0 (0.0%), vertices/sample 0.000

box  (5 problems, 0 skipped: 0 clearance, 0 self-collision)
  rrtconnect    5/5       3.93/7.34/21.77         1889       12    12.25        -      -     0.0016      0/3128         0     0.0025       0
      primary samples 32, productive 8 (25.0%), vertices/sample 0.312
  qp-fixed      5/5       3.44/6.55/11.56          724       11     7.64   0.0118     0%     0.0017      0/3408         0     0.0025       0
      primary samples 2, productive 2 (100.0%), vertices/sample 6.000
      qp 274.9 rows/call, 58% of calls reached the solver, 3954 calls
  qp-plain      5/5       3.64/6.53/11.90          724       11     7.64   0.0118     0%     0.0017      0/3408         0     0.0025       0
      primary samples 2, productive 2 (100.0%), vertices/sample 6.000
      qp 342.0 rows/call, 100% of calls reached the solver, 3954 calls
  qp-adapt      5/5       0.91/1.87/3.80           215       11    10.36   0.0342    66%     0.0017      0/2980         0     0.0025       0
      primary samples 2, productive 2 (100.0%), vertices/sample 5.500
      qp 285.8 rows/call, 80% of calls reached the solver, 1416 calls
  qp-free       5/5      23.17/31.59/414.18        4047       17    12.44   0.0049     0%     0.0022      0/7842         0     0.0008       0
      primary samples 25, productive 9 (36.0%), vertices/sample 0.560
  free-env      5/5       1.33/3.47/36.42          263       23    13.86   0.1173    94%     0.0006      0/3582         0     0.0022       0
      primary samples 23, productive 14 (60.9%), vertices/sample 1.000
  qp-env        5/5       0.49/1.13/2.10            93       11     7.64   0.0736    57%     0.0015      0/2295         0     0.0025       0
      primary samples 2, productive 2 (100.0%), vertices/sample 6.000
      qp 288.1 rows/call, 79% of calls reached the solver, 551 calls
  vamp-rrtc     5/5       0.04/0.05/0.19          1667       11    11.59        -      -     0.0015      0/2992         0     0.0010       0
      primary samples 0, productive 0 (0.0%), vertices/sample 0.000

cage  (4 problems, 0 skipped: 0 clearance, 0 self-collision)
  rrtconnect    4/4      98.56/303.94/877.14      106059      612    24.44        -      -     0.0009      0/4389         0     0.0015       0
      primary samples 3711, productive 608 (16.4%), vertices/sample 0.170
  qp-fixed      4/4      24.08/49.79/249.33        5183       34    20.62   0.0100     0%     0.0001      0/6496         0     0.0018       0
      primary samples 17, productive 14 (82.4%), vertices/sample 2.182
      qp 269.0 rows/call, 87% of calls reached the solver, 39572 calls
  qp-plain      4/4      25.29/50.66/257.33        5183       34    20.62   0.0100     0%     0.0001      0/6496         0     0.0018       0
      primary samples 17, productive 14 (82.4%), vertices/sample 2.182
      qp 342.0 rows/call, 100% of calls reached the solver, 39572 calls
  qp-adapt      4/4       7.62/28.27/163.23        3038       34    20.62   0.0202    32%     0.0001      0/5204         0     0.0018       0
      primary samples 17, productive 14 (82.4%), vertices/sample 2.182
      qp 272.2 rows/call, 97% of calls reached the solver, 24178 calls
  qp-free       4/4     420.99/2630.78/3312.80     301899      640    24.55   0.0038     0%     0.0011      0/9175         0     0.0025       0
      primary samples 2361, productive 623 (26.4%), vertices/sample 0.310
  free-env      4/4     165.68/179.24/212.66       13640      556    18.68   0.0661    92%     0.0000      0/4219         0     0.0002       0
      primary samples 2001, productive 528 (26.4%), vertices/sample 0.285
  qp-env        4/4       6.10/20.57/122.83        2033       34    20.61   0.0275    25%     0.0001      0/4718         0     0.0015       0
      primary samples 17, productive 14 (82.4%), vertices/sample 2.182
      qp 273.2 rows/call, 98% of calls reached the solver, 16690 calls
  vamp-rrtc     4/4       1.67/4.03/7.19        145055      496    24.70        -      -     0.0020      0/4703         0     0.0025       0
      primary samples 0, productive 0 (0.0%), vertices/sample 0.000

table_pick  (4 problems, 0 skipped: 0 clearance, 0 self-collision)
  rrtconnect    4/4       5.87/15.64/20.88         4141       21    13.29        -      -     0.0005      0/2851         0     0.0025       0
      primary samples 69, productive 17 (24.6%), vertices/sample 0.350
  qp-fixed      4/4       4.05/6.95/7.28           698        7     8.53   0.0130     0%     0.0032      0/2222         0     0.0025       0
      primary samples 1, productive 1 (100.0%), vertices/sample 7.000
      qp 242.2 rows/call, 22% of calls reached the solver, 2218 calls
  qp-plain      4/4       4.25/7.53/7.91           698        7     8.53   0.0130     0%     0.0032      0/2222         0     0.0025       0
      primary samples 1, productive 1 (100.0%), vertices/sample 7.000
      qp 342.0 rows/call, 100% of calls reached the solver, 2218 calls
  qp-adapt      4/4       0.63/0.71/1.10            80        7     8.53   0.0870    65%     0.0032      0/1589         0     0.0025       0
      primary samples 1, productive 1 (100.0%), vertices/sample 7.000
      qp 291.5 rows/call, 68% of calls reached the solver, 328 calls
  qp-free       4/4      21.53/79.12/114.82        7706       24     9.35   0.0063     0%     0.0007      0/3329         0     0.0025       0
      primary samples 51, productive 18 (35.3%), vertices/sample 1.176
  free-env      4/4       2.30/6.70/10.23          370       22    10.54   0.1113    98%     0.0006      0/2109         0     0.0025       0
      primary samples 51, productive 16 (31.4%), vertices/sample 1.000
  qp-env        4/4       0.33/0.42/0.60            33        7     8.53   0.2074    97%     0.0029      0/1496         0     0.0025       0
      primary samples 1, productive 1 (100.0%), vertices/sample 7.000
      qp 285.5 rows/call, 66% of calls reached the solver, 141 calls
  vamp-rrtc     4/4       0.13/0.17/0.18          4814       24    13.04        -      -     0.0014      0/2456         0     0.0025       0
      primary samples 0, productive 0 (0.0%), vertices/sample 0.000

table_under_pick  (4 problems, 0 skipped: 0 clearance, 0 self-collision)
  rrtconnect    4/4       3.55/9.92/10.01         2690       14    15.78        -      -     0.0055      0/2870         0     0.0025       0
      primary samples 36, productive 10 (27.8%), vertices/sample 0.417
  qp-fixed      4/4       7.63/18.44/36.55         1616       14     9.94   0.0128     0%     0.0012      0/3151         0     0.0009       0
      primary samples 6, productive 4 (66.7%), vertices/sample 7.000
      qp 294.7 rows/call, 85% of calls reached the solver, 6232 calls
  qp-plain      4/4       7.91/18.93/36.30         1616       14     9.94   0.0128     0%     0.0012      0/3151         0     0.0009       0
      primary samples 6, productive 4 (66.7%), vertices/sample 7.000
      qp 342.0 rows/call, 100% of calls reached the solver, 6232 calls
  qp-adapt      4/4       0.98/12.04/23.84         1126       13     9.96   0.0309    48%     0.0010      0/2529         0     0.0008       0
      primary samples 6, productive 4 (66.7%), vertices/sample 6.500
      qp 293.8 rows/call, 88% of calls reached the solver, 3625 calls
  qp-free       4/4      11.25/81.45/535.49        8068       16    17.49   0.0039     0%     0.0042      0/5516         0     0.0025       0
      primary samples 62, productive 12 (19.4%), vertices/sample 0.314
  free-env      4/4       1.26/9.84/37.12          644       24    16.01   0.0842    98%     0.0000      0/3313         0     0.0025       0
      primary samples 68, productive 15 (22.1%), vertices/sample 0.353
  qp-env        4/4       0.62/9.19/19.16          772       12    10.05   0.0612    41%     0.0004      0/2275         0     0.0013       0
      primary samples 6, productive 4 (66.7%), vertices/sample 6.000
      qp 296.1 rows/call, 97% of calls reached the solver, 2541 calls
  vamp-rrtc     4/4       0.03/0.08/0.13          1920       14    15.87        -      -    -0.0001      1/2875         0     0.0025       0
      primary samples 0, productive 0 (0.0%), vertices/sample 0.000

Hop disposition -- what set the hop's length, median over problems.
  row         floored(<1 step)    at region   edge-limited
  qp-fixed            100.0%         0.0%           0.0%
  qp-plain            100.0%         0.0%           0.0%
  qp-adapt             51.2%        48.0%           2.2%
  qp-free             100.0%         0.0%           0.0%
  free-env              3.1%        83.6%          13.0%
  qp-env               48.4%        47.7%           5.5%

Endpoint clearance at zero margin -- min(start, goal) over all spheres.
  scene                     min    median       max affordable   problems by margin
  bookshelf_small       -0.0071    0.0084    0.0089   -0.0071   0: 75% 0.02:  0% 0.04:  0% 0.06:  0% 0.09:  0%
  bookshelf_tall         0.0025    0.0049    0.0091    0.0025   0:100% 0.02:  0% 0.04:  0% 0.06:  0% 0.09:  0%
  bookshelf_thin         0.0017    0.0066    0.0102    0.0017   0:100% 0.02:  0% 0.04:  0% 0.06:  0% 0.09:  0%
  box                    0.0127    0.0127    0.0127    0.0127   0:100% 0.02:  0% 0.04:  0% 0.06:  0% 0.09:  0%
  cage                   0.0105    0.0127    0.0127    0.0105   0:100% 0.02:  0% 0.04:  0% 0.06:  0% 0.09:  0%
  table_pick             0.0076    0.0081    0.0082    0.0076   0:100% 0.02:  0% 0.04:  0% 0.06:  0% 0.09:  0%
  table_under_pick       0.0076    0.0078    0.0079    0.0076   0:100% 0.02:  0% 0.04:  0% 0.06:  0% 0.09:  0%

all scenes  (29 problems, 1 skipped: 0 clearance, 1 self-collision)
  rrtconnect   28/28      3.55/20.88/877.14        5405       28    15.78        -      -     0.0001      0/22242        0     0.0002       0
      primary samples 104, productive 24 (23.1%), vertices/sample 0.290
  qp-fixed     28/28      3.44/8.43/249.33         816       11     9.24   0.0119     0%     0.0001      0/23631        0     0.0001       0
      primary samples 2, productive 2 (100.0%), vertices/sample 5.500
      qp 269.0 rows/call, 58% of calls reached the solver, 62089 calls
  qp-plain     28/28      3.64/8.53/257.33         816       11     9.24   0.0119     0%     0.0001      0/23631        0     0.0001       0
      primary samples 2, productive 2 (100.0%), vertices/sample 5.500
      qp 342.0 rows/call, 100% of calls reached the solver, 62089 calls
  qp-adapt     28/28      0.62/3.80/163.23         419       11     9.61   0.0335    52%     0.0001      0/19074        0     0.0001       0
      primary samples 2, productive 2 (100.0%), vertices/sample 5.000
      qp 284.6 rows/call, 87% of calls reached the solver, 34164 calls
  qp-free      28/28     11.25/144.08/3312.80      12265       35    14.31   0.0049     0%     0.0004      0/40413        0     0.0001       0
      primary samples 90, productive 31 (34.4%), vertices/sample 0.416
  free-env     28/28      1.26/10.23/212.66         644       33    13.69   0.0842    95%     0.0000      0/21322        0     0.0000       0
      primary samples 84, productive 29 (34.5%), vertices/sample 0.367
  qp-env       28/28      0.33/1.82/122.83         146       11     9.27   0.0693    52%     0.0001      0/16846        0     0.0001       0
      primary samples 2, productive 2 (100.0%), vertices/sample 5.500
      qp 286.0 rows/call, 89% of calls reached the solver, 22342 calls
  vamp-rrtc    28/28      0.02/0.17/7.19          5644       24    14.17        -      -    -0.0001      1/21113        0     0.0004       0
      primary samples 0, productive 0 (0.0%), vertices/sample 0.000

"samples" is checked configurations for isSafe, barrier evaluations for
the three CBF rows, and SIMD configuration lanes evaluated for VAMP. They measure
sampling work, while wall time captures the very different per-sample costs.
"unsafe/audited" evaluates exact primitive clearance at every state of the
densified solution -- for each CBF row that is the rollout the planner recorded
for each edge, replayed, so it is the motion that would actually be executed,
sampled inside each step rather than only at its boundaries. Non-zero unsafe
invalidates a row however fast it was.
"missed" counts solution edges that were not on file and had to be
re-derived; it must be zero, or the audited motion is a different trajectory
from the one the planner found.


envelope hop: 5820 filter calls, 1.298 hold queries/call, 20.5% saturated, 100.0% longer than L1, past one step 96.0% (L1 alone 53.3%), gated 74.0%, empty-active 0.0%, screen-escalated 3.2%
envelope bottleneck: world 96.3%, self-collision 3.6%, unbound 0.2% (horizon or screen clip), blocked 0.0%, joint-limit clamped 0.0%
envelope binding term:
  world rows       L1 0.0%, local-L1 1.1%, speed-capped 4.0%, isotropic-anchored 94.9% (of 5603 bound calls)
  self-pair rows   L1 0.0%, local-L1 0.0%, speed-capped 0.0%, normal-anchored 100.0% (of 208 bound calls)
local-lever screen: 324366 of 540238 expensive world rows settled before the envelope (60.0%)
span handed to the rollout, in controller steps (22342 calls):
                   <1      1-2      2-4      4-8       8+
  L1 only      86.12%     6.99%     3.32%     1.69%     1.88%
  envelope     74.99%     4.82%     7.64%     5.72%     6.83%
=== CBF profiler (wall time) ===
=== CBF filter stats ===
  calls=0  unchanged=0 (0.0%)  filtered=0 (0.0%)  blocked=0 (0.0%)
  active rows:       avg=0.00  max=0
  zero-row fast path: 0 (0.0%)
  qp iterations:     avg=0.00  max=0
  certified duration: avg=0.00000s  min=0.00000s  max=0.00000s  (over 0 non-blocked calls)
  required gain:     avg=0.000/s  max=0.000/s  p50=0.000/s  p90=0.000/s  p99=0.000/s  (over 0 calls, 0 uncertified)
