
MotionBenchMaker UR5, 140 problems loaded, up to 20 per scene
voxel 0.030 m, margin 0.0040 m + 0.0050 m filter buffer, stepSize 0.050 s, range 2.00 rad, 5.0 s limit

hop certificate: safe (region)
kappa 8.00 /s, certified step uncapped, self-collision margin 0.0000 m over 303 pairs
baseline segment: 0.001624 of extent = 0.0250 rad, rollout step 0.0250 rad (matched to the rollout)
rope shortcut off, all rows unsimplified

seed 1
  planner       solved ms(min/med/max)        samples vertices     path rad/call coarse  worst clr unsafe/audited missed worst self collide

bookshelf_small  (20 problems, 0 skipped: 0 clearance, 0 self-collision)
  rrtconnect   20/20      0.20/1.37/130.11        1553       20    14.21        -      -    -0.0032     22/14180        0     0.0025       0
  cbf-rrtc     20/20      0.11/0.92/2.26           329       12     9.42   0.0448    13%    -0.0045     55/11058        0     0.0025       0
  vamp-rrtc    20/20      0.02/0.14/0.71          5914       31    15.03        -      -    -0.0039     29/13468        0     0.0004       0
  kpiece       20/20      0.71/25.65/3330.34      30006      326   116.94        -      -    -0.0064    130/137087       0     0.0001       0
  cbf-kpiece   20/20      2.13/17.32/594.08        7425      202    97.00   0.0528    27%    -0.0221    170/138226       0    -0.0108       6

bookshelf_tall  (20 problems, 0 skipped: 0 clearance, 0 self-collision)
  rrtconnect   20/20      0.67/2.95/23.05         3365       37    14.62        -      -    -0.0045     56/14009        0     0.0025       0
  cbf-rrtc     20/20      0.23/1.63/15.50          597       17    11.40   0.0311     6%    -0.0089     93/14707        0     0.0025       0
  vamp-rrtc    20/20      0.04/0.14/0.96          4130       20    13.54        -      -    -0.0039     99/13947        0     0.0003       0
  kpiece       20/20      2.58/32.06/1140.10      37585      422   120.39        -      -    -0.0073    110/141916       0     0.0000       0
  cbf-kpiece   20/20      2.81/27.63/217.20       11600      320   122.08   0.0510    24%    -0.0217    224/144405       0    -0.0030       5

bookshelf_thin  (20 problems, 0 skipped: 0 clearance, 0 self-collision)
  rrtconnect   20/20      0.27/1.60/9.80          1831       23    11.17        -      -    -0.0065     47/11699        0     0.0025       0
  cbf-rrtc     20/20      0.12/0.48/3.72           171        8     8.28   0.0514    18%    -0.0036    143/11072        0     0.0025       0
  vamp-rrtc    20/20      0.03/0.19/4.31          4589       25    13.93        -      -    -0.0031     38/14009        0     0.0004       0
  kpiece       20/20      2.26/32.26/396.22       37672      413   157.59        -      -    -0.0058     82/175515       0     0.0000       0
  cbf-kpiece   20/20      0.39/41.62/2480.48      18550      571   152.65   0.0585    28%    -0.0169    374/170384       0    -0.0077       4

box  (20 problems, 0 skipped: 0 clearance, 0 self-collision)
  rrtconnect   20/20      0.24/0.91/5.47          1031       14    10.65        -      -    -0.0022      4/11924        0     0.0025       0
  cbf-rrtc     20/20      0.13/0.69/4.97           297       11     7.20   0.0448    19%    -0.0005     15/10175        0     0.0025       0
  vamp-rrtc    20/20      0.03/0.05/0.52          1435       11    11.83        -      -    -0.0032     33/12586        0     0.0014       0
  kpiece       20/20      0.28/18.10/70.40        21238      232   107.72        -      -    -0.0044     40/120158       0     0.0000       0
  cbf-kpiece   20/20      0.63/16.08/68.38         6790      197   107.02   0.0561    26%    -0.0048    127/133006       0    -0.0106      17

cage  (20 problems, 0 skipped: 0 clearance, 0 self-collision)
  rrtconnect   20/20      5.17/59.26/258.56       62464      815    23.06        -      -    -0.0040     33/23070        0     0.0025       0
  cbf-rrtc     20/20      5.29/22.70/52.28         8101      123    23.95   0.0262     4%    -0.0081     67/30489        0     0.0012       0
  vamp-rrtc    20/20      0.15/2.97/255.59      115866      373    21.09        -      -    -0.0036     59/21310        0     0.0007       0
  kpiece       10/20    213.42/5000.03/5000.12    5783682    62313   394.96        -      -    -0.0072    101/185396       0     0.0000       0
  cbf-kpiece   20/20     23.10/161.17/316.62       67804     1999   261.88   0.0568    26%    -0.0283    285/301702       0    -0.0153      12

table_pick  (20 problems, 0 skipped: 0 clearance, 0 self-collision)
  rrtconnect   20/20      0.31/0.91/5.96          1051       11    10.11        -      -    -0.0046     57/10140        0     0.0025       0
  cbf-rrtc     20/20      0.08/0.22/1.28            94        7     7.82   0.0763    42%    -0.0013     13/8815         0     0.0025       0
  vamp-rrtc    20/20      0.03/0.07/0.31          1557       11    11.52        -      -    -0.0028     27/11106        0     0.0025       0
  kpiece       20/20      1.43/13.69/51.85        16018      160   126.63        -      -    -0.0062     69/113434       0     0.0001       0
  cbf-kpiece   20/20      0.12/11.68/52.14         5484      186   123.89   0.0660    33%    -0.0226    281/135108       0    -0.0009       1

table_under_pick  (20 problems, 0 skipped: 0 clearance, 0 self-collision)
  rrtconnect   20/20      0.36/0.95/1.80          1057       13    13.03        -      -    -0.0034     14/13573        0     0.0025       0
  cbf-rrtc     20/20      0.41/2.78/21.99         1091       30    15.43   0.0294     7%    -0.0014     77/19110        0     0.0025       0
  vamp-rrtc    20/20      0.03/0.08/0.19          2925       15    14.31        -      -    -0.0050     55/14490        0     0.0013       0
  kpiece       20/20      0.60/6.83/102.88        8001       90    79.18        -      -    -0.0061     63/90198        0     0.0003       0
  cbf-kpiece   20/20      2.03/8.62/61.11         3796      115   110.68   0.0558    29%    -0.0123    134/118330       0     0.0010       0

Endpoint clearance at zero margin -- min(start, goal) over all spheres.
  scene                     min    median       max affordable   problems by margin
  bookshelf_small        0.0027    0.0088    0.0126    0.0027   0:100% 0.02:  0% 0.04:  0% 0.06:  0% 0.09:  0%
  bookshelf_tall         0.0040    0.0075    0.0121    0.0040   0:100% 0.02:  0% 0.04:  0% 0.06:  0% 0.09:  0%
  bookshelf_thin         0.0045    0.0071    0.0122    0.0045   0:100% 0.02:  0% 0.04:  0% 0.06:  0% 0.09:  0%
  box                    0.0082    0.0127    0.0127    0.0082   0:100% 0.02:  0% 0.04:  0% 0.06:  0% 0.09:  0%
  cage                   0.0100    0.0127    0.0127    0.0100   0:100% 0.02:  0% 0.04:  0% 0.06:  0% 0.09:  0%
  table_pick             0.0085    0.0092    0.0101    0.0085   0:100% 0.02:  0% 0.04:  0% 0.06:  0% 0.09:  0%
  table_under_pick       0.0056    0.0090    0.0099    0.0056   0:100% 0.02:  0% 0.04:  0% 0.06:  0% 0.09:  0%

all scenes  (140 problems, 0 skipped: 0 clearance, 0 self-collision)
  rrtconnect  140/140     0.20/1.23/258.56        1392       18    13.03        -      -    -0.0065    233/98595        0     0.0025       0
  cbf-rrtc    140/140     0.08/0.96/52.28          346       13    10.14   0.0359    12%    -0.0089    463/105426       0     0.0012       0
  vamp-rrtc   140/140     0.02/0.11/255.59        3628       20    13.90        -      -    -0.0050    340/100916       0     0.0003       0
  kpiece      130/140     0.28/22.49/5000.12      26290      300   120.39        -      -    -0.0073    595/963704       0     0.0000       0
  cbf-kpiece  140/140     0.12/19.30/2480.48       8314      254   123.89   0.0558    27%    -0.0283   1595/1141161      0    -0.0153      45

rollout early termination over 142191 rollouts: tiny-control 34, stalled 1662,
call-budget 82796, abandoned-for-no-progress 2919

"samples" is checked configurations for isSafe, barrier evaluations for
bubbleCBF, and SIMD configuration lanes evaluated for VAMP. They measure
sampling work, while wall time captures the very different per-sample costs.
"unsafe/audited" evaluates exact primitive clearance at every state of the
densified solution -- for cbf-rrtc that is the rollout the planner recorded
for each edge, replayed, so it is the motion that would actually be executed,
sampled inside each step rather than only at its boundaries. Non-zero unsafe
invalidates a row however fast it was.
"missed" counts solution edges that were not on file and had to be
re-derived; it must be zero, or the audited motion is a different trajectory
from the one the planner found.

=== CBF profiler (wall time) ===
=== CBF filter stats ===
  calls=0  unchanged=0 (0.0%)  filtered=0 (0.0%)  blocked=0 (0.0%)
  active rows:       avg=0.00  max=0
  zero-row fast path: 0 (0.0%)
  qp iterations:     avg=0.00  max=0
  certified duration: avg=0.00000s  min=0.00000s  max=0.00000s  (over 0 non-blocked calls)
  required gain:     avg=0.000/s  max=0.000/s  p50=0.000/s  p90=0.000/s  p99=0.000/s  (over 0 calls, 0 uncertified)
