
MotionBenchMaker UR5, 60 problems loaded, up to 100 per scene
voxel 0.003 m, margin 0.0000 m + 0.0000 m filter buffer, stepSize 0.001 s, range 2.00 rad, 10.0 s limit

hop certificates: old L1 Lipschitz region and new hold-time bound
Picard: off; trajectory prefixes: 0; sequential rollout budget: 10000 calls
kappa 20.00 /s, certified step uncapped, self-collision margin 0.0000 m over 303 pairs
baseline segment: 0.000650 of extent = 0.0100 rad, rollout step 0.0100 rad (matched to the rollout)
rope shortcut off, all rows unsimplified

seed 1
  planner       solved ms(min/med/max)        samples vertices     path rad/call coarse  worst clr unsafe/audited missed worst self collide

bookshelf_small  (1 problems, 0 skipped: 0 clearance, 0 self-collision)
  qp-fixed      1/1       4.28/4.28/4.28           531        6     7.08   0.0133     0%     0.0058      0/532          0     0.0025       0
      primary samples 1, productive 1 (100.0%), vertices/sample 6.000
      qp 253.6 rows/call, 46% of calls reached the solver, 531 calls
  qp-adapt      1/1       2.62/2.62/2.62           296        6     7.08   0.0239    51%     0.0058      0/469          0     0.0025       0
      primary samples 1, productive 1 (100.0%), vertices/sample 6.000
      qp 259.9 rows/call, 61% of calls reached the solver, 296 calls
  free-env      1/1       4.25/4.25/4.25           206       21    18.18   0.1647    99%     0.0092      0/941          0     0.0025       0
      primary samples 20, productive 13 (65.0%), vertices/sample 1.050
  qp-env        1/1       1.28/1.28/1.28           122        6     7.08   0.0580    29%     0.0052      0/398          0     0.0025       0
      primary samples 1, productive 1 (100.0%), vertices/sample 6.000
      qp 266.6 rows/call, 75% of calls reached the solver, 122 calls

bookshelf_thin  (1 problems, 0 skipped: 0 clearance, 0 self-collision)
  qp-fixed      1/1       9.19/9.19/9.19           624        8     6.48   0.0113     0%     0.0042      0/515          0     0.0025       0
      primary samples 2, productive 2 (100.0%), vertices/sample 4.000
      qp 264.3 rows/call, 55% of calls reached the solver, 624 calls
  qp-adapt      1/1       4.80/4.80/4.80           296        8     6.48   0.0238    31%     0.0042      0/415          0     0.0025       0
      primary samples 2, productive 2 (100.0%), vertices/sample 4.000
      qp 271.7 rows/call, 94% of calls reached the solver, 296 calls
  free-env      1/1     195.34/195.34/195.34        4755      213     8.94   0.0753    98%     0.0028      0/463          0     0.0025       0
      primary samples 660, productive 205 (31.1%), vertices/sample 0.323
  qp-env        1/1       1.66/1.66/1.66            87        8     6.49   0.0811    68%     0.0056      0/358          0     0.0025       0
      primary samples 2, productive 2 (100.0%), vertices/sample 4.000
      qp 279.2 rows/call, 91% of calls reached the solver, 87 calls

Hop disposition -- what set the hop's length, median over problems.
  row         floored(<1 step)    at region   edge-limited
  qp-fixed            100.0%         0.0%           0.0%
  qp-adapt             67.9%        49.7%           1.7%
  free-env              0.5%        84.0%          16.1%
  qp-env               71.3%        64.4%           6.9%

Endpoint clearance at zero margin -- min(start, goal) over all spheres.
  scene                     min    median       max affordable   problems by margin
  bookshelf_small        0.0092    0.0092    0.0092    0.0092   0:100% 0.02:  0% 0.04:  0% 0.06:  0% 0.09:  0%
  bookshelf_thin         0.0059    0.0059    0.0059    0.0059   0:100% 0.02:  0% 0.04:  0% 0.06:  0% 0.09:  0%

all scenes  (2 problems, 0 skipped: 0 clearance, 0 self-collision)
  qp-fixed      2/2       4.28/9.19/9.19           624        8     7.08   0.0133     0%     0.0042      0/1047         0     0.0025       0
      primary samples 2, productive 2 (100.0%), vertices/sample 6.000
      qp 264.3 rows/call, 55% of calls reached the solver, 1155 calls
  qp-adapt      2/2       2.62/4.80/4.80           296        8     7.08   0.0239    51%     0.0042      0/884          0     0.0025       0
      primary samples 2, productive 2 (100.0%), vertices/sample 6.000
      qp 271.7 rows/call, 94% of calls reached the solver, 592 calls
  free-env      2/2       4.25/195.34/195.34        4755      213    18.18   0.1647    99%     0.0028      0/1404         0     0.0025       0
      primary samples 660, productive 205 (31.1%), vertices/sample 1.050
  qp-env        2/2       1.28/1.66/1.66           122        8     7.08   0.0811    68%     0.0052      0/756          0     0.0025       0
      primary samples 2, productive 2 (100.0%), vertices/sample 6.000
      qp 279.2 rows/call, 91% of calls reached the solver, 209 calls

"samples" is checked configurations for isSafe, barrier evaluations for
the three CBF rows, and SIMD configuration lanes evaluated for VAMP. They measure
sampling work, while wall time captures the very different per-sample costs.
"unsafe/audited" evaluates exact primitive clearance at every state of the
densified solution -- for each CBF row that is the rollout the planner recorded
for each edge, replayed, so it is the motion that would actually be executed,
sampled inside each step rather than only at its boundaries. Non-zero unsafe
invalidates a row however fast it was.
"missed" counts solution edges that were not on file and had to be
re-derived; it must be zero, or the audited motion is a different trajectory
from the one the planner found.


envelope hop: 97 filter calls, 1.691 hold queries/call, 37.2% saturated, 100.0% longer than L1, past one step 100.0% (L1 alone 48.5%), gated 53.6%, empty-active 0.0%, screen-escalated 6.2%
envelope bottleneck: world 97.9%, self-collision 1.0%, unbound 1.0% (horizon or screen clip), blocked 0.0%, joint-limit clamped 0.0%
envelope binding term:
  world rows       L1 0.0%, local-L1 2.1%, speed-capped 0.0%, isotropic-anchored 97.9% (of 95 bound calls)
  self-pair rows   L1 0.0%, local-L1 0.0%, speed-capped 0.0%, normal-anchored 100.0% (of 1 bound calls)
local-lever screen: 18542 of 30790 expensive world rows settled before the envelope (60.2%)
span handed to the rollout, in controller steps (209 calls):
                   <1      1-2      2-4      4-8       8+
  L1 only      77.51%    10.05%     5.74%     2.39%     4.31%
  envelope     53.59%     2.39%     8.61%    14.83%    20.57%
=== CBF profiler (wall time) ===
=== CBF filter stats ===
  calls=0  unchanged=0 (0.0%)  filtered=0 (0.0%)  blocked=0 (0.0%)
  active rows:       avg=0.00  max=0
  zero-row fast path: 0 (0.0%)
  qp iterations:     avg=0.00  max=0
  certified duration: avg=0.00000s  min=0.00000s  max=0.00000s  (over 0 non-blocked calls)
  required gain:     avg=0.000/s  max=0.000/s  p50=0.000/s  p90=0.000/s  p99=0.000/s  (over 0 calls, 0 uncertified)
