
MotionBenchMaker UR5, 60 problems loaded, up to 100 per scene
voxel 0.003 m, margin 0.0000 m + 0.0000 m filter buffer, stepSize 0.001 s, range 2.00 rad, 10.0 s limit

hop certificates: old L1 Lipschitz region and new hold-time bound
Picard: off; trajectory prefixes: 0; sequential rollout budget: 10000 calls
kappa 20.00 /s, certified step uncapped, self-collision margin 0.0000 m over 303 pairs
baseline segment: 0.000650 of extent = 0.0100 rad, rollout step 0.0100 rad (matched to the rollout)
rope shortcut off, all rows unsimplified

seed 1
  planner       solved ms(min/med/max)        samples vertices     path rad/call coarse  worst clr unsafe/audited missed worst self collide

bookshelf_small  (1 problems, 0 skipped: 0 clearance, 0 self-collision)
  qp-fixed      1/1       6.08/6.08/6.08           729        7     8.99   0.0123     0%     0.0028      0/730          0     0.0025       0
      primary samples 1, productive 1 (100.0%), vertices/sample 7.000
      qp 281.5 rows/call, 40% of calls reached the solver, 729 calls
  qp-adapt      1/1       2.60/2.60/2.60           278        7     8.99   0.0323    68%     0.0028      0/574          0     0.0025       0
      primary samples 1, productive 1 (100.0%), vertices/sample 7.000
      qp 292.5 rows/call, 56% of calls reached the solver, 278 calls
  free-env      1/1       1.37/1.37/1.37            68        9     9.55   0.1481   100%     0.0030      0/500          0     0.0019       0
      primary samples 4, productive 3 (75.0%), vertices/sample 2.250
  qp-env        1/1       0.81/0.81/0.81            59        7     9.02   0.1529    53%     0.0028      0/478          0     0.0025       0
      primary samples 1, productive 1 (100.0%), vertices/sample 7.000
      qp 300.8 rows/call, 44% of calls reached the solver, 59 calls

bookshelf_thin  (1 problems, 0 skipped: 0 clearance, 0 self-collision)
  qp-fixed      1/1      52.86/52.86/52.86         3406       25    17.22   0.0101     0%     0.0001      0/1399         0     0.0025       0
      primary samples 10, productive 8 (80.0%), vertices/sample 2.500
      qp 250.1 rows/call, 89% of calls reached the solver, 3406 calls
  qp-adapt      1/1      36.66/36.66/36.66         2270       26    17.24   0.0152    33%     0.0001      0/1226         0     0.0025       0
      primary samples 10, productive 8 (80.0%), vertices/sample 2.600
      qp 251.9 rows/call, 98% of calls reached the solver, 2270 calls
  free-env      1/1      24.79/24.79/24.79          625       37    22.20   0.0949    95%     0.0044      0/1150         0     0.0025       0
      primary samples 70, productive 27 (38.6%), vertices/sample 0.529
  qp-env        1/1      25.37/25.37/25.37         1490       28    15.88   0.0246    24%     0.0001      0/1020         0     0.0025       0
      primary samples 10, productive 9 (90.0%), vertices/sample 2.800
      qp 250.3 rows/call, 99% of calls reached the solver, 1490 calls

cage  (1 problems, 0 skipped: 0 clearance, 0 self-collision)
  qp-fixed      1/1     169.64/169.64/169.64       17465       85    18.80   0.0086     0%     0.0030      0/1502         0     0.0025       0
      primary samples 69, productive 49 (71.0%), vertices/sample 1.232
      qp 268.4 rows/call, 87% of calls reached the solver, 17465 calls
  qp-adapt      1/1     119.12/119.12/119.12       11309       85    18.79   0.0134    24%     0.0030      0/1212         0     0.0025       0
      primary samples 69, productive 49 (71.0%), vertices/sample 1.232
      qp 263.8 rows/call, 97% of calls reached the solver, 11309 calls
  free-env      1/1     273.09/273.09/273.09       14615      568    20.33   0.0633    91%     0.0035      0/1069         0     0.0025       0
      primary samples 1904, productive 537 (28.2%), vertices/sample 0.298
  qp-env        1/1      84.75/84.75/84.75         7645       80    16.58   0.0169    24%     0.0031      0/936          0     0.0025       0
      primary samples 60, productive 43 (71.7%), vertices/sample 1.333
      qp 256.1 rows/call, 99% of calls reached the solver, 7645 calls

Hop disposition -- what set the hop's length, median over problems.
  row         floored(<1 step)    at region   edge-limited
  qp-fixed            100.0%         0.0%           0.0%
  qp-adapt             66.7%        32.6%           0.8%
  free-env              3.4%        82.9%          11.8%
  qp-env               75.2%        23.5%           1.3%

Endpoint clearance at zero margin -- min(start, goal) over all spheres.
  scene                     min    median       max affordable   problems by margin
  bookshelf_small        0.0034    0.0034    0.0034    0.0034   0:100% 0.02:  0% 0.04:  0% 0.06:  0% 0.09:  0%
  bookshelf_thin         0.0044    0.0044    0.0044    0.0044   0:100% 0.02:  0% 0.04:  0% 0.06:  0% 0.09:  0%
  cage                   0.0127    0.0127    0.0127    0.0127   0:100% 0.02:  0% 0.04:  0% 0.06:  0% 0.09:  0%

all scenes  (3 problems, 0 skipped: 0 clearance, 0 self-collision)
  qp-fixed      3/3       6.08/52.86/169.64        3406       25    17.22   0.0101     0%     0.0001      0/3631         0     0.0025       0
      primary samples 10, productive 8 (80.0%), vertices/sample 2.500
      qp 268.4 rows/call, 87% of calls reached the solver, 21600 calls
  qp-adapt      3/3       2.60/36.66/119.12        2270       26    17.24   0.0152    33%     0.0001      0/3012         0     0.0025       0
      primary samples 10, productive 8 (80.0%), vertices/sample 2.600
      qp 263.8 rows/call, 97% of calls reached the solver, 13857 calls
  free-env      3/3       1.37/24.79/273.09         625       37    20.33   0.0949    95%     0.0030      0/2719         0     0.0019       0
      primary samples 70, productive 27 (38.6%), vertices/sample 0.529
  qp-env        3/3       0.81/25.37/84.75         1490       28    15.88   0.0246    24%     0.0001      0/2434         0     0.0025       0
      primary samples 10, productive 9 (90.0%), vertices/sample 2.800
      qp 256.1 rows/call, 99% of calls reached the solver, 9194 calls

"samples" is checked configurations for isSafe, barrier evaluations for
the three CBF rows, and SIMD configuration lanes evaluated for VAMP. They measure
sampling work, while wall time captures the very different per-sample costs.
"unsafe/audited" evaluates exact primitive clearance at every state of the
densified solution -- for each CBF row that is the rollout the planner recorded
for each edge, replayed, so it is the motion that would actually be executed,
sampled inside each step rather than only at its boundaries. Non-zero unsafe
invalidates a row however fast it was.
"missed" counts solution edges that were not on file and had to be
re-derived; it must be zero, or the audited motion is a different trajectory
from the one the planner found.


envelope hop: 2491 filter calls, 1.169 hold queries/call, 13.8% saturated, 100.0% longer than L1, past one step 89.0% (L1 alone 49.7%), gated 72.9%, empty-active 0.0%, screen-escalated 0.7%
envelope bottleneck: world 98.2%, self-collision 1.7%, unbound 0.0% (horizon or screen clip), blocked 0.0%, joint-limit clamped 0.0%
envelope binding term:
  world rows       L1 0.0%, local-L1 0.1%, speed-capped 12.4%, isotropic-anchored 87.5% (of 2447 bound calls)
  self-pair rows   L1 0.0%, local-L1 0.0%, speed-capped 2.3%, normal-anchored 97.7% (of 43 bound calls)
local-lever screen: 60887 of 102493 expensive world rows settled before the envelope (59.4%)
span handed to the rollout, in controller steps (9194 calls):
                   <1      1-2      2-4      4-8       8+
  L1 only      86.55%     7.44%     3.03%     1.99%     0.99%
  envelope     75.85%     6.48%     8.21%     5.38%     4.07%
=== CBF profiler (wall time) ===
=== CBF filter stats ===
  calls=0  unchanged=0 (0.0%)  filtered=0 (0.0%)  blocked=0 (0.0%)
  active rows:       avg=0.00  max=0
  zero-row fast path: 0 (0.0%)
  qp iterations:     avg=0.00  max=0
  certified duration: avg=0.00000s  min=0.00000s  max=0.00000s  (over 0 non-blocked calls)
  required gain:     avg=0.000/s  max=0.000/s  p50=0.000/s  p90=0.000/s  p99=0.000/s  (over 0 calls, 0 uncertified)
