
MotionBenchMaker UR5, 60 problems loaded, up to 100 per scene
voxel 0.003 m, margin 0.0000 m + 0.0000 m filter buffer, stepSize 0.001 s, range 2.00 rad, 10.0 s limit

hop certificates: old L1 Lipschitz region and new hold-time bound
Picard: off; trajectory prefixes: 0; sequential rollout budget: 10000 calls
kappa 20.00 /s, certified step uncapped, self-collision margin 0.0000 m over 303 pairs
baseline segment: 0.000650 of extent = 0.0100 rad, rollout step 0.0100 rad (matched to the rollout)
rope shortcut off, all rows unsimplified

seed 1
  planner       solved ms(min/med/max)        samples vertices     path rad/call coarse  worst clr unsafe/audited missed worst self collide

bookshelf_thin  (1 problems, 0 skipped: 0 clearance, 0 self-collision)
  qp-fixed      1/1      13.36/13.36/13.36          861        8     8.55   0.0108     0%     0.0007      0/693          0     0.0025       0
      primary samples 2, productive 2 (100.0%), vertices/sample 4.000
      qp 287.4 rows/call, 68% of calls reached the solver, 861 calls
  qp-adapt      1/1       8.36/8.36/8.36           505        8     8.54   0.0184    20%     0.0007      0/597          0     0.0025       0
      primary samples 2, productive 2 (100.0%), vertices/sample 4.000
      qp 294.6 rows/call, 94% of calls reached the solver, 505 calls
  free-env      1/1     748.07/748.07/748.07       17218      897    23.72   0.0805    96%     0.0006      0/1234         0     0.0000       0
      primary samples 3287, productive 888 (27.0%), vertices/sample 0.273
  qp-env        1/1       5.60/5.60/5.60           318        9     8.55   0.0293    19%     0.0006      0/535          0     0.0025       0
      primary samples 2, productive 2 (100.0%), vertices/sample 4.500
      qp 296.1 rows/call, 97% of calls reached the solver, 318 calls

cage  (1 problems, 0 skipped: 0 clearance, 0 self-collision)
  qp-fixed      1/1     175.56/175.56/175.56       17249       92    28.58   0.0089     0%     0.0000      0/2396         0     0.0000       0
      primary samples 65, productive 50 (76.9%), vertices/sample 1.415
      qp 271.8 rows/call, 89% of calls reached the solver, 17249 calls
  qp-adapt      1/1     115.58/115.58/115.58       10475       93    28.62   0.0148    38%     0.0000      0/2103         0     0.0000       0
      primary samples 65, productive 51 (78.5%), vertices/sample 1.431
      qp 274.0 rows/call, 98% of calls reached the solver, 10475 calls
  free-env      1/1     163.33/163.33/163.33        8420      293    24.13   0.0587    89%     0.0004      0/1301         0     0.0025       0
      primary samples 907, productive 275 (30.3%), vertices/sample 0.323
  qp-env        1/1      83.23/83.23/83.23         6958       93    28.67   0.0224    27%     0.0000      0/1932         0     0.0000       0
      primary samples 65, productive 51 (78.5%), vertices/sample 1.431
      qp 275.6 rows/call, 99% of calls reached the solver, 6958 calls

Hop disposition -- what set the hop's length, median over problems.
  row         floored(<1 step)    at region   edge-limited
  qp-fixed            100.0%         0.0%           0.0%
  qp-adapt             79.8%        37.5%           1.0%
  free-env              9.1%        81.2%          19.5%
  qp-env               80.5%        26.3%           1.9%

Endpoint clearance at zero margin -- min(start, goal) over all spheres.
  scene                     min    median       max affordable   problems by margin
  bookshelf_thin         0.0057    0.0057    0.0057    0.0057   0:100% 0.02:  0% 0.04:  0% 0.06:  0% 0.09:  0%
  cage                   0.0127    0.0127    0.0127    0.0127   0:100% 0.02:  0% 0.04:  0% 0.06:  0% 0.09:  0%

all scenes  (2 problems, 0 skipped: 0 clearance, 0 self-collision)
  qp-fixed      2/2      13.36/175.56/175.56       17249       92    28.58   0.0108     0%     0.0000      0/3089         0     0.0000       0
      primary samples 65, productive 50 (76.9%), vertices/sample 4.000
      qp 287.4 rows/call, 89% of calls reached the solver, 18110 calls
  qp-adapt      2/2       8.36/115.58/115.58       10475       93    28.62   0.0184    38%     0.0000      0/2700         0     0.0000       0
      primary samples 65, productive 51 (78.5%), vertices/sample 4.000
      qp 294.6 rows/call, 98% of calls reached the solver, 10980 calls
  free-env      2/2     163.33/748.07/748.07       17218      897    24.13   0.0805    96%     0.0004      0/2535         0     0.0000       0
      primary samples 3287, productive 888 (27.0%), vertices/sample 0.323
  qp-env        2/2       5.60/83.23/83.23         6958       93    28.67   0.0293    27%     0.0000      0/2467         0     0.0000       0
      primary samples 65, productive 51 (78.5%), vertices/sample 4.500
      qp 296.1 rows/call, 99% of calls reached the solver, 7276 calls

"samples" is checked configurations for isSafe, barrier evaluations for
the three CBF rows, and SIMD configuration lanes evaluated for VAMP. They measure
sampling work, while wall time captures the very different per-sample costs.
"unsafe/audited" evaluates exact primitive clearance at every state of the
densified solution -- for each CBF row that is the rollout the planner recorded
for each edge, replayed, so it is the motion that would actually be executed,
sampled inside each step rather than only at its boundaries. Non-zero unsafe
invalidates a row however fast it was.
"missed" counts solution edges that were not on file and had to be
re-derived; it must be zero, or the audited motion is a different trajectory
from the one the planner found.


envelope hop: 2095 filter calls, 1.237 hold queries/call, 18.1% saturated, 100.0% longer than L1, past one step 94.3% (L1 alone 57.5%), gated 71.2%, empty-active 0.0%, screen-escalated 1.3%
envelope bottleneck: world 98.4%, self-collision 1.4%, unbound 0.2% (horizon or screen clip), blocked 0.0%, joint-limit clamped 0.0%
envelope binding term:
  world rows       L1 0.0%, local-L1 0.4%, speed-capped 3.2%, isotropic-anchored 96.4% (of 2061 bound calls)
  self-pair rows   L1 0.0%, local-L1 0.0%, speed-capped 0.0%, normal-anchored 100.0% (of 30 bound calls)
local-lever screen: 98567 of 158810 expensive world rows settled before the envelope (62.1%)
span handed to the rollout, in controller steps (7276 calls):
                   <1      1-2      2-4      4-8       8+
  L1 only      83.45%     7.99%     5.63%     1.88%     1.04%
  envelope     72.83%     5.88%     8.05%     6.84%     6.39%
=== CBF profiler (wall time) ===
=== CBF filter stats ===
  calls=0  unchanged=0 (0.0%)  filtered=0 (0.0%)  blocked=0 (0.0%)
  active rows:       avg=0.00  max=0
  zero-row fast path: 0 (0.0%)
  qp iterations:     avg=0.00  max=0
  certified duration: avg=0.00000s  min=0.00000s  max=0.00000s  (over 0 non-blocked calls)
  required gain:     avg=0.000/s  max=0.000/s  p50=0.000/s  p90=0.000/s  p99=0.000/s  (over 0 calls, 0 uncertified)
