
MotionBenchMaker UR5, 60 problems loaded, up to 100 per scene
voxel 0.003 m, margin 0.0000 m + 0.0000 m filter buffer, stepSize 0.001 s, range 2.00 rad, 10.0 s limit

hop certificates: old L1 Lipschitz region and new hold-time bound
Picard: off; trajectory prefixes: 0; sequential rollout budget: 10000 calls
kappa 20.00 /s, certified step uncapped, self-collision margin 0.0000 m over 303 pairs
baseline segment: 0.000650 of extent = 0.0100 rad, rollout step 0.0100 rad (matched to the rollout)
rope shortcut off, all rows unsimplified

seed 1
  planner       solved ms(min/med/max)        samples vertices     path rad/call coarse  worst clr unsafe/audited missed worst self collide

bookshelf_small  (1 problems, 0 skipped: 0 clearance, 0 self-collision)
  qp-fixed      1/1      12.78/12.78/12.78         1418       11    11.94   0.0098     0%    -0.0013     61/1099         0     0.0025       0
      primary samples 2, productive 2 (100.0%), vertices/sample 5.500
      qp 262.1 rows/call, 60% of calls reached the solver, 1418 calls
  qp-adapt      1/1       8.90/8.90/8.90           843       11    11.94   0.0166    15%    -0.0013     61/874          0     0.0025       0
      primary samples 2, productive 2 (100.0%), vertices/sample 5.500
      qp 273.0 rows/call, 96% of calls reached the solver, 843 calls
  free-env      1/1      72.91/72.91/72.91         3840      168    21.59   0.0777    90%     0.0000      0/1129         0     0.0025       0
      primary samples 588, productive 162 (27.6%), vertices/sample 0.286
  qp-env        1/1       7.60/7.60/7.60           713       11    11.91   0.0196     8%    -0.0011     55/822          0     0.0025       0
      primary samples 2, productive 2 (100.0%), vertices/sample 5.500
      qp 268.7 rows/call, 98% of calls reached the solver, 713 calls

bookshelf_thin  (1 problems, 0 skipped: 0 clearance, 0 self-collision)
  qp-fixed      1/1      13.76/13.76/13.76          913        8     7.51   0.0098     0%     0.0002      0/673          0     0.0025       0
      primary samples 3, productive 2 (66.7%), vertices/sample 2.667
      qp 225.2 rows/call, 55% of calls reached the solver, 913 calls
  qp-adapt      1/1       8.52/8.52/8.52           523        8     7.51   0.0170     6%     0.0002      0/533          0     0.0025       0
      primary samples 3, productive 2 (66.7%), vertices/sample 2.667
      qp 230.0 rows/call, 95% of calls reached the solver, 523 calls
  free-env      1/1       3.31/3.31/3.31            92       11     6.68   0.0986    90%     0.0016      0/352          0     0.0025       0
      primary samples 6, productive 4 (66.7%), vertices/sample 1.833
  qp-env        1/1       7.92/7.92/7.92           474        8     7.52   0.0188     4%     0.0002      0/523          0     0.0025       0
      primary samples 3, productive 2 (66.7%), vertices/sample 2.667
      qp 228.7 rows/call, 98% of calls reached the solver, 474 calls

Hop disposition -- what set the hop's length, median over problems.
  row         floored(<1 step)    at region   edge-limited
  qp-fixed            100.0%         0.0%           0.0%
  qp-adapt             94.5%        14.2%           0.8%
  free-env              7.6%        84.2%          14.1%
  qp-env               95.8%         7.4%           1.3%

Endpoint clearance at zero margin -- min(start, goal) over all spheres.
  scene                     min    median       max affordable   problems by margin
  bookshelf_small        0.0057    0.0057    0.0057    0.0057   0:100% 0.02:  0% 0.04:  0% 0.06:  0% 0.09:  0%
  bookshelf_thin         0.0031    0.0031    0.0031    0.0031   0:100% 0.02:  0% 0.04:  0% 0.06:  0% 0.09:  0%

all scenes  (2 problems, 0 skipped: 0 clearance, 0 self-collision)
  qp-fixed      2/2      12.78/13.76/13.76         1418       11    11.94   0.0098     0%    -0.0013     61/1772         0     0.0025       0
      primary samples 3, productive 2 (66.7%), vertices/sample 5.500
      qp 262.1 rows/call, 60% of calls reached the solver, 2331 calls
  qp-adapt      2/2       8.52/8.90/8.90           843       11    11.94   0.0170    15%    -0.0013     61/1407         0     0.0025       0
      primary samples 3, productive 2 (66.7%), vertices/sample 5.500
      qp 273.0 rows/call, 96% of calls reached the solver, 1366 calls
  free-env      2/2       3.31/72.91/72.91         3840      168    21.59   0.0986    90%     0.0000      0/1481         0     0.0025       0
      primary samples 588, productive 162 (27.6%), vertices/sample 1.833
  qp-env        2/2       7.60/7.92/7.92           713       11    11.91   0.0196     8%    -0.0011     55/1345         0     0.0025       0
      primary samples 3, productive 2 (66.7%), vertices/sample 5.500
      qp 268.7 rows/call, 98% of calls reached the solver, 1187 calls

"samples" is checked configurations for isSafe, barrier evaluations for
the three CBF rows, and SIMD configuration lanes evaluated for VAMP. They measure
sampling work, while wall time captures the very different per-sample costs.
"unsafe/audited" evaluates exact primitive clearance at every state of the
densified solution -- for each CBF row that is the rollout the planner recorded
for each edge, replayed, so it is the motion that would actually be executed,
sampled inside each step rather than only at its boundaries. Non-zero unsafe
invalidates a row however fast it was.
"missed" counts solution edges that were not on file and had to be
re-derived; it must be zero, or the audited motion is a different trajectory
from the one the planner found.


envelope hop: 79 filter calls, 1.468 hold queries/call, 19.0% saturated, 100.0% longer than L1, past one step 100.0% (L1 alone 54.4%), gated 93.3%, empty-active 0.0%, screen-escalated 19.0%
envelope bottleneck: world 91.1%, self-collision 7.6%, unbound 1.3% (horizon or screen clip), blocked 0.0%, joint-limit clamped 0.0%
envelope binding term:
  world rows       L1 0.0%, local-L1 1.4%, speed-capped 0.0%, isotropic-anchored 98.6% (of 72 bound calls)
  self-pair rows   L1 0.0%, local-L1 0.0%, speed-capped 0.0%, normal-anchored 100.0% (of 6 bound calls)
local-lever screen: 17352 of 27852 expensive world rows settled before the envelope (62.3%)
span handed to the rollout, in controller steps (1187 calls):
                   <1      1-2      2-4      4-8       8+
  L1 only      96.38%     1.18%     0.67%     0.25%     1.52%
  envelope     93.34%     1.26%     1.35%     1.52%     2.53%
=== CBF profiler (wall time) ===
=== CBF filter stats ===
  calls=0  unchanged=0 (0.0%)  filtered=0 (0.0%)  blocked=0 (0.0%)
  active rows:       avg=0.00  max=0
  zero-row fast path: 0 (0.0%)
  qp iterations:     avg=0.00  max=0
  certified duration: avg=0.00000s  min=0.00000s  max=0.00000s  (over 0 non-blocked calls)
  required gain:     avg=0.000/s  max=0.000/s  p50=0.000/s  p90=0.000/s  p99=0.000/s  (over 0 calls, 0 uncertified)
