
MotionBenchMaker UR5, 60 problems loaded, up to 100 per scene
voxel 0.003 m, margin 0.0000 m + 0.0000 m filter buffer, stepSize 0.001 s, range 2.00 rad, 10.0 s limit

hop certificates: old L1 Lipschitz region and new hold-time bound
Picard: off; trajectory prefixes: 0; sequential rollout budget: 10000 calls
kappa 20.00 /s, certified step uncapped, self-collision margin 0.0000 m over 303 pairs
baseline segment: 0.000650 of extent = 0.0100 rad, rollout step 0.0100 rad (matched to the rollout)
rope shortcut off, all rows unsimplified

seed 1
  planner       solved ms(min/med/max)        samples vertices     path rad/call coarse  worst clr unsafe/audited missed worst self collide

bookshelf_small  (1 problems, 0 skipped: 0 clearance, 0 self-collision)
  qp-fixed      1/1      76.38/76.38/76.38         7768       45    21.74   0.0092     0%    -0.0085     50/1997         0     0.0004       0
      primary samples 26, productive 22 (84.6%), vertices/sample 1.731
      qp 300.5 rows/call, 82% of calls reached the solver, 7768 calls
  qp-adapt      1/1      52.19/52.19/52.19         4818       45    21.75   0.0149    36%    -0.0108     55/1580         0     0.0003       0
      primary samples 26, productive 22 (84.6%), vertices/sample 1.731
      qp 308.0 rows/call, 93% of calls reached the solver, 4818 calls
  free-env      1/1       2.74/2.74/2.74           136       15     9.74   0.1366    96%     0.0064      0/503          0     0.0025       0
      primary samples 15, productive 6 (40.0%), vertices/sample 1.000
  qp-env        1/1      27.38/27.38/27.38         2318       39    16.33   0.0262    38%     0.0005      0/1097         0     0.0025       0
      primary samples 21, productive 18 (85.7%), vertices/sample 1.857
      qp 305.5 rows/call, 93% of calls reached the solver, 2318 calls

bookshelf_thin  (1 problems, 0 skipped: 0 clearance, 0 self-collision)
  qp-fixed      1/1      23.20/23.20/23.20         1505       12    12.44   0.0115     0%     0.0075      0/928          0     0.0001       0
      primary samples 3, productive 3 (100.0%), vertices/sample 4.000
      qp 298.2 rows/call, 65% of calls reached the solver, 1505 calls
  qp-adapt      1/1      14.42/14.42/14.42          865       12    12.44   0.0201    23%     0.0075      0/769          0     0.0001       0
      primary samples 3, productive 3 (100.0%), vertices/sample 4.000
      qp 311.8 rows/call, 91% of calls reached the solver, 865 calls
  free-env      1/1     123.59/123.59/123.59        3061      148    23.57   0.0852    96%     0.0034      0/1219         0     0.0003       0
      primary samples 417, productive 138 (33.1%), vertices/sample 0.355
  qp-env        1/1       6.89/6.89/6.89           370       14    12.56   0.0473    31%     0.0075      0/648          0     0.0006       0
      primary samples 3, productive 3 (100.0%), vertices/sample 4.667
      qp 311.3 rows/call, 95% of calls reached the solver, 370 calls

Hop disposition -- what set the hop's length, median over problems.
  row         floored(<1 step)    at region   edge-limited
  qp-fixed            100.0%         0.0%           0.0%
  qp-adapt             76.9%        35.5%           0.7%
  free-env              2.0%        82.3%          19.9%
  qp-env               68.6%        36.8%           2.7%

Endpoint clearance at zero margin -- min(start, goal) over all spheres.
  scene                     min    median       max affordable   problems by margin
  bookshelf_small        0.0064    0.0064    0.0064    0.0064   0:100% 0.02:  0% 0.04:  0% 0.06:  0% 0.09:  0%
  bookshelf_thin         0.0075    0.0075    0.0075    0.0075   0:100% 0.02:  0% 0.04:  0% 0.06:  0% 0.09:  0%

all scenes  (2 problems, 0 skipped: 0 clearance, 0 self-collision)
  qp-fixed      2/2      23.20/76.38/76.38         7768       45    21.74   0.0115     0%    -0.0085     50/2925         0     0.0001       0
      primary samples 26, productive 22 (84.6%), vertices/sample 4.000
      qp 300.5 rows/call, 82% of calls reached the solver, 9273 calls
  qp-adapt      2/2      14.42/52.19/52.19         4818       45    21.75   0.0201    36%    -0.0108     55/2349         0     0.0001       0
      primary samples 26, productive 22 (84.6%), vertices/sample 4.000
      qp 311.8 rows/call, 93% of calls reached the solver, 5683 calls
  free-env      2/2       2.74/123.59/123.59        3061      148    23.57   0.1366    96%     0.0034      0/1722         0     0.0003       0
      primary samples 417, productive 138 (33.1%), vertices/sample 1.000
  qp-env        2/2       6.89/27.38/27.38         2318       39    16.33   0.0473    38%     0.0005      0/1745         0     0.0006       0
      primary samples 21, productive 18 (85.7%), vertices/sample 4.667
      qp 311.3 rows/call, 95% of calls reached the solver, 2688 calls

"samples" is checked configurations for isSafe, barrier evaluations for
the three CBF rows, and SIMD configuration lanes evaluated for VAMP. They measure
sampling work, while wall time captures the very different per-sample costs.
"unsafe/audited" evaluates exact primitive clearance at every state of the
densified solution -- for each CBF row that is the rollout the planner recorded
for each edge, replayed, so it is the motion that would actually be executed,
sampled inside each step rather than only at its boundaries. Non-zero unsafe
invalidates a row however fast it was.
"missed" counts solution edges that were not on file and had to be
re-derived; it must be zero, or the audited motion is a different trajectory
from the one the planner found.


envelope hop: 1008 filter calls, 1.230 hold queries/call, 17.6% saturated, 100.0% longer than L1, past one step 100.0% (L1 alone 43.3%), gated 62.5%, empty-active 0.0%, screen-escalated 1.4%
envelope bottleneck: world 97.1%, self-collision 2.8%, unbound 0.1% (horizon or screen clip), blocked 0.0%, joint-limit clamped 0.0%
envelope binding term:
  world rows       L1 0.0%, local-L1 0.3%, speed-capped 2.5%, isotropic-anchored 97.2% (of 979 bound calls)
  self-pair rows   L1 0.0%, local-L1 0.0%, speed-capped 0.0%, normal-anchored 100.0% (of 28 bound calls)
local-lever screen: 19122 of 32080 expensive world rows settled before the envelope (59.6%)
span handed to the rollout, in controller steps (2688 calls):
                   <1      1-2      2-4      4-8       8+
  L1 only      83.78%     9.52%     3.83%     1.49%     1.38%
  envelope     62.50%    10.75%    12.46%     6.81%     7.48%
=== CBF profiler (wall time) ===
=== CBF filter stats ===
  calls=0  unchanged=0 (0.0%)  filtered=0 (0.0%)  blocked=0 (0.0%)
  active rows:       avg=0.00  max=0
  zero-row fast path: 0 (0.0%)
  qp iterations:     avg=0.00  max=0
  certified duration: avg=0.00000s  min=0.00000s  max=0.00000s  (over 0 non-blocked calls)
  required gain:     avg=0.000/s  max=0.000/s  p50=0.000/s  p90=0.000/s  p99=0.000/s  (over 0 calls, 0 uncertified)
