
MotionBenchMaker UR5, 60 problems loaded, up to 100 per scene
voxel 0.003 m, margin 0.0000 m + 0.0000 m filter buffer, stepSize 0.001 s, range 2.00 rad, 10.0 s limit

hop certificates: old L1 Lipschitz region and new hold-time bound
Picard: off; trajectory prefixes: 0; sequential rollout budget: 10000 calls
kappa 20.00 /s, certified step uncapped, self-collision margin 0.0000 m over 303 pairs
baseline segment: 0.000065 of extent = 0.0010 rad, rollout step 0.0010 rad (matched to the rollout)
rope shortcut off, all rows unsimplified

seed 1
  planner       solved ms(min/med/max)        samples vertices     path rad/call coarse  worst clr unsafe/audited missed worst self collide

bookshelf_thin  (1 problems, 0 skipped: 0 clearance, 0 self-collision)
  qp-fixed      1/1      85.92/85.92/85.92         8125        7     8.57   0.0011     0%    -0.0081   1508/6708         0     0.0025       0
      primary samples 2, productive 2 (100.0%), vertices/sample 3.500
      qp 15.4 rows/call, 59% of calls reached the solver, 8125 calls
  qp-adapt      1/1      53.53/53.53/53.53         4707        7     8.57   0.0020     6%    -0.0081   1441/3500         0     0.0025       0
      primary samples 2, productive 2 (100.0%), vertices/sample 3.500
      qp 24.7 rows/call, 98% of calls reached the solver, 4707 calls
  free-env      1/1    1179.30/1179.30/1179.30      31584      847    20.53   0.0412    87%     0.0091      0/1146         0     0.0016       0
      primary samples 3287, productive 843 (25.6%), vertices/sample 0.258
  qp-env        1/1      50.55/50.55/50.55         4406        7     8.57   0.0021     4%    -0.0081   1441/3247         0     0.0025       0
      primary samples 2, productive 2 (100.0%), vertices/sample 3.500
      qp 24.8 rows/call, 98% of calls reached the solver, 4406 calls

cage  (1 problems, 0 skipped: 0 clearance, 0 self-collision)
  qp-fixed      1/1     751.88/751.88/751.88      152424       91    13.39   0.0010     0%    -0.0000    267/10380        0     0.0025       0
      primary samples 65, productive 50 (76.9%), vertices/sample 1.400
      qp 28.9 rows/call, 82% of calls reached the solver, 152424 calls
  qp-adapt      1/1     663.38/663.38/663.38      122353       91    13.39   0.0012     4%    -0.0000    267/5637         0     0.0025       0
      primary samples 65, productive 50 (76.9%), vertices/sample 1.400
      qp 33.5 rows/call, 99% of calls reached the solver, 122353 calls
  free-env      1/1    1081.54/1081.54/1081.54      77293     1633    22.15   0.0302    79%     0.0000      0/1485         0     0.0025       0
      primary samples 6489, productive 1603 (24.7%), vertices/sample 0.252
  qp-env        1/1     652.23/652.23/652.23      118966       91    13.39   0.0013     2%    -0.0000    285/5014         0     0.0025       0
      primary samples 65, productive 50 (76.9%), vertices/sample 1.400
      qp 33.7 rows/call, 99% of calls reached the solver, 118966 calls

Hop disposition -- what set the hop's length, median over problems.
  row         floored(<1 step)    at region   edge-limited
  qp-fixed            100.0%         0.0%           0.0%
  qp-adapt             96.5%         5.7%           0.1%
  free-env             15.2%        93.6%           1.9%
  qp-env               97.8%         4.0%           0.1%

Endpoint clearance at zero margin -- min(start, goal) over all spheres.
  scene                     min    median       max affordable   problems by margin
  bookshelf_thin         0.0057    0.0057    0.0057    0.0057   0:100% 0.02:  0% 0.04:  0% 0.06:  0% 0.09:  0%
  cage                   0.0127    0.0127    0.0127    0.0127   0:100% 0.02:  0% 0.04:  0% 0.06:  0% 0.09:  0%

all scenes  (2 problems, 0 skipped: 0 clearance, 0 self-collision)
  qp-fixed      2/2      85.92/751.88/751.88      152424       91    13.39   0.0011     0%    -0.0081   1775/17088        0     0.0025       0
      primary samples 65, productive 50 (76.9%), vertices/sample 3.500
      qp 28.9 rows/call, 82% of calls reached the solver, 160549 calls
  qp-adapt      2/2      53.53/663.38/663.38      122353       91    13.39   0.0020     6%    -0.0081   1708/9137         0     0.0025       0
      primary samples 65, productive 50 (76.9%), vertices/sample 3.500
      qp 33.5 rows/call, 99% of calls reached the solver, 127060 calls
  free-env      2/2    1081.54/1179.30/1179.30      77293     1633    22.15   0.0412    87%     0.0000      0/2631         0     0.0016       0
      primary samples 6489, productive 1603 (24.7%), vertices/sample 0.258
  qp-env        2/2      50.55/652.23/652.23      118966       91    13.39   0.0021     4%    -0.0081   1726/8261         0     0.0025       0
      primary samples 65, productive 50 (76.9%), vertices/sample 3.500
      qp 33.7 rows/call, 99% of calls reached the solver, 123372 calls

"samples" is checked configurations for isSafe, barrier evaluations for
the three CBF rows, and SIMD configuration lanes evaluated for VAMP. They measure
sampling work, while wall time captures the very different per-sample costs.
"unsafe/audited" evaluates exact primitive clearance at every state of the
densified solution -- for each CBF row that is the rollout the planner recorded
for each edge, replayed, so it is the motion that would actually be executed,
sampled inside each step rather than only at its boundaries. Non-zero unsafe
invalidates a row however fast it was.
"missed" counts solution edges that were not on file and had to be
re-derived; it must be zero, or the audited motion is a different trajectory
from the one the planner found.


envelope hop: 3036 filter calls, 1.162 hold queries/call, 9.1% saturated, 100.0% longer than L1, past one step 92.9% (L1 alone 54.2%), gated 97.5%, empty-active 1.0%, screen-escalated 5.8%
envelope bottleneck: world 98.8%, self-collision 1.1%, unbound 0.2% (horizon or screen clip), blocked 0.0%, joint-limit clamped 0.0%
envelope binding term:
  world rows       L1 0.0%, local-L1 0.1%, speed-capped 10.4%, isotropic-anchored 89.5% (of 2999 bound calls)
  self-pair rows   L1 0.0%, local-L1 0.0%, speed-capped 0.0%, normal-anchored 100.0% (of 32 bound calls)
local-lever screen: 51378 of 145766 expensive world rows settled before the envelope (35.2%)
span handed to the rollout, in controller steps (123372 calls):
                   <1      1-2      2-4      4-8       8+
  L1 only      98.67%     0.67%     0.34%     0.13%     0.20%
  envelope     97.71%     0.69%     0.70%     0.45%     0.44%
=== CBF profiler (wall time) ===
=== CBF filter stats ===
  calls=0  unchanged=0 (0.0%)  filtered=0 (0.0%)  blocked=0 (0.0%)
  active rows:       avg=0.00  max=0
  zero-row fast path: 0 (0.0%)
  qp iterations:     avg=0.00  max=0
  certified duration: avg=0.00000s  min=0.00000s  max=0.00000s  (over 0 non-blocked calls)
  required gain:     avg=0.000/s  max=0.000/s  p50=0.000/s  p90=0.000/s  p99=0.000/s  (over 0 calls, 0 uncertified)
