
MotionBenchMaker UR5, 60 problems loaded, up to 100 per scene
voxel 0.003 m, margin 0.0000 m + 0.0000 m filter buffer, stepSize 0.001 s, range 2.00 rad, 10.0 s limit

hop certificates: old L1 Lipschitz region and new hold-time bound
Picard: off; trajectory prefixes: 0; sequential rollout budget: 10000 calls
kappa 20.00 /s, certified step uncapped, self-collision margin 0.0000 m over 303 pairs
baseline segment: 0.000065 of extent = 0.0010 rad, rollout step 0.0010 rad (matched to the rollout)
rope shortcut off, all rows unsimplified

seed 1
  planner       solved ms(min/med/max)        samples vertices     path rad/call coarse  worst clr unsafe/audited missed worst self collide

bookshelf_small  (1 problems, 0 skipped: 0 clearance, 0 self-collision)
  qp-fixed      1/1     159.89/159.89/159.89       34642       35    25.25   0.0011     0%    -0.0018   3512/20986        0     0.0005       0
      primary samples 12, productive 11 (91.7%), vertices/sample 2.917
      qp 21.0 rows/call, 68% of calls reached the solver, 34642 calls
  qp-adapt      1/1     159.12/159.12/159.12       30828       37    28.53   0.0016     4%    -0.0018   3514/15911        0     0.0000       0
      primary samples 16, productive 14 (87.5%), vertices/sample 2.312
      qp 25.5 rows/call, 98% of calls reached the solver, 30828 calls
  free-env      1/1       4.11/4.11/4.11           278        9     6.06   0.0452    98%     0.0064      0/349          0     0.0025       0
      primary samples 12, productive 4 (33.3%), vertices/sample 0.750
  qp-env        1/1     156.21/156.21/156.21       30131       33    28.55   0.0016     2%    -0.0018   3524/15525        0     0.0000       0
      primary samples 16, productive 14 (87.5%), vertices/sample 2.062
      qp 25.5 rows/call, 99% of calls reached the solver, 30131 calls

bookshelf_thin  (1 problems, 0 skipped: 0 clearance, 0 self-collision)
  qp-fixed      1/1     150.83/150.83/150.83       14422       12    12.47   0.0012     0%     0.0017      0/9010         0     0.0000       0
      primary samples 3, productive 3 (100.0%), vertices/sample 4.000
      qp 13.8 rows/call, 60% of calls reached the solver, 14422 calls
  qp-adapt      1/1      97.75/97.75/97.75         8719       12    12.47   0.0020     5%     0.0017      0/3743         0     0.0000       0
      primary samples 3, productive 3 (100.0%), vertices/sample 4.000
      qp 17.5 rows/call, 95% of calls reached the solver, 8719 calls
  free-env      1/1      82.79/82.79/82.79         2303       53    18.25   0.0398    90%     0.0000      0/1172         0     0.0001       0
      primary samples 130, productive 50 (38.5%), vertices/sample 0.408
  qp-env        1/1      94.61/94.61/94.61         8326       12    12.48   0.0021     2%     0.0015      0/3574         0     0.0000       0
      primary samples 3, productive 3 (100.0%), vertices/sample 4.000
      qp 17.6 rows/call, 98% of calls reached the solver, 8326 calls

Hop disposition -- what set the hop's length, median over problems.
  row         floored(<1 step)    at region   edge-limited
  qp-fixed            100.0%         0.0%           0.0%
  qp-adapt             96.1%         5.1%           0.1%
  free-env              6.0%        96.8%           2.5%
  qp-env               98.4%         2.3%           0.1%

Endpoint clearance at zero margin -- min(start, goal) over all spheres.
  scene                     min    median       max affordable   problems by margin
  bookshelf_small        0.0064    0.0064    0.0064    0.0064   0:100% 0.02:  0% 0.04:  0% 0.06:  0% 0.09:  0%
  bookshelf_thin         0.0075    0.0075    0.0075    0.0075   0:100% 0.02:  0% 0.04:  0% 0.06:  0% 0.09:  0%

all scenes  (2 problems, 0 skipped: 0 clearance, 0 self-collision)
  qp-fixed      2/2     150.83/159.89/159.89       34642       35    25.25   0.0012     0%    -0.0018   3512/29996        0     0.0000       0
      primary samples 12, productive 11 (91.7%), vertices/sample 4.000
      qp 21.0 rows/call, 68% of calls reached the solver, 49064 calls
  qp-adapt      2/2      97.75/159.12/159.12       30828       37    28.53   0.0020     5%    -0.0018   3514/19654        0     0.0000       0
      primary samples 16, productive 14 (87.5%), vertices/sample 4.000
      qp 25.5 rows/call, 98% of calls reached the solver, 39547 calls
  free-env      2/2       4.11/82.79/82.79         2303       53    18.25   0.0452    98%     0.0000      0/1521         0     0.0001       0
      primary samples 130, productive 50 (38.5%), vertices/sample 0.750
  qp-env        2/2      94.61/156.21/156.21       30131       33    28.55   0.0021     2%    -0.0018   3524/19099        0     0.0000       0
      primary samples 16, productive 14 (87.5%), vertices/sample 4.000
      qp 25.5 rows/call, 99% of calls reached the solver, 38457 calls

"samples" is checked configurations for isSafe, barrier evaluations for
the three CBF rows, and SIMD configuration lanes evaluated for VAMP. They measure
sampling work, while wall time captures the very different per-sample costs.
"unsafe/audited" evaluates exact primitive clearance at every state of the
densified solution -- for each CBF row that is the rollout the planner recorded
for each edge, replayed, so it is the motion that would actually be executed,
sampled inside each step rather than only at its boundaries. Non-zero unsafe
invalidates a row however fast it was.
"missed" counts solution edges that were not on file and had to be
re-derived; it must be zero, or the audited motion is a different trajectory
from the one the planner found.


envelope hop: 829 filter calls, 1.271 hold queries/call, 12.1% saturated, 100.0% longer than L1, past one step 98.8% (L1 alone 56.1%), gated 97.8%, empty-active 2.7%, screen-escalated 12.2%
envelope bottleneck: world 96.4%, self-collision 2.5%, unbound 1.1% (horizon or screen clip), blocked 0.0%, joint-limit clamped 0.0%
envelope binding term:
  world rows       L1 0.0%, local-L1 0.3%, speed-capped 5.1%, isotropic-anchored 94.6% (of 799 bound calls)
  self-pair rows   L1 0.0%, local-L1 0.0%, speed-capped 0.0%, normal-anchored 100.0% (of 21 bound calls)
local-lever screen: 3576 of 8235 expensive world rows settled before the envelope (43.4%)
span handed to the rollout, in controller steps (38457 calls):
                   <1      1-2      2-4      4-8       8+
  L1 only      98.79%     0.47%     0.29%     0.17%     0.27%
  envelope     97.87%     0.58%     0.64%     0.36%     0.55%
=== CBF profiler (wall time) ===
=== CBF filter stats ===
  calls=0  unchanged=0 (0.0%)  filtered=0 (0.0%)  blocked=0 (0.0%)
  active rows:       avg=0.00  max=0
  zero-row fast path: 0 (0.0%)
  qp iterations:     avg=0.00  max=0
  certified duration: avg=0.00000s  min=0.00000s  max=0.00000s  (over 0 non-blocked calls)
  required gain:     avg=0.000/s  max=0.000/s  p50=0.000/s  p90=0.000/s  p99=0.000/s  (over 0 calls, 0 uncertified)
