
MotionBenchMaker UR5, 60 problems loaded, up to 100 per scene
voxel 0.003 m, margin 0.0000 m + 0.0000 m filter buffer, stepSize 0.001 s, range 2.00 rad, 10.0 s limit

hop certificates: old L1 Lipschitz region and new hold-time bound
Picard: off; trajectory prefixes: 0; sequential rollout budget: 10000 calls
kappa 20.00 /s, certified step uncapped, self-collision margin 0.0000 m over 303 pairs
baseline segment: 0.000065 of extent = 0.0010 rad, rollout step 0.0010 rad (matched to the rollout)
rope shortcut off, all rows unsimplified

seed 1
  planner       solved ms(min/med/max)        samples vertices     path rad/call coarse  worst clr unsafe/audited missed worst self collide

bookshelf_thin  (1 problems, 0 skipped: 0 clearance, 0 self-collision)
  qp-fixed      1/1      31.88/31.88/31.88         4848        6     6.61   0.0014     0%     0.0000      0/4849         0     0.0000       0
      primary samples 1, productive 1 (100.0%), vertices/sample 6.000
      qp 12.0 rows/call, 34% of calls reached the solver, 4848 calls
  qp-adapt      1/1      10.90/10.90/10.90         1530        6     6.61   0.0043    13%     0.0000      0/1732         0     0.0000       0
      primary samples 1, productive 1 (100.0%), vertices/sample 6.000
      qp 25.9 rows/call, 95% of calls reached the solver, 1530 calls
  free-env      1/1      26.38/26.38/26.38         1048       33    12.92   0.0536    92%     0.0089      0/751          0     0.0000       0
      primary samples 93, productive 26 (28.0%), vertices/sample 0.355
  qp-env        1/1       9.99/9.99/9.99          1386        6     6.61   0.0048     7%     0.0000      0/1613         0     0.0000       0
      primary samples 1, productive 1 (100.0%), vertices/sample 6.000
      qp 26.2 rows/call, 97% of calls reached the solver, 1386 calls

cage  (1 problems, 0 skipped: 0 clearance, 0 self-collision)
  qp-fixed      1/1      57.34/57.34/57.34        18792       15    14.20   0.0013     0%    -0.0055    680/9773         0     0.0025       0
      primary samples 6, productive 6 (100.0%), vertices/sample 2.500
      qp 18.8 rows/call, 58% of calls reached the solver, 18792 calls
  qp-adapt      1/1      37.76/37.76/37.76        10328       15    14.20   0.0024     7%    -0.0055    677/4073         0     0.0025       0
      primary samples 6, productive 6 (100.0%), vertices/sample 2.500
      qp 27.3 rows/call, 98% of calls reached the solver, 10328 calls
  free-env      1/1     145.97/145.97/145.97       14799      390    19.87   0.0426    83%     0.0000      0/1357         0     0.0025       0
      primary samples 1386, productive 380 (27.4%), vertices/sample 0.281
  qp-env        1/1      36.29/36.29/36.29         9746       15    14.20   0.0025     4%    -0.0055    679/3623         0     0.0025       0
      primary samples 6, productive 6 (100.0%), vertices/sample 2.500
      qp 27.7 rows/call, 99% of calls reached the solver, 9746 calls

table_under_pick  (1 problems, 0 skipped: 0 clearance, 0 self-collision)
  qp-fixed      1/1      61.01/61.01/61.01        14713       13     7.55   0.0011     0%     0.0000      0/5932         0     0.0025       0
      primary samples 5, productive 5 (100.0%), vertices/sample 2.600
      qp 21.7 rows/call, 72% of calls reached the solver, 14713 calls
  qp-adapt      1/1      46.82/46.82/46.82         9995       13     7.55   0.0016     7%     0.0000      0/2181         0     0.0025       0
      primary samples 5, productive 5 (100.0%), vertices/sample 2.600
      qp 26.5 rows/call, 97% of calls reached the solver, 9995 calls
  free-env      1/1       9.89/9.89/9.89           742       15    15.69   0.0311    81%     0.0000      0/931          0     0.0025       0
      primary samples 37, productive 10 (27.0%), vertices/sample 0.405
  qp-env        1/1      43.56/43.56/43.56         9322       13     7.55   0.0018     5%     0.0000      0/1861         0     0.0025       0
      primary samples 5, productive 5 (100.0%), vertices/sample 2.600
      qp 26.6 rows/call, 98% of calls reached the solver, 9322 calls

Hop disposition -- what set the hop's length, median over problems.
  row         floored(<1 step)    at region   edge-limited
  qp-fixed            100.0%         0.0%           0.0%
  qp-adapt             92.6%         7.3%           0.1%
  free-env              8.6%        89.7%           1.7%
  qp-env               94.9%         5.1%           0.1%

Endpoint clearance at zero margin -- min(start, goal) over all spheres.
  scene                     min    median       max affordable   problems by margin
  bookshelf_thin         0.0099    0.0099    0.0099    0.0099   0:100% 0.02:  0% 0.04:  0% 0.06:  0% 0.09:  0%
  cage                   0.0127    0.0127    0.0127    0.0127   0:100% 0.02:  0% 0.04:  0% 0.06:  0% 0.09:  0%
  table_under_pick       0.0080    0.0080    0.0080    0.0080   0:100% 0.02:  0% 0.04:  0% 0.06:  0% 0.09:  0%

all scenes  (3 problems, 0 skipped: 0 clearance, 0 self-collision)
  qp-fixed      3/3      31.88/57.34/61.01        14713       13     7.55   0.0013     0%    -0.0055    680/20554        0     0.0000       0
      primary samples 5, productive 5 (100.0%), vertices/sample 2.600
      qp 18.8 rows/call, 58% of calls reached the solver, 38353 calls
  qp-adapt      3/3      10.90/37.76/46.82         9995       13     7.55   0.0024     7%    -0.0055    677/7986         0     0.0000       0
      primary samples 5, productive 5 (100.0%), vertices/sample 2.600
      qp 26.5 rows/call, 97% of calls reached the solver, 21853 calls
  free-env      3/3       9.89/26.38/145.97        1048       33    15.69   0.0426    83%     0.0000      0/3039         0     0.0000       0
      primary samples 93, productive 26 (28.0%), vertices/sample 0.355
  qp-env        3/3       9.99/36.29/43.56         9322       13     7.55   0.0025     5%    -0.0055    679/7097         0     0.0000       0
      primary samples 5, productive 5 (100.0%), vertices/sample 2.600
      qp 26.6 rows/call, 98% of calls reached the solver, 20454 calls

"samples" is checked configurations for isSafe, barrier evaluations for
the three CBF rows, and SIMD configuration lanes evaluated for VAMP. They measure
sampling work, while wall time captures the very different per-sample costs.
"unsafe/audited" evaluates exact primitive clearance at every state of the
densified solution -- for each CBF row that is the rollout the planner recorded
for each edge, replayed, so it is the motion that would actually be executed,
sampled inside each step rather than only at its boundaries. Non-zero unsafe
invalidates a row however fast it was.
"missed" counts solution edges that were not on file and had to be
re-derived; it must be zero, or the audited motion is a different trajectory
from the one the planner found.


envelope hop: 1041 filter calls, 1.260 hold queries/call, 14.6% saturated, 100.0% longer than L1, past one step 91.4% (L1 alone 49.9%), gated 94.9%, empty-active 1.7%, screen-escalated 7.6%
envelope bottleneck: world 99.6%, self-collision 0.3%, unbound 0.1% (horizon or screen clip), blocked 0.0%, joint-limit clamped 0.0%
envelope binding term:
  world rows       L1 0.0%, local-L1 0.5%, speed-capped 10.3%, isotropic-anchored 89.2% (of 1037 bound calls)
  self-pair rows   L1 0.0%, local-L1 0.0%, speed-capped 0.0%, normal-anchored 100.0% (of 3 bound calls)
local-lever screen: 13213 of 28635 expensive world rows settled before the envelope (46.1%)
span handed to the rollout, in controller steps (20454 calls):
                   <1      1-2      2-4      4-8       8+
  L1 only      97.46%     1.32%     0.41%     0.23%     0.57%
  envelope     95.35%     1.35%     1.38%     0.78%     1.14%
=== CBF profiler (wall time) ===
=== CBF filter stats ===
  calls=0  unchanged=0 (0.0%)  filtered=0 (0.0%)  blocked=0 (0.0%)
  active rows:       avg=0.00  max=0
  zero-row fast path: 0 (0.0%)
  qp iterations:     avg=0.00  max=0
  certified duration: avg=0.00000s  min=0.00000s  max=0.00000s  (over 0 non-blocked calls)
  required gain:     avg=0.000/s  max=0.000/s  p50=0.000/s  p90=0.000/s  p99=0.000/s  (over 0 calls, 0 uncertified)
