
MotionBenchMaker UR5, 60 problems loaded, up to 100 per scene
voxel 0.003 m, margin 0.0000 m + 0.0000 m filter buffer, stepSize 0.001 s, range 2.00 rad, 10.0 s limit

hop certificates: old L1 Lipschitz region and new hold-time bound
Picard: off; trajectory prefixes: 0; sequential rollout budget: 10000 calls
kappa 20.00 /s, certified step uncapped, self-collision margin 0.0000 m over 303 pairs
baseline segment: 0.000065 of extent = 0.0010 rad, rollout step 0.0010 rad (matched to the rollout)
rope shortcut off, all rows unsimplified

seed 1
  planner       solved ms(min/med/max)        samples vertices     path rad/call coarse  worst clr unsafe/audited missed worst self collide

bookshelf_small  (1 problems, 0 skipped: 0 clearance, 0 self-collision)
  qp-fixed      1/1     217.02/217.02/217.02       43574       29    28.74   0.0011     0%    -0.0017   1497/22059        0     0.0025       0
      primary samples 16, productive 13 (81.2%), vertices/sample 1.812
      qp 25.4 rows/call, 83% of calls reached the solver, 43574 calls
  qp-adapt      1/1     190.41/190.41/190.41       35791       29    28.75   0.0013     4%    -0.0017   1499/18290        0     0.0025       0
      primary samples 16, productive 13 (81.2%), vertices/sample 1.812
      qp 28.3 rows/call, 98% of calls reached the solver, 35791 calls
  free-env      1/1      34.75/34.75/34.75         2437       47    13.73   0.0338    86%     0.0042      0/750          0     0.0025       0
      primary samples 164, productive 43 (26.2%), vertices/sample 0.287
  qp-env        1/1     184.31/184.31/184.31       34397       29    28.75   0.0014     3%    -0.0017   1504/17399        0     0.0025       0
      primary samples 16, productive 13 (81.2%), vertices/sample 1.812
      qp 28.3 rows/call, 99% of calls reached the solver, 34397 calls

bookshelf_thin  (1 problems, 0 skipped: 0 clearance, 0 self-collision)
  qp-fixed      1/1     110.33/110.33/110.33       10211        8     8.54   0.0011     0%     0.0003      0/5365         0     0.0025       0
      primary samples 4, productive 3 (75.0%), vertices/sample 2.000
      qp 15.9 rows/call, 50% of calls reached the solver, 10211 calls
  qp-adapt      1/1      63.58/63.58/63.58         5236        8     8.54   0.0022     5%     0.0003      0/768          0     0.0025       0
      primary samples 4, productive 3 (75.0%), vertices/sample 2.000
      qp 25.8 rows/call, 96% of calls reached the solver, 5236 calls
  free-env      1/1      45.00/45.00/45.00         1303       32    11.48   0.0410    87%     0.0000      0/664          0     0.0025       0
      primary samples 66, productive 28 (42.4%), vertices/sample 0.485
  qp-env        1/1      60.62/60.62/60.62         4971        8     8.54   0.0023     1%     0.0002      0/580          0     0.0025       0
      primary samples 4, productive 3 (75.0%), vertices/sample 2.000
      qp 26.2 rows/call, 99% of calls reached the solver, 4971 calls

cage  (1 problems, 0 skipped: 0 clearance, 0 self-collision)
  qp-fixed      1/1     414.45/414.45/414.45       84909       54    25.20   0.0010     0%    -0.0055   1887/20378        0     0.0003       0
      primary samples 31, productive 26 (83.9%), vertices/sample 1.742
      qp 27.4 rows/call, 80% of calls reached the solver, 84909 calls
  qp-adapt      1/1     355.05/355.05/355.05       66220       54    25.20   0.0013     3%    -0.0055   1906/12459        0     0.0003       0
      primary samples 31, productive 26 (83.9%), vertices/sample 1.742
      qp 32.7 rows/call, 99% of calls reached the solver, 66220 calls
  free-env      1/1     950.18/950.18/950.18       67514     1454    24.12   0.0310    80%     0.0000      0/1576         0     0.0000       0
      primary samples 5756, productive 1419 (24.7%), vertices/sample 0.253
  qp-env        1/1     342.75/342.75/342.75       63932       54    25.21   0.0014     2%    -0.0055   1901/11922        0     0.0001       0
      primary samples 31, productive 26 (83.9%), vertices/sample 1.742
      qp 32.8 rows/call, 100% of calls reached the solver, 63932 calls

Hop disposition -- what set the hop's length, median over problems.
  row         floored(<1 step)    at region   edge-limited
  qp-fixed            100.0%         0.0%           0.0%
  qp-adapt             96.1%         3.9%           0.0%
  free-env              9.3%        89.5%           1.4%
  qp-env               98.1%         1.9%           0.0%

Endpoint clearance at zero margin -- min(start, goal) over all spheres.
  scene                     min    median       max affordable   problems by margin
  bookshelf_small        0.0057    0.0057    0.0057    0.0057   0:100% 0.02:  0% 0.04:  0% 0.06:  0% 0.09:  0%
  bookshelf_thin         0.0067    0.0067    0.0067    0.0067   0:100% 0.02:  0% 0.04:  0% 0.06:  0% 0.09:  0%
  cage                   0.0127    0.0127    0.0127    0.0127   0:100% 0.02:  0% 0.04:  0% 0.06:  0% 0.09:  0%

all scenes  (3 problems, 0 skipped: 0 clearance, 0 self-collision)
  qp-fixed      3/3     110.33/217.02/414.45       43574       29    25.20   0.0011     0%    -0.0055   3384/47802        0     0.0003       0
      primary samples 16, productive 13 (81.2%), vertices/sample 1.812
      qp 25.4 rows/call, 80% of calls reached the solver, 138694 calls
  qp-adapt      3/3      63.58/190.41/355.05       35791       29    25.20   0.0013     4%    -0.0055   3405/31517        0     0.0003       0
      primary samples 16, productive 13 (81.2%), vertices/sample 1.812
      qp 28.3 rows/call, 98% of calls reached the solver, 107247 calls
  free-env      3/3      34.75/45.00/950.18        2437       47    13.73   0.0338    86%     0.0000      0/2990         0     0.0000       0
      primary samples 164, productive 43 (26.2%), vertices/sample 0.287
  qp-env        3/3      60.62/184.31/342.75       34397       29    25.21   0.0014     2%    -0.0055   3405/29901        0     0.0001       0
      primary samples 16, productive 13 (81.2%), vertices/sample 1.812
      qp 28.3 rows/call, 99% of calls reached the solver, 103300 calls

"samples" is checked configurations for isSafe, barrier evaluations for
the three CBF rows, and SIMD configuration lanes evaluated for VAMP. They measure
sampling work, while wall time captures the very different per-sample costs.
"unsafe/audited" evaluates exact primitive clearance at every state of the
densified solution -- for each CBF row that is the rollout the planner recorded
for each edge, replayed, so it is the motion that would actually be executed,
sampled inside each step rather than only at its boundaries. Non-zero unsafe
invalidates a row however fast it was.
"missed" counts solution edges that were not on file and had to be
re-derived; it must be zero, or the audited motion is a different trajectory
from the one the planner found.


envelope hop: 2372 filter calls, 1.261 hold queries/call, 15.9% saturated, 100.0% longer than L1, past one step 94.2% (L1 alone 46.0%), gated 97.7%, empty-active 1.6%, screen-escalated 6.2%
envelope bottleneck: world 99.2%, self-collision 0.7%, unbound 0.1% (horizon or screen clip), blocked 0.0%, joint-limit clamped 0.0%
envelope binding term:
  world rows       L1 0.0%, local-L1 0.4%, speed-capped 11.4%, isotropic-anchored 88.2% (of 2352 bound calls)
  self-pair rows   L1 0.0%, local-L1 0.0%, speed-capped 5.9%, normal-anchored 94.1% (of 17 bound calls)
local-lever screen: 54520 of 125027 expensive world rows settled before the envelope (43.6%)
span handed to the rollout, in controller steps (103300 calls):
                   <1      1-2      2-4      4-8       8+
  L1 only      98.94%     0.57%     0.23%     0.11%     0.15%
  envelope     97.84%     0.66%     0.60%     0.47%     0.43%
=== CBF profiler (wall time) ===
=== CBF filter stats ===
  calls=0  unchanged=0 (0.0%)  filtered=0 (0.0%)  blocked=0 (0.0%)
  active rows:       avg=0.00  max=0
  zero-row fast path: 0 (0.0%)
  qp iterations:     avg=0.00  max=0
  certified duration: avg=0.00000s  min=0.00000s  max=0.00000s  (over 0 non-blocked calls)
  required gain:     avg=0.000/s  max=0.000/s  p50=0.000/s  p90=0.000/s  p99=0.000/s  (over 0 calls, 0 uncertified)
