
MotionBenchMaker UR5, 60 problems loaded, up to 100 per scene
voxel 0.003 m, margin 0.0000 m + 0.0000 m filter buffer, stepSize 0.001 s, range 2.00 rad, 10.0 s limit

hop certificates: old L1 Lipschitz region and new hold-time bound
Picard: off; trajectory prefixes: 0; sequential rollout budget: 10000 calls
kappa 20.00 /s, certified step uncapped, self-collision margin 0.0000 m over 303 pairs
baseline segment: 0.000065 of extent = 0.0010 rad, rollout step 0.0010 rad (matched to the rollout)
rope shortcut off, all rows unsimplified

seed 1
  planner       solved ms(min/med/max)        samples vertices     path rad/call coarse  worst clr unsafe/audited missed worst self collide

bookshelf_tall  (1 problems, 0 skipped: 0 clearance, 0 self-collision)
  qp-fixed      1/1      90.86/90.86/90.86        17409       18    11.70   0.0013     0%    -0.0000   1132/9190         0     0.0025       0
      primary samples 6, productive 6 (100.0%), vertices/sample 3.000
      qp 21.3 rows/call, 56% of calls reached the solver, 17409 calls
  qp-adapt      1/1      57.27/57.27/57.27        10021       18    11.70   0.0023    12%    -0.0000   1134/4994         0     0.0025       0
      primary samples 6, productive 6 (100.0%), vertices/sample 3.000
      qp 25.2 rows/call, 90% of calls reached the solver, 10021 calls
  free-env      1/1       6.38/6.38/6.38           332       10    14.79   0.0491    96%     0.0000      0/856          0     0.0025       0
      primary samples 21, productive 6 (28.6%), vertices/sample 0.476
  qp-env        1/1      51.40/51.40/51.40         8762       16    11.70   0.0026     4%    -0.0000   1145/4542         0     0.0025       0
      primary samples 6, productive 6 (100.0%), vertices/sample 2.667
      qp 25.4 rows/call, 96% of calls reached the solver, 8762 calls

bookshelf_thin  (1 problems, 0 skipped: 0 clearance, 0 self-collision)
  qp-fixed      1/1     205.30/205.30/205.30       28932       18    17.53   0.0010     0%    -0.0169   2951/14808        0     0.0025       0
      primary samples 10, productive 7 (70.0%), vertices/sample 1.800
      qp 17.4 rows/call, 72% of calls reached the solver, 28932 calls
  qp-adapt      1/1     156.80/156.80/156.80       21006       18    17.53   0.0014     4%    -0.0169   2952/9527         0     0.0025       0
      primary samples 10, productive 7 (70.0%), vertices/sample 1.800
      qp 21.9 rows/call, 97% of calls reached the solver, 21006 calls
  free-env      1/1      32.85/32.85/32.85         1401       37    12.81   0.0447    94%     0.0000      0/740          0     0.0025       0
      primary samples 75, productive 29 (38.7%), vertices/sample 0.493
  qp-env        1/1     150.14/150.14/150.14       20033       18    17.53   0.0015     2%    -0.0170   2973/8683         0     0.0025       0
      primary samples 10, productive 7 (70.0%), vertices/sample 1.800
      qp 21.8 rows/call, 97% of calls reached the solver, 20033 calls

cage  (1 problems, 0 skipped: 0 clearance, 0 self-collision)
  qp-fixed      1/1     173.59/173.59/173.59       57805       35    19.48   0.0010     0%    -0.0006   1643/17427        0     0.0025       0
      primary samples 19, productive 16 (84.2%), vertices/sample 1.842
      qp 19.7 rows/call, 62% of calls reached the solver, 57805 calls
  qp-adapt      1/1     130.57/130.57/130.57       37086       35    19.48   0.0015     3%    -0.0006   1643/8252         0     0.0025       0
      primary samples 19, productive 16 (84.2%), vertices/sample 1.842
      qp 27.9 rows/call, 93% of calls reached the solver, 37086 calls
  free-env      1/1     170.31/170.31/170.31       17326      460    19.84   0.0416    84%     0.0000      0/1283         0     0.0000       0
      primary samples 1611, productive 444 (27.6%), vertices/sample 0.286
  qp-env        1/1     129.54/129.54/129.54       36344       35    19.49   0.0016     2%    -0.0006   1647/8154         0     0.0025       0
      primary samples 19, productive 16 (84.2%), vertices/sample 1.842
      qp 27.9 rows/call, 93% of calls reached the solver, 36344 calls

Hop disposition -- what set the hop's length, median over problems.
  row         floored(<1 step)    at region   edge-limited
  qp-fixed            100.0%         0.0%           0.0%
  qp-adapt             95.8%         4.1%           0.0%
  free-env              2.8%        95.3%           1.9%
  qp-env               98.0%         2.0%           0.1%

Endpoint clearance at zero margin -- min(start, goal) over all spheres.
  scene                     min    median       max affordable   problems by margin
  bookshelf_tall         0.0077    0.0077    0.0077    0.0077   0:100% 0.02:  0% 0.04:  0% 0.06:  0% 0.09:  0%
  bookshelf_thin         0.0068    0.0068    0.0068    0.0068   0:100% 0.02:  0% 0.04:  0% 0.06:  0% 0.09:  0%
  cage                   0.0127    0.0127    0.0127    0.0127   0:100% 0.02:  0% 0.04:  0% 0.06:  0% 0.09:  0%

all scenes  (3 problems, 0 skipped: 0 clearance, 0 self-collision)
  qp-fixed      3/3      90.86/173.59/205.30       28932       18    17.53   0.0010     0%    -0.0169   5726/41425        0     0.0025       0
      primary samples 10, productive 7 (70.0%), vertices/sample 1.842
      qp 19.7 rows/call, 62% of calls reached the solver, 104146 calls
  qp-adapt      3/3      57.27/130.57/156.80       21006       18    17.53   0.0015     4%    -0.0169   5729/22773        0     0.0025       0
      primary samples 10, productive 7 (70.0%), vertices/sample 1.842
      qp 25.2 rows/call, 93% of calls reached the solver, 68113 calls
  free-env      3/3       6.38/32.85/170.31        1401       37    14.79   0.0447    94%     0.0000      0/2879         0     0.0000       0
      primary samples 75, productive 29 (38.7%), vertices/sample 0.476
  qp-env        3/3      51.40/129.54/150.14       20033       18    17.53   0.0016     2%    -0.0170   5765/21379        0     0.0025       0
      primary samples 10, productive 7 (70.0%), vertices/sample 1.842
      qp 25.4 rows/call, 96% of calls reached the solver, 65139 calls

"samples" is checked configurations for isSafe, barrier evaluations for
the three CBF rows, and SIMD configuration lanes evaluated for VAMP. They measure
sampling work, while wall time captures the very different per-sample costs.
"unsafe/audited" evaluates exact primitive clearance at every state of the
densified solution -- for each CBF row that is the rollout the planner recorded
for each edge, replayed, so it is the motion that would actually be executed,
sampled inside each step rather than only at its boundaries. Non-zero unsafe
invalidates a row however fast it was.
"missed" counts solution edges that were not on file and had to be
re-derived; it must be zero, or the audited motion is a different trajectory
from the one the planner found.


envelope hop: 1510 filter calls, 1.389 hold queries/call, 20.4% saturated, 100.0% longer than L1, past one step 99.4% (L1 alone 55.3%), gated 97.7%, empty-active 2.9%, screen-escalated 10.7%
envelope bottleneck: world 98.2%, self-collision 1.7%, unbound 0.1% (horizon or screen clip), blocked 0.0%, joint-limit clamped 0.0%
envelope binding term:
  world rows       L1 0.0%, local-L1 0.6%, speed-capped 1.4%, isotropic-anchored 98.0% (of 1483 bound calls)
  self-pair rows   L1 0.0%, local-L1 0.0%, speed-capped 0.0%, normal-anchored 100.0% (of 26 bound calls)
local-lever screen: 18662 of 38012 expensive world rows settled before the envelope (49.1%)
span handed to the rollout, in controller steps (65139 calls):
                   <1      1-2      2-4      4-8       8+
  L1 only      98.72%     0.52%     0.29%     0.16%     0.32%
  envelope     97.69%     0.40%     0.63%     0.53%     0.75%
=== CBF profiler (wall time) ===
=== CBF filter stats ===
  calls=0  unchanged=0 (0.0%)  filtered=0 (0.0%)  blocked=0 (0.0%)
  active rows:       avg=0.00  max=0
  zero-row fast path: 0 (0.0%)
  qp iterations:     avg=0.00  max=0
  certified duration: avg=0.00000s  min=0.00000s  max=0.00000s  (over 0 non-blocked calls)
  required gain:     avg=0.000/s  max=0.000/s  p50=0.000/s  p90=0.000/s  p99=0.000/s  (over 0 calls, 0 uncertified)
