
MotionBenchMaker UR5, 60 problems loaded, up to 100 per scene
voxel 0.003 m, margin 0.0000 m + 0.0000 m filter buffer, stepSize 0.001 s, range 2.00 rad, 10.0 s limit

hop certificates: old L1 Lipschitz region and new hold-time bound
Picard: off; trajectory prefixes: 0; sequential rollout budget: 10000 calls
kappa 20.00 /s, certified step uncapped, self-collision margin 0.0000 m over 303 pairs
baseline segment: 0.000065 of extent = 0.0010 rad, rollout step 0.0010 rad (matched to the rollout)
rope shortcut off, all rows unsimplified

seed 1
  planner       solved ms(min/med/max)        samples vertices     path rad/call coarse  worst clr unsafe/audited missed worst self collide

bookshelf_small  (1 problems, 0 skipped: 0 clearance, 0 self-collision)
  qp-fixed      1/1      53.62/53.62/53.62        11536       10    12.36   0.0011     0%     0.0000      0/10127        0     0.0025       0
      primary samples 2, productive 2 (100.0%), vertices/sample 5.000
      qp 16.4 rows/call, 58% of calls reached the solver, 11536 calls
  qp-adapt      1/1      36.34/36.34/36.34         6578       11    12.36   0.0020     5%     0.0000      0/5443         0     0.0025       0
      primary samples 2, productive 2 (100.0%), vertices/sample 5.500
      qp 25.5 rows/call, 98% of calls reached the solver, 6578 calls
  free-env      1/1      86.74/86.74/86.74         5595      107    17.37   0.0365    91%     0.0000      0/1025         0     0.0025       0
      primary samples 392, productive 101 (25.8%), vertices/sample 0.273
  qp-env        1/1      36.66/36.66/36.66         6296       11    12.36   0.0021     2%     0.0000      0/5187         0     0.0025       0
      primary samples 2, productive 2 (100.0%), vertices/sample 5.500
      qp 25.7 rows/call, 99% of calls reached the solver, 6296 calls

bookshelf_thin  (1 problems, 0 skipped: 0 clearance, 0 self-collision)
  qp-fixed      1/1      40.94/40.94/40.94         4005        5     5.52   0.0014     0%    -0.0136    894/4006         0     0.0025       0
      primary samples 1, productive 1 (100.0%), vertices/sample 5.000
      qp 5.8 rows/call, 28% of calls reached the solver, 4005 calls
  qp-adapt      1/1      11.91/11.91/11.91         1064        5     5.52   0.0052     9%    -0.0136    894/1245         0     0.0025       0
      primary samples 1, productive 1 (100.0%), vertices/sample 5.000
      qp 17.8 rows/call, 96% of calls reached the solver, 1064 calls
  free-env      1/1       7.85/7.85/7.85           231        8     9.98   0.0443    92%     0.0001      0/629          0     0.0025       0
      primary samples 5, productive 3 (60.0%), vertices/sample 1.600
  qp-env        1/1      11.11/11.11/11.11          985        5     5.52   0.0056     5%    -0.0137    893/1181         0     0.0025       0
      primary samples 1, productive 1 (100.0%), vertices/sample 5.000
      qp 18.0 rows/call, 98% of calls reached the solver, 985 calls

Hop disposition -- what set the hop's length, median over problems.
  row         floored(<1 step)    at region   edge-limited
  qp-fixed            100.0%         0.0%           0.0%
  qp-adapt             94.5%         9.2%           0.3%
  free-env              8.2%        94.6%           2.6%
  qp-env               98.1%         4.4%           0.3%

Endpoint clearance at zero margin -- min(start, goal) over all spheres.
  scene                     min    median       max affordable   problems by margin
  bookshelf_small        0.0057    0.0057    0.0057    0.0057   0:100% 0.02:  0% 0.04:  0% 0.06:  0% 0.09:  0%
  bookshelf_thin         0.0031    0.0031    0.0031    0.0031   0:100% 0.02:  0% 0.04:  0% 0.06:  0% 0.09:  0%

all scenes  (2 problems, 0 skipped: 0 clearance, 0 self-collision)
  qp-fixed      2/2      40.94/53.62/53.62        11536       10    12.36   0.0014     0%    -0.0136    894/14133        0     0.0025       0
      primary samples 2, productive 2 (100.0%), vertices/sample 5.000
      qp 16.4 rows/call, 58% of calls reached the solver, 15541 calls
  qp-adapt      2/2      11.91/36.34/36.34         6578       11    12.36   0.0052     9%    -0.0136    894/6688         0     0.0025       0
      primary samples 2, productive 2 (100.0%), vertices/sample 5.500
      qp 25.5 rows/call, 98% of calls reached the solver, 7642 calls
  free-env      2/2       7.85/86.74/86.74         5595      107    17.37   0.0443    92%     0.0000      0/1654         0     0.0025       0
      primary samples 392, productive 101 (25.8%), vertices/sample 1.600
  qp-env        2/2      11.11/36.66/36.66         6296       11    12.36   0.0056     5%    -0.0137    893/6368         0     0.0025       0
      primary samples 2, productive 2 (100.0%), vertices/sample 5.500
      qp 25.7 rows/call, 99% of calls reached the solver, 7281 calls

"samples" is checked configurations for isSafe, barrier evaluations for
the three CBF rows, and SIMD configuration lanes evaluated for VAMP. They measure
sampling work, while wall time captures the very different per-sample costs.
"unsafe/audited" evaluates exact primitive clearance at every state of the
densified solution -- for each CBF row that is the rollout the planner recorded
for each edge, replayed, so it is the motion that would actually be executed,
sampled inside each step rather than only at its boundaries. Non-zero unsafe
invalidates a row however fast it was.
"missed" counts solution edges that were not on file and had to be
re-derived; it must be zero, or the audited motion is a different trajectory
from the one the planner found.


envelope hop: 164 filter calls, 1.341 hold queries/call, 14.1% saturated, 100.0% longer than L1, past one step 100.0% (L1 alone 80.5%), gated 97.7%, empty-active 7.3%, screen-escalated 15.2%
envelope bottleneck: world 97.6%, self-collision 2.4%, unbound 0.0% (horizon or screen clip), blocked 0.0%, joint-limit clamped 0.0%
envelope binding term:
  world rows       L1 0.0%, local-L1 1.9%, speed-capped 0.0%, isotropic-anchored 98.1% (of 160 bound calls)
  self-pair rows   L1 0.0%, local-L1 0.0%, speed-capped 0.0%, normal-anchored 100.0% (of 4 bound calls)
local-lever screen: 7790 of 14926 expensive world rows settled before the envelope (52.2%)
span handed to the rollout, in controller steps (7281 calls):
                   <1      1-2      2-4      4-8       8+
  L1 only      98.19%     0.77%     0.44%     0.23%     0.37%
  envelope     97.75%     0.08%     0.44%     0.74%     0.99%
=== CBF profiler (wall time) ===
=== CBF filter stats ===
  calls=0  unchanged=0 (0.0%)  filtered=0 (0.0%)  blocked=0 (0.0%)
  active rows:       avg=0.00  max=0
  zero-row fast path: 0 (0.0%)
  qp iterations:     avg=0.00  max=0
  certified duration: avg=0.00000s  min=0.00000s  max=0.00000s  (over 0 non-blocked calls)
  required gain:     avg=0.000/s  max=0.000/s  p50=0.000/s  p90=0.000/s  p99=0.000/s  (over 0 calls, 0 uncertified)
