
MotionBenchMaker UR5, 60 problems loaded, up to 100 per scene
voxel 0.003 m, margin 0.0000 m + 0.0000 m filter buffer, stepSize 0.001 s, range 2.00 rad, 10.0 s limit

hop certificates: old L1 Lipschitz region and new hold-time bound
Picard: off; trajectory prefixes: 0; sequential rollout budget: 10000 calls
kappa 20.00 /s, certified step uncapped, self-collision margin 0.0000 m over 303 pairs
baseline segment: 0.000065 of extent = 0.0010 rad, rollout step 0.0010 rad (matched to the rollout)
rope shortcut off, all rows unsimplified

seed 1
  planner       solved ms(min/med/max)        samples vertices     path rad/call coarse  worst clr unsafe/audited missed worst self collide

bookshelf_thin  (1 problems, 0 skipped: 0 clearance, 0 self-collision)
  qp-fixed      1/1     115.51/115.51/115.51       11315        9    10.68   0.0011     0%     0.0002      0/8383         0     0.0025       0
      primary samples 2, productive 2 (100.0%), vertices/sample 4.500
      qp 7.6 rows/call, 31% of calls reached the solver, 11315 calls
  qp-adapt      1/1      37.98/37.98/37.98         3279        9    10.68   0.0040    10%     0.0002      0/898          0     0.0025       0
      primary samples 2, productive 2 (100.0%), vertices/sample 4.500
      qp 22.8 rows/call, 97% of calls reached the solver, 3279 calls
  free-env      1/1      96.52/96.52/96.52         2749       58    19.89   0.0381    91%     0.0000      0/1213         0     0.0025       0
      primary samples 166, productive 54 (32.5%), vertices/sample 0.349
  qp-env        1/1      36.12/36.12/36.12         3067        9    10.68   0.0042     4%     0.0002      0/718          0     0.0025       0
      primary samples 2, productive 2 (100.0%), vertices/sample 4.500
      qp 23.3 rows/call, 99% of calls reached the solver, 3067 calls

table_pick  (1 problems, 0 skipped: 0 clearance, 0 self-collision)
  qp-fixed      1/1      48.05/48.05/48.05         8082        7     8.23   0.0011     0%     0.0000      0/6460         0     0.0025       0
      primary samples 2, productive 2 (100.0%), vertices/sample 3.500
      qp 11.6 rows/call, 35% of calls reached the solver, 8082 calls
  qp-adapt      1/1      16.52/16.52/16.52         2439        7     8.23   0.0037    16%     0.0000      0/1129         0     0.0025       0
      primary samples 2, productive 2 (100.0%), vertices/sample 3.500
      qp 28.3 rows/call, 97% of calls reached the solver, 2439 calls
  free-env      1/1      17.10/17.10/17.10          764       20     9.45   0.0462    96%     0.0032      0/521          0     0.0025       0
      primary samples 48, productive 17 (35.4%), vertices/sample 0.417
  qp-env        1/1      14.83/14.83/14.83         2167        7     8.23   0.0042     8%     0.0000      0/881          0     0.0025       0
      primary samples 2, productive 2 (100.0%), vertices/sample 3.500
      qp 28.7 rows/call, 98% of calls reached the solver, 2167 calls

Hop disposition -- what set the hop's length, median over problems.
  row         floored(<1 step)    at region   edge-limited
  qp-fixed            100.0%         0.0%           0.0%
  qp-adapt             90.5%        15.7%           0.2%
  free-env              4.9%        97.8%           2.1%
  qp-env               96.1%         7.6%           0.2%

Endpoint clearance at zero margin -- min(start, goal) over all spheres.
  scene                     min    median       max affordable   problems by margin
  bookshelf_thin         0.0076    0.0076    0.0076    0.0076   0:100% 0.02:  0% 0.04:  0% 0.06:  0% 0.09:  0%
  table_pick             0.0080    0.0080    0.0080    0.0080   0:100% 0.02:  0% 0.04:  0% 0.06:  0% 0.09:  0%

all scenes  (2 problems, 0 skipped: 0 clearance, 0 self-collision)
  qp-fixed      2/2      48.05/115.51/115.51       11315        9    10.68   0.0011     0%     0.0000      0/14843        0     0.0025       0
      primary samples 2, productive 2 (100.0%), vertices/sample 4.500
      qp 11.6 rows/call, 35% of calls reached the solver, 19397 calls
  qp-adapt      2/2      16.52/37.98/37.98         3279        9    10.68   0.0040    16%     0.0000      0/2027         0     0.0025       0
      primary samples 2, productive 2 (100.0%), vertices/sample 4.500
      qp 28.3 rows/call, 97% of calls reached the solver, 5718 calls
  free-env      2/2      17.10/96.52/96.52         2749       58    19.89   0.0462    96%     0.0000      0/1734         0     0.0025       0
      primary samples 166, productive 54 (32.5%), vertices/sample 0.417
  qp-env        2/2      14.83/36.12/36.12         3067        9    10.68   0.0042     8%     0.0000      0/1599         0     0.0025       0
      primary samples 2, productive 2 (100.0%), vertices/sample 4.500
      qp 28.7 rows/call, 99% of calls reached the solver, 5234 calls

"samples" is checked configurations for isSafe, barrier evaluations for
the three CBF rows, and SIMD configuration lanes evaluated for VAMP. They measure
sampling work, while wall time captures the very different per-sample costs.
"unsafe/audited" evaluates exact primitive clearance at every state of the
densified solution -- for each CBF row that is the rollout the planner recorded
for each edge, replayed, so it is the motion that would actually be executed,
sampled inside each step rather than only at its boundaries. Non-zero unsafe
invalidates a row however fast it was.
"missed" counts solution edges that were not on file and had to be
re-derived; it must be zero, or the audited motion is a different trajectory
from the one the planner found.


envelope hop: 288 filter calls, 1.333 hold queries/call, 15.1% saturated, 100.0% longer than L1, past one step 100.0% (L1 alone 63.2%), gated 94.5%, empty-active 8.1%, screen-escalated 13.2%
envelope bottleneck: world 97.2%, self-collision 2.8%, unbound 0.0% (horizon or screen clip), blocked 0.0%, joint-limit clamped 0.0%
envelope binding term:
  world rows       L1 0.0%, local-L1 1.8%, speed-capped 0.0%, isotropic-anchored 98.2% (of 280 bound calls)
  self-pair rows   L1 0.0%, local-L1 0.0%, speed-capped 0.0%, normal-anchored 100.0% (of 8 bound calls)
local-lever screen: 4547 of 9891 expensive world rows settled before the envelope (46.0%)
span handed to the rollout, in controller steps (5234 calls):
                   <1      1-2      2-4      4-8       8+
  L1 only      96.52%     1.59%     0.75%     0.40%     0.75%
  envelope     94.50%     0.75%     1.47%     1.45%     1.83%
=== CBF profiler (wall time) ===
=== CBF filter stats ===
  calls=0  unchanged=0 (0.0%)  filtered=0 (0.0%)  blocked=0 (0.0%)
  active rows:       avg=0.00  max=0
  zero-row fast path: 0 (0.0%)
  qp iterations:     avg=0.00  max=0
  certified duration: avg=0.00000s  min=0.00000s  max=0.00000s  (over 0 non-blocked calls)
  required gain:     avg=0.000/s  max=0.000/s  p50=0.000/s  p90=0.000/s  p99=0.000/s  (over 0 calls, 0 uncertified)
