
MotionBenchMaker UR5, 60 problems loaded, up to 100 per scene
voxel 0.003 m, margin 0.0000 m + 0.0000 m filter buffer, stepSize 0.001 s, range 2.00 rad, 10.0 s limit

hop certificates: old L1 Lipschitz region and new hold-time bound
Picard: off; trajectory prefixes: 0; sequential rollout budget: 10000 calls
kappa 20.00 /s, certified step uncapped, self-collision margin 0.0000 m over 303 pairs
baseline segment: 0.000065 of extent = 0.0010 rad, rollout step 0.0010 rad (matched to the rollout)
rope shortcut off, all rows unsimplified

seed 1
  planner       solved ms(min/med/max)        samples vertices     path rad/call coarse  worst clr unsafe/audited missed worst self collide

bookshelf_small  (1 problems, 0 skipped: 0 clearance, 0 self-collision)
  qp-fixed      1/1     141.48/141.48/141.48       29684       24    16.58   0.0012     0%    -0.0000     17/12331        0     0.0025       0
      primary samples 8, productive 7 (87.5%), vertices/sample 3.000
      qp 19.1 rows/call, 76% of calls reached the solver, 29684 calls
  qp-adapt      1/1     118.20/118.20/118.20       22267       24    16.58   0.0016     5%    -0.0000     47/6387         0     0.0025       0
      primary samples 8, productive 7 (87.5%), vertices/sample 3.000
      qp 23.5 rows/call, 99% of calls reached the solver, 22267 calls
  free-env      1/1      41.73/41.73/41.73         3169       61    28.66   0.0320    84%     0.0000      0/1700         0     0.0025       0
      primary samples 185, productive 51 (27.6%), vertices/sample 0.330
  qp-env        1/1     111.85/111.85/111.85       21061       24    16.58   0.0017     3%    -0.0000     92/5793         0     0.0025       0
      primary samples 8, productive 7 (87.5%), vertices/sample 3.000
      qp 23.5 rows/call, 99% of calls reached the solver, 21061 calls

bookshelf_thin  (1 problems, 0 skipped: 0 clearance, 0 self-collision)
  qp-fixed      1/1     297.00/297.00/297.00       25187       21    19.08   0.0012     0%    -0.0127   3083/14820        0     0.0017       0
      primary samples 7, productive 7 (100.0%), vertices/sample 3.000
      qp 22.3 rows/call, 77% of calls reached the solver, 25187 calls
  qp-adapt      1/1     227.41/227.41/227.41       18764       21    19.08   0.0016     7%    -0.0127   3090/10552        0     0.0017       0
      primary samples 7, productive 7 (100.0%), vertices/sample 3.000
      qp 25.2 rows/call, 96% of calls reached the solver, 18764 calls
  free-env      1/1      17.27/17.27/17.27          488       12    10.49   0.0394    95%     0.0007      0/586          0     0.0025       0
      primary samples 20, productive 7 (35.0%), vertices/sample 0.600
  qp-env        1/1     191.85/191.85/191.85       17376       21    19.09   0.0017     4%    -0.0127   3247/9747         0     0.0019       0
      primary samples 7, productive 7 (100.0%), vertices/sample 3.000
      qp 25.4 rows/call, 98% of calls reached the solver, 17376 calls

Hop disposition -- what set the hop's length, median over problems.
  row         floored(<1 step)    at region   edge-limited
  qp-fixed            100.0%         0.0%           0.0%
  qp-adapt             95.3%         7.2%           0.0%
  free-env             11.2%        94.5%           1.8%
  qp-env               96.6%         4.0%           0.0%

Endpoint clearance at zero margin -- min(start, goal) over all spheres.
  scene                     min    median       max affordable   problems by margin
  bookshelf_small        0.0083    0.0083    0.0083    0.0083   0:100% 0.02:  0% 0.04:  0% 0.06:  0% 0.09:  0%
  bookshelf_thin         0.0071    0.0071    0.0071    0.0071   0:100% 0.02:  0% 0.04:  0% 0.06:  0% 0.09:  0%

all scenes  (2 problems, 0 skipped: 0 clearance, 0 self-collision)
  qp-fixed      2/2     141.48/297.00/297.00       29684       24    19.08   0.0012     0%    -0.0127   3100/27151        0     0.0017       0
      primary samples 8, productive 7 (87.5%), vertices/sample 3.000
      qp 22.3 rows/call, 77% of calls reached the solver, 54871 calls
  qp-adapt      2/2     118.20/227.41/227.41       22267       24    19.08   0.0016     7%    -0.0127   3137/16939        0     0.0017       0
      primary samples 8, productive 7 (87.5%), vertices/sample 3.000
      qp 25.2 rows/call, 99% of calls reached the solver, 41031 calls
  free-env      2/2      17.27/41.73/41.73         3169       61    28.66   0.0394    95%     0.0000      0/2286         0     0.0025       0
      primary samples 185, productive 51 (27.6%), vertices/sample 0.600
  qp-env        2/2     111.85/191.85/191.85       21061       24    19.09   0.0017     4%    -0.0127   3339/15540        0     0.0019       0
      primary samples 8, productive 7 (87.5%), vertices/sample 3.000
      qp 25.4 rows/call, 99% of calls reached the solver, 38437 calls

"samples" is checked configurations for isSafe, barrier evaluations for
the three CBF rows, and SIMD configuration lanes evaluated for VAMP. They measure
sampling work, while wall time captures the very different per-sample costs.
"unsafe/audited" evaluates exact primitive clearance at every state of the
densified solution -- for each CBF row that is the rollout the planner recorded
for each edge, replayed, so it is the motion that would actually be executed,
sampled inside each step rather than only at its boundaries. Non-zero unsafe
invalidates a row however fast it was.
"missed" counts solution edges that were not on file and had to be
re-derived; it must be zero, or the audited motion is a different trajectory
from the one the planner found.


envelope hop: 1453 filter calls, 1.219 hold queries/call, 14.0% saturated, 100.0% longer than L1, past one step 96.4% (L1 alone 50.0%), gated 96.2%, empty-active 0.9%, screen-escalated 4.8%
envelope bottleneck: world 98.7%, self-collision 1.3%, unbound 0.0% (horizon or screen clip), blocked 0.0%, joint-limit clamped 0.0%
envelope binding term:
  world rows       L1 0.0%, local-L1 2.4%, speed-capped 4.9%, isotropic-anchored 92.7% (of 1434 bound calls)
  self-pair rows   L1 0.0%, local-L1 0.0%, speed-capped 0.0%, normal-anchored 100.0% (of 19 bound calls)
local-lever screen: 7432 of 14267 expensive world rows settled before the envelope (52.1%)
span handed to the rollout, in controller steps (38437 calls):
                   <1      1-2      2-4      4-8       8+
  L1 only      98.11%     0.94%     0.47%     0.22%     0.26%
  envelope     96.36%     0.79%     1.23%     0.90%     0.73%
=== CBF profiler (wall time) ===
=== CBF filter stats ===
  calls=0  unchanged=0 (0.0%)  filtered=0 (0.0%)  blocked=0 (0.0%)
  active rows:       avg=0.00  max=0
  zero-row fast path: 0 (0.0%)
  qp iterations:     avg=0.00  max=0
  certified duration: avg=0.00000s  min=0.00000s  max=0.00000s  (over 0 non-blocked calls)
  required gain:     avg=0.000/s  max=0.000/s  p50=0.000/s  p90=0.000/s  p99=0.000/s  (over 0 calls, 0 uncertified)
