
MotionBenchMaker UR5, 60 problems loaded, up to 100 per scene
voxel 0.003 m, margin 0.0000 m + 0.0000 m filter buffer, stepSize 0.001 s, range 2.00 rad, 10.0 s limit

hop certificates: old L1 Lipschitz region and new hold-time bound
Picard: off; trajectory prefixes: 0; sequential rollout budget: 10000 calls
kappa 20.00 /s, certified step uncapped, self-collision margin 0.0000 m over 303 pairs
baseline segment: 0.000065 of extent = 0.0010 rad, rollout step 0.0010 rad (matched to the rollout)
rope shortcut off, all rows unsimplified

seed 1
  planner       solved ms(min/med/max)        samples vertices     path rad/call coarse  worst clr unsafe/audited missed worst self collide

bookshelf_thin  (1 problems, 0 skipped: 0 clearance, 0 self-collision)
  qp-fixed      1/1      50.66/50.66/50.66         4911        6     6.61   0.0013     0%    -0.0114    400/4912         0     0.0025       0
      primary samples 1, productive 1 (100.0%), vertices/sample 6.000
      qp 10.3 rows/call, 35% of calls reached the solver, 4911 calls
  qp-adapt      1/1      16.56/16.56/16.56         1487        6     6.61   0.0044    22%    -0.0113    404/1684         0     0.0025       0
      primary samples 1, productive 1 (100.0%), vertices/sample 6.000
      qp 24.1 rows/call, 91% of calls reached the solver, 1487 calls
  free-env      1/1     116.31/116.31/116.31        3454       54    12.80   0.0294    91%     0.0000      0/1516         0     0.0025       0
      primary samples 223, productive 48 (21.5%), vertices/sample 0.242
  qp-env        1/1      15.06/15.06/15.06         1230        6     6.61   0.0054    17%    -0.0113    435/1442         0     0.0025       0
      primary samples 1, productive 1 (100.0%), vertices/sample 6.000
      qp 23.8 rows/call, 93% of calls reached the solver, 1230 calls

cage  (1 problems, 0 skipped: 0 clearance, 0 self-collision)
  qp-fixed      1/1    1820.72/1820.72/1820.72     376294      186    33.51   0.0010     0%    -0.0050   4262/27385        0     0.0025       0
      primary samples 169, productive 111 (65.7%), vertices/sample 1.101
      qp 24.8 rows/call, 84% of calls reached the solver, 376294 calls
  qp-adapt      1/1    1702.52/1702.52/1702.52     327176      187    28.73   0.0011     3%    -0.0002   3060/16706        0     0.0025       0
      primary samples 169, productive 112 (66.3%), vertices/sample 1.107
      qp 27.5 rows/call, 96% of calls reached the solver, 327176 calls
  free-env      1/1    1564.84/1564.84/1564.84     108743     2447    34.04   0.0308    79%     0.0000      0/2076         0     0.0025       0
      primary samples 9816, productive 2410 (24.6%), vertices/sample 0.249
  qp-env        1/1    1690.32/1690.32/1690.32     318661      184    28.74   0.0011     2%    -0.0002   3141/15351        0     0.0025       0
      primary samples 169, productive 111 (65.7%), vertices/sample 1.089
      qp 27.5 rows/call, 96% of calls reached the solver, 318661 calls

Hop disposition -- what set the hop's length, median over problems.
  row         floored(<1 step)    at region   edge-limited
  qp-fixed            100.0%         0.0%           0.0%
  qp-adapt             97.3%        21.8%           0.2%
  free-env             14.0%        94.0%           1.6%
  qp-env               98.3%        16.5%           0.2%

Endpoint clearance at zero margin -- min(start, goal) over all spheres.
  scene                     min    median       max affordable   problems by margin
  bookshelf_thin         0.0046    0.0046    0.0046    0.0046   0:100% 0.02:  0% 0.04:  0% 0.06:  0% 0.09:  0%
  cage                   0.0127    0.0127    0.0127    0.0127   0:100% 0.02:  0% 0.04:  0% 0.06:  0% 0.09:  0%

all scenes  (2 problems, 0 skipped: 0 clearance, 0 self-collision)
  qp-fixed      2/2      50.66/1820.72/1820.72     376294      186    33.51   0.0013     0%    -0.0114   4662/32297        0     0.0025       0
      primary samples 169, productive 111 (65.7%), vertices/sample 6.000
      qp 24.8 rows/call, 84% of calls reached the solver, 381205 calls
  qp-adapt      2/2      16.56/1702.52/1702.52     327176      187    28.73   0.0044    22%    -0.0113   3464/18390        0     0.0025       0
      primary samples 169, productive 112 (66.3%), vertices/sample 6.000
      qp 27.5 rows/call, 96% of calls reached the solver, 328663 calls
  free-env      2/2     116.31/1564.84/1564.84     108743     2447    34.04   0.0308    91%     0.0000      0/3592         0     0.0025       0
      primary samples 9816, productive 2410 (24.6%), vertices/sample 0.249
  qp-env        2/2      15.06/1690.32/1690.32     318661      184    28.74   0.0054    17%    -0.0113   3576/16793        0     0.0025       0
      primary samples 169, productive 111 (65.7%), vertices/sample 6.000
      qp 27.5 rows/call, 96% of calls reached the solver, 319891 calls

"samples" is checked configurations for isSafe, barrier evaluations for
the three CBF rows, and SIMD configuration lanes evaluated for VAMP. They measure
sampling work, while wall time captures the very different per-sample costs.
"unsafe/audited" evaluates exact primitive clearance at every state of the
densified solution -- for each CBF row that is the rollout the planner recorded
for each edge, replayed, so it is the motion that would actually be executed,
sampled inside each step rather than only at its boundaries. Non-zero unsafe
invalidates a row however fast it was.
"missed" counts solution edges that were not on file and had to be
re-derived; it must be zero, or the audited motion is a different trajectory
from the one the planner found.


envelope hop: 6360 filter calls, 1.142 hold queries/call, 8.4% saturated, 100.0% longer than L1, past one step 86.5% (L1 alone 49.8%), gated 98.0%, empty-active 1.0%, screen-escalated 4.8%
envelope bottleneck: world 98.4%, self-collision 1.3%, unbound 0.3% (horizon or screen clip), blocked 0.0%, joint-limit clamped 0.0%
envelope binding term:
  world rows       L1 0.0%, local-L1 0.1%, speed-capped 25.3%, isotropic-anchored 74.6% (of 6257 bound calls)
  self-pair rows   L1 0.0%, local-L1 0.0%, speed-capped 0.0%, normal-anchored 100.0% (of 83 bound calls)
local-lever screen: 74309 of 187462 expensive world rows settled before the envelope (39.6%)
span handed to the rollout, in controller steps (319889 calls):
                   <1      1-2      2-4      4-8       8+
  L1 only      99.01%     0.53%     0.27%     0.09%     0.11%
  envelope     98.28%     0.65%     0.52%     0.30%     0.25%
=== CBF profiler (wall time) ===
=== CBF filter stats ===
  calls=0  unchanged=0 (0.0%)  filtered=0 (0.0%)  blocked=0 (0.0%)
  active rows:       avg=0.00  max=0
  zero-row fast path: 0 (0.0%)
  qp iterations:     avg=0.00  max=0
  certified duration: avg=0.00000s  min=0.00000s  max=0.00000s  (over 0 non-blocked calls)
  required gain:     avg=0.000/s  max=0.000/s  p50=0.000/s  p90=0.000/s  p99=0.000/s  (over 0 calls, 0 uncertified)
