
MotionBenchMaker UR5, 60 problems loaded, up to 100 per scene
voxel 0.003 m, margin 0.0000 m + 0.0000 m filter buffer, stepSize 0.001 s, range 2.00 rad, 10.0 s limit

hop certificates: old L1 Lipschitz region and new hold-time bound
Picard: off; trajectory prefixes: 0; sequential rollout budget: 10000 calls
kappa 20.00 /s, certified step uncapped, self-collision margin 0.0000 m over 303 pairs
baseline segment: 0.000065 of extent = 0.0010 rad, rollout step 0.0010 rad (matched to the rollout)
rope shortcut off, all rows unsimplified

seed 1
  planner       solved ms(min/med/max)        samples vertices     path rad/call coarse  worst clr unsafe/audited missed worst self collide

bookshelf_small  (1 problems, 0 skipped: 0 clearance, 0 self-collision)
  qp-fixed      1/1      18.13/18.13/18.13         4475        6     6.22   0.0014     0%     0.0000      0/4476         0     0.0025       0
      primary samples 1, productive 1 (100.0%), vertices/sample 6.000
      qp 8.3 rows/call, 15% of calls reached the solver, 4475 calls
  qp-adapt      1/1       3.45/3.45/3.45           682        6     6.22   0.0091    24%     0.0000      0/908          0     0.0025       0
      primary samples 1, productive 1 (100.0%), vertices/sample 6.000
      qp 19.5 rows/call, 85% of calls reached the solver, 682 calls
  free-env      1/1      22.48/22.48/22.48         1574       33    18.14   0.0326    87%     0.0000      0/1127         0     0.0025       0
      primary samples 79, productive 24 (30.4%), vertices/sample 0.418
  qp-env        1/1       2.88/2.88/2.88           557        6     6.22   0.0112    11%     0.0000      0/803          0     0.0025       0
      primary samples 1, productive 1 (100.0%), vertices/sample 6.000
      qp 20.0 rows/call, 92% of calls reached the solver, 557 calls

bookshelf_thin  (1 problems, 0 skipped: 0 clearance, 0 self-collision)
  qp-fixed      1/1      74.61/74.61/74.61         7315        7     7.92   0.0013     0%     0.0032      0/5317         0     0.0025       0
      primary samples 2, productive 2 (100.0%), vertices/sample 3.500
      qp 8.8 rows/call, 27% of calls reached the solver, 7315 calls
  qp-adapt      1/1      23.20/23.20/23.20         1933        7     7.92   0.0050    15%     0.0032      0/514          0     0.0025       0
      primary samples 2, productive 2 (100.0%), vertices/sample 3.500
      qp 24.8 rows/call, 90% of calls reached the solver, 1933 calls
  free-env      1/1       4.33/4.33/4.33           115        6     7.86   0.0685    99%     0.0013      0/428          0     0.0025       0
      primary samples 2, productive 2 (100.0%), vertices/sample 3.000
  qp-env        1/1      19.86/19.86/19.86         1722        7     7.92   0.0056     5%     0.0032      0/416          0     0.0025       0
      primary samples 2, productive 2 (100.0%), vertices/sample 3.500
      qp 25.7 rows/call, 97% of calls reached the solver, 1722 calls

Hop disposition -- what set the hop's length, median over problems.
  row         floored(<1 step)    at region   edge-limited
  qp-fixed            100.0%         0.0%           0.0%
  qp-adapt             85.4%        23.3%           0.6%
  free-env             10.7%        96.5%           3.5%
  qp-env               94.6%        10.1%           0.7%

Endpoint clearance at zero margin -- min(start, goal) over all spheres.
  scene                     min    median       max affordable   problems by margin
  bookshelf_small        0.0065    0.0065    0.0065    0.0065   0:100% 0.02:  0% 0.04:  0% 0.06:  0% 0.09:  0%
  bookshelf_thin         0.0068    0.0068    0.0068    0.0068   0:100% 0.02:  0% 0.04:  0% 0.06:  0% 0.09:  0%

all scenes  (2 problems, 0 skipped: 0 clearance, 0 self-collision)
  qp-fixed      2/2      18.13/74.61/74.61         7315        7     7.92   0.0014     0%     0.0000      0/9793         0     0.0025       0
      primary samples 2, productive 2 (100.0%), vertices/sample 6.000
      qp 8.8 rows/call, 27% of calls reached the solver, 11790 calls
  qp-adapt      2/2       3.45/23.20/23.20         1933        7     7.92   0.0091    24%     0.0000      0/1422         0     0.0025       0
      primary samples 2, productive 2 (100.0%), vertices/sample 6.000
      qp 24.8 rows/call, 90% of calls reached the solver, 2615 calls
  free-env      2/2       4.33/22.48/22.48         1574       33    18.14   0.0685    99%     0.0000      0/1555         0     0.0025       0
      primary samples 79, productive 24 (30.4%), vertices/sample 3.000
  qp-env        2/2       2.88/19.86/19.86         1722        7     7.92   0.0112    11%     0.0000      0/1219         0     0.0025       0
      primary samples 2, productive 2 (100.0%), vertices/sample 6.000
      qp 25.7 rows/call, 97% of calls reached the solver, 2279 calls

"samples" is checked configurations for isSafe, barrier evaluations for
the three CBF rows, and SIMD configuration lanes evaluated for VAMP. They measure
sampling work, while wall time captures the very different per-sample costs.
"unsafe/audited" evaluates exact primitive clearance at every state of the
densified solution -- for each CBF row that is the rollout the planner recorded
for each edge, replayed, so it is the motion that would actually be executed,
sampled inside each step rather than only at its boundaries. Non-zero unsafe
invalidates a row however fast it was.
"missed" counts solution edges that were not on file and had to be
re-derived; it must be zero, or the audited motion is a different trajectory
from the one the planner found.


envelope hop: 153 filter calls, 1.562 hold queries/call, 20.9% saturated, 100.0% longer than L1, past one step 100.0% (L1 alone 75.2%), gated 93.3%, empty-active 6.7%, screen-escalated 23.5%
envelope bottleneck: world 94.8%, self-collision 3.9%, unbound 1.3% (horizon or screen clip), blocked 0.0%, joint-limit clamped 0.0%
envelope binding term:
  world rows       L1 0.0%, local-L1 1.4%, speed-capped 0.0%, isotropic-anchored 98.6% (of 145 bound calls)
  self-pair rows   L1 0.0%, local-L1 0.0%, speed-capped 0.0%, normal-anchored 100.0% (of 6 bound calls)
local-lever screen: 4063 of 6886 expensive world rows settled before the envelope (59.0%)
span handed to the rollout, in controller steps (2279 calls):
                   <1      1-2      2-4      4-8       8+
  L1 only      94.95%     1.54%     1.14%     0.79%     1.58%
  envelope     93.29%     0.75%     1.10%     1.27%     3.60%
=== CBF profiler (wall time) ===
=== CBF filter stats ===
  calls=0  unchanged=0 (0.0%)  filtered=0 (0.0%)  blocked=0 (0.0%)
  active rows:       avg=0.00  max=0
  zero-row fast path: 0 (0.0%)
  qp iterations:     avg=0.00  max=0
  certified duration: avg=0.00000s  min=0.00000s  max=0.00000s  (over 0 non-blocked calls)
  required gain:     avg=0.000/s  max=0.000/s  p50=0.000/s  p90=0.000/s  p99=0.000/s  (over 0 calls, 0 uncertified)
