
MotionBenchMaker UR5, 60 problems loaded, up to 100 per scene
voxel 0.003 m, margin 0.0000 m + 0.0000 m filter buffer, stepSize 0.001 s, range 2.00 rad, 10.0 s limit

hop certificates: old L1 Lipschitz region and new hold-time bound
Picard: off; trajectory prefixes: 0; sequential rollout budget: 10000 calls
kappa 20.00 /s, certified step uncapped, self-collision margin 0.0000 m over 303 pairs
baseline segment: 0.000130 of extent = 0.0020 rad, rollout step 0.0020 rad (matched to the rollout)
rope shortcut off, all rows unsimplified

seed 1
  planner       solved ms(min/med/max)        samples vertices     path rad/call coarse  worst clr unsafe/audited missed worst self collide

bookshelf_thin  (1 problems, 0 skipped: 0 clearance, 0 self-collision)
  qp-fixed      1/1      31.26/31.26/31.26         3182        6     7.14   0.0022     0%     0.0018      0/3183         0     0.0025       0
      primary samples 1, productive 1 (100.0%), vertices/sample 6.000
      qp 4.0 rows/call, 7% of calls reached the solver, 3182 calls
  qp-adapt      1/1       2.22/2.22/2.22           203        6     7.14   0.0352    63%     0.0017      0/514          0     0.0025       0
      primary samples 1, productive 1 (100.0%), vertices/sample 6.000
      qp 21.8 rows/call, 61% of calls reached the solver, 203 calls
  free-env      1/1     132.48/132.48/132.48        3399      101     8.66   0.0527    95%     0.0083      0/455          0     0.0025       0
      primary samples 342, productive 97 (28.4%), vertices/sample 0.295
  qp-env        1/1       1.20/1.20/1.20           100        6     7.15   0.0715    85%     0.0016      0/427          0     0.0025       0
      primary samples 1, productive 1 (100.0%), vertices/sample 6.000
      qp 22.1 rows/call, 59% of calls reached the solver, 100 calls

cage  (1 problems, 0 skipped: 0 clearance, 0 self-collision)
  qp-fixed      1/1     167.24/167.24/167.24       29348       41    27.19   0.0022     0%    -0.0043    417/10010        0     0.0000       0
      primary samples 22, productive 20 (90.9%), vertices/sample 1.864
      qp 32.2 rows/call, 79% of calls reached the solver, 29348 calls
  qp-adapt      1/1     131.76/131.76/131.76       21140       41    27.20   0.0031    10%    -0.0041    416/6857         0     0.0000       0
      primary samples 22, productive 20 (90.9%), vertices/sample 1.864
      qp 36.7 rows/call, 97% of calls reached the solver, 21140 calls
  free-env      1/1     854.82/854.82/854.82       53363     1461    26.05   0.0391    76%     0.0000      0/1506         0     0.0025       0
      primary samples 5744, productive 1417 (24.7%), vertices/sample 0.254
  qp-env        1/1     121.23/121.23/121.23       19004       44    27.20   0.0035     6%    -0.0044    422/6092         0     0.0000       0
      primary samples 22, productive 20 (90.9%), vertices/sample 2.000
      qp 36.9 rows/call, 99% of calls reached the solver, 19004 calls

Hop disposition -- what set the hop's length, median over problems.
  row         floored(<1 step)    at region   edge-limited
  qp-fixed            100.0%         0.0%           0.0%
  qp-adapt             90.2%        60.6%           2.0%
  free-env             15.8%        96.8%           2.2%
  qp-env               94.0%        81.0%           4.0%

Endpoint clearance at zero margin -- min(start, goal) over all spheres.
  scene                     min    median       max affordable   problems by margin
  bookshelf_thin         0.0083    0.0083    0.0083    0.0083   0:100% 0.02:  0% 0.04:  0% 0.06:  0% 0.09:  0%
  cage                   0.0127    0.0127    0.0127    0.0127   0:100% 0.02:  0% 0.04:  0% 0.06:  0% 0.09:  0%

all scenes  (2 problems, 0 skipped: 0 clearance, 0 self-collision)
  qp-fixed      2/2      31.26/167.24/167.24       29348       41    27.19   0.0022     0%    -0.0043    417/13193        0     0.0000       0
      primary samples 22, productive 20 (90.9%), vertices/sample 6.000
      qp 32.2 rows/call, 79% of calls reached the solver, 32530 calls
  qp-adapt      2/2       2.22/131.76/131.76       21140       41    27.20   0.0352    63%    -0.0041    416/7371         0     0.0000       0
      primary samples 22, productive 20 (90.9%), vertices/sample 6.000
      qp 36.7 rows/call, 97% of calls reached the solver, 21343 calls
  free-env      2/2     132.48/854.82/854.82       53363     1461    26.05   0.0527    95%     0.0000      0/1961         0     0.0025       0
      primary samples 5744, productive 1417 (24.7%), vertices/sample 0.295
  qp-env        2/2       1.20/121.23/121.23       19004       44    27.20   0.0715    85%    -0.0044    422/6519         0     0.0000       0
      primary samples 22, productive 20 (90.9%), vertices/sample 6.000
      qp 36.9 rows/call, 99% of calls reached the solver, 19104 calls

"samples" is checked configurations for isSafe, barrier evaluations for
the three CBF rows, and SIMD configuration lanes evaluated for VAMP. They measure
sampling work, while wall time captures the very different per-sample costs.
"unsafe/audited" evaluates exact primitive clearance at every state of the
densified solution -- for each CBF row that is the rollout the planner recorded
for each edge, replayed, so it is the motion that would actually be executed,
sampled inside each step rather than only at its boundaries. Non-zero unsafe
invalidates a row however fast it was.
"missed" counts solution edges that were not on file and had to be
re-derived; it must be zero, or the audited motion is a different trajectory
from the one the planner found.


envelope hop: 1257 filter calls, 1.187 hold queries/call, 11.7% saturated, 100.0% longer than L1, past one step 97.5% (L1 alone 55.0%), gated 93.4%, empty-active 1.1%, screen-escalated 5.0%
envelope bottleneck: world 99.2%, self-collision 0.5%, unbound 0.3% (horizon or screen clip), blocked 0.0%, joint-limit clamped 0.0%
envelope binding term:
  world rows       L1 0.0%, local-L1 0.6%, speed-capped 3.5%, isotropic-anchored 95.9% (of 1247 bound calls)
  self-pair rows   L1 0.0%, local-L1 0.0%, speed-capped 0.0%, normal-anchored 100.0% (of 6 bound calls)
local-lever screen: 66163 of 132976 expensive world rows settled before the envelope (49.8%)
span handed to the rollout, in controller steps (19104 calls):
                   <1      1-2      2-4      4-8       8+
  L1 only      96.38%     1.64%     1.09%     0.50%     0.39%
  envelope     93.58%     1.24%     2.07%     1.68%     1.42%
=== CBF profiler (wall time) ===
=== CBF filter stats ===
  calls=0  unchanged=0 (0.0%)  filtered=0 (0.0%)  blocked=0 (0.0%)
  active rows:       avg=0.00  max=0
  zero-row fast path: 0 (0.0%)
  qp iterations:     avg=0.00  max=0
  certified duration: avg=0.00000s  min=0.00000s  max=0.00000s  (over 0 non-blocked calls)
  required gain:     avg=0.000/s  max=0.000/s  p50=0.000/s  p90=0.000/s  p99=0.000/s  (over 0 calls, 0 uncertified)
