
MotionBenchMaker UR5, 60 problems loaded, up to 100 per scene
voxel 0.003 m, margin 0.0000 m + 0.0000 m filter buffer, stepSize 0.001 s, range 2.00 rad, 10.0 s limit

hop certificates: old L1 Lipschitz region and new hold-time bound
Picard: off; trajectory prefixes: 0; sequential rollout budget: 10000 calls
kappa 20.00 /s, certified step uncapped, self-collision margin 0.0000 m over 303 pairs
baseline segment: 0.000130 of extent = 0.0020 rad, rollout step 0.0020 rad (matched to the rollout)
rope shortcut off, all rows unsimplified

seed 1
  planner       solved ms(min/med/max)        samples vertices     path rad/call coarse  worst clr unsafe/audited missed worst self collide

bookshelf_thin  (1 problems, 0 skipped: 0 clearance, 0 self-collision)
  qp-fixed      1/1      45.05/45.05/45.05         4205        7     8.53   0.0022     0%    -0.0087    480/3361         0     0.0025       0
      primary samples 2, productive 2 (100.0%), vertices/sample 3.500
      qp 20.7 rows/call, 61% of calls reached the solver, 4205 calls
  qp-adapt      1/1      27.84/27.84/27.84         2442        7     8.53   0.0038    12%    -0.0087    480/1806         0     0.0025       0
      primary samples 2, productive 2 (100.0%), vertices/sample 3.500
      qp 28.4 rows/call, 97% of calls reached the solver, 2442 calls
  free-env      1/1     878.41/878.41/878.41       24110      850    20.53   0.0541    84%     0.0091      0/1094         0     0.0016       0
      primary samples 3287, productive 846 (25.7%), vertices/sample 0.259
  qp-env        1/1      24.86/24.86/24.86         2150        7     8.53   0.0043     6%    -0.0090    492/1610         0     0.0025       0
      primary samples 2, productive 2 (100.0%), vertices/sample 3.500
      qp 28.5 rows/call, 98% of calls reached the solver, 2150 calls

cage  (1 problems, 0 skipped: 0 clearance, 0 self-collision)
  qp-fixed      1/1     466.06/466.06/466.06       77205       91    13.36   0.0020     0%    -0.0000      8/5217         0     0.0025       0
      primary samples 65, productive 50 (76.9%), vertices/sample 1.400
      qp 43.3 rows/call, 83% of calls reached the solver, 77205 calls
  qp-adapt      1/1     400.07/400.07/400.07       61009       91    13.36   0.0025     6%    -0.0000      8/2786         0     0.0025       0
      primary samples 65, productive 50 (76.9%), vertices/sample 1.400
      qp 48.1 rows/call, 98% of calls reached the solver, 61009 calls
  free-env      1/1    1001.88/1001.88/1001.88      63082     1644    22.12   0.0374    75%     0.0000      0/1388         0     0.0025       0
      primary samples 6489, productive 1614 (24.9%), vertices/sample 0.253
  qp-env        1/1     377.50/377.50/377.50       57708       91    13.37   0.0026     4%    -0.0000     14/2351         0     0.0025       0
      primary samples 65, productive 50 (76.9%), vertices/sample 1.400
      qp 48.3 rows/call, 99% of calls reached the solver, 57708 calls

Hop disposition -- what set the hop's length, median over problems.
  row         floored(<1 step)    at region   edge-limited
  qp-fixed            100.0%         0.0%           0.0%
  qp-adapt             93.8%        11.9%           0.1%
  free-env             17.5%        91.5%           2.7%
  qp-env               96.2%         5.9%           0.1%

Endpoint clearance at zero margin -- min(start, goal) over all spheres.
  scene                     min    median       max affordable   problems by margin
  bookshelf_thin         0.0057    0.0057    0.0057    0.0057   0:100% 0.02:  0% 0.04:  0% 0.06:  0% 0.09:  0%
  cage                   0.0127    0.0127    0.0127    0.0127   0:100% 0.02:  0% 0.04:  0% 0.06:  0% 0.09:  0%

all scenes  (2 problems, 0 skipped: 0 clearance, 0 self-collision)
  qp-fixed      2/2      45.05/466.06/466.06       77205       91    13.36   0.0022     0%    -0.0087    488/8578         0     0.0025       0
      primary samples 65, productive 50 (76.9%), vertices/sample 3.500
      qp 43.3 rows/call, 83% of calls reached the solver, 81410 calls
  qp-adapt      2/2      27.84/400.07/400.07       61009       91    13.36   0.0038    12%    -0.0087    488/4592         0     0.0025       0
      primary samples 65, productive 50 (76.9%), vertices/sample 3.500
      qp 48.1 rows/call, 98% of calls reached the solver, 63451 calls
  free-env      2/2     878.41/1001.88/1001.88      63082     1644    22.12   0.0541    84%     0.0000      0/2482         0     0.0016       0
      primary samples 6489, productive 1614 (24.9%), vertices/sample 0.259
  qp-env        2/2      24.86/377.50/377.50       57708       91    13.37   0.0043     6%    -0.0090    506/3961         0     0.0025       0
      primary samples 65, productive 50 (76.9%), vertices/sample 3.500
      qp 48.3 rows/call, 99% of calls reached the solver, 59858 calls

"samples" is checked configurations for isSafe, barrier evaluations for
the three CBF rows, and SIMD configuration lanes evaluated for VAMP. They measure
sampling work, while wall time captures the very different per-sample costs.
"unsafe/audited" evaluates exact primitive clearance at every state of the
densified solution -- for each CBF row that is the rollout the planner recorded
for each edge, replayed, so it is the motion that would actually be executed,
sampled inside each step rather than only at its boundaries. Non-zero unsafe
invalidates a row however fast it was.
"missed" counts solution edges that were not on file and had to be
re-derived; it must be zero, or the audited motion is a different trajectory
from the one the planner found.


envelope hop: 2499 filter calls, 1.174 hold queries/call, 11.0% saturated, 100.0% longer than L1, past one step 93.3% (L1 alone 51.1%), gated 95.8%, empty-active 0.6%, screen-escalated 4.6%
envelope bottleneck: world 98.3%, self-collision 1.4%, unbound 0.4% (horizon or screen clip), blocked 0.0%, joint-limit clamped 0.0%
envelope binding term:
  world rows       L1 0.0%, local-L1 0.1%, speed-capped 9.3%, isotropic-anchored 90.6% (of 2456 bound calls)
  self-pair rows   L1 0.0%, local-L1 0.0%, speed-capped 0.0%, normal-anchored 100.0% (of 34 bound calls)
local-lever screen: 72263 of 167429 expensive world rows settled before the envelope (43.2%)
span handed to the rollout, in controller steps (59858 calls):
                   <1      1-2      2-4      4-8       8+
  L1 only      97.87%     0.98%     0.55%     0.30%     0.30%
  envelope     96.11%     0.98%     1.26%     0.82%     0.83%
=== CBF profiler (wall time) ===
=== CBF filter stats ===
  calls=0  unchanged=0 (0.0%)  filtered=0 (0.0%)  blocked=0 (0.0%)
  active rows:       avg=0.00  max=0
  zero-row fast path: 0 (0.0%)
  qp iterations:     avg=0.00  max=0
  certified duration: avg=0.00000s  min=0.00000s  max=0.00000s  (over 0 non-blocked calls)
  required gain:     avg=0.000/s  max=0.000/s  p50=0.000/s  p90=0.000/s  p99=0.000/s  (over 0 calls, 0 uncertified)
