
MotionBenchMaker UR5, 60 problems loaded, up to 100 per scene
voxel 0.003 m, margin 0.0000 m + 0.0000 m filter buffer, stepSize 0.001 s, range 2.00 rad, 10.0 s limit

hop certificates: old L1 Lipschitz region and new hold-time bound
Picard: off; trajectory prefixes: 0; sequential rollout budget: 10000 calls
kappa 20.00 /s, certified step uncapped, self-collision margin 0.0000 m over 303 pairs
baseline segment: 0.000130 of extent = 0.0020 rad, rollout step 0.0020 rad (matched to the rollout)
rope shortcut off, all rows unsimplified

seed 1
  planner       solved ms(min/med/max)        samples vertices     path rad/call coarse  worst clr unsafe/audited missed worst self collide

bookshelf_tall  (1 problems, 0 skipped: 0 clearance, 0 self-collision)
  qp-fixed      1/1      39.07/39.07/39.07         7185       22    13.80   0.0021     0%    -0.0031    496/6060         0     0.0000       0
      primary samples 3, productive 3 (100.0%), vertices/sample 7.333
      qp 19.2 rows/call, 41% of calls reached the solver, 7185 calls
  qp-adapt      1/1      16.60/16.60/16.60         2822       18    17.81   0.0068    14%    -0.0031    496/2609         0     0.0000       0
      primary samples 4, productive 4 (100.0%), vertices/sample 4.500
      qp 30.6 rows/call, 90% of calls reached the solver, 2822 calls
  free-env      1/1      45.14/45.14/45.14         2396       85    21.75   0.0645    89%     0.0017      0/1194         0     0.0025       0
      primary samples 230, productive 79 (34.3%), vertices/sample 0.370
  qp-env        1/1      14.71/14.71/14.71         2441       14    13.83   0.0062     5%    -0.0031    495/2193         0     0.0000       0
      primary samples 3, productive 3 (100.0%), vertices/sample 4.667
      qp 31.0 rows/call, 97% of calls reached the solver, 2441 calls

bookshelf_thin  (1 problems, 0 skipped: 0 clearance, 0 self-collision)
  qp-fixed      1/1     101.14/101.14/101.14       14889       18    11.31   0.0021     0%     0.0000      0/4141         0     0.0025       0
      primary samples 12, productive 8 (66.7%), vertices/sample 1.500
      qp 24.4 rows/call, 67% of calls reached the solver, 14889 calls
  qp-adapt      1/1      68.97/68.97/68.97         9374       17    11.31   0.0033     8%     0.0000      0/1664         0     0.0025       0
      primary samples 12, productive 8 (66.7%), vertices/sample 1.417
      qp 33.2 rows/call, 99% of calls reached the solver, 9374 calls
  free-env      1/1     553.61/553.61/553.61       23113      744    26.37   0.0518    95%     0.0000      0/1446         0     0.0000       0
      primary samples 2673, productive 739 (27.6%), vertices/sample 0.278
  qp-env        1/1      62.58/62.58/62.58         8468       17    11.30   0.0037     5%     0.0000      0/1267         0     0.0025       0
      primary samples 12, productive 8 (66.7%), vertices/sample 1.417
      qp 33.3 rows/call, 99% of calls reached the solver, 8468 calls

cage  (1 problems, 0 skipped: 0 clearance, 0 self-collision)
  qp-fixed      1/1      68.17/68.17/68.17        22385       31    14.90   0.0018     0%    -0.0111    211/6233         0     0.0025       0
      primary samples 15, productive 11 (73.3%), vertices/sample 2.067
      qp 22.8 rows/call, 62% of calls reached the solver, 22385 calls
  qp-adapt      1/1      47.56/47.56/47.56        13183       32    14.91   0.0031     4%    -0.0114    211/2061         0     0.0025       0
      primary samples 15, productive 11 (73.3%), vertices/sample 2.133
      qp 32.6 rows/call, 99% of calls reached the solver, 13183 calls
  free-env      1/1     296.48/296.48/296.48       32240      997    19.84   0.0455    77%     0.0000      0/1099         0     0.0000       0
      primary samples 3992, productive 986 (24.7%), vertices/sample 0.250
  qp-env        1/1      52.70/52.70/52.70        14388       26    18.82   0.0034     2%    -0.0111    211/2194         0     0.0025       0
      primary samples 18, productive 13 (72.2%), vertices/sample 1.444
      qp 33.0 rows/call, 99% of calls reached the solver, 14388 calls

Hop disposition -- what set the hop's length, median over problems.
  row         floored(<1 step)    at region   edge-limited
  qp-fixed            100.0%         0.0%           0.0%
  qp-adapt             92.2%         7.7%           0.2%
  free-env              3.7%        93.5%           2.5%
  qp-env               95.2%         4.3%           0.2%

Endpoint clearance at zero margin -- min(start, goal) over all spheres.
  scene                     min    median       max affordable   problems by margin
  bookshelf_tall         0.0082    0.0082    0.0082    0.0082   0:100% 0.02:  0% 0.04:  0% 0.06:  0% 0.09:  0%
  bookshelf_thin         0.0088    0.0088    0.0088    0.0088   0:100% 0.02:  0% 0.04:  0% 0.06:  0% 0.09:  0%
  cage                   0.0127    0.0127    0.0127    0.0127   0:100% 0.02:  0% 0.04:  0% 0.06:  0% 0.09:  0%

all scenes  (3 problems, 0 skipped: 0 clearance, 0 self-collision)
  qp-fixed      3/3      39.07/68.17/101.14       14889       22    13.80   0.0021     0%    -0.0111    707/16434        0     0.0000       0
      primary samples 12, productive 8 (66.7%), vertices/sample 2.067
      qp 22.8 rows/call, 62% of calls reached the solver, 44459 calls
  qp-adapt      3/3      16.60/47.56/68.97         9374       18    14.91   0.0033     8%    -0.0114    707/6334         0     0.0000       0
      primary samples 12, productive 8 (66.7%), vertices/sample 2.133
      qp 32.6 rows/call, 99% of calls reached the solver, 25379 calls
  free-env      3/3      45.14/296.48/553.61       23113      744    21.75   0.0518    89%     0.0000      0/3739         0     0.0000       0
      primary samples 2673, productive 739 (27.6%), vertices/sample 0.278
  qp-env        3/3      14.71/52.70/62.58         8468       17    13.83   0.0037     5%    -0.0111    706/5654         0     0.0000       0
      primary samples 12, productive 8 (66.7%), vertices/sample 1.444
      qp 33.0 rows/call, 99% of calls reached the solver, 25297 calls

"samples" is checked configurations for isSafe, barrier evaluations for
the three CBF rows, and SIMD configuration lanes evaluated for VAMP. They measure
sampling work, while wall time captures the very different per-sample costs.
"unsafe/audited" evaluates exact primitive clearance at every state of the
densified solution -- for each CBF row that is the rollout the planner recorded
for each edge, replayed, so it is the motion that would actually be executed,
sampled inside each step rather than only at its boundaries. Non-zero unsafe
invalidates a row however fast it was.
"missed" counts solution edges that were not on file and had to be
re-derived; it must be zero, or the audited motion is a different trajectory
from the one the planner found.


envelope hop: 802 filter calls, 1.354 hold queries/call, 14.5% saturated, 100.0% longer than L1, past one step 97.1% (L1 alone 63.7%), gated 96.8%, empty-active 4.1%, screen-escalated 15.8%
envelope bottleneck: world 94.9%, self-collision 4.6%, unbound 0.5% (horizon or screen clip), blocked 0.0%, joint-limit clamped 0.0%
envelope binding term:
  world rows       L1 0.0%, local-L1 1.1%, speed-capped 4.9%, isotropic-anchored 94.1% (of 761 bound calls)
  self-pair rows   L1 0.0%, local-L1 0.0%, speed-capped 0.0%, normal-anchored 100.0% (of 37 bound calls)
local-lever screen: 59817 of 121018 expensive world rows settled before the envelope (49.4%)
span handed to the rollout, in controller steps (25297 calls):
                   <1      1-2      2-4      4-8       8+
  L1 only      97.98%     0.57%     0.62%     0.23%     0.60%
  envelope     96.92%     0.34%     0.79%     0.82%     1.13%
=== CBF profiler (wall time) ===
=== CBF filter stats ===
  calls=0  unchanged=0 (0.0%)  filtered=0 (0.0%)  blocked=0 (0.0%)
  active rows:       avg=0.00  max=0
  zero-row fast path: 0 (0.0%)
  qp iterations:     avg=0.00  max=0
  certified duration: avg=0.00000s  min=0.00000s  max=0.00000s  (over 0 non-blocked calls)
  required gain:     avg=0.000/s  max=0.000/s  p50=0.000/s  p90=0.000/s  p99=0.000/s  (over 0 calls, 0 uncertified)
