
MotionBenchMaker UR5, 60 problems loaded, up to 100 per scene
voxel 0.003 m, margin 0.0000 m + 0.0000 m filter buffer, stepSize 0.001 s, range 2.00 rad, 10.0 s limit

hop certificates: old L1 Lipschitz region and new hold-time bound
Picard: off; trajectory prefixes: 0; sequential rollout budget: 10000 calls
kappa 20.00 /s, certified step uncapped, self-collision margin 0.0000 m over 303 pairs
baseline segment: 0.000130 of extent = 0.0020 rad, rollout step 0.0020 rad (matched to the rollout)
rope shortcut off, all rows unsimplified

seed 1
  planner       solved ms(min/med/max)        samples vertices     path rad/call coarse  worst clr unsafe/audited missed worst self collide

bookshelf_small  (1 problems, 0 skipped: 0 clearance, 0 self-collision)
  qp-fixed      1/1      27.05/27.05/27.05         5785       11    12.34   0.0022     0%     0.0000      0/5081         0     0.0025       0
      primary samples 2, productive 2 (100.0%), vertices/sample 5.500
      qp 19.2 rows/call, 59% of calls reached the solver, 5785 calls
  qp-adapt      1/1      18.20/18.20/18.20         3295       11    12.34   0.0039     7%     0.0000      0/2864         0     0.0025       0
      primary samples 2, productive 2 (100.0%), vertices/sample 5.500
      qp 28.1 rows/call, 97% of calls reached the solver, 3295 calls
  free-env      1/1      63.68/63.68/63.68         4351      107    17.12   0.0471    88%     0.0000      0/953          0     0.0025       0
      primary samples 392, productive 101 (25.8%), vertices/sample 0.273
  qp-env        1/1      17.51/17.51/17.51         3120       11    12.35   0.0042     2%     0.0000      0/2738         0     0.0025       0
      primary samples 2, productive 2 (100.0%), vertices/sample 5.500
      qp 28.2 rows/call, 99% of calls reached the solver, 3120 calls

bookshelf_thin  (1 problems, 0 skipped: 0 clearance, 0 self-collision)
  qp-fixed      1/1      20.74/20.74/20.74         2040        5     5.53   0.0027     0%    -0.0134    436/2041         0     0.0025       0
      primary samples 1, productive 1 (100.0%), vertices/sample 5.000
      qp 9.4 rows/call, 28% of calls reached the solver, 2040 calls
  qp-adapt      1/1       6.06/6.06/6.06           534        5     5.52   0.0103    17%    -0.0135    428/723          0     0.0025       0
      primary samples 1, productive 1 (100.0%), vertices/sample 5.000
      qp 26.2 rows/call, 94% of calls reached the solver, 534 calls
  free-env      1/1       5.10/5.10/5.10           147        8     9.99   0.0697    94%     0.0002      0/560          0     0.0025       0
      primary samples 5, productive 3 (60.0%), vertices/sample 1.600
  qp-env        1/1       5.59/5.59/5.59           465        5     5.51   0.0119     7%    -0.0135    424/672          0     0.0025       0
      primary samples 1, productive 1 (100.0%), vertices/sample 5.000
      qp 26.3 rows/call, 96% of calls reached the solver, 465 calls

Hop disposition -- what set the hop's length, median over problems.
  row         floored(<1 step)    at region   edge-limited
  qp-fixed            100.0%         0.0%           0.0%
  qp-adapt             93.4%        16.7%           0.6%
  free-env              6.1%        93.1%           4.1%
  qp-env               97.8%         6.0%           0.6%

Endpoint clearance at zero margin -- min(start, goal) over all spheres.
  scene                     min    median       max affordable   problems by margin
  bookshelf_small        0.0057    0.0057    0.0057    0.0057   0:100% 0.02:  0% 0.04:  0% 0.06:  0% 0.09:  0%
  bookshelf_thin         0.0031    0.0031    0.0031    0.0031   0:100% 0.02:  0% 0.04:  0% 0.06:  0% 0.09:  0%

all scenes  (2 problems, 0 skipped: 0 clearance, 0 self-collision)
  qp-fixed      2/2      20.74/27.05/27.05         5785       11    12.34   0.0027     0%    -0.0134    436/7122         0     0.0025       0
      primary samples 2, productive 2 (100.0%), vertices/sample 5.500
      qp 19.2 rows/call, 59% of calls reached the solver, 7825 calls
  qp-adapt      2/2       6.06/18.20/18.20         3295       11    12.34   0.0103    17%    -0.0135    428/3587         0     0.0025       0
      primary samples 2, productive 2 (100.0%), vertices/sample 5.500
      qp 28.1 rows/call, 97% of calls reached the solver, 3829 calls
  free-env      2/2       5.10/63.68/63.68         4351      107    17.12   0.0697    94%     0.0000      0/1513         0     0.0025       0
      primary samples 392, productive 101 (25.8%), vertices/sample 1.600
  qp-env        2/2       5.59/17.51/17.51         3120       11    12.35   0.0119     7%    -0.0135    424/3410         0     0.0025       0
      primary samples 2, productive 2 (100.0%), vertices/sample 5.500
      qp 28.2 rows/call, 99% of calls reached the solver, 3585 calls

"samples" is checked configurations for isSafe, barrier evaluations for
the three CBF rows, and SIMD configuration lanes evaluated for VAMP. They measure
sampling work, while wall time captures the very different per-sample costs.
"unsafe/audited" evaluates exact primitive clearance at every state of the
densified solution -- for each CBF row that is the rollout the planner recorded
for each edge, replayed, so it is the motion that would actually be executed,
sampled inside each step rather than only at its boundaries. Non-zero unsafe
invalidates a row however fast it was.
"missed" counts solution edges that were not on file and had to be
re-derived; it must be zero, or the audited motion is a different trajectory
from the one the planner found.


envelope hop: 101 filter calls, 1.436 hold queries/call, 20.7% saturated, 100.0% longer than L1, past one step 100.0% (L1 alone 84.2%), gated 97.2%, empty-active 6.9%, screen-escalated 13.9%
envelope bottleneck: world 96.0%, self-collision 4.0%, unbound 0.0% (horizon or screen clip), blocked 0.0%, joint-limit clamped 0.0%
envelope binding term:
  world rows       L1 0.0%, local-L1 2.1%, speed-capped 0.0%, isotropic-anchored 97.9% (of 97 bound calls)
  self-pair rows   L1 0.0%, local-L1 0.0%, speed-capped 0.0%, normal-anchored 100.0% (of 4 bound calls)
local-lever screen: 8559 of 15673 expensive world rows settled before the envelope (54.6%)
span handed to the rollout, in controller steps (3585 calls):
                   <1      1-2      2-4      4-8       8+
  L1 only      97.63%     0.73%     0.78%     0.39%     0.47%
  envelope     97.18%     0.08%     0.28%     0.78%     1.67%
=== CBF profiler (wall time) ===
=== CBF filter stats ===
  calls=0  unchanged=0 (0.0%)  filtered=0 (0.0%)  blocked=0 (0.0%)
  active rows:       avg=0.00  max=0
  zero-row fast path: 0 (0.0%)
  qp iterations:     avg=0.00  max=0
  certified duration: avg=0.00000s  min=0.00000s  max=0.00000s  (over 0 non-blocked calls)
  required gain:     avg=0.000/s  max=0.000/s  p50=0.000/s  p90=0.000/s  p99=0.000/s  (over 0 calls, 0 uncertified)
