
MotionBenchMaker UR5, 60 problems loaded, up to 100 per scene
voxel 0.003 m, margin 0.0000 m + 0.0000 m filter buffer, stepSize 0.001 s, range 2.00 rad, 10.0 s limit

hop certificates: old L1 Lipschitz region and new hold-time bound
Picard: off; trajectory prefixes: 0; sequential rollout budget: 10000 calls
kappa 20.00 /s, certified step uncapped, self-collision margin 0.0000 m over 303 pairs
baseline segment: 0.000130 of extent = 0.0020 rad, rollout step 0.0020 rad (matched to the rollout)
rope shortcut off, all rows unsimplified

seed 1
  planner       solved ms(min/med/max)        samples vertices     path rad/call coarse  worst clr unsafe/audited missed worst self collide

bookshelf_thin  (1 problems, 0 skipped: 0 clearance, 0 self-collision)
  qp-fixed      1/1      29.86/29.86/29.86         4413       10    10.45   0.0028     0%     0.0003      0/3242         0     0.0025       0
      primary samples 2, productive 2 (100.0%), vertices/sample 5.000
      qp 21.1 rows/call, 44% of calls reached the solver, 4413 calls
  qp-adapt      1/1      14.27/14.27/14.27         1941        9    10.45   0.0063    17%     0.0003      0/1145         0     0.0025       0
      primary samples 2, productive 2 (100.0%), vertices/sample 4.500
      qp 30.4 rows/call, 92% of calls reached the solver, 1941 calls
  free-env      1/1     239.45/239.45/239.45       10457      293    19.83   0.0478    92%     0.0000      0/1201         0     0.0025       0
      primary samples 951, productive 287 (30.2%), vertices/sample 0.308
  qp-env        1/1      11.15/11.15/11.15         1464       10    10.45   0.0083     7%     0.0003      0/803          0     0.0025       0
      primary samples 2, productive 2 (100.0%), vertices/sample 5.000
      qp 31.1 rows/call, 97% of calls reached the solver, 1464 calls

cage  (1 problems, 0 skipped: 0 clearance, 0 self-collision)
  qp-fixed      1/1     115.16/115.16/115.16       34693       43    15.95   0.0022     0%     0.0000      0/5804         0     0.0025       0
      primary samples 26, productive 21 (80.8%), vertices/sample 1.654
      qp 31.2 rows/call, 75% of calls reached the solver, 34693 calls
  qp-adapt      1/1      94.88/94.88/94.88        24708       43    15.95   0.0031     6%     0.0000      0/3012         0     0.0025       0
      primary samples 26, productive 21 (80.8%), vertices/sample 1.654
      qp 38.2 rows/call, 99% of calls reached the solver, 24708 calls
  free-env      1/1      11.40/11.40/11.40         1215       46    15.01   0.0631    79%     0.0000      0/827          0     0.0025       0
      primary samples 103, productive 40 (38.8%), vertices/sample 0.447
  qp-env        1/1      91.81/91.81/91.81        23505       43    15.95   0.0033     3%     0.0000      0/2672         0     0.0025       0
      primary samples 26, productive 21 (80.8%), vertices/sample 1.654
      qp 38.4 rows/call, 99% of calls reached the solver, 23505 calls

table_under_pick  (1 problems, 0 skipped: 0 clearance, 0 self-collision)
  qp-fixed      1/1     215.81/215.81/215.81       48906       67    16.64   0.0021     0%    -0.0000    863/7058         0     0.0025       0
      primary samples 38, productive 30 (78.9%), vertices/sample 1.763
      qp 34.0 rows/call, 86% of calls reached the solver, 48906 calls
  qp-adapt      1/1     189.47/189.47/189.47       39774       67    16.64   0.0026     8%    -0.0000    867/5412         0     0.0025       0
      primary samples 38, productive 30 (78.9%), vertices/sample 1.763
      qp 34.5 rows/call, 97% of calls reached the solver, 39774 calls
  free-env      1/1       8.78/8.78/8.78           714       22    15.59   0.0467    83%     0.0000      0/851          0     0.0025       0
      primary samples 42, productive 16 (38.1%), vertices/sample 0.524
  qp-env        1/1     176.82/176.82/176.82       36693       67    16.65   0.0028     4%    -0.0000    896/5006         0     0.0025       0
      primary samples 38, productive 30 (78.9%), vertices/sample 1.763
      qp 34.4 rows/call, 99% of calls reached the solver, 36693 calls

Hop disposition -- what set the hop's length, median over problems.
  row         floored(<1 step)    at region   edge-limited
  qp-fixed            100.0%         0.0%           0.0%
  qp-adapt             91.9%         8.1%           0.1%
  free-env             13.7%        84.4%           2.1%
  qp-env               95.5%         4.4%           0.1%

Endpoint clearance at zero margin -- min(start, goal) over all spheres.
  scene                     min    median       max affordable   problems by margin
  bookshelf_thin         0.0072    0.0072    0.0072    0.0072   0:100% 0.02:  0% 0.04:  0% 0.06:  0% 0.09:  0%
  cage                   0.0127    0.0127    0.0127    0.0127   0:100% 0.02:  0% 0.04:  0% 0.06:  0% 0.09:  0%
  table_under_pick       0.0078    0.0078    0.0078    0.0078   0:100% 0.02:  0% 0.04:  0% 0.06:  0% 0.09:  0%

all scenes  (3 problems, 0 skipped: 0 clearance, 0 self-collision)
  qp-fixed      3/3      29.86/115.16/215.81       34693       43    15.95   0.0022     0%    -0.0000    863/16104        0     0.0025       0
      primary samples 26, productive 21 (80.8%), vertices/sample 1.763
      qp 31.2 rows/call, 75% of calls reached the solver, 88012 calls
  qp-adapt      3/3      14.27/94.88/189.47       24708       43    15.95   0.0031     8%    -0.0000    867/9569         0     0.0025       0
      primary samples 26, productive 21 (80.8%), vertices/sample 1.763
      qp 34.5 rows/call, 97% of calls reached the solver, 66423 calls
  free-env      3/3       8.78/11.40/239.45        1215       46    15.59   0.0478    83%     0.0000      0/2879         0     0.0025       0
      primary samples 103, productive 40 (38.8%), vertices/sample 0.447
  qp-env        3/3      11.15/91.81/176.82       23505       43    15.95   0.0033     4%    -0.0000    896/8481         0     0.0025       0
      primary samples 26, productive 21 (80.8%), vertices/sample 1.763
      qp 34.4 rows/call, 99% of calls reached the solver, 61662 calls

"samples" is checked configurations for isSafe, barrier evaluations for
the three CBF rows, and SIMD configuration lanes evaluated for VAMP. They measure
sampling work, while wall time captures the very different per-sample costs.
"unsafe/audited" evaluates exact primitive clearance at every state of the
densified solution -- for each CBF row that is the rollout the planner recorded
for each edge, replayed, so it is the motion that would actually be executed,
sampled inside each step rather than only at its boundaries. Non-zero unsafe
invalidates a row however fast it was.
"missed" counts solution edges that were not on file and had to be
re-derived; it must be zero, or the audited motion is a different trajectory
from the one the planner found.


envelope hop: 2569 filter calls, 1.284 hold queries/call, 17.8% saturated, 100.0% longer than L1, past one step 97.2% (L1 alone 48.5%), gated 95.8%, empty-active 0.6%, screen-escalated 5.6%
envelope bottleneck: world 97.9%, self-collision 1.8%, unbound 0.3% (horizon or screen clip), blocked 0.0%, joint-limit clamped 0.0%
envelope binding term:
  world rows       L1 0.0%, local-L1 0.3%, speed-capped 3.3%, isotropic-anchored 96.3% (of 2516 bound calls)
  self-pair rows   L1 0.0%, local-L1 0.0%, speed-capped 2.2%, normal-anchored 97.8% (of 45 bound calls)
local-lever screen: 18377 of 40716 expensive world rows settled before the envelope (45.1%)
span handed to the rollout, in controller steps (61662 calls):
                   <1      1-2      2-4      4-8       8+
  L1 only      97.98%     0.97%     0.50%     0.22%     0.33%
  envelope     95.95%     1.09%     1.06%     0.92%     0.98%
=== CBF profiler (wall time) ===
=== CBF filter stats ===
  calls=0  unchanged=0 (0.0%)  filtered=0 (0.0%)  blocked=0 (0.0%)
  active rows:       avg=0.00  max=0
  zero-row fast path: 0 (0.0%)
  qp iterations:     avg=0.00  max=0
  certified duration: avg=0.00000s  min=0.00000s  max=0.00000s  (over 0 non-blocked calls)
  required gain:     avg=0.000/s  max=0.000/s  p50=0.000/s  p90=0.000/s  p99=0.000/s  (over 0 calls, 0 uncertified)
