
MotionBenchMaker UR5, 60 problems loaded, up to 100 per scene
voxel 0.003 m, margin 0.0000 m + 0.0000 m filter buffer, stepSize 0.001 s, range 2.00 rad, 10.0 s limit

hop certificates: old L1 Lipschitz region and new hold-time bound
Picard: off; trajectory prefixes: 0; sequential rollout budget: 10000 calls
kappa 20.00 /s, certified step uncapped, self-collision margin 0.0000 m over 303 pairs
baseline segment: 0.000130 of extent = 0.0020 rad, rollout step 0.0020 rad (matched to the rollout)
rope shortcut off, all rows unsimplified

seed 1
  planner       solved ms(min/med/max)        samples vertices     path rad/call coarse  worst clr unsafe/audited missed worst self collide

bookshelf_small  (1 problems, 0 skipped: 0 clearance, 0 self-collision)
  qp-fixed      1/1      11.13/11.13/11.13         2641        6     7.08   0.0027     0%     0.0000      0/2642         0     0.0025       0
      primary samples 1, productive 1 (100.0%), vertices/sample 6.000
      qp 24.6 rows/call, 25% of calls reached the solver, 2641 calls
  qp-adapt      1/1       4.44/4.44/4.44           915        6     7.08   0.0077    31%     0.0000      0/1070         0     0.0025       0
      primary samples 1, productive 1 (100.0%), vertices/sample 6.000
      qp 26.8 rows/call, 68% of calls reached the solver, 915 calls
  free-env      1/1      12.72/12.72/12.72          866       37    20.96   0.0728    91%     0.0000      0/1121         0     0.0025       0
      primary samples 54, productive 28 (51.9%), vertices/sample 0.685
  qp-env        1/1       2.83/2.83/2.83           548        6     7.08   0.0129    10%     0.0000      0/803          0     0.0025       0
      primary samples 1, productive 1 (100.0%), vertices/sample 6.000
      qp 26.8 rows/call, 87% of calls reached the solver, 548 calls

bookshelf_thin  (1 problems, 0 skipped: 0 clearance, 0 self-collision)
  qp-fixed      1/1     117.95/117.95/117.95       10969       15    13.20   0.0022     0%    -0.0077    202/5303         0     0.0012       0
      primary samples 8, productive 6 (75.0%), vertices/sample 1.875
      qp 34.1 rows/call, 51% of calls reached the solver, 10969 calls
  qp-adapt      1/1      61.48/61.48/61.48         5301       15    13.20   0.0046    11%    -0.0076    202/1891         0     0.0011       0
      primary samples 8, productive 6 (75.0%), vertices/sample 1.875
      qp 31.8 rows/call, 95% of calls reached the solver, 5301 calls
  free-env      1/1     280.39/280.39/280.39        7601      194     9.26   0.0447    95%     0.0028      0/493          0     0.0025       0
      primary samples 660, productive 191 (28.9%), vertices/sample 0.294
  qp-env        1/1      55.86/55.86/55.86         4800       15    13.21   0.0051     6%    -0.0077    200/1691         0     0.0005       0
      primary samples 8, productive 6 (75.0%), vertices/sample 1.875
      qp 30.0 rows/call, 98% of calls reached the solver, 4800 calls

Hop disposition -- what set the hop's length, median over problems.
  row         floored(<1 step)    at region   edge-limited
  qp-fixed            100.0%         0.0%           0.0%
  qp-adapt             89.4%        30.4%           0.3%
  free-env              5.3%        97.2%           3.0%
  qp-env               93.9%         9.9%           0.5%

Endpoint clearance at zero margin -- min(start, goal) over all spheres.
  scene                     min    median       max affordable   problems by margin
  bookshelf_small        0.0092    0.0092    0.0092    0.0092   0:100% 0.02:  0% 0.04:  0% 0.06:  0% 0.09:  0%
  bookshelf_thin         0.0059    0.0059    0.0059    0.0059   0:100% 0.02:  0% 0.04:  0% 0.06:  0% 0.09:  0%

all scenes  (2 problems, 0 skipped: 0 clearance, 0 self-collision)
  qp-fixed      2/2      11.13/117.95/117.95       10969       15    13.20   0.0027     0%    -0.0077    202/7945         0     0.0012       0
      primary samples 8, productive 6 (75.0%), vertices/sample 6.000
      qp 34.1 rows/call, 51% of calls reached the solver, 13610 calls
  qp-adapt      2/2       4.44/61.48/61.48         5301       15    13.20   0.0077    31%    -0.0076    202/2961         0     0.0011       0
      primary samples 8, productive 6 (75.0%), vertices/sample 6.000
      qp 31.8 rows/call, 95% of calls reached the solver, 6216 calls
  free-env      2/2      12.72/280.39/280.39        7601      194    20.96   0.0728    95%     0.0000      0/1614         0     0.0025       0
      primary samples 660, productive 191 (28.9%), vertices/sample 0.685
  qp-env        2/2       2.83/55.86/55.86         4800       15    13.21   0.0129    10%    -0.0077    200/2494         0     0.0005       0
      primary samples 8, productive 6 (75.0%), vertices/sample 6.000
      qp 30.0 rows/call, 98% of calls reached the solver, 5348 calls

"samples" is checked configurations for isSafe, barrier evaluations for
the three CBF rows, and SIMD configuration lanes evaluated for VAMP. They measure
sampling work, while wall time captures the very different per-sample costs.
"unsafe/audited" evaluates exact primitive clearance at every state of the
densified solution -- for each CBF row that is the rollout the planner recorded
for each edge, replayed, so it is the motion that would actually be executed,
sampled inside each step rather than only at its boundaries. Non-zero unsafe
invalidates a row however fast it was.
"missed" counts solution edges that were not on file and had to be
re-derived; it must be zero, or the audited motion is a different trajectory
from the one the planner found.


envelope hop: 361 filter calls, 1.507 hold queries/call, 20.8% saturated, 100.0% longer than L1, past one step 97.0% (L1 alone 50.1%), gated 93.2%, empty-active 1.8%, screen-escalated 19.9%
envelope bottleneck: world 92.8%, self-collision 5.8%, unbound 1.4% (horizon or screen clip), blocked 0.0%, joint-limit clamped 0.0%
envelope binding term:
  world rows       L1 0.0%, local-L1 0.9%, speed-capped 0.0%, isotropic-anchored 99.1% (of 335 bound calls)
  self-pair rows   L1 0.0%, local-L1 0.0%, speed-capped 0.0%, normal-anchored 100.0% (of 21 bound calls)
local-lever screen: 11866 of 22846 expensive world rows settled before the envelope (51.9%)
span handed to the rollout, in controller steps (5348 calls):
                   <1      1-2      2-4      4-8       8+
  L1 only      96.62%     1.18%     0.64%     0.47%     1.10%
  envelope     93.46%     2.52%     0.79%     1.05%     2.19%
=== CBF profiler (wall time) ===
=== CBF filter stats ===
  calls=0  unchanged=0 (0.0%)  filtered=0 (0.0%)  blocked=0 (0.0%)
  active rows:       avg=0.00  max=0
  zero-row fast path: 0 (0.0%)
  qp iterations:     avg=0.00  max=0
  certified duration: avg=0.00000s  min=0.00000s  max=0.00000s  (over 0 non-blocked calls)
  required gain:     avg=0.000/s  max=0.000/s  p50=0.000/s  p90=0.000/s  p99=0.000/s  (over 0 calls, 0 uncertified)
