
MotionBenchMaker UR5, 60 problems loaded, up to 100 per scene
voxel 0.003 m, margin 0.0000 m + 0.0000 m filter buffer, stepSize 0.001 s, range 2.00 rad, 10.0 s limit

hop certificates: old L1 Lipschitz region and new hold-time bound
Picard: off; trajectory prefixes: 0; sequential rollout budget: 10000 calls
kappa 20.00 /s, certified step uncapped, self-collision margin 0.0000 m over 303 pairs
baseline segment: 0.000130 of extent = 0.0020 rad, rollout step 0.0020 rad (matched to the rollout)
rope shortcut off, all rows unsimplified

seed 1
  planner       solved ms(min/med/max)        samples vertices     path rad/call coarse  worst clr unsafe/audited missed worst self collide

bookshelf_small  (1 problems, 0 skipped: 0 clearance, 0 self-collision)
  qp-fixed      1/1     130.49/130.49/130.49       25104       28    17.57   0.0018     0%    -0.0014    383/6927         0     0.0025       0
      primary samples 16, productive 12 (75.0%), vertices/sample 1.750
      qp 30.1 rows/call, 80% of calls reached the solver, 25104 calls
  qp-adapt      1/1     111.84/111.84/111.84       19711       28    17.58   0.0023     5%    -0.0014    386/4554         0     0.0025       0
      primary samples 16, productive 12 (75.0%), vertices/sample 1.750
      qp 32.3 rows/call, 98% of calls reached the solver, 19711 calls
  free-env      1/1      25.17/25.17/25.17         1790       47    13.73   0.0459    85%     0.0042      0/740          0     0.0025       0
      primary samples 164, productive 43 (26.2%), vertices/sample 0.287
  qp-env        1/1     106.58/106.58/106.58       18544       28    17.59   0.0024     3%    -0.0014    384/4108         0     0.0025       0
      primary samples 16, productive 12 (75.0%), vertices/sample 1.750
      qp 32.3 rows/call, 99% of calls reached the solver, 18544 calls

bookshelf_thin  (1 problems, 0 skipped: 0 clearance, 0 self-collision)
  qp-fixed      1/1      56.66/56.66/56.66         5160        8     8.53   0.0022     0%     0.0016      0/2685         0     0.0025       0
      primary samples 4, productive 3 (75.0%), vertices/sample 2.000
      qp 23.0 rows/call, 52% of calls reached the solver, 5160 calls
  qp-adapt      1/1      33.44/33.44/33.44         2741        8     8.53   0.0041     9%     0.0015      0/615          0     0.0025       0
      primary samples 4, productive 3 (75.0%), vertices/sample 2.000
      qp 28.5 rows/call, 94% of calls reached the solver, 2741 calls
  free-env      1/1      31.31/31.31/31.31          970       32    11.48   0.0551    81%     0.0000      0/626          0     0.0025       0
      primary samples 66, productive 28 (42.4%), vertices/sample 0.485
  qp-env        1/1      30.09/30.09/30.09         2439        8     8.53   0.0046     3%     0.0017      0/452          0     0.0025       0
      primary samples 4, productive 3 (75.0%), vertices/sample 2.000
      qp 28.8 rows/call, 99% of calls reached the solver, 2439 calls

cage  (1 problems, 0 skipped: 0 clearance, 0 self-collision)
  qp-fixed      1/1     233.05/233.05/233.05       44227       54    25.13   0.0021     0%    -0.0054   1051/10270        0     0.0008       0
      primary samples 31, productive 26 (83.9%), vertices/sample 1.742
      qp 43.2 rows/call, 80% of calls reached the solver, 44227 calls
  qp-adapt      1/1     195.11/195.11/195.11       33554       54    25.14   0.0027     6%    -0.0054   1031/6454         0     0.0008       0
      primary samples 31, productive 26 (83.9%), vertices/sample 1.742
      qp 49.6 rows/call, 99% of calls reached the solver, 33554 calls
  free-env      1/1     692.85/692.85/692.85       49457     1349    29.92   0.0396    77%     0.0000      0/1896         0     0.0000       0
      primary samples 5284, productive 1309 (24.8%), vertices/sample 0.255
  qp-env        1/1     184.23/184.23/184.23       31586       54    25.17   0.0029     4%    -0.0054   1063/6067         0     0.0004       0
      primary samples 31, productive 26 (83.9%), vertices/sample 1.742
      qp 50.1 rows/call, 99% of calls reached the solver, 31586 calls

Hop disposition -- what set the hop's length, median over problems.
  row         floored(<1 step)    at region   edge-limited
  qp-fixed            100.0%         0.0%           0.0%
  qp-adapt             94.0%         6.0%           0.1%
  free-env             13.4%        84.4%           1.9%
  qp-env               97.0%         2.9%           0.1%

Endpoint clearance at zero margin -- min(start, goal) over all spheres.
  scene                     min    median       max affordable   problems by margin
  bookshelf_small        0.0057    0.0057    0.0057    0.0057   0:100% 0.02:  0% 0.04:  0% 0.06:  0% 0.09:  0%
  bookshelf_thin         0.0067    0.0067    0.0067    0.0067   0:100% 0.02:  0% 0.04:  0% 0.06:  0% 0.09:  0%
  cage                   0.0127    0.0127    0.0127    0.0127   0:100% 0.02:  0% 0.04:  0% 0.06:  0% 0.09:  0%

all scenes  (3 problems, 0 skipped: 0 clearance, 0 self-collision)
  qp-fixed      3/3      56.66/130.49/233.05       25104       28    17.57   0.0021     0%    -0.0054   1434/19882        0     0.0008       0
      primary samples 16, productive 12 (75.0%), vertices/sample 1.750
      qp 30.1 rows/call, 80% of calls reached the solver, 74491 calls
  qp-adapt      3/3      33.44/111.84/195.11       19711       28    17.58   0.0027     6%    -0.0054   1417/11623        0     0.0008       0
      primary samples 16, productive 12 (75.0%), vertices/sample 1.750
      qp 32.3 rows/call, 98% of calls reached the solver, 56006 calls
  free-env      3/3      25.17/31.31/692.85        1790       47    13.73   0.0459    81%     0.0000      0/3262         0     0.0000       0
      primary samples 164, productive 43 (26.2%), vertices/sample 0.287
  qp-env        3/3      30.09/106.58/184.23       18544       28    17.59   0.0029     3%    -0.0054   1447/10627        0     0.0004       0
      primary samples 16, productive 12 (75.0%), vertices/sample 1.750
      qp 32.3 rows/call, 99% of calls reached the solver, 52569 calls

"samples" is checked configurations for isSafe, barrier evaluations for
the three CBF rows, and SIMD configuration lanes evaluated for VAMP. They measure
sampling work, while wall time captures the very different per-sample costs.
"unsafe/audited" evaluates exact primitive clearance at every state of the
densified solution -- for each CBF row that is the rollout the planner recorded
for each edge, replayed, so it is the motion that would actually be executed,
sampled inside each step rather than only at its boundaries. Non-zero unsafe
invalidates a row however fast it was.
"missed" counts solution edges that were not on file and had to be
re-derived; it must be zero, or the audited motion is a different trajectory
from the one the planner found.


envelope hop: 1891 filter calls, 1.274 hold queries/call, 16.6% saturated, 100.0% longer than L1, past one step 96.1% (L1 alone 50.0%), gated 96.4%, empty-active 0.7%, screen-escalated 6.3%
envelope bottleneck: world 98.9%, self-collision 1.0%, unbound 0.2% (horizon or screen clip), blocked 0.0%, joint-limit clamped 0.0%
envelope binding term:
  world rows       L1 0.0%, local-L1 0.7%, speed-capped 5.2%, isotropic-anchored 94.1% (of 1870 bound calls)
  self-pair rows   L1 0.0%, local-L1 0.0%, speed-capped 0.0%, normal-anchored 100.0% (of 18 bound calls)
local-lever screen: 67693 of 133774 expensive world rows settled before the envelope (50.6%)
span handed to the rollout, in controller steps (52569 calls):
                   <1      1-2      2-4      4-8       8+
  L1 only      98.20%     0.81%     0.52%     0.18%     0.29%
  envelope     96.54%     0.82%     0.98%     0.84%     0.82%
=== CBF profiler (wall time) ===
=== CBF filter stats ===
  calls=0  unchanged=0 (0.0%)  filtered=0 (0.0%)  blocked=0 (0.0%)
  active rows:       avg=0.00  max=0
  zero-row fast path: 0 (0.0%)
  qp iterations:     avg=0.00  max=0
  certified duration: avg=0.00000s  min=0.00000s  max=0.00000s  (over 0 non-blocked calls)
  required gain:     avg=0.000/s  max=0.000/s  p50=0.000/s  p90=0.000/s  p99=0.000/s  (over 0 calls, 0 uncertified)
