
MotionBenchMaker UR5, 60 problems loaded, up to 100 per scene
voxel 0.003 m, margin 0.0000 m + 0.0000 m filter buffer, stepSize 0.001 s, range 2.00 rad, 10.0 s limit

hop certificates: old L1 Lipschitz region and new hold-time bound
Picard: off; trajectory prefixes: 0; sequential rollout budget: 10000 calls
kappa 20.00 /s, certified step uncapped, self-collision margin 0.0000 m over 303 pairs
baseline segment: 0.000130 of extent = 0.0020 rad, rollout step 0.0020 rad (matched to the rollout)
rope shortcut off, all rows unsimplified

seed 1
  planner       solved ms(min/med/max)        samples vertices     path rad/call coarse  worst clr unsafe/audited missed worst self collide

bookshelf_small  (1 problems, 0 skipped: 0 clearance, 0 self-collision)
  qp-fixed      1/1      55.88/55.88/55.88        11579       26    13.39   0.0023     0%    -0.0067   1281/5506         0     0.0025       0
      primary samples 7, productive 6 (85.7%), vertices/sample 3.714
      qp 30.8 rows/call, 69% of calls reached the solver, 11579 calls
  qp-adapt      1/1      42.99/42.99/42.99         8117       22    13.39   0.0033    10%    -0.0067   1281/3359         0     0.0025       0
      primary samples 7, productive 6 (85.7%), vertices/sample 3.143
      qp 31.3 rows/call, 92% of calls reached the solver, 8117 calls
  free-env      1/1      21.76/21.76/21.76         1594       38    13.40   0.0347    85%     0.0000      0/772          0     0.0000       0
      primary samples 124, productive 31 (25.0%), vertices/sample 0.306
  qp-env        1/1      41.20/41.20/41.20         7631       21    13.33   0.0035     4%    -0.0067   1464/3164         0     0.0025       0
      primary samples 7, productive 6 (85.7%), vertices/sample 3.000
      qp 31.2 rows/call, 96% of calls reached the solver, 7631 calls

bookshelf_thin  (1 problems, 0 skipped: 0 clearance, 0 self-collision)
  qp-fixed      1/1      67.98/67.98/67.98         6261        9     8.22   0.0022     0%     0.0000      0/3314         0     0.0000       0
      primary samples 4, productive 3 (75.0%), vertices/sample 2.250
      qp 28.4 rows/call, 58% of calls reached the solver, 6261 calls
  qp-adapt      1/1      39.96/39.96/39.96         3401        9     8.22   0.0041    13%     0.0000      0/1762         0     0.0000       0
      primary samples 4, productive 3 (75.0%), vertices/sample 2.250
      qp 34.2 rows/call, 96% of calls reached the solver, 3401 calls
  free-env      1/1      18.97/18.97/18.97          538       20    17.76   0.0582    91%     0.0018      0/953          0     0.0000       0
      primary samples 36, productive 15 (41.7%), vertices/sample 0.556
  qp-env        1/1      33.82/33.82/33.82         2815        9     8.22   0.0050     9%     0.0000      0/1467         0     0.0000       0
      primary samples 4, productive 3 (75.0%), vertices/sample 2.250
      qp 34.5 rows/call, 98% of calls reached the solver, 2815 calls

Hop disposition -- what set the hop's length, median over problems.
  row         floored(<1 step)    at region   edge-limited
  qp-fixed            100.0%         0.0%           0.0%
  qp-adapt             90.2%        13.2%           0.1%
  free-env             10.2%        92.0%           2.3%
  qp-env               95.7%         9.3%           0.2%

Endpoint clearance at zero margin -- min(start, goal) over all spheres.
  scene                     min    median       max affordable   problems by margin
  bookshelf_small        0.0050    0.0050    0.0050    0.0050   0:100% 0.02:  0% 0.04:  0% 0.06:  0% 0.09:  0%
  bookshelf_thin         0.0079    0.0079    0.0079    0.0079   0:100% 0.02:  0% 0.04:  0% 0.06:  0% 0.09:  0%

all scenes  (2 problems, 0 skipped: 0 clearance, 0 self-collision)
  qp-fixed      2/2      55.88/67.98/67.98        11579       26    13.39   0.0023     0%    -0.0067   1281/8820         0     0.0000       0
      primary samples 7, productive 6 (85.7%), vertices/sample 3.714
      qp 30.8 rows/call, 69% of calls reached the solver, 17840 calls
  qp-adapt      2/2      39.96/42.99/42.99         8117       22    13.39   0.0041    13%    -0.0067   1281/5121         0     0.0000       0
      primary samples 7, productive 6 (85.7%), vertices/sample 3.143
      qp 34.2 rows/call, 96% of calls reached the solver, 11518 calls
  free-env      2/2      18.97/21.76/21.76         1594       38    17.76   0.0582    91%     0.0000      0/1725         0     0.0000       0
      primary samples 124, productive 31 (25.0%), vertices/sample 0.556
  qp-env        2/2      33.82/41.20/41.20         7631       21    13.33   0.0050     9%    -0.0067   1464/4631         0     0.0000       0
      primary samples 7, productive 6 (85.7%), vertices/sample 3.000
      qp 34.5 rows/call, 98% of calls reached the solver, 10446 calls

"samples" is checked configurations for isSafe, barrier evaluations for
the three CBF rows, and SIMD configuration lanes evaluated for VAMP. They measure
sampling work, while wall time captures the very different per-sample costs.
"unsafe/audited" evaluates exact primitive clearance at every state of the
densified solution -- for each CBF row that is the rollout the planner recorded
for each edge, replayed, so it is the motion that would actually be executed,
sampled inside each step rather than only at its boundaries. Non-zero unsafe
invalidates a row however fast it was.
"missed" counts solution edges that were not on file and had to be
re-derived; it must be zero, or the audited motion is a different trajectory
from the one the planner found.


envelope hop: 602 filter calls, 1.208 hold queries/call, 11.4% saturated, 100.0% longer than L1, past one step 98.5% (L1 alone 65.1%), gated 94.2%, empty-active 0.7%, screen-escalated 7.0%
envelope bottleneck: world 98.3%, self-collision 1.5%, unbound 0.2% (horizon or screen clip), blocked 0.0%, joint-limit clamped 0.0%
envelope binding term:
  world rows       L1 0.0%, local-L1 1.2%, speed-capped 0.2%, isotropic-anchored 98.6% (of 592 bound calls)
  self-pair rows   L1 0.0%, local-L1 0.0%, speed-capped 0.0%, normal-anchored 100.0% (of 9 bound calls)
local-lever screen: 7813 of 12827 expensive world rows settled before the envelope (60.9%)
span handed to the rollout, in controller steps (10446 calls):
                   <1      1-2      2-4      4-8       8+
  L1 only      96.25%     1.21%     0.86%     0.96%     0.73%
  envelope     94.32%     0.88%     1.39%     1.26%     2.14%
=== CBF profiler (wall time) ===
=== CBF filter stats ===
  calls=0  unchanged=0 (0.0%)  filtered=0 (0.0%)  blocked=0 (0.0%)
  active rows:       avg=0.00  max=0
  zero-row fast path: 0 (0.0%)
  qp iterations:     avg=0.00  max=0
  certified duration: avg=0.00000s  min=0.00000s  max=0.00000s  (over 0 non-blocked calls)
  required gain:     avg=0.000/s  max=0.000/s  p50=0.000/s  p90=0.000/s  p99=0.000/s  (over 0 calls, 0 uncertified)
