
MotionBenchMaker UR5, 60 problems loaded, up to 100 per scene
voxel 0.003 m, margin 0.0000 m + 0.0000 m filter buffer, stepSize 0.001 s, range 2.00 rad, 10.0 s limit

hop certificates: old L1 Lipschitz region and new hold-time bound
Picard: off; trajectory prefixes: 0; sequential rollout budget: 10000 calls
kappa 20.00 /s, certified step uncapped, self-collision margin 0.0000 m over 303 pairs
baseline segment: 0.000325 of extent = 0.0050 rad, rollout step 0.0050 rad (matched to the rollout)
rope shortcut off, all rows unsimplified

seed 1
  planner       solved ms(min/med/max)        samples vertices     path rad/call coarse  worst clr unsafe/audited missed worst self collide

bookshelf_thin  (1 problems, 0 skipped: 0 clearance, 0 self-collision)
  qp-fixed      1/1       7.65/7.65/7.65           991        6     6.63   0.0067     0%     0.0004      0/992          0     0.0003       0
      primary samples 1, productive 1 (100.0%), vertices/sample 6.000
      qp 122.1 rows/call, 41% of calls reached the solver, 991 calls
  qp-adapt      1/1       2.77/2.77/2.77           328        6     6.63   0.0202    45%     0.0004      0/529          0     0.0003       0
      primary samples 1, productive 1 (100.0%), vertices/sample 6.000
      qp 106.9 rows/call, 86% of calls reached the solver, 328 calls
  free-env      1/1      14.11/14.11/14.11          586       32    12.89   0.0942    87%     0.0089      0/671          0     0.0000       0
      primary samples 93, productive 25 (26.9%), vertices/sample 0.344
  qp-env        1/1       1.94/1.94/1.94           215        6     6.63   0.0309    20%     0.0003      0/477          0     0.0002       0
      primary samples 1, productive 1 (100.0%), vertices/sample 6.000
      qp 102.6 rows/call, 92% of calls reached the solver, 215 calls

cage  (1 problems, 0 skipped: 0 clearance, 0 self-collision)
  qp-fixed      1/1      15.14/15.14/15.14         3933       16    13.83   0.0061     0%    -0.0031     81/1971         0     0.0025       0
      primary samples 6, productive 6 (100.0%), vertices/sample 2.667
      qp 57.7 rows/call, 70% of calls reached the solver, 3933 calls
  qp-adapt      1/1       9.05/9.05/9.05          1998       15    13.84   0.0120    28%    -0.0033     81/1169         0     0.0025       0
      primary samples 6, productive 6 (100.0%), vertices/sample 2.500
      qp 60.9 rows/call, 95% of calls reached the solver, 1998 calls
  free-env      1/1     190.81/190.81/190.81       17843      756    21.68   0.0653    77%     0.0000      0/1209         0     0.0000       0
      primary samples 2808, productive 739 (26.3%), vertices/sample 0.269
  qp-env        1/1       7.71/7.71/7.71          1619       15    13.88   0.0149    11%    -0.0035     81/1041         0     0.0025       0
      primary samples 6, productive 6 (100.0%), vertices/sample 2.500
      qp 58.8 rows/call, 96% of calls reached the solver, 1619 calls

table_under_pick  (1 problems, 0 skipped: 0 clearance, 0 self-collision)
  qp-fixed      1/1      17.70/17.70/17.70         3370       14     8.32   0.0050     0%     0.0001      0/1517         0     0.0025       0
      primary samples 5, productive 5 (100.0%), vertices/sample 2.800
      qp 85.7 rows/call, 80% of calls reached the solver, 3370 calls
  qp-adapt      1/1      13.02/13.02/13.02         2203       14     8.32   0.0076    27%     0.0001      0/893          0     0.0025       0
      primary samples 5, productive 5 (100.0%), vertices/sample 2.800
      qp 97.6 rows/call, 97% of calls reached the solver, 2203 calls
  free-env      1/1       7.71/7.71/7.71           612       14    10.01   0.0323    91%     0.0000      0/592          0     0.0025       0
      primary samples 38, productive 10 (26.3%), vertices/sample 0.368
  qp-env        1/1       9.93/9.93/9.93          1566       14     8.32   0.0107    19%     0.0001      0/662          0     0.0025       0
      primary samples 5, productive 5 (100.0%), vertices/sample 2.800
      qp 109.1 rows/call, 98% of calls reached the solver, 1566 calls

Hop disposition -- what set the hop's length, median over problems.
  row         floored(<1 step)    at region   edge-limited
  qp-fixed            100.0%         0.0%           0.0%
  qp-adapt             71.4%        28.1%           0.5%
  free-env              7.5%        89.9%           4.2%
  qp-env               80.5%        18.6%           0.7%

Endpoint clearance at zero margin -- min(start, goal) over all spheres.
  scene                     min    median       max affordable   problems by margin
  bookshelf_thin         0.0099    0.0099    0.0099    0.0099   0:100% 0.02:  0% 0.04:  0% 0.06:  0% 0.09:  0%
  cage                   0.0127    0.0127    0.0127    0.0127   0:100% 0.02:  0% 0.04:  0% 0.06:  0% 0.09:  0%
  table_under_pick       0.0080    0.0080    0.0080    0.0080   0:100% 0.02:  0% 0.04:  0% 0.06:  0% 0.09:  0%

all scenes  (3 problems, 0 skipped: 0 clearance, 0 self-collision)
  qp-fixed      3/3       7.65/15.14/17.70         3370       14     8.32   0.0061     0%    -0.0031     81/4480         0     0.0003       0
      primary samples 5, productive 5 (100.0%), vertices/sample 2.800
      qp 85.7 rows/call, 70% of calls reached the solver, 8294 calls
  qp-adapt      3/3       2.77/9.05/13.02         1998       14     8.32   0.0120    28%    -0.0033     81/2591         0     0.0003       0
      primary samples 5, productive 5 (100.0%), vertices/sample 2.800
      qp 97.6 rows/call, 95% of calls reached the solver, 4529 calls
  free-env      3/3       7.71/14.11/190.81         612       32    12.89   0.0653    87%     0.0000      0/2472         0     0.0000       0
      primary samples 93, productive 25 (26.9%), vertices/sample 0.344
  qp-env        3/3       1.94/7.71/9.93          1566       14     8.32   0.0149    19%    -0.0035     81/2180         0     0.0002       0
      primary samples 5, productive 5 (100.0%), vertices/sample 2.800
      qp 102.6 rows/call, 96% of calls reached the solver, 3400 calls

"samples" is checked configurations for isSafe, barrier evaluations for
the three CBF rows, and SIMD configuration lanes evaluated for VAMP. They measure
sampling work, while wall time captures the very different per-sample costs.
"unsafe/audited" evaluates exact primitive clearance at every state of the
densified solution -- for each CBF row that is the rollout the planner recorded
for each edge, replayed, so it is the motion that would actually be executed,
sampled inside each step rather than only at its boundaries. Non-zero unsafe
invalidates a row however fast it was.
"missed" counts solution edges that were not on file and had to be
re-derived; it must be zero, or the audited motion is a different trajectory
from the one the planner found.


envelope hop: 530 filter calls, 1.342 hold queries/call, 22.2% saturated, 100.0% longer than L1, past one step 100.0% (L1 alone 60.2%), gated 84.4%, empty-active 0.0%, screen-escalated 4.3%
envelope bottleneck: world 99.6%, self-collision 0.4%, unbound 0.0% (horizon or screen clip), blocked 0.0%, joint-limit clamped 0.0%
envelope binding term:
  world rows       L1 0.0%, local-L1 1.1%, speed-capped 0.0%, isotropic-anchored 98.9% (of 528 bound calls)
  self-pair rows   L1 0.0%, local-L1 0.0%, speed-capped 0.0%, normal-anchored 100.0% (of 2 bound calls)
local-lever screen: 50334 of 81463 expensive world rows settled before the envelope (61.8%)
span handed to the rollout, in controller steps (3400 calls):
                   <1      1-2      2-4      4-8       8+
  L1 only      90.62%     4.56%     2.15%     1.24%     1.44%
  envelope     84.41%     1.50%     5.15%     4.09%     4.85%
=== CBF profiler (wall time) ===
=== CBF filter stats ===
  calls=0  unchanged=0 (0.0%)  filtered=0 (0.0%)  blocked=0 (0.0%)
  active rows:       avg=0.00  max=0
  zero-row fast path: 0 (0.0%)
  qp iterations:     avg=0.00  max=0
  certified duration: avg=0.00000s  min=0.00000s  max=0.00000s  (over 0 non-blocked calls)
  required gain:     avg=0.000/s  max=0.000/s  p50=0.000/s  p90=0.000/s  p99=0.000/s  (over 0 calls, 0 uncertified)
