
MotionBenchMaker UR5, 60 problems loaded, up to 100 per scene
voxel 0.003 m, margin 0.0000 m + 0.0000 m filter buffer, stepSize 0.001 s, range 2.00 rad, 10.0 s limit

hop certificates: old L1 Lipschitz region and new hold-time bound
Picard: off; trajectory prefixes: 0; sequential rollout budget: 10000 calls
kappa 20.00 /s, certified step uncapped, self-collision margin 0.0000 m over 303 pairs
baseline segment: 0.000325 of extent = 0.0050 rad, rollout step 0.0050 rad (matched to the rollout)
rope shortcut off, all rows unsimplified

seed 1
  planner       solved ms(min/med/max)        samples vertices     path rad/call coarse  worst clr unsafe/audited missed worst self collide

bookshelf_small  (1 problems, 0 skipped: 0 clearance, 0 self-collision)
  qp-fixed      1/1      38.47/38.47/38.47         6027       26    16.39   0.0057     0%     0.0000      0/2474         0     0.0025       0
      primary samples 8, productive 7 (87.5%), vertices/sample 3.250
      qp 90.9 rows/call, 80% of calls reached the solver, 6027 calls
  qp-adapt      1/1      30.32/30.32/30.32         4264       25    16.39   0.0081    16%     0.0000      0/1573         0     0.0025       0
      primary samples 8, productive 7 (87.5%), vertices/sample 3.125
      qp 89.5 rows/call, 98% of calls reached the solver, 4264 calls
  free-env      1/1      16.14/16.14/16.14         1113       42    19.43   0.0602    82%     0.0000      0/1079         0     0.0000       0
      primary samples 122, productive 35 (28.7%), vertices/sample 0.344
  qp-env        1/1      24.47/24.47/24.47         3347       24    16.40   0.0104    15%     0.0000      0/1348         0     0.0025       0
      primary samples 8, productive 7 (87.5%), vertices/sample 3.000
      qp 78.6 rows/call, 99% of calls reached the solver, 3347 calls

bookshelf_thin  (1 problems, 0 skipped: 0 clearance, 0 self-collision)
  qp-fixed      1/1      14.34/14.34/14.34         1259        7     8.16   0.0065     0%    -0.0026     23/1260         0     0.0025       0
      primary samples 1, productive 1 (100.0%), vertices/sample 7.000
      qp 59.6 rows/call, 83% of calls reached the solver, 1259 calls
  qp-adapt      1/1       8.27/8.27/8.27           698        9     8.19   0.0117    51%    -0.0037     24/845          0     0.0025       0
      primary samples 1, productive 1 (100.0%), vertices/sample 9.000
      qp 57.1 rows/call, 97% of calls reached the solver, 698 calls
  free-env      1/1      10.44/10.44/10.44          284       12    10.27   0.0716    98%     0.0034      0/541          0     0.0025       0
      primary samples 20, productive 7 (35.0%), vertices/sample 0.600
  qp-env        1/1       4.92/4.92/4.92           391       13     8.20   0.0210    50%    -0.0037     24/643          0     0.0025       0
      primary samples 1, productive 1 (100.0%), vertices/sample 13.000
      qp 63.4 rows/call, 96% of calls reached the solver, 391 calls

Hop disposition -- what set the hop's length, median over problems.
  row         floored(<1 step)    at region   edge-limited
  qp-fixed            100.0%         0.0%           0.0%
  qp-adapt             83.8%        50.0%           1.0%
  free-env             12.0%        94.4%           4.9%
  qp-env               85.2%        48.8%           2.8%

Endpoint clearance at zero margin -- min(start, goal) over all spheres.
  scene                     min    median       max affordable   problems by margin
  bookshelf_small        0.0083    0.0083    0.0083    0.0083   0:100% 0.02:  0% 0.04:  0% 0.06:  0% 0.09:  0%
  bookshelf_thin         0.0071    0.0071    0.0071    0.0071   0:100% 0.02:  0% 0.04:  0% 0.06:  0% 0.09:  0%

all scenes  (2 problems, 0 skipped: 0 clearance, 0 self-collision)
  qp-fixed      2/2      14.34/38.47/38.47         6027       26    16.39   0.0065     0%    -0.0026     23/3734         0     0.0025       0
      primary samples 8, productive 7 (87.5%), vertices/sample 7.000
      qp 90.9 rows/call, 83% of calls reached the solver, 7286 calls
  qp-adapt      2/2       8.27/30.32/30.32         4264       25    16.39   0.0117    51%    -0.0037     24/2418         0     0.0025       0
      primary samples 8, productive 7 (87.5%), vertices/sample 9.000
      qp 89.5 rows/call, 98% of calls reached the solver, 4962 calls
  free-env      2/2      10.44/16.14/16.14         1113       42    19.43   0.0716    98%     0.0000      0/1620         0     0.0000       0
      primary samples 122, productive 35 (28.7%), vertices/sample 0.600
  qp-env        2/2       4.92/24.47/24.47         3347       24    16.40   0.0210    50%    -0.0037     24/1991         0     0.0025       0
      primary samples 8, productive 7 (87.5%), vertices/sample 13.000
      qp 78.6 rows/call, 99% of calls reached the solver, 3738 calls

"samples" is checked configurations for isSafe, barrier evaluations for
the three CBF rows, and SIMD configuration lanes evaluated for VAMP. They measure
sampling work, while wall time captures the very different per-sample costs.
"unsafe/audited" evaluates exact primitive clearance at every state of the
densified solution -- for each CBF row that is the rollout the planner recorded
for each edge, replayed, so it is the motion that would actually be executed,
sampled inside each step rather than only at its boundaries. Non-zero unsafe
invalidates a row however fast it was.
"missed" counts solution edges that were not on file and had to be
re-derived; it must be zero, or the audited motion is a different trajectory
from the one the planner found.


envelope hop: 712 filter calls, 1.201 hold queries/call, 15.0% saturated, 100.0% longer than L1, past one step 97.8% (L1 alone 51.4%), gated 81.0%, empty-active 0.0%, screen-escalated 2.1%
envelope bottleneck: world 99.0%, self-collision 1.0%, unbound 0.0% (horizon or screen clip), blocked 0.0%, joint-limit clamped 0.0%
envelope binding term:
  world rows       L1 0.0%, local-L1 0.0%, speed-capped 3.1%, isotropic-anchored 96.9% (of 705 bound calls)
  self-pair rows   L1 0.0%, local-L1 0.0%, speed-capped 0.0%, normal-anchored 100.0% (of 7 bound calls)
local-lever screen: 6936 of 12527 expensive world rows settled before the envelope (55.4%)
span handed to the rollout, in controller steps (3738 calls):
                   <1      1-2      2-4      4-8       8+
  L1 only      90.21%     6.07%     2.11%     0.78%     0.83%
  envelope     81.38%     4.92%     6.66%     4.09%     2.94%
=== CBF profiler (wall time) ===
=== CBF filter stats ===
  calls=0  unchanged=0 (0.0%)  filtered=0 (0.0%)  blocked=0 (0.0%)
  active rows:       avg=0.00  max=0
  zero-row fast path: 0 (0.0%)
  qp iterations:     avg=0.00  max=0
  certified duration: avg=0.00000s  min=0.00000s  max=0.00000s  (over 0 non-blocked calls)
  required gain:     avg=0.000/s  max=0.000/s  p50=0.000/s  p90=0.000/s  p99=0.000/s  (over 0 calls, 0 uncertified)
