
MotionBenchMaker UR5, 60 problems loaded, up to 100 per scene
voxel 0.003 m, margin 0.0000 m + 0.0000 m filter buffer, stepSize 0.001 s, range 2.00 rad, 10.0 s limit

hop certificates: old L1 Lipschitz region and new hold-time bound
Picard: off; trajectory prefixes: 0; sequential rollout budget: 10000 calls
kappa 20.00 /s, certified step uncapped, self-collision margin 0.0000 m over 303 pairs
baseline segment: 0.000325 of extent = 0.0050 rad, rollout step 0.0050 rad (matched to the rollout)
rope shortcut off, all rows unsimplified

seed 1
  planner       solved ms(min/med/max)        samples vertices     path rad/call coarse  worst clr unsafe/audited missed worst self collide

bookshelf_thin  (1 problems, 0 skipped: 0 clearance, 0 self-collision)
  qp-fixed      1/1      28.88/28.88/28.88         2341        9    10.65   0.0055     0%     0.0068      0/1681         0     0.0025       0
      primary samples 2, productive 2 (100.0%), vertices/sample 4.500
      qp 61.4 rows/call, 34% of calls reached the solver, 2341 calls
  qp-adapt      1/1       9.17/9.17/9.17           749        9    10.65   0.0173    20%     0.0068      0/593          0     0.0025       0
      primary samples 2, productive 2 (100.0%), vertices/sample 4.500
      qp 45.5 rows/call, 94% of calls reached the solver, 749 calls
  free-env      1/1      56.63/56.63/56.63         1648       51    19.63   0.0543    77%     0.0000      0/1318         0     0.0025       0
      primary samples 126, productive 43 (34.1%), vertices/sample 0.405
  qp-env        1/1       7.78/7.78/7.78           622        9    10.64   0.0208     7%     0.0076      0/553          0     0.0025       0
      primary samples 2, productive 2 (100.0%), vertices/sample 4.500
      qp 43.5 rows/call, 97% of calls reached the solver, 622 calls

table_pick  (1 problems, 0 skipped: 0 clearance, 0 self-collision)
  qp-fixed      1/1       8.63/8.63/8.63          1267        6     6.05   0.0055     0%     0.0008      0/1011         0     0.0025       0
      primary samples 2, productive 2 (100.0%), vertices/sample 3.000
      qp 36.9 rows/call, 46% of calls reached the solver, 1267 calls
  qp-adapt      1/1       3.68/3.68/3.68           456        6     6.04   0.0154    30%     0.0008      0/437          0     0.0025       0
      primary samples 2, productive 2 (100.0%), vertices/sample 3.000
      qp 44.4 rows/call, 91% of calls reached the solver, 456 calls
  free-env      1/1       9.36/9.36/9.36           409       20     9.30   0.0862    94%     0.0033      0/494          0     0.0025       0
      primary samples 48, productive 17 (35.4%), vertices/sample 0.417
  qp-env        1/1       2.76/2.76/2.76           320        6     6.03   0.0219    18%     0.0007      0/375          0     0.0025       0
      primary samples 2, productive 2 (100.0%), vertices/sample 3.000
      qp 43.8 rows/call, 94% of calls reached the solver, 320 calls

Hop disposition -- what set the hop's length, median over problems.
  row         floored(<1 step)    at region   edge-limited
  qp-fixed            100.0%         0.0%           0.0%
  qp-adapt             80.0%        28.9%           0.9%
  free-env             18.2%        95.8%           4.2%
  qp-env               93.2%        16.6%           1.2%

Endpoint clearance at zero margin -- min(start, goal) over all spheres.
  scene                     min    median       max affordable   problems by margin
  bookshelf_thin         0.0076    0.0076    0.0076    0.0076   0:100% 0.02:  0% 0.04:  0% 0.06:  0% 0.09:  0%
  table_pick             0.0080    0.0080    0.0080    0.0080   0:100% 0.02:  0% 0.04:  0% 0.06:  0% 0.09:  0%

all scenes  (2 problems, 0 skipped: 0 clearance, 0 self-collision)
  qp-fixed      2/2       8.63/28.88/28.88         2341        9    10.65   0.0055     0%     0.0008      0/2692         0     0.0025       0
      primary samples 2, productive 2 (100.0%), vertices/sample 4.500
      qp 61.4 rows/call, 46% of calls reached the solver, 3608 calls
  qp-adapt      2/2       3.68/9.17/9.17           749        9    10.65   0.0173    30%     0.0008      0/1030         0     0.0025       0
      primary samples 2, productive 2 (100.0%), vertices/sample 4.500
      qp 45.5 rows/call, 94% of calls reached the solver, 1205 calls
  free-env      2/2       9.36/56.63/56.63         1648       51    19.63   0.0862    94%     0.0000      0/1812         0     0.0025       0
      primary samples 126, productive 43 (34.1%), vertices/sample 0.417
  qp-env        2/2       2.76/7.78/7.78           622        9    10.64   0.0219    18%     0.0007      0/928          0     0.0025       0
      primary samples 2, productive 2 (100.0%), vertices/sample 4.500
      qp 43.8 rows/call, 97% of calls reached the solver, 942 calls

"samples" is checked configurations for isSafe, barrier evaluations for
the three CBF rows, and SIMD configuration lanes evaluated for VAMP. They measure
sampling work, while wall time captures the very different per-sample costs.
"unsafe/audited" evaluates exact primitive clearance at every state of the
densified solution -- for each CBF row that is the rollout the planner recorded
for each edge, replayed, so it is the motion that would actually be executed,
sampled inside each step rather than only at its boundaries. Non-zero unsafe
invalidates a row however fast it was.
"missed" counts solution edges that were not on file and had to be
re-derived; it must be zero, or the audited motion is a different trajectory
from the one the planner found.


envelope hop: 99 filter calls, 1.384 hold queries/call, 16.8% saturated, 100.0% longer than L1, past one step 100.0% (L1 alone 87.9%), gated 89.5%, empty-active 0.0%, screen-escalated 15.2%
envelope bottleneck: world 90.9%, self-collision 9.1%, unbound 0.0% (horizon or screen clip), blocked 0.0%, joint-limit clamped 0.0%
envelope binding term:
  world rows       L1 0.0%, local-L1 0.0%, speed-capped 0.0%, isotropic-anchored 100.0% (of 90 bound calls)
  self-pair rows   L1 0.0%, local-L1 0.0%, speed-capped 0.0%, normal-anchored 100.0% (of 9 bound calls)
local-lever screen: 6081 of 10876 expensive world rows settled before the envelope (55.9%)
span handed to the rollout, in controller steps (942 calls):
                   <1      1-2      2-4      4-8       8+
  L1 only      90.76%     2.97%     2.23%     1.06%     2.97%
  envelope     89.49%     0.11%     1.38%     3.40%     5.63%
=== CBF profiler (wall time) ===
=== CBF filter stats ===
  calls=0  unchanged=0 (0.0%)  filtered=0 (0.0%)  blocked=0 (0.0%)
  active rows:       avg=0.00  max=0
  zero-row fast path: 0 (0.0%)
  qp iterations:     avg=0.00  max=0
  certified duration: avg=0.00000s  min=0.00000s  max=0.00000s  (over 0 non-blocked calls)
  required gain:     avg=0.000/s  max=0.000/s  p50=0.000/s  p90=0.000/s  p99=0.000/s  (over 0 calls, 0 uncertified)
