
MotionBenchMaker UR5, 60 problems loaded, up to 100 per scene
voxel 0.003 m, margin 0.0000 m + 0.0000 m filter buffer, stepSize 0.001 s, range 2.00 rad, 10.0 s limit

hop certificates: old L1 Lipschitz region and new hold-time bound
Picard: off; trajectory prefixes: 0; sequential rollout budget: 10000 calls
kappa 20.00 /s, certified step uncapped, self-collision margin 0.0000 m over 303 pairs
baseline segment: 0.000325 of extent = 0.0050 rad, rollout step 0.0050 rad (matched to the rollout)
rope shortcut off, all rows unsimplified

seed 1
  planner       solved ms(min/med/max)        samples vertices     path rad/call coarse  worst clr unsafe/audited missed worst self collide

bookshelf_tall  (1 problems, 0 skipped: 0 clearance, 0 self-collision)
  qp-fixed      1/1      51.99/51.99/51.99         8229       28    19.14   0.0051     0%     0.0001      0/2803         0     0.0001       0
      primary samples 14, productive 11 (78.6%), vertices/sample 2.000
      qp 81.0 rows/call, 81% of calls reached the solver, 8229 calls
  qp-adapt      1/1      40.41/40.41/40.41         5899       28    19.15   0.0072    17%     0.0001      0/1946         0     0.0001       0
      primary samples 14, productive 11 (78.6%), vertices/sample 2.000
      qp 81.1 rows/call, 95% of calls reached the solver, 5899 calls
  free-env      1/1      14.24/14.24/14.24          760       31    17.78   0.0650    97%     0.0004      0/947          0     0.0025       0
      primary samples 69, productive 24 (34.8%), vertices/sample 0.449
  qp-env        1/1      32.52/32.52/32.52         4548       28    19.09   0.0093    10%     0.0000      0/1512         0     0.0001       0
      primary samples 14, productive 11 (78.6%), vertices/sample 2.000
      qp 80.3 rows/call, 97% of calls reached the solver, 4548 calls

cage  (1 problems, 0 skipped: 0 clearance, 0 self-collision)
  qp-fixed      1/1     114.91/114.91/114.91       26614       76    32.17   0.0047     0%    -0.0033    356/5167         0     0.0004       0
      primary samples 51, productive 39 (76.5%), vertices/sample 1.490
      qp 93.6 rows/call, 86% of calls reached the solver, 26614 calls
  qp-adapt      1/1      93.75/93.75/93.75        19271       77    32.18   0.0065    14%    -0.0034    356/4002         0     0.0004       0
      primary samples 51, productive 38 (74.5%), vertices/sample 1.510
      qp 101.1 rows/call, 98% of calls reached the solver, 19271 calls
  free-env      1/1     658.25/658.25/658.25       63745     2000    37.04   0.0435    79%     0.0000      0/2050         0     0.0000       0
      primary samples 7863, productive 1937 (24.6%), vertices/sample 0.254
  qp-env        1/1      83.15/83.15/83.15        16682       77    32.25   0.0075     9%    -0.0033    359/3571         0     0.0004       0
      primary samples 51, productive 38 (74.5%), vertices/sample 1.510
      qp 100.3 rows/call, 99% of calls reached the solver, 16682 calls

table_under_pick  (1 problems, 0 skipped: 0 clearance, 0 self-collision)
  qp-fixed      1/1      57.37/57.37/57.37        11217       30     9.10   0.0051     0%     0.0001      0/1405         0     0.0025       0
      primary samples 18, productive 16 (88.9%), vertices/sample 1.667
      qp 73.5 rows/call, 77% of calls reached the solver, 11217 calls
  qp-adapt      1/1      43.85/43.85/43.85         7786       30     9.10   0.0073    14%     0.0001      0/844          0     0.0025       0
      primary samples 18, productive 16 (88.9%), vertices/sample 1.667
      qp 75.5 rows/call, 97% of calls reached the solver, 7786 calls
  free-env      1/1       5.62/5.62/5.62           400       15    16.64   0.0636    97%     0.0019      0/884          0     0.0025       0
      primary samples 36, productive 10 (27.8%), vertices/sample 0.417
  qp-env        1/1      37.35/37.35/37.35         6392       30     9.10   0.0089    12%     0.0001      0/684          0     0.0025       0
      primary samples 18, productive 16 (88.9%), vertices/sample 1.667
      qp 77.0 rows/call, 99% of calls reached the solver, 6392 calls

Hop disposition -- what set the hop's length, median over problems.
  row         floored(<1 step)    at region   edge-limited
  qp-fixed            100.0%         0.0%           0.0%
  qp-adapt             85.6%        14.2%           0.2%
  free-env              0.5%        95.0%           4.2%
  qp-env               89.7%        10.0%           0.2%

Endpoint clearance at zero margin -- min(start, goal) over all spheres.
  scene                     min    median       max affordable   problems by margin
  bookshelf_tall         0.0073    0.0073    0.0073    0.0073   0:100% 0.02:  0% 0.04:  0% 0.06:  0% 0.09:  0%
  cage                   0.0127    0.0127    0.0127    0.0127   0:100% 0.02:  0% 0.04:  0% 0.06:  0% 0.09:  0%
  table_under_pick       0.0082    0.0082    0.0082    0.0082   0:100% 0.02:  0% 0.04:  0% 0.06:  0% 0.09:  0%

all scenes  (3 problems, 0 skipped: 0 clearance, 0 self-collision)
  qp-fixed      3/3      51.99/57.37/114.91       11217       30    19.14   0.0051     0%    -0.0033    356/9375         0     0.0001       0
      primary samples 18, productive 16 (88.9%), vertices/sample 1.667
      qp 81.0 rows/call, 81% of calls reached the solver, 46060 calls
  qp-adapt      3/3      40.41/43.85/93.75         7786       30    19.15   0.0072    14%    -0.0034    356/6792         0     0.0001       0
      primary samples 18, productive 16 (88.9%), vertices/sample 1.667
      qp 81.1 rows/call, 97% of calls reached the solver, 32956 calls
  free-env      3/3       5.62/14.24/658.25         760       31    17.78   0.0636    97%     0.0000      0/3881         0     0.0000       0
      primary samples 69, productive 24 (34.8%), vertices/sample 0.417
  qp-env        3/3      32.52/37.35/83.15         6392       30    19.09   0.0089    10%    -0.0033    359/5767         0     0.0001       0
      primary samples 18, productive 16 (88.9%), vertices/sample 1.667
      qp 80.3 rows/call, 99% of calls reached the solver, 27622 calls

"samples" is checked configurations for isSafe, barrier evaluations for
the three CBF rows, and SIMD configuration lanes evaluated for VAMP. They measure
sampling work, while wall time captures the very different per-sample costs.
"unsafe/audited" evaluates exact primitive clearance at every state of the
densified solution -- for each CBF row that is the rollout the planner recorded
for each edge, replayed, so it is the motion that would actually be executed,
sampled inside each step rather than only at its boundaries. Non-zero unsafe
invalidates a row however fast it was.
"missed" counts solution edges that were not on file and had to be
re-derived; it must be zero, or the audited motion is a different trajectory
from the one the planner found.


envelope hop: 2860 filter calls, 1.230 hold queries/call, 16.3% saturated, 99.9% longer than L1, past one step 93.0% (L1 alone 50.3%), gated 89.6%, empty-active 0.0%, screen-escalated 2.9%
envelope bottleneck: world 98.5%, self-collision 1.3%, unbound 0.2% (horizon or screen clip), blocked 0.0%, joint-limit clamped 0.0%
envelope binding term:
  world rows       L1 0.1%, local-L1 0.6%, speed-capped 6.6%, isotropic-anchored 92.8% (of 2816 bound calls)
  self-pair rows   L1 0.0%, local-L1 0.0%, speed-capped 2.6%, normal-anchored 97.4% (of 38 bound calls)
local-lever screen: 123482 of 224551 expensive world rows settled before the envelope (55.0%)
span handed to the rollout, in controller steps (27622 calls):
                   <1      1-2      2-4      4-8       8+
  L1 only      94.79%     2.85%     1.28%     0.55%     0.54%
  envelope     90.37%     2.48%     2.73%     2.26%     2.17%
=== CBF profiler (wall time) ===
=== CBF filter stats ===
  calls=0  unchanged=0 (0.0%)  filtered=0 (0.0%)  blocked=0 (0.0%)
  active rows:       avg=0.00  max=0
  zero-row fast path: 0 (0.0%)
  qp iterations:     avg=0.00  max=0
  certified duration: avg=0.00000s  min=0.00000s  max=0.00000s  (over 0 non-blocked calls)
  required gain:     avg=0.000/s  max=0.000/s  p50=0.000/s  p90=0.000/s  p99=0.000/s  (over 0 calls, 0 uncertified)
