
MotionBenchMaker UR5, 60 problems loaded, up to 100 per scene
voxel 0.003 m, margin 0.0000 m + 0.0000 m filter buffer, stepSize 0.001 s, range 2.00 rad, 10.0 s limit

hop certificates: old L1 Lipschitz region and new hold-time bound
Picard: off; trajectory prefixes: 0; sequential rollout budget: 10000 calls
kappa 20.00 /s, certified step uncapped, self-collision margin 0.0000 m over 303 pairs
baseline segment: 0.000325 of extent = 0.0050 rad, rollout step 0.0050 rad (matched to the rollout)
rope shortcut off, all rows unsimplified

seed 1
  planner       solved ms(min/med/max)        samples vertices     path rad/call coarse  worst clr unsafe/audited missed worst self collide

bookshelf_small  (1 problems, 0 skipped: 0 clearance, 0 self-collision)
  qp-fixed      1/1      16.85/16.85/16.85         3201       22    15.02   0.0070     0%     0.0004      0/2051         0     0.0025       0
      primary samples 4, productive 4 (100.0%), vertices/sample 5.500
      qp 52.0 rows/call, 63% of calls reached the solver, 3201 calls
  qp-adapt      1/1       8.29/8.29/8.29          1372       23    15.02   0.0163    65%     0.0004      0/1204         0     0.0025       0
      primary samples 4, productive 4 (100.0%), vertices/sample 5.750
      qp 55.7 rows/call, 81% of calls reached the solver, 1372 calls
  free-env      1/1       3.01/3.01/3.01           185       11    13.86   0.0849    98%     0.0005      0/725          0     0.0025       0
      primary samples 15, productive 6 (40.0%), vertices/sample 0.733
  qp-env        1/1       3.98/3.98/3.98           547       19    15.03   0.0409    54%     0.0004      0/953          0     0.0025       0
      primary samples 4, productive 4 (100.0%), vertices/sample 4.750
      qp 59.5 rows/call, 90% of calls reached the solver, 547 calls

bookshelf_thin  (1 problems, 0 skipped: 0 clearance, 0 self-collision)
  qp-fixed      1/1       9.20/9.20/9.20           783        6     6.88   0.0088     0%     0.0027      0/784          0     0.0002       0
      primary samples 1, productive 1 (100.0%), vertices/sample 6.000
      qp 104.3 rows/call, 25% of calls reached the solver, 783 calls
  qp-adapt      1/1       2.89/2.89/2.89           227        6     6.88   0.0303    47%     0.0027      0/472          0     0.0002       0
      primary samples 1, productive 1 (100.0%), vertices/sample 6.000
      qp 77.6 rows/call, 74% of calls reached the solver, 227 calls
  free-env      1/1      83.95/83.95/83.95         2306       83    12.01   0.0631    93%     0.0001      0/652          0     0.0000       0
      primary samples 258, productive 78 (30.2%), vertices/sample 0.322
  qp-env        1/1       1.49/1.49/1.49           105        6     6.88   0.0655    34%     0.0027      0/403          0     0.0002       0
      primary samples 1, productive 1 (100.0%), vertices/sample 6.000
      qp 78.2 rows/call, 78% of calls reached the solver, 105 calls

cage  (1 problems, 0 skipped: 0 clearance, 0 self-collision)
  qp-fixed      1/1     644.03/644.03/644.03       96035      216    25.88   0.0044     0%    -0.0048     92/3929         0     0.0025       0
      primary samples 202, productive 136 (67.3%), vertices/sample 1.069
      qp 111.2 rows/call, 88% of calls reached the solver, 96035 calls
  qp-adapt      1/1     555.51/555.51/555.51       76004      219    25.89   0.0056    11%    -0.0048     92/3056         0     0.0025       0
      primary samples 202, productive 137 (67.8%), vertices/sample 1.084
      qp 114.8 rows/call, 98% of calls reached the solver, 76004 calls
  free-env      1/1     784.18/784.18/784.18       49541     1622    26.00   0.0466    79%     0.0000      0/1489         0     0.0000       0
      primary samples 6170, productive 1578 (25.6%), vertices/sample 0.263
  qp-env        1/1     512.35/512.35/512.35       67891      217    25.95   0.0063     8%    -0.0047     90/2607         0     0.0025       0
      primary samples 202, productive 136 (67.3%), vertices/sample 1.074
      qp 114.3 rows/call, 99% of calls reached the solver, 67891 calls

Hop disposition -- what set the hop's length, median over problems.
  row         floored(<1 step)    at region   edge-limited
  qp-fixed            100.0%         0.0%           0.0%
  qp-adapt             52.9%        45.4%           1.5%
  free-env              2.5%        93.6%           3.8%
  qp-env               65.7%        30.5%           3.1%

Endpoint clearance at zero margin -- min(start, goal) over all spheres.
  scene                     min    median       max affordable   problems by margin
  bookshelf_small        0.0028    0.0028    0.0028    0.0028   0:100% 0.02:  0% 0.04:  0% 0.06:  0% 0.09:  0%
  bookshelf_thin         0.0002    0.0002    0.0002    0.0002   0:100% 0.02:  0% 0.04:  0% 0.06:  0% 0.09:  0%
  cage                   0.0127    0.0127    0.0127    0.0127   0:100% 0.02:  0% 0.04:  0% 0.06:  0% 0.09:  0%

all scenes  (3 problems, 0 skipped: 0 clearance, 0 self-collision)
  qp-fixed      3/3       9.20/16.85/644.03        3201       22    15.02   0.0070     0%    -0.0048     92/6764         0     0.0002       0
      primary samples 4, productive 4 (100.0%), vertices/sample 5.500
      qp 104.3 rows/call, 63% of calls reached the solver, 100019 calls
  qp-adapt      3/3       2.89/8.29/555.51        1372       23    15.02   0.0163    47%    -0.0048     92/4732         0     0.0002       0
      primary samples 4, productive 4 (100.0%), vertices/sample 5.750
      qp 77.6 rows/call, 81% of calls reached the solver, 77603 calls
  free-env      3/3       3.01/83.95/784.18        2306       83    13.86   0.0631    93%     0.0000      0/2866         0     0.0000       0
      primary samples 258, productive 78 (30.2%), vertices/sample 0.322
  qp-env        3/3       1.49/3.98/512.35         547       19    15.03   0.0409    34%    -0.0047     90/3963         0     0.0002       0
      primary samples 4, productive 4 (100.0%), vertices/sample 4.750
      qp 78.2 rows/call, 90% of calls reached the solver, 68543 calls

"samples" is checked configurations for isSafe, barrier evaluations for
the three CBF rows, and SIMD configuration lanes evaluated for VAMP. They measure
sampling work, while wall time captures the very different per-sample costs.
"unsafe/audited" evaluates exact primitive clearance at every state of the
densified solution -- for each CBF row that is the rollout the planner recorded
for each edge, replayed, so it is the motion that would actually be executed,
sampled inside each step rather than only at its boundaries. Non-zero unsafe
invalidates a row however fast it was.
"missed" counts solution edges that were not on file and had to be
re-derived; it must be zero, or the audited motion is a different trajectory
from the one the planner found.


envelope hop: 6610 filter calls, 1.159 hold queries/call, 12.0% saturated, 100.0% longer than L1, past one step 88.3% (L1 alone 47.6%), gated 90.4%, empty-active 0.0%, screen-escalated 2.1%
envelope bottleneck: world 98.1%, self-collision 1.9%, unbound 0.0% (horizon or screen clip), blocked 0.0%, joint-limit clamped 0.0%
envelope binding term:
  world rows       L1 0.0%, local-L1 0.3%, speed-capped 13.4%, isotropic-anchored 86.3% (of 6484 bound calls)
  self-pair rows   L1 0.0%, local-L1 0.0%, speed-capped 0.0%, normal-anchored 100.0% (of 124 bound calls)
local-lever screen: 118907 of 210777 expensive world rows settled before the envelope (56.4%)
span handed to the rollout, in controller steps (68542 calls):
                   <1      1-2      2-4      4-8       8+
  L1 only      95.41%     2.56%     1.22%     0.44%     0.36%
  envelope     91.48%     3.13%     2.37%     1.58%     1.44%
=== CBF profiler (wall time) ===
=== CBF filter stats ===
  calls=0  unchanged=0 (0.0%)  filtered=0 (0.0%)  blocked=0 (0.0%)
  active rows:       avg=0.00  max=0
  zero-row fast path: 0 (0.0%)
  qp iterations:     avg=0.00  max=0
  certified duration: avg=0.00000s  min=0.00000s  max=0.00000s  (over 0 non-blocked calls)
  required gain:     avg=0.000/s  max=0.000/s  p50=0.000/s  p90=0.000/s  p99=0.000/s  (over 0 calls, 0 uncertified)
