
MotionBenchMaker UR5, 689 problems loaded, up to 100 per scene
closed-form box/cylinder field (no grid), margin 0.0600 m + 0.0050 m filter buffer, stepSize 0.050 s, range 2.00 rad, 5.0 s limit

gamma 0.40 (self 0.40), certified step uncapped, self-collision margin 0.0000 m over 303 pairs
baseline segment: 0.001624 of extent = 0.0250 rad, rollout step 0.0250 rad (matched to the rollout)
tree growth: plain RRTConnect (dynamic domain + balance off) (both rows share one planner type; see RRTConnectDD.h)

  planner       solved ms(min/med/max)          evals vertices rad/call coarse  worst clr unsafe/audited missed worst self collide

bookshelf_small  (96 problems, 96 skipped: start or goal inside the margin)
  rrtconnect    0/0       0.00/0.00/0.00             0        0        -      -          -              -      -          -       -
  cbf-rrtc      0/0       0.00/0.00/0.00             0        0        -      -          -              -      -          -       -

bookshelf_tall  (95 problems, 95 skipped: start or goal inside the margin)
  rrtconnect    0/0       0.00/0.00/0.00             0        0        -      -          -              -      -          -       -
  cbf-rrtc      0/0       0.00/0.00/0.00             0        0        -      -          -              -      -          -       -

bookshelf_thin  (99 problems, 99 skipped: start or goal inside the margin)
  rrtconnect    0/0       0.00/0.00/0.00             0        0        -      -          -              -      -          -       -
  cbf-rrtc      0/0       0.00/0.00/0.00             0        0        -      -          -              -      -          -       -

box  (100 problems, 13 skipped: start or goal inside the margin)
  rrtconnect   87/87      0.54/3.02/25.46         2033       25        -      -     0.0001      0/64276        0     0.0025       0
  cbf-rrtc     87/87      0.30/1.94/23.44          551       11   0.0352    12%    -0.0150    187/57572        0     0.0010       0

cage  (100 problems, 100 skipped: start or goal inside the margin)
  rrtconnect    0/0       0.00/0.00/0.00             0        0        -      -          -              -      -          -       -
  cbf-rrtc      0/0       0.00/0.00/0.00             0        0        -      -          -              -      -          -       -

table_pick  (100 problems, 100 skipped: start or goal inside the margin)
  rrtconnect    0/0       0.00/0.00/0.00             0        0        -      -          -              -      -          -       -
  cbf-rrtc      0/0       0.00/0.00/0.00             0        0        -      -          -              -      -          -       -

table_under_pick  (99 problems, 99 skipped: start or goal inside the margin)
  rrtconnect    0/0       0.00/0.00/0.00             0        0        -      -          -              -      -          -       -
  cbf-rrtc      0/0       0.00/0.00/0.00             0        0        -      -          -              -      -          -       -

Endpoint clearance at zero margin -- min(start, goal) over all spheres.
  scene                     min    median       max affordable   problems by margin
  bookshelf_small       -0.0243    0.0050    0.0106   -0.0243   0: 70% 0.02:  0% 0.04:  0% 0.06:  0% 0.09:  0%
  bookshelf_tall        -0.0243    0.0040    0.0110   -0.0243   0: 69% 0.02:  0% 0.04:  0% 0.06:  0% 0.09:  0%
  bookshelf_thin        -0.0243    0.0044    0.0109   -0.0243   0: 68% 0.02:  0% 0.04:  0% 0.06:  0% 0.09:  0%
  box                    0.0074    0.0127    0.0127    0.0074   0:100% 0.02:  0% 0.04:  0% 0.06:  0% 0.09:  0%
  cage                   0.0012    0.0127    0.0127    0.0012   0:100% 0.02:  0% 0.04:  0% 0.06:  0% 0.09:  0%
  table_pick             0.0044    0.0080    0.0083    0.0044   0:100% 0.02:  0% 0.04:  0% 0.06:  0% 0.09:  0%
  table_under_pick      -0.0227    0.0079    0.0083   -0.0227   0: 73% 0.02:  0% 0.04:  0% 0.06:  0% 0.09:  0%

all scenes  (689 problems, 602 skipped)
  rrtconnect   87/87      0.54/3.02/25.46         2033       25        -      -     0.0001      0/64276        0     0.0025       0
  cbf-rrtc     87/87      0.30/1.94/23.44          551       11   0.0352    12%    -0.0150    187/57572        0     0.0010       0

"evals" is collision checks for rrtconnect and filter calls for cbf-rrtc.
"unsafe/audited" evaluates the unbuffered barrier at every state of the
densified solution -- for cbf-rrtc that is the rollout the planner recorded
for each edge, replayed, so it is the motion that would actually be executed,
sampled inside each step rather than only at its boundaries. Non-zero unsafe
invalidates a row however fast it was.
"missed" counts solution edges that were not on file and had to be
re-derived; it must be zero, or the audited motion is a different trajectory
from the one the planner found.

=== CBF profiler (wall time) ===
  evaluate_screened    total=   0.1729s  calls=   75073  avg=    2.303us
  sdf_query            total=   0.0989s  calls=  137990  avg=    0.717us
  qp_solve             total=   0.0601s  calls=   67787  avg=    0.886us
  certified_duration   total=   0.0316s  calls=   75064  avg=    0.421us
  self_collision       total=   0.0297s  calls=   75073  avg=    0.396us
=== CBF filter stats ===
  calls=75073  unchanged=14103 (18.8%)  filtered=60961 (81.2%)  blocked=9 (0.0%)
  active rows:       avg=15.85  max=58
  zero-row fast path: 7286 (9.7%)
  qp iterations:     avg=2.08  max=15
  certified duration: avg=0.01258s  min=0.00000s  max=0.67290s  (over 75064 non-blocked calls)
