
MotionBenchMaker UR5, 689 problems loaded, up to 100 per scene
voxel 0.003 m, margin 0.0000 m + 0.0030 m filter buffer, stepSize 0.001 s, range 2.00 rad, 10.0 s limit

hop certificates: old L1 Lipschitz region and new hold-time bound
Picard: off; trajectory prefixes: 0; sequential rollout budget: 10000 calls
kappa 20.00 /s, certified step uncapped, self-collision margin 0.0000 m over 303 pairs
baseline segment: 0.000650 of extent = 0.0100 rad, rollout step 0.0100 rad (matched to the rollout)
rope shortcut off, all rows unsimplified

seed 1
  planner       solved ms(min/med/max)        samples vertices     path rad/call coarse  worst clr unsafe/audited missed worst self collide

bookshelf_small  (14 problems, 1 skipped: 1 clearance, 0 self-collision)
  rrtconnect   12/13      1.35/22.01/10000.05       9302       46    12.20        -      -     0.0015      0/7603         0     0.0025       0
      primary samples 258, productive 42 (16.3%), vertices/sample 0.167
  qp-fixed     12/13      2.45/9.31/10001.39       1184       11    10.61   0.0113     0%     0.0025      0/10788        0     0.0025       0
      primary samples 3, productive 3 (100.0%), vertices/sample 4.000
      qp 284.6 rows/call, 68% of calls reached the solver, 1209051 calls
  qp-plain     12/13      2.74/10.13/10000.55       1184       11    10.61   0.0113     0%     0.0025      0/10788        0     0.0025       0
      primary samples 3, productive 3 (100.0%), vertices/sample 4.000
      qp 343.0 rows/call, 100% of calls reached the solver, 1212426 calls
  qp-adapt     12/13      0.36/6.76/10000.66        773       11    10.60   0.0192    26%     0.0023      0/9571         0     0.0025       0
      primary samples 3, productive 3 (100.0%), vertices/sample 4.000
      qp 300.6 rows/call, 91% of calls reached the solver, 1136150 calls
  qp-free      12/13      2.31/161.72/10000.14      27677       71    16.48   0.0042     0%     0.0039      0/16431        0     0.0025       0
      primary samples 258, productive 67 (26.0%), vertices/sample 0.275
  qp-env       12/13      0.24/4.18/10001.36        426       11    10.25   0.0270    26%     0.0027      0/8891         0     0.0025       0
      primary samples 3, productive 3 (100.0%), vertices/sample 4.250
      qp 298.4 rows/call, 93% of calls reached the solver, 1127202 calls

bookshelf_tall  (14 problems, 4 skipped: 0 clearance, 4 self-collision)
  rrtconnect    9/10      1.56/28.29/10000.13      11819       60    13.74        -      -     0.0024      0/6162         0     0.0025       0
      primary samples 412, productive 56 (13.6%), vertices/sample 0.157
  qp-fixed      9/10      2.41/11.14/10001.56       1380       18    10.48   0.0110     0%     0.0027      0/6923         0     0.0025       0
      primary samples 4, productive 3 (75.0%), vertices/sample 5.000
      qp 285.2 rows/call, 83% of calls reached the solver, 1196435 calls
  qp-plain      9/10      2.37/11.61/10001.42       1380       18    10.48   0.0110     0%     0.0027      0/6923         0     0.0025       0
      primary samples 4, productive 3 (75.0%), vertices/sample 5.000
      qp 343.0 rows/call, 100% of calls reached the solver, 1194665 calls
  qp-adapt      9/10      1.47/8.09/10000.26        896       18    10.48   0.0188    22%     0.0027      0/6066         0     0.0025       0
      primary samples 4, productive 3 (75.0%), vertices/sample 4.500
      qp 302.2 rows/call, 95% of calls reached the solver, 1119683 calls
  qp-free       9/10     12.17/165.14/10000.36      29021       67    14.25   0.0038     0%     0.0030      0/14963        0     0.0025       0
      primary samples 284, productive 60 (21.1%), vertices/sample 0.288
  qp-env        9/10      0.78/6.08/10001.62        612       16    10.48   0.0259    17%     0.0026      0/5535         0     0.0025       0
      primary samples 4, productive 3 (75.0%), vertices/sample 4.500
      qp 302.3 rows/call, 97% of calls reached the solver, 1120997 calls

bookshelf_thin  (14 problems, 6 skipped: 1 clearance, 5 self-collision)
  rrtconnect    7/8       2.63/9.69/10000.12       4154       22    13.08        -      -     0.0011      0/4595         0     0.0025       0
      primary samples 74, productive 19 (25.7%), vertices/sample 0.358
  qp-fixed      7/8       2.72/9.81/10002.12       1249       10     7.05   0.0121     0%     0.0030      0/5054         0     0.0025       0
      primary samples 3, productive 3 (100.0%), vertices/sample 6.000
      qp 272.3 rows/call, 58% of calls reached the solver, 1213425 calls
  qp-plain      7/8       2.81/10.79/10000.28       1249       10     7.05   0.0121     0%     0.0030      0/5054         0     0.0025       0
      primary samples 3, productive 3 (100.0%), vertices/sample 6.000
      qp 343.0 rows/call, 100% of calls reached the solver, 1208553 calls
  qp-adapt      7/8       1.30/5.80/10000.85        624       10     7.07   0.0252    24%     0.0030      0/4373         0     0.0025       0
      primary samples 3, productive 3 (100.0%), vertices/sample 6.000
      qp 283.4 rows/call, 86% of calls reached the solver, 1139263 calls
  qp-free       7/8      26.31/130.93/10000.67      21801       62    15.81   0.0047     0%     0.0044      0/9719         0     0.0025       0
      primary samples 196, productive 49 (25.0%), vertices/sample 0.356
  qp-env        7/8       1.03/4.54/10001.28        485       10     7.09   0.0351    19%     0.0030      0/4050         0     0.0025       0
      primary samples 3, productive 3 (100.0%), vertices/sample 6.000
      qp 279.9 rows/call, 94% of calls reached the solver, 1121813 calls

box  (14 problems, 0 skipped: 0 clearance, 0 self-collision)
  rrtconnect   14/14      2.41/5.46/12.79         2291       13    13.97        -      -     0.0016      0/8961         0     0.0025       0
      primary samples 40, productive 9 (22.5%), vertices/sample 0.377
  qp-fixed     14/14      3.07/6.73/76.31          901       12     8.10   0.0118     0%     0.0031      0/11967        0     0.0025       0
      primary samples 2, productive 2 (100.0%), vertices/sample 4.000
      qp 252.7 rows/call, 58% of calls reached the solver, 24478 calls
  qp-plain     14/14      3.68/7.39/80.14          901       12     8.10   0.0118     0%     0.0031      0/11967        0     0.0025       0
      primary samples 2, productive 2 (100.0%), vertices/sample 4.000
      qp 343.0 rows/call, 100% of calls reached the solver, 24478 calls
  qp-adapt     14/14      1.21/3.20/54.32          391       12     8.10   0.0330    50%     0.0031      0/9836         0     0.0025       0
      primary samples 2, productive 2 (100.0%), vertices/sample 4.000
      qp 271.3 rows/call, 87% of calls reached the solver, 13566 calls
  qp-free      14/14     11.89/52.57/151.36        8997       28    13.15   0.0048     0%     0.0036      0/18556        0     0.0025       0
      primary samples 50, productive 21 (42.0%), vertices/sample 0.543
  qp-env       14/14      0.63/2.54/12.02          284       11     8.10   0.0643    46%     0.0031      0/8263         0     0.0025       0
      primary samples 2, productive 2 (100.0%), vertices/sample 4.000
      qp 278.0 rows/call, 90% of calls reached the solver, 5608 calls

cage  (14 problems, 0 skipped: 0 clearance, 0 self-collision)
  rrtconnect   14/14     47.58/244.61/949.28      104610      611    22.41        -      -     0.0003      0/14614        0     0.0000       0
      primary samples 5622, productive 608 (10.8%), vertices/sample 0.111
  qp-fixed     14/14      8.91/112.47/542.66       13954       70    20.65   0.0089     0%     0.0016      0/24893        0     0.0025       0
      primary samples 52, productive 39 (75.0%), vertices/sample 1.556
      qp 268.3 rows/call, 91% of calls reached the solver, 272393 calls
  qp-plain     14/14      9.28/119.54/619.92       13954       70    20.65   0.0089     0%     0.0016      0/24893        0     0.0025       0
      primary samples 52, productive 39 (75.0%), vertices/sample 1.556
      qp 343.0 rows/call, 100% of calls reached the solver, 272393 calls
  qp-adapt     14/14      5.18/106.22/510.55       12338       90    20.64   0.0123    25%     0.0008      0/20760        0     0.0025       0
      primary samples 62, productive 41 (66.1%), vertices/sample 1.556
      qp 268.6 rows/call, 98% of calls reached the solver, 226865 calls
  qp-free      14/14    967.66/2484.76/8917.17     431829      767    26.47   0.0028     0%     0.0046      0/36234        0     0.0025       0
      primary samples 3675, productive 740 (20.1%), vertices/sample 0.194
  qp-env       14/14      4.52/81.80/447.07        9046       92    23.30   0.0166    20%     0.0004      0/19960        0     0.0025       0
      primary samples 62, productive 48 (77.4%), vertices/sample 1.539
      qp 266.4 rows/call, 98% of calls reached the solver, 193970 calls

table_pick  (14 problems, 0 skipped: 0 clearance, 0 self-collision)
  rrtconnect   14/14      1.69/3.90/19.57         1577       10    10.69        -      -     0.0004      0/7668         0     0.0025       0
      primary samples 20, productive 6 (30.0%), vertices/sample 0.500
  qp-fixed     14/14      2.71/4.74/29.88          695        7     7.75   0.0119     0%     0.0030      0/9372         0     0.0025       0
      primary samples 1, productive 1 (100.0%), vertices/sample 7.000
      qp 258.3 rows/call, 50% of calls reached the solver, 12191 calls
  qp-plain     14/14      3.34/5.38/31.02          695        7     7.75   0.0119     0%     0.0030      0/9372         0     0.0025       0
      primary samples 1, productive 1 (100.0%), vertices/sample 7.000
      qp 343.0 rows/call, 100% of calls reached the solver, 12191 calls
  qp-adapt     14/14      0.63/2.16/25.11          300        7     7.78   0.0268    38%     0.0031      0/7508         0     0.0025       0
      primary samples 1, productive 1 (100.0%), vertices/sample 7.000
      qp 276.3 rows/call, 87% of calls reached the solver, 7043 calls
  qp-free      14/14      4.85/36.56/250.17        6207       21    11.37   0.0063     0%     0.0039      0/14015        0     0.0025       0
      primary samples 53, productive 16 (30.2%), vertices/sample 0.547
  qp-env       14/14      0.45/1.78/7.51           226        7     8.18   0.0433    47%     0.0031      0/6975         0     0.0025       0
      primary samples 1, productive 1 (100.0%), vertices/sample 7.000
      qp 280.0 rows/call, 90% of calls reached the solver, 3364 calls

table_under_pick  (14 problems, 4 skipped: 0 clearance, 4 self-collision)
  rrtconnect    9/10      3.57/6.42/10000.15       2648       15    15.44        -      -     0.0003      0/7147         0     0.0025       0
      primary samples 56, productive 10 (17.9%), vertices/sample 0.327
  qp-fixed      9/10      5.74/32.63/10000.55       3957       32    13.39   0.0097     0%     0.0030      0/13977        0     0.0025       0
      primary samples 13, productive 13 (100.0%), vertices/sample 2.400
      qp 273.1 rows/call, 89% of calls reached the solver, 1240328 calls
  qp-plain      9/10      5.82/33.77/10000.24       3957       32    13.39   0.0097     0%     0.0030      0/13977        0     0.0025       0
      primary samples 13, productive 13 (100.0%), vertices/sample 2.400
      qp 343.0 rows/call, 100% of calls reached the solver, 1229266 calls
  qp-adapt      9/10      3.84/30.06/10000.46       3185       32    13.38   0.0132    24%     0.0031      0/11919        0     0.0025       0
      primary samples 13, productive 13 (100.0%), vertices/sample 2.400
      qp 279.8 rows/call, 95% of calls reached the solver, 1146972 calls
  qp-free       9/10     17.18/58.23/10000.38       9789       29    14.38   0.0049     0%     0.0044      0/12820        0     0.0025       0
      primary samples 77, productive 22 (28.6%), vertices/sample 0.500
  qp-env        9/10      3.01/21.64/10000.24       2301       32    13.37   0.0176    20%     0.0030      0/11618        0     0.0025       0
      primary samples 13, productive 13 (100.0%), vertices/sample 2.400
      qp 275.9 rows/call, 96% of calls reached the solver, 1133811 calls

Hop disposition -- what set the hop's length, median over problems.
  row         floored(<1 step)    at region   edge-limited
  qp-fixed            100.0%         0.0%           0.0%
  qp-plain            100.0%         0.0%           0.0%
  qp-adapt             74.0%        25.3%           0.8%
  qp-free             100.0%         0.0%           0.0%
  qp-env               79.5%        19.6%           1.3%

Endpoint clearance at zero margin -- min(start, goal) over all spheres.
  scene                     min    median       max affordable   problems by margin
  bookshelf_small        0.0027    0.0064    0.0102    0.0027   0:100% 0.02:  0% 0.04:  0% 0.06:  0% 0.09:  0%
  bookshelf_tall        -0.0224    0.0057    0.0110   -0.0224   0: 71% 0.02:  0% 0.04:  0% 0.06:  0% 0.09:  0%
  bookshelf_thin        -0.0211    0.0045    0.0104   -0.0211   0: 64% 0.02:  0% 0.04:  0% 0.06:  0% 0.09:  0%
  box                    0.0127    0.0127    0.0127    0.0127   0:100% 0.02:  0% 0.04:  0% 0.06:  0% 0.09:  0%
  cage                   0.0126    0.0127    0.0127    0.0126   0:100% 0.02:  0% 0.04:  0% 0.06:  0% 0.09:  0%
  table_pick             0.0076    0.0081    0.0082    0.0076   0:100% 0.02:  0% 0.04:  0% 0.06:  0% 0.09:  0%
  table_under_pick      -0.0221    0.0079    0.0082   -0.0221   0: 71% 0.02:  0% 0.04:  0% 0.06:  0% 0.09:  0%

all scenes  (98 problems, 15 skipped: 2 clearance, 13 self-collision)
  rrtconnect   79/83      1.35/10.31/10000.15       4255       23    13.99        -      -     0.0003      0/56750        0     0.0000       0
      primary samples 74, productive 19 (25.7%), vertices/sample 0.235
  qp-fixed     79/83      2.41/10.12/10002.12       1380       12    10.48   0.0110     0%     0.0016      0/82974        0     0.0025       0
      primary samples 3, productive 3 (100.0%), vertices/sample 3.750
      qp 268.2 rows/call, 70% of calls reached the solver, 5168301 calls
  qp-plain     79/83      2.37/11.40/10001.42       1380       12    10.48   0.0110     0%     0.0016      0/82974        0     0.0025       0
      primary samples 3, productive 3 (100.0%), vertices/sample 3.750
      qp 343.0 rows/call, 100% of calls reached the solver, 5153972 calls
  qp-adapt     79/83      0.36/6.83/10000.85        780       12    10.60   0.0188    26%     0.0008      0/70033        0     0.0025       0
      primary samples 4, productive 3 (75.0%), vertices/sample 3.667
      qp 276.3 rows/call, 92% of calls reached the solver, 4789542 calls
  qp-free      79/83      2.31/105.35/10000.67      17440       49    15.03   0.0043     0%     0.0030      0/122738       0     0.0025       0
      primary samples 135, productive 41 (30.4%), vertices/sample 0.364
  qp-env       79/83      0.24/4.60/10001.62        512       12    10.44   0.0268    20%     0.0004      0/65292        0     0.0025       0
      primary samples 3, productive 3 (100.0%), vertices/sample 4.000
      qp 279.9 rows/call, 94% of calls reached the solver, 4706765 calls

"samples" is checked configurations for isSafe, barrier evaluations for
the three CBF rows, and SIMD configuration lanes evaluated for VAMP. They measure
sampling work, while wall time captures the very different per-sample costs.
"unsafe/audited" evaluates exact primitive clearance at every state of the
densified solution -- for each CBF row that is the rollout the planner recorded
for each edge, replayed, so it is the motion that would actually be executed,
sampled inside each step rather than only at its boundaries. Non-zero unsafe
invalidates a row however fast it was.
"missed" counts solution edges that were not on file and had to be
re-derived; it must be zero, or the audited motion is a different trajectory
from the one the planner found.


envelope hop: 81626 filter calls, 1.480 hold queries/call, 30.6% saturated, 100.0% longer than L1, past one step 95.2% (L1 alone 55.9%), gated 98.3%, empty-active 0.0%, screen-escalated 2.8%
envelope bottleneck: world 85.5%, self-collision 14.3%, unbound 0.2% (horizon or screen clip), blocked 0.0%, joint-limit clamped 0.0%
envelope binding term:
  world rows       L1 0.0%, local-L1 1.5%, speed-capped 3.6%, isotropic-anchored 94.8% (of 69791 bound calls)
  self-pair rows   L1 0.0%, local-L1 0.0%, speed-capped 0.0%, normal-anchored 100.0% (of 11634 bound calls)
local-lever screen: 720982 of 1172193 expensive world rows settled before the envelope (61.5%)
span handed to the rollout, in controller steps (4706752 calls):
                   <1      1-2      2-4      4-8       8+
  L1 only      99.03%     0.43%     0.25%     0.16%     0.13%
  envelope     98.35%     0.30%     0.38%     0.30%     0.67%
=== CBF profiler (wall time) ===
=== CBF filter stats ===
  calls=0  unchanged=0 (0.0%)  filtered=0 (0.0%)  blocked=0 (0.0%)
  active rows:       avg=0.00  max=0
  zero-row fast path: 0 (0.0%)
  qp iterations:     avg=0.00  max=0
  certified duration: avg=0.00000s  min=0.00000s  max=0.00000s  (over 0 non-blocked calls)
  required gain:     avg=0.000/s  max=0.000/s  p50=0.000/s  p90=0.000/s  p99=0.000/s  (over 0 calls, 0 uncertified)
