
MotionBenchMaker UR5, 140 problems loaded, up to 20 per scene
voxel 0.030 m, margin 0.0040 m + 0.0050 m filter buffer, stepSize 0.050 s, range 2.00 rad, 5.0 s limit

hop certificate: safe (region)
kappa 20.00 /s, certified step capped, self-collision margin 0.0000 m over 303 pairs
baseline segment: 0.001624 of extent = 0.0250 rad, rollout step 0.0250 rad (matched to the rollout)
rope shortcut off, all rows unsimplified

seed 5
  planner       solved ms(min/med/max)        samples vertices     path rad/call coarse  worst clr unsafe/audited missed worst self collide

bookshelf_small  (20 problems, 0 skipped: 0 clearance, 0 self-collision)
  rrtconnect   20/20      0.20/2.07/38.73         2467       27    12.18        -      -    -0.0044     45/12334        0     0.0025       0
  cbf-rrtc     20/20      0.21/0.61/2.98           292        9     7.91   0.0327     0%    -0.0047    152/11694        0     0.0025       0
  vamp-rrtc    20/20      0.02/0.09/3.73          5800       24    12.95        -      -    -0.0045    116/13146        0     0.0022       0

bookshelf_tall  (20 problems, 0 skipped: 0 clearance, 0 self-collision)
  rrtconnect   20/20      0.33/1.37/19.68         1605       21    12.73        -      -    -0.0038     97/12709        0     0.0025       0
  cbf-rrtc     20/20      0.19/1.33/2.86           581       15     9.72   0.0291     0%    -0.0067     70/12513        0     0.0025       0
  vamp-rrtc    20/20      0.03/0.11/0.70          2676       21    15.97        -      -    -0.0039    101/14846        0     0.0002       0

bookshelf_thin  (20 problems, 0 skipped: 0 clearance, 0 self-collision)
  rrtconnect   20/20      0.24/1.68/29.41         1993       24    11.84        -      -    -0.0036     23/12546        0     0.0025       0
  cbf-rrtc     20/20      0.26/0.79/7.27           385       11     8.77   0.0309     0%    -0.0106    178/12664        0     0.0025       0
  vamp-rrtc    20/20      0.03/0.18/2.43          4546       24    14.59        -      -    -0.0056     35/14270        0     0.0010       0

box  (20 problems, 0 skipped: 0 clearance, 0 self-collision)
  rrtconnect   20/20      0.16/0.62/5.05           707       11     9.58        -      -    -0.0014      3/9337         0     0.0025       0
  cbf-rrtc     20/20      0.25/0.87/4.98           409       12     9.13   0.0303     0%    -0.0024      3/11790        0     0.0025       0
  vamp-rrtc    20/20      0.02/0.04/0.28          1176       10    11.13        -      -    -0.0048      3/11593        0     0.0025       0

cage  (20 problems, 0 skipped: 0 clearance, 0 self-collision)
  rrtconnect   20/20      6.83/54.20/327.55       59121      782    25.29        -      -    -0.0024     17/23689        0     0.0020       0
  cbf-rrtc     20/20      4.15/15.56/49.28         6261      100    21.92   0.0251     0%    -0.0141     87/26518        0     0.0010       0
  vamp-rrtc    20/20      0.36/6.22/216.89      213313      705    21.91        -      -    -0.0038     97/20969        0     0.0003       0

table_pick  (20 problems, 0 skipped: 0 clearance, 0 self-collision)
  rrtconnect   20/20      0.19/0.68/3.00           810       11    10.29        -      -    -0.0052     37/10377        0     0.0025       0
  cbf-rrtc     20/20      0.17/0.41/0.95           252        9     7.59   0.0313     0%    -0.0028     10/9097         0     0.0025       0
  vamp-rrtc    20/20      0.02/0.06/0.26          1464       11    10.59        -      -    -0.0038     39/10542        0     0.0025       0

table_under_pick  (20 problems, 0 skipped: 0 clearance, 0 self-collision)
  rrtconnect   20/20      0.36/0.77/3.68           887       12    13.22        -      -    -0.0054     19/12894        0     0.0025       0
  cbf-rrtc     20/20      0.27/2.16/7.85           942       22    12.79   0.0278     0%    -0.0053    221/17127        0     0.0025       0
  vamp-rrtc    20/20      0.03/0.06/0.18          1758       12    13.32        -      -    -0.0038     63/13030        0     0.0025       0

Endpoint clearance at zero margin -- min(start, goal) over all spheres.
  scene                     min    median       max affordable   problems by margin
  bookshelf_small        0.0027    0.0088    0.0126    0.0027   0:100% 0.02:  0% 0.04:  0% 0.06:  0% 0.09:  0%
  bookshelf_tall         0.0040    0.0075    0.0121    0.0040   0:100% 0.02:  0% 0.04:  0% 0.06:  0% 0.09:  0%
  bookshelf_thin         0.0045    0.0071    0.0122    0.0045   0:100% 0.02:  0% 0.04:  0% 0.06:  0% 0.09:  0%
  box                    0.0082    0.0127    0.0127    0.0082   0:100% 0.02:  0% 0.04:  0% 0.06:  0% 0.09:  0%
  cage                   0.0100    0.0127    0.0127    0.0100   0:100% 0.02:  0% 0.04:  0% 0.06:  0% 0.09:  0%
  table_pick             0.0085    0.0092    0.0101    0.0085   0:100% 0.02:  0% 0.04:  0% 0.06:  0% 0.09:  0%
  table_under_pick       0.0056    0.0090    0.0099    0.0056   0:100% 0.02:  0% 0.04:  0% 0.06:  0% 0.09:  0%

all scenes  (140 problems, 0 skipped: 0 clearance, 0 self-collision)
  rrtconnect  140/140     0.16/1.34/327.55        1555       19    11.84        -      -    -0.0054    241/93886        0     0.0020       0
  cbf-rrtc    140/140     0.17/1.08/49.28          461       13     9.39   0.0293     0%    -0.0141    721/101403       0     0.0010       0
  vamp-rrtc   140/140     0.02/0.09/216.89        2817       17    12.95        -      -    -0.0056    454/98396        0     0.0002       0

"samples" is checked configurations for isSafe, barrier evaluations for
bubbleCBF, and SIMD configuration lanes evaluated for VAMP. They measure
sampling work, while wall time captures the very different per-sample costs.
"unsafe/audited" evaluates exact primitive clearance at every state of the
densified solution -- for cbf-rrtc that is the rollout the planner recorded
for each edge, replayed, so it is the motion that would actually be executed,
sampled inside each step rather than only at its boundaries. Non-zero unsafe
invalidates a row however fast it was.
"missed" counts solution edges that were not on file and had to be
re-derived; it must be zero, or the audited motion is a different trajectory
from the one the planner found.

=== CBF profiler (wall time) ===
=== CBF filter stats ===
  calls=0  unchanged=0 (0.0%)  filtered=0 (0.0%)  blocked=0 (0.0%)
  active rows:       avg=0.00  max=0
  zero-row fast path: 0 (0.0%)
  qp iterations:     avg=0.00  max=0
  certified duration: avg=0.00000s  min=0.00000s  max=0.00000s  (over 0 non-blocked calls)
wall 6.41 s
