
MotionBenchMaker UR5, 33 problems loaded, up to 100 per scene
voxel 0.003 m, margin 0.0000 m + 0.0000 m filter buffer, stepSize 0.001 s, range 2.00 rad, 10.0 s limit

hop certificates: old L1 Lipschitz region and new hold-time bound
Picard: off; trajectory prefixes: 0; sequential rollout budget: 10000 calls
kappa 20.00 /s, certified step uncapped, self-collision margin 0.0000 m over 303 pairs
baseline segment: 0.000650 of extent = 0.0100 rad, rollout step 0.0100 rad (matched to the rollout)
rope shortcut off, all rows unsimplified

seed 1
  planner       solved ms(min/med/max)        samples vertices     path rad/call coarse  worst clr unsafe/audited missed worst self collide

table_under_pick  (1 problems, 0 skipped: 0 clearance, 0 self-collision)
  rrtconnect    1/1       6.34/6.34/6.34          1146        8    10.64        -      -     0.0063      0/534          0     0.0025       0
      primary samples 29, productive 3 (10.3%), vertices/sample 0.276
  qp-fixed      1/1      55.78/55.78/55.78         4838       28    18.87   0.0093     0%     0.0001      0/1681         0     0.0010       0
      primary samples 14, productive 13 (92.9%), vertices/sample 2.000
      qp 281.3 rows/call, 95% of calls reached the solver, 4838 calls
  qp-adapt      1/1      42.14/42.14/42.14         3443       28    18.88   0.0129    26%     0.0001      0/1408         0     0.0010       0
      primary samples 14, productive 13 (92.9%), vertices/sample 2.000
      qp 283.9 rows/call, 98% of calls reached the solver, 3443 calls
  qp-env        1/1      32.69/32.69/32.69         2578       28    18.91   0.0175    20%     0.0001      0/1294         0     0.0010       0
      primary samples 14, productive 13 (92.9%), vertices/sample 2.000
      qp 284.9 rows/call, 99% of calls reached the solver, 2578 calls
  vamp-rrtc     1/1       0.09/0.09/0.09          1898        8    10.64        -      -     0.0063      0/534          0     0.0025       0
      primary samples 0, productive 0 (0.0%), vertices/sample 0.000

Hop disposition -- what set the hop's length, median over problems.
  row         floored(<1 step)    at region   edge-limited
  qp-fixed            100.0%         0.0%           0.0%
  qp-adapt             74.3%        25.3%           0.4%
  qp-env               79.6%        19.9%           0.6%

Endpoint clearance at zero margin -- min(start, goal) over all spheres.
  scene                     min    median       max affordable   problems by margin
  table_under_pick       0.0080    0.0080    0.0080    0.0080   0:100% 0.02:  0% 0.04:  0% 0.06:  0% 0.09:  0%

all scenes  (1 problems, 0 skipped: 0 clearance, 0 self-collision)
  rrtconnect    1/1       6.34/6.34/6.34          1146        8    10.64        -      -     0.0063      0/534          0     0.0025       0
      primary samples 29, productive 3 (10.3%), vertices/sample 0.276
  qp-fixed      1/1      55.78/55.78/55.78         4838       28    18.87   0.0093     0%     0.0001      0/1681         0     0.0010       0
      primary samples 14, productive 13 (92.9%), vertices/sample 2.000
      qp 281.3 rows/call, 95% of calls reached the solver, 4838 calls
  qp-adapt      1/1      42.14/42.14/42.14         3443       28    18.88   0.0129    26%     0.0001      0/1408         0     0.0010       0
      primary samples 14, productive 13 (92.9%), vertices/sample 2.000
      qp 283.9 rows/call, 98% of calls reached the solver, 3443 calls
  qp-env        1/1      32.69/32.69/32.69         2578       28    18.91   0.0175    20%     0.0001      0/1294         0     0.0010       0
      primary samples 14, productive 13 (92.9%), vertices/sample 2.000
      qp 284.9 rows/call, 99% of calls reached the solver, 2578 calls
  vamp-rrtc     1/1       0.09/0.09/0.09          1898        8    10.64        -      -     0.0063      0/534          0     0.0025       0
      primary samples 0, productive 0 (0.0%), vertices/sample 0.000

"samples" is checked configurations for isSafe, barrier evaluations for
the three CBF rows, and SIMD configuration lanes evaluated for VAMP. They measure
sampling work, while wall time captures the very different per-sample costs.
"unsafe/audited" evaluates exact primitive clearance at every state of the
densified solution -- for each CBF row that is the rollout the planner recorded
for each edge, replayed, so it is the motion that would actually be executed,
sampled inside each step rather than only at its boundaries. Non-zero unsafe
invalidates a row however fast it was.
"missed" counts solution edges that were not on file and had to be
re-derived; it must be zero, or the audited motion is a different trajectory
from the one the planner found.


envelope hop: 559 filter calls, 1.143 hold queries/call, 12.2% saturated, 100.0% longer than L1, past one step 94.3% (L1 alone 50.4%), gated 78.3%, empty-active 0.0%, screen-escalated 0.4%
envelope bottleneck: world 98.6%, self-collision 1.4%, unbound 0.0% (horizon or screen clip), blocked 0.0%, joint-limit clamped 0.0%
envelope binding term:
  world rows       L1 0.0%, local-L1 0.5%, speed-capped 10.7%, isotropic-anchored 88.7% (of 551 bound calls)
  self-pair rows   L1 0.0%, local-L1 0.0%, speed-capped 0.0%, normal-anchored 100.0% (of 8 bound calls)
local-lever screen: 1801 of 3362 expensive world rows settled before the envelope (53.6%)
span handed to the rollout, in controller steps (2578 calls):
                   <1      1-2      2-4      4-8       8+
  L1 only      89.06%     7.49%     2.44%     0.74%     0.27%
  envelope     79.56%     5.39%     8.42%     3.53%     3.10%
=== CBF profiler (wall time) ===
=== CBF filter stats ===
  calls=0  unchanged=0 (0.0%)  filtered=0 (0.0%)  blocked=0 (0.0%)
  active rows:       avg=0.00  max=0
  zero-row fast path: 0 (0.0%)
  qp iterations:     avg=0.00  max=0
  certified duration: avg=0.00000s  min=0.00000s  max=0.00000s  (over 0 non-blocked calls)
  required gain:     avg=0.000/s  max=0.000/s  p50=0.000/s  p90=0.000/s  p99=0.000/s  (over 0 calls, 0 uncertified)
