
MotionBenchMaker UR5, 33 problems loaded, up to 100 per scene
voxel 0.003 m, margin 0.0000 m + 0.0000 m filter buffer, stepSize 0.001 s, range 2.00 rad, 10.0 s limit

hop certificates: old L1 Lipschitz region and new hold-time bound
Picard: off; trajectory prefixes: 0; sequential rollout budget: 10000 calls
kappa 20.00 /s, certified step uncapped, self-collision margin 0.0000 m over 303 pairs
baseline segment: 0.000650 of extent = 0.0100 rad, rollout step 0.0100 rad (matched to the rollout)
rope shortcut off, all rows unsimplified

seed 1
  planner       solved ms(min/med/max)        samples vertices     path rad/call coarse  worst clr unsafe/audited missed worst self collide

bookshelf_tall  (1 problems, 0 skipped: 0 clearance, 0 self-collision)
  rrtconnect    1/1      24.19/24.19/24.19         3315       19    16.20        -      -     0.0076      0/811          0     0.0025       0
      primary samples 40, productive 14 (35.0%), vertices/sample 0.475
  qp-fixed      1/1      12.50/12.50/12.50          985        9     9.77   0.0115     0%     0.0028      0/724          0     0.0020       0
      primary samples 2, productive 2 (100.0%), vertices/sample 4.500
      qp 274.3 rows/call, 73% of calls reached the solver, 985 calls
  qp-adapt      1/1       8.53/8.53/8.53           628        9     9.78   0.0181    35%     0.0028      0/662          0     0.0020       0
      primary samples 2, productive 2 (100.0%), vertices/sample 4.500
      qp 280.3 rows/call, 83% of calls reached the solver, 628 calls
  qp-env        1/1       5.35/5.35/5.35           369        9     9.83   0.0308    25%     0.0018      0/566          0     0.0018       0
      primary samples 2, productive 2 (100.0%), vertices/sample 4.500
      qp 282.9 rows/call, 92% of calls reached the solver, 369 calls
  vamp-rrtc     1/1       0.25/0.25/0.25          2806       19    16.20        -      -     0.0076      0/811          0     0.0025       0
      primary samples 0, productive 0 (0.0%), vertices/sample 0.000

Hop disposition -- what set the hop's length, median over problems.
  row         floored(<1 step)    at region   edge-limited
  qp-fixed            100.0%         0.0%           0.0%
  qp-adapt             65.0%        34.2%           0.8%
  qp-env               75.3%        23.0%           1.6%

Endpoint clearance at zero margin -- min(start, goal) over all spheres.
  scene                     min    median       max affordable   problems by margin
  bookshelf_tall         0.0076    0.0076    0.0076    0.0076   0:100% 0.02:  0% 0.04:  0% 0.06:  0% 0.09:  0%

all scenes  (1 problems, 0 skipped: 0 clearance, 0 self-collision)
  rrtconnect    1/1      24.19/24.19/24.19         3315       19    16.20        -      -     0.0076      0/811          0     0.0025       0
      primary samples 40, productive 14 (35.0%), vertices/sample 0.475
  qp-fixed      1/1      12.50/12.50/12.50          985        9     9.77   0.0115     0%     0.0028      0/724          0     0.0020       0
      primary samples 2, productive 2 (100.0%), vertices/sample 4.500
      qp 274.3 rows/call, 73% of calls reached the solver, 985 calls
  qp-adapt      1/1       8.53/8.53/8.53           628        9     9.78   0.0181    35%     0.0028      0/662          0     0.0020       0
      primary samples 2, productive 2 (100.0%), vertices/sample 4.500
      qp 280.3 rows/call, 83% of calls reached the solver, 628 calls
  qp-env        1/1       5.35/5.35/5.35           369        9     9.83   0.0308    25%     0.0018      0/566          0     0.0018       0
      primary samples 2, productive 2 (100.0%), vertices/sample 4.500
      qp 282.9 rows/call, 92% of calls reached the solver, 369 calls
  vamp-rrtc     1/1       0.25/0.25/0.25          2806       19    16.20        -      -     0.0076      0/811          0     0.0025       0
      primary samples 0, productive 0 (0.0%), vertices/sample 0.000

"samples" is checked configurations for isSafe, barrier evaluations for
the three CBF rows, and SIMD configuration lanes evaluated for VAMP. They measure
sampling work, while wall time captures the very different per-sample costs.
"unsafe/audited" evaluates exact primitive clearance at every state of the
densified solution -- for each CBF row that is the rollout the planner recorded
for each edge, replayed, so it is the motion that would actually be executed,
sampled inside each step rather than only at its boundaries. Non-zero unsafe
invalidates a row however fast it was.
"missed" counts solution edges that were not on file and had to be
re-derived; it must be zero, or the audited motion is a different trajectory
from the one the planner found.


envelope hop: 92 filter calls, 1.326 hold queries/call, 23.8% saturated, 100.0% longer than L1, past one step 98.9% (L1 alone 47.8%), gated 75.1%, empty-active 0.0%, screen-escalated 1.1%
envelope bottleneck: world 100.0%, self-collision 0.0%, unbound 0.0% (horizon or screen clip), blocked 0.0%, joint-limit clamped 0.0%
envelope binding term:
  world rows       L1 0.0%, local-L1 0.0%, speed-capped 0.0%, isotropic-anchored 100.0% (of 92 bound calls)
local-lever screen: 640 of 1415 expensive world rows settled before the envelope (45.2%)
span handed to the rollout, in controller steps (369 calls):
                   <1      1-2      2-4      4-8       8+
  L1 only      88.08%     6.50%     4.07%     0.81%     0.54%
  envelope     75.34%     2.44%     8.67%     6.78%     6.78%
=== CBF profiler (wall time) ===
=== CBF filter stats ===
  calls=0  unchanged=0 (0.0%)  filtered=0 (0.0%)  blocked=0 (0.0%)
  active rows:       avg=0.00  max=0
  zero-row fast path: 0 (0.0%)
  qp iterations:     avg=0.00  max=0
  certified duration: avg=0.00000s  min=0.00000s  max=0.00000s  (over 0 non-blocked calls)
  required gain:     avg=0.000/s  max=0.000/s  p50=0.000/s  p90=0.000/s  p99=0.000/s  (over 0 calls, 0 uncertified)
