
MotionBenchMaker UR5, 33 problems loaded, up to 100 per scene
voxel 0.003 m, margin 0.0000 m + 0.0000 m filter buffer, stepSize 0.001 s, range 2.00 rad, 10.0 s limit

hop certificates: old L1 Lipschitz region and new hold-time bound
Picard: off; trajectory prefixes: 0; sequential rollout budget: 10000 calls
kappa 20.00 /s, certified step uncapped, self-collision margin 0.0000 m over 303 pairs
baseline segment: 0.000650 of extent = 0.0100 rad, rollout step 0.0100 rad (matched to the rollout)
rope shortcut off, all rows unsimplified

seed 1
  planner       solved ms(min/med/max)        samples vertices     path rad/call coarse  worst clr unsafe/audited missed worst self collide

bookshelf_tall  (1 problems, 0 skipped: 0 clearance, 0 self-collision)
  rrtconnect    1/1       5.64/5.64/5.64           767        6     7.60        -      -     0.0032      0/382          0     0.0025       0
      primary samples 4, productive 1 (25.0%), vertices/sample 1.500
  qp-fixed      1/1      22.44/22.44/22.44         1639       15    10.12   0.0106     0%     0.0032      0/773          0     0.0025       0
      primary samples 4, productive 4 (100.0%), vertices/sample 3.750
      qp 296.7 rows/call, 84% of calls reached the solver, 1639 calls
  qp-adapt      1/1      14.73/14.73/14.73          999       15    10.13   0.0174    37%     0.0032      0/645          0     0.0025       0
      primary samples 4, productive 4 (100.0%), vertices/sample 3.750
      qp 298.8 rows/call, 91% of calls reached the solver, 999 calls
  qp-env        1/1      10.07/10.07/10.07          636       14    10.52   0.0274    18%     0.0032      0/572          0     0.0025       0
      primary samples 4, productive 4 (100.0%), vertices/sample 3.500
      qp 298.2 rows/call, 95% of calls reached the solver, 636 calls
  vamp-rrtc     1/1       0.06/0.06/0.06           388        6     7.60        -      -     0.0032      0/382          0     0.0025       0
      primary samples 0, productive 0 (0.0%), vertices/sample 0.000

Hop disposition -- what set the hop's length, median over problems.
  row         floored(<1 step)    at region   edge-limited
  qp-fixed            100.0%         0.0%           0.0%
  qp-adapt             62.6%        36.4%           1.0%
  qp-env               81.3%        17.1%           1.6%

Endpoint clearance at zero margin -- min(start, goal) over all spheres.
  scene                     min    median       max affordable   problems by margin
  bookshelf_tall         0.0032    0.0032    0.0032    0.0032   0:100% 0.02:  0% 0.04:  0% 0.06:  0% 0.09:  0%

all scenes  (1 problems, 0 skipped: 0 clearance, 0 self-collision)
  rrtconnect    1/1       5.64/5.64/5.64           767        6     7.60        -      -     0.0032      0/382          0     0.0025       0
      primary samples 4, productive 1 (25.0%), vertices/sample 1.500
  qp-fixed      1/1      22.44/22.44/22.44         1639       15    10.12   0.0106     0%     0.0032      0/773          0     0.0025       0
      primary samples 4, productive 4 (100.0%), vertices/sample 3.750
      qp 296.7 rows/call, 84% of calls reached the solver, 1639 calls
  qp-adapt      1/1      14.73/14.73/14.73          999       15    10.13   0.0174    37%     0.0032      0/645          0     0.0025       0
      primary samples 4, productive 4 (100.0%), vertices/sample 3.750
      qp 298.8 rows/call, 91% of calls reached the solver, 999 calls
  qp-env        1/1      10.07/10.07/10.07          636       14    10.52   0.0274    18%     0.0032      0/572          0     0.0025       0
      primary samples 4, productive 4 (100.0%), vertices/sample 3.500
      qp 298.2 rows/call, 95% of calls reached the solver, 636 calls
  vamp-rrtc     1/1       0.06/0.06/0.06           388        6     7.60        -      -     0.0032      0/382          0     0.0025       0
      primary samples 0, productive 0 (0.0%), vertices/sample 0.000

"samples" is checked configurations for isSafe, barrier evaluations for
the three CBF rows, and SIMD configuration lanes evaluated for VAMP. They measure
sampling work, while wall time captures the very different per-sample costs.
"unsafe/audited" evaluates exact primitive clearance at every state of the
densified solution -- for each CBF row that is the rollout the planner recorded
for each edge, replayed, so it is the motion that would actually be executed,
sampled inside each step rather than only at its boundaries. Non-zero unsafe
invalidates a row however fast it was.
"missed" counts solution edges that were not on file and had to be
re-derived; it must be zero, or the audited motion is a different trajectory
from the one the planner found.


envelope hop: 119 filter calls, 1.639 hold queries/call, 39.0% saturated, 100.0% longer than L1, past one step 100.0% (L1 alone 58.8%), gated 81.3%, empty-active 0.0%, screen-escalated 0.0%
envelope bottleneck: world 99.2%, self-collision 0.8%, unbound 0.0% (horizon or screen clip), blocked 0.0%, joint-limit clamped 0.0%
envelope binding term:
  world rows       L1 0.0%, local-L1 0.0%, speed-capped 0.0%, isotropic-anchored 100.0% (of 118 bound calls)
  self-pair rows   L1 0.0%, local-L1 0.0%, speed-capped 0.0%, normal-anchored 100.0% (of 1 bound calls)
local-lever screen: 1432 of 2218 expensive world rows settled before the envelope (64.6%)
span handed to the rollout, in controller steps (636 calls):
                   <1      1-2      2-4      4-8       8+
  L1 only      88.99%     5.66%     2.36%     2.20%     0.79%
  envelope     81.29%     1.42%     2.83%     7.23%     7.23%
=== CBF profiler (wall time) ===
=== CBF filter stats ===
  calls=0  unchanged=0 (0.0%)  filtered=0 (0.0%)  blocked=0 (0.0%)
  active rows:       avg=0.00  max=0
  zero-row fast path: 0 (0.0%)
  qp iterations:     avg=0.00  max=0
  certified duration: avg=0.00000s  min=0.00000s  max=0.00000s  (over 0 non-blocked calls)
  required gain:     avg=0.000/s  max=0.000/s  p50=0.000/s  p90=0.000/s  p99=0.000/s  (over 0 calls, 0 uncertified)
