
MotionBenchMaker UR5, 33 problems loaded, up to 100 per scene
voxel 0.003 m, margin 0.0000 m + 0.0000 m filter buffer, stepSize 0.001 s, range 2.00 rad, 10.0 s limit

hop certificates: old L1 Lipschitz region and new hold-time bound
Picard: off; trajectory prefixes: 0; sequential rollout budget: 10000 calls
kappa 20.00 /s, certified step uncapped, self-collision margin 0.0000 m over 303 pairs
baseline segment: 0.000650 of extent = 0.0100 rad, rollout step 0.0100 rad (matched to the rollout)
rope shortcut off, all rows unsimplified

seed 1
  planner       solved ms(min/med/max)        samples vertices     path rad/call coarse  worst clr unsafe/audited missed worst self collide

bookshelf_tall  (1 problems, 0 skipped: 0 clearance, 0 self-collision)
  rrtconnect    1/1      71.82/71.82/71.82         9468       48    15.63        -      -     0.0060      0/783          0     0.0025       0
      primary samples 207, productive 44 (21.3%), vertices/sample 0.232
  qp-fixed      1/1       6.20/6.20/6.20           517        6     7.29   0.0141     0%     0.0060      0/518          0     0.0025       0
      primary samples 1, productive 1 (100.0%), vertices/sample 6.000
      qp 277.6 rows/call, 30% of calls reached the solver, 517 calls
  qp-adapt      1/1       1.77/1.77/1.77           128        6     7.29   0.0569    93%     0.0060      0/426          0     0.0025       0
      primary samples 1, productive 1 (100.0%), vertices/sample 6.000
      qp 304.5 rows/call, 66% of calls reached the solver, 128 calls
  qp-env        1/1       0.87/0.87/0.87            46        6     7.35   0.1598    91%     0.0060      0/388          0     0.0025       0
      primary samples 1, productive 1 (100.0%), vertices/sample 6.000
      qp 305.4 rows/call, 70% of calls reached the solver, 46 calls
  vamp-rrtc     1/1       0.77/0.77/0.77         11341       48    15.63        -      -     0.0060      0/783          0     0.0025       0
      primary samples 0, productive 0 (0.0%), vertices/sample 0.000

Hop disposition -- what set the hop's length, median over problems.
  row         floored(<1 step)    at region   edge-limited
  qp-fixed            100.0%         0.0%           0.0%
  qp-adapt              7.0%        89.8%           3.1%
  qp-env                8.7%        82.6%           8.7%

Endpoint clearance at zero margin -- min(start, goal) over all spheres.
  scene                     min    median       max affordable   problems by margin
  bookshelf_tall         0.0060    0.0060    0.0060    0.0060   0:100% 0.02:  0% 0.04:  0% 0.06:  0% 0.09:  0%

all scenes  (1 problems, 0 skipped: 0 clearance, 0 self-collision)
  rrtconnect    1/1      71.82/71.82/71.82         9468       48    15.63        -      -     0.0060      0/783          0     0.0025       0
      primary samples 207, productive 44 (21.3%), vertices/sample 0.232
  qp-fixed      1/1       6.20/6.20/6.20           517        6     7.29   0.0141     0%     0.0060      0/518          0     0.0025       0
      primary samples 1, productive 1 (100.0%), vertices/sample 6.000
      qp 277.6 rows/call, 30% of calls reached the solver, 517 calls
  qp-adapt      1/1       1.77/1.77/1.77           128        6     7.29   0.0569    93%     0.0060      0/426          0     0.0025       0
      primary samples 1, productive 1 (100.0%), vertices/sample 6.000
      qp 304.5 rows/call, 66% of calls reached the solver, 128 calls
  qp-env        1/1       0.87/0.87/0.87            46        6     7.35   0.1598    91%     0.0060      0/388          0     0.0025       0
      primary samples 1, productive 1 (100.0%), vertices/sample 6.000
      qp 305.4 rows/call, 70% of calls reached the solver, 46 calls
  vamp-rrtc     1/1       0.77/0.77/0.77         11341       48    15.63        -      -     0.0060      0/783          0     0.0025       0
      primary samples 0, productive 0 (0.0%), vertices/sample 0.000

"samples" is checked configurations for isSafe, barrier evaluations for
the three CBF rows, and SIMD configuration lanes evaluated for VAMP. They measure
sampling work, while wall time captures the very different per-sample costs.
"unsafe/audited" evaluates exact primitive clearance at every state of the
densified solution -- for each CBF row that is the rollout the planner recorded
for each edge, replayed, so it is the motion that would actually be executed,
sampled inside each step rather than only at its boundaries. Non-zero unsafe
invalidates a row however fast it was.
"missed" counts solution edges that were not on file and had to be
re-derived; it must be zero, or the audited motion is a different trajectory
from the one the planner found.


envelope hop: 42 filter calls, 1.310 hold queries/call, 18.2% saturated, 100.0% longer than L1, past one step 100.0% (L1 alone 76.2%), gated 8.7%, empty-active 0.0%, screen-escalated 7.1%
envelope bottleneck: world 85.7%, self-collision 14.3%, unbound 0.0% (horizon or screen clip), blocked 0.0%, joint-limit clamped 0.0%
envelope binding term:
  world rows       L1 0.0%, local-L1 0.0%, speed-capped 0.0%, isotropic-anchored 100.0% (of 36 bound calls)
  self-pair rows   L1 0.0%, local-L1 0.0%, speed-capped 0.0%, normal-anchored 100.0% (of 6 bound calls)
local-lever screen: 471 of 686 expensive world rows settled before the envelope (68.7%)
span handed to the rollout, in controller steps (46 calls):
                   <1      1-2      2-4      4-8       8+
  L1 only      30.43%    34.78%    13.04%    13.04%     8.70%
  envelope      8.70%    10.87%    28.26%    15.22%    36.96%
=== CBF profiler (wall time) ===
=== CBF filter stats ===
  calls=0  unchanged=0 (0.0%)  filtered=0 (0.0%)  blocked=0 (0.0%)
  active rows:       avg=0.00  max=0
  zero-row fast path: 0 (0.0%)
  qp iterations:     avg=0.00  max=0
  certified duration: avg=0.00000s  min=0.00000s  max=0.00000s  (over 0 non-blocked calls)
  required gain:     avg=0.000/s  max=0.000/s  p50=0.000/s  p90=0.000/s  p99=0.000/s  (over 0 calls, 0 uncertified)
