
MotionBenchMaker UR5, 33 problems loaded, up to 100 per scene
voxel 0.003 m, margin 0.0000 m + 0.0000 m filter buffer, stepSize 0.001 s, range 2.00 rad, 10.0 s limit

hop certificates: old L1 Lipschitz region and new hold-time bound
Picard: off; trajectory prefixes: 0; sequential rollout budget: 10000 calls
kappa 20.00 /s, certified step uncapped, self-collision margin 0.0000 m over 303 pairs
baseline segment: 0.000650 of extent = 0.0100 rad, rollout step 0.0100 rad (matched to the rollout)
rope shortcut off, all rows unsimplified

seed 1
  planner       solved ms(min/med/max)        samples vertices     path rad/call coarse  worst clr unsafe/audited missed worst self collide

table_under_pick  (1 problems, 0 skipped: 0 clearance, 0 self-collision)
  rrtconnect    1/1      13.13/13.13/13.13         1955       12    15.02        -      -     0.0025      0/752          0     0.0025       0
      primary samples 16, productive 5 (31.2%), vertices/sample 0.750
  qp-fixed      1/1      30.81/30.81/30.81         2873       19    16.34   0.0113     0%     0.0005      0/1404         0     0.0025       0
      primary samples 6, productive 6 (100.0%), vertices/sample 3.167
      qp 267.8 rows/call, 82% of calls reached the solver, 2873 calls
  qp-adapt      1/1      19.02/19.02/19.02         1667       19    16.34   0.0195    51%     0.0004      0/1225         0     0.0025       0
      primary samples 6, productive 6 (100.0%), vertices/sample 3.167
      qp 263.1 rows/call, 96% of calls reached the solver, 1667 calls
  qp-env        1/1       9.83/9.83/9.83           737       20    16.35   0.0444    64%     0.0004      0/995          0     0.0025       0
      primary samples 6, productive 6 (100.0%), vertices/sample 3.333
      qp 273.9 rows/call, 96% of calls reached the solver, 737 calls
  vamp-rrtc     1/1       0.11/0.11/0.11          1447       12    15.02        -      -     0.0025      0/752          0     0.0025       0
      primary samples 0, productive 0 (0.0%), vertices/sample 0.000

Hop disposition -- what set the hop's length, median over problems.
  row         floored(<1 step)    at region   edge-limited
  qp-fixed            100.0%         0.0%           0.0%
  qp-adapt             48.4%        50.7%           0.9%
  qp-env               36.4%        60.9%           2.7%

Endpoint clearance at zero margin -- min(start, goal) over all spheres.
  scene                     min    median       max affordable   problems by margin
  table_under_pick       0.0077    0.0077    0.0077    0.0077   0:100% 0.02:  0% 0.04:  0% 0.06:  0% 0.09:  0%

all scenes  (1 problems, 0 skipped: 0 clearance, 0 self-collision)
  rrtconnect    1/1      13.13/13.13/13.13         1955       12    15.02        -      -     0.0025      0/752          0     0.0025       0
      primary samples 16, productive 5 (31.2%), vertices/sample 0.750
  qp-fixed      1/1      30.81/30.81/30.81         2873       19    16.34   0.0113     0%     0.0005      0/1404         0     0.0025       0
      primary samples 6, productive 6 (100.0%), vertices/sample 3.167
      qp 267.8 rows/call, 82% of calls reached the solver, 2873 calls
  qp-adapt      1/1      19.02/19.02/19.02         1667       19    16.34   0.0195    51%     0.0004      0/1225         0     0.0025       0
      primary samples 6, productive 6 (100.0%), vertices/sample 3.167
      qp 263.1 rows/call, 96% of calls reached the solver, 1667 calls
  qp-env        1/1       9.83/9.83/9.83           737       20    16.35   0.0444    64%     0.0004      0/995          0     0.0025       0
      primary samples 6, productive 6 (100.0%), vertices/sample 3.333
      qp 273.9 rows/call, 96% of calls reached the solver, 737 calls
  vamp-rrtc     1/1       0.11/0.11/0.11          1447       12    15.02        -      -     0.0025      0/752          0     0.0025       0
      primary samples 0, productive 0 (0.0%), vertices/sample 0.000

"samples" is checked configurations for isSafe, barrier evaluations for
the three CBF rows, and SIMD configuration lanes evaluated for VAMP. They measure
sampling work, while wall time captures the very different per-sample costs.
"unsafe/audited" evaluates exact primitive clearance at every state of the
densified solution -- for each CBF row that is the rollout the planner recorded
for each edge, replayed, so it is the motion that would actually be executed,
sampled inside each step rather than only at its boundaries. Non-zero unsafe
invalidates a row however fast it was.
"missed" counts solution edges that were not on file and had to be
re-derived; it must be zero, or the audited motion is a different trajectory
from the one the planner found.


envelope hop: 469 filter calls, 1.273 hold queries/call, 20.8% saturated, 100.0% longer than L1, past one step 100.0% (L1 alone 59.3%), gated 36.4%, empty-active 0.0%, screen-escalated 0.9%
envelope bottleneck: world 99.6%, self-collision 0.4%, unbound 0.0% (horizon or screen clip), blocked 0.0%, joint-limit clamped 0.0%
envelope binding term:
  world rows       L1 0.0%, local-L1 0.2%, speed-capped 0.4%, isotropic-anchored 99.4% (of 467 bound calls)
  self-pair rows   L1 0.0%, local-L1 0.0%, speed-capped 0.0%, normal-anchored 100.0% (of 2 bound calls)
local-lever screen: 2216 of 5190 expensive world rows settled before the envelope (42.7%)
span handed to the rollout, in controller steps (737 calls):
                   <1      1-2      2-4      4-8       8+
  L1 only      62.28%    25.24%     8.14%     2.44%     1.90%
  envelope     36.36%    10.18%    23.88%    17.64%    11.94%
=== CBF profiler (wall time) ===
=== CBF filter stats ===
  calls=0  unchanged=0 (0.0%)  filtered=0 (0.0%)  blocked=0 (0.0%)
  active rows:       avg=0.00  max=0
  zero-row fast path: 0 (0.0%)
  qp iterations:     avg=0.00  max=0
  certified duration: avg=0.00000s  min=0.00000s  max=0.00000s  (over 0 non-blocked calls)
  required gain:     avg=0.000/s  max=0.000/s  p50=0.000/s  p90=0.000/s  p99=0.000/s  (over 0 calls, 0 uncertified)
