
MotionBenchMaker UR5, 33 problems loaded, up to 100 per scene
voxel 0.003 m, margin 0.0000 m + 0.0000 m filter buffer, stepSize 0.001 s, range 2.00 rad, 10.0 s limit

hop certificates: old L1 Lipschitz region and new hold-time bound
Picard: off; trajectory prefixes: 0; sequential rollout budget: 10000 calls
kappa 20.00 /s, certified step uncapped, self-collision margin 0.0000 m over 303 pairs
baseline segment: 0.000650 of extent = 0.0100 rad, rollout step 0.0100 rad (matched to the rollout)
rope shortcut off, all rows unsimplified

seed 1
  planner       solved ms(min/med/max)        samples vertices     path rad/call coarse  worst clr unsafe/audited missed worst self collide

bookshelf_small  (1 problems, 0 skipped: 0 clearance, 0 self-collision)
  rrtconnect    1/1       9.34/9.34/9.34          3701       20     7.52        -      -     0.0023      0/378          0     0.0025       0
      primary samples 68, productive 16 (23.5%), vertices/sample 0.294
  qp-fixed      1/1       8.39/8.39/8.39          1418       14    12.05   0.0116     0%     0.0029      0/990          0     0.0020       0
      primary samples 4, productive 4 (100.0%), vertices/sample 3.500
      qp 286.9 rows/call, 65% of calls reached the solver, 1418 calls
  qp-adapt      1/1       3.77/3.77/3.77           572       14    12.06   0.0287    55%     0.0029      0/769          0     0.0019       0
      primary samples 4, productive 4 (100.0%), vertices/sample 3.500
      qp 292.6 rows/call, 79% of calls reached the solver, 572 calls
  qp-env        1/1       2.36/2.36/2.36           280       14    12.15   0.0583    40%     0.0028      0/667          0     0.0017       0
      primary samples 4, productive 4 (100.0%), vertices/sample 3.500
      qp 295.0 rows/call, 90% of calls reached the solver, 280 calls
  vamp-rrtc     1/1       0.11/0.11/0.11          3653       22    10.17        -      -     0.0023      0/510          0     0.0025       0
      primary samples 0, productive 0 (0.0%), vertices/sample 0.000

bookshelf_tall  (1 problems, 0 skipped: 0 clearance, 0 self-collision)
  rrtconnect    1/1       8.01/8.01/8.01          1709       11     8.36        -      -     0.0047      0/420          0     0.0014       0
      primary samples 20, productive 7 (35.0%), vertices/sample 0.550
  qp-fixed      1/1       4.97/4.97/4.97           637        6     6.72   0.0105     0%     0.0083      0/638          0     0.0025       0
      primary samples 1, productive 1 (100.0%), vertices/sample 6.000
      qp 293.5 rows/call, 54% of calls reached the solver, 637 calls
  qp-adapt      1/1       1.17/1.17/1.17           135        6     6.72   0.0498    93%     0.0083      0/401          0     0.0025       0
      primary samples 1, productive 1 (100.0%), vertices/sample 6.000
      qp 307.7 rows/call, 75% of calls reached the solver, 135 calls
  qp-env        1/1       0.40/0.40/0.40            25        6     6.74   0.2695   100%     0.0083      0/350          0     0.0025       0
      primary samples 1, productive 1 (100.0%), vertices/sample 6.000
      qp 301.8 rows/call, 56% of calls reached the solver, 25 calls
  vamp-rrtc     1/1       0.07/0.07/0.07          1378       11     8.36        -      -     0.0047      0/420          0     0.0014       0
      primary samples 0, productive 0 (0.0%), vertices/sample 0.000

Hop disposition -- what set the hop's length, median over problems.
  row         floored(<1 step)    at region   edge-limited
  qp-fixed            100.0%         0.0%           0.0%
  qp-adapt             43.2%        90.4%           3.0%
  qp-env               59.6%        84.0%          16.0%

Endpoint clearance at zero margin -- min(start, goal) over all spheres.
  scene                     min    median       max affordable   problems by margin
  bookshelf_small        0.0086    0.0086    0.0086    0.0086   0:100% 0.02:  0% 0.04:  0% 0.06:  0% 0.09:  0%
  bookshelf_tall         0.0085    0.0085    0.0085    0.0085   0:100% 0.02:  0% 0.04:  0% 0.06:  0% 0.09:  0%

all scenes  (2 problems, 0 skipped: 0 clearance, 0 self-collision)
  rrtconnect    2/2       8.01/9.34/9.34          3701       20     8.36        -      -     0.0023      0/798          0     0.0014       0
      primary samples 68, productive 16 (23.5%), vertices/sample 0.550
  qp-fixed      2/2       4.97/8.39/8.39          1418       14    12.05   0.0116     0%     0.0029      0/1628         0     0.0020       0
      primary samples 4, productive 4 (100.0%), vertices/sample 6.000
      qp 293.5 rows/call, 65% of calls reached the solver, 2055 calls
  qp-adapt      2/2       1.17/3.77/3.77           572       14    12.06   0.0498    93%     0.0029      0/1170         0     0.0019       0
      primary samples 4, productive 4 (100.0%), vertices/sample 6.000
      qp 307.7 rows/call, 79% of calls reached the solver, 707 calls
  qp-env        2/2       0.40/2.36/2.36           280       14    12.15   0.2695   100%     0.0028      0/1017         0     0.0017       0
      primary samples 4, productive 4 (100.0%), vertices/sample 6.000
      qp 301.8 rows/call, 90% of calls reached the solver, 305 calls
  vamp-rrtc     2/2       0.07/0.11/0.11          3653       22    10.17        -      -     0.0023      0/930          0     0.0014       0
      primary samples 0, productive 0 (0.0%), vertices/sample 0.000

"samples" is checked configurations for isSafe, barrier evaluations for
the three CBF rows, and SIMD configuration lanes evaluated for VAMP. They measure
sampling work, while wall time captures the very different per-sample costs.
"unsafe/audited" evaluates exact primitive clearance at every state of the
densified solution -- for each CBF row that is the rollout the planner recorded
for each edge, replayed, so it is the motion that would actually be executed,
sampled inside each step rather than only at its boundaries. Non-zero unsafe
invalidates a row however fast it was.
"missed" counts solution edges that were not on file and had to be
re-derived; it must be zero, or the audited motion is a different trajectory
from the one the planner found.


envelope hop: 138 filter calls, 1.399 hold queries/call, 23.8% saturated, 100.0% longer than L1, past one step 100.0% (L1 alone 60.9%), gated 54.8%, empty-active 0.0%, screen-escalated 6.5%
envelope bottleneck: world 86.2%, self-collision 13.8%, unbound 0.0% (horizon or screen clip), blocked 0.0%, joint-limit clamped 0.0%
envelope binding term:
  world rows       L1 0.0%, local-L1 1.7%, speed-capped 0.0%, isotropic-anchored 98.3% (of 119 bound calls)
  self-pair rows   L1 0.0%, local-L1 0.0%, speed-capped 0.0%, normal-anchored 100.0% (of 19 bound calls)
local-lever screen: 1318 of 2019 expensive world rows settled before the envelope (65.3%)
span handed to the rollout, in controller steps (305 calls):
                   <1      1-2      2-4      4-8       8+
  L1 only      72.46%     3.93%    11.80%     7.21%     4.59%
  envelope     54.75%     5.90%    11.80%     4.59%    22.95%
=== CBF profiler (wall time) ===
=== CBF filter stats ===
  calls=0  unchanged=0 (0.0%)  filtered=0 (0.0%)  blocked=0 (0.0%)
  active rows:       avg=0.00  max=0
  zero-row fast path: 0 (0.0%)
  qp iterations:     avg=0.00  max=0
  certified duration: avg=0.00000s  min=0.00000s  max=0.00000s  (over 0 non-blocked calls)
  required gain:     avg=0.000/s  max=0.000/s  p50=0.000/s  p90=0.000/s  p99=0.000/s  (over 0 calls, 0 uncertified)
