
MotionBenchMaker UR5, 33 problems loaded, up to 100 per scene
voxel 0.003 m, margin 0.0000 m + 0.0000 m filter buffer, stepSize 0.001 s, range 2.00 rad, 10.0 s limit

hop certificates: old L1 Lipschitz region and new hold-time bound
Picard: off; trajectory prefixes: 0; sequential rollout budget: 10000 calls
kappa 20.00 /s, certified step uncapped, self-collision margin 0.0000 m over 303 pairs
baseline segment: 0.000650 of extent = 0.0100 rad, rollout step 0.0100 rad (matched to the rollout)
rope shortcut off, all rows unsimplified

seed 1
  planner       solved ms(min/med/max)        samples vertices     path rad/call coarse  worst clr unsafe/audited missed worst self collide

bookshelf_small  (1 problems, 0 skipped: 0 clearance, 0 self-collision)
  rrtconnect    1/1       6.63/6.63/6.63          2676       15    13.14        -      -     0.0039      0/658          0     0.0022       0
      primary samples 42, productive 11 (26.2%), vertices/sample 0.357
  qp-fixed      1/1      17.91/17.91/17.91         2892       27    12.18   0.0121     0%     0.0005      0/923          0     0.0025       0
      primary samples 8, productive 8 (100.0%), vertices/sample 3.375
      qp 282.9 rows/call, 81% of calls reached the solver, 2892 calls
  qp-adapt      1/1      11.27/11.27/11.27         1656       30    12.24   0.0212    41%     0.0005      0/847          0     0.0025       0
      primary samples 8, productive 8 (100.0%), vertices/sample 3.750
      qp 284.0 rows/call, 90% of calls reached the solver, 1656 calls
  qp-env        1/1       7.37/7.37/7.37           939       28    12.25   0.0374    24%     0.0005      0/733          0     0.0025       0
      primary samples 8, productive 8 (100.0%), vertices/sample 3.500
      qp 279.2 rows/call, 96% of calls reached the solver, 939 calls
  vamp-rrtc     1/1       0.07/0.07/0.07          2896       15    13.14        -      -     0.0039      0/658          0     0.0022       0
      primary samples 0, productive 0 (0.0%), vertices/sample 0.000

bookshelf_tall  (1 problems, 0 skipped: 0 clearance, 0 self-collision)
  rrtconnect    1/1       4.85/4.85/4.85          1049        8     8.20        -      -     0.0032      0/412          0     0.0002       0
      primary samples 8, productive 3 (37.5%), vertices/sample 1.000
  qp-fixed      1/1       9.07/9.07/9.07          1104       10    10.09   0.0117     0%     0.0032      0/786          0     0.0025       0
      primary samples 2, productive 2 (100.0%), vertices/sample 5.000
      qp 297.8 rows/call, 67% of calls reached the solver, 1104 calls
  qp-adapt      1/1       4.27/4.27/4.27           470       10    10.11   0.0276    71%     0.0032      0/630          0     0.0025       0
      primary samples 2, productive 2 (100.0%), vertices/sample 5.000
      qp 305.4 rows/call, 82% of calls reached the solver, 470 calls
  qp-env        1/1       1.45/1.45/1.45           125       10    10.12   0.1025    86%     0.0032      0/538          0     0.0025       0
      primary samples 2, productive 2 (100.0%), vertices/sample 5.000
      qp 306.6 rows/call, 76% of calls reached the solver, 125 calls
  vamp-rrtc     1/1       0.04/0.04/0.04           784        8     8.20        -      -     0.0032      0/412          0     0.0002       0
      primary samples 0, productive 0 (0.0%), vertices/sample 0.000

Hop disposition -- what set the hop's length, median over problems.
  row         floored(<1 step)    at region   edge-limited
  qp-fixed            100.0%         0.0%           0.0%
  qp-adapt             58.2%        69.6%           1.5%
  qp-env               75.6%        80.0%           5.6%

Endpoint clearance at zero margin -- min(start, goal) over all spheres.
  scene                     min    median       max affordable   problems by margin
  bookshelf_small        0.0039    0.0039    0.0039    0.0039   0:100% 0.02:  0% 0.04:  0% 0.06:  0% 0.09:  0%
  bookshelf_tall         0.0032    0.0032    0.0032    0.0032   0:100% 0.02:  0% 0.04:  0% 0.06:  0% 0.09:  0%

all scenes  (2 problems, 0 skipped: 0 clearance, 0 self-collision)
  rrtconnect    2/2       4.85/6.63/6.63          2676       15    13.14        -      -     0.0032      0/1070         0     0.0002       0
      primary samples 42, productive 11 (26.2%), vertices/sample 1.000
  qp-fixed      2/2       9.07/17.91/17.91         2892       27    12.18   0.0121     0%     0.0005      0/1709         0     0.0025       0
      primary samples 8, productive 8 (100.0%), vertices/sample 5.000
      qp 297.8 rows/call, 81% of calls reached the solver, 3996 calls
  qp-adapt      2/2       4.27/11.27/11.27         1656       30    12.24   0.0276    71%     0.0005      0/1477         0     0.0025       0
      primary samples 8, productive 8 (100.0%), vertices/sample 5.000
      qp 305.4 rows/call, 90% of calls reached the solver, 2126 calls
  qp-env        2/2       1.45/7.37/7.37           939       28    12.25   0.1025    86%     0.0005      0/1271         0     0.0025       0
      primary samples 8, productive 8 (100.0%), vertices/sample 5.000
      qp 306.6 rows/call, 96% of calls reached the solver, 1064 calls
  vamp-rrtc     2/2       0.04/0.07/0.07          2896       15    13.14        -      -     0.0032      0/1070         0     0.0002       0
      primary samples 0, productive 0 (0.0%), vertices/sample 0.000

"samples" is checked configurations for isSafe, barrier evaluations for
the three CBF rows, and SIMD configuration lanes evaluated for VAMP. They measure
sampling work, while wall time captures the very different per-sample costs.
"unsafe/audited" evaluates exact primitive clearance at every state of the
densified solution -- for each CBF row that is the rollout the planner recorded
for each edge, replayed, so it is the motion that would actually be executed,
sampled inside each step rather than only at its boundaries. Non-zero unsafe
invalidates a row however fast it was.
"missed" counts solution edges that were not on file and had to be
re-derived; it must be zero, or the audited motion is a different trajectory
from the one the planner found.


envelope hop: 340 filter calls, 1.412 hold queries/call, 28.5% saturated, 100.0% longer than L1, past one step 98.8% (L1 alone 64.4%), gated 68.0%, empty-active 0.0%, screen-escalated 0.9%
envelope bottleneck: world 92.1%, self-collision 7.6%, unbound 0.3% (horizon or screen clip), blocked 0.0%, joint-limit clamped 0.0%
envelope binding term:
  world rows       L1 0.0%, local-L1 0.3%, speed-capped 0.0%, isotropic-anchored 99.7% (of 313 bound calls)
  self-pair rows   L1 0.0%, local-L1 0.0%, speed-capped 0.0%, normal-anchored 100.0% (of 26 bound calls)
local-lever screen: 3085 of 5068 expensive world rows settled before the envelope (60.9%)
span handed to the rollout, in controller steps (1064 calls):
                   <1      1-2      2-4      4-8       8+
  L1 only      79.42%     8.08%     8.08%     3.20%     1.22%
  envelope     68.42%     3.01%     8.74%     6.95%    12.88%
=== CBF profiler (wall time) ===
=== CBF filter stats ===
  calls=0  unchanged=0 (0.0%)  filtered=0 (0.0%)  blocked=0 (0.0%)
  active rows:       avg=0.00  max=0
  zero-row fast path: 0 (0.0%)
  qp iterations:     avg=0.00  max=0
  certified duration: avg=0.00000s  min=0.00000s  max=0.00000s  (over 0 non-blocked calls)
  required gain:     avg=0.000/s  max=0.000/s  p50=0.000/s  p90=0.000/s  p99=0.000/s  (over 0 calls, 0 uncertified)
