
MotionBenchMaker UR5, 33 problems loaded, up to 100 per scene
voxel 0.003 m, margin 0.0000 m + 0.0000 m filter buffer, stepSize 0.001 s, range 2.00 rad, 10.0 s limit

hop certificates: old L1 Lipschitz region and new hold-time bound
Picard: off; trajectory prefixes: 0; sequential rollout budget: 10000 calls
kappa 20.00 /s, certified step uncapped, self-collision margin 0.0000 m over 303 pairs
baseline segment: 0.000650 of extent = 0.0100 rad, rollout step 0.0100 rad (matched to the rollout)
rope shortcut off, all rows unsimplified

seed 1
  planner       solved ms(min/med/max)        samples vertices     path rad/call coarse  worst clr unsafe/audited missed worst self collide

bookshelf_tall  (1 problems, 0 skipped: 0 clearance, 0 self-collision)
  rrtconnect    1/1      23.36/23.36/23.36         5028       27    15.25        -      -     0.0046      0/764          0     0.0025       0
      primary samples 94, productive 23 (24.5%), vertices/sample 0.287
  qp-fixed      1/1       8.69/8.69/8.69          1105       15    11.99   0.0129     0%     0.0081      0/913          0     0.0014       0
      primary samples 2, productive 2 (100.0%), vertices/sample 7.500
      qp 273.6 rows/call, 60% of calls reached the solver, 1105 calls
  qp-adapt      1/1       3.24/3.24/3.24           372       14    12.00   0.0383    60%     0.0081      0/709          0     0.0014       0
      primary samples 2, productive 2 (100.0%), vertices/sample 7.000
      qp 290.7 rows/call, 80% of calls reached the solver, 372 calls
  qp-env        1/1       1.15/1.15/1.15            94       14    12.00   0.1527    73%     0.0096      0/630          0     0.0019       0
      primary samples 2, productive 2 (100.0%), vertices/sample 7.000
      qp 282.4 rows/call, 83% of calls reached the solver, 94 calls
  vamp-rrtc     1/1       0.22/0.22/0.22          5157       27    15.25        -      -     0.0046      0/764          0     0.0025       0
      primary samples 0, productive 0 (0.0%), vertices/sample 0.000

table_under_pick  (1 problems, 0 skipped: 0 clearance, 0 self-collision)
  rrtconnect    1/1       8.99/8.99/8.99          2502       15    12.42        -      -     0.0079      0/623          0     0.0025       0
      primary samples 22, productive 11 (50.0%), vertices/sample 0.682
  qp-fixed      1/1       6.06/6.06/6.06           935       19    11.39   0.0124     0%     0.0080      0/892          0     0.0025       0
      primary samples 2, productive 2 (100.0%), vertices/sample 9.500
      qp 277.7 rows/call, 50% of calls reached the solver, 935 calls
  qp-adapt      1/1       1.44/1.44/1.44           197       19    11.40   0.0591    95%     0.0080      0/657          0     0.0025       0
      primary samples 2, productive 2 (100.0%), vertices/sample 9.500
      qp 274.9 rows/call, 71% of calls reached the solver, 197 calls
  qp-env        1/1       0.99/0.99/0.99            88       17    10.46   0.1847    99%     0.0080      0/552          0     0.0025       0
      primary samples 3, productive 3 (100.0%), vertices/sample 5.667
      qp 287.0 rows/call, 62% of calls reached the solver, 88 calls
  vamp-rrtc     1/1       0.06/0.06/0.06          1383       15    12.42        -      -     0.0079      0/623          0     0.0025       0
      primary samples 0, productive 0 (0.0%), vertices/sample 0.000

Hop disposition -- what set the hop's length, median over problems.
  row         floored(<1 step)    at region   edge-limited
  qp-fixed            100.0%         0.0%           0.0%
  qp-adapt             39.0%        88.3%           9.1%
  qp-env               25.5%        80.7%          19.3%

Endpoint clearance at zero margin -- min(start, goal) over all spheres.
  scene                     min    median       max affordable   problems by margin
  bookshelf_tall         0.0103    0.0103    0.0103    0.0103   0:100% 0.02:  0% 0.04:  0% 0.06:  0% 0.09:  0%
  table_under_pick       0.0080    0.0080    0.0080    0.0080   0:100% 0.02:  0% 0.04:  0% 0.06:  0% 0.09:  0%

all scenes  (2 problems, 0 skipped: 0 clearance, 0 self-collision)
  rrtconnect    2/2       8.99/23.36/23.36         5028       27    15.25        -      -     0.0046      0/1387         0     0.0025       0
      primary samples 94, productive 23 (24.5%), vertices/sample 0.682
  qp-fixed      2/2       6.06/8.69/8.69          1105       19    11.99   0.0129     0%     0.0080      0/1805         0     0.0014       0
      primary samples 2, productive 2 (100.0%), vertices/sample 9.500
      qp 277.7 rows/call, 60% of calls reached the solver, 2040 calls
  qp-adapt      2/2       1.44/3.24/3.24           372       19    12.00   0.0591    95%     0.0080      0/1366         0     0.0014       0
      primary samples 2, productive 2 (100.0%), vertices/sample 9.500
      qp 290.7 rows/call, 80% of calls reached the solver, 569 calls
  qp-env        2/2       0.99/1.15/1.15            94       17    12.00   0.1847    99%     0.0080      0/1182         0     0.0019       0
      primary samples 3, productive 3 (100.0%), vertices/sample 7.000
      qp 287.0 rows/call, 83% of calls reached the solver, 182 calls
  vamp-rrtc     2/2       0.06/0.22/0.22          5157       27    15.25        -      -     0.0046      0/1387         0     0.0025       0
      primary samples 0, productive 0 (0.0%), vertices/sample 0.000

"samples" is checked configurations for isSafe, barrier evaluations for
the three CBF rows, and SIMD configuration lanes evaluated for VAMP. They measure
sampling work, while wall time captures the very different per-sample costs.
"unsafe/audited" evaluates exact primitive clearance at every state of the
densified solution -- for each CBF row that is the rollout the planner recorded
for each edge, replayed, so it is the motion that would actually be executed,
sampled inside each step rather than only at its boundaries. Non-zero unsafe
invalidates a row however fast it was.
"missed" counts solution edges that were not on file and had to be
re-derived; it must be zero, or the audited motion is a different trajectory
from the one the planner found.


envelope hop: 158 filter calls, 1.468 hold queries/call, 27.6% saturated, 100.0% longer than L1, past one step 100.0% (L1 alone 87.3%), gated 13.2%, empty-active 0.0%, screen-escalated 6.3%
envelope bottleneck: world 84.2%, self-collision 14.6%, unbound 1.3% (horizon or screen clip), blocked 0.0%, joint-limit clamped 0.0%
envelope binding term:
  world rows       L1 0.0%, local-L1 1.5%, speed-capped 0.0%, isotropic-anchored 98.5% (of 133 bound calls)
  self-pair rows   L1 0.0%, local-L1 0.0%, speed-capped 0.0%, normal-anchored 100.0% (of 23 bound calls)
local-lever screen: 2587 of 3589 expensive world rows settled before the envelope (72.1%)
span handed to the rollout, in controller steps (182 calls):
                   <1      1-2      2-4      4-8       8+
  L1 only      24.18%    15.38%    21.43%    13.19%    25.82%
  envelope     13.19%     1.10%     3.30%    27.47%    54.95%
=== CBF profiler (wall time) ===
=== CBF filter stats ===
  calls=0  unchanged=0 (0.0%)  filtered=0 (0.0%)  blocked=0 (0.0%)
  active rows:       avg=0.00  max=0
  zero-row fast path: 0 (0.0%)
  qp iterations:     avg=0.00  max=0
  certified duration: avg=0.00000s  min=0.00000s  max=0.00000s  (over 0 non-blocked calls)
  required gain:     avg=0.000/s  max=0.000/s  p50=0.000/s  p90=0.000/s  p99=0.000/s  (over 0 calls, 0 uncertified)
