
MotionBenchMaker UR5, 33 problems loaded, up to 100 per scene
voxel 0.003 m, margin 0.0000 m + 0.0000 m filter buffer, stepSize 0.001 s, range 2.00 rad, 10.0 s limit

hop certificates: old L1 Lipschitz region and new hold-time bound
Picard: off; trajectory prefixes: 0; sequential rollout budget: 10000 calls
kappa 20.00 /s, certified step uncapped, self-collision margin 0.0000 m over 303 pairs
baseline segment: 0.000650 of extent = 0.0100 rad, rollout step 0.0100 rad (matched to the rollout)
rope shortcut off, all rows unsimplified

seed 1
  planner       solved ms(min/med/max)        samples vertices     path rad/call coarse  worst clr unsafe/audited missed worst self collide

bookshelf_tall  (1 problems, 0 skipped: 0 clearance, 0 self-collision)
  rrtconnect    1/1     110.64/110.64/110.64       23473      116    15.55        -      -     0.0044      0/779          0     0.0025       0
      primary samples 535, productive 113 (21.1%), vertices/sample 0.217
  qp-fixed      1/1       4.67/4.67/4.67           563        7     7.11   0.0126     0%     0.0042      0/564          0     0.0025       0
      primary samples 1, productive 1 (100.0%), vertices/sample 7.000
      qp 289.2 rows/call, 71% of calls reached the solver, 563 calls
  qp-adapt      1/1       2.56/2.56/2.56           278        7     7.12   0.0256    50%     0.0042      0/475          0     0.0025       0
      primary samples 1, productive 1 (100.0%), vertices/sample 7.000
      qp 301.9 rows/call, 94% of calls reached the solver, 278 calls
  qp-env        1/1       0.84/0.84/0.84            65        7     7.17   0.1103    85%     0.0042      0/390          0     0.0025       0
      primary samples 1, productive 1 (100.0%), vertices/sample 7.000
      qp 306.1 rows/call, 94% of calls reached the solver, 65 calls
  vamp-rrtc     1/1       1.38/1.38/1.38         42159      158    16.08        -      -     0.0044      0/805          0     0.0025       0
      primary samples 0, productive 0 (0.0%), vertices/sample 0.000

table_under_pick  (1 problems, 0 skipped: 0 clearance, 0 self-collision)
  rrtconnect    1/1       4.36/4.36/4.36          1226        9    12.17        -      -     0.0079      0/610          0     0.0025       0
      primary samples 3, productive 3 (100.0%), vertices/sample 3.000
  qp-fixed      1/1       3.97/3.97/3.97           595        7     8.72   0.0147     0%     0.0074      0/596          0     0.0024       0
      primary samples 1, productive 1 (100.0%), vertices/sample 7.000
      qp 288.1 rows/call, 37% of calls reached the solver, 595 calls
  qp-adapt      1/1       1.56/1.56/1.56           206        7     8.73   0.0424    71%     0.0074      0/534          0     0.0023       0
      primary samples 1, productive 1 (100.0%), vertices/sample 7.000
      qp 273.4 rows/call, 68% of calls reached the solver, 206 calls
  qp-env        1/1       0.89/0.89/0.89            90        8     9.11   0.1012    53%     0.0038      0/506          0     0.0020       0
      primary samples 1, productive 1 (100.0%), vertices/sample 8.000
      qp 280.2 rows/call, 79% of calls reached the solver, 90 calls
  vamp-rrtc     1/1       0.04/0.04/0.04           463        9    12.17        -      -     0.0079      0/610          0     0.0025       0
      primary samples 0, productive 0 (0.0%), vertices/sample 0.000

Hop disposition -- what set the hop's length, median over problems.
  row         floored(<1 step)    at region   edge-limited
  qp-fixed            100.0%         0.0%           0.0%
  qp-adapt             50.0%        69.9%           2.4%
  qp-env               46.7%        78.5%           7.7%

Endpoint clearance at zero margin -- min(start, goal) over all spheres.
  scene                     min    median       max affordable   problems by margin
  bookshelf_tall         0.0044    0.0044    0.0044    0.0044   0:100% 0.02:  0% 0.04:  0% 0.06:  0% 0.09:  0%
  table_under_pick       0.0079    0.0079    0.0079    0.0079   0:100% 0.02:  0% 0.04:  0% 0.06:  0% 0.09:  0%

all scenes  (2 problems, 0 skipped: 0 clearance, 0 self-collision)
  rrtconnect    2/2       4.36/110.64/110.64       23473      116    15.55        -      -     0.0044      0/1389         0     0.0025       0
      primary samples 535, productive 113 (21.1%), vertices/sample 3.000
  qp-fixed      2/2       3.97/4.67/4.67           595        7     8.72   0.0147     0%     0.0042      0/1160         0     0.0024       0
      primary samples 1, productive 1 (100.0%), vertices/sample 7.000
      qp 289.2 rows/call, 71% of calls reached the solver, 1158 calls
  qp-adapt      2/2       1.56/2.56/2.56           278        7     8.73   0.0424    71%     0.0042      0/1009         0     0.0023       0
      primary samples 1, productive 1 (100.0%), vertices/sample 7.000
      qp 301.9 rows/call, 94% of calls reached the solver, 484 calls
  qp-env        2/2       0.84/0.89/0.89            90        8     9.11   0.1103    85%     0.0038      0/896          0     0.0020       0
      primary samples 1, productive 1 (100.0%), vertices/sample 8.000
      qp 306.1 rows/call, 94% of calls reached the solver, 155 calls
  vamp-rrtc     2/2       0.04/1.38/1.38         42159      158    16.08        -      -     0.0044      0/1415         0     0.0025       0
      primary samples 0, productive 0 (0.0%), vertices/sample 0.000

"samples" is checked configurations for isSafe, barrier evaluations for
the three CBF rows, and SIMD configuration lanes evaluated for VAMP. They measure
sampling work, while wall time captures the very different per-sample costs.
"unsafe/audited" evaluates exact primitive clearance at every state of the
densified solution -- for each CBF row that is the rollout the planner recorded
for each edge, replayed, so it is the motion that would actually be executed,
sampled inside each step rather than only at its boundaries. Non-zero unsafe
invalidates a row however fast it was.
"missed" counts solution edges that were not on file and had to be
re-derived; it must be zero, or the audited motion is a different trajectory
from the one the planner found.


envelope hop: 104 filter calls, 1.471 hold queries/call, 30.7% saturated, 100.0% longer than L1, past one step 100.0% (L1 alone 48.1%), gated 32.9%, empty-active 0.0%, screen-escalated 1.9%
envelope bottleneck: world 89.4%, self-collision 9.6%, unbound 1.0% (horizon or screen clip), blocked 0.0%, joint-limit clamped 0.0%
envelope binding term:
  world rows       L1 0.0%, local-L1 4.3%, speed-capped 0.0%, isotropic-anchored 95.7% (of 93 bound calls)
  self-pair rows   L1 0.0%, local-L1 0.0%, speed-capped 0.0%, normal-anchored 100.0% (of 10 bound calls)
local-lever screen: 1278 of 2023 expensive world rows settled before the envelope (63.2%)
span handed to the rollout, in controller steps (155 calls):
                   <1      1-2      2-4      4-8       8+
  L1 only      67.74%    12.26%     6.45%     4.52%     9.03%
  envelope     32.90%    16.77%     8.39%     9.03%    32.90%
=== CBF profiler (wall time) ===
=== CBF filter stats ===
  calls=0  unchanged=0 (0.0%)  filtered=0 (0.0%)  blocked=0 (0.0%)
  active rows:       avg=0.00  max=0
  zero-row fast path: 0 (0.0%)
  qp iterations:     avg=0.00  max=0
  certified duration: avg=0.00000s  min=0.00000s  max=0.00000s  (over 0 non-blocked calls)
  required gain:     avg=0.000/s  max=0.000/s  p50=0.000/s  p90=0.000/s  p99=0.000/s  (over 0 calls, 0 uncertified)
