
MotionBenchMaker UR5, 33 problems loaded, up to 100 per scene
voxel 0.003 m, margin 0.0000 m + 0.0000 m filter buffer, stepSize 0.001 s, range 2.00 rad, 10.0 s limit

hop certificates: old L1 Lipschitz region and new hold-time bound
Picard: off; trajectory prefixes: 0; sequential rollout budget: 10000 calls
kappa 20.00 /s, certified step uncapped, self-collision margin 0.0000 m over 303 pairs
baseline segment: 0.000650 of extent = 0.0100 rad, rollout step 0.0100 rad (matched to the rollout)
rope shortcut off, all rows unsimplified

seed 1
  planner       solved ms(min/med/max)        samples vertices     path rad/call coarse  worst clr unsafe/audited missed worst self collide

table_under_pick  (1 problems, 0 skipped: 0 clearance, 0 self-collision)
  rrtconnect    1/1      10.96/10.96/10.96         1997       12    15.43        -      -     0.0032      0/773          0     0.0004       0
      primary samples 25, productive 8 (32.0%), vertices/sample 0.480
  qp-fixed      1/1      25.02/25.02/25.02         2249       18    13.09   0.0115     0%     0.0009      0/974          0     0.0019       0
      primary samples 5, productive 5 (100.0%), vertices/sample 3.600
      qp 294.4 rows/call, 80% of calls reached the solver, 2249 calls
  qp-adapt      1/1      17.80/17.80/17.80         1495       18    13.09   0.0173    33%     0.0009      0/866          0     0.0019       0
      primary samples 5, productive 5 (100.0%), vertices/sample 3.600
      qp 298.4 rows/call, 94% of calls reached the solver, 1495 calls
  qp-env        1/1      11.18/11.18/11.18          885       18    13.11   0.0293    24%     0.0009      0/774          0     0.0019       0
      primary samples 5, productive 5 (100.0%), vertices/sample 3.600
      qp 299.8 rows/call, 96% of calls reached the solver, 885 calls
  vamp-rrtc     1/1       0.12/0.12/0.12          1677       12    15.43        -      -     0.0032      0/773          0     0.0004       0
      primary samples 0, productive 0 (0.0%), vertices/sample 0.000

Hop disposition -- what set the hop's length, median over problems.
  row         floored(<1 step)    at region   edge-limited
  qp-fixed            100.0%         0.0%           0.0%
  qp-adapt             67.1%        32.4%           0.5%
  qp-env               75.9%        23.1%           1.0%

Endpoint clearance at zero margin -- min(start, goal) over all spheres.
  scene                     min    median       max affordable   problems by margin
  table_under_pick       0.0079    0.0079    0.0079    0.0079   0:100% 0.02:  0% 0.04:  0% 0.06:  0% 0.09:  0%

all scenes  (1 problems, 0 skipped: 0 clearance, 0 self-collision)
  rrtconnect    1/1      10.96/10.96/10.96         1997       12    15.43        -      -     0.0032      0/773          0     0.0004       0
      primary samples 25, productive 8 (32.0%), vertices/sample 0.480
  qp-fixed      1/1      25.02/25.02/25.02         2249       18    13.09   0.0115     0%     0.0009      0/974          0     0.0019       0
      primary samples 5, productive 5 (100.0%), vertices/sample 3.600
      qp 294.4 rows/call, 80% of calls reached the solver, 2249 calls
  qp-adapt      1/1      17.80/17.80/17.80         1495       18    13.09   0.0173    33%     0.0009      0/866          0     0.0019       0
      primary samples 5, productive 5 (100.0%), vertices/sample 3.600
      qp 298.4 rows/call, 94% of calls reached the solver, 1495 calls
  qp-env        1/1      11.18/11.18/11.18          885       18    13.11   0.0293    24%     0.0009      0/774          0     0.0019       0
      primary samples 5, productive 5 (100.0%), vertices/sample 3.600
      qp 299.8 rows/call, 96% of calls reached the solver, 885 calls
  vamp-rrtc     1/1       0.12/0.12/0.12          1677       12    15.43        -      -     0.0032      0/773          0     0.0004       0
      primary samples 0, productive 0 (0.0%), vertices/sample 0.000

"samples" is checked configurations for isSafe, barrier evaluations for
the three CBF rows, and SIMD configuration lanes evaluated for VAMP. They measure
sampling work, while wall time captures the very different per-sample costs.
"unsafe/audited" evaluates exact primitive clearance at every state of the
densified solution -- for each CBF row that is the rollout the planner recorded
for each edge, replayed, so it is the motion that would actually be executed,
sampled inside each step rather than only at its boundaries. Non-zero unsafe
invalidates a row however fast it was.
"missed" counts solution edges that were not on file and had to be
re-derived; it must be zero, or the audited motion is a different trajectory
from the one the planner found.


envelope hop: 217 filter calls, 1.429 hold queries/call, 29.4% saturated, 100.0% longer than L1, past one step 98.2% (L1 alone 59.9%), gated 75.5%, empty-active 0.0%, screen-escalated 0.9%
envelope bottleneck: world 99.1%, self-collision 0.9%, unbound 0.0% (horizon or screen clip), blocked 0.0%, joint-limit clamped 0.0%
envelope binding term:
  world rows       L1 0.0%, local-L1 0.9%, speed-capped 0.0%, isotropic-anchored 99.1% (of 215 bound calls)
  self-pair rows   L1 0.0%, local-L1 0.0%, speed-capped 0.0%, normal-anchored 100.0% (of 2 bound calls)
local-lever screen: 1530 of 2748 expensive world rows settled before the envelope (55.7%)
span handed to the rollout, in controller steps (885 calls):
                   <1      1-2      2-4      4-8       8+
  L1 only      85.31%     8.36%     3.50%     1.81%     1.02%
  envelope     75.93%     2.26%     6.55%     8.70%     6.55%
=== CBF profiler (wall time) ===
=== CBF filter stats ===
  calls=0  unchanged=0 (0.0%)  filtered=0 (0.0%)  blocked=0 (0.0%)
  active rows:       avg=0.00  max=0
  zero-row fast path: 0 (0.0%)
  qp iterations:     avg=0.00  max=0
  certified duration: avg=0.00000s  min=0.00000s  max=0.00000s  (over 0 non-blocked calls)
  required gain:     avg=0.000/s  max=0.000/s  p50=0.000/s  p90=0.000/s  p99=0.000/s  (over 0 calls, 0 uncertified)
