
MotionBenchMaker UR5, 33 problems loaded, up to 100 per scene
voxel 0.003 m, margin 0.0000 m + 0.0000 m filter buffer, stepSize 0.001 s, range 2.00 rad, 10.0 s limit

hop certificates: old L1 Lipschitz region and new hold-time bound
Picard: off; trajectory prefixes: 0; sequential rollout budget: 10000 calls
kappa 20.00 /s, certified step uncapped, self-collision margin 0.0000 m over 303 pairs
baseline segment: 0.000650 of extent = 0.0100 rad, rollout step 0.0100 rad (matched to the rollout)
rope shortcut off, all rows unsimplified

seed 1
  planner       solved ms(min/med/max)        samples vertices     path rad/call coarse  worst clr unsafe/audited missed worst self collide

bookshelf_tall  (1 problems, 0 skipped: 0 clearance, 0 self-collision)
  rrtconnect    1/1      87.15/87.15/87.15        16206       82    25.67        -      -     0.0002      0/1285         0     0.0025       0
      primary samples 349, productive 77 (22.1%), vertices/sample 0.235
  qp-fixed      1/1      34.71/34.71/34.71         4119       23    16.69   0.0085     0%     0.0003      0/1611         0     0.0010       0
      primary samples 13, productive 10 (76.9%), vertices/sample 1.769
      qp 281.5 rows/call, 84% of calls reached the solver, 4119 calls
  qp-adapt      1/1      26.47/26.47/26.47         2880       23    16.71   0.0121    15%     0.0003      0/1407         0     0.0010       0
      primary samples 13, productive 10 (76.9%), vertices/sample 1.769
      qp 290.1 rows/call, 97% of calls reached the solver, 2880 calls
  qp-env        1/1      24.16/24.16/24.16         2536       21    16.84   0.0139     6%     0.0003      0/1325         0     0.0010       0
      primary samples 13, productive 10 (76.9%), vertices/sample 1.615
      qp 290.7 rows/call, 99% of calls reached the solver, 2536 calls
  vamp-rrtc     1/1       0.65/0.65/0.65         16409       85    25.67        -      -     0.0002      0/1285         0     0.0025       0
      primary samples 0, productive 0 (0.0%), vertices/sample 0.000

table_under_pick  (1 problems, 0 skipped: 0 clearance, 0 self-collision)
  rrtconnect    1/1      15.56/15.56/15.56         4354       24    22.02        -      -     0.0012      0/1103         0     0.0023       0
      primary samples 68, productive 18 (26.5%), vertices/sample 0.353
  qp-fixed      1/1      10.07/10.07/10.07         1423       12    11.00   0.0094     0%     0.0002      0/1189         0     0.0010       0
      primary samples 2, productive 2 (100.0%), vertices/sample 6.000
      qp 278.8 rows/call, 95% of calls reached the solver, 1423 calls
  qp-adapt      1/1       7.99/7.99/7.99          1055       12    10.98   0.0127    26%     0.0002      0/1048         0     0.0010       0
      primary samples 2, productive 2 (100.0%), vertices/sample 6.000
      qp 283.8 rows/call, 97% of calls reached the solver, 1055 calls
  qp-env        1/1       6.40/6.40/6.40           816       12    14.18   0.0186     8%     0.0076      0/1033         0     0.0010       0
      primary samples 3, productive 3 (100.0%), vertices/sample 4.000
      qp 293.2 rows/call, 95% of calls reached the solver, 816 calls
  vamp-rrtc     1/1       0.06/0.06/0.06          2107       14    13.01        -      -     0.0080      0/652          0     0.0020       0
      primary samples 0, productive 0 (0.0%), vertices/sample 0.000

Hop disposition -- what set the hop's length, median over problems.
  row         floored(<1 step)    at region   edge-limited
  qp-fixed            100.0%         0.0%           0.0%
  qp-adapt             84.8%        25.9%           0.5%
  qp-env               93.5%         7.4%           1.0%

Endpoint clearance at zero margin -- min(start, goal) over all spheres.
  scene                     min    median       max affordable   problems by margin
  bookshelf_tall         0.0043    0.0043    0.0043    0.0043   0:100% 0.02:  0% 0.04:  0% 0.06:  0% 0.09:  0%
  table_under_pick       0.0080    0.0080    0.0080    0.0080   0:100% 0.02:  0% 0.04:  0% 0.06:  0% 0.09:  0%

all scenes  (2 problems, 0 skipped: 0 clearance, 0 self-collision)
  rrtconnect    2/2      15.56/87.15/87.15        16206       82    25.67        -      -     0.0002      0/2388         0     0.0023       0
      primary samples 349, productive 77 (22.1%), vertices/sample 0.353
  qp-fixed      2/2      10.07/34.71/34.71         4119       23    16.69   0.0094     0%     0.0002      0/2800         0     0.0010       0
      primary samples 13, productive 10 (76.9%), vertices/sample 6.000
      qp 281.5 rows/call, 95% of calls reached the solver, 5542 calls
  qp-adapt      2/2       7.99/26.47/26.47         2880       23    16.71   0.0127    26%     0.0002      0/2455         0     0.0010       0
      primary samples 13, productive 10 (76.9%), vertices/sample 6.000
      qp 290.1 rows/call, 97% of calls reached the solver, 3935 calls
  qp-env        2/2       6.40/24.16/24.16         2536       21    16.84   0.0186     8%     0.0003      0/2358         0     0.0010       0
      primary samples 13, productive 10 (76.9%), vertices/sample 4.000
      qp 293.2 rows/call, 99% of calls reached the solver, 3352 calls
  vamp-rrtc     2/2       0.06/0.65/0.65         16409       85    25.67        -      -     0.0002      0/1937         0     0.0020       0
      primary samples 0, productive 0 (0.0%), vertices/sample 0.000

"samples" is checked configurations for isSafe, barrier evaluations for
the three CBF rows, and SIMD configuration lanes evaluated for VAMP. They measure
sampling work, while wall time captures the very different per-sample costs.
"unsafe/audited" evaluates exact primitive clearance at every state of the
densified solution -- for each CBF row that is the rollout the planner recorded
for each edge, replayed, so it is the motion that would actually be executed,
sampled inside each step rather than only at its boundaries. Non-zero unsafe
invalidates a row however fast it was.
"missed" counts solution edges that were not on file and had to be
re-derived; it must be zero, or the audited motion is a different trajectory
from the one the planner found.


envelope hop: 232 filter calls, 1.453 hold queries/call, 26.7% saturated, 100.0% longer than L1, past one step 100.0% (L1 alone 69.0%), gated 93.1%, empty-active 0.0%, screen-escalated 6.5%
envelope bottleneck: world 91.4%, self-collision 7.8%, unbound 0.9% (horizon or screen clip), blocked 0.0%, joint-limit clamped 0.0%
envelope binding term:
  world rows       L1 0.0%, local-L1 0.9%, speed-capped 0.0%, isotropic-anchored 99.1% (of 212 bound calls)
  self-pair rows   L1 0.0%, local-L1 0.0%, speed-capped 0.0%, normal-anchored 100.0% (of 18 bound calls)
local-lever screen: 1988 of 3372 expensive world rows settled before the envelope (59.0%)
span handed to the rollout, in controller steps (3352 calls):
                   <1      1-2      2-4      4-8       8+
  L1 only      95.23%     2.33%     1.19%     0.54%     0.72%
  envelope     93.08%     0.51%     1.91%     1.64%     2.86%
=== CBF profiler (wall time) ===
=== CBF filter stats ===
  calls=0  unchanged=0 (0.0%)  filtered=0 (0.0%)  blocked=0 (0.0%)
  active rows:       avg=0.00  max=0
  zero-row fast path: 0 (0.0%)
  qp iterations:     avg=0.00  max=0
  certified duration: avg=0.00000s  min=0.00000s  max=0.00000s  (over 0 non-blocked calls)
  required gain:     avg=0.000/s  max=0.000/s  p50=0.000/s  p90=0.000/s  p99=0.000/s  (over 0 calls, 0 uncertified)
