
MotionBenchMaker UR5, 33 problems loaded, up to 100 per scene
voxel 0.003 m, margin 0.0000 m + 0.0000 m filter buffer, stepSize 0.001 s, range 2.00 rad, 10.0 s limit

hop certificates: old L1 Lipschitz region and new hold-time bound
Picard: off; trajectory prefixes: 0; sequential rollout budget: 10000 calls
kappa 20.00 /s, certified step uncapped, self-collision margin 0.0000 m over 303 pairs
baseline segment: 0.000650 of extent = 0.0100 rad, rollout step 0.0100 rad (matched to the rollout)
rope shortcut off, all rows unsimplified

seed 1
  planner       solved ms(min/med/max)        samples vertices     path rad/call coarse  worst clr unsafe/audited missed worst self collide

bookshelf_tall  (1 problems, 0 skipped: 0 clearance, 0 self-collision)
  rrtconnect    0/1    10000.55/10000.55/10000.55    1258339    11040     0.00        -      -          -              -      -          -       -
      primary samples 71399, productive 11034 (15.5%), vertices/sample 0.155
  qp-fixed      0/1    10003.97/10003.97/10003.97     687815     2329     0.00   0.0069     0%          -              -      -          -       -
      primary samples 3191, productive 1651 (51.7%), vertices/sample 0.730
      qp 305.1 rows/call, 93% of calls reached the solver, 687815 calls
  qp-adapt      0/1    10001.73/10001.73/10001.73     658735     2566     0.00   0.0080    11%          -              -      -          -       -
      primary samples 3620, productive 1837 (50.7%), vertices/sample 0.709
      qp 307.2 rows/call, 98% of calls reached the solver, 658735 calls
  qp-env        0/1    10002.26/10002.26/10002.26     652895     2782     0.00   0.0088     1%          -              -      -          -       -
      primary samples 4028, productive 2015 (50.0%), vertices/sample 0.691
      qp 307.0 rows/call, 99% of calls reached the solver, 652895 calls
  vamp-rrtc     1/1       0.08/0.08/0.08           335        8    10.02        -      -     0.0049      0/502          0     0.0025       0
      primary samples 0, productive 0 (0.0%), vertices/sample 0.000

Hop disposition -- what set the hop's length, median over problems.
  row         floored(<1 step)    at region   edge-limited
  qp-fixed            100.0%         0.0%           0.0%
  qp-adapt             89.3%        10.5%           0.2%
  qp-env               98.5%         1.3%           0.2%

Endpoint clearance at zero margin -- min(start, goal) over all spheres.
  scene                     min    median       max affordable   problems by margin
  bookshelf_tall         0.0050    0.0050    0.0050    0.0050   0:100% 0.02:  0% 0.04:  0% 0.06:  0% 0.09:  0%

all scenes  (1 problems, 0 skipped: 0 clearance, 0 self-collision)
  rrtconnect    0/1    10000.55/10000.55/10000.55    1258339    11040     0.00        -      -          -              -      -          -       -
      primary samples 71399, productive 11034 (15.5%), vertices/sample 0.155
  qp-fixed      0/1    10003.97/10003.97/10003.97     687815     2329     0.00   0.0069     0%          -              -      -          -       -
      primary samples 3191, productive 1651 (51.7%), vertices/sample 0.730
      qp 305.1 rows/call, 93% of calls reached the solver, 687815 calls
  qp-adapt      0/1    10001.73/10001.73/10001.73     658735     2566     0.00   0.0080    11%          -              -      -          -       -
      primary samples 3620, productive 1837 (50.7%), vertices/sample 0.709
      qp 307.2 rows/call, 98% of calls reached the solver, 658735 calls
  qp-env        0/1    10002.26/10002.26/10002.26     652895     2782     0.00   0.0088     1%          -              -      -          -       -
      primary samples 4028, productive 2015 (50.0%), vertices/sample 0.691
      qp 307.0 rows/call, 99% of calls reached the solver, 652895 calls
  vamp-rrtc     1/1       0.08/0.08/0.08           335        8    10.02        -      -     0.0049      0/502          0     0.0025       0
      primary samples 0, productive 0 (0.0%), vertices/sample 0.000

"samples" is checked configurations for isSafe, barrier evaluations for
the three CBF rows, and SIMD configuration lanes evaluated for VAMP. They measure
sampling work, while wall time captures the very different per-sample costs.
"unsafe/audited" evaluates exact primitive clearance at every state of the
densified solution -- for each CBF row that is the rollout the planner recorded
for each edge, replayed, so it is the motion that would actually be executed,
sampled inside each step rather than only at its boundaries. Non-zero unsafe
invalidates a row however fast it was.
"missed" counts solution edges that were not on file and had to be
re-derived; it must be zero, or the audited motion is a different trajectory
from the one the planner found.


envelope hop: 9960 filter calls, 1.970 hold queries/call, 45.3% saturated, 100.0% longer than L1, past one step 98.1% (L1 alone 69.1%), gated 98.5%, empty-active 0.0%, screen-escalated 7.9%
envelope bottleneck: world 59.9%, self-collision 39.5%, unbound 0.6% (horizon or screen clip), blocked 0.0%, joint-limit clamped 0.0%
envelope binding term:
  world rows       L1 0.0%, local-L1 2.5%, speed-capped 1.3%, isotropic-anchored 96.2% (of 5966 bound calls)
  self-pair rows   L1 0.0%, local-L1 0.0%, speed-capped 0.0%, normal-anchored 100.0% (of 3936 bound calls)
local-lever screen: 101749 of 138120 expensive world rows settled before the envelope (73.7%)
span handed to the rollout, in controller steps (652889 calls):
                   <1      1-2      2-4      4-8       8+
  L1 only      98.95%     0.32%     0.32%     0.25%     0.17%
  envelope     98.50%     0.08%     0.16%     0.16%     1.10%
=== CBF profiler (wall time) ===
=== CBF filter stats ===
  calls=0  unchanged=0 (0.0%)  filtered=0 (0.0%)  blocked=0 (0.0%)
  active rows:       avg=0.00  max=0
  zero-row fast path: 0 (0.0%)
  qp iterations:     avg=0.00  max=0
  certified duration: avg=0.00000s  min=0.00000s  max=0.00000s  (over 0 non-blocked calls)
  required gain:     avg=0.000/s  max=0.000/s  p50=0.000/s  p90=0.000/s  p99=0.000/s  (over 0 calls, 0 uncertified)
