
MotionBenchMaker UR5, 33 problems loaded, up to 100 per scene
voxel 0.003 m, margin 0.0000 m + 0.0000 m filter buffer, stepSize 0.001 s, range 2.00 rad, 10.0 s limit

hop certificates: old L1 Lipschitz region and new hold-time bound
Picard: off; trajectory prefixes: 0; sequential rollout budget: 10000 calls
kappa 20.00 /s, certified step uncapped, self-collision margin 0.0000 m over 303 pairs
baseline segment: 0.000650 of extent = 0.0100 rad, rollout step 0.0100 rad (matched to the rollout)
rope shortcut off, all rows unsimplified

seed 1
  planner       solved ms(min/med/max)        samples vertices     path rad/call coarse  worst clr unsafe/audited missed worst self collide

table_under_pick  (1 problems, 0 skipped: 0 clearance, 0 self-collision)
  rrtconnect    0/1    10000.16/10000.16/10000.16    1615629    14749     0.00        -      -          -              -      -          -       -
      primary samples 88427, productive 14745 (16.7%), vertices/sample 0.167
  qp-fixed      0/1    10002.29/10002.29/10002.29     803835     2626     0.00   0.0068     0%          -              -      -          -       -
      primary samples 3762, productive 1899 (50.5%), vertices/sample 0.698
      qp 304.2 rows/call, 93% of calls reached the solver, 803835 calls
  qp-adapt      0/1    10000.78/10000.78/10000.78     749273     2812     0.00   0.0078     9%          -              -      -          -       -
      primary samples 4107, productive 2048 (49.9%), vertices/sample 0.685
      qp 305.8 rows/call, 98% of calls reached the solver, 749273 calls
  qp-env        0/1    10001.45/10001.45/10001.45     742042     2986     0.00   0.0085     1%          -              -      -          -       -
      primary samples 4480, productive 2193 (49.0%), vertices/sample 0.667
      qp 305.7 rows/call, 99% of calls reached the solver, 742042 calls
  vamp-rrtc     1/1       0.13/0.13/0.13          2065       12    13.91        -      -     0.0069      0/697          0     0.0025       0
      primary samples 0, productive 0 (0.0%), vertices/sample 0.000

Hop disposition -- what set the hop's length, median over problems.
  row         floored(<1 step)    at region   edge-limited
  qp-fixed            100.0%         0.0%           0.0%
  qp-adapt             90.5%         9.3%           0.2%
  qp-env               98.7%         1.0%           0.2%

Endpoint clearance at zero margin -- min(start, goal) over all spheres.
  scene                     min    median       max affordable   problems by margin
  table_under_pick       0.0078    0.0078    0.0078    0.0078   0:100% 0.02:  0% 0.04:  0% 0.06:  0% 0.09:  0%

all scenes  (1 problems, 0 skipped: 0 clearance, 0 self-collision)
  rrtconnect    0/1    10000.16/10000.16/10000.16    1615629    14749     0.00        -      -          -              -      -          -       -
      primary samples 88427, productive 14745 (16.7%), vertices/sample 0.167
  qp-fixed      0/1    10002.29/10002.29/10002.29     803835     2626     0.00   0.0068     0%          -              -      -          -       -
      primary samples 3762, productive 1899 (50.5%), vertices/sample 0.698
      qp 304.2 rows/call, 93% of calls reached the solver, 803835 calls
  qp-adapt      0/1    10000.78/10000.78/10000.78     749273     2812     0.00   0.0078     9%          -              -      -          -       -
      primary samples 4107, productive 2048 (49.9%), vertices/sample 0.685
      qp 305.8 rows/call, 98% of calls reached the solver, 749273 calls
  qp-env        0/1    10001.45/10001.45/10001.45     742042     2986     0.00   0.0085     1%          -              -      -          -       -
      primary samples 4480, productive 2193 (49.0%), vertices/sample 0.667
      qp 305.7 rows/call, 99% of calls reached the solver, 742042 calls
  vamp-rrtc     1/1       0.13/0.13/0.13          2065       12    13.91        -      -     0.0069      0/697          0     0.0025       0
      primary samples 0, productive 0 (0.0%), vertices/sample 0.000

"samples" is checked configurations for isSafe, barrier evaluations for
the three CBF rows, and SIMD configuration lanes evaluated for VAMP. They measure
sampling work, while wall time captures the very different per-sample costs.
"unsafe/audited" evaluates exact primitive clearance at every state of the
densified solution -- for each CBF row that is the rollout the planner recorded
for each edge, replayed, so it is the motion that would actually be executed,
sampled inside each step rather than only at its boundaries. Non-zero unsafe
invalidates a row however fast it was.
"missed" counts solution edges that were not on file and had to be
re-derived; it must be zero, or the audited motion is a different trajectory
from the one the planner found.


envelope hop: 9452 filter calls, 2.045 hold queries/call, 46.3% saturated, 100.0% longer than L1, past one step 98.5% (L1 alone 63.9%), gated 98.7%, empty-active 0.0%, screen-escalated 9.9%
envelope bottleneck: world 51.6%, self-collision 47.9%, unbound 0.6% (horizon or screen clip), blocked 0.0%, joint-limit clamped 0.0%
envelope binding term:
  world rows       L1 0.0%, local-L1 3.3%, speed-capped 0.7%, isotropic-anchored 96.0% (of 4873 bound calls)
  self-pair rows   L1 0.0%, local-L1 0.0%, speed-capped 0.0%, normal-anchored 100.0% (of 4526 bound calls)
local-lever screen: 95904 of 125549 expensive world rows settled before the envelope (76.4%)
span handed to the rollout, in controller steps (742037 calls):
                   <1      1-2      2-4      4-8       8+
  L1 only      99.19%     0.24%     0.23%     0.19%     0.16%
  envelope     98.75%     0.08%     0.13%     0.12%     0.93%
=== CBF profiler (wall time) ===
=== CBF filter stats ===
  calls=0  unchanged=0 (0.0%)  filtered=0 (0.0%)  blocked=0 (0.0%)
  active rows:       avg=0.00  max=0
  zero-row fast path: 0 (0.0%)
  qp iterations:     avg=0.00  max=0
  certified duration: avg=0.00000s  min=0.00000s  max=0.00000s  (over 0 non-blocked calls)
  required gain:     avg=0.000/s  max=0.000/s  p50=0.000/s  p90=0.000/s  p99=0.000/s  (over 0 calls, 0 uncertified)
