
MotionBenchMaker UR5, 33 problems loaded, up to 100 per scene
voxel 0.003 m, margin 0.0000 m + 0.0000 m filter buffer, stepSize 0.001 s, range 2.00 rad, 10.0 s limit

hop certificates: old L1 Lipschitz region and new hold-time bound
Picard: off; trajectory prefixes: 0; sequential rollout budget: 10000 calls
kappa 20.00 /s, certified step uncapped, self-collision margin 0.0000 m over 303 pairs
baseline segment: 0.000650 of extent = 0.0100 rad, rollout step 0.0100 rad (matched to the rollout)
rope shortcut off, all rows unsimplified

seed 1
  planner       solved ms(min/med/max)        samples vertices     path rad/call coarse  worst clr unsafe/audited missed worst self collide

bookshelf_tall  (1 problems, 0 skipped: 0 clearance, 0 self-collision)
  rrtconnect    0/1    10000.03/10000.03/10000.03    1253801    10960     0.00        -      -          -              -      -          -       -
      primary samples 73905, productive 10958 (14.8%), vertices/sample 0.148
  qp-fixed      0/1    10000.18/10000.18/10000.18     693923     2312     0.00   0.0068     0%          -              -      -          -       -
      primary samples 3206, productive 1655 (51.6%), vertices/sample 0.721
      qp 305.8 rows/call, 93% of calls reached the solver, 693923 calls
  qp-adapt      0/1    10000.11/10000.11/10000.11     656094     2517     0.00   0.0079     9%          -              -      -          -       -
      primary samples 3555, productive 1822 (51.3%), vertices/sample 0.708
      qp 307.7 rows/call, 98% of calls reached the solver, 656094 calls
  qp-env        0/1    10000.53/10000.53/10000.53     649963     2740     0.00   0.0087     1%          -              -      -          -       -
      primary samples 3933, productive 2007 (51.0%), vertices/sample 0.697
      qp 307.0 rows/call, 99% of calls reached the solver, 649963 calls
  vamp-rrtc     1/1       0.87/0.87/0.87         11341       48    15.63        -      -     0.0060      0/783          0     0.0025       0
      primary samples 0, productive 0 (0.0%), vertices/sample 0.000

Hop disposition -- what set the hop's length, median over problems.
  row         floored(<1 step)    at region   edge-limited
  qp-fixed            100.0%         0.0%           0.0%
  qp-adapt             90.6%         9.2%           0.2%
  qp-env               98.5%         1.3%           0.2%

Endpoint clearance at zero margin -- min(start, goal) over all spheres.
  scene                     min    median       max affordable   problems by margin
  bookshelf_tall         0.0060    0.0060    0.0060    0.0060   0:100% 0.02:  0% 0.04:  0% 0.06:  0% 0.09:  0%

all scenes  (1 problems, 0 skipped: 0 clearance, 0 self-collision)
  rrtconnect    0/1    10000.03/10000.03/10000.03    1253801    10960     0.00        -      -          -              -      -          -       -
      primary samples 73905, productive 10958 (14.8%), vertices/sample 0.148
  qp-fixed      0/1    10000.18/10000.18/10000.18     693923     2312     0.00   0.0068     0%          -              -      -          -       -
      primary samples 3206, productive 1655 (51.6%), vertices/sample 0.721
      qp 305.8 rows/call, 93% of calls reached the solver, 693923 calls
  qp-adapt      0/1    10000.11/10000.11/10000.11     656094     2517     0.00   0.0079     9%          -              -      -          -       -
      primary samples 3555, productive 1822 (51.3%), vertices/sample 0.708
      qp 307.7 rows/call, 98% of calls reached the solver, 656094 calls
  qp-env        0/1    10000.53/10000.53/10000.53     649963     2740     0.00   0.0087     1%          -              -      -          -       -
      primary samples 3933, productive 2007 (51.0%), vertices/sample 0.697
      qp 307.0 rows/call, 99% of calls reached the solver, 649963 calls
  vamp-rrtc     1/1       0.87/0.87/0.87         11341       48    15.63        -      -     0.0060      0/783          0     0.0025       0
      primary samples 0, productive 0 (0.0%), vertices/sample 0.000

"samples" is checked configurations for isSafe, barrier evaluations for
the three CBF rows, and SIMD configuration lanes evaluated for VAMP. They measure
sampling work, while wall time captures the very different per-sample costs.
"unsafe/audited" evaluates exact primitive clearance at every state of the
densified solution -- for each CBF row that is the rollout the planner recorded
for each edge, replayed, so it is the motion that would actually be executed,
sampled inside each step rather than only at its boundaries. Non-zero unsafe
invalidates a row however fast it was.
"missed" counts solution edges that were not on file and had to be
re-derived; it must be zero, or the audited motion is a different trajectory
from the one the planner found.


envelope hop: 9987 filter calls, 1.924 hold queries/call, 44.3% saturated, 100.0% longer than L1, past one step 99.2% (L1 alone 69.3%), gated 98.5%, empty-active 0.0%, screen-escalated 7.3%
envelope bottleneck: world 64.3%, self-collision 35.3%, unbound 0.4% (horizon or screen clip), blocked 0.0%, joint-limit clamped 0.0%
envelope binding term:
  world rows       L1 0.0%, local-L1 2.7%, speed-capped 0.8%, isotropic-anchored 96.5% (of 6417 bound calls)
  self-pair rows   L1 0.0%, local-L1 0.0%, speed-capped 0.0%, normal-anchored 100.0% (of 3530 bound calls)
local-lever screen: 110253 of 151373 expensive world rows settled before the envelope (72.8%)
span handed to the rollout, in controller steps (649960 calls):
                   <1      1-2      2-4      4-8       8+
  L1 only      98.94%     0.34%     0.34%     0.23%     0.16%
  envelope     98.48%     0.07%     0.17%     0.22%     1.06%
=== CBF profiler (wall time) ===
=== CBF filter stats ===
  calls=0  unchanged=0 (0.0%)  filtered=0 (0.0%)  blocked=0 (0.0%)
  active rows:       avg=0.00  max=0
  zero-row fast path: 0 (0.0%)
  qp iterations:     avg=0.00  max=0
  certified duration: avg=0.00000s  min=0.00000s  max=0.00000s  (over 0 non-blocked calls)
  required gain:     avg=0.000/s  max=0.000/s  p50=0.000/s  p90=0.000/s  p99=0.000/s  (over 0 calls, 0 uncertified)
