
MotionBenchMaker UR5, 33 problems loaded, up to 100 per scene
voxel 0.003 m, margin 0.0000 m + 0.0000 m filter buffer, stepSize 0.001 s, range 2.00 rad, 10.0 s limit

hop certificates: old L1 Lipschitz region and new hold-time bound
Picard: off; trajectory prefixes: 0; sequential rollout budget: 10000 calls
kappa 20.00 /s, certified step uncapped, self-collision margin 0.0000 m over 303 pairs
baseline segment: 0.000650 of extent = 0.0100 rad, rollout step 0.0100 rad (matched to the rollout)
rope shortcut off, all rows unsimplified

seed 1
  planner       solved ms(min/med/max)        samples vertices     path rad/call coarse  worst clr unsafe/audited missed worst self collide

bookshelf_small  (1 problems, 0 skipped: 0 clearance, 0 self-collision)
  rrtconnect    0/1    10000.14/10000.14/10000.14    3181049    32892     0.00        -      -          -              -      -          -       -
      primary samples 207911, productive 32890 (15.8%), vertices/sample 0.158
  qp-fixed      0/1    10001.74/10001.74/10001.74    1590197     4790     0.00   0.0063     0%          -              -      -          -       -
      primary samples 7895, productive 3717 (47.1%), vertices/sample 0.607
      qp 305.3 rows/call, 94% of calls reached the solver, 1590197 calls
  qp-adapt      0/1    10001.14/10001.14/10001.14    1471154     5025     0.00   0.0072     8%          -              -      -          -       -
      primary samples 8381, productive 3925 (46.8%), vertices/sample 0.600
      qp 306.8 rows/call, 98% of calls reached the solver, 1471154 calls
  qp-env        0/1    10000.02/10000.02/10000.02    1450595     5383     0.00   0.0079     1%          -              -      -          -       -
      primary samples 9158, productive 4226 (46.1%), vertices/sample 0.588
      qp 306.7 rows/call, 99% of calls reached the solver, 1450595 calls
  vamp-rrtc     1/1       0.07/0.07/0.07          2896       15    13.14        -      -     0.0039      0/658          0     0.0022       0
      primary samples 0, productive 0 (0.0%), vertices/sample 0.000

bookshelf_tall  (1 problems, 0 skipped: 0 clearance, 0 self-collision)
  rrtconnect    0/1    10000.06/10000.06/10000.06    1878517    17712     0.00        -      -          -              -      -          -       -
      primary samples 111004, productive 17709 (16.0%), vertices/sample 0.160
  qp-fixed      0/1    10000.58/10000.58/10000.58    1072580     3407     0.00   0.0066     0%          -              -      -          -       -
      primary samples 5124, productive 2543 (49.6%), vertices/sample 0.665
      qp 305.2 rows/call, 93% of calls reached the solver, 1072580 calls
  qp-adapt      0/1    10000.11/10000.11/10000.11     995063     3645     0.00   0.0076     9%          -              -      -          -       -
      primary samples 5565, productive 2735 (49.1%), vertices/sample 0.655
      qp 306.7 rows/call, 98% of calls reached the solver, 995063 calls
  qp-env        0/1    10000.58/10000.58/10000.58     983007     3948     0.00   0.0084     1%          -              -      -          -       -
      primary samples 6193, productive 2992 (48.3%), vertices/sample 0.637
      qp 306.6 rows/call, 99% of calls reached the solver, 983007 calls
  vamp-rrtc     1/1       0.05/0.05/0.05           784        8     8.20        -      -     0.0032      0/412          0     0.0002       0
      primary samples 0, productive 0 (0.0%), vertices/sample 0.000

Hop disposition -- what set the hop's length, median over problems.
  row         floored(<1 step)    at region   edge-limited
  qp-fixed            100.0%         0.0%           0.0%
  qp-adapt             91.7%         9.1%           0.2%
  qp-env               98.8%         1.1%           0.2%

Endpoint clearance at zero margin -- min(start, goal) over all spheres.
  scene                     min    median       max affordable   problems by margin
  bookshelf_small        0.0039    0.0039    0.0039    0.0039   0:100% 0.02:  0% 0.04:  0% 0.06:  0% 0.09:  0%
  bookshelf_tall         0.0032    0.0032    0.0032    0.0032   0:100% 0.02:  0% 0.04:  0% 0.06:  0% 0.09:  0%

all scenes  (2 problems, 0 skipped: 0 clearance, 0 self-collision)
  rrtconnect    0/2    10000.06/10000.14/10000.14    3181049    32892     0.00        -      -          -              -      -          -       -
      primary samples 207911, productive 32890 (15.8%), vertices/sample 0.160
  qp-fixed      0/2    10000.58/10001.74/10001.74    1590197     4790     0.00   0.0066     0%          -              -      -          -       -
      primary samples 7895, productive 3717 (47.1%), vertices/sample 0.665
      qp 305.3 rows/call, 94% of calls reached the solver, 2662777 calls
  qp-adapt      0/2    10000.11/10001.14/10001.14    1471154     5025     0.00   0.0076     9%          -              -      -          -       -
      primary samples 8381, productive 3925 (46.8%), vertices/sample 0.655
      qp 306.8 rows/call, 98% of calls reached the solver, 2466217 calls
  qp-env        0/2    10000.02/10000.58/10000.58    1450595     5383     0.00   0.0084     1%          -              -      -          -       -
      primary samples 9158, productive 4226 (46.1%), vertices/sample 0.637
      qp 306.7 rows/call, 99% of calls reached the solver, 2433602 calls
  vamp-rrtc     2/2       0.05/0.07/0.07          2896       15    13.14        -      -     0.0032      0/1070         0     0.0002       0
      primary samples 0, productive 0 (0.0%), vertices/sample 0.000

"samples" is checked configurations for isSafe, barrier evaluations for
the three CBF rows, and SIMD configuration lanes evaluated for VAMP. They measure
sampling work, while wall time captures the very different per-sample costs.
"unsafe/audited" evaluates exact primitive clearance at every state of the
densified solution -- for each CBF row that is the rollout the planner recorded
for each edge, replayed, so it is the motion that would actually be executed,
sampled inside each step rather than only at its boundaries. Non-zero unsafe
invalidates a row however fast it was.
"missed" counts solution edges that were not on file and had to be
re-derived; it must be zero, or the audited motion is a different trajectory
from the one the planner found.


envelope hop: 31066 filter calls, 2.047 hold queries/call, 46.8% saturated, 100.0% longer than L1, past one step 99.6% (L1 alone 67.4%), gated 98.7%, empty-active 0.0%, screen-escalated 9.0%
envelope bottleneck: world 55.1%, self-collision 44.3%, unbound 0.6% (horizon or screen clip), blocked 0.0%, joint-limit clamped 0.0%
envelope binding term:
  world rows       L1 0.0%, local-L1 3.3%, speed-capped 0.6%, isotropic-anchored 96.1% (of 17115 bound calls)
  self-pair rows   L1 0.0%, local-L1 0.0%, speed-capped 0.0%, normal-anchored 100.0% (of 13770 bound calls)
local-lever screen: 343933 of 457948 expensive world rows settled before the envelope (75.1%)
span handed to the rollout, in controller steps (2433595 calls):
                   <1      1-2      2-4      4-8       8+
  L1 only      99.14%     0.27%     0.24%     0.19%     0.16%
  envelope     98.73%     0.06%     0.12%     0.13%     0.96%
=== CBF profiler (wall time) ===
=== CBF filter stats ===
  calls=0  unchanged=0 (0.0%)  filtered=0 (0.0%)  blocked=0 (0.0%)
  active rows:       avg=0.00  max=0
  zero-row fast path: 0 (0.0%)
  qp iterations:     avg=0.00  max=0
  certified duration: avg=0.00000s  min=0.00000s  max=0.00000s  (over 0 non-blocked calls)
  required gain:     avg=0.000/s  max=0.000/s  p50=0.000/s  p90=0.000/s  p99=0.000/s  (over 0 calls, 0 uncertified)
