
MotionBenchMaker UR5, 33 problems loaded, up to 100 per scene
voxel 0.003 m, margin 0.0000 m + 0.0000 m filter buffer, stepSize 0.001 s, range 2.00 rad, 10.0 s limit

hop certificates: old L1 Lipschitz region and new hold-time bound
Picard: off; trajectory prefixes: 0; sequential rollout budget: 10000 calls
kappa 20.00 /s, certified step uncapped, self-collision margin 0.0000 m over 303 pairs
baseline segment: 0.000650 of extent = 0.0100 rad, rollout step 0.0100 rad (matched to the rollout)
rope shortcut off, all rows unsimplified

seed 1
  planner       solved ms(min/med/max)        samples vertices     path rad/call coarse  worst clr unsafe/audited missed worst self collide

bookshelf_small  (1 problems, 0 skipped: 0 clearance, 0 self-collision)
  rrtconnect    0/1    10000.23/10000.23/10000.23    3218531    33294     0.00        -      -          -              -      -          -       -
      primary samples 195233, productive 33292 (17.1%), vertices/sample 0.171
  qp-fixed      0/1    10000.73/10000.73/10000.73    1596657     4818     0.00   0.0063     0%          -              -      -          -       -
      primary samples 7950, productive 3668 (46.1%), vertices/sample 0.606
      qp 304.0 rows/call, 93% of calls reached the solver, 1596657 calls
  qp-adapt      0/1    10000.56/10000.56/10000.56    1472559     5018     0.00   0.0072     8%          -              -      -          -       -
      primary samples 8379, productive 3837 (45.8%), vertices/sample 0.599
      qp 305.3 rows/call, 98% of calls reached the solver, 1472559 calls
  qp-env        0/1    10000.32/10000.32/10000.32    1455348     5349     0.00   0.0078     1%          -              -      -          -       -
      primary samples 9083, productive 4142 (45.6%), vertices/sample 0.589
      qp 304.9 rows/call, 99% of calls reached the solver, 1455348 calls
  vamp-rrtc     1/1       0.10/0.10/0.10          3653       22    10.17        -      -     0.0023      0/510          0     0.0025       0
      primary samples 0, productive 0 (0.0%), vertices/sample 0.000

bookshelf_tall  (1 problems, 0 skipped: 0 clearance, 0 self-collision)
  rrtconnect    0/1    10000.27/10000.27/10000.27    1842993    17365     0.00        -      -          -              -      -          -       -
      primary samples 111690, productive 17362 (15.5%), vertices/sample 0.155
  qp-fixed      0/1    10000.74/10000.74/10000.74    1044554     3299     0.00   0.0066     0%          -              -      -          -       -
      primary samples 5020, productive 2466 (49.1%), vertices/sample 0.657
      qp 305.6 rows/call, 93% of calls reached the solver, 1044554 calls
  qp-adapt      0/1    10001.12/10001.12/10001.12     985551     3554     0.00   0.0076     9%          -              -      -          -       -
      primary samples 5524, productive 2671 (48.4%), vertices/sample 0.643
      qp 307.2 rows/call, 98% of calls reached the solver, 985551 calls
  qp-env        0/1    10001.49/10001.49/10001.49     974545     3863     0.00   0.0083     1%          -              -      -          -       -
      primary samples 6094, productive 2926 (48.0%), vertices/sample 0.634
      qp 306.9 rows/call, 99% of calls reached the solver, 974545 calls
  vamp-rrtc     1/1       0.08/0.08/0.08          1378       11     8.36        -      -     0.0047      0/420          0     0.0014       0
      primary samples 0, productive 0 (0.0%), vertices/sample 0.000

Hop disposition -- what set the hop's length, median over problems.
  row         floored(<1 step)    at region   edge-limited
  qp-fixed            100.0%         0.0%           0.0%
  qp-adapt             92.4%         8.7%           0.2%
  qp-env               99.0%         1.1%           0.2%

Endpoint clearance at zero margin -- min(start, goal) over all spheres.
  scene                     min    median       max affordable   problems by margin
  bookshelf_small        0.0086    0.0086    0.0086    0.0086   0:100% 0.02:  0% 0.04:  0% 0.06:  0% 0.09:  0%
  bookshelf_tall         0.0085    0.0085    0.0085    0.0085   0:100% 0.02:  0% 0.04:  0% 0.06:  0% 0.09:  0%

all scenes  (2 problems, 0 skipped: 0 clearance, 0 self-collision)
  rrtconnect    0/2    10000.23/10000.27/10000.27    3218531    33294     0.00        -      -          -              -      -          -       -
      primary samples 195233, productive 33292 (17.1%), vertices/sample 0.171
  qp-fixed      0/2    10000.73/10000.74/10000.74    1596657     4818     0.00   0.0066     0%          -              -      -          -       -
      primary samples 7950, productive 3668 (46.1%), vertices/sample 0.657
      qp 305.6 rows/call, 93% of calls reached the solver, 2641211 calls
  qp-adapt      0/2    10000.56/10001.12/10001.12    1472559     5018     0.00   0.0076     9%          -              -      -          -       -
      primary samples 8379, productive 3837 (45.8%), vertices/sample 0.643
      qp 307.2 rows/call, 98% of calls reached the solver, 2458110 calls
  qp-env        0/2    10000.32/10001.49/10001.49    1455348     5349     0.00   0.0083     1%          -              -      -          -       -
      primary samples 9083, productive 4142 (45.6%), vertices/sample 0.634
      qp 306.9 rows/call, 99% of calls reached the solver, 2429893 calls
  vamp-rrtc     2/2       0.08/0.10/0.10          3653       22    10.17        -      -     0.0023      0/930          0     0.0014       0
      primary samples 0, productive 0 (0.0%), vertices/sample 0.000

"samples" is checked configurations for isSafe, barrier evaluations for
the three CBF rows, and SIMD configuration lanes evaluated for VAMP. They measure
sampling work, while wall time captures the very different per-sample costs.
"unsafe/audited" evaluates exact primitive clearance at every state of the
densified solution -- for each CBF row that is the rollout the planner recorded
for each edge, replayed, so it is the motion that would actually be executed,
sampled inside each step rather than only at its boundaries. Non-zero unsafe
invalidates a row however fast it was.
"missed" counts solution edges that were not on file and had to be
re-derived; it must be zero, or the audited motion is a different trajectory
from the one the planner found.


envelope hop: 27335 filter calls, 2.122 hold queries/call, 47.8% saturated, 100.0% longer than L1, past one step 99.7% (L1 alone 68.8%), gated 98.9%, empty-active 0.0%, screen-escalated 10.9%
envelope bottleneck: world 48.5%, self-collision 50.9%, unbound 0.6% (horizon or screen clip), blocked 0.0%, joint-limit clamped 0.0%
envelope binding term:
  world rows       L1 0.0%, local-L1 4.1%, speed-capped 0.7%, isotropic-anchored 95.3% (of 13245 bound calls)
  self-pair rows   L1 0.0%, local-L1 0.0%, speed-capped 0.0%, normal-anchored 100.0% (of 13914 bound calls)
local-lever screen: 312907 of 417345 expensive world rows settled before the envelope (75.0%)
span handed to the rollout, in controller steps (2429888 calls):
                   <1      1-2      2-4      4-8       8+
  L1 only      99.23%     0.22%     0.22%     0.17%     0.16%
  envelope     98.88%     0.04%     0.09%     0.11%     0.89%
=== CBF profiler (wall time) ===
=== CBF filter stats ===
  calls=0  unchanged=0 (0.0%)  filtered=0 (0.0%)  blocked=0 (0.0%)
  active rows:       avg=0.00  max=0
  zero-row fast path: 0 (0.0%)
  qp iterations:     avg=0.00  max=0
  certified duration: avg=0.00000s  min=0.00000s  max=0.00000s  (over 0 non-blocked calls)
  required gain:     avg=0.000/s  max=0.000/s  p50=0.000/s  p90=0.000/s  p99=0.000/s  (over 0 calls, 0 uncertified)
