
MotionBenchMaker UR5, 33 problems loaded, up to 100 per scene
voxel 0.003 m, margin 0.0000 m + 0.0000 m filter buffer, stepSize 0.001 s, range 2.00 rad, 10.0 s limit

hop certificates: old L1 Lipschitz region and new hold-time bound
Picard: off; trajectory prefixes: 0; sequential rollout budget: 10000 calls
kappa 20.00 /s, certified step uncapped, self-collision margin 0.0000 m over 303 pairs
baseline segment: 0.000650 of extent = 0.0100 rad, rollout step 0.0100 rad (matched to the rollout)
rope shortcut off, all rows unsimplified

seed 1
  planner       solved ms(min/med/max)        samples vertices     path rad/call coarse  worst clr unsafe/audited missed worst self collide

bookshelf_tall  (1 problems, 0 skipped: 0 clearance, 0 self-collision)
  rrtconnect    0/1    10000.23/10000.23/10000.23    1873090    17595     0.00        -      -          -              -      -          -       -
      primary samples 108939, productive 17593 (16.1%), vertices/sample 0.162
  qp-fixed      0/1    10001.42/10001.42/10001.42    1061983     3269     0.00   0.0066     0%          -              -      -          -       -
      primary samples 5159, productive 2455 (47.6%), vertices/sample 0.634
      qp 304.4 rows/call, 93% of calls reached the solver, 1061983 calls
  qp-adapt      0/1    10001.59/10001.59/10001.59     993946     3526     0.00   0.0075     9%          -              -      -          -       -
      primary samples 5591, productive 2665 (47.7%), vertices/sample 0.631
      qp 306.0 rows/call, 98% of calls reached the solver, 993946 calls
  qp-env        0/1    10000.01/10000.01/10000.01     972770     3770     0.00   0.0083     1%          -              -      -          -       -
      primary samples 6117, productive 2866 (46.9%), vertices/sample 0.616
      qp 306.1 rows/call, 99% of calls reached the solver, 972770 calls
  vamp-rrtc     1/1       0.11/0.11/0.11          2391       13    11.56        -      -     0.0013      0/579          0     0.0025       0
      primary samples 0, productive 0 (0.0%), vertices/sample 0.000

table_under_pick  (1 problems, 0 skipped: 0 clearance, 0 self-collision)
  rrtconnect    0/1    10000.21/10000.21/10000.21    2441298    24133     0.00        -      -          -              -      -          -       -
      primary samples 150109, productive 24130 (16.1%), vertices/sample 0.161
  qp-fixed      0/1    10000.65/10000.65/10000.65    1352501     4146     0.00   0.0064     0%          -              -      -          -       -
      primary samples 6651, productive 3132 (47.1%), vertices/sample 0.623
      qp 305.2 rows/call, 94% of calls reached the solver, 1352501 calls
  qp-adapt      0/1    10001.27/10001.27/10001.27    1244551     4333     0.00   0.0073     8%          -              -      -          -       -
      primary samples 7005, productive 3293 (47.0%), vertices/sample 0.619
      qp 306.5 rows/call, 98% of calls reached the solver, 1244551 calls
  qp-env        0/1    10000.70/10000.70/10000.70    1231148     4704     0.00   0.0080     1%          -              -      -          -       -
      primary samples 7672, productive 3585 (46.7%), vertices/sample 0.613
      qp 306.3 rows/call, 99% of calls reached the solver, 1231148 calls
  vamp-rrtc     1/1       0.05/0.05/0.05          1076       10    13.15        -      -     0.0063      0/659          0     0.0025       0
      primary samples 0, productive 0 (0.0%), vertices/sample 0.000

Hop disposition -- what set the hop's length, median over problems.
  row         floored(<1 step)    at region   edge-limited
  qp-fixed            100.0%         0.0%           0.0%
  qp-adapt             92.0%         9.3%           0.2%
  qp-env               98.9%         1.0%           0.2%

Endpoint clearance at zero margin -- min(start, goal) over all spheres.
  scene                     min    median       max affordable   problems by margin
  bookshelf_tall         0.0065    0.0065    0.0065    0.0065   0:100% 0.02:  0% 0.04:  0% 0.06:  0% 0.09:  0%
  table_under_pick       0.0081    0.0081    0.0081    0.0081   0:100% 0.02:  0% 0.04:  0% 0.06:  0% 0.09:  0%

all scenes  (2 problems, 0 skipped: 0 clearance, 0 self-collision)
  rrtconnect    0/2    10000.21/10000.23/10000.23    2441298    24133     0.00        -      -          -              -      -          -       -
      primary samples 150109, productive 24130 (16.1%), vertices/sample 0.162
  qp-fixed      0/2    10000.65/10001.42/10001.42    1352501     4146     0.00   0.0066     0%          -              -      -          -       -
      primary samples 6651, productive 3132 (47.1%), vertices/sample 0.634
      qp 305.2 rows/call, 94% of calls reached the solver, 2414484 calls
  qp-adapt      0/2    10001.27/10001.59/10001.59    1244551     4333     0.00   0.0075     9%          -              -      -          -       -
      primary samples 7005, productive 3293 (47.0%), vertices/sample 0.631
      qp 306.5 rows/call, 98% of calls reached the solver, 2238497 calls
  qp-env        0/2    10000.01/10000.70/10000.70    1231148     4704     0.00   0.0083     1%          -              -      -          -       -
      primary samples 7672, productive 3585 (46.7%), vertices/sample 0.616
      qp 306.3 rows/call, 99% of calls reached the solver, 2203918 calls
  vamp-rrtc     2/2       0.05/0.11/0.11          2391       13    13.15        -      -     0.0013      0/1238         0     0.0025       0
      primary samples 0, productive 0 (0.0%), vertices/sample 0.000

"samples" is checked configurations for isSafe, barrier evaluations for
the three CBF rows, and SIMD configuration lanes evaluated for VAMP. They measure
sampling work, while wall time captures the very different per-sample costs.
"unsafe/audited" evaluates exact primitive clearance at every state of the
densified solution -- for each CBF row that is the rollout the planner recorded
for each edge, replayed, so it is the motion that would actually be executed,
sampled inside each step rather than only at its boundaries. Non-zero unsafe
invalidates a row however fast it was.
"missed" counts solution edges that were not on file and had to be
re-derived; it must be zero, or the audited motion is a different trajectory
from the one the planner found.


envelope hop: 26737 filter calls, 2.084 hold queries/call, 47.4% saturated, 100.0% longer than L1, past one step 99.2% (L1 alone 67.5%), gated 98.8%, empty-active 0.0%, screen-escalated 9.8%
envelope bottleneck: world 52.4%, self-collision 46.8%, unbound 0.7% (horizon or screen clip), blocked 0.0%, joint-limit clamped 0.0%
envelope binding term:
  world rows       L1 0.0%, local-L1 3.4%, speed-capped 0.8%, isotropic-anchored 95.8% (of 14023 bound calls)
  self-pair rows   L1 0.0%, local-L1 0.0%, speed-capped 0.0%, normal-anchored 100.0% (of 12525 bound calls)
local-lever screen: 296588 of 394087 expensive world rows settled before the envelope (75.3%)
span handed to the rollout, in controller steps (2203910 calls):
                   <1      1-2      2-4      4-8       8+
  L1 only      99.18%     0.25%     0.22%     0.19%     0.16%
  envelope     98.80%     0.05%     0.10%     0.12%     0.93%
=== CBF profiler (wall time) ===
=== CBF filter stats ===
  calls=0  unchanged=0 (0.0%)  filtered=0 (0.0%)  blocked=0 (0.0%)
  active rows:       avg=0.00  max=0
  zero-row fast path: 0 (0.0%)
  qp iterations:     avg=0.00  max=0
  certified duration: avg=0.00000s  min=0.00000s  max=0.00000s  (over 0 non-blocked calls)
  required gain:     avg=0.000/s  max=0.000/s  p50=0.000/s  p90=0.000/s  p99=0.000/s  (over 0 calls, 0 uncertified)
