
MotionBenchMaker UR5, 33 problems loaded, up to 100 per scene
voxel 0.003 m, margin 0.0000 m + 0.0000 m filter buffer, stepSize 0.001 s, range 2.00 rad, 10.0 s limit

hop certificates: old L1 Lipschitz region and new hold-time bound
Picard: off; trajectory prefixes: 0; sequential rollout budget: 10000 calls
kappa 20.00 /s, certified step uncapped, self-collision margin 0.0000 m over 303 pairs
baseline segment: 0.000650 of extent = 0.0100 rad, rollout step 0.0100 rad (matched to the rollout)
rope shortcut off, all rows unsimplified

seed 1
  planner       solved ms(min/med/max)        samples vertices     path rad/call coarse  worst clr unsafe/audited missed worst self collide

bookshelf_tall  (1 problems, 0 skipped: 0 clearance, 0 self-collision)
  rrtconnect    0/1    10000.02/10000.02/10000.02    1256115    11055     0.00        -      -          -              -      -          -       -
      primary samples 77149, productive 11053 (14.3%), vertices/sample 0.143
  qp-fixed      0/1    10001.56/10001.56/10001.56     694599     2258     0.00   0.0067     0%          -              -      -          -       -
      primary samples 3234, productive 1639 (50.7%), vertices/sample 0.698
      qp 305.0 rows/call, 94% of calls reached the solver, 694599 calls
  qp-adapt      0/1    10001.50/10001.50/10001.50     649564     2450     0.00   0.0078     9%          -              -      -          -       -
      primary samples 3539, productive 1786 (50.5%), vertices/sample 0.692
      qp 307.1 rows/call, 98% of calls reached the solver, 649564 calls
  qp-env        0/1    10001.62/10001.62/10001.62     644996     2662     0.00   0.0086     2%          -              -      -          -       -
      primary samples 3926, productive 1949 (49.6%), vertices/sample 0.678
      qp 307.0 rows/call, 99% of calls reached the solver, 644996 calls
  vamp-rrtc     1/1       0.15/0.15/0.15          1053       11    12.41        -      -     0.0013      0/622          0     0.0008       0
      primary samples 0, productive 0 (0.0%), vertices/sample 0.000

Hop disposition -- what set the hop's length, median over problems.
  row         floored(<1 step)    at region   edge-limited
  qp-fixed            100.0%         0.0%           0.0%
  qp-adapt             90.9%         8.9%           0.2%
  qp-env               98.5%         1.3%           0.2%

Endpoint clearance at zero margin -- min(start, goal) over all spheres.
  scene                     min    median       max affordable   problems by margin
  bookshelf_tall         0.0041    0.0041    0.0041    0.0041   0:100% 0.02:  0% 0.04:  0% 0.06:  0% 0.09:  0%

all scenes  (1 problems, 0 skipped: 0 clearance, 0 self-collision)
  rrtconnect    0/1    10000.02/10000.02/10000.02    1256115    11055     0.00        -      -          -              -      -          -       -
      primary samples 77149, productive 11053 (14.3%), vertices/sample 0.143
  qp-fixed      0/1    10001.56/10001.56/10001.56     694599     2258     0.00   0.0067     0%          -              -      -          -       -
      primary samples 3234, productive 1639 (50.7%), vertices/sample 0.698
      qp 305.0 rows/call, 94% of calls reached the solver, 694599 calls
  qp-adapt      0/1    10001.50/10001.50/10001.50     649564     2450     0.00   0.0078     9%          -              -      -          -       -
      primary samples 3539, productive 1786 (50.5%), vertices/sample 0.692
      qp 307.1 rows/call, 98% of calls reached the solver, 649564 calls
  qp-env        0/1    10001.62/10001.62/10001.62     644996     2662     0.00   0.0086     2%          -              -      -          -       -
      primary samples 3926, productive 1949 (49.6%), vertices/sample 0.678
      qp 307.0 rows/call, 99% of calls reached the solver, 644996 calls
  vamp-rrtc     1/1       0.15/0.15/0.15          1053       11    12.41        -      -     0.0013      0/622          0     0.0008       0
      primary samples 0, productive 0 (0.0%), vertices/sample 0.000

"samples" is checked configurations for isSafe, barrier evaluations for
the three CBF rows, and SIMD configuration lanes evaluated for VAMP. They measure
sampling work, while wall time captures the very different per-sample costs.
"unsafe/audited" evaluates exact primitive clearance at every state of the
densified solution -- for each CBF row that is the rollout the planner recorded
for each edge, replayed, so it is the motion that would actually be executed,
sampled inside each step rather than only at its boundaries. Non-zero unsafe
invalidates a row however fast it was.
"missed" counts solution edges that were not on file and had to be
re-derived; it must be zero, or the audited motion is a different trajectory
from the one the planner found.


envelope hop: 10061 filter calls, 1.922 hold queries/call, 44.5% saturated, 100.0% longer than L1, past one step 98.9% (L1 alone 68.5%), gated 98.4%, empty-active 0.0%, screen-escalated 6.7%
envelope bottleneck: world 65.0%, self-collision 34.5%, unbound 0.5% (horizon or screen clip), blocked 0.0%, joint-limit clamped 0.0%
envelope binding term:
  world rows       L1 0.0%, local-L1 2.5%, speed-capped 0.4%, isotropic-anchored 97.1% (of 6540 bound calls)
  self-pair rows   L1 0.0%, local-L1 0.0%, speed-capped 0.0%, normal-anchored 100.0% (of 3473 bound calls)
local-lever screen: 110172 of 152738 expensive world rows settled before the envelope (72.1%)
span handed to the rollout, in controller steps (644995 calls):
                   <1      1-2      2-4      4-8       8+
  L1 only      98.93%     0.33%     0.34%     0.24%     0.16%
  envelope     98.46%     0.08%     0.17%     0.22%     1.07%
=== CBF profiler (wall time) ===
=== CBF filter stats ===
  calls=0  unchanged=0 (0.0%)  filtered=0 (0.0%)  blocked=0 (0.0%)
  active rows:       avg=0.00  max=0
  zero-row fast path: 0 (0.0%)
  qp iterations:     avg=0.00  max=0
  certified duration: avg=0.00000s  min=0.00000s  max=0.00000s  (over 0 non-blocked calls)
  required gain:     avg=0.000/s  max=0.000/s  p50=0.000/s  p90=0.000/s  p99=0.000/s  (over 0 calls, 0 uncertified)
