
MotionBenchMaker UR5, 33 problems loaded, up to 100 per scene
voxel 0.003 m, margin 0.0000 m + 0.0000 m filter buffer, stepSize 0.001 s, range 2.00 rad, 10.0 s limit

hop certificates: old L1 Lipschitz region and new hold-time bound
Picard: off; trajectory prefixes: 0; sequential rollout budget: 10000 calls
kappa 20.00 /s, certified step uncapped, self-collision margin 0.0000 m over 303 pairs
baseline segment: 0.000650 of extent = 0.0100 rad, rollout step 0.0100 rad (matched to the rollout)
rope shortcut off, all rows unsimplified

seed 1
  planner       solved ms(min/med/max)        samples vertices     path rad/call coarse  worst clr unsafe/audited missed worst self collide

bookshelf_thin  (1 problems, 0 skipped: 0 clearance, 0 self-collision)
  rrtconnect    0/1    10000.21/10000.21/10000.21     979268     8142     0.00        -      -          -              -      -          -       -
      primary samples 46577, productive 8139 (17.5%), vertices/sample 0.175
  qp-fixed      0/1    10001.68/10001.68/10001.68     599193     2060     0.00   0.0071     0%          -              -      -          -       -
      primary samples 2732, productive 1448 (53.0%), vertices/sample 0.754
      qp 302.2 rows/call, 92% of calls reached the solver, 599193 calls
  qp-adapt      0/1    10000.10/10000.10/10000.10     566623     2237     0.00   0.0082     9%          -              -      -          -       -
      primary samples 3027, productive 1589 (52.5%), vertices/sample 0.739
      qp 304.5 rows/call, 98% of calls reached the solver, 566623 calls
  qp-env        0/1    10001.64/10001.64/10001.64     562595     2390     0.00   0.0088     1%          -              -      -          -       -
      primary samples 3282, productive 1714 (52.2%), vertices/sample 0.728
      qp 304.5 rows/call, 99% of calls reached the solver, 562595 calls
  vamp-rrtc     1/1       0.56/0.56/0.56          4651       29    12.11        -      -     0.0036      0/607          0     0.0025       0
      primary samples 0, productive 0 (0.0%), vertices/sample 0.000

Hop disposition -- what set the hop's length, median over problems.
  row         floored(<1 step)    at region   edge-limited
  qp-fixed            100.0%         0.0%           0.0%
  qp-adapt             91.1%         8.8%           0.2%
  qp-env               99.0%         0.8%           0.2%

Endpoint clearance at zero margin -- min(start, goal) over all spheres.
  scene                     min    median       max affordable   problems by margin
  bookshelf_thin         0.0036    0.0036    0.0036    0.0036   0:100% 0.02:  0% 0.04:  0% 0.06:  0% 0.09:  0%

all scenes  (1 problems, 0 skipped: 0 clearance, 0 self-collision)
  rrtconnect    0/1    10000.21/10000.21/10000.21     979268     8142     0.00        -      -          -              -      -          -       -
      primary samples 46577, productive 8139 (17.5%), vertices/sample 0.175
  qp-fixed      0/1    10001.68/10001.68/10001.68     599193     2060     0.00   0.0071     0%          -              -      -          -       -
      primary samples 2732, productive 1448 (53.0%), vertices/sample 0.754
      qp 302.2 rows/call, 92% of calls reached the solver, 599193 calls
  qp-adapt      0/1    10000.10/10000.10/10000.10     566623     2237     0.00   0.0082     9%          -              -      -          -       -
      primary samples 3027, productive 1589 (52.5%), vertices/sample 0.739
      qp 304.5 rows/call, 98% of calls reached the solver, 566623 calls
  qp-env        0/1    10001.64/10001.64/10001.64     562595     2390     0.00   0.0088     1%          -              -      -          -       -
      primary samples 3282, productive 1714 (52.2%), vertices/sample 0.728
      qp 304.5 rows/call, 99% of calls reached the solver, 562595 calls
  vamp-rrtc     1/1       0.56/0.56/0.56          4651       29    12.11        -      -     0.0036      0/607          0     0.0025       0
      primary samples 0, productive 0 (0.0%), vertices/sample 0.000

"samples" is checked configurations for isSafe, barrier evaluations for
the three CBF rows, and SIMD configuration lanes evaluated for VAMP. They measure
sampling work, while wall time captures the very different per-sample costs.
"unsafe/audited" evaluates exact primitive clearance at every state of the
densified solution -- for each CBF row that is the rollout the planner recorded
for each edge, replayed, so it is the motion that would actually be executed,
sampled inside each step rather than only at its boundaries. Non-zero unsafe
invalidates a row however fast it was.
"missed" counts solution edges that were not on file and had to be
re-derived; it must be zero, or the audited motion is a different trajectory
from the one the planner found.


envelope hop: 5732 filter calls, 2.229 hold queries/call, 48.8% saturated, 100.0% longer than L1, past one step 98.8% (L1 alone 70.7%), gated 99.0%, empty-active 0.0%, screen-escalated 14.4%
envelope bottleneck: world 35.9%, self-collision 63.2%, unbound 0.9% (horizon or screen clip), blocked 0.0%, joint-limit clamped 0.0%
envelope binding term:
  world rows       L1 0.0%, local-L1 5.4%, speed-capped 0.6%, isotropic-anchored 94.0% (of 2055 bound calls)
  self-pair rows   L1 0.0%, local-L1 0.0%, speed-capped 0.1%, normal-anchored 99.9% (of 3623 bound calls)
local-lever screen: 56253 of 73169 expensive world rows settled before the envelope (76.9%)
span handed to the rollout, in controller steps (562592 calls):
                   <1      1-2      2-4      4-8       8+
  L1 only      99.28%     0.19%     0.19%     0.17%     0.16%
  envelope     98.99%     0.03%     0.04%     0.07%     0.86%
=== CBF profiler (wall time) ===
=== CBF filter stats ===
  calls=0  unchanged=0 (0.0%)  filtered=0 (0.0%)  blocked=0 (0.0%)
  active rows:       avg=0.00  max=0
  zero-row fast path: 0 (0.0%)
  qp iterations:     avg=0.00  max=0
  certified duration: avg=0.00000s  min=0.00000s  max=0.00000s  (over 0 non-blocked calls)
  required gain:     avg=0.000/s  max=0.000/s  p50=0.000/s  p90=0.000/s  p99=0.000/s  (over 0 calls, 0 uncertified)
