
MotionBenchMaker UR5, 33 problems loaded, up to 100 per scene
voxel 0.003 m, margin 0.0000 m + 0.0000 m filter buffer, stepSize 0.001 s, range 2.00 rad, 10.0 s limit

hop certificates: old L1 Lipschitz region and new hold-time bound
Picard: off; trajectory prefixes: 0; sequential rollout budget: 10000 calls
kappa 20.00 /s, certified step uncapped, self-collision margin 0.0000 m over 303 pairs
baseline segment: 0.000650 of extent = 0.0100 rad, rollout step 0.0100 rad (matched to the rollout)
rope shortcut off, all rows unsimplified

seed 1
  planner       solved ms(min/med/max)        samples vertices     path rad/call coarse  worst clr unsafe/audited missed worst self collide

bookshelf_tall  (1 problems, 0 skipped: 0 clearance, 0 self-collision)
  rrtconnect    0/1    10000.18/10000.18/10000.18    1857166    18203     0.00        -      -          -              -      -          -       -
      primary samples 132722, productive 18201 (13.7%), vertices/sample 0.137
  qp-fixed      0/1    10000.20/10000.20/10000.20    1100911     2470     0.00   0.0060     0%          -              -      -          -       -
      primary samples 5028, productive 2218 (44.1%), vertices/sample 0.491
      qp 302.5 rows/call, 94% of calls reached the solver, 1100911 calls
  qp-adapt      0/1    10000.57/10000.57/10000.57     991897     2462     0.00   0.0067     5%          -              -      -          -       -
      primary samples 5014, productive 2211 (44.1%), vertices/sample 0.491
      qp 304.0 rows/call, 99% of calls reached the solver, 991897 calls
  qp-env        0/1    10001.96/10001.96/10001.96    1021963     2630     0.00   0.0070     1%          -              -      -          -       -
      primary samples 5428, productive 2372 (43.7%), vertices/sample 0.485
      qp 304.1 rows/call, 100% of calls reached the solver, 1021963 calls
  vamp-rrtc     1/1       0.12/0.12/0.12          2391       13    11.56        -      -     0.0013      0/579          0     0.0025       0
      primary samples 0, productive 0 (0.0%), vertices/sample 0.000

table_under_pick  (1 problems, 0 skipped: 0 clearance, 0 self-collision)
  rrtconnect    0/1    10000.10/10000.10/10000.10    2378368    24366     0.00        -      -          -              -      -          -       -
      primary samples 180035, productive 24364 (13.5%), vertices/sample 0.135
  qp-fixed      0/1    10000.08/10000.08/10000.08    1351903     2983     0.00   0.0059     0%          -              -      -          -       -
      primary samples 6228, productive 2715 (43.6%), vertices/sample 0.479
      qp 302.7 rows/call, 95% of calls reached the solver, 1351903 calls
  qp-adapt      0/1    10000.53/10000.53/10000.53    1272031     3114     0.00   0.0066     5%          -              -      -          -       -
      primary samples 6555, productive 2845 (43.4%), vertices/sample 0.475
      qp 303.8 rows/call, 99% of calls reached the solver, 1272031 calls
  qp-env        0/1    10001.08/10001.08/10001.08    1261100     3205     0.00   0.0069     1%          -              -      -          -       -
      primary samples 6818, productive 2929 (43.0%), vertices/sample 0.470
      qp 303.5 rows/call, 100% of calls reached the solver, 1261100 calls
  vamp-rrtc     1/1       0.05/0.05/0.05          1076       10    13.15        -      -     0.0063      0/659          0     0.0025       0
      primary samples 0, productive 0 (0.0%), vertices/sample 0.000

Hop disposition -- what set the hop's length, median over problems.
  row         floored(<1 step)    at region   edge-limited
  qp-fixed            100.0%         0.0%           0.0%
  qp-adapt             94.7%         5.3%           0.1%
  qp-env               99.3%         0.6%           0.1%

Endpoint clearance at zero margin -- min(start, goal) over all spheres.
  scene                     min    median       max affordable   problems by margin
  bookshelf_tall         0.0065    0.0065    0.0065    0.0065   0:100% 0.02:  0% 0.04:  0% 0.06:  0% 0.09:  0%
  table_under_pick       0.0081    0.0081    0.0081    0.0081   0:100% 0.02:  0% 0.04:  0% 0.06:  0% 0.09:  0%

all scenes  (2 problems, 0 skipped: 0 clearance, 0 self-collision)
  rrtconnect    0/2    10000.10/10000.18/10000.18    2378368    24366     0.00        -      -          -              -      -          -       -
      primary samples 180035, productive 24364 (13.5%), vertices/sample 0.137
  qp-fixed      0/2    10000.08/10000.20/10000.20    1351903     2983     0.00   0.0060     0%          -              -      -          -       -
      primary samples 6228, productive 2715 (43.6%), vertices/sample 0.491
      qp 302.7 rows/call, 95% of calls reached the solver, 2452814 calls
  qp-adapt      0/2    10000.53/10000.57/10000.57    1272031     3114     0.00   0.0067     5%          -              -      -          -       -
      primary samples 6555, productive 2845 (43.4%), vertices/sample 0.491
      qp 304.0 rows/call, 99% of calls reached the solver, 2263928 calls
  qp-env        0/2    10001.08/10001.96/10001.96    1261100     3205     0.00   0.0070     1%          -              -      -          -       -
      primary samples 6818, productive 2929 (43.0%), vertices/sample 0.485
      qp 304.1 rows/call, 100% of calls reached the solver, 2283063 calls
  vamp-rrtc     2/2       0.05/0.12/0.12          2391       13    13.15        -      -     0.0013      0/1238         0     0.0025       0
      primary samples 0, productive 0 (0.0%), vertices/sample 0.000

"samples" is checked configurations for isSafe, barrier evaluations for
the three CBF rows, and SIMD configuration lanes evaluated for VAMP. They measure
sampling work, while wall time captures the very different per-sample costs.
"unsafe/audited" evaluates exact primitive clearance at every state of the
densified solution -- for each CBF row that is the rollout the planner recorded
for each edge, replayed, so it is the motion that would actually be executed,
sampled inside each step rather than only at its boundaries. Non-zero unsafe
invalidates a row however fast it was.
"missed" counts solution edges that were not on file and had to be
re-derived; it must be zero, or the audited motion is a different trajectory
from the one the planner found.


envelope hop: 16218 filter calls, 1.984 hold queries/call, 44.4% saturated, 100.0% longer than L1, past one step 99.3% (L1 alone 68.5%), gated 99.3%, empty-active 0.0%, screen-escalated 10.5%
envelope bottleneck: world 58.0%, self-collision 41.3%, unbound 0.7% (horizon or screen clip), blocked 0.0%, joint-limit clamped 0.0%
envelope binding term:
  world rows       L1 0.0%, local-L1 3.7%, speed-capped 0.8%, isotropic-anchored 95.5% (of 9405 bound calls)
  self-pair rows   L1 0.0%, local-L1 0.0%, speed-capped 0.0%, normal-anchored 100.0% (of 6697 bound calls)
local-lever screen: 195256 of 264726 expensive world rows settled before the envelope (73.8%)
span handed to the rollout, in controller steps (2283056 calls):
                   <1      1-2      2-4      4-8       8+
  L1 only      99.51%     0.14%     0.12%     0.11%     0.12%
  envelope     99.29%     0.03%     0.06%     0.07%     0.53%
=== CBF profiler (wall time) ===
=== CBF filter stats ===
  calls=0  unchanged=0 (0.0%)  filtered=0 (0.0%)  blocked=0 (0.0%)
  active rows:       avg=0.00  max=0
  zero-row fast path: 0 (0.0%)
  qp iterations:     avg=0.00  max=0
  certified duration: avg=0.00000s  min=0.00000s  max=0.00000s  (over 0 non-blocked calls)
  required gain:     avg=0.000/s  max=0.000/s  p50=0.000/s  p90=0.000/s  p99=0.000/s  (over 0 calls, 0 uncertified)
