
MotionBenchMaker UR5, 33 problems loaded, up to 100 per scene
voxel 0.003 m, margin 0.0000 m + 0.0000 m filter buffer, stepSize 0.001 s, range 2.00 rad, 10.0 s limit

hop certificates: old L1 Lipschitz region and new hold-time bound
Picard: off; trajectory prefixes: 0; sequential rollout budget: 10000 calls
kappa 20.00 /s, certified step uncapped, self-collision margin 0.0000 m over 303 pairs
baseline segment: 0.000650 of extent = 0.0100 rad, rollout step 0.0100 rad (matched to the rollout)
rope shortcut off, all rows unsimplified

seed 1
  planner       solved ms(min/med/max)        samples vertices     path rad/call coarse  worst clr unsafe/audited missed worst self collide

bookshelf_small  (1 problems, 0 skipped: 0 clearance, 0 self-collision)
  rrtconnect    0/1    10000.06/10000.06/10000.06    3065244    32789     0.00        -      -          -              -      -          -       -
      primary samples 255567, productive 32787 (12.8%), vertices/sample 0.128
  qp-fixed      0/1    10000.09/10000.09/10000.09    1592744     3415     0.00   0.0058     0%          -              -      -          -       -
      primary samples 7498, productive 3145 (41.9%), vertices/sample 0.455
      qp 303.1 rows/call, 95% of calls reached the solver, 1592744 calls
  qp-adapt      0/1    10000.84/10000.84/10000.84    1477734     3512     0.00   0.0065     6%          -              -      -          -       -
      primary samples 7776, productive 3240 (41.7%), vertices/sample 0.452
      qp 304.4 rows/call, 99% of calls reached the solver, 1477734 calls
  qp-env        0/1    10000.81/10000.81/10000.81    1460382     3623     0.00   0.0067     1%          -              -      -          -       -
      primary samples 8055, productive 3346 (41.5%), vertices/sample 0.450
      qp 304.2 rows/call, 100% of calls reached the solver, 1460382 calls
  vamp-rrtc     1/1       1.51/1.51/1.51         58236      248    20.10        -      -     0.0037      0/1007         0     0.0025       0
      primary samples 0, productive 0 (0.0%), vertices/sample 0.000

bookshelf_tall  (1 problems, 0 skipped: 0 clearance, 0 self-collision)
  rrtconnect    0/1    10000.43/10000.43/10000.43    1876490    18366     0.00        -      -          -              -      -          -       -
      primary samples 130169, productive 18364 (14.1%), vertices/sample 0.141
  qp-fixed      0/1    10001.40/10001.40/10001.40    1085635     2519     0.00   0.0061     0%          -              -      -          -       -
      primary samples 4903, productive 2258 (46.1%), vertices/sample 0.514
      qp 301.4 rows/call, 94% of calls reached the solver, 1085635 calls
  qp-adapt      0/1    10001.68/10001.68/10001.68    1020733     2638     0.00   0.0068     6%          -              -      -          -       -
      primary samples 5214, productive 2374 (45.5%), vertices/sample 0.506
      qp 303.1 rows/call, 99% of calls reached the solver, 1020733 calls
  qp-env        0/1    10001.13/10001.13/10001.13    1012829     2711     0.00   0.0071     1%          -              -      -          -       -
      primary samples 5435, productive 2445 (45.0%), vertices/sample 0.499
      qp 302.8 rows/call, 100% of calls reached the solver, 1012829 calls
  vamp-rrtc     1/1       0.22/0.22/0.22          4618       33    14.18        -      -     0.0004      0/710          0     0.0025       0
      primary samples 0, productive 0 (0.0%), vertices/sample 0.000

Hop disposition -- what set the hop's length, median over problems.
  row         floored(<1 step)    at region   edge-limited
  qp-fixed            100.0%         0.0%           0.0%
  qp-adapt             93.9%         6.3%           0.1%
  qp-env               99.3%         0.7%           0.1%

Endpoint clearance at zero margin -- min(start, goal) over all spheres.
  scene                     min    median       max affordable   problems by margin
  bookshelf_small        0.0038    0.0038    0.0038    0.0038   0:100% 0.02:  0% 0.04:  0% 0.06:  0% 0.09:  0%
  bookshelf_tall         0.0070    0.0070    0.0070    0.0070   0:100% 0.02:  0% 0.04:  0% 0.06:  0% 0.09:  0%

all scenes  (2 problems, 0 skipped: 0 clearance, 0 self-collision)
  rrtconnect    0/2    10000.06/10000.43/10000.43    3065244    32789     0.00        -      -          -              -      -          -       -
      primary samples 255567, productive 32787 (12.8%), vertices/sample 0.141
  qp-fixed      0/2    10000.09/10001.40/10001.40    1592744     3415     0.00   0.0061     0%          -              -      -          -       -
      primary samples 7498, productive 3145 (41.9%), vertices/sample 0.514
      qp 303.1 rows/call, 95% of calls reached the solver, 2678379 calls
  qp-adapt      0/2    10000.84/10001.68/10001.68    1477734     3512     0.00   0.0068     6%          -              -      -          -       -
      primary samples 7776, productive 3240 (41.7%), vertices/sample 0.506
      qp 304.4 rows/call, 99% of calls reached the solver, 2498467 calls
  qp-env        0/2    10000.81/10001.13/10001.13    1460382     3623     0.00   0.0071     1%          -              -      -          -       -
      primary samples 8055, productive 3346 (41.5%), vertices/sample 0.499
      qp 304.2 rows/call, 100% of calls reached the solver, 2473211 calls
  vamp-rrtc     2/2       0.22/1.51/1.51         58236      248    20.10        -      -     0.0004      0/1717         0     0.0025       0
      primary samples 0, productive 0 (0.0%), vertices/sample 0.000

"samples" is checked configurations for isSafe, barrier evaluations for
the three CBF rows, and SIMD configuration lanes evaluated for VAMP. They measure
sampling work, while wall time captures the very different per-sample costs.
"unsafe/audited" evaluates exact primitive clearance at every state of the
densified solution -- for each CBF row that is the rollout the planner recorded
for each edge, replayed, so it is the motion that would actually be executed,
sampled inside each step rather than only at its boundaries. Non-zero unsafe
invalidates a row however fast it was.
"missed" counts solution edges that were not on file and had to be
re-derived; it must be zero, or the audited motion is a different trajectory
from the one the planner found.


envelope hop: 19532 filter calls, 1.921 hold queries/call, 43.4% saturated, 100.0% longer than L1, past one step 98.7% (L1 alone 67.2%), gated 99.2%, empty-active 0.0%, screen-escalated 8.8%
envelope bottleneck: world 59.3%, self-collision 40.2%, unbound 0.6% (horizon or screen clip), blocked 0.0%, joint-limit clamped 0.0%
envelope binding term:
  world rows       L1 0.0%, local-L1 3.5%, speed-capped 0.8%, isotropic-anchored 95.7% (of 11574 bound calls)
  self-pair rows   L1 0.0%, local-L1 0.0%, speed-capped 0.0%, normal-anchored 100.0% (of 7849 bound calls)
local-lever screen: 211529 of 281197 expensive world rows settled before the envelope (75.2%)
span handed to the rollout, in controller steps (2473210 calls):
                   <1      1-2      2-4      4-8       8+
  L1 only      99.47%     0.16%     0.14%     0.12%     0.12%
  envelope     99.22%     0.05%     0.08%     0.09%     0.56%
=== CBF profiler (wall time) ===
=== CBF filter stats ===
  calls=0  unchanged=0 (0.0%)  filtered=0 (0.0%)  blocked=0 (0.0%)
  active rows:       avg=0.00  max=0
  zero-row fast path: 0 (0.0%)
  qp iterations:     avg=0.00  max=0
  certified duration: avg=0.00000s  min=0.00000s  max=0.00000s  (over 0 non-blocked calls)
  required gain:     avg=0.000/s  max=0.000/s  p50=0.000/s  p90=0.000/s  p99=0.000/s  (over 0 calls, 0 uncertified)
