
MotionBenchMaker UR5, 33 problems loaded, up to 100 per scene
voxel 0.003 m, margin 0.0000 m + 0.0000 m filter buffer, stepSize 0.001 s, range 2.00 rad, 10.0 s limit

hop certificates: old L1 Lipschitz region and new hold-time bound
Picard: off; trajectory prefixes: 0; sequential rollout budget: 10000 calls
kappa 20.00 /s, certified step uncapped, self-collision margin 0.0000 m over 303 pairs
baseline segment: 0.000650 of extent = 0.0100 rad, rollout step 0.0100 rad (matched to the rollout)
rope shortcut off, all rows unsimplified

seed 1
  planner       solved ms(min/med/max)        samples vertices     path rad/call coarse  worst clr unsafe/audited missed worst self collide

table_under_pick  (1 problems, 0 skipped: 0 clearance, 0 self-collision)
  rrtconnect    0/1    10000.03/10000.03/10000.03    1598102    15133     0.00        -      -          -              -      -          -       -
      primary samples 110275, productive 15131 (13.7%), vertices/sample 0.137
  qp-fixed      0/1    10001.80/10001.80/10001.80     824706     1979     0.00   0.0062     0%          -              -      -          -       -
      primary samples 3642, productive 1718 (47.2%), vertices/sample 0.543
      qp 301.0 rows/call, 95% of calls reached the solver, 824706 calls
  qp-adapt      0/1    10002.81/10002.81/10002.81     783785     2092     0.00   0.0069     6%          -              -      -          -       -
      primary samples 3879, productive 1819 (46.9%), vertices/sample 0.539
      qp 302.6 rows/call, 99% of calls reached the solver, 783785 calls
  qp-env        0/1    10000.84/10000.84/10000.84     766966     2126     0.00   0.0073     1%          -              -      -          -       -
      primary samples 4014, productive 1860 (46.3%), vertices/sample 0.530
      qp 301.9 rows/call, 100% of calls reached the solver, 766966 calls
  vamp-rrtc     1/1       0.20/0.20/0.20          3458       17    24.74        -      -     0.0049      0/1238         0     0.0010       0
      primary samples 0, productive 0 (0.0%), vertices/sample 0.000

Hop disposition -- what set the hop's length, median over problems.
  row         floored(<1 step)    at region   edge-limited
  qp-fixed            100.0%         0.0%           0.0%
  qp-adapt             94.0%         5.9%           0.1%
  qp-env               99.2%         0.7%           0.1%

Endpoint clearance at zero margin -- min(start, goal) over all spheres.
  scene                     min    median       max affordable   problems by margin
  table_under_pick       0.0081    0.0081    0.0081    0.0081   0:100% 0.02:  0% 0.04:  0% 0.06:  0% 0.09:  0%

all scenes  (1 problems, 0 skipped: 0 clearance, 0 self-collision)
  rrtconnect    0/1    10000.03/10000.03/10000.03    1598102    15133     0.00        -      -          -              -      -          -       -
      primary samples 110275, productive 15131 (13.7%), vertices/sample 0.137
  qp-fixed      0/1    10001.80/10001.80/10001.80     824706     1979     0.00   0.0062     0%          -              -      -          -       -
      primary samples 3642, productive 1718 (47.2%), vertices/sample 0.543
      qp 301.0 rows/call, 95% of calls reached the solver, 824706 calls
  qp-adapt      0/1    10002.81/10002.81/10002.81     783785     2092     0.00   0.0069     6%          -              -      -          -       -
      primary samples 3879, productive 1819 (46.9%), vertices/sample 0.539
      qp 302.6 rows/call, 99% of calls reached the solver, 783785 calls
  qp-env        0/1    10000.84/10000.84/10000.84     766966     2126     0.00   0.0073     1%          -              -      -          -       -
      primary samples 4014, productive 1860 (46.3%), vertices/sample 0.530
      qp 301.9 rows/call, 100% of calls reached the solver, 766966 calls
  vamp-rrtc     1/1       0.20/0.20/0.20          3458       17    24.74        -      -     0.0049      0/1238         0     0.0010       0
      primary samples 0, productive 0 (0.0%), vertices/sample 0.000

"samples" is checked configurations for isSafe, barrier evaluations for
the three CBF rows, and SIMD configuration lanes evaluated for VAMP. They measure
sampling work, while wall time captures the very different per-sample costs.
"unsafe/audited" evaluates exact primitive clearance at every state of the
densified solution -- for each CBF row that is the rollout the planner recorded
for each edge, replayed, so it is the motion that would actually be executed,
sampled inside each step rather than only at its boundaries. Non-zero unsafe
invalidates a row however fast it was.
"missed" counts solution edges that were not on file and had to be
re-derived; it must be zero, or the audited motion is a different trajectory
from the one the planner found.


envelope hop: 5991 filter calls, 1.998 hold queries/call, 45.0% saturated, 100.0% longer than L1, past one step 99.2% (L1 alone 67.4%), gated 99.2%, empty-active 0.0%, screen-escalated 10.1%
envelope bottleneck: world 56.1%, self-collision 43.2%, unbound 0.7% (horizon or screen clip), blocked 0.0%, joint-limit clamped 0.0%
envelope binding term:
  world rows       L1 0.0%, local-L1 2.8%, speed-capped 0.8%, isotropic-anchored 96.4% (of 3361 bound calls)
  self-pair rows   L1 0.0%, local-L1 0.0%, speed-capped 0.0%, normal-anchored 100.0% (of 2586 bound calls)
local-lever screen: 72387 of 93716 expensive world rows settled before the envelope (77.2%)
span handed to the rollout, in controller steps (766965 calls):
                   <1      1-2      2-4      4-8       8+
  L1 only      99.47%     0.16%     0.14%     0.11%     0.12%
  envelope     99.23%     0.04%     0.06%     0.09%     0.58%
=== CBF profiler (wall time) ===
=== CBF filter stats ===
  calls=0  unchanged=0 (0.0%)  filtered=0 (0.0%)  blocked=0 (0.0%)
  active rows:       avg=0.00  max=0
  zero-row fast path: 0 (0.0%)
  qp iterations:     avg=0.00  max=0
  certified duration: avg=0.00000s  min=0.00000s  max=0.00000s  (over 0 non-blocked calls)
  required gain:     avg=0.000/s  max=0.000/s  p50=0.000/s  p90=0.000/s  p99=0.000/s  (over 0 calls, 0 uncertified)
