
MotionBenchMaker UR5, 33 problems loaded, up to 100 per scene
voxel 0.003 m, margin 0.0000 m + 0.0000 m filter buffer, stepSize 0.001 s, range 2.00 rad, 10.0 s limit

hop certificates: old L1 Lipschitz region and new hold-time bound
Picard: off; trajectory prefixes: 0; sequential rollout budget: 10000 calls
kappa 20.00 /s, certified step uncapped, self-collision margin 0.0000 m over 303 pairs
baseline segment: 0.000650 of extent = 0.0100 rad, rollout step 0.0100 rad (matched to the rollout)
rope shortcut off, all rows unsimplified

seed 1
  planner       solved ms(min/med/max)        samples vertices     path rad/call coarse  worst clr unsafe/audited missed worst self collide

bookshelf_tall  (1 problems, 0 skipped: 0 clearance, 0 self-collision)
  rrtconnect    0/1    10000.44/10000.44/10000.44    1249235    11364     0.00        -      -          -              -      -          -       -
      primary samples 87477, productive 11362 (13.0%), vertices/sample 0.130
  qp-fixed      0/1    10003.12/10003.12/10003.12     711886     1734     0.00   0.0063     0%          -              -      -          -       -
      primary samples 3113, productive 1489 (47.8%), vertices/sample 0.557
      qp 302.3 rows/call, 94% of calls reached the solver, 711886 calls
  qp-adapt      0/1    10001.58/10001.58/10001.58     679351     1823     0.00   0.0070     6%          -              -      -          -       -
      primary samples 3333, productive 1576 (47.3%), vertices/sample 0.547
      qp 303.7 rows/call, 99% of calls reached the solver, 679351 calls
  qp-env        0/1    10001.80/10001.80/10001.80     675354     1895     0.00   0.0073     1%          -              -      -          -       -
      primary samples 3509, productive 1644 (46.9%), vertices/sample 0.540
      qp 303.5 rows/call, 100% of calls reached the solver, 675354 calls
  vamp-rrtc     1/1       0.08/0.08/0.08           335        8    10.02        -      -     0.0049      0/502          0     0.0025       0
      primary samples 0, productive 0 (0.0%), vertices/sample 0.000

Hop disposition -- what set the hop's length, median over problems.
  row         floored(<1 step)    at region   edge-limited
  qp-fixed            100.0%         0.0%           0.0%
  qp-adapt             94.3%         5.6%           0.1%
  qp-env               99.1%         0.8%           0.1%

Endpoint clearance at zero margin -- min(start, goal) over all spheres.
  scene                     min    median       max affordable   problems by margin
  bookshelf_tall         0.0050    0.0050    0.0050    0.0050   0:100% 0.02:  0% 0.04:  0% 0.06:  0% 0.09:  0%

all scenes  (1 problems, 0 skipped: 0 clearance, 0 self-collision)
  rrtconnect    0/1    10000.44/10000.44/10000.44    1249235    11364     0.00        -      -          -              -      -          -       -
      primary samples 87477, productive 11362 (13.0%), vertices/sample 0.130
  qp-fixed      0/1    10003.12/10003.12/10003.12     711886     1734     0.00   0.0063     0%          -              -      -          -       -
      primary samples 3113, productive 1489 (47.8%), vertices/sample 0.557
      qp 302.3 rows/call, 94% of calls reached the solver, 711886 calls
  qp-adapt      0/1    10001.58/10001.58/10001.58     679351     1823     0.00   0.0070     6%          -              -      -          -       -
      primary samples 3333, productive 1576 (47.3%), vertices/sample 0.547
      qp 303.7 rows/call, 99% of calls reached the solver, 679351 calls
  qp-env        0/1    10001.80/10001.80/10001.80     675354     1895     0.00   0.0073     1%          -              -      -          -       -
      primary samples 3509, productive 1644 (46.9%), vertices/sample 0.540
      qp 303.5 rows/call, 100% of calls reached the solver, 675354 calls
  vamp-rrtc     1/1       0.08/0.08/0.08           335        8    10.02        -      -     0.0049      0/502          0     0.0025       0
      primary samples 0, productive 0 (0.0%), vertices/sample 0.000

"samples" is checked configurations for isSafe, barrier evaluations for
the three CBF rows, and SIMD configuration lanes evaluated for VAMP. They measure
sampling work, while wall time captures the very different per-sample costs.
"unsafe/audited" evaluates exact primitive clearance at every state of the
densified solution -- for each CBF row that is the rollout the planner recorded
for each edge, replayed, so it is the motion that would actually be executed,
sampled inside each step rather than only at its boundaries. Non-zero unsafe
invalidates a row however fast it was.
"missed" counts solution edges that were not on file and had to be
re-derived; it must be zero, or the audited motion is a different trajectory
from the one the planner found.


envelope hop: 6165 filter calls, 1.820 hold queries/call, 40.6% saturated, 100.0% longer than L1, past one step 95.8% (L1 alone 68.9%), gated 99.1%, empty-active 0.0%, screen-escalated 8.1%
envelope bottleneck: world 68.7%, self-collision 30.7%, unbound 0.6% (horizon or screen clip), blocked 0.0%, joint-limit clamped 0.0%
envelope binding term:
  world rows       L1 0.0%, local-L1 2.7%, speed-capped 3.4%, isotropic-anchored 93.9% (of 4236 bound calls)
  self-pair rows   L1 0.0%, local-L1 0.0%, speed-capped 0.1%, normal-anchored 99.9% (of 1893 bound calls)
local-lever screen: 62453 of 87361 expensive world rows settled before the envelope (71.5%)
span handed to the rollout, in controller steps (675353 calls):
                   <1      1-2      2-4      4-8       8+
  L1 only      99.37%     0.22%     0.16%     0.13%     0.12%
  envelope     99.13%     0.06%     0.10%     0.12%     0.59%
=== CBF profiler (wall time) ===
=== CBF filter stats ===
  calls=0  unchanged=0 (0.0%)  filtered=0 (0.0%)  blocked=0 (0.0%)
  active rows:       avg=0.00  max=0
  zero-row fast path: 0 (0.0%)
  qp iterations:     avg=0.00  max=0
  certified duration: avg=0.00000s  min=0.00000s  max=0.00000s  (over 0 non-blocked calls)
  required gain:     avg=0.000/s  max=0.000/s  p50=0.000/s  p90=0.000/s  p99=0.000/s  (over 0 calls, 0 uncertified)
