
MotionBenchMaker UR5, 33 problems loaded, up to 100 per scene
voxel 0.003 m, margin 0.0000 m + 0.0000 m filter buffer, stepSize 0.001 s, range 2.00 rad, 10.0 s limit

hop certificates: old L1 Lipschitz region and new hold-time bound
Picard: off; trajectory prefixes: 0; sequential rollout budget: 10000 calls
kappa 20.00 /s, certified step uncapped, self-collision margin 0.0000 m over 303 pairs
baseline segment: 0.000650 of extent = 0.0100 rad, rollout step 0.0100 rad (matched to the rollout)
rope shortcut off, all rows unsimplified

seed 1
  planner       solved ms(min/med/max)        samples vertices     path rad/call coarse  worst clr unsafe/audited missed worst self collide

bookshelf_tall  (1 problems, 0 skipped: 0 clearance, 0 self-collision)
  rrtconnect    0/1    10000.10/10000.10/10000.10    1848660    18133     0.00        -      -          -              -      -          -       -
      primary samples 144175, productive 18131 (12.6%), vertices/sample 0.126
  qp-fixed      0/1    10001.67/10001.67/10001.67    1086273     2448     0.00   0.0060     0%          -              -      -          -       -
      primary samples 4972, productive 2192 (44.1%), vertices/sample 0.492
      qp 303.9 rows/call, 95% of calls reached the solver, 1086273 calls
  qp-adapt      0/1    10001.47/10001.47/10001.47    1032929     2566     0.00   0.0066     5%          -              -      -          -       -
      primary samples 5254, productive 2307 (43.9%), vertices/sample 0.488
      qp 305.3 rows/call, 99% of calls reached the solver, 1032929 calls
  qp-env        0/1    10001.20/10001.20/10001.20    1017903     2658     0.00   0.0070     1%          -              -      -          -       -
      primary samples 5514, productive 2397 (43.5%), vertices/sample 0.482
      qp 304.9 rows/call, 100% of calls reached the solver, 1017903 calls
  vamp-rrtc     1/1       1.49/1.49/1.49         42159      158    16.08        -      -     0.0044      0/805          0     0.0025       0
      primary samples 0, productive 0 (0.0%), vertices/sample 0.000

table_under_pick  (1 problems, 0 skipped: 0 clearance, 0 self-collision)
  rrtconnect    0/1    10000.33/10000.33/10000.33    2382672    24308     0.00        -      -          -              -      -          -       -
      primary samples 177043, productive 24305 (13.7%), vertices/sample 0.137
  qp-fixed      0/1    10000.21/10000.21/10000.21    1356617     2980     0.00   0.0059     0%          -              -      -          -       -
      primary samples 6279, productive 2709 (43.1%), vertices/sample 0.475
      qp 302.3 rows/call, 95% of calls reached the solver, 1356617 calls
  qp-adapt      0/1    10001.60/10001.60/10001.60    1276156     3119     0.00   0.0066     6%          -              -      -          -       -
      primary samples 6643, productive 2846 (42.8%), vertices/sample 0.470
      qp 303.3 rows/call, 99% of calls reached the solver, 1276156 calls
  qp-env        0/1    10000.69/10000.69/10000.69    1263109     3218     0.00   0.0069     1%          -              -      -          -       -
      primary samples 6921, productive 2942 (42.5%), vertices/sample 0.465
      qp 303.3 rows/call, 100% of calls reached the solver, 1263109 calls
  vamp-rrtc     1/1       0.04/0.04/0.04           463        9    12.17        -      -     0.0079      0/610          0     0.0025       0
      primary samples 0, productive 0 (0.0%), vertices/sample 0.000

Hop disposition -- what set the hop's length, median over problems.
  row         floored(<1 step)    at region   edge-limited
  qp-fixed            100.0%         0.0%           0.0%
  qp-adapt             94.5%         6.2%           0.1%
  qp-env               99.2%         0.9%           0.1%

Endpoint clearance at zero margin -- min(start, goal) over all spheres.
  scene                     min    median       max affordable   problems by margin
  bookshelf_tall         0.0044    0.0044    0.0044    0.0044   0:100% 0.02:  0% 0.04:  0% 0.06:  0% 0.09:  0%
  table_under_pick       0.0079    0.0079    0.0079    0.0079   0:100% 0.02:  0% 0.04:  0% 0.06:  0% 0.09:  0%

all scenes  (2 problems, 0 skipped: 0 clearance, 0 self-collision)
  rrtconnect    0/2    10000.10/10000.33/10000.33    2382672    24308     0.00        -      -          -              -      -          -       -
      primary samples 177043, productive 24305 (13.7%), vertices/sample 0.137
  qp-fixed      0/2    10000.21/10001.67/10001.67    1356617     2980     0.00   0.0060     0%          -              -      -          -       -
      primary samples 6279, productive 2709 (43.1%), vertices/sample 0.492
      qp 303.9 rows/call, 95% of calls reached the solver, 2442890 calls
  qp-adapt      0/2    10001.47/10001.60/10001.60    1276156     3119     0.00   0.0066     6%          -              -      -          -       -
      primary samples 6643, productive 2846 (42.8%), vertices/sample 0.488
      qp 305.3 rows/call, 99% of calls reached the solver, 2309085 calls
  qp-env        0/2    10000.69/10001.20/10001.20    1263109     3218     0.00   0.0070     1%          -              -      -          -       -
      primary samples 6921, productive 2942 (42.5%), vertices/sample 0.482
      qp 304.9 rows/call, 100% of calls reached the solver, 2281012 calls
  vamp-rrtc     2/2       0.04/1.49/1.49         42159      158    16.08        -      -     0.0044      0/1415         0     0.0025       0
      primary samples 0, productive 0 (0.0%), vertices/sample 0.000

"samples" is checked configurations for isSafe, barrier evaluations for
the three CBF rows, and SIMD configuration lanes evaluated for VAMP. They measure
sampling work, while wall time captures the very different per-sample costs.
"unsafe/audited" evaluates exact primitive clearance at every state of the
densified solution -- for each CBF row that is the rollout the planner recorded
for each edge, replayed, so it is the motion that would actually be executed,
sampled inside each step rather than only at its boundaries. Non-zero unsafe
invalidates a row however fast it was.
"missed" counts solution edges that were not on file and had to be
re-derived; it must be zero, or the audited motion is a different trajectory
from the one the planner found.


envelope hop: 21359 filter calls, 1.831 hold queries/call, 41.2% saturated, 100.0% longer than L1, past one step 97.7% (L1 alone 65.4%), gated 99.1%, empty-active 0.0%, screen-escalated 7.6%
envelope bottleneck: world 67.4%, self-collision 32.1%, unbound 0.5% (horizon or screen clip), blocked 0.0%, joint-limit clamped 0.0%
envelope binding term:
  world rows       L1 0.0%, local-L1 2.5%, speed-capped 0.6%, isotropic-anchored 96.9% (of 14394 bound calls)
  self-pair rows   L1 0.0%, local-L1 0.0%, speed-capped 0.0%, normal-anchored 100.0% (of 6849 bound calls)
local-lever screen: 217889 of 301007 expensive world rows settled before the envelope (72.4%)
span handed to the rollout, in controller steps (2281003 calls):
                   <1      1-2      2-4      4-8       8+
  L1 only      99.39%     0.21%     0.16%     0.12%     0.12%
  envelope     99.09%     0.08%     0.11%     0.13%     0.60%
=== CBF profiler (wall time) ===
=== CBF filter stats ===
  calls=0  unchanged=0 (0.0%)  filtered=0 (0.0%)  blocked=0 (0.0%)
  active rows:       avg=0.00  max=0
  zero-row fast path: 0 (0.0%)
  qp iterations:     avg=0.00  max=0
  certified duration: avg=0.00000s  min=0.00000s  max=0.00000s  (over 0 non-blocked calls)
  required gain:     avg=0.000/s  max=0.000/s  p50=0.000/s  p90=0.000/s  p99=0.000/s  (over 0 calls, 0 uncertified)
