
MotionBenchMaker UR5, 33 problems loaded, up to 100 per scene
voxel 0.003 m, margin 0.0000 m + 0.0000 m filter buffer, stepSize 0.001 s, range 2.00 rad, 10.0 s limit

hop certificates: old L1 Lipschitz region and new hold-time bound
Picard: off; trajectory prefixes: 0; sequential rollout budget: 10000 calls
kappa 20.00 /s, certified step uncapped, self-collision margin 0.0000 m over 303 pairs
baseline segment: 0.000650 of extent = 0.0100 rad, rollout step 0.0100 rad (matched to the rollout)
rope shortcut off, all rows unsimplified

seed 1
  planner       solved ms(min/med/max)        samples vertices     path rad/call coarse  worst clr unsafe/audited missed worst self collide

bookshelf_tall  (1 problems, 0 skipped: 0 clearance, 0 self-collision)
  rrtconnect    0/1    10000.53/10000.53/10000.53    1232147    11587     0.00        -      -          -              -      -          -       -
      primary samples 99443, productive 11585 (11.6%), vertices/sample 0.117
  qp-fixed      0/1    10001.46/10001.46/10001.46     708773     1472     0.00   0.0059     0%          -              -      -          -       -
      primary samples 3086, productive 1374 (44.5%), vertices/sample 0.477
      qp 298.8 rows/call, 95% of calls reached the solver, 708773 calls
  qp-adapt      0/1    10002.07/10002.07/10002.07     691075     1561     0.00   0.0064     5%          -              -      -          -       -
      primary samples 3314, productive 1463 (44.1%), vertices/sample 0.471
      qp 299.2 rows/call, 99% of calls reached the solver, 691075 calls
  qp-env        0/1    10000.04/10000.04/10000.04     683285     1598     0.00   0.0067     1%          -              -      -          -       -
      primary samples 3433, productive 1499 (43.7%), vertices/sample 0.465
      qp 299.0 rows/call, 100% of calls reached the solver, 683285 calls
  vamp-rrtc     1/1       0.29/0.29/0.29          2806       19    16.20        -      -     0.0076      0/811          0     0.0025       0
      primary samples 0, productive 0 (0.0%), vertices/sample 0.000

Hop disposition -- what set the hop's length, median over problems.
  row         floored(<1 step)    at region   edge-limited
  qp-fixed            100.0%         0.0%           0.0%
  qp-adapt             95.1%         4.8%           0.1%
  qp-env               99.3%         0.6%           0.1%

Endpoint clearance at zero margin -- min(start, goal) over all spheres.
  scene                     min    median       max affordable   problems by margin
  bookshelf_tall         0.0076    0.0076    0.0076    0.0076   0:100% 0.02:  0% 0.04:  0% 0.06:  0% 0.09:  0%

all scenes  (1 problems, 0 skipped: 0 clearance, 0 self-collision)
  rrtconnect    0/1    10000.53/10000.53/10000.53    1232147    11587     0.00        -      -          -              -      -          -       -
      primary samples 99443, productive 11585 (11.6%), vertices/sample 0.117
  qp-fixed      0/1    10001.46/10001.46/10001.46     708773     1472     0.00   0.0059     0%          -              -      -          -       -
      primary samples 3086, productive 1374 (44.5%), vertices/sample 0.477
      qp 298.8 rows/call, 95% of calls reached the solver, 708773 calls
  qp-adapt      0/1    10002.07/10002.07/10002.07     691075     1561     0.00   0.0064     5%          -              -      -          -       -
      primary samples 3314, productive 1463 (44.1%), vertices/sample 0.471
      qp 299.2 rows/call, 99% of calls reached the solver, 691075 calls
  qp-env        0/1    10000.04/10000.04/10000.04     683285     1598     0.00   0.0067     1%          -              -      -          -       -
      primary samples 3433, productive 1499 (43.7%), vertices/sample 0.465
      qp 299.0 rows/call, 100% of calls reached the solver, 683285 calls
  vamp-rrtc     1/1       0.29/0.29/0.29          2806       19    16.20        -      -     0.0076      0/811          0     0.0025       0
      primary samples 0, productive 0 (0.0%), vertices/sample 0.000

"samples" is checked configurations for isSafe, barrier evaluations for
the three CBF rows, and SIMD configuration lanes evaluated for VAMP. They measure
sampling work, while wall time captures the very different per-sample costs.
"unsafe/audited" evaluates exact primitive clearance at every state of the
densified solution -- for each CBF row that is the rollout the planner recorded
for each edge, replayed, so it is the motion that would actually be executed,
sampled inside each step rather than only at its boundaries. Non-zero unsafe
invalidates a row however fast it was.
"missed" counts solution edges that were not on file and had to be
re-derived; it must be zero, or the audited motion is a different trajectory
from the one the planner found.


envelope hop: 4699 filter calls, 1.939 hold queries/call, 43.1% saturated, 100.0% longer than L1, past one step 99.1% (L1 alone 61.8%), gated 99.3%, empty-active 0.0%, screen-escalated 10.4%
envelope bottleneck: world 59.8%, self-collision 39.5%, unbound 0.7% (horizon or screen clip), blocked 0.0%, joint-limit clamped 0.0%
envelope binding term:
  world rows       L1 0.0%, local-L1 3.2%, speed-capped 1.4%, isotropic-anchored 95.4% (of 2812 bound calls)
  self-pair rows   L1 0.0%, local-L1 0.0%, speed-capped 0.0%, normal-anchored 100.0% (of 1855 bound calls)
local-lever screen: 50166 of 71032 expensive world rows settled before the envelope (70.6%)
span handed to the rollout, in controller steps (683281 calls):
                   <1      1-2      2-4      4-8       8+
  L1 only      99.57%     0.15%     0.10%     0.08%     0.09%
  envelope     99.32%     0.05%     0.10%     0.09%     0.45%
=== CBF profiler (wall time) ===
=== CBF filter stats ===
  calls=0  unchanged=0 (0.0%)  filtered=0 (0.0%)  blocked=0 (0.0%)
  active rows:       avg=0.00  max=0
  zero-row fast path: 0 (0.0%)
  qp iterations:     avg=0.00  max=0
  certified duration: avg=0.00000s  min=0.00000s  max=0.00000s  (over 0 non-blocked calls)
  required gain:     avg=0.000/s  max=0.000/s  p50=0.000/s  p90=0.000/s  p99=0.000/s  (over 0 calls, 0 uncertified)
