
MotionBenchMaker UR5, 33 problems loaded, up to 100 per scene
voxel 0.003 m, margin 0.0000 m + 0.0000 m filter buffer, stepSize 0.001 s, range 2.00 rad, 10.0 s limit

hop certificates: old L1 Lipschitz region and new hold-time bound
Picard: off; trajectory prefixes: 0; sequential rollout budget: 10000 calls
kappa 20.00 /s, certified step uncapped, self-collision margin 0.0000 m over 303 pairs
baseline segment: 0.000650 of extent = 0.0100 rad, rollout step 0.0100 rad (matched to the rollout)
rope shortcut off, all rows unsimplified

seed 1
  planner       solved ms(min/med/max)        samples vertices     path rad/call coarse  worst clr unsafe/audited missed worst self collide

bookshelf_tall  (1 problems, 0 skipped: 0 clearance, 0 self-collision)
  rrtconnect    0/1    10000.02/10000.02/10000.02    1825581    18578     0.00        -      -          -              -      -          -       -
      primary samples 168877, productive 18576 (11.0%), vertices/sample 0.110
  qp-fixed      0/1    10001.62/10001.62/10001.62    1089427     2114     0.00   0.0056     0%          -              -      -          -       -
      primary samples 4967, productive 2006 (40.4%), vertices/sample 0.426
      qp 298.7 rows/call, 95% of calls reached the solver, 1089427 calls
  qp-adapt      0/1    10001.36/10001.36/10001.36    1045985     2200     0.00   0.0061     5%          -              -      -          -       -
      primary samples 5272, productive 2093 (39.7%), vertices/sample 0.417
      qp 300.3 rows/call, 99% of calls reached the solver, 1045985 calls
  qp-env        0/1    10000.68/10000.68/10000.68    1032498     2272     0.00   0.0065     1%          -              -      -          -       -
      primary samples 5517, productive 2168 (39.3%), vertices/sample 0.412
      qp 300.9 rows/call, 100% of calls reached the solver, 1032498 calls
  vamp-rrtc     1/1       0.66/0.66/0.66         16409       85    25.67        -      -     0.0002      0/1285         0     0.0025       0
      primary samples 0, productive 0 (0.0%), vertices/sample 0.000

table_under_pick  (1 problems, 0 skipped: 0 clearance, 0 self-collision)
  rrtconnect    0/1    10000.07/10000.07/10000.07    2336732    24844     0.00        -      -          -              -      -          -       -
      primary samples 229261, productive 24842 (10.8%), vertices/sample 0.108
  qp-fixed      0/1    10001.31/10001.31/10001.31    1360462     2611     0.00   0.0055     0%          -              -      -          -       -
      primary samples 6286, productive 2506 (39.9%), vertices/sample 0.415
      qp 300.2 rows/call, 95% of calls reached the solver, 1360462 calls
  qp-adapt      0/1    10000.38/10000.38/10000.38    1281629     2713     0.00   0.0061     6%          -              -      -          -       -
      primary samples 6568, productive 2607 (39.7%), vertices/sample 0.413
      qp 301.1 rows/call, 99% of calls reached the solver, 1281629 calls
  qp-env        0/1    10000.30/10000.30/10000.30    1275506     2833     0.00   0.0063     1%          -              -      -          -       -
      primary samples 6848, productive 2722 (39.7%), vertices/sample 0.414
      qp 300.6 rows/call, 100% of calls reached the solver, 1275506 calls
  vamp-rrtc     1/1       0.06/0.06/0.06          2107       14    13.01        -      -     0.0080      0/652          0     0.0020       0
      primary samples 0, productive 0 (0.0%), vertices/sample 0.000

Hop disposition -- what set the hop's length, median over problems.
  row         floored(<1 step)    at region   edge-limited
  qp-fixed            100.0%         0.0%           0.0%
  qp-adapt             94.6%         5.7%           0.1%
  qp-env               99.3%         0.7%           0.1%

Endpoint clearance at zero margin -- min(start, goal) over all spheres.
  scene                     min    median       max affordable   problems by margin
  bookshelf_tall         0.0043    0.0043    0.0043    0.0043   0:100% 0.02:  0% 0.04:  0% 0.06:  0% 0.09:  0%
  table_under_pick       0.0080    0.0080    0.0080    0.0080   0:100% 0.02:  0% 0.04:  0% 0.06:  0% 0.09:  0%

all scenes  (2 problems, 0 skipped: 0 clearance, 0 self-collision)
  rrtconnect    0/2    10000.02/10000.07/10000.07    2336732    24844     0.00        -      -          -              -      -          -       -
      primary samples 229261, productive 24842 (10.8%), vertices/sample 0.110
  qp-fixed      0/2    10001.31/10001.62/10001.62    1360462     2611     0.00   0.0056     0%          -              -      -          -       -
      primary samples 6286, productive 2506 (39.9%), vertices/sample 0.426
      qp 300.2 rows/call, 95% of calls reached the solver, 2449889 calls
  qp-adapt      0/2    10000.38/10001.36/10001.36    1281629     2713     0.00   0.0061     6%          -              -      -          -       -
      primary samples 6568, productive 2607 (39.7%), vertices/sample 0.417
      qp 301.1 rows/call, 99% of calls reached the solver, 2327614 calls
  qp-env        0/2    10000.30/10000.68/10000.68    1275506     2833     0.00   0.0065     1%          -              -      -          -       -
      primary samples 6848, productive 2722 (39.7%), vertices/sample 0.414
      qp 300.9 rows/call, 100% of calls reached the solver, 2308004 calls
  vamp-rrtc     2/2       0.06/0.66/0.66         16409       85    25.67        -      -     0.0002      0/1937         0     0.0020       0
      primary samples 0, productive 0 (0.0%), vertices/sample 0.000

"samples" is checked configurations for isSafe, barrier evaluations for
the three CBF rows, and SIMD configuration lanes evaluated for VAMP. They measure
sampling work, while wall time captures the very different per-sample costs.
"unsafe/audited" evaluates exact primitive clearance at every state of the
densified solution -- for each CBF row that is the rollout the planner recorded
for each edge, replayed, so it is the motion that would actually be executed,
sampled inside each step rather than only at its boundaries. Non-zero unsafe
invalidates a row however fast it was.
"missed" counts solution edges that were not on file and had to be
re-derived; it must be zero, or the audited motion is a different trajectory
from the one the planner found.


envelope hop: 18606 filter calls, 1.866 hold queries/call, 42.2% saturated, 100.0% longer than L1, past one step 97.9% (L1 alone 63.8%), gated 99.2%, empty-active 0.0%, screen-escalated 8.0%
envelope bottleneck: world 65.3%, self-collision 34.2%, unbound 0.5% (horizon or screen clip), blocked 0.0%, joint-limit clamped 0.0%
envelope binding term:
  world rows       L1 0.0%, local-L1 2.7%, speed-capped 0.8%, isotropic-anchored 96.5% (of 12145 bound calls)
  self-pair rows   L1 0.0%, local-L1 0.0%, speed-capped 0.0%, normal-anchored 100.0% (of 6359 bound calls)
local-lever screen: 195211 of 265471 expensive world rows settled before the envelope (73.5%)
span handed to the rollout, in controller steps (2308001 calls):
                   <1      1-2      2-4      4-8       8+
  L1 only      99.49%     0.17%     0.13%     0.11%     0.10%
  envelope     99.21%     0.07%     0.09%     0.09%     0.53%
=== CBF profiler (wall time) ===
=== CBF filter stats ===
  calls=0  unchanged=0 (0.0%)  filtered=0 (0.0%)  blocked=0 (0.0%)
  active rows:       avg=0.00  max=0
  zero-row fast path: 0 (0.0%)
  qp iterations:     avg=0.00  max=0
  certified duration: avg=0.00000s  min=0.00000s  max=0.00000s  (over 0 non-blocked calls)
  required gain:     avg=0.000/s  max=0.000/s  p50=0.000/s  p90=0.000/s  p99=0.000/s  (over 0 calls, 0 uncertified)
