
MotionBenchMaker UR5, 33 problems loaded, up to 100 per scene
voxel 0.003 m, margin 0.0000 m + 0.0000 m filter buffer, stepSize 0.001 s, range 2.00 rad, 10.0 s limit

hop certificates: old L1 Lipschitz region and new hold-time bound
Picard: off; trajectory prefixes: 0; sequential rollout budget: 10000 calls
kappa 20.00 /s, certified step uncapped, self-collision margin 0.0000 m over 303 pairs
baseline segment: 0.000650 of extent = 0.0100 rad, rollout step 0.0100 rad (matched to the rollout)
rope shortcut off, all rows unsimplified

seed 1
  planner       solved ms(min/med/max)        samples vertices     path rad/call coarse  worst clr unsafe/audited missed worst self collide

bookshelf_tall  (1 problems, 0 skipped: 0 clearance, 0 self-collision)
  rrtconnect    0/1    10000.07/10000.07/10000.07    1800652    18291     0.00        -      -          -              -      -          -       -
      primary samples 175269, productive 18289 (10.4%), vertices/sample 0.104
  qp-fixed      0/1    10000.81/10000.81/10000.81    1083522     2091     0.00   0.0056     0%          -              -      -          -       -
      primary samples 4985, productive 1990 (39.9%), vertices/sample 0.419
      qp 301.0 rows/call, 96% of calls reached the solver, 1083522 calls
  qp-adapt      0/1    10000.12/10000.12/10000.12    1035626     2192     0.00   0.0061     6%          -              -      -          -       -
      primary samples 5287, productive 2091 (39.5%), vertices/sample 0.415
      qp 301.9 rows/call, 99% of calls reached the solver, 1035626 calls
  qp-env        0/1    10001.13/10001.13/10001.13    1030838     2298     0.00   0.0064     1%          -              -      -          -       -
      primary samples 5595, productive 2197 (39.3%), vertices/sample 0.411
      qp 301.7 rows/call, 100% of calls reached the solver, 1030838 calls
  vamp-rrtc     1/1       1.49/1.49/1.49         42159      158    16.08        -      -     0.0044      0/805          0     0.0025       0
      primary samples 0, productive 0 (0.0%), vertices/sample 0.000

table_under_pick  (1 problems, 0 skipped: 0 clearance, 0 self-collision)
  rrtconnect    0/1    10000.13/10000.13/10000.13    2375011    25314     0.00        -      -          -              -      -          -       -
      primary samples 220303, productive 25312 (11.5%), vertices/sample 0.115
  qp-fixed      0/1    10001.08/10001.08/10001.08    1365912     2613     0.00   0.0055     0%          -              -      -          -       -
      primary samples 6303, productive 2505 (39.7%), vertices/sample 0.415
      qp 298.6 rows/call, 96% of calls reached the solver, 1365912 calls
  qp-adapt      0/1    10000.50/10000.50/10000.50    1283097     2696     0.00   0.0060     5%          -              -      -          -       -
      primary samples 6531, productive 2587 (39.6%), vertices/sample 0.413
      qp 299.1 rows/call, 99% of calls reached the solver, 1283097 calls
  qp-env        0/1    10000.30/10000.30/10000.30    1251031     2743     0.00   0.0063     1%          -              -      -          -       -
      primary samples 6702, productive 2634 (39.3%), vertices/sample 0.409
      qp 299.3 rows/call, 100% of calls reached the solver, 1251031 calls
  vamp-rrtc     1/1       0.04/0.04/0.04           463        9    12.17        -      -     0.0079      0/610          0     0.0025       0
      primary samples 0, productive 0 (0.0%), vertices/sample 0.000

Hop disposition -- what set the hop's length, median over problems.
  row         floored(<1 step)    at region   edge-limited
  qp-fixed            100.0%         0.0%           0.0%
  qp-adapt             94.9%         5.7%           0.1%
  qp-env               99.3%         0.9%           0.1%

Endpoint clearance at zero margin -- min(start, goal) over all spheres.
  scene                     min    median       max affordable   problems by margin
  bookshelf_tall         0.0044    0.0044    0.0044    0.0044   0:100% 0.02:  0% 0.04:  0% 0.06:  0% 0.09:  0%
  table_under_pick       0.0079    0.0079    0.0079    0.0079   0:100% 0.02:  0% 0.04:  0% 0.06:  0% 0.09:  0%

all scenes  (2 problems, 0 skipped: 0 clearance, 0 self-collision)
  rrtconnect    0/2    10000.07/10000.13/10000.13    2375011    25314     0.00        -      -          -              -      -          -       -
      primary samples 220303, productive 25312 (11.5%), vertices/sample 0.115
  qp-fixed      0/2    10000.81/10001.08/10001.08    1365912     2613     0.00   0.0056     0%          -              -      -          -       -
      primary samples 6303, productive 2505 (39.7%), vertices/sample 0.419
      qp 301.0 rows/call, 96% of calls reached the solver, 2449434 calls
  qp-adapt      0/2    10000.12/10000.50/10000.50    1283097     2696     0.00   0.0061     6%          -              -      -          -       -
      primary samples 6531, productive 2587 (39.6%), vertices/sample 0.415
      qp 301.9 rows/call, 99% of calls reached the solver, 2318723 calls
  qp-env        0/2    10000.30/10001.13/10001.13    1251031     2743     0.00   0.0064     1%          -              -      -          -       -
      primary samples 6702, productive 2634 (39.3%), vertices/sample 0.411
      qp 301.7 rows/call, 100% of calls reached the solver, 2281869 calls
  vamp-rrtc     2/2       0.04/1.49/1.49         42159      158    16.08        -      -     0.0044      0/1415         0     0.0025       0
      primary samples 0, productive 0 (0.0%), vertices/sample 0.000

"samples" is checked configurations for isSafe, barrier evaluations for
the three CBF rows, and SIMD configuration lanes evaluated for VAMP. They measure
sampling work, while wall time captures the very different per-sample costs.
"unsafe/audited" evaluates exact primitive clearance at every state of the
densified solution -- for each CBF row that is the rollout the planner recorded
for each edge, replayed, so it is the motion that would actually be executed,
sampled inside each step rather than only at its boundaries. Non-zero unsafe
invalidates a row however fast it was.
"missed" counts solution edges that were not on file and had to be
re-derived; it must be zero, or the audited motion is a different trajectory
from the one the planner found.


envelope hop: 19149 filter calls, 1.883 hold queries/call, 43.2% saturated, 100.0% longer than L1, past one step 98.8% (L1 alone 66.7%), gated 99.2%, empty-active 0.0%, screen-escalated 7.1%
envelope bottleneck: world 65.9%, self-collision 33.6%, unbound 0.5% (horizon or screen clip), blocked 0.0%, joint-limit clamped 0.0%
envelope binding term:
  world rows       L1 0.0%, local-L1 2.7%, speed-capped 3.6%, isotropic-anchored 93.8% (of 12619 bound calls)
  self-pair rows   L1 0.0%, local-L1 0.0%, speed-capped 0.0%, normal-anchored 100.0% (of 6430 bound calls)
local-lever screen: 190105 of 264634 expensive world rows settled before the envelope (71.8%)
span handed to the rollout, in controller steps (2281860 calls):
                   <1      1-2      2-4      4-8       8+
  L1 only      99.44%     0.19%     0.15%     0.11%     0.10%
  envelope     99.17%     0.05%     0.09%     0.14%     0.55%
=== CBF profiler (wall time) ===
=== CBF filter stats ===
  calls=0  unchanged=0 (0.0%)  filtered=0 (0.0%)  blocked=0 (0.0%)
  active rows:       avg=0.00  max=0
  zero-row fast path: 0 (0.0%)
  qp iterations:     avg=0.00  max=0
  certified duration: avg=0.00000s  min=0.00000s  max=0.00000s  (over 0 non-blocked calls)
  required gain:     avg=0.000/s  max=0.000/s  p50=0.000/s  p90=0.000/s  p99=0.000/s  (over 0 calls, 0 uncertified)
