
MotionBenchMaker UR5, 33 problems loaded, up to 100 per scene
voxel 0.003 m, margin 0.0000 m + 0.0000 m filter buffer, stepSize 0.001 s, range 2.00 rad, 10.0 s limit

hop certificates: old L1 Lipschitz region and new hold-time bound
Picard: off; trajectory prefixes: 0; sequential rollout budget: 10000 calls
kappa 20.00 /s, certified step uncapped, self-collision margin 0.0000 m over 303 pairs
baseline segment: 0.000650 of extent = 0.0100 rad, rollout step 0.0100 rad (matched to the rollout)
rope shortcut off, all rows unsimplified

seed 1
  planner       solved ms(min/med/max)        samples vertices     path rad/call coarse  worst clr unsafe/audited missed worst self collide

bookshelf_small  (1 problems, 0 skipped: 0 clearance, 0 self-collision)
  rrtconnect    0/1    10000.09/10000.09/10000.09    3032424    33934     0.00        -      -          -              -      -          -       -
      primary samples 281813, productive 33932 (12.0%), vertices/sample 0.120
  qp-fixed      0/1    10000.28/10000.28/10000.28    1614332     3019     0.00   0.0054     0%          -              -      -          -       -
      primary samples 7578, productive 2925 (38.6%), vertices/sample 0.398
      qp 298.3 rows/call, 95% of calls reached the solver, 1614332 calls
  qp-adapt      0/1    10000.20/10000.20/10000.20    1494377     3067     0.00   0.0060     5%          -              -      -          -       -
      primary samples 7739, productive 2973 (38.4%), vertices/sample 0.396
      qp 299.0 rows/call, 99% of calls reached the solver, 1494377 calls
  qp-env        0/1    10000.11/10000.11/10000.11    1484546     3155     0.00   0.0062     1%          -              -      -          -       -
      primary samples 8078, productive 3057 (37.8%), vertices/sample 0.391
      qp 298.6 rows/call, 100% of calls reached the solver, 1484546 calls
  vamp-rrtc     1/1       0.10/0.10/0.10          3653       22    10.17        -      -     0.0023      0/510          0     0.0025       0
      primary samples 0, productive 0 (0.0%), vertices/sample 0.000

bookshelf_tall  (1 problems, 0 skipped: 0 clearance, 0 self-collision)
  rrtconnect    0/1    10000.02/10000.02/10000.02    1783157    18061     0.00        -      -          -              -      -          -       -
      primary samples 164308, productive 18059 (11.0%), vertices/sample 0.110
  qp-fixed      0/1    10000.91/10000.91/10000.91    1082104     2147     0.00   0.0056     0%          -              -      -          -       -
      primary samples 4903, productive 2050 (41.8%), vertices/sample 0.438
      qp 300.0 rows/call, 95% of calls reached the solver, 1082104 calls
  qp-adapt      0/1    10001.60/10001.60/10001.60    1030914     2251     0.00   0.0062     6%          -              -      -          -       -
      primary samples 5218, productive 2154 (41.3%), vertices/sample 0.431
      qp 301.3 rows/call, 99% of calls reached the solver, 1030914 calls
  qp-env        0/1    10000.94/10000.94/10000.94    1018182     2298     0.00   0.0065     1%          -              -      -          -       -
      primary samples 5433, productive 2196 (40.4%), vertices/sample 0.423
      qp 301.5 rows/call, 100% of calls reached the solver, 1018182 calls
  vamp-rrtc     1/1       0.08/0.08/0.08          1378       11     8.36        -      -     0.0047      0/420          0     0.0014       0
      primary samples 0, productive 0 (0.0%), vertices/sample 0.000

Hop disposition -- what set the hop's length, median over problems.
  row         floored(<1 step)    at region   edge-limited
  qp-fixed            100.0%         0.0%           0.0%
  qp-adapt             94.7%         5.7%           0.1%
  qp-env               99.4%         0.6%           0.1%

Endpoint clearance at zero margin -- min(start, goal) over all spheres.
  scene                     min    median       max affordable   problems by margin
  bookshelf_small        0.0086    0.0086    0.0086    0.0086   0:100% 0.02:  0% 0.04:  0% 0.06:  0% 0.09:  0%
  bookshelf_tall         0.0069    0.0069    0.0069    0.0069   0:100% 0.02:  0% 0.04:  0% 0.06:  0% 0.09:  0%

all scenes  (2 problems, 0 skipped: 0 clearance, 0 self-collision)
  rrtconnect    0/2    10000.02/10000.09/10000.09    3032424    33934     0.00        -      -          -              -      -          -       -
      primary samples 281813, productive 33932 (12.0%), vertices/sample 0.120
  qp-fixed      0/2    10000.28/10000.91/10000.91    1614332     3019     0.00   0.0056     0%          -              -      -          -       -
      primary samples 7578, productive 2925 (38.6%), vertices/sample 0.438
      qp 300.0 rows/call, 95% of calls reached the solver, 2696436 calls
  qp-adapt      0/2    10000.20/10001.60/10001.60    1494377     3067     0.00   0.0062     6%          -              -      -          -       -
      primary samples 7739, productive 2973 (38.4%), vertices/sample 0.431
      qp 301.3 rows/call, 99% of calls reached the solver, 2525291 calls
  qp-env        0/2    10000.11/10000.94/10000.94    1484546     3155     0.00   0.0065     1%          -              -      -          -       -
      primary samples 8078, productive 3057 (37.8%), vertices/sample 0.423
      qp 301.5 rows/call, 100% of calls reached the solver, 2502728 calls
  vamp-rrtc     2/2       0.08/0.10/0.10          3653       22    10.17        -      -     0.0023      0/930          0     0.0014       0
      primary samples 0, productive 0 (0.0%), vertices/sample 0.000

"samples" is checked configurations for isSafe, barrier evaluations for
the three CBF rows, and SIMD configuration lanes evaluated for VAMP. They measure
sampling work, while wall time captures the very different per-sample costs.
"unsafe/audited" evaluates exact primitive clearance at every state of the
densified solution -- for each CBF row that is the rollout the planner recorded
for each edge, replayed, so it is the motion that would actually be executed,
sampled inside each step rather than only at its boundaries. Non-zero unsafe
invalidates a row however fast it was.
"missed" counts solution edges that were not on file and had to be
re-derived; it must be zero, or the audited motion is a different trajectory
from the one the planner found.


envelope hop: 16420 filter calls, 2.038 hold queries/call, 46.1% saturated, 100.0% longer than L1, past one step 99.3% (L1 alone 68.3%), gated 99.3%, empty-active 0.0%, screen-escalated 10.0%
envelope bottleneck: world 53.6%, self-collision 45.8%, unbound 0.5% (horizon or screen clip), blocked 0.0%, joint-limit clamped 0.0%
envelope binding term:
  world rows       L1 0.0%, local-L1 4.3%, speed-capped 0.8%, isotropic-anchored 94.9% (of 8808 bound calls)
  self-pair rows   L1 0.0%, local-L1 0.0%, speed-capped 0.0%, normal-anchored 100.0% (of 7524 bound calls)
local-lever screen: 190195 of 260987 expensive world rows settled before the envelope (72.9%)
span handed to the rollout, in controller steps (2502723 calls):
                   <1      1-2      2-4      4-8       8+
  L1 only      99.55%     0.13%     0.12%     0.10%     0.11%
  envelope     99.35%     0.02%     0.05%     0.07%     0.50%
=== CBF profiler (wall time) ===
=== CBF filter stats ===
  calls=0  unchanged=0 (0.0%)  filtered=0 (0.0%)  blocked=0 (0.0%)
  active rows:       avg=0.00  max=0
  zero-row fast path: 0 (0.0%)
  qp iterations:     avg=0.00  max=0
  certified duration: avg=0.00000s  min=0.00000s  max=0.00000s  (over 0 non-blocked calls)
  required gain:     avg=0.000/s  max=0.000/s  p50=0.000/s  p90=0.000/s  p99=0.000/s  (over 0 calls, 0 uncertified)
