
MotionBenchMaker UR5, 33 problems loaded, up to 100 per scene
voxel 0.003 m, margin 0.0000 m + 0.0000 m filter buffer, stepSize 0.001 s, range 2.00 rad, 10.0 s limit

hop certificates: old L1 Lipschitz region and new hold-time bound
Picard: off; trajectory prefixes: 0; sequential rollout budget: 10000 calls
kappa 20.00 /s, certified step uncapped, self-collision margin 0.0000 m over 303 pairs
baseline segment: 0.000650 of extent = 0.0100 rad, rollout step 0.0100 rad (matched to the rollout)
rope shortcut off, all rows unsimplified

seed 1
  planner       solved ms(min/med/max)        samples vertices     path rad/call coarse  worst clr unsafe/audited missed worst self collide

bookshelf_tall  (1 problems, 0 skipped: 0 clearance, 0 self-collision)
  rrtconnect    0/1    10000.26/10000.26/10000.26    1816034    18451     0.00        -      -          -              -      -          -       -
      primary samples 160777, productive 18449 (11.5%), vertices/sample 0.115
  qp-fixed      0/1    10001.38/10001.38/10001.38    1114950     2163     0.00   0.0056     0%          -              -      -          -       -
      primary samples 5088, productive 2055 (40.4%), vertices/sample 0.425
      qp 298.3 rows/call, 95% of calls reached the solver, 1114950 calls
  qp-adapt      0/1    10000.25/10000.25/10000.25    1057868     2253     0.00   0.0062     6%          -              -      -          -       -
      primary samples 5359, productive 2145 (40.0%), vertices/sample 0.420
      qp 299.5 rows/call, 99% of calls reached the solver, 1057868 calls
  qp-env        0/1    10000.20/10000.20/10000.20    1023937     2273     0.00   0.0064     1%          -              -      -          -       -
      primary samples 5412, productive 2172 (40.1%), vertices/sample 0.420
      qp 299.7 rows/call, 100% of calls reached the solver, 1023937 calls
  vamp-rrtc     1/1       0.10/0.10/0.10          2391       13    11.56        -      -     0.0013      0/579          0     0.0025       0
      primary samples 0, productive 0 (0.0%), vertices/sample 0.000

table_under_pick  (1 problems, 0 skipped: 0 clearance, 0 self-collision)
  rrtconnect    0/1    10000.09/10000.09/10000.09    2342662    24934     0.00        -      -          -              -      -          -       -
      primary samples 219881, productive 24932 (11.3%), vertices/sample 0.113
  qp-fixed      0/1    10000.73/10000.73/10000.73    1364126     2577     0.00   0.0055     0%          -              -      -          -       -
      primary samples 6318, productive 2473 (39.1%), vertices/sample 0.408
      qp 299.0 rows/call, 96% of calls reached the solver, 1364126 calls
  qp-adapt      0/1    10001.20/10001.20/10001.20    1282158     2662     0.00   0.0061     5%          -              -      -          -       -
      primary samples 6558, productive 2551 (38.9%), vertices/sample 0.406
      qp 299.8 rows/call, 99% of calls reached the solver, 1282158 calls
  qp-env        0/1    10001.13/10001.13/10001.13    1275179     2759     0.00   0.0063     1%          -              -      -          -       -
      primary samples 6842, productive 2648 (38.7%), vertices/sample 0.403
      qp 299.8 rows/call, 100% of calls reached the solver, 1275179 calls
  vamp-rrtc     1/1       0.05/0.05/0.05          1076       10    13.15        -      -     0.0063      0/659          0     0.0025       0
      primary samples 0, productive 0 (0.0%), vertices/sample 0.000

Hop disposition -- what set the hop's length, median over problems.
  row         floored(<1 step)    at region   edge-limited
  qp-fixed            100.0%         0.0%           0.0%
  qp-adapt             94.6%         5.5%           0.1%
  qp-env               99.3%         0.6%           0.1%

Endpoint clearance at zero margin -- min(start, goal) over all spheres.
  scene                     min    median       max affordable   problems by margin
  bookshelf_tall         0.0065    0.0065    0.0065    0.0065   0:100% 0.02:  0% 0.04:  0% 0.06:  0% 0.09:  0%
  table_under_pick       0.0081    0.0081    0.0081    0.0081   0:100% 0.02:  0% 0.04:  0% 0.06:  0% 0.09:  0%

all scenes  (2 problems, 0 skipped: 0 clearance, 0 self-collision)
  rrtconnect    0/2    10000.09/10000.26/10000.26    2342662    24934     0.00        -      -          -              -      -          -       -
      primary samples 219881, productive 24932 (11.3%), vertices/sample 0.115
  qp-fixed      0/2    10000.73/10001.38/10001.38    1364126     2577     0.00   0.0056     0%          -              -      -          -       -
      primary samples 6318, productive 2473 (39.1%), vertices/sample 0.425
      qp 299.0 rows/call, 96% of calls reached the solver, 2479076 calls
  qp-adapt      0/2    10000.25/10001.20/10001.20    1282158     2662     0.00   0.0062     6%          -              -      -          -       -
      primary samples 6558, productive 2551 (38.9%), vertices/sample 0.420
      qp 299.8 rows/call, 99% of calls reached the solver, 2340026 calls
  qp-env        0/2    10000.20/10001.13/10001.13    1275179     2759     0.00   0.0064     1%          -              -      -          -       -
      primary samples 6842, productive 2648 (38.7%), vertices/sample 0.420
      qp 299.8 rows/call, 100% of calls reached the solver, 2299116 calls
  vamp-rrtc     2/2       0.05/0.10/0.10          2391       13    13.15        -      -     0.0013      0/1238         0     0.0025       0
      primary samples 0, productive 0 (0.0%), vertices/sample 0.000

"samples" is checked configurations for isSafe, barrier evaluations for
the three CBF rows, and SIMD configuration lanes evaluated for VAMP. They measure
sampling work, while wall time captures the very different per-sample costs.
"unsafe/audited" evaluates exact primitive clearance at every state of the
densified solution -- for each CBF row that is the rollout the planner recorded
for each edge, replayed, so it is the motion that would actually be executed,
sampled inside each step rather than only at its boundaries. Non-zero unsafe
invalidates a row however fast it was.
"missed" counts solution edges that were not on file and had to be
re-derived; it must be zero, or the audited motion is a different trajectory
from the one the planner found.


envelope hop: 16616 filter calls, 1.920 hold queries/call, 43.5% saturated, 100.0% longer than L1, past one step 99.0% (L1 alone 67.4%), gated 99.3%, empty-active 0.0%, screen-escalated 8.6%
envelope bottleneck: world 61.1%, self-collision 38.3%, unbound 0.6% (horizon or screen clip), blocked 0.0%, joint-limit clamped 0.0%
envelope binding term:
  world rows       L1 0.0%, local-L1 2.8%, speed-capped 0.9%, isotropic-anchored 96.3% (of 10150 bound calls)
  self-pair rows   L1 0.0%, local-L1 0.0%, speed-capped 0.0%, normal-anchored 100.0% (of 6366 bound calls)
local-lever screen: 173376 of 240176 expensive world rows settled before the envelope (72.2%)
span handed to the rollout, in controller steps (2299107 calls):
                   <1      1-2      2-4      4-8       8+
  L1 only      99.51%     0.15%     0.12%     0.11%     0.10%
  envelope     99.28%     0.05%     0.08%     0.08%     0.51%
=== CBF profiler (wall time) ===
=== CBF filter stats ===
  calls=0  unchanged=0 (0.0%)  filtered=0 (0.0%)  blocked=0 (0.0%)
  active rows:       avg=0.00  max=0
  zero-row fast path: 0 (0.0%)
  qp iterations:     avg=0.00  max=0
  certified duration: avg=0.00000s  min=0.00000s  max=0.00000s  (over 0 non-blocked calls)
  required gain:     avg=0.000/s  max=0.000/s  p50=0.000/s  p90=0.000/s  p99=0.000/s  (over 0 calls, 0 uncertified)
