
MotionBenchMaker UR5, 33 problems loaded, up to 100 per scene
voxel 0.003 m, margin 0.0000 m + 0.0000 m filter buffer, stepSize 0.001 s, range 2.00 rad, 10.0 s limit

hop certificates: old L1 Lipschitz region and new hold-time bound
Picard: off; trajectory prefixes: 0; sequential rollout budget: 10000 calls
kappa 20.00 /s, certified step uncapped, self-collision margin 0.0000 m over 303 pairs
baseline segment: 0.000650 of extent = 0.0100 rad, rollout step 0.0100 rad (matched to the rollout)
rope shortcut off, all rows unsimplified

seed 1
  planner       solved ms(min/med/max)        samples vertices     path rad/call coarse  worst clr unsafe/audited missed worst self collide

bookshelf_small  (1 problems, 0 skipped: 0 clearance, 0 self-collision)
  rrtconnect    0/1    10000.08/10000.08/10000.08    3021404    33711     0.00        -      -          -              -      -          -       -
      primary samples 302023, productive 33709 (11.2%), vertices/sample 0.112
  qp-fixed      0/1    10001.30/10001.30/10001.30    1607634     3069     0.00   0.0054     0%          -              -      -          -       -
      primary samples 7501, productive 2963 (39.5%), vertices/sample 0.409
      qp 300.2 rows/call, 96% of calls reached the solver, 1607634 calls
  qp-adapt      0/1    10000.36/10000.36/10000.36    1490236     3131     0.00   0.0060     5%          -              -      -          -       -
      primary samples 7705, productive 3023 (39.2%), vertices/sample 0.406
      qp 302.3 rows/call, 99% of calls reached the solver, 1490236 calls
  qp-env        0/1    10001.04/10001.04/10001.04    1466531     3230     0.00   0.0062     1%          -              -      -          -       -
      primary samples 7975, productive 3124 (39.2%), vertices/sample 0.405
      qp 301.9 rows/call, 100% of calls reached the solver, 1466531 calls
  vamp-rrtc     1/1       0.08/0.08/0.08          2896       15    13.14        -      -     0.0039      0/658          0     0.0022       0
      primary samples 0, productive 0 (0.0%), vertices/sample 0.000

bookshelf_tall  (1 problems, 0 skipped: 0 clearance, 0 self-collision)
  rrtconnect    0/1    10000.19/10000.19/10000.19    1832638    18609     0.00        -      -          -              -      -          -       -
      primary samples 165455, productive 18607 (11.2%), vertices/sample 0.112
  qp-fixed      0/1    10001.65/10001.65/10001.65    1110716     2209     0.00   0.0056     0%          -              -      -          -       -
      primary samples 5028, productive 2106 (41.9%), vertices/sample 0.439
      qp 300.4 rows/call, 95% of calls reached the solver, 1110716 calls
  qp-adapt      0/1    10001.72/10001.72/10001.72    1047674     2285     0.00   0.0062     5%          -              -      -          -       -
      primary samples 5252, productive 2175 (41.4%), vertices/sample 0.435
      qp 301.2 rows/call, 99% of calls reached the solver, 1047674 calls
  qp-env        0/1    10000.17/10000.17/10000.17    1044093     2373     0.00   0.0065     1%          -              -      -          -       -
      primary samples 5491, productive 2258 (41.1%), vertices/sample 0.432
      qp 301.2 rows/call, 100% of calls reached the solver, 1044093 calls
  vamp-rrtc     1/1       0.05/0.05/0.05           784        8     8.20        -      -     0.0032      0/412          0     0.0002       0
      primary samples 0, productive 0 (0.0%), vertices/sample 0.000

Hop disposition -- what set the hop's length, median over problems.
  row         floored(<1 step)    at region   edge-limited
  qp-fixed            100.0%         0.0%           0.0%
  qp-adapt             94.6%         5.4%           0.1%
  qp-env               99.3%         0.7%           0.1%

Endpoint clearance at zero margin -- min(start, goal) over all spheres.
  scene                     min    median       max affordable   problems by margin
  bookshelf_small        0.0039    0.0039    0.0039    0.0039   0:100% 0.02:  0% 0.04:  0% 0.06:  0% 0.09:  0%
  bookshelf_tall         0.0032    0.0032    0.0032    0.0032   0:100% 0.02:  0% 0.04:  0% 0.06:  0% 0.09:  0%

all scenes  (2 problems, 0 skipped: 0 clearance, 0 self-collision)
  rrtconnect    0/2    10000.08/10000.19/10000.19    3021404    33711     0.00        -      -          -              -      -          -       -
      primary samples 302023, productive 33709 (11.2%), vertices/sample 0.112
  qp-fixed      0/2    10001.30/10001.65/10001.65    1607634     3069     0.00   0.0056     0%          -              -      -          -       -
      primary samples 7501, productive 2963 (39.5%), vertices/sample 0.439
      qp 300.4 rows/call, 96% of calls reached the solver, 2718350 calls
  qp-adapt      0/2    10000.36/10001.72/10001.72    1490236     3131     0.00   0.0062     5%          -              -      -          -       -
      primary samples 7705, productive 3023 (39.2%), vertices/sample 0.435
      qp 302.3 rows/call, 99% of calls reached the solver, 2537910 calls
  qp-env        0/2    10000.17/10001.04/10001.04    1466531     3230     0.00   0.0065     1%          -              -      -          -       -
      primary samples 7975, productive 3124 (39.2%), vertices/sample 0.432
      qp 301.9 rows/call, 100% of calls reached the solver, 2510624 calls
  vamp-rrtc     2/2       0.05/0.08/0.08          2896       15    13.14        -      -     0.0032      0/1070         0     0.0002       0
      primary samples 0, productive 0 (0.0%), vertices/sample 0.000

"samples" is checked configurations for isSafe, barrier evaluations for
the three CBF rows, and SIMD configuration lanes evaluated for VAMP. They measure
sampling work, while wall time captures the very different per-sample costs.
"unsafe/audited" evaluates exact primitive clearance at every state of the
densified solution -- for each CBF row that is the rollout the planner recorded
for each edge, replayed, so it is the motion that would actually be executed,
sampled inside each step rather than only at its boundaries. Non-zero unsafe
invalidates a row however fast it was.
"missed" counts solution edges that were not on file and had to be
re-derived; it must be zero, or the audited motion is a different trajectory
from the one the planner found.


envelope hop: 18926 filter calls, 1.928 hold queries/call, 44.0% saturated, 100.0% longer than L1, past one step 98.6% (L1 alone 65.5%), gated 99.2%, empty-active 0.0%, screen-escalated 8.2%
envelope bottleneck: world 62.3%, self-collision 37.1%, unbound 0.5% (horizon or screen clip), blocked 0.0%, joint-limit clamped 0.0%
envelope binding term:
  world rows       L1 0.0%, local-L1 3.4%, speed-capped 0.9%, isotropic-anchored 95.7% (of 11795 bound calls)
  self-pair rows   L1 0.0%, local-L1 0.0%, speed-capped 0.0%, normal-anchored 100.0% (of 7030 bound calls)
local-lever screen: 204906 of 280342 expensive world rows settled before the envelope (73.1%)
span handed to the rollout, in controller steps (2510620 calls):
                   <1      1-2      2-4      4-8       8+
  L1 only      99.51%     0.15%     0.13%     0.11%     0.10%
  envelope     99.26%     0.05%     0.08%     0.09%     0.53%
=== CBF profiler (wall time) ===
=== CBF filter stats ===
  calls=0  unchanged=0 (0.0%)  filtered=0 (0.0%)  blocked=0 (0.0%)
  active rows:       avg=0.00  max=0
  zero-row fast path: 0 (0.0%)
  qp iterations:     avg=0.00  max=0
  certified duration: avg=0.00000s  min=0.00000s  max=0.00000s  (over 0 non-blocked calls)
  required gain:     avg=0.000/s  max=0.000/s  p50=0.000/s  p90=0.000/s  p99=0.000/s  (over 0 calls, 0 uncertified)
