
MotionBenchMaker UR5, 689 problems loaded, up to 100 per scene
voxel 0.003 m, margin 0.0000 m + 0.0030 m filter buffer, stepSize 0.001 s, range 2.00 rad, 10.0 s limit

hop certificates: old L1 Lipschitz region and new hold-time bound
Picard: off; trajectory prefixes: 0; sequential rollout budget: 10000 calls
kappa 20.00 /s, certified step uncapped, self-collision margin 0.0000 m over 303 pairs
baseline segment: 0.000650 of extent = 0.0100 rad, rollout step 0.0100 rad (matched to the rollout)
rope shortcut off, all rows unsimplified

seed 1
  planner       solved ms(min/med/max)        samples vertices     path rad/call coarse  worst clr unsafe/audited missed worst self collide

bookshelf_small  (14 problems, 5 skipped: 0 clearance, 5 self-collision)
  qp-plain      7/9       3.69/5.66/10001.95        720        7     8.49   0.0114     0%     0.0036      0/4919         0     0.0025       0
      primary samples 1, productive 1 (100.0%), vertices/sample 7.000

bookshelf_tall  (13 problems, 8 skipped: 0 clearance, 8 self-collision)
  qp-plain      3/5       3.28/46.15/10000.32       5130       34    16.43   0.0100     0%     0.0035      0/3365         0     0.0025       0
      primary samples 16, productive 14 (87.5%), vertices/sample 2.125

bookshelf_thin  (14 problems, 5 skipped: 3 clearance, 3 self-collision)
  qp-plain      9/9       3.10/6.32/25.90          758        7     8.48   0.0123     0%     0.0026      0/6960         0     0.0025       0
      primary samples 1, productive 1 (100.0%), vertices/sample 5.000

box  (14 problems, 0 skipped: 0 clearance, 0 self-collision)
  qp-plain     14/14      3.11/5.79/60.72          689        6     6.80   0.0123     0%     0.0033      0/10822        0     0.0025       0
      primary samples 1, productive 1 (100.0%), vertices/sample 6.000

cage  (14 problems, 0 skipped: 0 clearance, 0 self-collision)
  qp-plain     14/14     19.66/169.69/409.15       18883       93    18.98   0.0086     0%     0.0029      0/23608        0     0.0025       0
      primary samples 75, productive 54 (72.0%), vertices/sample 1.294

table_pick  (15 problems, 0 skipped: 0 clearance, 0 self-collision)
  qp-plain     15/15      3.15/5.58/22.93          722        7     7.98   0.0119     0%     0.0033      0/10663        0     0.0025       0
      primary samples 1, productive 1 (100.0%), vertices/sample 6.000

table_under_pick  (14 problems, 3 skipped: 0 clearance, 3 self-collision)
  qp-plain     10/11      3.32/20.19/10001.31       2342       18    11.57   0.0107     0%     0.0031      0/10335        0     0.0025       0
      primary samples 6, productive 6 (100.0%), vertices/sample 2.833

Hop disposition -- what set the hop's length, median over problems.
  row         floored(<1 step)    at region   edge-limited
  qp-plain            100.0%         0.0%           0.0%

Endpoint clearance at zero margin -- min(start, goal) over all spheres.
  scene                     min    median       max affordable   problems by margin
  bookshelf_small       -0.0240    0.0057    0.0090   -0.0240   0: 64% 0.02:  0% 0.04:  0% 0.06:  0% 0.09:  0%
  bookshelf_tall        -0.0243   -0.0116    0.0073   -0.0243   0: 38% 0.02:  0% 0.04:  0% 0.06:  0% 0.09:  0%
  bookshelf_thin        -0.0215    0.0051    0.0109   -0.0215   0: 79% 0.02:  0% 0.04:  0% 0.06:  0% 0.09:  0%
  box                    0.0082    0.0127    0.0127    0.0082   0:100% 0.02:  0% 0.04:  0% 0.06:  0% 0.09:  0%
  cage                   0.0099    0.0127    0.0127    0.0099   0:100% 0.02:  0% 0.04:  0% 0.06:  0% 0.09:  0%
  table_pick             0.0045    0.0079    0.0081    0.0045   0:100% 0.02:  0% 0.04:  0% 0.06:  0% 0.09:  0%
  table_under_pick      -0.0226    0.0080    0.0083   -0.0226   0: 79% 0.02:  0% 0.04:  0% 0.06:  0% 0.09:  0%

all scenes  (98 problems, 21 skipped: 3 clearance, 19 self-collision)
  qp-plain     72/77      3.10/12.06/10001.95       1337       13     9.64   0.0109     0%     0.0026      0/70672        0     0.0025       0
      primary samples 3, productive 3 (100.0%), vertices/sample 3.667

"samples" is checked configurations for isSafe, barrier evaluations for
the three CBF rows, and SIMD configuration lanes evaluated for VAMP. They measure
sampling work, while wall time captures the very different per-sample costs.
"unsafe/audited" evaluates exact primitive clearance at every state of the
densified solution -- for each CBF row that is the rollout the planner recorded
for each edge, replayed, so it is the motion that would actually be executed,
sampled inside each step rather than only at its boundaries. Non-zero unsafe
invalidates a row however fast it was.
"missed" counts solution edges that were not on file and had to be
re-derived; it must be zero, or the audited motion is a different trajectory
from the one the planner found.

=== CBF profiler (wall time) ===
=== CBF filter stats ===
  calls=0  unchanged=0 (0.0%)  filtered=0 (0.0%)  blocked=0 (0.0%)
  active rows:       avg=0.00  max=0
  zero-row fast path: 0 (0.0%)
  qp iterations:     avg=0.00  max=0
  certified duration: avg=0.00000s  min=0.00000s  max=0.00000s  (over 0 non-blocked calls)
  required gain:     avg=0.000/s  max=0.000/s  p50=0.000/s  p90=0.000/s  p99=0.000/s  (over 0 calls, 0 uncertified)
