
MotionBenchMaker UR5, 689 problems loaded, up to 100 per scene
voxel 0.003 m, margin 0.0000 m + 0.0030 m filter buffer, stepSize 0.001 s, range 2.00 rad, 10.0 s limit

hop certificates: old L1 Lipschitz region and new hold-time bound
Picard: off; trajectory prefixes: 0; sequential rollout budget: 10000 calls
kappa 20.00 /s, certified step uncapped, self-collision margin 0.0000 m over 303 pairs
baseline segment: 0.000650 of extent = 0.0100 rad, rollout step 0.0100 rad (matched to the rollout)
rope shortcut off, all rows unsimplified

seed 1
  planner       solved ms(min/med/max)        samples vertices     path rad/call coarse  worst clr unsafe/audited missed worst self collide

bookshelf_small  (14 problems, 1 skipped: 1 clearance, 0 self-collision)
  qp-plain     12/13      3.02/10.43/10002.07       1184       11    10.61   0.0113     0%     0.0025      0/10788        0     0.0025       0
      primary samples 3, productive 3 (100.0%), vertices/sample 4.000

bookshelf_tall  (14 problems, 4 skipped: 0 clearance, 4 self-collision)
  qp-plain      9/10      2.57/11.85/10001.25       1380       18    10.48   0.0110     0%     0.0027      0/6923         0     0.0025       0
      primary samples 4, productive 3 (75.0%), vertices/sample 5.000

bookshelf_thin  (14 problems, 6 skipped: 1 clearance, 5 self-collision)
  qp-plain      7/8       3.04/10.79/10000.76       1249       10     7.05   0.0121     0%     0.0030      0/5054         0     0.0025       0
      primary samples 3, productive 3 (100.0%), vertices/sample 6.000

box  (14 problems, 0 skipped: 0 clearance, 0 self-collision)
  qp-plain     14/14      3.71/7.71/81.99          901       12     8.10   0.0118     0%     0.0031      0/11967        0     0.0025       0
      primary samples 2, productive 2 (100.0%), vertices/sample 4.000

cage  (14 problems, 0 skipped: 0 clearance, 0 self-collision)
  qp-plain     14/14      9.83/121.36/591.22       13954       70    20.65   0.0089     0%     0.0016      0/24893        0     0.0025       0
      primary samples 52, productive 39 (75.0%), vertices/sample 1.556

table_pick  (14 problems, 0 skipped: 0 clearance, 0 self-collision)
  qp-plain     14/14      3.48/5.58/31.33          695        7     7.75   0.0119     0%     0.0030      0/9372         0     0.0025       0
      primary samples 1, productive 1 (100.0%), vertices/sample 7.000

table_under_pick  (14 problems, 4 skipped: 0 clearance, 4 self-collision)
  qp-plain      9/10      6.08/33.56/10000.72       3957       32    13.39   0.0097     0%     0.0030      0/13977        0     0.0025       0
      primary samples 13, productive 13 (100.0%), vertices/sample 2.400

Hop disposition -- what set the hop's length, median over problems.
  row         floored(<1 step)    at region   edge-limited
  qp-plain            100.0%         0.0%           0.0%

Endpoint clearance at zero margin -- min(start, goal) over all spheres.
  scene                     min    median       max affordable   problems by margin
  bookshelf_small        0.0027    0.0064    0.0102    0.0027   0:100% 0.02:  0% 0.04:  0% 0.06:  0% 0.09:  0%
  bookshelf_tall        -0.0224    0.0057    0.0110   -0.0224   0: 71% 0.02:  0% 0.04:  0% 0.06:  0% 0.09:  0%
  bookshelf_thin        -0.0211    0.0045    0.0104   -0.0211   0: 64% 0.02:  0% 0.04:  0% 0.06:  0% 0.09:  0%
  box                    0.0127    0.0127    0.0127    0.0127   0:100% 0.02:  0% 0.04:  0% 0.06:  0% 0.09:  0%
  cage                   0.0126    0.0127    0.0127    0.0126   0:100% 0.02:  0% 0.04:  0% 0.06:  0% 0.09:  0%
  table_pick             0.0076    0.0081    0.0082    0.0076   0:100% 0.02:  0% 0.04:  0% 0.06:  0% 0.09:  0%
  table_under_pick      -0.0221    0.0079    0.0082   -0.0221   0: 71% 0.02:  0% 0.04:  0% 0.06:  0% 0.09:  0%

all scenes  (98 problems, 15 skipped: 2 clearance, 13 self-collision)
  qp-plain     79/83      2.57/11.85/10002.07       1380       12    10.48   0.0110     0%     0.0016      0/82974        0     0.0025       0
      primary samples 3, productive 3 (100.0%), vertices/sample 3.750

"samples" is checked configurations for isSafe, barrier evaluations for
the three CBF rows, and SIMD configuration lanes evaluated for VAMP. They measure
sampling work, while wall time captures the very different per-sample costs.
"unsafe/audited" evaluates exact primitive clearance at every state of the
densified solution -- for each CBF row that is the rollout the planner recorded
for each edge, replayed, so it is the motion that would actually be executed,
sampled inside each step rather than only at its boundaries. Non-zero unsafe
invalidates a row however fast it was.
"missed" counts solution edges that were not on file and had to be
re-derived; it must be zero, or the audited motion is a different trajectory
from the one the planner found.

=== CBF profiler (wall time) ===
=== CBF filter stats ===
  calls=0  unchanged=0 (0.0%)  filtered=0 (0.0%)  blocked=0 (0.0%)
  active rows:       avg=0.00  max=0
  zero-row fast path: 0 (0.0%)
  qp iterations:     avg=0.00  max=0
  certified duration: avg=0.00000s  min=0.00000s  max=0.00000s  (over 0 non-blocked calls)
  required gain:     avg=0.000/s  max=0.000/s  p50=0.000/s  p90=0.000/s  p99=0.000/s  (over 0 calls, 0 uncertified)
