
MotionBenchMaker UR5, 689 problems loaded, up to 100 per scene
voxel 0.003 m, margin 0.0000 m + 0.0030 m filter buffer, stepSize 0.001 s, range 2.00 rad, 10.0 s limit

hop certificates: old L1 Lipschitz region and new hold-time bound
Picard: off; trajectory prefixes: 0; sequential rollout budget: 10000 calls
kappa 20.00 /s, certified step uncapped, self-collision margin 0.0000 m over 303 pairs
baseline segment: 0.000650 of extent = 0.0100 rad, rollout step 0.0100 rad (matched to the rollout)
rope shortcut off, all rows unsimplified

seed 1
  planner       solved ms(min/med/max)        samples vertices     path rad/call coarse  worst clr unsafe/audited missed worst self collide

bookshelf_small  (14 problems, 6 skipped: 0 clearance, 6 self-collision)
  qp-plain      8/8       2.03/5.08/35.60          843        8     8.09   0.0130     0%     0.0035      0/5848         0     0.0025       0
      primary samples 2, productive 2 (100.0%), vertices/sample 6.000

bookshelf_tall  (14 problems, 5 skipped: 4 clearance, 2 self-collision)
  qp-plain      5/9       2.04/54.16/10000.88       9239       80    10.59   0.0100     0%     0.0030      0/5207         0     0.0025       0
      primary samples 34, productive 29 (85.3%), vertices/sample 2.353

bookshelf_thin  (14 problems, 6 skipped: 0 clearance, 6 self-collision)
  qp-plain      8/8       3.10/13.10/73.76         2198       16    13.58   0.0104     0%     0.0016      0/8825         0     0.0025       0
      primary samples 6, productive 5 (83.3%), vertices/sample 4.000

box  (14 problems, 0 skipped: 0 clearance, 0 self-collision)
  qp-plain     14/14      2.07/4.98/38.85          853       10     8.29   0.0125     0%     0.0036      0/9102         0     0.0025       0
      primary samples 2, productive 2 (100.0%), vertices/sample 5.000

cage  (15 problems, 0 skipped: 0 clearance, 0 self-collision)
  qp-plain     15/15     22.82/101.27/342.07       16867       86    23.69   0.0088     0%     0.0030      0/30707        0     0.0025       0
      primary samples 66, productive 48 (72.7%), vertices/sample 1.288

table_pick  (14 problems, 0 skipped: 0 clearance, 0 self-collision)
  qp-plain     14/14      1.45/4.02/17.23          678        7     8.21   0.0128     0%     0.0033      0/9075         0     0.0025       0
      primary samples 1, productive 1 (100.0%), vertices/sample 7.000

table_under_pick  (14 problems, 3 skipped: 0 clearance, 3 self-collision)
  qp-plain      9/11      3.77/9.23/10000.65       1565       17    11.43   0.0107     0%     0.0030      0/9547         0     0.0025       0
      primary samples 4, productive 4 (100.0%), vertices/sample 3.000

Hop disposition -- what set the hop's length, median over problems.
  row         floored(<1 step)    at region   edge-limited
  qp-plain            100.0%         0.0%           0.0%

Endpoint clearance at zero margin -- min(start, goal) over all spheres.
  scene                     min    median       max affordable   problems by margin
  bookshelf_small       -0.0242    0.0054    0.0096   -0.0242   0: 57% 0.02:  0% 0.04:  0% 0.06:  0% 0.09:  0%
  bookshelf_tall        -0.0231    0.0032    0.0084   -0.0231   0: 86% 0.02:  0% 0.04:  0% 0.06:  0% 0.09:  0%
  bookshelf_thin        -0.0214    0.0051    0.0068   -0.0214   0: 57% 0.02:  0% 0.04:  0% 0.06:  0% 0.09:  0%
  box                    0.0127    0.0127    0.0127    0.0127   0:100% 0.02:  0% 0.04:  0% 0.06:  0% 0.09:  0%
  cage                   0.0098    0.0127    0.0127    0.0098   0:100% 0.02:  0% 0.04:  0% 0.06:  0% 0.09:  0%
  table_pick             0.0073    0.0079    0.0082    0.0073   0:100% 0.02:  0% 0.04:  0% 0.06:  0% 0.09:  0%
  table_under_pick      -0.0207    0.0079    0.0083   -0.0207   0: 79% 0.02:  0% 0.04:  0% 0.06:  0% 0.09:  0%

all scenes  (99 problems, 20 skipped: 4 clearance, 17 self-collision)
  qp-plain     73/79      1.45/8.21/10000.88       1354       13     9.93   0.0112     0%     0.0016      0/78311        0     0.0025       0
      primary samples 3, productive 3 (100.0%), vertices/sample 4.000

"samples" is checked configurations for isSafe, barrier evaluations for
the three CBF rows, and SIMD configuration lanes evaluated for VAMP. They measure
sampling work, while wall time captures the very different per-sample costs.
"unsafe/audited" evaluates exact primitive clearance at every state of the
densified solution -- for each CBF row that is the rollout the planner recorded
for each edge, replayed, so it is the motion that would actually be executed,
sampled inside each step rather than only at its boundaries. Non-zero unsafe
invalidates a row however fast it was.
"missed" counts solution edges that were not on file and had to be
re-derived; it must be zero, or the audited motion is a different trajectory
from the one the planner found.

=== CBF profiler (wall time) ===
=== CBF filter stats ===
  calls=0  unchanged=0 (0.0%)  filtered=0 (0.0%)  blocked=0 (0.0%)
  active rows:       avg=0.00  max=0
  zero-row fast path: 0 (0.0%)
  qp iterations:     avg=0.00  max=0
  certified duration: avg=0.00000s  min=0.00000s  max=0.00000s  (over 0 non-blocked calls)
  required gain:     avg=0.000/s  max=0.000/s  p50=0.000/s  p90=0.000/s  p99=0.000/s  (over 0 calls, 0 uncertified)
