
MotionBenchMaker UR5, 689 problems loaded, up to 100 per scene
voxel 0.003 m, margin 0.0000 m + 0.0030 m filter buffer, stepSize 0.001 s, range 2.00 rad, 10.0 s limit

hop certificates: old L1 Lipschitz region and new hold-time bound
Picard: off; trajectory prefixes: 0; sequential rollout budget: 10000 calls
kappa 20.00 /s, certified step uncapped, self-collision margin 0.0000 m over 303 pairs
baseline segment: 0.000650 of extent = 0.0100 rad, rollout step 0.0100 rad (matched to the rollout)
rope shortcut off, all rows unsimplified

seed 1
  planner       solved ms(min/med/max)        samples vertices     path rad/call coarse  worst clr unsafe/audited missed worst self collide

bookshelf_small  (14 problems, 6 skipped: 0 clearance, 6 self-collision)
  rrtconnect    8/8       1.48/4.00/49.60         1933       12    10.63        -      -     0.0006      0/4771         0     0.0025       0
      primary samples 20, productive 8 (40.0%), vertices/sample 0.714
  qp-fixed      8/8       1.80/4.80/33.17          843        8     8.09   0.0130     0%     0.0035      0/5848         0     0.0025       0
      primary samples 2, productive 2 (100.0%), vertices/sample 6.000
  qp-adapt      8/8       0.63/1.90/25.45          324        8     8.09   0.0249    25%     0.0035      0/4875         0     0.0025       0
      primary samples 2, productive 2 (100.0%), vertices/sample 6.000
  qp-free       8/8      16.32/36.13/183.93        7657       60    16.01   0.0134     0%     0.0052      0/9499         0     0.0025       0
      primary samples 404, productive 57 (14.1%), vertices/sample 0.211
  qp-env        8/8       0.38/1.38/19.13          231        8     8.05   0.0335    16%     0.0035      0/4534         0     0.0025       0
      primary samples 2, productive 2 (100.0%), vertices/sample 6.000

bookshelf_tall  (14 problems, 5 skipped: 4 clearance, 2 self-collision)
  rrtconnect    5/9       2.23/17.43/10000.16      10033       49    12.10        -      -     0.0011      0/3290         0     0.0025       0
      primary samples 324, productive 46 (14.2%), vertices/sample 0.151
  qp-fixed      5/9       1.69/51.68/10001.62       9239       80    10.59   0.0100     0%     0.0030      0/5207         0     0.0025       0
      primary samples 34, productive 29 (85.3%), vertices/sample 2.353
  qp-adapt      5/9       0.57/43.56/10001.19       7134       79    10.59   0.0126    22%     0.0030      0/4690         0     0.0025       0
      primary samples 34, productive 29 (85.3%), vertices/sample 2.324
  qp-free       5/9       7.97/135.71/10000.22      29021      252    14.78   0.0131     0%     0.0030      0/5446         0     0.0025       0
      primary samples 1680, productive 249 (14.8%), vertices/sample 0.150
  qp-env        5/9       0.33/8.62/10001.60       1267       33    10.59   0.0199    15%     0.0030      0/3122         0     0.0025       0
      primary samples 6, productive 6 (100.0%), vertices/sample 3.000

bookshelf_thin  (14 problems, 6 skipped: 0 clearance, 6 self-collision)
  rrtconnect    8/8       3.24/16.28/93.63         9031       43    13.76        -      -     0.0025      0/5250         0     0.0025       0
      primary samples 224, productive 39 (17.4%), vertices/sample 0.195
  qp-fixed      8/8       2.59/11.99/67.69         2198       16    13.58   0.0104     0%     0.0016      0/8825         0     0.0025       0
      primary samples 6, productive 5 (83.3%), vertices/sample 4.000
  qp-adapt      8/8       1.21/8.76/57.48         1462       16    13.60   0.0178    26%     0.0020      0/7397         0     0.0025       0
      primary samples 6, productive 5 (83.3%), vertices/sample 4.000
  qp-free       8/8      11.70/129.36/952.95       27936      251    20.24   0.0131     0%     0.0050      0/11306        0     0.0025       0
      primary samples 1529, productive 244 (16.0%), vertices/sample 0.169
  qp-env        8/8       0.97/4.04/23.15          568       14    13.59   0.0296    22%     0.0012      0/6399         0     0.0025       0
      primary samples 5, productive 5 (100.0%), vertices/sample 4.000

box  (14 problems, 0 skipped: 0 clearance, 0 self-collision)
  rrtconnect   14/14      1.62/5.05/9.80          2755       16    12.61        -      -     0.0002      0/8664         0     0.0025       0
      primary samples 47, productive 12 (25.5%), vertices/sample 0.393
  qp-fixed     14/14      1.88/4.33/36.20          853       10     8.29   0.0125     0%     0.0036      0/9102         0     0.0025       0
      primary samples 2, productive 2 (100.0%), vertices/sample 5.000
  qp-adapt     14/14      0.65/2.70/26.93          469       10     8.32   0.0300    45%     0.0036      0/8258         0     0.0025       0
      primary samples 3, productive 3 (100.0%), vertices/sample 5.000
  qp-free      14/14      6.36/36.82/111.71        7602       63    17.51   0.0135     0%     0.0325      0/16300        0     0.0025       0
      primary samples 253, productive 57 (22.5%), vertices/sample 0.266
  qp-env       14/14      0.38/0.96/18.29          137        8     8.27   0.0614    45%     0.0034      0/6571         0     0.0025       0
      primary samples 2, productive 2 (100.0%), vertices/sample 5.000

cage  (15 problems, 0 skipped: 0 clearance, 0 self-collision)
  rrtconnect   15/15     20.24/144.00/1114.58      81924      422    18.48        -      -     0.0001      0/13310        0     0.0025       0
      primary samples 3882, productive 418 (10.8%), vertices/sample 0.115
  qp-fixed     15/15     21.32/91.58/312.04       16867       86    23.69   0.0088     0%     0.0030      0/30707        0     0.0025       0
      primary samples 66, productive 48 (72.7%), vertices/sample 1.288
  qp-adapt     15/15     14.35/74.73/267.80       12428       87    23.68   0.0118    21%     0.0030      0/26566        0     0.0025       0
      primary samples 66, productive 48 (72.7%), vertices/sample 1.303
  qp-free       0/15   10000.01/10000.04/10000.24    1714342    25947     0.00   0.0115     0%          -              -      -          -       -
      primary samples 274086, productive 25944 (9.5%), vertices/sample 0.094
  qp-env       15/15      9.89/84.29/221.71       12990      100    24.51   0.0146    16%     0.0030      0/24341        0     0.0025       0
      primary samples 88, productive 61 (69.3%), vertices/sample 1.227

table_pick  (14 problems, 0 skipped: 0 clearance, 0 self-collision)
  rrtconnect   14/14      1.26/4.90/10.32         2524       14    11.76        -      -     0.0001      0/7476         0     0.0025       0
      primary samples 42, productive 10 (23.8%), vertices/sample 0.667
  qp-fixed     14/14      1.11/3.45/15.97          678        7     8.21   0.0128     0%     0.0033      0/9075         0     0.0025       0
      primary samples 1, productive 1 (100.0%), vertices/sample 7.000
  qp-adapt     14/14      0.32/1.69/11.47          293        7     8.21   0.0399    41%     0.0033      0/7323         0     0.0025       0
      primary samples 1, productive 1 (100.0%), vertices/sample 7.000
  qp-free      14/14     36.45/108.68/294.97       23370      196    16.94   0.0131     0%     0.0073      0/17467        0     0.0025       0
      primary samples 1031, productive 191 (18.5%), vertices/sample 0.190
  qp-env       14/14      0.24/1.23/9.28           191        7     8.21   0.0713    37%     0.0033      0/6804         0     0.0025       0
      primary samples 1, productive 1 (100.0%), vertices/sample 7.000

table_under_pick  (14 problems, 3 skipped: 0 clearance, 3 self-collision)
  rrtconnect    9/11      1.87/3.28/10000.07       1702       11    10.35        -      -     0.0004      0/4716         0     0.0025       0
      primary samples 55, productive 7 (12.7%), vertices/sample 0.200
  qp-fixed      9/11      3.28/8.32/10001.48       1565       17    11.43   0.0107     0%     0.0030      0/9547         0     0.0025       0
      primary samples 4, productive 4 (100.0%), vertices/sample 3.000
  qp-adapt      9/11      0.78/6.10/10000.60       1016       16    11.45   0.0154    29%     0.0030      0/8518         0     0.0025       0
      primary samples 4, productive 4 (100.0%), vertices/sample 3.000
  qp-free       9/11      4.78/15.76/10000.09       3219       28    17.72   0.0132     0%     0.0076      0/10592        0     0.0025       0
      primary samples 233, productive 25 (10.7%), vertices/sample 0.129
  qp-env        9/11      0.52/4.37/10000.32        646       15    11.49   0.0242    31%     0.0030      0/7904         0     0.0025       0
      primary samples 4, productive 4 (100.0%), vertices/sample 2.600

Hop disposition -- what set the hop's length, median over problems.
  row         floored(<1 step)    at region   edge-limited
  qp-fixed            100.0%         0.0%           0.0%
  qp-adapt             70.9%        28.6%           0.8%
  qp-free             100.0%         0.0%           0.0%
  qp-env               77.1%        21.8%           1.6%

Endpoint clearance at zero margin -- min(start, goal) over all spheres.
  scene                     min    median       max affordable   problems by margin
  bookshelf_small       -0.0242    0.0054    0.0096   -0.0242   0: 57% 0.02:  0% 0.04:  0% 0.06:  0% 0.09:  0%
  bookshelf_tall        -0.0231    0.0032    0.0084   -0.0231   0: 86% 0.02:  0% 0.04:  0% 0.06:  0% 0.09:  0%
  bookshelf_thin        -0.0214    0.0051    0.0068   -0.0214   0: 57% 0.02:  0% 0.04:  0% 0.06:  0% 0.09:  0%
  box                    0.0127    0.0127    0.0127    0.0127   0:100% 0.02:  0% 0.04:  0% 0.06:  0% 0.09:  0%
  cage                   0.0098    0.0127    0.0127    0.0098   0:100% 0.02:  0% 0.04:  0% 0.06:  0% 0.09:  0%
  table_pick             0.0073    0.0079    0.0082    0.0073   0:100% 0.02:  0% 0.04:  0% 0.06:  0% 0.09:  0%
  table_under_pick      -0.0207    0.0079    0.0083   -0.0207   0: 79% 0.02:  0% 0.04:  0% 0.06:  0% 0.09:  0%

all scenes  (99 problems, 20 skipped: 4 clearance, 17 self-collision)
  rrtconnect   73/79      1.26/5.98/10000.16       3318       18    12.08        -      -     0.0001      0/47477        0     0.0025       0
      primary samples 70, productive 15 (21.4%), vertices/sample 0.243
  qp-fixed     73/79      1.11/7.33/10001.62       1354       13     9.93   0.0112     0%     0.0016      0/78311        0     0.0025       0
      primary samples 3, productive 3 (100.0%), vertices/sample 4.000
  qp-adapt     73/79      0.32/4.22/10001.19        693       14    10.01   0.0180    29%     0.0020      0/67627        0     0.0025       0
      primary samples 4, productive 3 (75.0%), vertices/sample 3.588
  qp-free      58/79      4.78/76.94/10000.24      16067      140    16.94   0.0131     0%     0.0030      0/70610        0     0.0025       0
      primary samples 839, productive 136 (16.2%), vertices/sample 0.169
  qp-env       73/79      0.24/2.81/10001.60        446       13     9.89   0.0269    23%     0.0012      0/59675        0     0.0025       0
      primary samples 3, productive 3 (100.0%), vertices/sample 4.000

"samples" is checked configurations for isSafe, barrier evaluations for
the three CBF rows, and SIMD configuration lanes evaluated for VAMP. They measure
sampling work, while wall time captures the very different per-sample costs.
"unsafe/audited" evaluates exact primitive clearance at every state of the
densified solution -- for each CBF row that is the rollout the planner recorded
for each edge, replayed, so it is the motion that would actually be executed,
sampled inside each step rather than only at its boundaries. Non-zero unsafe
invalidates a row however fast it was.
"missed" counts solution edges that were not on file and had to be
re-derived; it must be zero, or the audited motion is a different trajectory
from the one the planner found.


envelope hop: 142430 filter calls, 1.559 hold queries/call, 34.1% saturated, 100.0% longer than L1, past one step 97.3% (L1 alone 59.4%), gated 98.6%, empty-active 0.0%, screen-escalated 2.8%
envelope bottleneck: world 83.9%, self-collision 15.9%, unbound 0.3% (horizon or screen clip), blocked 0.0%, joint-limit clamped 0.0%
envelope binding term:
  world rows       L1 0.0%, local-L1 1.7%, speed-capped 4.3%, isotropic-anchored 94.0% (of 119468 bound calls)
  self-pair rows   L1 0.0%, local-L1 0.0%, speed-capped 0.0%, normal-anchored 100.0% (of 22603 bound calls)
local-lever screen: 1385259 of 2204248 expensive world rows settled before the envelope (62.8%)
span handed to the rollout, in controller steps (9964730 calls):
                   <1      1-2      2-4      4-8       8+
  L1 only      99.15%     0.36%     0.23%     0.14%     0.11%
  envelope     98.61%     0.20%     0.29%     0.25%     0.64%
=== CBF profiler (wall time) ===
=== CBF filter stats ===
  calls=0  unchanged=0 (0.0%)  filtered=0 (0.0%)  blocked=0 (0.0%)
  active rows:       avg=0.00  max=0
  zero-row fast path: 0 (0.0%)
  qp iterations:     avg=0.00  max=0
  certified duration: avg=0.00000s  min=0.00000s  max=0.00000s  (over 0 non-blocked calls)
  required gain:     avg=0.000/s  max=0.000/s  p50=0.000/s  p90=0.000/s  p99=0.000/s  (over 0 calls, 0 uncertified)
