
MotionBenchMaker UR5, 689 problems loaded, up to 100 per scene
voxel 0.003 m, margin 0.0000 m + 0.0030 m filter buffer, stepSize 0.001 s, range 2.00 rad, 10.0 s limit

hop certificates: old L1 Lipschitz region and new hold-time bound
Picard: off; trajectory prefixes: 0; sequential rollout budget: 10000 calls
kappa 20.00 /s, certified step uncapped, self-collision margin 0.0000 m over 303 pairs
baseline segment: 0.000650 of extent = 0.0100 rad, rollout step 0.0100 rad (matched to the rollout)
rope shortcut off, all rows unsimplified

seed 1
  planner       solved ms(min/med/max)        samples vertices     path rad/call coarse  worst clr unsafe/audited missed worst self collide

bookshelf_small  (14 problems, 1 skipped: 1 clearance, 0 self-collision)
  rrtconnect   12/13      1.38/22.31/10000.07       9302       46    12.20        -      -     0.0015      0/7603         0     0.0025       0
      primary samples 258, productive 42 (16.3%), vertices/sample 0.167
  qp-fixed     12/13      2.56/9.47/10001.32       1184       11    10.61   0.0113     0%     0.0025      0/10788        0     0.0025       0
      primary samples 3, productive 3 (100.0%), vertices/sample 4.000
  qp-adapt     12/13      0.39/6.72/10000.07        773       11    10.60   0.0192    26%     0.0023      0/9571         0     0.0025       0
      primary samples 3, productive 3 (100.0%), vertices/sample 4.000
  qp-free      12/13      9.92/155.50/10000.40      22844      201    16.68   0.0130     0%     0.0050      0/14200        0     0.0025       0
      primary samples 1154, productive 197 (17.1%), vertices/sample 0.161
  qp-env       12/13      0.25/4.34/10001.47        426       11    10.25   0.0270    26%     0.0027      0/8891         0     0.0025       0
      primary samples 3, productive 3 (100.0%), vertices/sample 4.250

bookshelf_tall  (14 problems, 4 skipped: 0 clearance, 4 self-collision)
  rrtconnect    9/10      1.52/27.70/10000.02      11819       60    13.74        -      -     0.0024      0/6162         0     0.0025       0
      primary samples 412, productive 56 (13.6%), vertices/sample 0.157
  qp-fixed      9/10      2.38/10.98/10002.32       1380       18    10.48   0.0110     0%     0.0027      0/6923         0     0.0025       0
      primary samples 4, productive 3 (75.0%), vertices/sample 5.000
  qp-adapt      9/10      1.47/7.87/10001.71        896       18    10.48   0.0188    22%     0.0027      0/6066         0     0.0025       0
      primary samples 4, productive 3 (75.0%), vertices/sample 4.500
  qp-free       9/10     10.88/159.16/10000.15      23899      211    18.02   0.0130     0%     0.0030      0/13023        0     0.0025       0
      primary samples 1226, productive 207 (16.9%), vertices/sample 0.173
  qp-env        9/10      0.77/5.88/10000.17        612       16    10.48   0.0259    17%     0.0026      0/5535         0     0.0025       0
      primary samples 4, productive 3 (75.0%), vertices/sample 4.500

bookshelf_thin  (14 problems, 6 skipped: 1 clearance, 5 self-collision)
  rrtconnect    7/8       2.72/9.57/10000.06       4154       22    13.08        -      -     0.0011      0/4595         0     0.0025       0
      primary samples 74, productive 19 (25.7%), vertices/sample 0.358
  qp-fixed      7/8       2.77/9.68/10000.36       1249       10     7.05   0.0121     0%     0.0030      0/5054         0     0.0025       0
      primary samples 3, productive 3 (100.0%), vertices/sample 6.000
  qp-adapt      7/8       1.41/5.70/10000.56        624       10     7.07   0.0252    24%     0.0030      0/4373         0     0.0025       0
      primary samples 3, productive 3 (100.0%), vertices/sample 6.000
  qp-free       7/8      42.00/108.73/10000.11      15639      138    19.24   0.0133     0%     0.0044      0/9428         0     0.0025       0
      primary samples 673, productive 134 (19.9%), vertices/sample 0.196
  qp-env        7/8       1.09/4.73/10000.76        485       10     7.09   0.0351    19%     0.0030      0/4050         0     0.0025       0
      primary samples 3, productive 3 (100.0%), vertices/sample 6.000

box  (14 problems, 0 skipped: 0 clearance, 0 self-collision)
  rrtconnect   14/14      2.37/5.55/13.13         2291       13    13.97        -      -     0.0016      0/8961         0     0.0025       0
      primary samples 40, productive 9 (22.5%), vertices/sample 0.377
  qp-fixed     14/14      3.25/7.14/76.33          901       12     8.10   0.0118     0%     0.0031      0/11967        0     0.0025       0
      primary samples 2, productive 2 (100.0%), vertices/sample 4.000
  qp-adapt     14/14      1.21/3.40/54.56          391       12     8.10   0.0330    50%     0.0031      0/9836         0     0.0025       0
      primary samples 2, productive 2 (100.0%), vertices/sample 4.000
  qp-free      14/14     11.04/61.30/168.35        9029       77    16.04   0.0135     0%     0.0242      0/16693        0     0.0025       0
      primary samples 318, productive 72 (22.6%), vertices/sample 0.254
  qp-env       14/14      0.63/2.70/11.60          284       11     8.10   0.0643    46%     0.0031      0/8263         0     0.0025       0
      primary samples 2, productive 2 (100.0%), vertices/sample 4.000

cage  (14 problems, 0 skipped: 0 clearance, 0 self-collision)
  rrtconnect   14/14     48.04/244.98/972.21      104610      611    22.41        -      -     0.0003      0/14614        0     0.0000       0
      primary samples 5622, productive 608 (10.8%), vertices/sample 0.111
  qp-fixed     14/14      8.81/115.48/562.01       13954       70    20.65   0.0089     0%     0.0016      0/24893        0     0.0025       0
      primary samples 52, productive 39 (75.0%), vertices/sample 1.556
  qp-adapt     14/14      5.23/107.90/522.80       12338       90    20.64   0.0123    25%     0.0008      0/20760        0     0.0025       0
      primary samples 62, productive 41 (66.1%), vertices/sample 1.556
  qp-free       0/14   10000.01/10000.16/10000.40    1248541    17953     0.00   0.0117     0%          -              -      -          -       -
      primary samples 184877, productive 17950 (9.7%), vertices/sample 0.097
  qp-env       14/14      4.71/85.18/456.87        9046       92    23.30   0.0166    20%     0.0004      0/19960        0     0.0025       0
      primary samples 62, productive 48 (77.4%), vertices/sample 1.539

table_pick  (14 problems, 0 skipped: 0 clearance, 0 self-collision)
  rrtconnect   14/14      1.69/3.77/19.46         1577       10    10.69        -      -     0.0004      0/7668         0     0.0025       0
      primary samples 20, productive 6 (30.0%), vertices/sample 0.500
  qp-fixed     14/14      2.98/4.82/29.67          695        7     7.75   0.0119     0%     0.0030      0/9372         0     0.0025       0
      primary samples 1, productive 1 (100.0%), vertices/sample 7.000
  qp-adapt     14/14      0.62/2.23/24.82          300        7     7.78   0.0268    38%     0.0031      0/7508         0     0.0025       0
      primary samples 1, productive 1 (100.0%), vertices/sample 7.000
  qp-free      14/14     42.02/152.38/556.17       22641      201    15.66   0.0131     0%     0.0074      0/17029        0     0.0025       0
      primary samples 989, productive 195 (19.7%), vertices/sample 0.192
  qp-env       14/14      0.42/1.82/7.14           226        7     8.18   0.0433    47%     0.0031      0/6975         0     0.0025       0
      primary samples 1, productive 1 (100.0%), vertices/sample 7.000

table_under_pick  (14 problems, 4 skipped: 0 clearance, 4 self-collision)
  rrtconnect    9/10      3.75/6.50/10000.08       2648       15    15.44        -      -     0.0003      0/7147         0     0.0025       0
      primary samples 56, productive 10 (17.9%), vertices/sample 0.327
  qp-fixed      9/10      5.77/31.70/10000.66       3957       32    13.39   0.0097     0%     0.0030      0/13977        0     0.0025       0
      primary samples 13, productive 13 (100.0%), vertices/sample 2.400
  qp-adapt      9/10      3.94/27.48/10001.50       3185       32    13.38   0.0132    24%     0.0031      0/11919        0     0.0025       0
      primary samples 13, productive 13 (100.0%), vertices/sample 2.400
  qp-free       8/10     17.86/57.73/10000.23       8242       75    19.66   0.0134     0%     0.0076      0/10237        0     0.0025       0
      primary samples 371, productive 71 (19.1%), vertices/sample 0.176
  qp-env        9/10      2.99/21.33/10000.41       2301       32    13.37   0.0176    20%     0.0030      0/11618        0     0.0025       0
      primary samples 13, productive 13 (100.0%), vertices/sample 2.400

Hop disposition -- what set the hop's length, median over problems.
  row         floored(<1 step)    at region   edge-limited
  qp-fixed            100.0%         0.0%           0.0%
  qp-adapt             74.0%        25.3%           0.8%
  qp-free             100.0%         0.0%           0.0%
  qp-env               79.5%        19.6%           1.3%

Endpoint clearance at zero margin -- min(start, goal) over all spheres.
  scene                     min    median       max affordable   problems by margin
  bookshelf_small        0.0027    0.0064    0.0102    0.0027   0:100% 0.02:  0% 0.04:  0% 0.06:  0% 0.09:  0%
  bookshelf_tall        -0.0224    0.0057    0.0110   -0.0224   0: 71% 0.02:  0% 0.04:  0% 0.06:  0% 0.09:  0%
  bookshelf_thin        -0.0211    0.0045    0.0104   -0.0211   0: 64% 0.02:  0% 0.04:  0% 0.06:  0% 0.09:  0%
  box                    0.0127    0.0127    0.0127    0.0127   0:100% 0.02:  0% 0.04:  0% 0.06:  0% 0.09:  0%
  cage                   0.0126    0.0127    0.0127    0.0126   0:100% 0.02:  0% 0.04:  0% 0.06:  0% 0.09:  0%
  table_pick             0.0076    0.0081    0.0082    0.0076   0:100% 0.02:  0% 0.04:  0% 0.06:  0% 0.09:  0%
  table_under_pick      -0.0221    0.0079    0.0082   -0.0221   0: 71% 0.02:  0% 0.04:  0% 0.06:  0% 0.09:  0%

all scenes  (98 problems, 15 skipped: 2 clearance, 13 self-collision)
  rrtconnect   79/83      1.38/10.17/10000.08       4255       23    13.99        -      -     0.0003      0/56750        0     0.0000       0
      primary samples 74, productive 19 (25.7%), vertices/sample 0.235
  qp-fixed     79/83      2.38/10.66/10002.32       1380       12    10.48   0.0110     0%     0.0016      0/82974        0     0.0025       0
      primary samples 3, productive 3 (100.0%), vertices/sample 3.750
  qp-adapt     79/83      0.39/6.98/10001.71        780       12    10.60   0.0188    26%     0.0008      0/70033        0     0.0025       0
      primary samples 4, productive 3 (75.0%), vertices/sample 3.667
  qp-free      64/83      9.92/134.81/10000.40      20031      174    17.43   0.0131     0%     0.0030      0/80610        0     0.0025       0
      primary samples 988, productive 171 (17.3%), vertices/sample 0.176
  qp-env       79/83      0.25/4.73/10001.47        512       12    10.44   0.0268    20%     0.0004      0/65292        0     0.0025       0
      primary samples 3, productive 3 (100.0%), vertices/sample 4.000

"samples" is checked configurations for isSafe, barrier evaluations for
the three CBF rows, and SIMD configuration lanes evaluated for VAMP. They measure
sampling work, while wall time captures the very different per-sample costs.
"unsafe/audited" evaluates exact primitive clearance at every state of the
densified solution -- for each CBF row that is the rollout the planner recorded
for each edge, replayed, so it is the motion that would actually be executed,
sampled inside each step rather than only at its boundaries. Non-zero unsafe
invalidates a row however fast it was.
"missed" counts solution edges that were not on file and had to be
re-derived; it must be zero, or the audited motion is a different trajectory
from the one the planner found.


envelope hop: 82162 filter calls, 1.483 hold queries/call, 30.7% saturated, 100.0% longer than L1, past one step 95.2% (L1 alone 56.0%), gated 98.3%, empty-active 0.0%, screen-escalated 2.8%
envelope bottleneck: world 85.4%, self-collision 14.4%, unbound 0.2% (horizon or screen clip), blocked 0.0%, joint-limit clamped 0.0%
envelope binding term:
  world rows       L1 0.0%, local-L1 1.6%, speed-capped 3.6%, isotropic-anchored 94.8% (of 70135 bound calls)
  self-pair rows   L1 0.0%, local-L1 0.0%, speed-capped 0.0%, normal-anchored 100.0% (of 11826 bound calls)
local-lever screen: 727088 of 1181206 expensive world rows settled before the envelope (61.6%)
span handed to the rollout, in controller steps (4774771 calls):
                   <1      1-2      2-4      4-8       8+
  L1 only      99.04%     0.43%     0.25%     0.16%     0.13%
  envelope     98.36%     0.30%     0.37%     0.30%     0.67%
=== CBF profiler (wall time) ===
=== CBF filter stats ===
  calls=0  unchanged=0 (0.0%)  filtered=0 (0.0%)  blocked=0 (0.0%)
  active rows:       avg=0.00  max=0
  zero-row fast path: 0 (0.0%)
  qp iterations:     avg=0.00  max=0
  certified duration: avg=0.00000s  min=0.00000s  max=0.00000s  (over 0 non-blocked calls)
  required gain:     avg=0.000/s  max=0.000/s  p50=0.000/s  p90=0.000/s  p99=0.000/s  (over 0 calls, 0 uncertified)
