
MotionBenchMaker UR5, 689 problems loaded, up to 100 per scene
voxel 0.003 m, margin 0.0000 m + 0.0030 m filter buffer, stepSize 0.001 s, range 2.00 rad, 10.0 s limit

hop certificates: old L1 Lipschitz region and new hold-time bound
Picard: off; trajectory prefixes: 0; sequential rollout budget: 10000 calls
kappa 20.00 /s, certified step uncapped, self-collision margin 0.0000 m over 303 pairs
baseline segment: 0.000650 of extent = 0.0100 rad, rollout step 0.0100 rad (matched to the rollout)
rope shortcut off, all rows unsimplified

seed 1
  planner       solved ms(min/med/max)        samples vertices     path rad/call coarse  worst clr unsafe/audited missed worst self collide

bookshelf_small  (14 problems, 8 skipped: 1 clearance, 7 self-collision)
  rrtconnect    5/6       1.89/5.38/10000.01       2757       15    10.69        -      -     0.0051      0/3020         0     0.0025       0
      primary samples 88, productive 11 (12.5%), vertices/sample 0.429
  qp-fixed      5/6       2.07/7.22/10000.52       1272       11     8.14   0.0126     0%     0.0033      0/4251         0     0.0025       0
      primary samples 3, productive 3 (100.0%), vertices/sample 5.000
  qp-adapt      5/6       0.61/6.31/10000.13       1029       11     8.14   0.0204    18%     0.0033      0/3732         0     0.0025       0
      primary samples 3, productive 3 (100.0%), vertices/sample 5.000
  qp-free       5/6       4.71/48.84/10000.11      10511       94    11.53   0.0134     0%     0.0051      0/4731         0     0.0025       0
      primary samples 598, productive 91 (15.2%), vertices/sample 0.200
  qp-env        5/6       0.37/4.86/10000.91        743       11     8.14   0.0230    13%     0.0032      0/3418         0     0.0025       0
      primary samples 3, productive 3 (100.0%), vertices/sample 5.000

bookshelf_tall  (14 problems, 6 skipped: 0 clearance, 6 self-collision)
  rrtconnect    8/8       1.47/8.47/63.99         4717       25    12.75        -      -     0.0033      0/5174         0     0.0025       0
      primary samples 101, productive 20 (19.8%), vertices/sample 0.250
  qp-fixed      8/8       4.52/11.51/33.36         2051       14    12.23   0.0107     0%     0.0031      0/8233         0     0.0025       0
      primary samples 4, productive 4 (100.0%), vertices/sample 4.167
  qp-adapt      8/8       2.17/7.67/28.69         1278       14    12.23   0.0182    30%     0.0031      0/7060         0     0.0025       0
      primary samples 4, productive 4 (100.0%), vertices/sample 4.333
  qp-free       8/8      12.68/40.21/178.56        8624       76    19.67   0.0132     0%     0.0034      0/10256        0     0.0025       0
      primary samples 329, productive 71 (21.6%), vertices/sample 0.226
  qp-env        8/8       1.14/8.14/24.39         1211       24    15.46   0.0246    21%     0.0002      0/7503         0     0.0025       0
      primary samples 7, productive 7 (100.0%), vertices/sample 4.000

bookshelf_thin  (14 problems, 7 skipped: 1 clearance, 6 self-collision)
  rrtconnect    7/7       5.78/18.63/196.33       10728       53    17.30        -      -     0.0011      0/5922         0     0.0025       0
      primary samples 294, productive 49 (16.7%), vertices/sample 0.173
  qp-fixed      7/7       2.07/3.51/15.69          756        7     7.84   0.0111     0%     0.0017      0/4719         0     0.0025       0
      primary samples 1, productive 1 (100.0%), vertices/sample 6.000
  qp-adapt      7/7       0.79/1.57/11.97          266        7     7.84   0.0271    19%     0.0013      0/3913         0     0.0025       0
      primary samples 1, productive 1 (100.0%), vertices/sample 6.000
  qp-free       7/7      67.21/311.55/924.05       66639      633    18.80   0.0128     0%     0.0040      0/9276         0     0.0025       0
      primary samples 4399, productive 626 (14.2%), vertices/sample 0.147
  qp-env        7/7       0.69/1.23/10.20          203        7     7.84   0.0329    11%     0.0011      0/3698         0     0.0025       0
      primary samples 1, productive 1 (100.0%), vertices/sample 6.000

box  (14 problems, 0 skipped: 0 clearance, 0 self-collision)
  rrtconnect   14/14      1.10/4.00/10.77         2189       13    10.96        -      -     0.0029      0/7445         0     0.0025       0
      primary samples 28, productive 9 (32.1%), vertices/sample 0.560
  qp-fixed     14/14      1.64/3.07/17.02          613        7     6.96   0.0123     0%     0.0039      0/8690         0     0.0025       0
      primary samples 1, productive 1 (100.0%), vertices/sample 6.000
  qp-adapt     14/14      0.65/1.74/12.03          301        9     7.84   0.0324    47%     0.0040      0/7109         0     0.0025       0
      primary samples 2, productive 2 (100.0%), vertices/sample 6.000
  qp-free      14/14      9.08/41.83/104.97        9001       75    17.53   0.0134     0%     0.0198      0/18723        0     0.0025       0
      primary samples 359, productive 71 (19.8%), vertices/sample 0.247
  qp-env       14/14      0.39/1.14/8.36           163        9     7.84   0.0567    33%     0.0038      0/6693         0     0.0025       0
      primary samples 3, productive 3 (100.0%), vertices/sample 4.667

cage  (14 problems, 0 skipped: 0 clearance, 0 self-collision)
  rrtconnect   14/14     32.81/280.35/531.73      152454      909    19.90        -      -     0.0004      0/14381        0     0.0025       0
      primary samples 8476, productive 906 (10.7%), vertices/sample 0.109
  qp-fixed     14/14     13.07/102.79/346.21       18467       85    20.05   0.0085     0%     0.0030      0/22634        0     0.0025       0
      primary samples 73, productive 48 (65.8%), vertices/sample 1.370
  qp-adapt     14/14      8.03/88.20/305.12       14545       85    20.12   0.0116    24%     0.0030      0/19756        0     0.0025       0
      primary samples 73, productive 48 (65.8%), vertices/sample 1.370
  qp-free       2/14    874.34/10000.04/10000.33    1674273    25356    29.48   0.0115     0%     0.0105      0/3564         0     0.0025       0
      primary samples 267469, productive 25353 (9.5%), vertices/sample 0.094
  qp-env       14/14      6.09/75.56/253.93       11767       94    21.36   0.0151    18%     0.0030      0/19025        0     0.0025       0
      primary samples 73, productive 54 (74.0%), vertices/sample 1.361

table_pick  (15 problems, 0 skipped: 0 clearance, 0 self-collision)
  rrtconnect   15/15      0.85/2.25/7.60          1188        8     9.92        -      -     0.0000      0/7608         0     0.0025       0
      primary samples 8, productive 4 (50.0%), vertices/sample 0.875
  qp-fixed     15/15      1.45/2.89/6.07           631        6     7.20   0.0125     0%     0.0037      0/8469         0     0.0025       0
      primary samples 1, productive 1 (100.0%), vertices/sample 6.000
  qp-adapt     15/15      0.37/0.78/3.67           140        6     7.20   0.0565    50%     0.0037      0/6497         0     0.0025       0
      primary samples 1, productive 1 (100.0%), vertices/sample 6.000
  qp-free      15/15      5.26/66.12/878.94       14064      122    15.83   0.0132     0%     0.0062      0/19673        0     0.0025       0
      primary samples 659, productive 117 (17.8%), vertices/sample 0.208
  qp-env       15/15      0.31/0.60/2.92            89        6     7.96   0.0836    40%     0.0036      0/6543         0     0.0025       0
      primary samples 1, productive 1 (100.0%), vertices/sample 6.000

table_under_pick  (14 problems, 6 skipped: 0 clearance, 6 self-collision)
  rrtconnect    8/8       2.12/5.02/6.80          2739       16    13.71        -      -     0.0021      0/5275         0     0.0025       0
      primary samples 48, productive 11 (22.9%), vertices/sample 0.333
  qp-fixed      8/8       4.39/20.27/51.21         3604       24    15.50   0.0099     0%     0.0031      0/11294        0     0.0025       0
      primary samples 10, productive 9 (90.0%), vertices/sample 2.400
  qp-adapt      8/8       1.41/16.73/44.79         2871       26    15.50   0.0151    27%     0.0031      0/9655         0     0.0025       0
      primary samples 10, productive 9 (90.0%), vertices/sample 2.600
  qp-free       8/8       8.14/15.44/37.97         3315       29    18.16   0.0134     0%     0.0076      0/10095        0     0.0025       0
      primary samples 160, productive 25 (15.6%), vertices/sample 0.194
  qp-env        8/8       0.82/14.44/33.70         2244       34    19.16   0.0221    20%     0.0031      0/8964         0     0.0025       0
      primary samples 14, productive 13 (92.9%), vertices/sample 2.429

Hop disposition -- what set the hop's length, median over problems.
  row         floored(<1 step)    at region   edge-limited
  qp-fixed            100.0%         0.0%           0.0%
  qp-adapt             70.4%        29.4%           1.2%
  qp-free             100.0%         0.0%           0.0%
  qp-env               76.6%        22.2%           2.0%

Endpoint clearance at zero margin -- min(start, goal) over all spheres.
  scene                     min    median       max affordable   problems by margin
  bookshelf_small       -0.0180    0.0020    0.0074   -0.0180   0: 50% 0.02:  0% 0.04:  0% 0.06:  0% 0.09:  0%
  bookshelf_tall        -0.0242    0.0034    0.0083   -0.0242   0: 57% 0.02:  0% 0.04:  0% 0.06:  0% 0.09:  0%
  bookshelf_thin        -0.0212    0.0040    0.0087   -0.0212   0: 64% 0.02:  0% 0.04:  0% 0.06:  0% 0.09:  0%
  box                    0.0127    0.0127    0.0127    0.0127   0:100% 0.02:  0% 0.04:  0% 0.06:  0% 0.09:  0%
  cage                   0.0063    0.0127    0.0127    0.0063   0:100% 0.02:  0% 0.04:  0% 0.06:  0% 0.09:  0%
  table_pick             0.0062    0.0080    0.0083    0.0062   0:100% 0.02:  0% 0.04:  0% 0.06:  0% 0.09:  0%
  table_under_pick      -0.0227    0.0076    0.0083   -0.0227   0: 57% 0.02:  0% 0.04:  0% 0.06:  0% 0.09:  0%

all scenes  (99 problems, 27 skipped: 2 clearance, 25 self-collision)
  rrtconnect   71/72      0.85/5.87/10000.01       3179       18    13.33        -      -     0.0000      0/48825        0     0.0025       0
      primary samples 62, productive 13 (21.0%), vertices/sample 0.290
  qp-fixed     71/72      1.45/6.36/10000.52       1272       11     9.62   0.0114     0%     0.0017      0/68290        0     0.0025       0
      primary samples 3, productive 3 (100.0%), vertices/sample 4.500
  qp-adapt     71/72      0.37/3.67/10000.13        624       12     9.62   0.0204    30%     0.0013      0/57722        0     0.0025       0
      primary samples 3, productive 3 (100.0%), vertices/sample 4.333
  qp-free      59/72      4.71/68.77/10000.33      14456      126    18.02   0.0132     0%     0.0034      0/76318        0     0.0025       0
      primary samples 659, productive 118 (17.9%), vertices/sample 0.184
  qp-env       71/72      0.31/3.09/10000.91        546       14    10.81   0.0293    24%     0.0002      0/55844        0     0.0025       0
      primary samples 3, productive 3 (100.0%), vertices/sample 3.750

"samples" is checked configurations for isSafe, barrier evaluations for
the three CBF rows, and SIMD configuration lanes evaluated for VAMP. They measure
sampling work, while wall time captures the very different per-sample costs.
"unsafe/audited" evaluates exact primitive clearance at every state of the
densified solution -- for each CBF row that is the rollout the planner recorded
for each edge, replayed, so it is the motion that would actually be executed,
sampled inside each step rather than only at its boundaries. Non-zero unsafe
invalidates a row however fast it was.
"missed" counts solution edges that were not on file and had to be
re-derived; it must be zero, or the audited motion is a different trajectory
from the one the planner found.


envelope hop: 61265 filter calls, 1.335 hold queries/call, 24.1% saturated, 100.0% longer than L1, past one step 93.1% (L1 alone 53.7%), gated 96.7%, empty-active 0.0%, screen-escalated 1.3%
envelope bottleneck: world 92.7%, self-collision 7.2%, unbound 0.1% (horizon or screen clip), blocked 0.0%, joint-limit clamped 0.0%
envelope binding term:
  world rows       L1 0.0%, local-L1 0.8%, speed-capped 5.9%, isotropic-anchored 93.3% (of 56798 bound calls)
  self-pair rows   L1 0.0%, local-L1 0.0%, speed-capped 0.0%, normal-anchored 100.0% (of 4387 bound calls)
local-lever screen: 419248 of 740265 expensive world rows settled before the envelope (56.6%)
span handed to the rollout, in controller steps (1867556 calls):
                   <1      1-2      2-4      4-8       8+
  L1 only      98.24%     0.91%     0.46%     0.24%     0.15%
  envelope     96.95%     0.65%     0.84%     0.64%     0.92%
=== CBF profiler (wall time) ===
=== CBF filter stats ===
  calls=0  unchanged=0 (0.0%)  filtered=0 (0.0%)  blocked=0 (0.0%)
  active rows:       avg=0.00  max=0
  zero-row fast path: 0 (0.0%)
  qp iterations:     avg=0.00  max=0
  certified duration: avg=0.00000s  min=0.00000s  max=0.00000s  (over 0 non-blocked calls)
  required gain:     avg=0.000/s  max=0.000/s  p50=0.000/s  p90=0.000/s  p99=0.000/s  (over 0 calls, 0 uncertified)
