scene clutter   grid /home/ax-ml-ubu24/ompl/results/picard_sliding_benchmark/clutter.grid
field 155x155x158 nodes, voxel 0.0150 m, maxGradientNorm 1.6590
margin 0.0600, interpolation buffer 0.0150, guarded margin 0.0750
CBF kappa 19.800 /s, RRTConnect range 1.500 rad, min progress 0.10
retain partial CBF steering: on
rollout early termination: on, 40-call budget, 3 stalled steps
start barrier h = +0.0127 m

goal                         row     solved  seconds   wpts  audited   unsafe     min h   evals rad/call coarse selfcoll  min self     len0     len1    cut%  cutms
Info:    RRTConnect: Starting planning with 1 states already in datastructure
Info:    RRTConnect: Created 7 states (2 start + 5 goal)
Info:    RRTConnect: Starting planning with 1 states already in datastructure
Info:    RRTConnect: Created 7 states (5 start + 2 goal)
high_forward                 rrtc       yes 0.000299      5      215        0   +0.0127     290        -      -        0   +0.0025    5.381    5.381    0.0%    0.0
                             cbf        yes 0.000346      6      271        0   +0.0127     104   0.0518    31%        0   +0.0025    5.390    5.390    0.0%    0.0
    cbf planner: 5 recorded / 5 rollouts (100.0%), 0 abandoned, 5 ledger-served, 104 filter calls
    rollout early stops: 0 budget, 0 stalled, 0 tiny-control
    productive samples: rrtc 3/8 (37.5%), cbf 1/1 (100.0%)
Info:    RRTConnect: Starting planning with 1 states already in datastructure
Info:    RRTConnect: Created 18 states (7 start + 11 goal)
Info:    RRTConnect: Starting planning with 1 states already in datastructure
Info:    RRTConnect: Created 7 states (5 start + 2 goal)
behind                       rrtc       yes 0.000298      6      281        0   +0.0042     309        -      -        0   +0.0025    7.040    7.040    0.0%    0.0
                             cbf        yes 0.001688     13      633        0   +0.0127     588   0.0275     7%        0   +0.0025   11.668   11.668    0.0%    0.0
    cbf planner: 16 recorded / 20 rollouts (80.0%), 4 abandoned, 16 ledger-served, 588 filter calls
    rollout early stops: 2 budget, 3 stalled, 0 tiny-control
    productive samples: rrtc 3/20 (15.0%), cbf 5/5 (100.0%)

solved: rrtc 2/2, cbf 2/2   median ms over 1 trials: rrtc 0.299, cbf 1.688 (0.18x)
path length over 2 goals both solved, radians: rrtc 12.422 -> 12.422, cbf 17.058 -> 17.058   cbf/rrtc before 1.37x, after 1.37x
0 audited states below the audited margin (cbf row)
