scene clutter   grid /home/ax-ml-ubu24/ompl/results/picard_sliding_benchmark/clutter.grid
field 155x155x158 nodes, voxel 0.0150 m, maxGradientNorm 1.6590
margin 0.0600, interpolation buffer 0.0150, guarded margin 0.0750
CBF kappa 19.800 /s, RRTConnect range 1.500 rad, min progress 0.10
retain partial CBF steering: on
rollout early termination: on, 40-call budget, 3 stalled steps
start barrier h = +0.0127 m

goal                         row     solved  seconds   wpts  audited   unsafe     min h   evals rad/call coarse selfcoll  min self     len0     len1    cut%  cutms
Info:    RRTConnect: Starting planning with 1 states already in datastructure
Info:    RRTConnect: Created 9 states (2 start + 7 goal)
Info:    RRTConnect: Starting planning with 1 states already in datastructure
Info:    RRTConnect: Created 9 states (7 start + 2 goal)
high_forward                 rrtc       yes 0.000404      5      180        0   +0.0007     398        -      -        0   +0.0025    4.518    4.518    0.0%    0.0
                             cbf        yes 0.000433      8      338        0   +0.0127     156   0.0402    38%        0   +0.0025    6.277    6.277    0.0%    0.0
    cbf planner: 7 recorded / 7 rollouts (100.0%), 0 abandoned, 7 ledger-served, 156 filter calls
    rollout early stops: 2 budget, 0 stalled, 0 tiny-control
    productive samples: rrtc 4/12 (33.3%), cbf 1/1 (100.0%)
Info:    RRTConnect: Starting planning with 1 states already in datastructure
Info:    RRTConnect: Created 37 states (21 start + 16 goal)
Info:    RRTConnect: Starting planning with 1 states already in datastructure
Info:    RRTConnect: Created 13 states (8 start + 5 goal)
behind                       rrtc       yes 0.000648      9      454        0   +0.0086     670        -      -        0   +0.0025   11.375   11.375    0.0%    0.0
                             cbf        yes 0.004329      9      466        0   +0.0127    1526   0.0254     6%        0   +0.0025    8.716    8.716    0.0%    0.0
    cbf planner: 35 recorded / 50 rollouts (70.0%), 15 abandoned, 35 ledger-served, 1526 filter calls
    rollout early stops: 16 budget, 10 stalled, 0 tiny-control
    productive samples: rrtc 7/17 (41.2%), cbf 15/16 (93.8%)

solved: rrtc 2/2, cbf 2/2   median ms over 1 trials: rrtc 0.648, cbf 4.329 (0.15x)
path length over 2 goals both solved, radians: rrtc 15.893 -> 15.893, cbf 14.993 -> 14.993   cbf/rrtc before 0.94x, after 0.94x
0 audited states below the audited margin (cbf row)
