scene clutter   grid /home/ax-ml-ubu24/ompl/results/picard_sliding_benchmark/clutter.grid
field 155x155x158 nodes, voxel 0.0150 m, maxGradientNorm 1.6590
margin 0.0600, interpolation buffer 0.0150, guarded margin 0.0750
CBF kappa 19.800 /s, RRTConnect range 1.500 rad, min progress 0.10
retain partial CBF steering: on
rollout early termination: on, 40-call budget, 3 stalled steps
parallel Picard on: 2 iterations, 8-step windows, 1 workers
start barrier h = +0.0127 m

goal                         row     solved  seconds   wpts  audited   unsafe     min h   evals rad/call coarse selfcoll  min self     len0     len1    cut%  cutms
Info:    RRTConnect: Starting planning with 1 states already in datastructure
Info:    RRTConnect: Created 9 states (2 start + 7 goal)
Info:    RRTConnect: Starting planning with 1 states already in datastructure
Info:    RRTConnect: Created 6 states (4 start + 2 goal)
high_forward                 rrtc       yes 0.000224      5      189        0   +0.0127     194        -      -        0   +0.0025    4.727    4.727    0.0%    0.0
                             cbf        yes 0.001723      8      369        0   +0.0127     632   0.0100     0%        0   +0.0025    6.293    6.293    0.0%    0.0
    cbf planner: 7 recorded / 7 rollouts (100.0%), 0 abandoned, 7 ledger-served, 632 filter calls
    rollout early stops: 0 budget, 0 stalled, 0 tiny-control
    parallel Picard: 5/7 proposals accepted, 2 fallbacks; 16/87 windows converged (86 map-certified), 621 map + 4 verify filters, 0 verification failures, 1.669 ms total; 71 partial slides, 184 committed steps, 442 reused guesses
    productive samples: rrtc 1/2 (50.0%), cbf 1/1 (100.0%)
Info:    RRTConnect: Starting planning with 1 states already in datastructure
Info:    RRTConnect: Created 36 states (18 start + 18 goal)
Info:    RRTConnect: Starting planning with 1 states already in datastructure
Info:    RRTConnect: Created 11 states (9 start + 2 goal)
behind                       rrtc       yes 0.000675      6      294        0   +0.0081     642        -      -        0   +0.0025    7.356    7.356    0.0%    0.0
                             cbf        yes 0.027307     21     1067        0   +0.0010    9472   0.0037     0%        0   +0.0025   17.010   17.010    0.0%    0.0
    cbf planner: 34 recorded / 50 rollouts (68.0%), 16 abandoned, 34 ledger-served, 9472 filter calls
    rollout early stops: 2 budget, 3 stalled, 0 tiny-control
    parallel Picard: 41/50 proposals accepted, 9 fallbacks; 66/1244 windows converged (1233 map-certified), 9200 map + 53 verify filters, 6 verification failures, 26.689 ms total; 1172 partial slides, 1463 committed steps, 7424 reused guesses
    productive samples: rrtc 8/28 (28.6%), cbf 15/17 (88.2%)

solved: rrtc 2/2, cbf 2/2   median ms over 1 trials: rrtc 0.675, cbf 27.307 (0.02x)
path length over 2 goals both solved, radians: rrtc 12.083 -> 12.083, cbf 23.303 -> 23.303   cbf/rrtc before 1.93x, after 1.93x
0 audited states below the audited margin (cbf row)
