scene clutter   grid /home/ax-ml-ubu24/ompl/results/picard_sliding_benchmark/clutter.grid
field 155x155x158 nodes, voxel 0.0150 m, maxGradientNorm 1.6590
margin 0.0600, interpolation buffer 0.0150, guarded margin 0.0750
CBF kappa 19.800 /s, RRTConnect range 1.500 rad, min progress 0.10
retain partial CBF steering: on
rollout early termination: on, 40-call budget, 3 stalled steps
parallel Picard on: 2 iterations, 8-step windows, 1 workers
start barrier h = +0.0127 m

goal                         row     solved  seconds   wpts  audited   unsafe     min h   evals rad/call coarse selfcoll  min self     len0     len1    cut%  cutms
Info:    RRTConnect: Starting planning with 1 states already in datastructure
Info:    RRTConnect: Created 6 states (2 start + 4 goal)
Info:    RRTConnect: Starting planning with 1 states already in datastructure
Info:    RRTConnect: Created 7 states (5 start + 2 goal)
high_forward                 rrtc       yes 0.000318      5      215        0   +0.0127     290        -      -        0   +0.0025    5.381    5.381    0.0%    0.0
                             cbf        yes 0.001208      5      289        0   +0.0127     452   0.0119     0%        0   +0.0025    5.388    5.388    0.0%    0.0
    cbf planner: 4 recorded / 4 rollouts (100.0%), 0 abandoned, 4 ledger-served, 452 filter calls
    rollout early stops: 0 budget, 0 stalled, 0 tiny-control
    parallel Picard: 4/4 proposals accepted, 0 fallbacks; 13/59 windows converged (58 map-certified), 440 map + 8 verify filters, 0 verification failures, 1.166 ms total; 46 partial slides, 145 committed steps, 299 reused guesses
    productive samples: rrtc 3/8 (37.5%), cbf 1/1 (100.0%)
Info:    RRTConnect: Starting planning with 1 states already in datastructure
Info:    RRTConnect: Created 18 states (7 start + 11 goal)
Info:    RRTConnect: Starting planning with 1 states already in datastructure
Info:    RRTConnect: Created 7 states (5 start + 2 goal)
behind                       rrtc       yes 0.000325      6      281        0   +0.0042     309        -      -        0   +0.0025    7.040    7.040    0.0%    0.0
                             cbf        yes 0.011810     13      672        0   +0.0127    3959   0.0042     0%        0   +0.0025   11.889   11.889    0.0%    0.0
    cbf planner: 16 recorded / 20 rollouts (80.0%), 4 abandoned, 16 ledger-served, 3959 filter calls
    rollout early stops: 0 budget, 1 stalled, 0 tiny-control
    parallel Picard: 18/20 proposals accepted, 2 fallbacks; 31/527 windows converged (523 map-certified), 3888 map + 20 verify filters, 1 verification failures, 11.683 ms total; 495 partial slides, 635 committed steps, 3136 reused guesses
    productive samples: rrtc 3/20 (15.0%), cbf 5/5 (100.0%)

solved: rrtc 2/2, cbf 2/2   median ms over 1 trials: rrtc 0.325, cbf 11.810 (0.03x)
path length over 2 goals both solved, radians: rrtc 12.422 -> 12.422, cbf 17.276 -> 17.276   cbf/rrtc before 1.39x, after 1.39x
0 audited states below the audited margin (cbf row)
