scene corridor   grid /home/ax-ml-ubu24/ompl/results/picard_sliding_benchmark/corridor.grid
field 155x155x158 nodes, voxel 0.0150 m, maxGradientNorm 1.7169
margin 0.0600, interpolation buffer 0.0150, guarded margin 0.0750
CBF kappa 19.800 /s, RRTConnect range 1.500 rad, min progress 0.10
retain partial CBF steering: on
rollout early termination: on, 40-call budget, 3 stalled steps
start barrier h = +0.0127 m

goal                         row     solved  seconds   wpts  audited   unsafe     min h   evals rad/call coarse selfcoll  min self     len0     len1    cut%  cutms
Info:    RRTConnect: Starting planning with 1 states already in datastructure
Info:    RRTConnect: Created 7 states (2 start + 5 goal)
Info:    RRTConnect: Starting planning with 1 states already in datastructure
Info:    RRTConnect: Created 11 states (8 start + 3 goal)
corridor_entrance_from_above rrtc       yes 0.000538      6      247        0   +0.0127     518        -      -        0   +0.0025    6.179    6.179    0.0%    0.0
                             cbf        yes 0.000336      6      326        0   +0.0127     111   0.0587    54%        0   +0.0025    6.516    6.516    0.0%    0.0
    cbf planner: 5 recorded / 5 rollouts (100.0%), 0 abandoned, 5 ledger-served, 111 filter calls
    rollout early stops: 1 budget, 0 stalled, 0 tiny-control
    productive samples: rrtc 5/14 (35.7%), cbf 1/1 (100.0%)
Info:    RRTConnect: Starting planning with 1 states already in datastructure
Info:    RRTConnect: Created 30 states (20 start + 10 goal)
Info:    RRTConnect: Starting planning with 1 states already in datastructure
Info:    RRTConnect: Created 83 states (79 start + 4 goal)
under_the_ceiling            rrtc       yes 0.006210     10      503        0   +0.0025    6122        -      -        0   +0.0025   12.578   12.578    0.0%    0.0
                             cbf        yes 0.002828     12      563        0   +0.0010    1076   0.0265     8%        0   +0.0025   10.821   10.821    0.0%    0.0
    cbf planner: 28 recorded / 39 rollouts (71.8%), 11 abandoned, 28 ledger-served, 1076 filter calls
    rollout early stops: 13 budget, 2 stalled, 0 tiny-control
    productive samples: rrtc 78/708 (11.0%), cbf 12/12 (100.0%)
Info:    RRTConnect: Starting planning with 1 states already in datastructure
Info:    RRTConnect: Created 29 states (14 start + 15 goal)
Info:    RRTConnect: Starting planning with 1 states already in datastructure
Info:    RRTConnect: Created 53 states (48 start + 5 goal)
far_end_under_the_ceiling    rrtc       yes 0.003979     12      642        0   +0.0017    4003        -      -        0   +0.0025   16.053   16.053    0.0%    0.0
                             cbf        yes 0.002943     13      662        0   +0.0127    1154   0.0258     7%        0   +0.0025   11.696   11.696    0.0%    0.0
    cbf planner: 27 recorded / 37 rollouts (73.0%), 10 abandoned, 27 ledger-served, 1154 filter calls
    rollout early stops: 18 budget, 6 stalled, 0 tiny-control
    productive samples: rrtc 47/507 (9.3%), cbf 11/11 (100.0%)
    ! barrier mismatch at goal: exporter +0.0075, here +0.0227

solved: rrtc 3/3, cbf 3/3   median ms over 1 trials: rrtc 3.979, cbf 2.828 (1.41x)
path length over 3 goals both solved, radians: rrtc 34.810 -> 34.810, cbf 29.034 -> 29.034   cbf/rrtc before 0.83x, after 0.83x
0 audited states below the audited margin (cbf row)
