scene corridor   grid /home/ax-ml-ubu24/ompl/results/picard_sliding_benchmark/corridor.grid
field 155x155x158 nodes, voxel 0.0150 m, maxGradientNorm 1.7169
margin 0.0600, interpolation buffer 0.0150, guarded margin 0.0750
CBF kappa 19.800 /s, RRTConnect range 1.500 rad, min progress 0.10
retain partial CBF steering: on
rollout early termination: on, 40-call budget, 3 stalled steps
start barrier h = +0.0127 m

goal                         row     solved  seconds   wpts  audited   unsafe     min h   evals rad/call coarse selfcoll  min self     len0     len1    cut%  cutms
Info:    RRTConnect: Starting planning with 1 states already in datastructure
Info:    RRTConnect: Created 6 states (2 start + 4 goal)
Info:    RRTConnect: Starting planning with 1 states already in datastructure
Info:    RRTConnect: Created 34 states (22 start + 12 goal)
corridor_entrance_from_above rrtc       yes 0.002175     11      552        0   +0.0015    2114        -      -        0   +0.0025   13.801   13.801    0.0%    0.0
                             cbf        yes 0.000327      5      268        0   +0.0127      95   0.0551    33%        0   +0.0025    5.237    5.237    0.0%    0.0
    cbf planner: 4 recorded / 4 rollouts (100.0%), 0 abandoned, 4 ledger-served, 95 filter calls
    rollout early stops: 0 budget, 0 stalled, 0 tiny-control
    productive samples: rrtc 28/185 (15.1%), cbf 1/1 (100.0%)
Info:    RRTConnect: Starting planning with 1 states already in datastructure
Info:    RRTConnect: Created 16 states (7 start + 9 goal)
Info:    RRTConnect: Starting planning with 1 states already in datastructure
Info:    RRTConnect: Created 97 states (93 start + 4 goal)
under_the_ceiling            rrtc       yes 0.007616     13      675        0   +0.0004    7471        -      -        0   +0.0025   16.885   16.885    0.0%    0.0
                             cbf        yes 0.001047     11      479        0   +0.0127     423   0.0298    13%        0   +0.0025    8.471    8.471    0.0%    0.0
    cbf planner: 14 recorded / 16 rollouts (87.5%), 2 abandoned, 14 ledger-served, 423 filter calls
    rollout early stops: 6 budget, 0 stalled, 0 tiny-control
    productive samples: rrtc 93/1000 (9.3%), cbf 3/3 (100.0%)
Info:    RRTConnect: Starting planning with 1 states already in datastructure
Info:    RRTConnect: Created 64 states (29 start + 35 goal)
Info:    RRTConnect: Starting planning with 1 states already in datastructure
Info:    RRTConnect: Created 46 states (39 start + 7 goal)
far_end_under_the_ceiling    rrtc       yes 0.003262     11      542        0   +0.0066    3348        -      -        0   +0.0025   13.551   13.551    0.0%    0.0
                             cbf        yes 0.008300     30     1490        0   +0.0010    3147   0.0207     2%        0   +0.0025   24.661   24.661    0.0%    0.0
    cbf planner: 62 recorded / 90 rollouts (68.9%), 28 abandoned, 62 ledger-served, 3147 filter calls
    rollout early stops: 62 budget, 6 stalled, 0 tiny-control
    productive samples: rrtc 40/429 (9.3%), cbf 27/29 (93.1%)
    ! barrier mismatch at goal: exporter +0.0075, here +0.0227

solved: rrtc 3/3, cbf 3/3   median ms over 1 trials: rrtc 3.262, cbf 1.047 (3.12x)
path length over 3 goals both solved, radians: rrtc 44.237 -> 44.237, cbf 38.369 -> 38.369   cbf/rrtc before 0.87x, after 0.87x
0 audited states below the audited margin (cbf row)
