scene empty   grid /home/ax-ml-ubu24/ompl/results/picard_sliding_benchmark/empty.grid
field 155x155x158 nodes, voxel 0.0150 m, maxGradientNorm 1.6590
margin 0.0600, interpolation buffer 0.0150, guarded margin 0.0750
CBF kappa 19.800 /s, RRTConnect range 1.500 rad, min progress 0.10
retain partial CBF steering: on
rollout early termination: on, 40-call budget, 3 stalled steps
start barrier h = +0.0127 m

goal                         row     solved  seconds   wpts  audited   unsafe     min h   evals rad/call coarse selfcoll  min self     len0     len1    cut%  cutms
Info:    RRTConnect: Starting planning with 1 states already in datastructure
Info:    RRTConnect: Created 6 states (2 start + 4 goal)
Info:    RRTConnect: Starting planning with 1 states already in datastructure
Info:    RRTConnect: Created 6 states (2 start + 4 goal)
front-right_top-down         rrtc       yes 0.000212      5      210        0   +0.0127     217        -      -        0   +0.0025    5.261    5.261    0.0%    0.0
                             cbf        yes 0.000141      5      234        0   +0.0127      38   0.1384    97%        0   +0.0025    5.261    5.261    0.0%    0.0
    cbf planner: 4 recorded / 4 rollouts (100.0%), 0 abandoned, 4 ledger-served, 38 filter calls
    rollout early stops: 0 budget, 0 stalled, 0 tiny-control
    productive samples: rrtc 1/1 (100.0%), cbf 1/1 (100.0%)
Info:    RRTConnect: Starting planning with 1 states already in datastructure
Info:    RRTConnect: Created 6 states (2 start + 4 goal)
Info:    RRTConnect: Starting planning with 1 states already in datastructure
Info:    RRTConnect: Created 5 states (3 start + 2 goal)
front-left_top-down          rrtc       yes 0.000144      4      125        0   +0.0127     130        -      -        0   +0.0025    3.133    3.133    0.0%    0.0
                             cbf        yes 0.000154      5      166        0   +0.0127      61   0.0552    48%        0   +0.0025    3.368    3.368    0.0%    0.0
    cbf planner: 4 recorded / 4 rollouts (100.0%), 0 abandoned, 4 ledger-served, 61 filter calls
    rollout early stops: 0 budget, 0 stalled, 0 tiny-control
    productive samples: rrtc 1/2 (50.0%), cbf 1/1 (100.0%)
Info:    RRTConnect: Starting planning with 1 states already in datastructure
Info:    RRTConnect: Created 7413 states (5148 start + 2265 goal)
Info:    ProblemDefinition: Adding approximate solution from planner RRTConnect
Info:    RRTConnect: Starting planning with 1 states already in datastructure
Info:    RRTConnect: Created 17022 states (15470 start + 1552 goal)
Info:    ProblemDefinition: Adding approximate solution from planner RRTConnect
high_reach_forward           rrtc        no 2.000041     10      464        0   +0.0000  788410        -      -        0   +0.0000   11.611   11.611    0.0%    0.0
                             cbf         no 2.000113     11      446        0   +0.0000  773837   0.0127     2%        0   +0.0000    7.802    7.802    0.0%    0.0
    cbf planner: 7411 recorded / 21740 rollouts (34.1%), 14329 abandoned, 7411 ledger-served, 773837 filter calls
    rollout early stops: 15978 budget, 2188 stalled, 0 tiny-control
    productive samples: rrtc 17019/201105 (8.5%), cbf 6615/14329 (46.2%)
Info:    RRTConnect: Starting planning with 1 states already in datastructure
Info:    RRTConnect: Created 5 states (2 start + 3 goal)
Info:    RRTConnect: Starting planning with 1 states already in datastructure
Info:    RRTConnect: Created 5 states (2 start + 3 goal)
behind_top-down              rrtc       yes 0.000162      4      172        0   +0.0127     177        -      -        0   +0.0025    4.309    4.309    0.0%    0.0
                             cbf        yes 0.000125      4      202        0   +0.0127      57   0.0756   100%        0   +0.0025    4.309    4.309    0.0%    0.0
    cbf planner: 3 recorded / 3 rollouts (100.0%), 0 abandoned, 3 ledger-served, 57 filter calls
    rollout early stops: 0 budget, 0 stalled, 0 tiny-control
    productive samples: rrtc 1/1 (100.0%), cbf 1/1 (100.0%)

solved: rrtc 3/4, cbf 3/4   median ms over 1 trials: rrtc 0.212, cbf 0.154 (1.38x)
path length over 3 goals both solved, radians: rrtc 12.703 -> 12.703, cbf 12.937 -> 12.937   cbf/rrtc before 1.02x, after 1.02x
0 audited states below the audited margin (cbf row)
