scene empty   grid /home/ax-ml-ubu24/ompl/results/picard_sliding_benchmark/empty.grid
field 155x155x158 nodes, voxel 0.0150 m, maxGradientNorm 1.6590
margin 0.0600, interpolation buffer 0.0150, guarded margin 0.0750
CBF kappa 19.800 /s, RRTConnect range 1.500 rad, min progress 0.10
retain partial CBF steering: on
rollout early termination: on, 40-call budget, 3 stalled steps
parallel Picard on: 2 iterations, 16-step windows, 4 workers
start barrier h = +0.0127 m

goal                         row     solved  seconds   wpts  audited   unsafe     min h   evals rad/call coarse selfcoll  min self     len0     len1    cut%  cutms
Info:    RRTConnect: Starting planning with 1 states already in datastructure
Info:    RRTConnect: Created 6 states (2 start + 4 goal)
Info:    RRTConnect: Starting planning with 1 states already in datastructure
Info:    RRTConnect: Created 6 states (2 start + 4 goal)
front-right_top-down         rrtc       yes 0.000230      5      235        0   +0.0127     241        -      -        0   +0.0025    5.890    5.890    0.0%    0.0
                             cbf        yes 0.001696      5      396        0   +0.0127     199   0.0296     0%        0   +0.0025    5.890    5.890    0.0%    0.0
    cbf planner: 4 recorded / 4 rollouts (100.0%), 0 abandoned, 4 ledger-served, 199 filter calls
    rollout early stops: 0 budget, 0 stalled, 0 tiny-control
    parallel Picard: 4/4 proposals accepted, 0 fallbacks; 15/15 windows converged (15 map-certified), 195 map + 0 verify filters, 0 verification failures, 1.640 ms total; 0 partial slides, 199 committed steps, 0 reused guesses
    productive samples: rrtc 1/1 (100.0%), cbf 1/1 (100.0%)
Info:    RRTConnect: Starting planning with 1 states already in datastructure
Info:    RRTConnect: Created 4 states (2 start + 2 goal)
Info:    RRTConnect: Starting planning with 1 states already in datastructure
Info:    RRTConnect: Created 4 states (2 start + 2 goal)
front-left_top-down          rrtc       yes 0.000113      3      112        0   +0.0127     116        -      -        0   +0.0025    2.803    2.803    0.0%    0.0
                             cbf        yes 0.000372      3      129        0   +0.0127      80   0.0350     0%        0   +0.0025    2.803    2.803    0.0%    0.0
    cbf planner: 2 recorded / 2 rollouts (100.0%), 0 abandoned, 2 ledger-served, 80 filter calls
    rollout early stops: 0 budget, 0 stalled, 0 tiny-control
    parallel Picard: 2/2 proposals accepted, 0 fallbacks; 4/4 windows converged (3 map-certified), 62 map + 16 verify filters, 0 verification failures, 0.365 ms total; 0 partial slides, 64 committed steps, 0 reused guesses
    productive samples: rrtc 1/1 (100.0%), cbf 1/1 (100.0%)
Info:    RRTConnect: Starting planning with 1 states already in datastructure
Info:    RRTConnect: Created 1076 states (619 start + 457 goal)
Info:    ProblemDefinition: Adding approximate solution from planner RRTConnect
Info:    RRTConnect: Starting planning with 1 states already in datastructure
Info:    RRTConnect: Created 16964 states (15505 start + 1459 goal)
Info:    ProblemDefinition: Adding approximate solution from planner RRTConnect
high_reach_forward           rrtc        no 2.000038     14      696        0   +0.0000  786247        -      -        0   +0.0000   17.419   17.419    0.0%    0.0
                             cbf         no 2.002017      8      521        0   +0.0000 1444525   0.0009     0%        0   +0.0000    7.531    7.531    0.0%    0.0
    cbf planner: 1074 recorded / 2083 rollouts (51.6%), 1009 abandoned, 1074 ledger-served, 1444525 filter calls
    rollout early stops: 1 budget, 0 stalled, 0 tiny-control
    parallel Picard: 2079/2083 proposals accepted, 4 fallbacks; 2278/103175 windows converged (103075 map-certified), 1441981 map + 310 verify filters, 4 verification failures, 1993.684 ms total; 100893 partial slides, 107359 committed steps, 1305676 reused guesses
    productive samples: rrtc 16962/201621 (8.4%), cbf 741/1009 (73.4%)
Info:    RRTConnect: Starting planning with 1 states already in datastructure
Info:    RRTConnect: Created 6 states (2 start + 4 goal)
Info:    RRTConnect: Starting planning with 1 states already in datastructure
Info:    RRTConnect: Created 6 states (2 start + 4 goal)
behind_top-down              rrtc       yes 0.000182      5      190        0   +0.0127     197        -      -        0   +0.0025    4.762    4.762    0.0%    0.0
                             cbf        yes 0.001794      5      302        0   +0.0127     161   0.0296     0%        0   +0.0025    4.762    4.762    0.0%    0.0
    cbf planner: 4 recorded / 4 rollouts (100.0%), 0 abandoned, 4 ledger-served, 161 filter calls
    rollout early stops: 0 budget, 0 stalled, 0 tiny-control
    parallel Picard: 4/4 proposals accepted, 0 fallbacks; 12/12 windows converged (11 map-certified), 148 map + 9 verify filters, 0 verification failures, 1.772 ms total; 0 partial slides, 152 committed steps, 0 reused guesses
    productive samples: rrtc 1/1 (100.0%), cbf 1/1 (100.0%)

solved: rrtc 3/4, cbf 3/4   median ms over 1 trials: rrtc 0.230, cbf 1.794 (0.13x)
path length over 3 goals both solved, radians: rrtc 13.455 -> 13.455, cbf 13.455 -> 13.455   cbf/rrtc before 1.00x, after 1.00x
0 audited states below the audited margin (cbf row)
