scene pillars   grid /home/ax-ml-ubu24/ompl/results/picard_sliding_benchmark/pillars.grid
field 155x155x158 nodes, voxel 0.0150 m, maxGradientNorm 1.7157
margin 0.0600, interpolation buffer 0.0150, guarded margin 0.0750
CBF kappa 19.800 /s, RRTConnect range 1.500 rad, min progress 0.10
retain partial CBF steering: on
rollout early termination: on, 40-call budget, 3 stalled steps
start barrier h = +0.0127 m

goal                         row     solved  seconds   wpts  audited   unsafe     min h   evals rad/call coarse selfcoll  min self     len0     len1    cut%  cutms
Info:    RRTConnect: Starting planning with 1 states already in datastructure
Info:    RRTConnect: Created 6 states (2 start + 4 goal)
Info:    RRTConnect: Starting planning with 1 states already in datastructure
Info:    RRTConnect: Created 6 states (2 start + 4 goal)
between_posts_right          rrtc       yes 0.000225      5      224        0   +0.0127     232        -      -        0   +0.0025    5.608    5.608    0.0%    0.0
                             cbf        yes 0.000223      5      257        0   +0.0127      66   0.0851    44%        0   +0.0025    5.613    5.613    0.0%    0.0
    cbf planner: 4 recorded / 4 rollouts (100.0%), 0 abandoned, 4 ledger-served, 66 filter calls
    rollout early stops: 0 budget, 0 stalled, 0 tiny-control
    productive samples: rrtc 1/1 (100.0%), cbf 1/1 (100.0%)
Info:    RRTConnect: Starting planning with 1 states already in datastructure
Info:    RRTConnect: Created 6 states (2 start + 4 goal)
Info:    RRTConnect: Starting planning with 1 states already in datastructure
Info:    RRTConnect: Created 6 states (2 start + 4 goal)
between_posts_left           rrtc       yes 0.000192      5      197        0   +0.0127     203        -      -        0   +0.0025    4.929    4.929    0.0%    0.0
                             cbf        yes 0.000082      5      218        0   +0.0127      42   0.1173    83%        0   +0.0025    4.929    4.929    0.0%    0.0
    cbf planner: 4 recorded / 4 rollouts (100.0%), 0 abandoned, 4 ledger-served, 42 filter calls
    rollout early stops: 0 budget, 0 stalled, 0 tiny-control
    productive samples: rrtc 1/1 (100.0%), cbf 1/1 (100.0%)
Info:    RRTConnect: Starting planning with 1 states already in datastructure
Info:    RRTConnect: Created 5 states (2 start + 3 goal)
Info:    RRTConnect: Starting planning with 1 states already in datastructure
Info:    RRTConnect: Created 5 states (2 start + 3 goal)
far_side_low                 rrtc       yes 0.000166      4      170        0   +0.0127     175        -      -        0   +0.0025    4.258    4.258    0.0%    0.0
                             cbf        yes 0.000145      4      211        0   +0.0127      70   0.0608    63%        0   +0.0025    4.258    4.258    0.0%    0.0
    cbf planner: 3 recorded / 3 rollouts (100.0%), 0 abandoned, 3 ledger-served, 70 filter calls
    rollout early stops: 1 budget, 0 stalled, 0 tiny-control
    productive samples: rrtc 1/1 (100.0%), cbf 1/1 (100.0%)
Info:    RRTConnect: Starting planning with 1 states already in datastructure
Info:    RRTConnect: Created 6 states (2 start + 4 goal)
Info:    RRTConnect: Starting planning with 1 states already in datastructure
Info:    RRTConnect: Created 6 states (2 start + 4 goal)
behind_the_field             rrtc       yes 0.000183      5      187        0   +0.0127     194        -      -        0   +0.0025    4.694    4.694    0.0%    0.0
                             cbf        yes 0.000138      5      221        0   +0.0127      67   0.0701    70%        0   +0.0025    4.694    4.694    0.0%    0.0
    cbf planner: 4 recorded / 4 rollouts (100.0%), 0 abandoned, 4 ledger-served, 67 filter calls
    rollout early stops: 0 budget, 0 stalled, 0 tiny-control
    productive samples: rrtc 1/1 (100.0%), cbf 1/1 (100.0%)

solved: rrtc 4/4, cbf 4/4   median ms over 1 trials: rrtc 0.192, cbf 0.145 (1.33x)
path length over 4 goals both solved, radians: rrtc 19.488 -> 19.488, cbf 19.494 -> 19.494   cbf/rrtc before 1.00x, after 1.00x
0 audited states below the audited margin (cbf row)
