scene pillars   grid /home/ax-ml-ubu24/ompl/results/picard_sliding_benchmark/pillars.grid
field 155x155x158 nodes, voxel 0.0150 m, maxGradientNorm 1.7157
margin 0.0600, interpolation buffer 0.0150, guarded margin 0.0750
CBF kappa 19.800 /s, RRTConnect range 1.500 rad, min progress 0.10
retain partial CBF steering: on
rollout early termination: on, 40-call budget, 3 stalled steps
start barrier h = +0.0127 m

goal                         row     solved  seconds   wpts  audited   unsafe     min h   evals rad/call coarse selfcoll  min self     len0     len1    cut%  cutms
Info:    RRTConnect: Starting planning with 1 states already in datastructure
Info:    RRTConnect: Created 8 states (2 start + 6 goal)
Info:    RRTConnect: Starting planning with 1 states already in datastructure
Info:    RRTConnect: Created 6 states (2 start + 4 goal)
between_posts_right          rrtc       yes 0.000214      5      212        0   +0.0127     218        -      -        0   +0.0025    5.308    5.308    0.0%    0.0
                             cbf        yes 0.000415      7      325        0   +0.0127     153   0.0398    20%        0   +0.0025    6.094    6.094    0.0%    0.0
    cbf planner: 6 recorded / 6 rollouts (100.0%), 0 abandoned, 6 ledger-served, 153 filter calls
    rollout early stops: 1 budget, 0 stalled, 0 tiny-control
    productive samples: rrtc 1/1 (100.0%), cbf 1/1 (100.0%)
Info:    RRTConnect: Starting planning with 1 states already in datastructure
Info:    RRTConnect: Created 6 states (2 start + 4 goal)
Info:    RRTConnect: Starting planning with 1 states already in datastructure
Info:    RRTConnect: Created 6 states (2 start + 4 goal)
between_posts_left           rrtc       yes 0.000209      5      219        0   +0.0127     225        -      -        0   +0.0025    5.477    5.477    0.0%    0.0
                             cbf        yes 0.000081      5      240        0   +0.0127      41   0.1336    88%        0   +0.0025    5.477    5.477    0.0%    0.0
    cbf planner: 4 recorded / 4 rollouts (100.0%), 0 abandoned, 4 ledger-served, 41 filter calls
    rollout early stops: 0 budget, 0 stalled, 0 tiny-control
    productive samples: rrtc 1/1 (100.0%), cbf 1/1 (100.0%)
Info:    RRTConnect: Starting planning with 1 states already in datastructure
Info:    RRTConnect: Created 6 states (2 start + 4 goal)
Info:    RRTConnect: Starting planning with 1 states already in datastructure
Info:    RRTConnect: Created 6 states (2 start + 4 goal)
far_side_low                 rrtc       yes 0.000194      5      198        0   +0.0127     205        -      -        0   +0.0025    4.954    4.954    0.0%    0.0
                             cbf        yes 0.000065      5      213        0   +0.0127      31   0.1598    81%        0   +0.0025    4.954    4.954    0.0%    0.0
    cbf planner: 4 recorded / 4 rollouts (100.0%), 0 abandoned, 4 ledger-served, 31 filter calls
    rollout early stops: 0 budget, 0 stalled, 0 tiny-control
    productive samples: rrtc 1/1 (100.0%), cbf 1/1 (100.0%)
Info:    RRTConnect: Starting planning with 1 states already in datastructure
Info:    RRTConnect: Created 6 states (2 start + 4 goal)
Info:    RRTConnect: Starting planning with 1 states already in datastructure
Info:    RRTConnect: Created 6 states (2 start + 4 goal)
behind_the_field             rrtc       yes 0.000205      5      214        0   +0.0127     220        -      -        0   +0.0025    5.363    5.363    0.0%    0.0
                             cbf        yes 0.000105      5      239        0   +0.0127      50   0.1073    98%        0   +0.0025    5.363    5.363    0.0%    0.0
    cbf planner: 4 recorded / 4 rollouts (100.0%), 0 abandoned, 4 ledger-served, 50 filter calls
    rollout early stops: 0 budget, 0 stalled, 0 tiny-control
    productive samples: rrtc 1/1 (100.0%), cbf 1/1 (100.0%)

solved: rrtc 4/4, cbf 4/4   median ms over 1 trials: rrtc 0.209, cbf 0.105 (1.99x)
path length over 4 goals both solved, radians: rrtc 21.102 -> 21.102, cbf 21.888 -> 21.888   cbf/rrtc before 1.04x, after 1.04x
0 audited states below the audited margin (cbf row)
