scene pillars   grid /home/ax-ml-ubu24/ompl/results/picard_sliding_benchmark/pillars.grid
field 155x155x158 nodes, voxel 0.0150 m, maxGradientNorm 1.7157
margin 0.0600, interpolation buffer 0.0150, guarded margin 0.0750
CBF kappa 19.800 /s, RRTConnect range 1.500 rad, min progress 0.10
retain partial CBF steering: on
rollout early termination: on, 40-call budget, 3 stalled steps
start barrier h = +0.0127 m

goal                         row     solved  seconds   wpts  audited   unsafe     min h   evals rad/call coarse selfcoll  min self     len0     len1    cut%  cutms
Info:    RRTConnect: Starting planning with 1 states already in datastructure
Info:    RRTConnect: Created 8 states (4 start + 4 goal)
Info:    RRTConnect: Starting planning with 1 states already in datastructure
Info:    RRTConnect: Created 9 states (4 start + 5 goal)
between_posts_right          rrtc       yes 0.000420      6      279        0   +0.0078     410        -      -        0   +0.0025    6.985    6.985    0.0%    0.0
                             cbf        yes 0.000530      7      360        0   +0.0127     182   0.0419    24%        0   +0.0025    7.233    7.233    0.0%    0.0
    cbf planner: 6 recorded / 7 rollouts (85.7%), 1 abandoned, 6 ledger-served, 182 filter calls
    rollout early stops: 3 budget, 0 stalled, 0 tiny-control
    productive samples: rrtc 3/5 (60.0%), cbf 2/2 (100.0%)
Info:    RRTConnect: Starting planning with 1 states already in datastructure
Info:    RRTConnect: Created 7 states (2 start + 5 goal)
Info:    RRTConnect: Starting planning with 1 states already in datastructure
Info:    RRTConnect: Created 7 states (2 start + 5 goal)
between_posts_left           rrtc       yes 0.000226      6      244        0   +0.0127     253        -      -        0   +0.0025    6.116    6.116    0.0%    0.0
                             cbf        yes 0.000095      6      266        0   +0.0127      44   0.1390    84%        0   +0.0025    6.116    6.116    0.0%    0.0
    cbf planner: 5 recorded / 5 rollouts (100.0%), 0 abandoned, 5 ledger-served, 44 filter calls
    rollout early stops: 0 budget, 0 stalled, 0 tiny-control
    productive samples: rrtc 1/1 (100.0%), cbf 1/1 (100.0%)
Info:    RRTConnect: Starting planning with 1 states already in datastructure
Info:    RRTConnect: Created 6 states (2 start + 4 goal)
Info:    RRTConnect: Starting planning with 1 states already in datastructure
Info:    RRTConnect: Created 6 states (2 start + 4 goal)
far_side_low                 rrtc       yes 0.000177      5      190        0   +0.0127     196        -      -        0   +0.0025    4.768    4.768    0.0%    0.0
                             cbf        yes 0.000095      5      214        0   +0.0127      46   0.1037    70%        0   +0.0025    4.768    4.768    0.0%    0.0
    cbf planner: 4 recorded / 4 rollouts (100.0%), 0 abandoned, 4 ledger-served, 46 filter calls
    rollout early stops: 0 budget, 0 stalled, 0 tiny-control
    productive samples: rrtc 1/1 (100.0%), cbf 1/1 (100.0%)
Info:    RRTConnect: Starting planning with 1 states already in datastructure
Info:    RRTConnect: Created 6 states (2 start + 4 goal)
Info:    RRTConnect: Starting planning with 1 states already in datastructure
Info:    RRTConnect: Created 6 states (2 start + 4 goal)
behind_the_field             rrtc       yes 0.000173      5      184        0   +0.0127     190        -      -        0   +0.0025    4.604    4.604    0.0%    0.0
                             cbf        yes 0.000150      5      222        0   +0.0127      71   0.0648    61%        0   +0.0025    4.604    4.604    0.0%    0.0
    cbf planner: 4 recorded / 4 rollouts (100.0%), 0 abandoned, 4 ledger-served, 71 filter calls
    rollout early stops: 0 budget, 0 stalled, 0 tiny-control
    productive samples: rrtc 1/1 (100.0%), cbf 1/1 (100.0%)

solved: rrtc 4/4, cbf 4/4   median ms over 1 trials: rrtc 0.226, cbf 0.150 (1.51x)
path length over 4 goals both solved, radians: rrtc 22.474 -> 22.474, cbf 22.722 -> 22.722   cbf/rrtc before 1.01x, after 1.01x
0 audited states below the audited margin (cbf row)
