scene pillars   grid /home/ax-ml-ubu24/ompl/results/picard_sliding_benchmark/pillars.grid
field 155x155x158 nodes, voxel 0.0150 m, maxGradientNorm 1.7157
margin 0.0600, interpolation buffer 0.0150, guarded margin 0.0750
CBF kappa 19.800 /s, RRTConnect range 1.500 rad, min progress 0.10
retain partial CBF steering: on
rollout early termination: on, 40-call budget, 3 stalled steps
parallel Picard on: 2 iterations, 16-step windows, 4 workers
start barrier h = +0.0127 m

goal                         row     solved  seconds   wpts  audited   unsafe     min h   evals rad/call coarse selfcoll  min self     len0     len1    cut%  cutms
Info:    RRTConnect: Starting planning with 1 states already in datastructure
Info:    RRTConnect: Created 7 states (2 start + 5 goal)
Info:    RRTConnect: Starting planning with 1 states already in datastructure
Info:    RRTConnect: Created 7 states (2 start + 5 goal)
between_posts_right          rrtc       yes 0.000262      6      262        0   +0.0127     271        -      -        0   +0.0025    6.551    6.551    0.0%    0.0
                             cbf        yes 0.001816      6      383        0   +0.0127     208   0.0315     0%        0   +0.0025    6.551    6.551    0.0%    0.0
    cbf planner: 5 recorded / 5 rollouts (100.0%), 0 abandoned, 5 ledger-served, 208 filter calls
    rollout early stops: 0 budget, 0 stalled, 0 tiny-control
    parallel Picard: 5/5 proposals accepted, 0 fallbacks; 14/14 windows converged (13 map-certified), 187 map + 16 verify filters, 0 verification failures, 1.760 ms total; 0 partial slides, 192 committed steps, 0 reused guesses
    productive samples: rrtc 1/1 (100.0%), cbf 1/1 (100.0%)
Info:    RRTConnect: Starting planning with 1 states already in datastructure
Info:    RRTConnect: Created 7 states (2 start + 5 goal)
Info:    RRTConnect: Starting planning with 1 states already in datastructure
Info:    RRTConnect: Created 6 states (2 start + 4 goal)
between_posts_left           rrtc       yes 0.000217      5      214        0   +0.0127     222        -      -        0   +0.0025    5.361    5.361    0.0%    0.0
                             cbf        yes 0.000362      6      290        0   +0.0127     161   0.0351     0%        0   +0.0025    5.646    5.646    0.0%    0.0
    cbf planner: 5 recorded / 5 rollouts (100.0%), 0 abandoned, 5 ledger-served, 161 filter calls
    rollout early stops: 0 budget, 0 stalled, 0 tiny-control
    parallel Picard: 4/5 proposals accepted, 1 fallbacks; 11/15 windows converged (15 map-certified), 156 map + 0 verify filters, 0 verification failures, 0.351 ms total; 4 partial slides, 146 committed steps, 14 reused guesses
    productive samples: rrtc 1/3 (33.3%), cbf 1/1 (100.0%)
Info:    RRTConnect: Starting planning with 1 states already in datastructure
Info:    RRTConnect: Created 5 states (2 start + 3 goal)
Info:    RRTConnect: Starting planning with 1 states already in datastructure
Info:    RRTConnect: Created 5 states (2 start + 3 goal)
far_side_low                 rrtc       yes 0.000171      4      176        0   +0.0127     181        -      -        0   +0.0025    4.408    4.408    0.0%    0.0
                             cbf        yes 0.000299      4      275        0   +0.0127     138   0.0319     0%        0   +0.0025    4.408    4.408    0.0%    0.0
    cbf planner: 3 recorded / 3 rollouts (100.0%), 0 abandoned, 3 ledger-served, 138 filter calls
    rollout early stops: 0 budget, 0 stalled, 0 tiny-control
    parallel Picard: 3/3 proposals accepted, 0 fallbacks; 10/10 windows converged (10 map-certified), 135 map + 0 verify filters, 0 verification failures, 0.292 ms total; 0 partial slides, 138 committed steps, 0 reused guesses
    productive samples: rrtc 1/1 (100.0%), cbf 1/1 (100.0%)
Info:    RRTConnect: Starting planning with 1 states already in datastructure
Info:    RRTConnect: Created 6 states (2 start + 4 goal)
Info:    RRTConnect: Starting planning with 1 states already in datastructure
Info:    RRTConnect: Created 6 states (2 start + 4 goal)
behind_the_field             rrtc       yes 0.000205      5      208        0   +0.0127     215        -      -        0   +0.0025    5.224    5.224    0.0%    0.0
                             cbf        yes 0.000441      5      314        0   +0.0127     158   0.0331     0%        0   +0.0025    5.224    5.224    0.0%    0.0
    cbf planner: 4 recorded / 4 rollouts (100.0%), 0 abandoned, 4 ledger-served, 158 filter calls
    rollout early stops: 0 budget, 0 stalled, 0 tiny-control
    parallel Picard: 4/4 proposals accepted, 0 fallbacks; 13/13 windows converged (13 map-certified), 154 map + 0 verify filters, 0 verification failures, 0.434 ms total; 0 partial slides, 158 committed steps, 0 reused guesses
    productive samples: rrtc 1/1 (100.0%), cbf 1/1 (100.0%)

solved: rrtc 4/4, cbf 4/4   median ms over 1 trials: rrtc 0.217, cbf 0.441 (0.49x)
path length over 4 goals both solved, radians: rrtc 21.544 -> 21.544, cbf 21.829 -> 21.829   cbf/rrtc before 1.01x, after 1.01x
0 audited states below the audited margin (cbf row)
