scene shelf   grid /home/ax-ml-ubu24/ompl/results/picard_sliding_benchmark/shelf.grid
field 155x155x158 nodes, voxel 0.0150 m, maxGradientNorm 1.6668
margin 0.0600, interpolation buffer 0.0150, guarded margin 0.0750
CBF kappa 19.800 /s, RRTConnect range 1.500 rad, min progress 0.10
retain partial CBF steering: on
rollout early termination: on, 40-call budget, 3 stalled steps
start barrier h = +0.0127 m

goal                         row     solved  seconds   wpts  audited   unsafe     min h   evals rad/call coarse selfcoll  min self     len0     len1    cut%  cutms
Info:    RRTConnect: Starting planning with 1 states already in datastructure
Info:    RRTConnect: Created 35 states (22 start + 13 goal)
Info:    RRTConnect: Starting planning with 1 states already in datastructure
Info:    RRTConnect: Created 33 states (29 start + 4 goal)
lower_bay_left               rrtc       yes 0.002270     10      534        0   +0.0042    2182        -      -        0   +0.0025   13.361   13.361    0.0%    0.0
                             cbf        yes 0.003629     12      668        0   +0.0008    1247   0.0276     4%        0   +0.0025   11.782   11.782    0.0%    0.0
    cbf planner: 33 recorded / 56 rollouts (58.9%), 23 abandoned, 33 ledger-served, 1247 filter calls
    rollout early stops: 12 budget, 9 stalled, 0 tiny-control
    productive samples: rrtc 29/218 (13.3%), cbf 18/24 (75.0%)
    ! barrier mismatch at goal: exporter +0.0052, here +0.0201
Info:    RRTConnect: Starting planning with 1 states already in datastructure
Info:    RRTConnect: Created 14 states (9 start + 5 goal)
Info:    RRTConnect: Starting planning with 1 states already in datastructure
Info:    RRTConnect: Created 36 states (33 start + 3 goal)
lower_bay_right              rrtc       yes 0.002374      6      268        0   +0.0127    2411        -      -        0   +0.0025    6.717    6.717    0.0%    0.0
                             cbf        yes 0.001410      9      473        7   -0.0090     534   0.0317     8%        0   +0.0025    8.426    8.426    0.0%    0.0
    cbf planner: 12 recorded / 17 rollouts (70.6%), 5 abandoned, 12 ledger-served, 534 filter calls
    rollout early stops: 5 budget, 1 stalled, 0 tiny-control
    productive samples: rrtc 31/212 (14.6%), cbf 5/6 (83.3%)
    ! barrier mismatch at goal: exporter +0.0049, here +0.0199
Info:    RRTConnect: Starting planning with 1 states already in datastructure
Info:    RRTConnect: Created 7 states (2 start + 5 goal)
Info:    RRTConnect: Starting planning with 1 states already in datastructure
Info:    RRTConnect: Created 25 states (21 start + 4 goal)
upper_bay_left               rrtc       yes 0.001555     10      537        0   +0.0010    1623        -      -        0   +0.0025   13.435   13.435    0.0%    0.0
                             cbf        yes 0.000364      6      315        0   +0.0124     152   0.0391    16%        0   +0.0025    5.938    5.938    0.0%    0.0
    cbf planner: 5 recorded / 5 rollouts (100.0%), 0 abandoned, 5 ledger-served, 152 filter calls
    rollout early stops: 3 budget, 0 stalled, 0 tiny-control
    productive samples: rrtc 21/137 (15.3%), cbf 1/1 (100.0%)
    ! barrier mismatch at goal: exporter +0.0049, here +0.0192
Info:    RRTConnect: Starting planning with 1 states already in datastructure
Info:    RRTConnect: Created 7 states (2 start + 5 goal)
Info:    RRTConnect: Starting planning with 1 states already in datastructure
Info:    RRTConnect: Created 11 states (9 start + 2 goal)
upper_bay_right              rrtc       yes 0.000514      7      312        0   +0.0127     540        -      -        0   +0.0025    7.810    7.810    0.0%    0.0
                             cbf        yes 0.000354      6      335        0   +0.0127     150   0.0439    23%        0   +0.0025    6.578    6.578    0.0%    0.0
    cbf planner: 5 recorded / 5 rollouts (100.0%), 0 abandoned, 5 ledger-served, 150 filter calls
    rollout early stops: 1 budget, 0 stalled, 0 tiny-control
    productive samples: rrtc 7/16 (43.8%), cbf 1/1 (100.0%)
    ! barrier mismatch at goal: exporter +0.0049, here +0.0192

solved: rrtc 4/4, cbf 4/4   median ms over 1 trials: rrtc 2.270, cbf 1.410 (1.61x)
path length over 4 goals both solved, radians: rrtc 41.323 -> 41.323, cbf 32.724 -> 32.724   cbf/rrtc before 0.79x, after 0.79x
7 audited states below the audited margin (cbf row)
