scene shelf   grid /home/ax-ml-ubu24/ompl/results/picard_sliding_benchmark/shelf.grid
field 155x155x158 nodes, voxel 0.0150 m, maxGradientNorm 1.6668
margin 0.0600, interpolation buffer 0.0150, guarded margin 0.0750
CBF kappa 19.800 /s, RRTConnect range 1.500 rad, min progress 0.10
retain partial CBF steering: on
rollout early termination: on, 40-call budget, 3 stalled steps
parallel Picard on: 2 iterations, 16-step windows, 4 workers
start barrier h = +0.0127 m

goal                         row     solved  seconds   wpts  audited   unsafe     min h   evals rad/call coarse selfcoll  min self     len0     len1    cut%  cutms
Info:    RRTConnect: Starting planning with 1 states already in datastructure
Info:    RRTConnect: Created 12 states (6 start + 6 goal)
Info:    RRTConnect: Starting planning with 1 states already in datastructure
Info:    RRTConnect: Created 66 states (59 start + 7 goal)
lower_bay_left               rrtc       yes 0.004709     11      518        0   +0.0068    4524        -      -        0   +0.0025   12.972   12.972    0.0%    0.0
                             cbf        yes 0.014214      9      487        0   +0.0127    4492   0.0025     0%        0   +0.0025    7.906    7.906    0.0%    0.0
    cbf planner: 10 recorded / 12 rollouts (83.3%), 2 abandoned, 10 ledger-served, 4492 filter calls
    rollout early stops: 0 budget, 0 stalled, 0 tiny-control
    parallel Picard: 11/12 proposals accepted, 1 fallbacks; 16/328 windows converged (322 map-certified), 4447 map + 32 verify filters, 0 verification failures, 14.142 ms total; 312 partial slides, 442 committed steps, 3888 reused guesses
    productive samples: rrtc 61/561 (10.9%), cbf 3/3 (100.0%)
    ! barrier mismatch at goal: exporter +0.0052, here +0.0201
Info:    RRTConnect: Starting planning with 1 states already in datastructure
Info:    RRTConnect: Created 15 states (9 start + 6 goal)
Info:    RRTConnect: Starting planning with 1 states already in datastructure
Info:    RRTConnect: Created 97 states (92 start + 5 goal)
lower_bay_right              rrtc       yes 0.007011     11      544        0   +0.0012    6965        -      -        0   +0.0025   13.608   13.608    0.0%    0.0
                             cbf        yes 0.006329      8      494        0   +0.0061    3168   0.0039     0%        0   +0.0025    8.381    8.381    0.0%    0.0
    cbf planner: 13 recorded / 15 rollouts (86.7%), 2 abandoned, 13 ledger-served, 3168 filter calls
    rollout early stops: 1 budget, 0 stalled, 0 tiny-control
    parallel Picard: 10/15 proposals accepted, 5 fallbacks; 18/218 windows converged (212 map-certified), 3047 map + 37 verify filters, 2 verification failures, 6.102 ms total; 198 partial slides, 401 committed steps, 2498 reused guesses
    productive samples: rrtc 93/708 (13.1%), cbf 3/3 (100.0%)
    ! barrier mismatch at goal: exporter +0.0049, here +0.0199
Info:    RRTConnect: Starting planning with 1 states already in datastructure
Info:    RRTConnect: Created 19 states (8 start + 11 goal)
Info:    RRTConnect: Starting planning with 1 states already in datastructure
Info:    RRTConnect: Created 15 states (12 start + 3 goal)
upper_bay_left               rrtc       yes 0.000828      6      262        0   +0.0099     852        -      -        0   +0.0025    6.574    6.574    0.0%    0.0
                             cbf        yes 0.013166     12      670        0   +0.0095    7621   0.0022     0%        0   +0.0025   11.798   11.798    0.0%    0.0
    cbf planner: 17 recorded / 22 rollouts (77.3%), 5 abandoned, 17 ledger-served, 7621 filter calls
    rollout early stops: 1 budget, 0 stalled, 0 tiny-control
    parallel Picard: 17/22 proposals accepted, 5 fallbacks; 21/573 windows converged (560 map-certified), 7501 map + 58 verify filters, 1 verification failures, 13.041 ms total; 552 partial slides, 679 committed steps, 6621 reused guesses
    productive samples: rrtc 10/52 (19.2%), cbf 5/6 (83.3%)
    ! barrier mismatch at goal: exporter +0.0049, here +0.0192
Info:    RRTConnect: Starting planning with 1 states already in datastructure
Info:    RRTConnect: Created 12 states (8 start + 4 goal)
Info:    RRTConnect: Starting planning with 1 states already in datastructure
Info:    RRTConnect: Created 15 states (13 start + 2 goal)
upper_bay_right              rrtc       yes 0.000915      7      344        0   +0.0053     932        -      -        0   +0.0025    8.609    8.609    0.0%    0.0
                             cbf        yes 0.005358     11      450        0   +0.0010    2334   0.0032     0%        0   +0.0025    7.003    7.003    0.0%    0.0
    cbf planner: 10 recorded / 11 rollouts (90.9%), 1 abandoned, 10 ledger-served, 2334 filter calls
    rollout early stops: 1 budget, 0 stalled, 0 tiny-control
    parallel Picard: 6/11 proposals accepted, 5 fallbacks; 11/173 windows converged (166 map-certified), 2240 map + 43 verify filters, 1 verification failures, 5.228 ms total; 161 partial slides, 287 committed steps, 1888 reused guesses
    productive samples: rrtc 11/76 (14.5%), cbf 2/2 (100.0%)
    ! barrier mismatch at goal: exporter +0.0049, here +0.0192

solved: rrtc 4/4, cbf 4/4   median ms over 1 trials: rrtc 4.709, cbf 13.166 (0.36x)
path length over 4 goals both solved, radians: rrtc 41.763 -> 41.763, cbf 35.087 -> 35.087   cbf/rrtc before 0.84x, after 0.84x
0 audited states below the audited margin (cbf row)
