scene shelf   grid /home/ax-ml-ubu24/ompl/results/picard_sliding_benchmark/shelf.grid
field 155x155x158 nodes, voxel 0.0150 m, maxGradientNorm 1.6668
margin 0.0600, interpolation buffer 0.0150, guarded margin 0.0750
CBF kappa 19.800 /s, RRTConnect range 1.500 rad, min progress 0.10
retain partial CBF steering: on
rollout early termination: on, 40-call budget, 3 stalled steps
parallel Picard on: 2 iterations, 16-step windows, 4 workers
start barrier h = +0.0127 m

goal                         row     solved  seconds   wpts  audited   unsafe     min h   evals rad/call coarse selfcoll  min self     len0     len1    cut%  cutms
Info:    RRTConnect: Starting planning with 1 states already in datastructure
Info:    RRTConnect: Created 34 states (21 start + 13 goal)
Info:    RRTConnect: Starting planning with 1 states already in datastructure
Info:    RRTConnect: Created 33 states (29 start + 4 goal)
lower_bay_left               rrtc       yes 0.002283     10      534        0   +0.0042    2182        -      -        0   +0.0025   13.361   13.361    0.0%    0.0
                             cbf        yes 0.032801     10      644        0   +0.0127   17695   0.0021     0%        0   +0.0025   11.487   11.487    0.0%    0.0
    cbf planner: 32 recorded / 55 rollouts (58.2%), 23 abandoned, 32 ledger-served, 17695 filter calls
    rollout early stops: 1 budget, 0 stalled, 0 tiny-control
    parallel Picard: 39/55 proposals accepted, 16 fallbacks; 50/1324 windows converged (1314 map-certified), 17421 map + 57 verify filters, 4 verification failures, 32.224 ms total; 1271 partial slides, 1527 committed steps, 15298 reused guesses
    productive samples: rrtc 29/218 (13.3%), cbf 18/24 (75.0%)
    ! barrier mismatch at goal: exporter +0.0052, here +0.0201
Info:    RRTConnect: Starting planning with 1 states already in datastructure
Info:    RRTConnect: Created 11 states (8 start + 3 goal)
Info:    RRTConnect: Starting planning with 1 states already in datastructure
Info:    RRTConnect: Created 36 states (33 start + 3 goal)
lower_bay_right              rrtc       yes 0.002389      6      268        0   +0.0127    2411        -      -        0   +0.0025    6.717    6.717    0.0%    0.0
                             cbf        yes 0.003858      9      316        0   +0.0107    2192   0.0035     0%        0   +0.0025    5.330    5.330    0.0%    0.0
    cbf planner: 9 recorded / 10 rollouts (90.0%), 1 abandoned, 9 ledger-served, 2192 filter calls
    rollout early stops: 0 budget, 0 stalled, 0 tiny-control
    parallel Picard: 9/10 proposals accepted, 1 fallbacks; 14/182 windows converged (182 map-certified), 2180 map + 0 verify filters, 0 verification failures, 3.839 ms total; 168 partial slides, 278 committed steps, 1842 reused guesses
    productive samples: rrtc 31/212 (14.6%), cbf 2/2 (100.0%)
    ! barrier mismatch at goal: exporter +0.0049, here +0.0199
Info:    RRTConnect: Starting planning with 1 states already in datastructure
Info:    RRTConnect: Created 7 states (2 start + 5 goal)
Info:    RRTConnect: Starting planning with 1 states already in datastructure
Info:    RRTConnect: Created 25 states (21 start + 4 goal)
upper_bay_left               rrtc       yes 0.001578     10      537        0   +0.0010    1623        -      -        0   +0.0025   13.435   13.435    0.0%    0.0
                             cbf        yes 0.002798      6      352        0   +0.0124    1734   0.0034     0%        0   +0.0025    5.982    5.982    0.0%    0.0
    cbf planner: 5 recorded / 5 rollouts (100.0%), 0 abandoned, 5 ledger-served, 1734 filter calls
    rollout early stops: 0 budget, 0 stalled, 0 tiny-control
    parallel Picard: 5/5 proposals accepted, 0 fallbacks; 9/120 windows converged (117 map-certified), 1698 map + 31 verify filters, 0 verification failures, 2.789 ms total; 111 partial slides, 213 committed steps, 1442 reused guesses
    productive samples: rrtc 21/137 (15.3%), cbf 1/1 (100.0%)
    ! barrier mismatch at goal: exporter +0.0049, here +0.0192
Info:    RRTConnect: Starting planning with 1 states already in datastructure
Info:    RRTConnect: Created 7 states (2 start + 5 goal)
Info:    RRTConnect: Starting planning with 1 states already in datastructure
Info:    RRTConnect: Created 11 states (9 start + 2 goal)
upper_bay_right              rrtc       yes 0.000537      7      312        0   +0.0127     540        -      -        0   +0.0025    7.810    7.810    0.0%    0.0
                             cbf        yes 0.002701      6      362        0   +0.0127    1314   0.0050     0%        0   +0.0025    6.590    6.590    0.0%    0.0
    cbf planner: 5 recorded / 5 rollouts (100.0%), 0 abandoned, 5 ledger-served, 1314 filter calls
    rollout early stops: 0 budget, 0 stalled, 0 tiny-control
    parallel Picard: 5/5 proposals accepted, 0 fallbacks; 10/94 windows converged (91 map-certified), 1275 map + 34 verify filters, 0 verification failures, 2.690 ms total; 84 partial slides, 205 committed steps, 1043 reused guesses
    productive samples: rrtc 7/16 (43.8%), cbf 1/1 (100.0%)
    ! barrier mismatch at goal: exporter +0.0049, here +0.0192

solved: rrtc 4/4, cbf 4/4   median ms over 1 trials: rrtc 2.283, cbf 3.858 (0.59x)
path length over 4 goals both solved, radians: rrtc 41.323 -> 41.323, cbf 29.390 -> 29.390   cbf/rrtc before 0.71x, after 0.71x
0 audited states below the audited margin (cbf row)
