scene wall_gap   grid /home/ax-ml-ubu24/ompl/results/picard_sliding_benchmark/wall_gap.grid
field 155x155x158 nodes, voxel 0.0150 m, maxGradientNorm 1.6590
margin 0.0600, interpolation buffer 0.0150, guarded margin 0.0750
CBF kappa 19.800 /s, RRTConnect range 1.500 rad, min progress 0.10
retain partial CBF steering: on
rollout early termination: on, 40-call budget, 3 stalled steps
start barrier h = +0.0127 m

goal                         row     solved  seconds   wpts  audited   unsafe     min h   evals rad/call coarse selfcoll  min self     len0     len1    cut%  cutms
Info:    RRTConnect: Starting planning with 1 states already in datastructure
Info:    RRTConnect: Created 6644 states (4651 start + 1993 goal)
Info:    ProblemDefinition: Adding approximate solution from planner RRTConnect
Info:    RRTConnect: Starting planning with 1 states already in datastructure
Info:    RRTConnect: Created 13239 states (12171 start + 1068 goal)
Info:    ProblemDefinition: Adding approximate solution from planner RRTConnect
beyond_offset_right          rrtc        no 2.000029     12      659        0   +0.0000  708721        -      -        0   +0.0000   16.475   16.475    0.0%    0.0
                             cbf         no 2.000139     10      497        0   +0.0000  717070   0.0122     1%        0   +0.0000    7.728    7.728    0.0%    0.0
    cbf planner: 6642 recorded / 20245 rollouts (32.8%), 13603 abandoned, 6642 ledger-served, 717070 filter calls
    rollout early stops: 14138 budget, 2841 stalled, 11 tiny-control
    productive samples: rrtc 13237/260283 (5.1%), cbf 6002/13603 (44.1%)
Info:    RRTConnect: Starting planning with 1 states already in datastructure
Info:    RRTConnect: Created 6638 states (4621 start + 2017 goal)
Info:    ProblemDefinition: Adding approximate solution from planner RRTConnect
Info:    RRTConnect: Starting planning with 1 states already in datastructure
Info:    RRTConnect: Created 12866 states (11786 start + 1080 goal)
Info:    ProblemDefinition: Adding approximate solution from planner RRTConnect
beyond_offset_left           rrtc        no 2.000034     14      741        0   +0.0000  695442        -      -        0   +0.0000   18.541   18.541    0.0%    0.0
                             cbf         no 2.000128     12      639        0   +0.0000  721574   0.0122     1%        0   +0.0000   10.237   10.237    0.0%    0.0
    cbf planner: 6636 recorded / 20289 rollouts (32.7%), 13653 abandoned, 6636 ledger-served, 721574 filter calls
    rollout early stops: 14340 budget, 2701 stalled, 2 tiny-control
    productive samples: rrtc 12864/257379 (5.0%), cbf 6007/13653 (44.0%)

solved: rrtc 0/2, cbf 0/2   median ms over 1 trials: rrtc 2000.034, cbf 2000.139 (1.00x)
0 audited states below the audited margin (cbf row)
