scene wall_gap   grid /home/ax-ml-ubu24/ompl/results/picard_sliding_benchmark/wall_gap.grid
field 155x155x158 nodes, voxel 0.0150 m, maxGradientNorm 1.6590
margin 0.0600, interpolation buffer 0.0150, guarded margin 0.0750
CBF kappa 19.800 /s, RRTConnect range 1.500 rad, min progress 0.10
retain partial CBF steering: on
rollout early termination: on, 40-call budget, 3 stalled steps
start barrier h = +0.0127 m

goal                         row     solved  seconds   wpts  audited   unsafe     min h   evals rad/call coarse selfcoll  min self     len0     len1    cut%  cutms
Info:    RRTConnect: Starting planning with 1 states already in datastructure
Info:    RRTConnect: Created 6645 states (4667 start + 1978 goal)
Info:    ProblemDefinition: Adding approximate solution from planner RRTConnect
Info:    RRTConnect: Starting planning with 1 states already in datastructure
Info:    RRTConnect: Created 13001 states (11937 start + 1064 goal)
Info:    ProblemDefinition: Adding approximate solution from planner RRTConnect
beyond_offset_right          rrtc        no 2.000014     12      536        0   +0.0000  697189        -      -        0   +0.0000   13.409   13.409    0.0%    0.0
                             cbf         no 2.000168     11      467        0   +0.0000  715283   0.0122     1%        0   +0.0000    7.174    7.174    0.0%    0.0
    cbf planner: 6643 recorded / 20140 rollouts (33.0%), 13497 abandoned, 6643 ledger-served, 715283 filter calls
    rollout early stops: 14179 budget, 2713 stalled, 5 tiny-control
    productive samples: rrtc 12999/254559 (5.1%), cbf 6016/13497 (44.6%)
Info:    RRTConnect: Starting planning with 1 states already in datastructure
Info:    RRTConnect: Created 6648 states (4671 start + 1977 goal)
Info:    ProblemDefinition: Adding approximate solution from planner RRTConnect
Info:    RRTConnect: Starting planning with 1 states already in datastructure
Info:    RRTConnect: Created 13158 states (12069 start + 1089 goal)
Info:    ProblemDefinition: Adding approximate solution from planner RRTConnect
beyond_offset_left           rrtc        no 2.000012     13      668        0   +0.0000  704956        -      -        0   +0.0000   16.721   16.721    0.0%    0.0
                             cbf         no 2.000085     11      526        0   +0.0000  722015   0.0121     1%        0   +0.0000    8.357    8.357    0.0%    0.0
    cbf planner: 6646 recorded / 20341 rollouts (32.7%), 13695 abandoned, 6646 ledger-served, 722015 filter calls
    rollout early stops: 14352 budget, 2791 stalled, 6 tiny-control
    productive samples: rrtc 13156/256874 (5.1%), cbf 6038/13695 (44.1%)

solved: rrtc 0/2, cbf 0/2   median ms over 1 trials: rrtc 2000.014, cbf 2000.168 (1.00x)
0 audited states below the audited margin (cbf row)
