
MotionBenchMaker UR5, 689 problems loaded, up to 100 per scene
voxel 0.003 m, margin 0.0000 m + 0.0000 m filter buffer, stepSize 0.001 s, range 2.00 rad, 10.0 s limit

hop certificates: old L1 Lipschitz region and new hold-time bound
Picard: off; trajectory prefixes: 0; sequential rollout budget: 10000 calls
kappa 20.00 /s, certified step uncapped, self-collision margin 0.0000 m over 302 pairs
baseline segment: 0.000650 of extent = 0.0100 rad, rollout step 0.0100 rad (matched to the rollout)
rope shortcut off, all rows unsimplified

seed 1
  planner       solved ms(min/med/max)        samples vertices     path rad/call coarse  worst clr unsafe/audited missed worst self collide

bookshelf_small  (4 problems, 0 skipped: 0 clearance, 0 self-collision)
  rrtconnect    4/4       3.02/20.05/900.68        5145       28    10.41        -      -     0.0021      0/1933         0     0.0025       0
      primary samples 120, productive 23 (19.2%), vertices/sample 0.714
  qp-fixed      4/4       3.86/15.45/46.74         1086       10    10.79   0.0138     0%     0.0002      0/3197         0     0.0025       0
      primary samples 2, productive 2 (100.0%), vertices/sample 5.000
      qp 264.6 rows/call, 75% of calls reached the solver, 5331 calls
      gate 0.0% of calls refused, 75.2% repaired, 0 refused / 3975 repaired
  qp-plain      4/4       4.25/15.70/49.19         1086       10    10.79   0.0138     0%     0.0002      0/3197         0     0.0025       0
      primary samples 2, productive 2 (100.0%), vertices/sample 5.000
      qp 342.0 rows/call, 100% of calls reached the solver, 5331 calls
      gate 0.0% of calls refused, 75.2% repaired, 0 refused / 3975 repaired
  qp-adapt      4/4       0.67/10.11/29.48          777       10    10.80   0.0290    61%     0.0002      0/2798         0     0.0025       0
      primary samples 2, productive 2 (100.0%), vertices/sample 5.000
      qp 271.1 rows/call, 95% of calls reached the solver, 3189 calls
      gate 0.0% of calls refused, 95.0% repaired, 0 refused / 3020 repaired
  qp-free       4/4       8.05/364.81/1630.77      43785      389    13.30   0.0145     0%     0.0035      0/4163         0     0.0025       0
      primary samples 2036, productive 382 (18.8%), vertices/sample 0.556
      qp 298.4 rows/call, 0% of calls reached the solver, 238913 calls
      gate 5.1% of calls refused, 0.0% repaired, 14664 refused / 0 repaired
  free-env      4/4       1.03/11.42/251.24         704       92    12.02   0.2262    64%     0.0035      0/2760         0     0.0025       0
      primary samples 347, productive 86 (24.8%), vertices/sample 0.556
      qp 302.4 rows/call, 0% of calls reached the solver, 16555 calls
      gate 55.8% of calls refused, 0.0% repaired, 11536 refused / 0 repaired
  qp-env        4/4       0.36/6.28/22.54          404       11    10.89   0.0931    66%     0.0001      0/2476         0     0.0025       0
      primary samples 2, productive 2 (100.0%), vertices/sample 5.500
      qp 267.0 rows/call, 98% of calls reached the solver, 2015 calls
      gate 0.0% of calls refused, 97.5% repaired, 0 refused / 1961 repaired
  vamp-rrtc     4/4       0.04/0.29/31.24         6512       30    10.41        -      -     0.0021      0/2104         0     0.0025       0
      primary samples 0, productive 0 (0.0%), vertices/sample 0.000

bookshelf_tall  (4 problems, 0 skipped: 0 clearance, 0 self-collision)
  rrtconnect    4/4      10.09/191.11/235.88       23031      119    13.80        -      -     0.0004      0/3176         0     0.0025       0
      primary samples 659, productive 116 (17.6%), vertices/sample 0.354
  qp-fixed      4/4       8.88/14.29/43.50          695        7     8.33   0.0120     0%     0.0004      0/2854         0     0.0006       0
      primary samples 1, productive 1 (100.0%), vertices/sample 7.000
      qp 282.7 rows/call, 65% of calls reached the solver, 3725 calls
      gate 0.0% of calls refused, 65.1% repaired, 0 refused / 2299 repaired
  qp-plain      4/4       9.27/14.32/43.89          695        7     8.33   0.0120     0%     0.0004      0/2854         0     0.0006       0
      primary samples 1, productive 1 (100.0%), vertices/sample 7.000
      qp 342.0 rows/call, 100% of calls reached the solver, 3725 calls
      gate 0.0% of calls refused, 65.1% repaired, 0 refused / 2299 repaired
  qp-adapt      4/4       2.32/7.74/13.21          366        7     8.33   0.0324    32%     0.0004      0/2278         0     0.0006       0
      primary samples 1, productive 1 (100.0%), vertices/sample 7.000
      qp 296.0 rows/call, 89% of calls reached the solver, 1412 calls
      gate 0.0% of calls refused, 88.9% repaired, 0 refused / 1250 repaired
  qp-free       4/4      28.02/436.93/1157.29      36740      341    18.10   0.0134     0%     0.0036      0/4798         0     0.0025       0
      primary samples 1468, productive 337 (23.0%), vertices/sample 0.227
      qp 299.8 rows/call, 0% of calls reached the solver, 141198 calls
      gate 4.4% of calls refused, 0.0% repaired, 7121 refused / 0 repaired
  free-env      4/4       4.33/61.17/185.16        2507      366    29.28   0.2056    38%     0.0036      0/5335         0     0.0025       0
      primary samples 1381, productive 358 (25.9%), vertices/sample 0.256
      qp 303.4 rows/call, 0% of calls reached the solver, 11451 calls
      gate 61.7% of calls refused, 0.0% repaired, 7311 refused / 0 repaired
  qp-env        4/4       0.87/4.52/12.36          213        7     8.33   0.0470    33%     0.0004      0/2256         0     0.0006       0
      primary samples 1, productive 1 (100.0%), vertices/sample 7.000
      qp 295.6 rows/call, 95% of calls reached the solver, 1009 calls
      gate 0.0% of calls refused, 94.9% repaired, 0 refused / 952 repaired
  vamp-rrtc     4/4       0.12/2.20/2.74         28344      128    13.80        -      -     0.0004      0/3073         0     0.0025       0
      primary samples 0, productive 0 (0.0%), vertices/sample 0.000

bookshelf_thin  (4 problems, 0 skipped: 0 clearance, 0 self-collision)
  rrtconnect    4/4      25.70/59.78/155.11        5951       30    16.09        -      -     0.0011      0/3111         0     0.0013       0
      primary samples 140, productive 26 (18.6%), vertices/sample 0.338
  qp-fixed      4/4      15.99/38.53/38.61         1464       10    11.31   0.0130     0%     0.0001      0/3399         0     0.0003       0
      primary samples 2, productive 2 (100.0%), vertices/sample 8.000
      qp 271.9 rows/call, 62% of calls reached the solver, 4303 calls
      gate 0.0% of calls refused, 62.3% repaired, 0 refused / 3086 repaired
  qp-plain      4/4      16.44/38.94/40.84         1464       10    11.31   0.0130     0%     0.0001      0/3399         0     0.0003       0
      primary samples 2, productive 2 (100.0%), vertices/sample 8.000
      qp 342.0 rows/call, 100% of calls reached the solver, 4303 calls
      gate 0.0% of calls refused, 62.3% repaired, 0 refused / 3086 repaired
  qp-adapt      4/4       7.02/19.83/23.94          880       10    11.31   0.0267    43%     0.0001      0/2891         0     0.0003       0
      primary samples 2, productive 2 (100.0%), vertices/sample 8.000
      qp 273.8 rows/call, 96% of calls reached the solver, 2466 calls
      gate 0.0% of calls refused, 95.9% repaired, 0 refused / 2307 repaired
  qp-free       4/4     315.76/1271.90/1376.11      86849      828    21.09   0.0134     0%     0.0043      0/6033         0     0.0013       0
      primary samples 3657, productive 822 (22.5%), vertices/sample 0.226
      qp 298.2 rows/call, 0% of calls reached the solver, 250172 calls
      gate 4.6% of calls refused, 0.0% repaired, 11568 refused / 0 repaired
  free-env      4/4      21.76/101.41/191.87        3457      487    19.19   0.2196    38%     0.0043      0/3764         0     0.0013       0
      primary samples 1952, productive 484 (24.8%), vertices/sample 0.274
      qp 300.3 rows/call, 0% of calls reached the solver, 12788 calls
      gate 63.0% of calls refused, 0.0% repaired, 8207 refused / 0 repaired
  qp-env        4/4       1.92/9.00/19.94          376       12    11.34   0.0508    39%     0.0001      0/2739         0     0.0003       0
      primary samples 3, productive 2 (66.7%), vertices/sample 8.000
      qp 261.1 rows/call, 95% of calls reached the solver, 1410 calls
      gate 0.0% of calls refused, 94.7% repaired, 0 refused / 1335 repaired
  vamp-rrtc     4/4       0.19/0.66/1.60          8678       35    14.37        -      -     0.0011      0/2868         0     0.0013       0
      primary samples 0, productive 0 (0.0%), vertices/sample 0.000

box  (4 problems, 0 skipped: 0 clearance, 0 self-collision)
  rrtconnect    4/4       6.89/15.56/26.11         4112       22    11.92        -      -     0.0002      0/2295         0     0.0025       0
      primary samples 47, productive 19 (40.4%), vertices/sample 0.468
  qp-fixed      4/4       4.04/17.77/49.93         1431       12    13.17   0.0121     0%     0.0022      0/3143         0     0.0025       0
      primary samples 4, productive 4 (100.0%), vertices/sample 3.333
      qp 246.3 rows/call, 69% of calls reached the solver, 6980 calls
      gate 0.0% of calls refused, 69.0% repaired, 0 refused / 5078 repaired
  qp-plain      4/4       4.34/19.23/53.83         1431       12    13.17   0.0121     0%     0.0022      0/3143         0     0.0025       0
      primary samples 4, productive 4 (100.0%), vertices/sample 3.333
      qp 342.0 rows/call, 100% of calls reached the solver, 6980 calls
      gate 0.0% of calls refused, 69.0% repaired, 0 refused / 5078 repaired
  qp-adapt      4/4       2.20/6.30/20.37          552       12    13.19   0.0295    56%     0.0019      0/2451         0     0.0025       0
      primary samples 4, productive 4 (100.0%), vertices/sample 3.333
      qp 250.7 rows/call, 90% of calls reached the solver, 2903 calls
      gate 0.0% of calls refused, 90.2% repaired, 0 refused / 2706 repaired
  qp-free       4/4      55.83/160.79/182.30       19826      167    30.59   0.0135     0%     0.0198      0/6016         0     0.0025       0
      primary samples 631, productive 159 (25.2%), vertices/sample 0.289
      qp 296.7 rows/call, 0% of calls reached the solver, 61973 calls
      gate 3.6% of calls refused, 0.0% repaired, 2081 refused / 0 repaired
  free-env      4/4       4.86/16.77/23.98         1004      152    24.02   0.2343    47%     0.0198      0/4579         0     0.0025       0
      primary samples 490, productive 143 (29.2%), vertices/sample 0.318
      qp 295.3 rows/call, 0% of calls reached the solver, 3229 calls
      gate 55.8% of calls refused, 0.0% repaired, 1763 refused / 0 repaired
  qp-env        4/4       1.18/4.27/11.94          307       12    13.30   0.0534    39%     0.0009      0/2265         0     0.0025       0
      primary samples 4, productive 4 (100.0%), vertices/sample 3.333
      qp 254.4 rows/call, 93% of calls reached the solver, 1541 calls
      gate 0.0% of calls refused, 92.5% repaired, 0 refused / 1450 repaired
  vamp-rrtc     4/4       0.11/0.22/0.45          3427       23    11.92        -      -     0.0002      0/2295         0     0.0025       0
      primary samples 0, productive 0 (0.0%), vertices/sample 0.000

cage  (5 problems, 0 skipped: 0 clearance, 0 self-collision)
  rrtconnect    5/5      24.58/839.52/3243.88     218356     1350    18.75        -      -     0.0010      0/5165         0     0.0025       0
      primary samples 7822, productive 1346 (17.2%), vertices/sample 0.173
  qp-fixed      5/5      84.26/262.67/597.85       18636       90    19.81   0.0089     0%     0.0000      0/8541         0     0.0025       0
      primary samples 73, productive 51 (69.9%), vertices/sample 1.233
      qp 267.5 rows/call, 88% of calls reached the solver, 116375 calls
      gate 0.0% of calls refused, 88.3% repaired, 2 refused / 101934 repaired
  qp-plain      5/5      90.59/278.43/625.27       18636       90    19.81   0.0089     0%     0.0000      0/8541         0     0.0025       0
      primary samples 73, productive 51 (69.9%), vertices/sample 1.233
      qp 342.0 rows/call, 100% of calls reached the solver, 116375 calls
      gate 0.0% of calls refused, 88.3% repaired, 2 refused / 101934 repaired
  qp-adapt      5/5      54.94/177.20/404.29       12708       89    19.81   0.0130    23%     0.0001      0/6908         0     0.0025       0
      primary samples 73, productive 51 (69.9%), vertices/sample 1.219
      qp 265.4 rows/call, 98% of calls reached the solver, 77865 calls
      gate 0.0% of calls refused, 97.8% repaired, 0 refused / 76171 repaired
  qp-free       0/5    10000.08/10000.19/10000.39    1094343    15330     0.00   0.0126     0%          -              -      -          -       -
      primary samples 94687, productive 15326 (16.2%), vertices/sample 0.167
      qp 300.3 rows/call, 0% of calls reached the solver, 5428794 calls
      gate 8.7% of calls refused, 0.0% repaired, 488248 refused / 0 repaired
  free-env      1/5    5346.68/10000.03/10000.11     315136    41467    36.61   0.1000    22%     0.0060      0/1875         0     0.0025       0
      primary samples 235771, productive 41454 (17.6%), vertices/sample 0.175
      qp 300.6 rows/call, 0% of calls reached the solver, 1678267 calls
      gate 78.2% of calls refused, 0.0% repaired, 1320585 refused / 0 repaired
  qp-env        5/5      38.07/147.83/308.95        9979       89    19.84   0.0171    20%     0.0000      0/6109         0     0.0025       0
      primary samples 73, productive 51 (69.9%), vertices/sample 1.219
      qp 264.1 rows/call, 99% of calls reached the solver, 57279 calls
      gate 0.0% of calls refused, 98.9% repaired, 0 refused / 56623 repaired
  vamp-rrtc     5/5       0.44/29.89/201.75      432399     1465    18.75        -      -     0.0010      0/5165         0     0.0025       0
      primary samples 0, productive 0 (0.0%), vertices/sample 0.000

table_pick  (4 problems, 0 skipped: 0 clearance, 0 self-collision)
  rrtconnect    4/4       6.46/18.39/22.40         3223       15    10.61        -      -     0.0004      0/1869         0     0.0025       0
      primary samples 30, productive 12 (40.0%), vertices/sample 1.100
  qp-fixed      4/4       6.07/10.65/12.60          679        7     8.43   0.0126     0%     0.0001      0/2487         0     0.0025       0
      primary samples 1, productive 1 (100.0%), vertices/sample 7.000
      qp 226.4 rows/call, 26% of calls reached the solver, 2483 calls
      gate 0.0% of calls refused, 26.4% repaired, 0 refused / 609 repaired
  qp-plain      4/4       6.86/11.49/13.61          679        7     8.43   0.0126     0%     0.0001      0/2487         0     0.0025       0
      primary samples 1, productive 1 (100.0%), vertices/sample 7.000
      qp 342.0 rows/call, 100% of calls reached the solver, 2483 calls
      gate 0.0% of calls refused, 26.4% repaired, 0 refused / 609 repaired
  qp-adapt      4/4       0.74/0.88/5.62            71        7     8.43   0.1233    71%     0.0001      0/1779         0     0.0025       0
      primary samples 1, productive 1 (100.0%), vertices/sample 7.000
      qp 258.7 rows/call, 62% of calls reached the solver, 495 calls
      gate 0.0% of calls refused, 62.0% repaired, 0 refused / 380 repaired
  qp-free       4/4     127.63/146.19/1561.64      14505      126    22.40   0.0136     0%     0.0056      0/5259         0     0.0025       0
      primary samples 459, productive 121 (26.4%), vertices/sample 0.264
      qp 296.0 rows/call, 0% of calls reached the solver, 184941 calls
      gate 3.8% of calls refused, 0.0% repaired, 8631 refused / 0 repaired
  free-env      4/4      17.19/20.80/60.10         1016      158    19.92   0.2313    38%     0.0056      0/3891         0     0.0025       0
      primary samples 556, productive 155 (27.9%), vertices/sample 0.284
      qp 295.5 rows/call, 0% of calls reached the solver, 5138 calls
      gate 63.4% of calls refused, 0.0% repaired, 3192 refused / 0 repaired
  qp-env        4/4       0.41/0.55/4.49            36        7     8.42   0.2442   100%     0.0001      0/1697         0     0.0025       0
      primary samples 1, productive 1 (100.0%), vertices/sample 7.000
      qp 262.6 rows/call, 67% of calls reached the solver, 329 calls
      gate 0.0% of calls refused, 66.7% repaired, 0 refused / 275 repaired
  vamp-rrtc     4/4       0.08/0.20/0.54          2724       15    10.61        -      -     0.0004      0/1869         0     0.0025       0
      primary samples 0, productive 0 (0.0%), vertices/sample 0.000

table_under_pick  (4 problems, 0 skipped: 0 clearance, 0 self-collision)
  rrtconnect    4/4       4.26/6.55/12.23         1143        8    11.14        -      -     0.0010      0/1943         0     0.0025       0
      primary samples 33, productive 4 (12.1%), vertices/sample 0.636
  qp-fixed      4/4      13.72/21.82/27.77         1320       13    11.29   0.0119     0%     0.0003      0/3419         0     0.0025       0
      primary samples 4, productive 4 (100.0%), vertices/sample 4.333
      qp 253.7 rows/call, 83% of calls reached the solver, 4939 calls
      gate 0.0% of calls refused, 83.3% repaired, 0 refused / 3819 repaired
  qp-plain      4/4      13.79/23.01/29.29         1320       13    11.29   0.0119     0%     0.0003      0/3419         0     0.0025       0
      primary samples 4, productive 4 (100.0%), vertices/sample 4.333
      qp 342.0 rows/call, 100% of calls reached the solver, 4939 calls
      gate 0.0% of calls refused, 83.3% repaired, 0 refused / 3819 repaired
  qp-adapt      4/4       7.42/12.97/14.04          817       13    11.54   0.0221    45%     0.0003      0/3077         0     0.0025       0
      primary samples 4, productive 4 (100.0%), vertices/sample 4.333
      qp 248.1 rows/call, 96% of calls reached the solver, 2956 calls
      gate 0.0% of calls refused, 95.5% repaired, 0 refused / 2760 repaired
  qp-free       4/4      21.49/27.78/28.74         2767       23    18.05   0.0131     0%     0.0078      0/5353         0     0.0025       0
      primary samples 128, productive 18 (14.1%), vertices/sample 0.180
      qp 299.1 rows/call, 0% of calls reached the solver, 10024 calls
      gate 5.0% of calls refused, 0.0% repaired, 528 refused / 0 repaired
  free-env      4/4       3.34/4.17/4.30           228       24    17.27   0.1692    38%     0.0078      0/3513         0     0.0025       0
      primary samples 132, productive 19 (14.4%), vertices/sample 0.182
      qp 296.5 rows/call, 0% of calls reached the solver, 867 calls
      gate 62.6% of calls refused, 0.0% repaired, 542 refused / 0 repaired
  qp-env        4/4       5.85/9.49/36.18          574       13    14.46   0.0385    43%     0.0003      0/2993         0     0.0025       0
      primary samples 5, productive 5 (100.0%), vertices/sample 2.929
      qp 251.3 rows/call, 98% of calls reached the solver, 3332 calls
      gate 0.0% of calls refused, 97.5% repaired, 0 refused / 3235 repaired
  vamp-rrtc     4/4       0.06/0.08/0.12          2221        8    11.14        -      -     0.0010      0/1943         0     0.0025       0
      primary samples 0, productive 0 (0.0%), vertices/sample 0.000

Hop disposition -- what set the hop's length, median over problems.
  row         floored(<1 step)    at region   edge-limited
  qp-fixed            100.0%         0.0%           0.0%
  qp-plain            100.0%         0.0%           0.0%
  qp-adapt             56.5%        41.8%           1.6%
  qp-free             100.0%         0.0%           0.0%
  free-env              0.0%        78.3%          20.0%
  qp-env               65.7%        28.2%           2.3%

Endpoint clearance at zero margin -- min(start, goal) over all spheres.
  scene                     min    median       max affordable   problems by margin
  bookshelf_small        0.0035    0.0055    0.0096    0.0035   0:100% 0.02:  0% 0.04:  0% 0.06:  0% 0.09:  0%
  bookshelf_tall         0.0036    0.0050    0.0061    0.0036   0:100% 0.02:  0% 0.04:  0% 0.06:  0% 0.09:  0%
  bookshelf_thin         0.0013    0.0076    0.0087    0.0013   0:100% 0.02:  0% 0.04:  0% 0.06:  0% 0.09:  0%
  box                    0.0127    0.0127    0.0127    0.0127   0:100% 0.02:  0% 0.04:  0% 0.06:  0% 0.09:  0%
  cage                   0.0060    0.0127    0.0127    0.0060   0:100% 0.02:  0% 0.04:  0% 0.06:  0% 0.09:  0%
  table_pick             0.0073    0.0074    0.0082    0.0073   0:100% 0.02:  0% 0.04:  0% 0.06:  0% 0.09:  0%
  table_under_pick       0.0078    0.0080    0.0082    0.0078   0:100% 0.02:  0% 0.04:  0% 0.06:  0% 0.09:  0%

all scenes  (29 problems, 0 skipped: 0 clearance, 0 self-collision)
  rrtconnect   29/29      3.02/21.97/3243.88       3502       20    12.50        -      -     0.0002      0/19492        0     0.0013       0
      primary samples 48, productive 14 (29.2%), vertices/sample 0.338
  qp-fixed     29/29      3.86/17.77/597.85        1196       10     9.58   0.0116     0%     0.0000      0/27040        0     0.0003       0
      primary samples 2, productive 2 (100.0%), vertices/sample 5.000
      qp 253.7 rows/call, 66% of calls reached the solver, 144136 calls
      gate 0.0% of calls refused, 65.9% repaired, 2 refused / 120800 repaired
  qp-plain     29/29      4.25/19.23/625.27        1196       10     9.58   0.0116     0%     0.0000      0/27040        0     0.0003       0
      primary samples 2, productive 2 (100.0%), vertices/sample 5.000
      qp 342.0 rows/call, 100% of calls reached the solver, 144136 calls
      gate 0.0% of calls refused, 65.9% repaired, 2 refused / 120800 repaired
  qp-adapt     29/29      0.67/7.90/404.29         552       10    10.80   0.0228    43%     0.0001      0/22182        0     0.0003       0
      primary samples 3, productive 2 (66.7%), vertices/sample 5.000
      qp 258.7 rows/call, 93% of calls reached the solver, 91286 calls
      gate 0.0% of calls refused, 92.6% repaired, 0 refused / 88594 repaired
  qp-free      24/29      8.05/182.30/10000.39      20629      177    18.05   0.0133     0%     0.0035      0/31622        0     0.0013       0
      primary samples 686, productive 173 (25.2%), vertices/sample 0.224
      qp 298.5 rows/call, 0% of calls reached the solver, 6316015 calls
      gate 4.5% of calls refused, 0.0% repaired, 532841 refused / 0 repaired
  free-env     25/29      1.03/20.80/10000.11       1004      152    19.19   0.2056    38%     0.0035      0/25717        0     0.0013       0
      primary samples 546, productive 143 (26.2%), vertices/sample 0.256
      qp 296.5 rows/call, 0% of calls reached the solver, 1728295 calls
      gate 61.5% of calls refused, 0.0% repaired, 1353136 refused / 0 repaired
  qp-env       29/29      0.36/5.85/308.95         357       11    10.89   0.0450    33%     0.0000      0/20535        0     0.0003       0
      primary samples 3, productive 3 (100.0%), vertices/sample 3.667
      qp 258.3 rows/call, 95% of calls reached the solver, 66915 calls
      gate 0.0% of calls refused, 94.9% repaired, 0 refused / 65831 repaired
  vamp-rrtc    29/29      0.04/0.25/201.75        3427       20    12.17        -      -     0.0002      0/19317        0     0.0013       0
      primary samples 0, productive 0 (0.0%), vertices/sample 0.000

"samples" is checked configurations for isSafe, barrier evaluations for
the three CBF rows, and SIMD configuration lanes evaluated for VAMP. They measure
sampling work, while wall time captures the very different per-sample costs.
"unsafe/audited" evaluates exact primitive clearance at every state of the
densified solution -- for each CBF row that is the rollout the planner recorded
for each edge, replayed, so it is the motion that would actually be executed,
sampled inside each step rather than only at its boundaries. Non-zero unsafe
invalidates a row however fast it was.
"missed" counts solution edges that were not on file and had to be
re-derived; it must be zero, or the audited motion is a different trajectory
from the one the planner found.


envelope hop: 15682 filter calls, 1.222 hold queries/call, 16.7% saturated, 100.0% longer than L1, past one step 89.2% (L1 alone 49.0%), gated 76.6%, empty-active 0.0%, screen-escalated 1.8%
envelope bottleneck: world 97.6%, self-collision 2.3%, unbound 0.1% (horizon or screen clip), blocked 0.0%, joint-limit clamped 0.0%
envelope binding term:
  world rows       L1 0.0%, local-L1 0.4%, speed-capped 9.1%, isotropic-anchored 90.4% (of 15298 bound calls)
  self-pair rows   L1 0.0%, local-L1 0.0%, speed-capped 0.0%, normal-anchored 100.0% (of 367 bound calls)
local-lever screen: 6953370 of 8799561 expensive world rows settled before the envelope (79.0%)
span handed to the rollout, in controller steps (66915 calls):
                   <1      1-2      2-4      4-8       8+
  L1 only      88.52%     5.81%     3.13%     1.36%     1.18%
  envelope     79.09%     5.48%     5.69%     4.82%     4.91%
=== CBF profiler (wall time) ===
=== CBF filter stats ===
  calls=0  unchanged=0 (0.0%)  filtered=0 (0.0%)  blocked=0 (0.0%)
  active rows:       avg=0.00  max=0
  zero-row fast path: 0 (0.0%)
  qp iterations:     avg=0.00  max=0
  certified duration: avg=0.00000s  min=0.00000s  max=0.00000s  (over 0 non-blocked calls)
  required gain:     avg=0.000/s  max=0.000/s  p50=0.000/s  p90=0.000/s  p99=0.000/s  (over 0 calls, 0 uncertified)
