
MotionBenchMaker UR5, 689 problems loaded, up to 100 per scene
voxel 0.003 m, margin 0.0000 m + 0.0000 m filter buffer, stepSize 0.001 s, range 2.00 rad, 10.0 s limit

hop certificates: old L1 Lipschitz region and new hold-time bound
Picard: off; trajectory prefixes: 0; sequential rollout budget: 10000 calls
kappa 20.00 /s, certified step uncapped, self-collision margin 0.0000 m over 302 pairs
baseline segment: 0.000650 of extent = 0.0100 rad, rollout step 0.0100 rad (matched to the rollout)
rope shortcut off, all rows unsimplified

seed 1
  planner       solved ms(min/med/max)        samples vertices     path rad/call coarse  worst clr unsafe/audited missed worst self collide

bookshelf_small  (4 problems, 0 skipped: 0 clearance, 0 self-collision)
  rrtconnect    4/4       3.14/18.33/23.19         4744       25    16.19        -      -     0.0008      0/2565         0     0.0022       0
      primary samples 98, productive 21 (21.4%), vertices/sample 0.396
  qp-fixed      4/4       6.76/10.27/47.48          722        9     9.75   0.0131     0%     0.0002      0/2738         0     0.0016       0
      primary samples 2, productive 2 (100.0%), vertices/sample 7.000
      qp 284.0 rows/call, 85% of calls reached the solver, 5263 calls
      gate 0.0% of calls refused, 85.4% repaired, 0 refused / 4215 repaired
  qp-plain      4/4       6.87/10.35/48.61          722        9     9.75   0.0131     0%     0.0002      0/2738         0     0.0016       0
      primary samples 2, productive 2 (100.0%), vertices/sample 7.000
      qp 342.0 rows/call, 100% of calls reached the solver, 5263 calls
      gate 0.0% of calls refused, 85.4% repaired, 0 refused / 4215 repaired
  qp-adapt      4/4       1.60/6.32/33.59          461       12     9.77   0.0298    71%     0.0000      0/2885         0     0.0016       0
      primary samples 2, productive 2 (100.0%), vertices/sample 7.000
      qp 297.6 rows/call, 95% of calls reached the solver, 3203 calls
      gate 0.0% of calls refused, 94.9% repaired, 0 refused / 3012 repaired
  qp-free       4/4      16.92/193.34/204.88       23434      203    20.02   0.0135     0%     0.0035      0/5560         0     0.0022       0
      primary samples 833, productive 197 (23.6%), vertices/sample 0.251
      qp 298.2 rows/call, 0% of calls reached the solver, 58398 calls
      gate 3.9% of calls refused, 0.0% repaired, 2264 refused / 0 repaired
  free-env      4/4       2.01/26.28/26.28         1600      204    25.30   0.2078    42%     0.0035      0/4101         0     0.0025       0
      primary samples 819, productive 198 (24.2%), vertices/sample 0.325
      qp 305.9 rows/call, 0% of calls reached the solver, 3808 calls
      gate 58.0% of calls refused, 0.0% repaired, 2203 refused / 0 repaired
  qp-env        4/4       0.72/8.82/34.82          587       24    11.70   0.1571    55%     0.0000      0/3063         0     0.0018       0
      primary samples 5, productive 4 (80.0%), vertices/sample 4.800
      qp 303.2 rows/call, 97% of calls reached the solver, 2960 calls
      gate 0.0% of calls refused, 96.8% repaired, 0 refused / 2837 repaired
  vamp-rrtc     4/4       0.05/0.24/0.34          5208       26    12.70        -      -     0.0008      0/2391         0     0.0022       0
      primary samples 0, productive 0 (0.0%), vertices/sample 0.000

bookshelf_tall  (4 problems, 0 skipped: 0 clearance, 0 self-collision)
  rrtconnect    4/4      23.95/98.92/309.46       13093       67    21.03        -      -     0.0024      0/3796         0     0.0002       0
      primary samples 294, productive 63 (21.4%), vertices/sample 0.253
  qp-fixed      4/4      12.04/74.20/84.77         3445       28    14.42   0.0121     0%     0.0002      0/4096         0     0.0013       0
      primary samples 10, productive 10 (100.0%), vertices/sample 7.000
      qp 295.2 rows/call, 84% of calls reached the solver, 8689 calls
      gate 0.0% of calls refused, 83.7% repaired, 0 refused / 7075 repaired
  qp-plain      4/4      12.34/74.51/85.93         3445       28    14.42   0.0121     0%     0.0002      0/4096         0     0.0013       0
      primary samples 10, productive 10 (100.0%), vertices/sample 7.000
      qp 342.0 rows/call, 100% of calls reached the solver, 8689 calls
      gate 0.0% of calls refused, 83.7% repaired, 0 refused / 7075 repaired
  qp-adapt      4/4       4.84/41.05/42.36         2028       26    14.47   0.0274    36%     0.0002      0/3336         0     0.0013       0
      primary samples 10, productive 10 (100.0%), vertices/sample 7.000
      qp 303.4 rows/call, 95% of calls reached the solver, 4739 calls
      gate 0.0% of calls refused, 95.4% repaired, 0 refused / 4529 repaired
  qp-free       4/4      19.71/425.56/954.61       36674      313    18.08   0.0133     0%     0.0034      0/5669         0     0.0025       0
      primary samples 1432, productive 310 (21.6%), vertices/sample 0.376
      qp 300.4 rows/call, 0% of calls reached the solver, 122625 calls
      gate 4.3% of calls refused, 0.0% repaired, 6509 refused / 0 repaired
  free-env      4/4       6.13/51.78/103.02        2181      277    19.85   0.2015    43%     0.0034      0/3956         0     0.0025       0
      primary samples 1067, productive 273 (25.6%), vertices/sample 0.302
      qp 307.3 rows/call, 0% of calls reached the solver, 7413 calls
      gate 57.0% of calls refused, 0.0% repaired, 4699 refused / 0 repaired
  qp-env        4/4       3.11/27.25/32.97         1269       25    14.58   0.0470    29%     0.0002      0/2920         0     0.0012       0
      primary samples 10, productive 10 (100.0%), vertices/sample 7.000
      qp 302.6 rows/call, 97% of calls reached the solver, 3137 calls
      gate 0.0% of calls refused, 96.7% repaired, 0 refused / 3033 repaired
  vamp-rrtc     4/4       0.17/1.06/4.26         15478       70    21.03        -      -     0.0024      0/3740         0     0.0005       0
      primary samples 0, productive 0 (0.0%), vertices/sample 0.000

bookshelf_thin  (4 problems, 0 skipped: 0 clearance, 0 self-collision)
  rrtconnect    4/4      86.73/484.26/743.85       48502      240    17.88        -      -     0.0028      0/3226         0     0.0025       0
      primary samples 1288, productive 237 (18.4%), vertices/sample 0.281
  qp-fixed      4/4      10.20/27.74/35.21         1108       10     9.97   0.0131     0%     0.0001      0/2488         0     0.0025       0
      primary samples 4, productive 4 (100.0%), vertices/sample 5.000
      qp 267.1 rows/call, 44% of calls reached the solver, 3426 calls
      gate 0.0% of calls refused, 43.6% repaired, 0 refused / 1559 repaired
  qp-plain      4/4      10.42/28.47/51.98         1108       10     9.97   0.0131     0%     0.0001      0/2488         0     0.0025       0
      primary samples 4, productive 4 (100.0%), vertices/sample 5.000
      qp 342.0 rows/call, 100% of calls reached the solver, 3426 calls
      gate 0.0% of calls refused, 43.6% repaired, 0 refused / 1559 repaired
  qp-adapt      4/4       3.62/8.13/19.96          339       10     9.99   0.0323    46%     0.0001      0/2032         0     0.0025       0
      primary samples 4, productive 4 (100.0%), vertices/sample 5.000
      qp 286.3 rows/call, 90% of calls reached the solver, 1558 calls
      gate 0.0% of calls refused, 90.4% repaired, 0 refused / 1386 repaired
  qp-free       4/4      75.43/688.98/5727.80      45998      415    18.60   0.0134     0%     0.0050      0/4978         0     0.0025       0
      primary samples 1718, productive 412 (24.0%), vertices/sample 0.242
      qp 298.3 rows/call, 0% of calls reached the solver, 479671 calls
      gate 4.2% of calls refused, 0.0% repaired, 29507 refused / 0 repaired
  free-env      4/4       9.22/80.55/1053.15       2575      390    22.95   0.2183    37%     0.0050      0/3982         0     0.0025       0
      primary samples 1438, productive 384 (26.7%), vertices/sample 0.271
      qp 303.3 rows/call, 0% of calls reached the solver, 41366 calls
      gate 64.8% of calls refused, 0.0% repaired, 29339 refused / 0 repaired
  qp-env        4/4       1.21/6.22/20.61          225       10     9.99   0.1046    45%     0.0001      0/1970         0     0.0025       0
      primary samples 4, productive 4 (100.0%), vertices/sample 5.000
      qp 287.7 rows/call, 92% of calls reached the solver, 1112 calls
      gate 0.0% of calls refused, 91.9% repaired, 0 refused / 1047 repaired
  vamp-rrtc     4/4       0.77/6.18/9.78         90925      267    17.98        -      -     0.0028      0/3508         0     0.0025       0
      primary samples 0, productive 0 (0.0%), vertices/sample 0.000

box  (4 problems, 0 skipped: 0 clearance, 0 self-collision)
  rrtconnect    4/4       3.64/8.30/11.77         2246       13     9.79        -      -     0.0208      0/2075         0     0.0025       0
      primary samples 28, productive 10 (35.7%), vertices/sample 0.579
  qp-fixed      4/4       3.78/22.35/31.50         1718       16    12.84   0.0129     0%     0.0003      0/2930         0     0.0024       0
      primary samples 4, productive 4 (100.0%), vertices/sample 4.000
      qp 266.1 rows/call, 75% of calls reached the solver, 5188 calls
      gate 0.0% of calls refused, 74.9% repaired, 0 refused / 3863 repaired
  qp-plain      4/4       4.11/23.48/32.69         1718       16    12.84   0.0129     0%     0.0003      0/2930         0     0.0024       0
      primary samples 4, productive 4 (100.0%), vertices/sample 4.000
      qp 342.0 rows/call, 100% of calls reached the solver, 5188 calls
      gate 0.0% of calls refused, 74.9% repaired, 0 refused / 3863 repaired
  qp-adapt      4/4       1.19/8.99/21.57          730       16    12.86   0.0448    42%     0.0059      0/2244         0     0.0025       0
      primary samples 4, productive 4 (100.0%), vertices/sample 4.000
      qp 266.1 rows/call, 92% of calls reached the solver, 2777 calls
      gate 0.0% of calls refused, 92.0% repaired, 0 refused / 2516 repaired
  qp-free       4/4       7.82/15.60/37.48         1981       19    17.10   0.0145     0%     0.0296      0/4101         0     0.0025       0
      primary samples 31, productive 14 (45.2%), vertices/sample 0.613
      qp 292.6 rows/call, 0% of calls reached the solver, 8995 calls
      gate 2.3% of calls refused, 0.0% repaired, 186 refused / 0 repaired
  free-env      4/4       0.86/2.11/2.38           116       25    16.16   0.3260    58%     0.0236      0/2687         0     0.0025       0
      primary samples 44, productive 20 (45.5%), vertices/sample 0.578
      qp 289.8 rows/call, 0% of calls reached the solver, 373 calls
      gate 43.0% of calls refused, 0.0% repaired, 157 refused / 0 repaired
  qp-env        4/4       0.58/7.24/12.04          517       18    12.91   0.0859    25%     0.0002      0/2203         0     0.0019       0
      primary samples 4, productive 4 (100.0%), vertices/sample 4.500
      qp 272.6 rows/call, 93% of calls reached the solver, 1520 calls
      gate 0.0% of calls refused, 92.8% repaired, 0 refused / 1444 repaired
  vamp-rrtc     4/4       0.07/0.12/0.16          2137       13     9.79        -      -     0.0208      0/2075         0     0.0025       0
      primary samples 0, productive 0 (0.0%), vertices/sample 0.000

cage  (5 problems, 0 skipped: 0 clearance, 0 self-collision)
  rrtconnect    5/5      48.31/495.34/1686.76     124561      723    19.13        -      -     0.0001      0/4939         0     0.0025       0
      primary samples 3862, productive 719 (18.6%), vertices/sample 0.187
  qp-fixed      5/5      98.71/201.09/500.38       11964       78    22.21   0.0095     0%     0.0000      0/9574         0     0.0025       0
      primary samples 46, productive 35 (76.1%), vertices/sample 1.630
      qp 268.4 rows/call, 87% of calls reached the solver, 82610 calls
      gate 0.0% of calls refused, 87.4% repaired, 1 refused / 72939 repaired
  qp-plain      5/5     104.99/191.89/523.04       11964       78    22.21   0.0095     0%     0.0000      0/9574         0     0.0025       0
      primary samples 46, productive 35 (76.1%), vertices/sample 1.630
      qp 342.0 rows/call, 100% of calls reached the solver, 82610 calls
      gate 0.0% of calls refused, 87.4% repaired, 1 refused / 72939 repaired
  qp-adapt      5/5      50.06/109.50/328.09        7602       79    22.24   0.0161    39%     0.0000      0/7535         0     0.0025       0
      primary samples 46, productive 35 (76.1%), vertices/sample 1.630
      qp 268.4 rows/call, 97% of calls reached the solver, 51866 calls
      gate 0.0% of calls refused, 97.0% repaired, 0 refused / 50339 repaired
  qp-free       0/5    10000.02/10000.32/10000.73    1049314    14454     0.00   0.0125     0%          -              -      -          -       -
      primary samples 86061, productive 14448 (16.8%), vertices/sample 0.164
      qp 300.3 rows/call, 0% of calls reached the solver, 5305742 calls
      gate 9.0% of calls refused, 0.0% repaired, 481631 refused / 0 repaired
  free-env      1/5    7558.73/10000.03/10000.07     326014    42895    21.71   0.0960    21%     0.0186      0/1115         0     0.0025       0
      primary samples 243999, productive 42879 (17.6%), vertices/sample 0.171
      qp 301.4 rows/call, 0% of calls reached the solver, 1686377 calls
      gate 78.9% of calls refused, 0.0% repaired, 1329977 refused / 0 repaired
  qp-env        5/5      37.59/84.45/259.69        6149       99    22.51   0.0261    36%     0.0001      0/6763         0     0.0014       0
      primary samples 63, productive 48 (76.2%), vertices/sample 1.571
      qp 266.2 rows/call, 98% of calls reached the solver, 36841 calls
      gate 0.0% of calls refused, 98.3% repaired, 0 refused / 36267 repaired
  vamp-rrtc     5/5       0.79/15.14/83.55       254075      814    23.12        -      -     0.0001      0/5287         0     0.0025       0
      primary samples 0, productive 0 (0.0%), vertices/sample 0.000

table_pick  (4 problems, 0 skipped: 0 clearance, 0 self-collision)
  rrtconnect    4/4       2.96/8.09/27.14         1274        9     8.15        -      -     0.0004      0/1594         0     0.0025       0
      primary samples 15, productive 5 (33.3%), vertices/sample 0.750
  qp-fixed      4/4       6.21/9.73/49.66          630        8     7.59   0.0126     0%     0.0007      0/2712         0     0.0025       0
      primary samples 1, productive 1 (100.0%), vertices/sample 6.000
      qp 248.0 rows/call, 23% of calls reached the solver, 4093 calls
      gate 0.0% of calls refused, 23.3% repaired, 0 refused / 2395 repaired
  qp-plain      4/4       6.82/10.67/51.09          630        8     7.59   0.0126     0%     0.0007      0/2712         0     0.0025       0
      primary samples 1, productive 1 (100.0%), vertices/sample 6.000
      qp 342.0 rows/call, 100% of calls reached the solver, 4093 calls
      gate 0.0% of calls refused, 23.3% repaired, 0 refused / 2395 repaired
  qp-adapt      4/4       0.79/1.23/24.70           82        9     7.60   0.0926    62%     0.0007      0/2048         0     0.0025       0
      primary samples 1, productive 1 (100.0%), vertices/sample 6.000
      qp 290.1 rows/call, 79% of calls reached the solver, 1555 calls
      gate 0.0% of calls refused, 78.6% repaired, 0 refused / 1377 repaired
  qp-free       4/4      50.23/89.66/906.94        8983       79    17.40   0.0138     0%     0.0061      0/5197         0     0.0025       0
      primary samples 245, productive 73 (29.8%), vertices/sample 0.322
      qp 291.7 rows/call, 0% of calls reached the solver, 102637 calls
      gate 3.3% of calls refused, 0.0% repaired, 4384 refused / 0 repaired
  free-env      4/4       6.25/46.61/127.63        2094      323    13.90   0.2446    42%     0.0061      0/3476         0     0.0007       0
      primary samples 1177, productive 315 (26.8%), vertices/sample 0.316
      qp 297.6 rows/call, 0% of calls reached the solver, 8685 calls
      gate 63.0% of calls refused, 0.0% repaired, 5535 refused / 0 repaired
  qp-env        4/4       0.56/0.71/18.27           40        6     7.60   0.1899    72%     0.0007      0/1874         0     0.0025       0
      primary samples 1, productive 1 (100.0%), vertices/sample 6.000
      qp 289.0 rows/call, 78% of calls reached the solver, 1027 calls
      gate 0.0% of calls refused, 78.4% repaired, 0 refused / 974 repaired
  vamp-rrtc     4/4       0.09/0.27/0.33          3434       21     8.47        -      -     0.0008      0/1775         0     0.0025       0
      primary samples 0, productive 0 (0.0%), vertices/sample 0.000

table_under_pick  (4 problems, 0 skipped: 0 clearance, 0 self-collision)
  rrtconnect    4/4       7.65/26.77/30.93         4049       22    11.14        -      -     0.0019      0/2450         0     0.0025       0
      primary samples 55, productive 17 (30.9%), vertices/sample 0.409
  qp-fixed      4/4      18.60/88.61/221.38        4806       34    18.93   0.0110     0%     0.0001      0/5292         0     0.0000       0
      primary samples 17, productive 15 (88.2%), vertices/sample 2.286
      qp 295.4 rows/call, 89% of calls reached the solver, 19475 calls
      gate 0.0% of calls refused, 89.2% repaired, 2 refused / 17035 repaired
  qp-plain      4/4      18.93/93.75/228.96        4806       34    18.93   0.0110     0%     0.0001      0/5292         0     0.0000       0
      primary samples 17, productive 15 (88.2%), vertices/sample 2.286
      qp 342.0 rows/call, 100% of calls reached the solver, 19475 calls
      gate 0.0% of calls refused, 89.2% repaired, 2 refused / 17035 repaired
  qp-adapt      4/4      10.05/53.48/140.66        3079       33    19.12   0.0183    31%     0.0000      0/4563         0     0.0000       0
      primary samples 17, productive 15 (88.2%), vertices/sample 2.286
      qp 295.1 rows/call, 96% of calls reached the solver, 12565 calls
      gate 0.0% of calls refused, 96.3% repaired, 1 refused / 12069 repaired
  qp-free       4/4      17.37/22.56/44.96         2264       23    18.44   0.0138     0%     0.0078      0/5120         0     0.0025       0
      primary samples 65, productive 15 (23.1%), vertices/sample 0.358
      qp 300.9 rows/call, 0% of calls reached the solver, 9977 calls
      gate 4.2% of calls refused, 0.0% repaired, 357 refused / 0 repaired
  free-env      4/4       2.20/3.57/6.42           147       23    15.49   0.2203    54%     0.0078      0/3375         0     0.0006       0
      primary samples 66, productive 17 (25.8%), vertices/sample 0.418
      qp 300.7 rows/call, 0% of calls reached the solver, 659 calls
      gate 50.3% of calls refused, 0.0% repaired, 336 refused / 0 repaired
  qp-env        4/4       6.61/43.98/103.71        2359       33    18.05   0.0251    23%     0.0000      0/4331         0     0.0000       0
      primary samples 17, productive 16 (94.1%), vertices/sample 2.571
      qp 298.8 rows/call, 98% of calls reached the solver, 8919 calls
      gate 0.0% of calls refused, 98.0% repaired, 1 refused / 8703 repaired
  vamp-rrtc     4/4       0.09/0.24/0.37          4245       21    11.14        -      -     0.0019      0/2450         0     0.0025       0
      primary samples 0, productive 0 (0.0%), vertices/sample 0.000

Hop disposition -- what set the hop's length, median over problems.
  row         floored(<1 step)    at region   edge-limited
  qp-fixed            100.0%         0.0%           0.0%
  qp-plain            100.0%         0.0%           0.0%
  qp-adapt             62.5%        35.6%           1.2%
  qp-free             100.0%         0.0%           0.0%
  free-env              0.0%        79.5%          20.5%
  qp-env               71.0%        26.9%           2.7%

Endpoint clearance at zero margin -- min(start, goal) over all spheres.
  scene                     min    median       max affordable   problems by margin
  bookshelf_small        0.0035    0.0049    0.0066    0.0035   0:100% 0.02:  0% 0.04:  0% 0.06:  0% 0.09:  0%
  bookshelf_tall         0.0034    0.0070    0.0077    0.0034   0:100% 0.02:  0% 0.04:  0% 0.06:  0% 0.09:  0%
  bookshelf_thin         0.0050    0.0081    0.0088    0.0050   0:100% 0.02:  0% 0.04:  0% 0.06:  0% 0.09:  0%
  box                    0.0127    0.0127    0.0127    0.0127   0:100% 0.02:  0% 0.04:  0% 0.06:  0% 0.09:  0%
  cage                   0.0099    0.0127    0.0127    0.0099   0:100% 0.02:  0% 0.04:  0% 0.06:  0% 0.09:  0%
  table_pick             0.0061    0.0082    0.0083    0.0061   0:100% 0.02:  0% 0.04:  0% 0.06:  0% 0.09:  0%
  table_under_pick       0.0036    0.0081    0.0082    0.0036   0:100% 0.02:  0% 0.04:  0% 0.06:  0% 0.09:  0%

all scenes  (29 problems, 0 skipped: 0 clearance, 0 self-collision)
  rrtconnect   29/29      2.96/26.77/1686.76       4607       25    14.50        -      -     0.0001      0/20645        0     0.0002       0
      primary samples 93, productive 21 (22.6%), vertices/sample 0.271
  qp-fixed     29/29      3.78/27.74/500.38        1427       13    11.68   0.0112     0%     0.0000      0/29830        0     0.0000       0
      primary samples 4, productive 4 (100.0%), vertices/sample 3.375
      qp 268.4 rows/call, 78% of calls reached the solver, 128744 calls
      gate 0.0% of calls refused, 77.8% repaired, 3 refused / 109081 repaired
  qp-plain     29/29      4.11/28.47/523.04        1427       13    11.68   0.0112     0%     0.0000      0/29830        0     0.0000       0
      primary samples 4, productive 4 (100.0%), vertices/sample 3.375
      qp 342.0 rows/call, 100% of calls reached the solver, 128744 calls
      gate 0.0% of calls refused, 77.8% repaired, 3 refused / 109081 repaired
  qp-adapt     29/29      0.79/10.05/328.09         730       13    11.83   0.0233    37%     0.0000      0/24643        0     0.0000       0
      primary samples 4, productive 4 (100.0%), vertices/sample 3.000
      qp 281.0 rows/call, 92% of calls reached the solver, 78263 calls
      gate 0.0% of calls refused, 92.3% repaired, 1 refused / 75228 repaired
  qp-free      24/29      7.82/75.43/10000.73       8081       71    17.46   0.0134     0%     0.0034      0/30625        0     0.0022       0
      primary samples 245, productive 67 (27.3%), vertices/sample 0.246
      qp 297.8 rows/call, 0% of calls reached the solver, 6088045 calls
      gate 3.9% of calls refused, 0.0% repaired, 524838 refused / 0 repaired
  free-env     25/29      0.86/11.65/10000.07        490       79    16.29   0.2078    42%     0.0034      0/22692        0     0.0006       0
      primary samples 244, productive 73 (29.9%), vertices/sample 0.274
      qp 300.8 rows/call, 0% of calls reached the solver, 1748681 calls
      gate 57.4% of calls refused, 0.0% repaired, 1372246 refused / 0 repaired
  qp-env       29/29      0.56/8.82/259.69         587       16    12.43   0.0374    29%     0.0000      0/23124        0     0.0000       0
      primary samples 5, productive 4 (80.0%), vertices/sample 3.500
      qp 279.8 rows/call, 96% of calls reached the solver, 55516 calls
      gate 0.0% of calls refused, 96.0% repaired, 1 refused / 54305 repaired
  vamp-rrtc    29/29      0.05/0.27/83.55         5208       25    13.37        -      -     0.0001      0/21226        0     0.0005       0
      primary samples 0, productive 0 (0.0%), vertices/sample 0.000

"samples" is checked configurations for isSafe, barrier evaluations for
the three CBF rows, and SIMD configuration lanes evaluated for VAMP. They measure
sampling work, while wall time captures the very different per-sample costs.
"unsafe/audited" evaluates exact primitive clearance at every state of the
densified solution -- for each CBF row that is the rollout the planner recorded
for each edge, replayed, so it is the motion that would actually be executed,
sampled inside each step rather than only at its boundaries. Non-zero unsafe
invalidates a row however fast it was.
"missed" counts solution edges that were not on file and had to be
re-derived; it must be zero, or the audited motion is a different trajectory
from the one the planner found.


envelope hop: 15632 filter calls, 1.251 hold queries/call, 18.9% saturated, 100.0% longer than L1, past one step 93.3% (L1 alone 53.9%), gated 71.8%, empty-active 0.0%, screen-escalated 1.4%
envelope bottleneck: world 97.3%, self-collision 2.6%, unbound 0.1% (horizon or screen clip), blocked 0.0%, joint-limit clamped 0.0%
envelope binding term:
  world rows       L1 0.0%, local-L1 0.4%, speed-capped 6.1%, isotropic-anchored 93.5% (of 15211 bound calls)
  self-pair rows   L1 0.0%, local-L1 0.0%, speed-capped 0.0%, normal-anchored 100.0% (of 406 bound calls)
local-lever screen: 7094587 of 9024590 expensive world rows settled before the envelope (78.6%)
span handed to the rollout, in controller steps (55515 calls):
                   <1      1-2      2-4      4-8       8+
  L1 only      84.81%     7.95%     4.16%     1.81%     1.26%
  envelope     73.73%     6.30%     7.36%     6.02%     6.59%
=== CBF profiler (wall time) ===
=== CBF filter stats ===
  calls=0  unchanged=0 (0.0%)  filtered=0 (0.0%)  blocked=0 (0.0%)
  active rows:       avg=0.00  max=0
  zero-row fast path: 0 (0.0%)
  qp iterations:     avg=0.00  max=0
  certified duration: avg=0.00000s  min=0.00000s  max=0.00000s  (over 0 non-blocked calls)
  required gain:     avg=0.000/s  max=0.000/s  p50=0.000/s  p90=0.000/s  p99=0.000/s  (over 0 calls, 0 uncertified)
