
MotionBenchMaker UR5, 689 problems loaded, up to 100 per scene
voxel 0.003 m, margin 0.0000 m + 0.0000 m filter buffer, stepSize 0.001 s, range 2.00 rad, 10.0 s limit

hop certificates: old L1 Lipschitz region and new hold-time bound
Picard: off; trajectory prefixes: 0; sequential rollout budget: 10000 calls
kappa 20.00 /s, certified step uncapped, self-collision margin 0.0000 m over 302 pairs
baseline segment: 0.000650 of extent = 0.0100 rad, rollout step 0.0100 rad (matched to the rollout)
rope shortcut off, all rows unsimplified

seed 1
  planner       solved ms(min/med/max)        samples vertices     path rad/call coarse  worst clr unsafe/audited missed worst self collide

bookshelf_small  (4 problems, 0 skipped: 0 clearance, 0 self-collision)
  rrtconnect    4/4       2.84/145.92/180.98       36193      190    22.59        -      -     0.0012      0/3678         0     0.0025       0
      primary samples 1024, productive 186 (18.2%), vertices/sample 0.188
  qp-fixed      4/4       6.66/13.83/85.48          978       12    12.24   0.0126     0%     0.0001      0/3919         0     0.0000       0
      primary samples 2, productive 2 (100.0%), vertices/sample 6.000
      qp 283.8 rows/call, 82% of calls reached the solver, 8158 calls
      gate 0.0% of calls refused, 81.6% repaired, 0 refused / 6166 repaired
  qp-plain      4/4       9.37/13.56/85.94          978       12    12.24   0.0126     0%     0.0001      0/3919         0     0.0000       0
      primary samples 2, productive 2 (100.0%), vertices/sample 6.000
      qp 342.0 rows/call, 100% of calls reached the solver, 8158 calls
      gate 0.0% of calls refused, 81.6% repaired, 0 refused / 6166 repaired
  qp-adapt      4/4       3.23/7.29/54.85          529       12    12.24   0.0259    28%     0.0001      0/3278         0     0.0000       0
      primary samples 2, productive 2 (100.0%), vertices/sample 6.000
      qp 304.0 rows/call, 95% of calls reached the solver, 4928 calls
      gate 0.0% of calls refused, 95.5% repaired, 0 refused / 4663 repaired
  qp-free       4/4      13.76/243.97/413.31       27970      249    22.10   0.0133     0%     0.0043      0/5020         0     0.0025       0
      primary samples 1117, productive 242 (21.7%), vertices/sample 0.232
      qp 300.4 rows/call, 0% of calls reached the solver, 104635 calls
      gate 4.4% of calls refused, 0.0% repaired, 4605 refused / 0 repaired
  free-env      4/4       4.33/55.49/56.90         3279      438    20.52   0.1931    39%     0.0042      0/3658         0     0.0025       0
      primary samples 1894, productive 433 (22.9%), vertices/sample 0.268
      qp 306.5 rows/call, 0% of calls reached the solver, 8761 calls
      gate 64.6% of calls refused, 0.0% repaired, 5552 refused / 0 repaired
  qp-env        4/4       2.34/6.36/49.16          353       12    12.23   0.0443    18%     0.0001      0/2992         0     0.0000       0
      primary samples 2, productive 2 (100.0%), vertices/sample 6.000
      qp 302.6 rows/call, 97% of calls reached the solver, 3704 calls
      gate 0.0% of calls refused, 97.5% repaired, 0 refused / 3609 repaired
  vamp-rrtc     4/4       0.03/3.25/3.32         49423      211    22.59        -      -     0.0012      0/3678         0     0.0025       0
      primary samples 0, productive 0 (0.0%), vertices/sample 0.000

bookshelf_tall  (4 problems, 0 skipped: 0 clearance, 0 self-collision)
  rrtconnect    4/4       6.36/16.08/150.49        2137       13    14.08        -      -     0.0008      0/2283         0     0.0020       0
      primary samples 15, productive 7 (46.7%), vertices/sample 0.875
  qp-fixed      4/4      13.27/26.19/121.68        1219       14    11.02   0.0111     0%     0.0008      0/3914         0     0.0025       0
      primary samples 3, productive 3 (100.0%), vertices/sample 7.000
      qp 289.0 rows/call, 78% of calls reached the solver, 8459 calls
      gate 0.0% of calls refused, 78.2% repaired, 0 refused / 5968 repaired
  qp-plain      4/4      13.82/26.46/122.36        1219       14    11.02   0.0111     0%     0.0008      0/3914         0     0.0025       0
      primary samples 3, productive 3 (100.0%), vertices/sample 7.000
      qp 342.0 rows/call, 100% of calls reached the solver, 8459 calls
      gate 0.0% of calls refused, 78.2% repaired, 0 refused / 5968 repaired
  qp-adapt      4/4       1.58/11.02/18.42          580       18    11.04   0.0240    63%     0.0003      0/2531         0     0.0025       0
      primary samples 3, productive 3 (100.0%), vertices/sample 7.000
      qp 299.9 rows/call, 95% of calls reached the solver, 2146 calls
      gate 0.0% of calls refused, 95.4% repaired, 0 refused / 1929 repaired
  qp-free       4/4      26.74/176.16/560.03       14977      132    19.03   0.0135     0%     0.0050      0/5113         0     0.0025       0
      primary samples 513, productive 128 (25.0%), vertices/sample 0.259
      qp 298.4 rows/call, 0% of calls reached the solver, 79242 calls
      gate 3.9% of calls refused, 0.0% repaired, 3678 refused / 0 repaired
  free-env      4/4       1.47/23.46/187.80         980      142    20.48   0.2087    41%     0.0050      0/4054         0     0.0025       0
      primary samples 507, productive 137 (27.0%), vertices/sample 0.280
      qp 300.8 rows/call, 0% of calls reached the solver, 9927 calls
      gate 60.7% of calls refused, 0.0% repaired, 6453 refused / 0 repaired
  qp-env        4/4       0.71/8.21/9.62           381       21    11.65   0.0486    73%     0.0003      0/2497         0     0.0025       0
      primary samples 4, productive 4 (100.0%), vertices/sample 5.250
      qp 303.4 rows/call, 95% of calls reached the solver, 1225 calls
      gate 0.0% of calls refused, 95.1% repaired, 0 refused / 1135 repaired
  vamp-rrtc     4/4       0.07/0.16/1.96          1109       12    12.56        -      -     0.0008      0/2066         0     0.0020       0
      primary samples 0, productive 0 (0.0%), vertices/sample 0.000

bookshelf_thin  (4 problems, 0 skipped: 0 clearance, 0 self-collision)
  rrtconnect    4/4      22.96/273.17/866.27       25884      131    17.69        -      -     0.0027      0/3392         0     0.0011       0
      primary samples 672, productive 128 (19.0%), vertices/sample 0.485
  qp-fixed      4/4      12.61/45.59/65.68         1657       12    11.64   0.0123     0%     0.0003      0/3557         0     0.0025       0
      primary samples 4, productive 3 (75.0%), vertices/sample 4.500
      qp 250.7 rows/call, 69% of calls reached the solver, 5627 calls
      gate 0.0% of calls refused, 69.1% repaired, 0 refused / 3855 repaired
  qp-plain      4/4      13.30/48.40/68.06         1657       12    11.64   0.0123     0%     0.0003      0/3557         0     0.0025       0
      primary samples 4, productive 3 (75.0%), vertices/sample 4.500
      qp 342.0 rows/call, 100% of calls reached the solver, 5627 calls
      gate 0.0% of calls refused, 69.1% repaired, 0 refused / 3855 repaired
  qp-adapt      4/4       5.21/30.21/35.34         1103       12    11.64   0.0212    23%     0.0003      0/2854         0     0.0025       0
      primary samples 4, productive 3 (75.0%), vertices/sample 4.500
      qp 262.7 rows/call, 96% of calls reached the solver, 3282 calls
      gate 0.0% of calls refused, 95.6% repaired, 0 refused / 3090 repaired
  qp-free       4/4     224.76/330.38/1553.26      22609      195    19.34   0.0134     0%     0.0034      0/5574         0     0.0025       0
      primary samples 924, productive 190 (20.6%), vertices/sample 0.252
      qp 297.1 rows/call, 0% of calls reached the solver, 160177 calls
      gate 4.5% of calls refused, 0.0% repaired, 7193 refused / 0 repaired
  free-env      4/4      33.69/56.88/232.20        1882      258    26.22   0.2029    40%     0.0034      0/4432         0     0.0025       0
      primary samples 1114, productive 255 (22.9%), vertices/sample 0.261
      qp 297.3 rows/call, 0% of calls reached the solver, 11684 calls
      gate 65.8% of calls refused, 0.0% repaired, 7516 refused / 0 repaired
  qp-env        4/4       3.14/22.53/27.29          802       11    11.67   0.0322    20%     0.0003      0/2537         0     0.0025       0
      primary samples 4, productive 3 (75.0%), vertices/sample 4.500
      qp 259.9 rows/call, 98% of calls reached the solver, 2316 calls
      gate 0.0% of calls refused, 98.0% repaired, 0 refused / 2244 repaired
  vamp-rrtc     4/4       0.19/3.00/12.20        41425      140    17.69        -      -     0.0027      0/3220         0     0.0011       0
      primary samples 0, productive 0 (0.0%), vertices/sample 0.000

box  (4 problems, 0 skipped: 0 clearance, 0 self-collision)
  rrtconnect    4/4       7.32/10.31/16.89         2541       15    12.47        -      -     0.0027      0/2287         0     0.0025       0
      primary samples 38, productive 11 (28.9%), vertices/sample 0.469
  qp-fixed      4/4       5.18/6.24/16.66          518        6     6.49   0.0136     0%     0.0019      0/2079         0     0.0025       0
      primary samples 1, productive 1 (100.0%), vertices/sample 6.000
      qp 273.9 rows/call, 51% of calls reached the solver, 2639 calls
      gate 0.0% of calls refused, 50.7% repaired, 0 refused / 1524 repaired
  qp-plain      4/4       5.55/6.83/16.93          518        6     6.49   0.0136     0%     0.0019      0/2079         0     0.0025       0
      primary samples 1, productive 1 (100.0%), vertices/sample 6.000
      qp 342.0 rows/call, 100% of calls reached the solver, 2639 calls
      gate 0.0% of calls refused, 50.7% repaired, 0 refused / 1524 repaired
  qp-adapt      4/4       1.00/2.39/5.72           181        6     6.49   0.0359    62%     0.0018      0/1556         0     0.0025       0
      primary samples 1, productive 1 (100.0%), vertices/sample 6.000
      qp 283.7 rows/call, 88% of calls reached the solver, 968 calls
      gate 0.0% of calls refused, 88.4% repaired, 0 refused / 864 repaired
  qp-free       4/4      44.16/63.87/108.36        7644       67    18.54   0.0138     0%     0.0165      0/5148         0     0.0025       0
      primary samples 218, productive 60 (27.5%), vertices/sample 0.336
      qp 294.7 rows/call, 0% of calls reached the solver, 32147 calls
      gate 3.3% of calls refused, 0.0% repaired, 993 refused / 0 repaired
  free-env      4/4       4.47/8.40/11.68          503       77    23.07   0.2524    48%     0.0165      0/4212         0     0.0025       0
      primary samples 245, productive 71 (29.0%), vertices/sample 0.364
      qp 296.1 rows/call, 0% of calls reached the solver, 1773 calls
      gate 53.5% of calls refused, 0.0% repaired, 941 refused / 0 repaired
  qp-env        4/4       0.49/1.43/3.13           105        6     6.49   0.0633    48%     0.0014      0/1419         0     0.0025       0
      primary samples 1, productive 1 (100.0%), vertices/sample 6.000
      qp 288.8 rows/call, 91% of calls reached the solver, 481 calls
      gate 0.0% of calls refused, 91.4% repaired, 0 refused / 438 repaired
  vamp-rrtc     4/4       0.12/0.28/0.33          3894       24    13.68        -      -     0.0027      0/2484         0     0.0000       0
      primary samples 0, productive 0 (0.0%), vertices/sample 0.000

cage  (4 problems, 0 skipped: 0 clearance, 0 self-collision)
  rrtconnect    4/4     286.09/624.08/1029.79     144093      852    29.20        -      -     0.0014      0/4877         0     0.0000       0
      primary samples 5024, productive 849 (16.9%), vertices/sample 0.170
  qp-fixed      4/4     253.61/341.25/754.39       23815      126    26.04   0.0089     0%     0.0000      0/8119         0     0.0002       0
      primary samples 99, productive 71 (71.7%), vertices/sample 1.301
      qp 266.1 rows/call, 91% of calls reached the solver, 112772 calls
      gate 0.0% of calls refused, 90.7% repaired, 1 refused / 100750 repaired
  qp-plain      4/4     269.09/357.96/798.71       23815      126    26.04   0.0089     0%     0.0000      0/8119         0     0.0002       0
      primary samples 99, productive 71 (71.7%), vertices/sample 1.301
      qp 342.0 rows/call, 100% of calls reached the solver, 112772 calls
      gate 0.0% of calls refused, 90.7% repaired, 1 refused / 100750 repaired
  qp-adapt      4/4     149.48/221.14/498.39       15598      126    26.05   0.0139    31%     0.0000      0/6812         0     0.0002       0
      primary samples 99, productive 71 (71.7%), vertices/sample 1.301
      qp 267.8 rows/call, 98% of calls reached the solver, 74149 calls
      gate 0.0% of calls refused, 97.7% repaired, 1 refused / 72408 repaired
  qp-free       0/4    10000.08/10000.16/10000.81    1063667    14968     0.00   0.0126     0%          -              -      -          -       -
      primary samples 88349, productive 14963 (16.9%), vertices/sample 0.169
      qp 300.2 rows/call, 0% of calls reached the solver, 4092164 calls
      gate 8.8% of calls refused, 0.0% repaired, 361937 refused / 0 repaired
  free-env      2/4    2714.91/10000.02/10000.09     282981    37544    39.89   0.1032    22%     0.0116      0/3168         0     0.0025       0
      primary samples 209927, productive 37527 (17.9%), vertices/sample 0.179
      qp 300.0 rows/call, 0% of calls reached the solver, 993078 calls
      gate 77.9% of calls refused, 0.0% repaired, 771886 refused / 0 repaired
  qp-env        4/4     125.32/189.39/414.27       12115      123    26.10   0.0182    23%     0.0000      0/6306         0     0.0002       0
      primary samples 99, productive 69 (69.7%), vertices/sample 1.315
      qp 266.9 rows/call, 99% of calls reached the solver, 57660 calls
      gate 0.0% of calls refused, 98.9% repaired, 1 refused / 57006 repaired
  vamp-rrtc     4/4       7.65/17.58/37.53       282843      932    27.20        -      -     0.0014      0/4776         0     0.0000       0
      primary samples 0, productive 0 (0.0%), vertices/sample 0.000

table_pick  (4 problems, 0 skipped: 0 clearance, 0 self-collision)
  rrtconnect    4/4       4.74/16.12/17.02         2553       14    12.17        -      -     0.0004      0/2250         0     0.0025       0
      primary samples 21, productive 9 (42.9%), vertices/sample 0.714
  qp-fixed      4/4       9.28/10.88/11.26          636        7     8.26   0.0122     0%     0.0010      0/2541         0     0.0025       0
      primary samples 1, productive 1 (100.0%), vertices/sample 7.000
      qp 256.3 rows/call, 34% of calls reached the solver, 2537 calls
      gate 0.0% of calls refused, 34.3% repaired, 0 refused / 789 repaired
  qp-plain      4/4       9.63/11.81/13.02          636        7     8.26   0.0122     0%     0.0010      0/2541         0     0.0025       0
      primary samples 1, productive 1 (100.0%), vertices/sample 7.000
      qp 342.0 rows/call, 100% of calls reached the solver, 2537 calls
      gate 0.0% of calls refused, 34.3% repaired, 0 refused / 789 repaired
  qp-adapt      4/4       1.06/2.45/3.50           181        7     8.26   0.0820    67%     0.0010      0/1845         0     0.0025       0
      primary samples 1, productive 1 (100.0%), vertices/sample 7.000
      qp 291.4 rows/call, 85% of calls reached the solver, 557 calls
      gate 0.0% of calls refused, 84.5% repaired, 0 refused / 435 repaired
  qp-free       4/4      88.80/120.80/255.08       11533       98    17.23   0.0135     0%     0.0071      0/4408         0     0.0025       0
      primary samples 370, productive 94 (25.4%), vertices/sample 0.285
      qp 297.6 rows/call, 0% of calls reached the solver, 55455 calls
      gate 3.8% of calls refused, 0.0% repaired, 2038 refused / 0 repaired
  free-env      4/4      10.18/13.68/32.69          659       99    17.50   0.2409    40%     0.0070      0/3520         0     0.0025       0
      primary samples 361, productive 95 (26.3%), vertices/sample 0.300
      qp 298.2 rows/call, 0% of calls reached the solver, 3331 calls
      gate 61.0% of calls refused, 0.0% repaired, 2026 refused / 0 repaired
  qp-env        4/4       0.57/1.14/2.82            78        7     8.26   0.1880    97%     0.0010      0/1722         0     0.0025       0
      primary samples 1, productive 1 (100.0%), vertices/sample 7.000
      qp 290.3 rows/call, 86% of calls reached the solver, 302 calls
      gate 0.0% of calls refused, 85.9% repaired, 0 refused / 249 repaired
  vamp-rrtc     4/4       0.07/0.16/0.24          1559       14    12.87        -      -     0.0004      0/2285         0     0.0025       0
      primary samples 0, productive 0 (0.0%), vertices/sample 0.000

table_under_pick  (4 problems, 0 skipped: 0 clearance, 0 self-collision)
  rrtconnect    4/4       5.75/11.31/63.52         1654       10    11.52        -      -     0.0017      0/2134         0     0.0025       0
      primary samples 32, productive 6 (18.8%), vertices/sample 0.400
  qp-fixed      4/4      34.95/41.48/59.47         2148       22    11.14   0.0118     0%     0.0000      0/3744         0     0.0004       0
      primary samples 6, productive 5 (83.3%), vertices/sample 3.750
      qp 286.1 rows/call, 83% of calls reached the solver, 9379 calls
      gate 0.0% of calls refused, 82.6% repaired, 0 refused / 7096 repaired
  qp-plain      4/4      37.87/40.93/62.85         2148       22    11.14   0.0118     0%     0.0000      0/3744         0     0.0004       0
      primary samples 6, productive 5 (83.3%), vertices/sample 3.750
      qp 342.0 rows/call, 100% of calls reached the solver, 9379 calls
      gate 0.0% of calls refused, 82.6% repaired, 0 refused / 7096 repaired
  qp-adapt      4/4      12.47/27.99/28.47         1489       20    11.14   0.0264    42%     0.0000      0/3289         0     0.0004       0
      primary samples 6, productive 5 (83.3%), vertices/sample 3.750
      qp 287.0 rows/call, 96% of calls reached the solver, 5209 calls
      gate 0.0% of calls refused, 96.2% repaired, 0 refused / 4856 repaired
  qp-free       4/4      39.31/80.57/1167.43       7697       62    26.64   0.0134     0%     0.0023      0/5742         0     0.0025       0
      primary samples 290, productive 58 (20.0%), vertices/sample 0.214
      qp 294.9 rows/call, 0% of calls reached the solver, 121307 calls
      gate 4.9% of calls refused, 0.0% repaired, 6490 refused / 0 repaired
  free-env      4/4       3.43/14.92/179.68         607       72    20.31   0.1724    43%     0.0023      0/3312         0     0.0025       0
      primary samples 288, productive 65 (22.6%), vertices/sample 0.250
      qp 296.6 rows/call, 0% of calls reached the solver, 9672 calls
      gate 68.4% of calls refused, 0.0% repaired, 6478 refused / 0 repaired
  qp-env        4/4       4.01/17.73/24.37          968       15    11.26   0.0605    38%     0.0000      0/3092         0     0.0002       0
      primary samples 5, productive 4 (80.0%), vertices/sample 4.000
      qp 288.7 rows/call, 98% of calls reached the solver, 2711 calls
      gate 0.0% of calls refused, 97.5% repaired, 0 refused / 2630 repaired
  vamp-rrtc     4/4       0.07/0.13/0.68          2191       11    11.52        -      -     0.0017      0/2265         0     0.0003       0
      primary samples 0, productive 0 (0.0%), vertices/sample 0.000

Hop disposition -- what set the hop's length, median over problems.
  row         floored(<1 step)    at region   edge-limited
  qp-fixed            100.0%         0.0%           0.0%
  qp-plain            100.0%         0.0%           0.0%
  qp-adapt             67.8%        32.9%           1.6%
  qp-free             100.0%         0.0%           0.0%
  free-env              0.0%        80.8%          18.1%
  qp-env               71.7%        26.0%           3.3%

Endpoint clearance at zero margin -- min(start, goal) over all spheres.
  scene                     min    median       max affordable   problems by margin
  bookshelf_small        0.0057    0.0100    0.0106    0.0057   0:100% 0.02:  0% 0.04:  0% 0.06:  0% 0.09:  0%
  bookshelf_tall         0.0050    0.0063    0.0074    0.0050   0:100% 0.02:  0% 0.04:  0% 0.06:  0% 0.09:  0%
  bookshelf_thin         0.0034    0.0063    0.0071    0.0034   0:100% 0.02:  0% 0.04:  0% 0.06:  0% 0.09:  0%
  box                    0.0127    0.0127    0.0127    0.0127   0:100% 0.02:  0% 0.04:  0% 0.06:  0% 0.09:  0%
  cage                   0.0127    0.0127    0.0127    0.0127   0:100% 0.02:  0% 0.04:  0% 0.06:  0% 0.09:  0%
  table_pick             0.0077    0.0080    0.0082    0.0077   0:100% 0.02:  0% 0.04:  0% 0.06:  0% 0.09:  0%
  table_under_pick       0.0023    0.0076    0.0081    0.0023   0:100% 0.02:  0% 0.04:  0% 0.06:  0% 0.09:  0%

all scenes  (28 problems, 0 skipped: 0 clearance, 0 self-collision)
  rrtconnect   28/28      2.84/17.02/1029.79       2828       16    14.08        -      -     0.0004      0/20901        0     0.0000       0
      primary samples 37, productive 11 (29.7%), vertices/sample 0.400
  qp-fixed     28/28      5.18/26.19/754.39        1219       12    10.12   0.0118     0%     0.0000      0/27873        0     0.0000       0
      primary samples 3, productive 3 (100.0%), vertices/sample 4.500
      qp 270.4 rows/call, 72% of calls reached the solver, 149571 calls
      gate 0.0% of calls refused, 71.9% repaired, 1 refused / 126148 repaired
  qp-plain     28/28      5.55/26.46/798.71        1219       12    10.12   0.0118     0%     0.0000      0/27873        0     0.0000       0
      primary samples 3, productive 3 (100.0%), vertices/sample 4.500
      qp 342.0 rows/call, 100% of calls reached the solver, 149571 calls
      gate 0.0% of calls refused, 71.9% repaired, 1 refused / 126148 repaired
  qp-adapt     28/28      1.00/11.02/498.39         580       12    10.12   0.0259    33%     0.0000      0/22165        0     0.0000       0
      primary samples 3, productive 3 (100.0%), vertices/sample 4.500
      qp 278.7 rows/call, 89% of calls reached the solver, 91239 calls
      gate 0.0% of calls refused, 88.8% repaired, 1 refused / 88245 repaired
  qp-free      24/28     13.76/224.76/10000.81      14977      132    18.42   0.0134     0%     0.0023      0/31005        0     0.0025       0
      primary samples 513, productive 128 (25.0%), vertices/sample 0.237
      qp 297.6 rows/call, 0% of calls reached the solver, 4645127 calls
      gate 4.1% of calls refused, 0.0% repaired, 386934 refused / 0 repaired
  free-env     26/28      1.47/32.69/10000.09       1010      148    19.50   0.2007    39%     0.0023      0/26356        0     0.0025       0
      primary samples 507, productive 140 (27.6%), vertices/sample 0.260
      qp 298.2 rows/call, 0% of calls reached the solver, 1038226 calls
      gate 61.0% of calls refused, 0.0% repaired, 800852 refused / 0 repaired
  qp-env       28/28      0.49/6.36/414.27         309       11    11.08   0.0486    29%     0.0000      0/20565        0     0.0000       0
      primary samples 3, productive 3 (100.0%), vertices/sample 5.000
      qp 284.8 rows/call, 94% of calls reached the solver, 68399 calls
      gate 0.0% of calls refused, 93.7% repaired, 1 refused / 67311 repaired
  vamp-rrtc    28/28      0.03/0.24/37.53         3048       20    13.90        -      -     0.0004      0/20774        0     0.0000       0
      primary samples 0, productive 0 (0.0%), vertices/sample 0.000

"samples" is checked configurations for isSafe, barrier evaluations for
the three CBF rows, and SIMD configuration lanes evaluated for VAMP. They measure
sampling work, while wall time captures the very different per-sample costs.
"unsafe/audited" evaluates exact primitive clearance at every state of the
densified solution -- for each CBF row that is the rollout the planner recorded
for each edge, replayed, so it is the motion that would actually be executed,
sampled inside each step rather than only at its boundaries. Non-zero unsafe
invalidates a row however fast it was.
"missed" counts solution edges that were not on file and had to be
re-derived; it must be zero, or the audited motion is a different trajectory
from the one the planner found.


envelope hop: 15774 filter calls, 1.191 hold queries/call, 14.7% saturated, 100.0% longer than L1, past one step 89.1% (L1 alone 54.3%), gated 76.9%, empty-active 0.0%, screen-escalated 1.6%
envelope bottleneck: world 97.6%, self-collision 2.3%, unbound 0.1% (horizon or screen clip), blocked 0.0%, joint-limit clamped 0.0%
envelope binding term:
  world rows       L1 0.0%, local-L1 0.5%, speed-capped 9.3%, isotropic-anchored 90.2% (of 15400 bound calls)
  self-pair rows   L1 0.0%, local-L1 0.0%, speed-capped 0.0%, normal-anchored 100.0% (of 355 bound calls)
local-lever screen: 4407101 of 5604475 expensive world rows settled before the envelope (78.6%)
span handed to the rollout, in controller steps (68398 calls):
                   <1      1-2      2-4      4-8       8+
  L1 only      87.47%     6.85%     3.19%     1.44%     1.05%
  envelope     79.46%     5.65%     6.17%     4.34%     4.38%
=== CBF profiler (wall time) ===
=== CBF filter stats ===
  calls=0  unchanged=0 (0.0%)  filtered=0 (0.0%)  blocked=0 (0.0%)
  active rows:       avg=0.00  max=0
  zero-row fast path: 0 (0.0%)
  qp iterations:     avg=0.00  max=0
  certified duration: avg=0.00000s  min=0.00000s  max=0.00000s  (over 0 non-blocked calls)
  required gain:     avg=0.000/s  max=0.000/s  p50=0.000/s  p90=0.000/s  p99=0.000/s  (over 0 calls, 0 uncertified)
