
MotionBenchMaker UR5, 689 problems loaded, up to 100 per scene
voxel 0.003 m, margin 0.0000 m + 0.0000 m filter buffer, stepSize 0.001 s, range 2.00 rad, 10.0 s limit

hop certificates: old L1 Lipschitz region and new hold-time bound
Picard: off; trajectory prefixes: 0; sequential rollout budget: 10000 calls
kappa 20.00 /s, certified step uncapped, self-collision margin 0.0000 m over 302 pairs
baseline segment: 0.000650 of extent = 0.0100 rad, rollout step 0.0100 rad (matched to the rollout)
rope shortcut off, all rows unsimplified

seed 1
  planner       solved ms(min/med/max)        samples vertices     path rad/call coarse  worst clr unsafe/audited missed worst self collide

bookshelf_small  (4 problems, 0 skipped: 0 clearance, 0 self-collision)
  rrtconnect    4/4       4.98/34.10/367.14        8800       46    21.33        -      -     0.0019      0/3654         0     0.0025       0
      primary samples 207, productive 41 (19.8%), vertices/sample 0.222
  qp-fixed      4/4      18.93/30.40/33.82         2183       18    12.64   0.0103     0%     0.0014      0/4115         0     0.0000       0
      primary samples 6, productive 6 (100.0%), vertices/sample 3.667
      qp 299.3 rows/call, 79% of calls reached the solver, 7663 calls
      gate 0.0% of calls refused, 79.2% repaired, 0 refused / 5873 repaired
  qp-plain      4/4      19.38/30.87/36.57         2183       18    12.64   0.0103     0%     0.0014      0/4115         0     0.0000       0
      primary samples 6, productive 6 (100.0%), vertices/sample 3.667
      qp 342.0 rows/call, 100% of calls reached the solver, 7663 calls
      gate 0.0% of calls refused, 79.2% repaired, 0 refused / 5873 repaired
  qp-adapt      4/4       7.47/18.38/23.07         1270       18    12.68   0.0177    36%     0.0014      0/3318         0     0.0000       0
      primary samples 6, productive 6 (100.0%), vertices/sample 3.667
      qp 308.3 rows/call, 97% of calls reached the solver, 4472 calls
      gate 0.0% of calls refused, 96.9% repaired, 0 refused / 4271 repaired
  qp-free       4/4       6.93/215.67/846.61       26356      235    17.74   0.0139     0%     0.0049      0/4665         0     0.0025       0
      primary samples 1186, productive 230 (19.4%), vertices/sample 0.288
      qp 298.7 rows/call, 0% of calls reached the solver, 140994 calls
      gate 4.9% of calls refused, 0.0% repaired, 7536 refused / 0 repaired
  free-env      4/4       0.93/22.17/151.60        1407      190    21.07   0.2349    43%     0.0049      0/3682         0     0.0025       0
      primary samples 794, productive 187 (23.6%), vertices/sample 0.315
      qp 308.7 rows/call, 0% of calls reached the solver, 11647 calls
      gate 63.1% of calls refused, 0.0% repaired, 7750 refused / 0 repaired
  qp-env        4/4       4.38/13.06/13.99          902       18    12.79   0.0286    25%     0.0012      0/2954         0     0.0000       0
      primary samples 6, productive 6 (100.0%), vertices/sample 3.833
      qp 308.2 rows/call, 98% of calls reached the solver, 2640 calls
      gate 0.0% of calls refused, 98.1% repaired, 0 refused / 2576 repaired
  vamp-rrtc     4/4       0.07/0.68/9.18         13496       63    20.11        -      -     0.0019      0/3464         0     0.0012       0
      primary samples 0, productive 0 (0.0%), vertices/sample 0.000

bookshelf_tall  (4 problems, 0 skipped: 0 clearance, 0 self-collision)
  rrtconnect    4/4      16.73/219.70/222.23       29064      142    21.62        -      -     0.0036      0/3620         0     0.0025       0
      primary samples 748, productive 139 (18.6%), vertices/sample 0.197
  qp-fixed      4/4      18.80/44.31/176.63        2128       23    13.56   0.0109     0%     0.0003      0/4246         0     0.0000       0
      primary samples 6, productive 5 (83.3%), vertices/sample 4.500
      qp 275.4 rows/call, 90% of calls reached the solver, 13333 calls
      gate 0.0% of calls refused, 90.0% repaired, 0 refused / 11497 repaired
  qp-plain      4/4      18.89/45.77/179.98        2128       23    13.56   0.0109     0%     0.0003      0/4246         0     0.0000       0
      primary samples 6, productive 5 (83.3%), vertices/sample 4.500
      qp 342.0 rows/call, 100% of calls reached the solver, 13333 calls
      gate 0.0% of calls refused, 90.0% repaired, 0 refused / 11497 repaired
  qp-adapt      4/4      11.14/25.98/135.87        1352       21    13.60   0.0176    34%     0.0003      0/3604         0     0.0000       0
      primary samples 6, productive 5 (83.3%), vertices/sample 4.200
      qp 282.7 rows/call, 96% of calls reached the solver, 9358 calls
      gate 0.0% of calls refused, 96.1% repaired, 0 refused / 8916 repaired
  qp-free       4/4     136.64/265.93/321.41       22380      194    19.93   0.0135     0%     0.0051      0/5998         0     0.0025       0
      primary samples 798, productive 190 (23.8%), vertices/sample 0.247
      qp 298.9 rows/call, 0% of calls reached the solver, 83119 calls
      gate 4.1% of calls refused, 0.0% repaired, 3416 refused / 0 repaired
  free-env      4/4      17.37/33.07/85.67         1406      198    22.69   0.1918    41%     0.0051      0/4090         0     0.0025       0
      primary samples 762, productive 194 (25.5%), vertices/sample 0.260
      qp 303.7 rows/call, 0% of calls reached the solver, 6540 calls
      gate 62.0% of calls refused, 0.0% repaired, 3988 refused / 0 repaired
  qp-env        4/4       9.46/16.38/120.42         765       22    13.71   0.0347    14%     0.0003      0/3060         0     0.0000       0
      primary samples 9, productive 8 (88.9%), vertices/sample 3.800
      qp 281.3 rows/call, 98% of calls reached the solver, 7393 calls
      gate 0.0% of calls refused, 98.4% repaired, 0 refused / 7222 repaired
  vamp-rrtc     4/4       0.17/2.62/2.72         39128      154    21.62        -      -     0.0036      0/3719         0     0.0025       0
      primary samples 0, productive 0 (0.0%), vertices/sample 0.000

bookshelf_thin  (4 problems, 0 skipped: 0 clearance, 0 self-collision)
  rrtconnect    4/4      21.08/61.93/671.52        5945       31    15.44        -      -     0.0017      0/2855         0     0.0003       0
      primary samples 86, productive 27 (31.4%), vertices/sample 0.369
  qp-fixed      4/4      20.30/27.94/36.90         1084       10     9.98   0.0116     0%     0.0001      0/3019         0     0.0003       0
      primary samples 2, productive 2 (100.0%), vertices/sample 6.000
      qp 262.0 rows/call, 63% of calls reached the solver, 4130 calls
      gate 0.0% of calls refused, 62.9% repaired, 0 refused / 2531 repaired
  qp-plain      4/4      20.93/28.95/38.48         1084       10     9.98   0.0116     0%     0.0001      0/3019         0     0.0003       0
      primary samples 2, productive 2 (100.0%), vertices/sample 6.000
      qp 342.0 rows/call, 100% of calls reached the solver, 4130 calls
      gate 0.0% of calls refused, 62.9% repaired, 0 refused / 2531 repaired
  qp-adapt      4/4       4.43/15.58/19.44          594       10     9.99   0.0276    66%     0.0001      0/2466         0     0.0003       0
      primary samples 2, productive 2 (100.0%), vertices/sample 6.000
      qp 283.8 rows/call, 95% of calls reached the solver, 1943 calls
      gate 0.0% of calls refused, 95.3% repaired, 0 refused / 1779 repaired
  qp-free       4/4     164.65/213.92/764.15       14702      128    15.07   0.0135     0%     0.0035      0/4565         0     0.0003       0
      primary samples 452, productive 122 (27.0%), vertices/sample 0.311
      qp 298.3 rows/call, 0% of calls reached the solver, 91116 calls
      gate 3.7% of calls refused, 0.0% repaired, 3564 refused / 0 repaired
  free-env      4/4      14.82/25.56/107.36         808      136    16.46   0.2440    42%     0.0035      0/3452         0     0.0003       0
      primary samples 411, productive 130 (31.6%), vertices/sample 0.331
      qp 300.1 rows/call, 0% of calls reached the solver, 5467 calls
      gate 58.0% of calls refused, 0.0% repaired, 3394 refused / 0 repaired
  qp-env        4/4       2.26/12.81/17.95          464        9     9.95   0.0821    58%     0.0001      0/2262         0     0.0003       0
      primary samples 2, productive 2 (100.0%), vertices/sample 4.000
      qp 287.9 rows/call, 97% of calls reached the solver, 1314 calls
      gate 0.0% of calls refused, 97.5% repaired, 0 refused / 1251 repaired
  vamp-rrtc     4/4       0.18/0.48/0.52          5338       30    12.34        -      -     0.0017      0/2364         0     0.0001       0
      primary samples 0, productive 0 (0.0%), vertices/sample 0.000

box  (4 problems, 0 skipped: 0 clearance, 0 self-collision)
  rrtconnect    4/4       2.08/9.46/13.08         2531       15    12.61        -      -     0.0007      0/1999         0     0.0025       0
      primary samples 28, productive 11 (39.3%), vertices/sample 2.000
  qp-fixed      4/4       5.10/6.72/20.55          553       12     6.62   0.0124     0%     0.0009      0/2465         0     0.0025       0
      primary samples 1, productive 1 (100.0%), vertices/sample 8.750
      qp 258.8 rows/call, 57% of calls reached the solver, 3017 calls
      gate 0.0% of calls refused, 56.6% repaired, 0 refused / 1858 repaired
  qp-plain      4/4       5.65/7.20/22.08          553       12     6.62   0.0124     0%     0.0009      0/2465         0     0.0025       0
      primary samples 1, productive 1 (100.0%), vertices/sample 8.750
      qp 342.0 rows/call, 100% of calls reached the solver, 3017 calls
      gate 0.0% of calls refused, 56.6% repaired, 0 refused / 1858 repaired
  qp-adapt      4/4       0.35/1.65/7.94           132       12     6.64   0.0685    85%     0.0009      0/1764         0     0.0025       0
      primary samples 1, productive 1 (100.0%), vertices/sample 7.750
      qp 280.2 rows/call, 89% of calls reached the solver, 928 calls
      gate 0.0% of calls refused, 88.6% repaired, 0 refused / 825 repaired
  qp-free       4/4      27.39/68.46/73.63         8597       72    17.11   0.0137     0%     0.0291      0/3774         0     0.0025       0
      primary samples 228, productive 65 (28.5%), vertices/sample 0.356
      qp 296.1 rows/call, 0% of calls reached the solver, 27423 calls
      gate 3.0% of calls refused, 0.0% repaired, 800 refused / 0 repaired
  free-env      4/4       0.38/4.72/9.91           278       48    17.04   0.2860    61%     0.0414      0/2793         0     0.0025       0
      primary samples 121, productive 41 (33.9%), vertices/sample 0.684
      qp 294.3 rows/call, 0% of calls reached the solver, 954 calls
      gate 52.2% of calls refused, 0.0% repaired, 503 refused / 0 repaired
  qp-env        4/4       0.25/0.98/5.91            80        9    10.36   0.2255    98%     0.0008      0/1848         0     0.0025       0
      primary samples 2, productive 2 (100.0%), vertices/sample 6.000
      qp 282.1 rows/call, 91% of calls reached the solver, 583 calls
      gate 0.0% of calls refused, 90.7% repaired, 0 refused / 506 repaired
  vamp-rrtc     4/4       0.04/0.13/0.18          1778       15    12.61        -      -     0.0007      0/2129         0     0.0025       0
      primary samples 0, productive 0 (0.0%), vertices/sample 0.000

cage  (4 problems, 0 skipped: 0 clearance, 0 self-collision)
  rrtconnect    4/4      75.59/948.11/2545.10     232253     1460    27.43        -      -     0.0002      0/4658         0     0.0025       0
      primary samples 8218, productive 1456 (17.7%), vertices/sample 0.184
  qp-fixed      4/4      35.08/522.03/763.24       37660      176    23.42   0.0100     0%     0.0000      0/6954         0     0.0003       0
      primary samples 148, productive 101 (68.2%), vertices/sample 1.627
      qp 268.1 rows/call, 88% of calls reached the solver, 117715 calls
      gate 0.0% of calls refused, 88.1% repaired, 1 refused / 103197 repaired
  qp-plain      4/4      37.30/554.47/800.12       37660      176    23.42   0.0100     0%     0.0000      0/6954         0     0.0003       0
      primary samples 148, productive 101 (68.2%), vertices/sample 1.627
      qp 342.0 rows/call, 100% of calls reached the solver, 117715 calls
      gate 0.0% of calls refused, 88.1% repaired, 1 refused / 103197 repaired
  qp-adapt      4/4      17.88/360.22/535.23       26101      176    23.47   0.0164    32%     0.0000      0/5892         0     0.0003       0
      primary samples 148, productive 101 (68.2%), vertices/sample 1.600
      qp 270.8 rows/call, 97% of calls reached the solver, 80528 calls
      gate 0.0% of calls refused, 97.5% repaired, 0 refused / 78456 repaired
  qp-free       1/4    8884.24/10000.12/10000.24    1051696    14608    25.47   0.0126     0%     0.0171      0/1839         0     0.0025       0
      primary samples 86949, productive 14601 (16.8%), vertices/sample 0.167
      qp 300.7 rows/call, 0% of calls reached the solver, 4218687 calls
      gate 9.1% of calls refused, 0.0% repaired, 378358 refused / 0 repaired
  free-env      1/4    6743.84/10000.08/10000.11     313702    39938    31.69   0.1015    22%     0.0071      0/1628         0     0.0025       0
      primary samples 235362, productive 39926 (17.0%), vertices/sample 0.177
      qp 301.6 rows/call, 0% of calls reached the solver, 1251524 calls
      gate 78.6% of calls refused, 0.0% repaired, 981158 refused / 0 repaired
  qp-env        4/4      13.37/292.18/602.26       19545      178    23.57   0.0236    23%     0.0000      0/5434         0     0.0004       0
      primary samples 148, productive 102 (68.9%), vertices/sample 1.613
      qp 268.3 rows/call, 99% of calls reached the solver, 71795 calls
      gate 0.0% of calls refused, 98.8% repaired, 3 refused / 70891 repaired
  vamp-rrtc     4/4       1.43/125.44/138.98     1307934     4531    29.41        -      -     0.0002      0/5481         0     0.0025       0
      primary samples 0, productive 0 (0.0%), vertices/sample 0.000

table_pick  (5 problems, 0 skipped: 0 clearance, 0 self-collision)
  rrtconnect    5/5       7.12/11.36/47.33         1971       12    14.20        -      -     0.0000      0/3332         0     0.0025       0
      primary samples 38, productive 8 (21.1%), vertices/sample 0.327
  qp-fixed      5/5       8.32/12.56/45.37          741        8     8.80   0.0115     0%     0.0007      0/3622         0     0.0025       0
      primary samples 1, productive 1 (100.0%), vertices/sample 7.000
      qp 273.7 rows/call, 72% of calls reached the solver, 5476 calls
      gate 0.0% of calls refused, 71.7% repaired, 0 refused / 3862 repaired
  qp-plain      5/5       8.84/12.84/47.44          741        8     8.80   0.0115     0%     0.0007      0/3622         0     0.0025       0
      primary samples 1, productive 1 (100.0%), vertices/sample 7.000
      qp 342.0 rows/call, 100% of calls reached the solver, 5476 calls
      gate 0.0% of calls refused, 71.7% repaired, 0 refused / 3862 repaired
  qp-adapt      5/5       3.79/8.57/22.04          503        8     9.50   0.0209    33%     0.0007      0/3235         0     0.0025       0
      primary samples 2, productive 2 (100.0%), vertices/sample 6.667
      qp 289.1 rows/call, 95% of calls reached the solver, 3187 calls
      gate 0.0% of calls refused, 95.2% repaired, 0 refused / 3052 repaired
  qp-free       5/5     105.06/141.53/1089.81      14118      119    22.73   0.0134     0%     0.0067      0/7547         0     0.0025       0
      primary samples 473, productive 114 (24.1%), vertices/sample 0.239
      qp 296.3 rows/call, 0% of calls reached the solver, 169055 calls
      gate 4.0% of calls refused, 0.0% repaired, 7736 refused / 0 repaired
  free-env      5/5      13.87/16.43/36.85          837      125    17.57   0.2202    38%     0.0067      0/4728         0     0.0025       0
      primary samples 473, productive 119 (25.2%), vertices/sample 0.283
      qp 295.7 rows/call, 0% of calls reached the solver, 5959 calls
      gate 61.6% of calls refused, 0.0% repaired, 3684 refused / 0 repaired
  qp-env        5/5       1.54/4.85/15.88          273        8     9.57   0.0477    41%     0.0007      0/2695         0     0.0025       0
      primary samples 2, productive 2 (100.0%), vertices/sample 4.000
      qp 287.6 rows/call, 95% of calls reached the solver, 1845 calls
      gate 0.0% of calls refused, 95.3% repaired, 0 refused / 1769 repaired
  vamp-rrtc     5/5       0.11/0.17/0.56          2486       15    16.04        -      -     0.0021      0/3347         0     0.0025       0
      primary samples 0, productive 0 (0.0%), vertices/sample 0.000

table_under_pick  (4 problems, 0 skipped: 0 clearance, 0 self-collision)
  rrtconnect    4/4       4.89/11.45/14.87         2017       12    15.83        -      -    -0.0000      1/2747         0     0.0025       0
      primary samples 19, productive 8 (42.1%), vertices/sample 0.474
  qp-fixed      4/4      17.01/22.31/32.60         1355       17    11.43   0.0110     0%     0.0001      0/3700         0     0.0015       0
      primary samples 4, productive 4 (100.0%), vertices/sample 4.250
      qp 261.1 rows/call, 74% of calls reached the solver, 5431 calls
      gate 0.0% of calls refused, 74.3% repaired, 0 refused / 3983 repaired
  qp-plain      4/4      17.76/23.73/34.26         1355       17    11.43   0.0110     0%     0.0001      0/3700         0     0.0015       0
      primary samples 4, productive 4 (100.0%), vertices/sample 4.250
      qp 342.0 rows/call, 100% of calls reached the solver, 5431 calls
      gate 0.0% of calls refused, 74.3% repaired, 0 refused / 3983 repaired
  qp-adapt      4/4       3.53/10.84/14.13          710       18     9.98   0.0267    48%     0.0001      0/2730         0     0.0015       0
      primary samples 3, productive 3 (100.0%), vertices/sample 5.000
      qp 271.4 rows/call, 96% of calls reached the solver, 2282 calls
      gate 0.0% of calls refused, 95.9% repaired, 0 refused / 2139 repaired
  qp-free       4/4      29.32/60.00/78.89         6090       49    19.16   0.0136     0%     0.0076      0/4822         0     0.0025       0
      primary samples 297, productive 45 (15.2%), vertices/sample 0.234
      qp 300.1 rows/call, 0% of calls reached the solver, 20769 calls
      gate 5.2% of calls refused, 0.0% repaired, 935 refused / 0 repaired
  free-env      4/4       5.90/11.34/12.04          585       77    22.82   0.1997    44%     0.0076      0/4177         0     0.0025       0
      primary samples 292, productive 71 (24.3%), vertices/sample 0.264
      qp 297.3 rows/call, 0% of calls reached the solver, 1820 calls
      gate 58.9% of calls refused, 0.0% repaired, 1027 refused / 0 repaired
  qp-env        4/4       1.72/9.29/10.27          538       21    10.03   0.0474    41%     0.0001      0/2765         0     0.0015       0
      primary samples 3, productive 3 (100.0%), vertices/sample 5.000
      qp 279.9 rows/call, 95% of calls reached the solver, 1614 calls
      gate 0.0% of calls refused, 95.1% repaired, 0 refused / 1530 repaired
  vamp-rrtc     4/4       0.06/0.11/0.32          1498       12    12.03        -      -     0.0004      0/2230         0     0.0000       0
      primary samples 0, productive 0 (0.0%), vertices/sample 0.000

Hop disposition -- what set the hop's length, median over problems.
  row         floored(<1 step)    at region   edge-limited
  qp-fixed            100.0%         0.0%           0.0%
  qp-plain            100.0%         0.0%           0.0%
  qp-adapt             64.3%        34.5%           1.3%
  qp-free             100.0%         0.0%           0.0%
  free-env              0.0%        80.6%          18.6%
  qp-env               72.2%        23.9%           2.4%

Endpoint clearance at zero margin -- min(start, goal) over all spheres.
  scene                     min    median       max affordable   problems by margin
  bookshelf_small        0.0049    0.0077    0.0078    0.0049   0:100% 0.02:  0% 0.04:  0% 0.06:  0% 0.09:  0%
  bookshelf_tall         0.0051    0.0075    0.0095    0.0051   0:100% 0.02:  0% 0.04:  0% 0.06:  0% 0.09:  0%
  bookshelf_thin         0.0003    0.0068    0.0103    0.0003   0:100% 0.02:  0% 0.04:  0% 0.06:  0% 0.09:  0%
  box                    0.0127    0.0127    0.0127    0.0127   0:100% 0.02:  0% 0.04:  0% 0.06:  0% 0.09:  0%
  cage                   0.0127    0.0127    0.0127    0.0127   0:100% 0.02:  0% 0.04:  0% 0.06:  0% 0.09:  0%
  table_pick             0.0067    0.0080    0.0083    0.0067   0:100% 0.02:  0% 0.04:  0% 0.06:  0% 0.09:  0%
  table_under_pick       0.0064    0.0082    0.0082    0.0064   0:100% 0.02:  0% 0.04:  0% 0.06:  0% 0.09:  0%

all scenes  (29 problems, 0 skipped: 0 clearance, 0 self-collision)
  rrtconnect   29/29      2.08/32.80/2545.10       4403       24    15.83        -      -    -0.0000      1/22865        0     0.0003       0
      primary samples 65, productive 20 (30.8%), vertices/sample 0.327
  qp-fixed     29/29      5.10/22.31/763.24        1406       12    10.89   0.0106     0%     0.0000      0/28121        0     0.0000       0
      primary samples 3, productive 3 (100.0%), vertices/sample 4.000
      qp 268.1 rows/call, 73% of calls reached the solver, 156765 calls
      gate 0.0% of calls refused, 72.7% repaired, 1 refused / 132801 repaired
  qp-plain     29/29      5.65/23.10/800.12        1406       12    10.89   0.0106     0%     0.0000      0/28121        0     0.0000       0
      primary samples 3, productive 3 (100.0%), vertices/sample 4.000
      qp 342.0 rows/call, 100% of calls reached the solver, 156765 calls
      gate 0.0% of calls refused, 72.7% repaired, 1 refused / 132801 repaired
  qp-adapt     29/29      0.35/11.14/535.23         710       12    10.89   0.0204    35%     0.0000      0/23009        0     0.0000       0
      primary samples 3, productive 3 (100.0%), vertices/sample 4.000
      qp 277.7 rows/call, 95% of calls reached the solver, 102698 calls
      gate 0.0% of calls refused, 95.2% repaired, 0 refused / 99438 repaired
  qp-free      26/29      6.93/164.65/10000.24      13753      117    17.86   0.0134     0%     0.0035      0/33210        0     0.0003       0
      primary samples 432, productive 110 (25.5%), vertices/sample 0.242
      qp 298.0 rows/call, 0% of calls reached the solver, 4751163 calls
      gate 4.0% of calls refused, 0.0% repaired, 402345 refused / 0 repaired
  free-env     26/29      0.38/17.37/10000.11        753      114    19.02   0.2128    41%     0.0035      0/24550        0     0.0003       0
      primary samples 386, productive 107 (27.7%), vertices/sample 0.264
      qp 299.2 rows/call, 0% of calls reached the solver, 1283911 calls
      gate 58.9% of calls refused, 0.0% repaired, 1001504 refused / 0 repaired
  qp-env       29/29      0.25/9.29/602.26         484       13    10.36   0.0347    27%     0.0000      0/21018        0     0.0000       0
      primary samples 3, productive 3 (100.0%), vertices/sample 3.833
      qp 278.8 rows/call, 95% of calls reached the solver, 87184 calls
      gate 0.0% of calls refused, 95.3% repaired, 3 refused / 85745 repaired
  vamp-rrtc    29/29      0.04/0.42/138.98        5338       26    15.83        -      -     0.0002      0/22734        0     0.0000       0
      primary samples 0, productive 0 (0.0%), vertices/sample 0.000

"samples" is checked configurations for isSafe, barrier evaluations for
the three CBF rows, and SIMD configuration lanes evaluated for VAMP. They measure
sampling work, while wall time captures the very different per-sample costs.
"unsafe/audited" evaluates exact primitive clearance at every state of the
densified solution -- for each CBF row that is the rollout the planner recorded
for each edge, replayed, so it is the motion that would actually be executed,
sampled inside each step rather than only at its boundaries. Non-zero unsafe
invalidates a row however fast it was.
"missed" counts solution edges that were not on file and had to be
re-derived; it must be zero, or the audited motion is a different trajectory
from the one the planner found.


envelope hop: 19654 filter calls, 1.220 hold queries/call, 16.8% saturated, 100.0% longer than L1, past one step 90.1% (L1 alone 47.9%), gated 77.5%, empty-active 0.0%, screen-escalated 1.4%
envelope bottleneck: world 97.3%, self-collision 2.6%, unbound 0.1% (horizon or screen clip), blocked 0.0%, joint-limit clamped 0.0%
envelope binding term:
  world rows       L1 0.0%, local-L1 0.5%, speed-capped 11.5%, isotropic-anchored 88.0% (of 19127 bound calls)
  self-pair rows   L1 0.0%, local-L1 0.0%, speed-capped 0.2%, normal-anchored 99.8% (of 515 bound calls)
local-lever screen: 5335364 of 6819944 expensive world rows settled before the envelope (78.2%)
span handed to the rollout, in controller steps (87181 calls):
                   <1      1-2      2-4      4-8       8+
  L1 only      89.21%     5.87%     2.62%     1.30%     1.00%
  envelope     79.70%     5.64%     5.90%     4.20%     4.56%
=== CBF profiler (wall time) ===
=== CBF filter stats ===
  calls=0  unchanged=0 (0.0%)  filtered=0 (0.0%)  blocked=0 (0.0%)
  active rows:       avg=0.00  max=0
  zero-row fast path: 0 (0.0%)
  qp iterations:     avg=0.00  max=0
  certified duration: avg=0.00000s  min=0.00000s  max=0.00000s  (over 0 non-blocked calls)
  required gain:     avg=0.000/s  max=0.000/s  p50=0.000/s  p90=0.000/s  p99=0.000/s  (over 0 calls, 0 uncertified)
