
MotionBenchMaker UR5, 689 problems loaded, up to 100 per scene
voxel 0.003 m, margin 0.0000 m + 0.0000 m filter buffer, stepSize 0.001 s, range 2.00 rad, 10.0 s limit

hop certificates: old L1 Lipschitz region and new hold-time bound
Picard: off; trajectory prefixes: 0; sequential rollout budget: 10000 calls
kappa 20.00 /s, certified step uncapped, self-collision margin 0.0000 m over 302 pairs
baseline segment: 0.000650 of extent = 0.0100 rad, rollout step 0.0100 rad (matched to the rollout)
rope shortcut off, all rows unsimplified

seed 1
  planner       solved ms(min/med/max)        samples vertices     path rad/call coarse  worst clr unsafe/audited missed worst self collide

bookshelf_small  (4 problems, 0 skipped: 0 clearance, 0 self-collision)
  rrtconnect    4/4       6.08/26.68/35.60        10460       51    14.18        -      -     0.0006      0/2477         0     0.0014       0
      primary samples 270, productive 48 (17.8%), vertices/sample 0.221
  qp-fixed      4/4       6.75/13.17/97.33         1426       13    14.13   0.0126     0%     0.0003      0/4002         0     0.0002       0
      primary samples 4, productive 4 (100.0%), vertices/sample 3.667
      qp 282.4 rows/call, 86% of calls reached the solver, 13426 calls
      gate 0.0% of calls refused, 85.5% repaired, 1 refused / 10817 repaired
  qp-plain      4/4       7.44/13.43/99.28         1426       13    14.13   0.0126     0%     0.0003      0/4002         0     0.0002       0
      primary samples 4, productive 4 (100.0%), vertices/sample 3.667
      qp 342.0 rows/call, 100% of calls reached the solver, 13426 calls
      gate 0.0% of calls refused, 85.5% repaired, 1 refused / 10817 repaired
  qp-adapt      4/4       0.68/8.38/75.34          921       13    14.14   0.0257    47%     0.0003      0/3342         0     0.0002       0
      primary samples 4, productive 4 (100.0%), vertices/sample 3.667
      qp 285.4 rows/call, 97% of calls reached the solver, 8910 calls
      gate 0.0% of calls refused, 97.1% repaired, 1 refused / 8623 repaired
  qp-free       4/4      31.93/42.98/180.00        7488       64    15.36   0.0133     0%     0.0039      0/4253         0     0.0025       0
      primary samples 264, productive 59 (22.3%), vertices/sample 0.283
      qp 297.6 rows/call, 0% of calls reached the solver, 54022 calls
      gate 3.9% of calls refused, 0.0% repaired, 2361 refused / 0 repaired
  free-env      4/4       4.12/5.64/59.43          474       75    18.78   0.2316    43%     0.0039      0/3616         0     0.0025       0
      primary samples 213, productive 69 (32.4%), vertices/sample 0.326
      qp 307.1 rows/call, 0% of calls reached the solver, 6842 calls
      gate 58.8% of calls refused, 0.0% repaired, 4307 refused / 0 repaired
  qp-env        4/4       0.48/5.31/71.79          544       13    14.16   0.0409    28%     0.0002      0/2975         0     0.0001       0
      primary samples 4, productive 4 (100.0%), vertices/sample 3.667
      qp 285.5 rows/call, 98% of calls reached the solver, 7413 calls
      gate 0.0% of calls refused, 98.0% repaired, 0 refused / 7285 repaired
  vamp-rrtc     4/4       0.05/0.35/0.46         16508       55    14.18        -      -     0.0006      0/2477         0     0.0014       0
      primary samples 0, productive 0 (0.0%), vertices/sample 0.000

bookshelf_tall  (4 problems, 0 skipped: 0 clearance, 0 self-collision)
  rrtconnect    4/4       8.40/93.50/251.12       20197      103    11.79        -      -     0.0011      0/2782         0     0.0025       0
      primary samples 526, productive 100 (19.0%), vertices/sample 0.352
  qp-fixed      4/4       6.35/44.31/70.14         3259       19    16.61   0.0106     0%     0.0003      0/4351         0     0.0002       0
      primary samples 12, productive 8 (66.7%), vertices/sample 1.727
      qp 303.4 rows/call, 78% of calls reached the solver, 11677 calls
      gate 0.0% of calls refused, 77.6% repaired, 0 refused / 9081 repaired
  qp-plain      4/4       6.57/45.31/70.06         3259       19    16.61   0.0106     0%     0.0003      0/4351         0     0.0002       0
      primary samples 12, productive 8 (66.7%), vertices/sample 1.727
      qp 342.0 rows/call, 100% of calls reached the solver, 11677 calls
      gate 0.0% of calls refused, 77.6% repaired, 0 refused / 9081 repaired
  qp-adapt      4/4       2.23/28.39/67.60         2044       20    16.59   0.0220    41%     0.0003      0/3486         0     0.0003       0
      primary samples 12, productive 8 (66.7%), vertices/sample 1.808
      qp 312.4 rows/call, 94% of calls reached the solver, 8564 calls
      gate 0.0% of calls refused, 94.4% repaired, 0 refused / 8057 repaired
  qp-free       4/4     360.25/1527.18/1934.80     199971     2161    25.91   0.0130     0%     0.0044      0/7445         0     0.0025       0
      primary samples 11880, productive 2158 (18.2%), vertices/sample 0.182
      qp 302.2 rows/call, 0% of calls reached the solver, 558641 calls
      gate 6.4% of calls refused, 0.0% repaired, 37062 refused / 0 repaired
  free-env      4/4      34.29/289.13/631.04       18790     2513    21.14   0.1809    34%     0.0044      0/3661         0     0.0025       0
      primary samples 12144, productive 2507 (20.6%), vertices/sample 0.213
      qp 314.0 rows/call, 0% of calls reached the solver, 63984 calls
      gate 70.7% of calls refused, 0.0% repaired, 46212 refused / 0 repaired
  qp-env        4/4       0.82/22.42/44.20         1498       19    14.86   0.0392    37%     0.0003      0/3133         0     0.0003       0
      primary samples 12, productive 8 (66.7%), vertices/sample 1.750
      qp 311.4 rows/call, 98% of calls reached the solver, 5091 calls
      gate 0.0% of calls refused, 97.5% repaired, 0 refused / 4951 repaired
  vamp-rrtc     4/4       0.07/0.93/2.80         28350      113    11.79        -      -     0.0011      0/2782         0     0.0025       0
      primary samples 0, productive 0 (0.0%), vertices/sample 0.000

bookshelf_thin  (4 problems, 0 skipped: 0 clearance, 0 self-collision)
  rrtconnect    4/4      13.00/37.83/67.23         5886       31    16.20        -      -     0.0024      0/2713         0     0.0011       0
      primary samples 115, productive 26 (22.6%), vertices/sample 0.400
  qp-fixed      4/4       6.71/28.76/114.29        1679       17    10.33   0.0116     0%     0.0002      0/3329         0     0.0011       0
      primary samples 6, productive 4 (66.7%), vertices/sample 5.000
      qp 256.7 rows/call, 86% of calls reached the solver, 9432 calls
      gate 0.0% of calls refused, 85.8% repaired, 0 refused / 7870 repaired
  qp-plain      4/4       7.28/29.24/116.08        1679       17    10.33   0.0116     0%     0.0002      0/3329         0     0.0011       0
      primary samples 6, productive 4 (66.7%), vertices/sample 5.000
      qp 342.0 rows/call, 100% of calls reached the solver, 9432 calls
      gate 0.0% of calls refused, 85.8% repaired, 0 refused / 7870 repaired
  qp-adapt      4/4       1.60/15.38/68.25         1056       16    10.36   0.0186    45%     0.0002      0/2878         0     0.0011       0
      primary samples 6, productive 4 (66.7%), vertices/sample 5.000
      qp 253.5 rows/call, 96% of calls reached the solver, 5898 calls
      gate 0.0% of calls refused, 95.6% repaired, 0 refused / 5696 repaired
  qp-free       4/4     294.47/535.89/596.58       58439      533    19.21   0.0134     0%     0.0067      0/5711         0     0.0025       0
      primary samples 2346, productive 529 (22.5%), vertices/sample 0.243
      qp 297.1 rows/call, 0% of calls reached the solver, 189614 calls
      gate 4.3% of calls refused, 0.0% repaired, 8030 refused / 0 repaired
  free-env      4/4      41.82/81.36/82.48         4096      603    19.36   0.2089    38%     0.0067      0/3913         0     0.0025       0
      primary samples 2346, productive 600 (25.6%), vertices/sample 0.269
      qp 298.2 rows/call, 0% of calls reached the solver, 13378 calls
      gate 63.3% of calls refused, 0.0% repaired, 8439 refused / 0 repaired
  qp-env        4/4       0.68/14.35/51.34          834       20     9.31   0.0304    23%     0.0002      0/2393         0     0.0008       0
      primary samples 6, productive 5 (83.3%), vertices/sample 5.000
      qp 251.9 rows/call, 98% of calls reached the solver, 4164 calls
      gate 0.0% of calls refused, 98.2% repaired, 0 refused / 4070 repaired
  vamp-rrtc     4/4       0.08/0.41/0.59         10817       52    17.63        -      -     0.0024      0/2785         0     0.0011       0
      primary samples 0, productive 0 (0.0%), vertices/sample 0.000

box  (4 problems, 0 skipped: 0 clearance, 0 self-collision)
  rrtconnect    4/4       5.51/7.05/14.12         2785       16    14.17        -      -     0.0092      0/2515         0     0.0025       0
      primary samples 37, productive 12 (32.4%), vertices/sample 0.593
  qp-fixed      4/4       3.58/5.94/7.98           716        7     8.82   0.0136     0%     0.0003      0/2277         0     0.0025       0
      primary samples 2, productive 2 (100.0%), vertices/sample 6.000
      qp 244.7 rows/call, 58% of calls reached the solver, 2584 calls
      gate 0.0% of calls refused, 57.7% repaired, 0 refused / 1317 repaired
  qp-plain      4/4       4.10/6.31/8.16           716        7     8.82   0.0136     0%     0.0003      0/2277         0     0.0025       0
      primary samples 2, productive 2 (100.0%), vertices/sample 6.000
      qp 342.0 rows/call, 100% of calls reached the solver, 2584 calls
      gate 0.0% of calls refused, 57.7% repaired, 0 refused / 1317 repaired
  qp-adapt      4/4       0.44/3.13/3.20           338        7     8.83   0.0563    99%     0.0003      0/1828         0     0.0025       0
      primary samples 2, productive 2 (100.0%), vertices/sample 6.000
      qp 252.4 rows/call, 85% of calls reached the solver, 897 calls
      gate 0.0% of calls refused, 84.5% repaired, 0 refused / 731 repaired
  qp-free       4/4       9.10/34.87/102.38        6268       59    12.54   0.0139     0%     0.0329      0/3654         0     0.0025       0
      primary samples 144, productive 52 (36.1%), vertices/sample 0.410
      qp 293.3 rows/call, 0% of calls reached the solver, 31072 calls
      gate 2.7% of calls refused, 0.0% repaired, 956 refused / 0 repaired
  free-env      4/4       1.00/6.65/6.97           559       91    20.23   0.2439    47%     0.0329      0/3430         0     0.0025       0
      primary samples 242, productive 81 (33.5%), vertices/sample 0.397
      qp 294.0 rows/call, 0% of calls reached the solver, 1661 calls
      gate 53.7% of calls refused, 0.0% repaired, 884 refused / 0 repaired
  qp-env        4/4       0.28/2.45/2.48           254        7     8.83   0.1001    97%     0.0003      0/1725         0     0.0025       0
      primary samples 2, productive 2 (100.0%), vertices/sample 6.000
      qp 248.5 rows/call, 87% of calls reached the solver, 608 calls
      gate 0.0% of calls refused, 87.4% repaired, 0 refused / 529 repaired
  vamp-rrtc     4/4       0.06/0.08/0.18          2401       16    14.17        -      -     0.0092      0/2537         0     0.0025       0
      primary samples 0, productive 0 (0.0%), vertices/sample 0.000

cage  (4 problems, 0 skipped: 0 clearance, 0 self-collision)
  rrtconnect    4/4      31.81/43.46/510.97       15709       79    20.50        -      -     0.0002      0/3481         0     0.0025       0
      primary samples 342, productive 75 (21.9%), vertices/sample 0.231
  qp-fixed      4/4      25.01/272.33/320.49       28129      143    20.79   0.0087     0%     0.0000      0/7923         0     0.0001       0
      primary samples 111, productive 78 (70.3%), vertices/sample 1.288
      qp 276.4 rows/call, 86% of calls reached the solver, 82226 calls
      gate 0.0% of calls refused, 85.9% repaired, 1 refused / 72535 repaired
  qp-plain      4/4      25.64/277.02/327.78       28129      143    20.79   0.0087     0%     0.0000      0/7923         0     0.0001       0
      primary samples 111, productive 78 (70.3%), vertices/sample 1.288
      qp 342.0 rows/call, 100% of calls reached the solver, 82226 calls
      gate 0.0% of calls refused, 85.9% repaired, 1 refused / 72535 repaired
  qp-adapt      4/4       9.71/186.62/213.56       18925      144    20.84   0.0137    31%     0.0000      0/6420         0     0.0001       0
      primary samples 111, productive 78 (70.3%), vertices/sample 1.297
      qp 274.6 rows/call, 97% of calls reached the solver, 53873 calls
      gate 0.0% of calls refused, 97.4% repaired, 2 refused / 52565 repaired
  qp-free       3/4     615.43/5884.97/10000.04     979964    13494    26.57   0.0126     0%     0.0035      0/6331         0     0.0025       0
      primary samples 83913, productive 13488 (16.1%), vertices/sample 0.161
      qp 300.8 rows/call, 0% of calls reached the solver, 3432160 calls
      gate 9.3% of calls refused, 0.0% repaired, 327659 refused / 0 repaired
  free-env      2/4      93.02/10000.07/10000.09     464094    55208    32.83   0.1418    30%     0.0099      0/3039         0     0.0025       0
      primary samples 361517, productive 55200 (15.3%), vertices/sample 0.206
      qp 303.1 rows/call, 0% of calls reached the solver, 976481 calls
      gate 80.0% of calls refused, 0.0% repaired, 784538 refused / 0 repaired
  qp-env        4/4       8.77/150.23/173.55       14447      142    20.96   0.0176    30%     0.0000      0/5491         0     0.0000       0
      primary samples 111, productive 78 (70.3%), vertices/sample 1.279
      qp 271.9 rows/call, 99% of calls reached the solver, 41329 calls
      gate 0.0% of calls refused, 98.6% repaired, 2 refused / 40794 repaired
  vamp-rrtc     4/4       0.46/0.60/12.62        25966       82    20.34        -      -     0.0035      0/3760         0     0.0025       0
      primary samples 0, productive 0 (0.0%), vertices/sample 0.000

table_pick  (4 problems, 0 skipped: 0 clearance, 0 self-collision)
  rrtconnect    4/4       4.33/7.27/21.85         1985       11     8.77        -      -     0.0022      0/1860         0     0.0025       0
      primary samples 20, productive 7 (35.0%), vertices/sample 0.900
  qp-fixed      4/4       3.54/5.26/6.81           542        6     6.13   0.0140     0%     0.0061      0/1956         0     0.0025       0
      primary samples 1, productive 1 (100.0%), vertices/sample 6.000
      qp 228.2 rows/call, 19% of calls reached the solver, 1952 calls
      gate 0.0% of calls refused, 19.0% repaired, 0 refused / 317 repaired
  qp-plain      4/4       4.01/5.78/7.71           542        6     6.13   0.0140     0%     0.0061      0/1956         0     0.0025       0
      primary samples 1, productive 1 (100.0%), vertices/sample 6.000
      qp 342.0 rows/call, 100% of calls reached the solver, 1952 calls
      gate 0.0% of calls refused, 19.0% repaired, 0 refused / 317 repaired
  qp-adapt      4/4       0.33/0.55/0.67            71        6     6.14   0.1066    85%     0.0061      0/1332         0     0.0025       0
      primary samples 1, productive 1 (100.0%), vertices/sample 6.000
      qp 259.4 rows/call, 59% of calls reached the solver, 244 calls
      gate 0.0% of calls refused, 59.2% repaired, 0 refused / 145 repaired
  qp-free       4/4      81.33/155.22/167.30       23749      208    16.62   0.0136     0%     0.0074      0/4634         0     0.0025       0
      primary samples 774, productive 205 (26.5%), vertices/sample 0.269
      qp 296.4 rows/call, 0% of calls reached the solver, 83532 calls
      gate 3.7% of calls refused, 0.0% repaired, 3152 refused / 0 repaired
  free-env      4/4       0.96/7.89/20.34          535       88    14.66   0.2592    51%     0.0074      0/2670         0     0.0025       0
      primary samples 270, productive 84 (31.1%), vertices/sample 0.409
      qp 290.9 rows/call, 0% of calls reached the solver, 2222 calls
      gate 56.6% of calls refused, 0.0% repaired, 1286 refused / 0 repaired
  qp-env        4/4       0.30/0.34/0.36            34        6     6.16   0.2104   100%     0.0061      0/1271         0     0.0025       0
      primary samples 1, productive 1 (100.0%), vertices/sample 6.000
      qp 257.0 rows/call, 65% of calls reached the solver, 125 calls
      gate 0.0% of calls refused, 64.7% repaired, 0 refused / 81 repaired
  vamp-rrtc     4/4       0.04/0.07/0.20          1754       11     8.77        -      -     0.0022      0/1860         0     0.0025       0
      primary samples 0, productive 0 (0.0%), vertices/sample 0.000

table_under_pick  (5 problems, 0 skipped: 0 clearance, 0 self-collision)
  rrtconnect    5/5       4.25/7.02/10.42         1905       12    15.61        -      -     0.0012      0/3837         0     0.0007       0
      primary samples 26, productive 7 (26.9%), vertices/sample 0.333
  qp-fixed      5/5       7.89/19.29/68.51         1669       14     9.85   0.0116     0%     0.0004      0/3873         0     0.0001       0
      primary samples 4, productive 4 (100.0%), vertices/sample 3.500
      qp 281.6 rows/call, 88% of calls reached the solver, 11598 calls
      gate 0.0% of calls refused, 88.3% repaired, 0 refused / 9807 repaired
  qp-plain      5/5       8.22/19.46/69.94         1669       14     9.85   0.0116     0%     0.0004      0/3873         0     0.0001       0
      primary samples 4, productive 4 (100.0%), vertices/sample 3.500
      qp 342.0 rows/call, 100% of calls reached the solver, 11598 calls
      gate 0.0% of calls refused, 88.3% repaired, 0 refused / 9807 repaired
  qp-adapt      5/5       1.40/9.90/14.27          923       14     9.59   0.0221    34%     0.0004      0/3083         0     0.0001       0
      primary samples 4, productive 4 (100.0%), vertices/sample 3.500
      qp 284.5 rows/call, 94% of calls reached the solver, 3858 calls
      gate 0.0% of calls refused, 93.6% repaired, 0 refused / 3566 repaired
  qp-free       5/5      15.82/20.36/26.63         3167       29    18.28   0.0137     0%     0.0078      0/6403         0     0.0025       0
      primary samples 99, productive 25 (25.3%), vertices/sample 0.265
      qp 295.9 rows/call, 0% of calls reached the solver, 15846 calls
      gate 3.7% of calls refused, 0.0% repaired, 601 refused / 0 repaired
  free-env      5/5       1.41/2.89/4.35           190       28    15.69   0.1878    49%     0.0078      0/4008         0     0.0025       0
      primary samples 76, productive 24 (31.6%), vertices/sample 0.301
      qp 298.0 rows/call, 0% of calls reached the solver, 1039 calls
      gate 50.3% of calls refused, 0.0% repaired, 535 refused / 0 repaired
  qp-env        5/5       0.47/7.06/10.13          607       14     9.65   0.0423    45%     0.0003      0/2758         0     0.0007       0
      primary samples 4, productive 4 (100.0%), vertices/sample 3.500
      qp 282.9 rows/call, 94% of calls reached the solver, 2200 calls
      gate 0.0% of calls refused, 94.4% repaired, 0 refused / 2089 repaired
  vamp-rrtc     5/5       0.04/0.06/0.09          1866       12    15.61        -      -     0.0012      0/3808         0     0.0010       0
      primary samples 0, productive 0 (0.0%), vertices/sample 0.000

Hop disposition -- what set the hop's length, median over problems.
  row         floored(<1 step)    at region   edge-limited
  qp-fixed            100.0%         0.0%           0.0%
  qp-plain            100.0%         0.0%           0.0%
  qp-adapt             58.5%        40.5%           1.3%
  qp-free             100.0%         0.0%           0.0%
  free-env              0.0%        80.9%          18.7%
  qp-env               70.1%        29.1%           2.5%

Endpoint clearance at zero margin -- min(start, goal) over all spheres.
  scene                     min    median       max affordable   problems by margin
  bookshelf_small        0.0043    0.0082    0.0102    0.0043   0:100% 0.02:  0% 0.04:  0% 0.06:  0% 0.09:  0%
  bookshelf_tall         0.0044    0.0074    0.0102    0.0044   0:100% 0.02:  0% 0.04:  0% 0.06:  0% 0.09:  0%
  bookshelf_thin         0.0063    0.0067    0.0069    0.0063   0:100% 0.02:  0% 0.04:  0% 0.06:  0% 0.09:  0%
  box                    0.0127    0.0127    0.0127    0.0127   0:100% 0.02:  0% 0.04:  0% 0.06:  0% 0.09:  0%
  cage                   0.0035    0.0127    0.0127    0.0035   0:100% 0.02:  0% 0.04:  0% 0.06:  0% 0.09:  0%
  table_pick             0.0079    0.0080    0.0082    0.0079   0:100% 0.02:  0% 0.04:  0% 0.06:  0% 0.09:  0%
  table_under_pick       0.0078    0.0081    0.0083    0.0078   0:100% 0.02:  0% 0.04:  0% 0.06:  0% 0.09:  0%

all scenes  (29 problems, 0 skipped: 0 clearance, 0 self-collision)
  rrtconnect   29/29      4.25/14.12/510.97        3392       19    14.17        -      -     0.0002      0/19665        0     0.0007       0
      primary samples 54, productive 15 (27.8%), vertices/sample 0.352
  qp-fixed     29/29      3.54/13.17/320.49        1266       12     9.94   0.0114     0%     0.0000      0/27711        0     0.0001       0
      primary samples 3, productive 3 (100.0%), vertices/sample 3.500
      qp 263.4 rows/call, 71% of calls reached the solver, 132895 calls
      gate 0.0% of calls refused, 70.8% repaired, 2 refused / 111744 repaired
  qp-plain     29/29      4.01/13.43/327.78        1266       12     9.94   0.0114     0%     0.0000      0/27711        0     0.0001       0
      primary samples 3, productive 3 (100.0%), vertices/sample 3.500
      qp 342.0 rows/call, 100% of calls reached the solver, 132895 calls
      gate 0.0% of calls refused, 70.8% repaired, 2 refused / 111744 repaired
  qp-adapt     29/29      0.33/8.38/213.56         632       11     9.86   0.0257    41%     0.0000      0/22369        0     0.0001       0
      primary samples 3, productive 3 (100.0%), vertices/sample 3.500
      qp 274.6 rows/call, 92% of calls reached the solver, 82244 calls
      gate 0.0% of calls refused, 91.9% repaired, 3 refused / 79383 repaired
  qp-free      28/29      9.10/155.22/10000.04      23749      208    17.86   0.0134     0%     0.0035      0/38431        0     0.0025       0
      primary samples 774, productive 205 (26.5%), vertices/sample 0.243
      qp 297.1 rows/call, 0% of calls reached the solver, 4364887 calls
      gate 4.0% of calls refused, 0.0% repaired, 379821 refused / 0 repaired
  free-env     27/29      0.96/7.89/10000.09        592       96    17.23   0.2059    40%     0.0039      0/24337        0     0.0025       0
      primary samples 275, productive 88 (32.0%), vertices/sample 0.287
      qp 300.9 rows/call, 0% of calls reached the solver, 1065607 calls
      gate 58.8% of calls refused, 0.0% repaired, 846201 refused / 0 repaired
  qp-env       29/29      0.28/5.31/173.55         399       11     9.65   0.0392    30%     0.0000      0/19746        0     0.0000       0
      primary samples 3, productive 3 (100.0%), vertices/sample 3.500
      qp 272.0 rows/call, 94% of calls reached the solver, 60930 calls
      gate 0.0% of calls refused, 94.4% repaired, 2 refused / 59799 repaired
  vamp-rrtc    29/29      0.04/0.13/12.62         3338       19    14.17        -      -     0.0006      0/20009        0     0.0010       0
      primary samples 0, productive 0 (0.0%), vertices/sample 0.000

"samples" is checked configurations for isSafe, barrier evaluations for
the three CBF rows, and SIMD configuration lanes evaluated for VAMP. They measure
sampling work, while wall time captures the very different per-sample costs.
"unsafe/audited" evaluates exact primitive clearance at every state of the
densified solution -- for each CBF row that is the rollout the planner recorded
for each edge, replayed, so it is the motion that would actually be executed,
sampled inside each step rather than only at its boundaries. Non-zero unsafe
invalidates a row however fast it was.
"missed" counts solution edges that were not on file and had to be
re-derived; it must be zero, or the audited motion is a different trajectory
from the one the planner found.


envelope hop: 14773 filter calls, 1.189 hold queries/call, 14.8% saturated, 100.0% longer than L1, past one step 90.4% (L1 alone 55.0%), gated 75.8%, empty-active 0.0%, screen-escalated 1.2%
envelope bottleneck: world 98.0%, self-collision 1.9%, unbound 0.1% (horizon or screen clip), blocked 0.0%, joint-limit clamped 0.0%
envelope binding term:
  world rows       L1 0.0%, local-L1 0.5%, speed-capped 7.7%, isotropic-anchored 91.7% (of 14479 bound calls)
  self-pair rows   L1 0.0%, local-L1 0.0%, speed-capped 0.4%, normal-anchored 99.6% (of 278 bound calls)
local-lever screen: 4367584 of 5594981 expensive world rows settled before the envelope (78.1%)
span handed to the rollout, in controller steps (60928 calls):
                   <1      1-2      2-4      4-8       8+
  L1 only      86.67%     7.28%     3.49%     1.46%     1.10%
  envelope     78.09%     6.65%     5.90%     4.84%     4.52%
=== CBF profiler (wall time) ===
=== CBF filter stats ===
  calls=0  unchanged=0 (0.0%)  filtered=0 (0.0%)  blocked=0 (0.0%)
  active rows:       avg=0.00  max=0
  zero-row fast path: 0 (0.0%)
  qp iterations:     avg=0.00  max=0
  certified duration: avg=0.00000s  min=0.00000s  max=0.00000s  (over 0 non-blocked calls)
  required gain:     avg=0.000/s  max=0.000/s  p50=0.000/s  p90=0.000/s  p99=0.000/s  (over 0 calls, 0 uncertified)
