
MotionBenchMaker UR5, 689 problems loaded, up to 100 per scene
voxel 0.003 m, margin 0.0000 m + 0.0000 m filter buffer, stepSize 0.001 s, range 2.00 rad, 10.0 s limit

hop certificates: old L1 Lipschitz region and new hold-time bound
Picard: off; trajectory prefixes: 0; sequential rollout budget: 10000 calls
kappa 20.00 /s, certified step uncapped, self-collision margin 0.0000 m over 302 pairs
baseline segment: 0.000650 of extent = 0.0100 rad, rollout step 0.0100 rad (matched to the rollout)
rope shortcut off, all rows unsimplified

seed 1
  planner       solved ms(min/med/max)        samples vertices     path rad/call coarse  worst clr unsafe/audited missed worst self collide

bookshelf_small  (4 problems, 0 skipped: 0 clearance, 0 self-collision)
  rrtconnect    4/4       5.71/13.83/45.12         3636       20    16.87        -      -     0.0001      0/3006         0     0.0007       0
      primary samples 61, productive 14 (23.0%), vertices/sample 0.409
  qp-fixed      4/4       4.35/15.10/59.38         1101        9     9.39   0.0109     0%     0.0003      0/3005         0     0.0025       0
      primary samples 3, productive 2 (66.7%), vertices/sample 5.000
      qp 280.7 rows/call, 66% of calls reached the solver, 6426 calls
      gate 0.0% of calls refused, 66.2% repaired, 0 refused / 4640 repaired
  qp-plain      4/4       4.58/16.11/62.18         1101        9     9.39   0.0109     0%     0.0003      0/3005         0     0.0025       0
      primary samples 3, productive 2 (66.7%), vertices/sample 5.000
      qp 342.0 rows/call, 100% of calls reached the solver, 6426 calls
      gate 0.0% of calls refused, 66.2% repaired, 0 refused / 4640 repaired
  qp-adapt      4/4       1.10/9.63/43.63          682        9     9.38   0.0244    44%     0.0003      0/2490         0     0.0025       0
      primary samples 3, productive 2 (66.7%), vertices/sample 5.000
      qp 292.3 rows/call, 94% of calls reached the solver, 4128 calls
      gate 0.0% of calls refused, 94.1% repaired, 0 refused / 3905 repaired
  qp-free       4/4      48.07/205.19/284.98       25152      223    26.91   0.0136     0%     0.0021      0/6318         0     0.0025       0
      primary samples 969, productive 219 (22.6%), vertices/sample 0.263
      qp 297.8 rows/call, 0% of calls reached the solver, 81049 calls
      gate 4.3% of calls refused, 0.0% repaired, 3565 refused / 0 repaired
  free-env      4/4       5.11/17.12/25.71         1050      153    17.64   0.2107    43%     0.0021      0/3621         0     0.0025       0
      primary samples 566, productive 147 (26.0%), vertices/sample 0.310
      qp 301.0 rows/call, 0% of calls reached the solver, 4022 calls
      gate 63.9% of calls refused, 0.0% repaired, 2437 refused / 0 repaired
  qp-env        4/4       0.68/6.47/33.82          427        8     8.99   0.0377    34%     0.0002      0/2269         0     0.0025       0
      primary samples 3, productive 2 (66.7%), vertices/sample 5.000
      qp 294.2 rows/call, 96% of calls reached the solver, 2911 calls
      gate 0.0% of calls refused, 96.0% repaired, 1 refused / 2811 repaired
  vamp-rrtc     4/4       0.07/0.18/0.78          3592       19    16.59        -      -     0.0001      0/3001         0     0.0007       0
      primary samples 0, productive 0 (0.0%), vertices/sample 0.000

bookshelf_tall  (4 problems, 0 skipped: 0 clearance, 0 self-collision)
  rrtconnect    4/4       5.74/24.72/38.02         3203       18    11.12        -      -     0.0012      0/2299         0     0.0025       0
      primary samples 45, productive 13 (28.9%), vertices/sample 0.400
  qp-fixed      4/4      10.17/43.58/67.03         2063       23     9.74   0.0137     0%     0.0001      0/3043         0     0.0007       0
      primary samples 6, productive 6 (100.0%), vertices/sample 6.000
      qp 273.0 rows/call, 79% of calls reached the solver, 6415 calls
      gate 0.0% of calls refused, 78.9% repaired, 0 refused / 4957 repaired
  qp-plain      4/4      10.25/45.34/68.96         2063       23     9.74   0.0137     0%     0.0001      0/3043         0     0.0007       0
      primary samples 6, productive 6 (100.0%), vertices/sample 6.000
      qp 342.0 rows/call, 100% of calls reached the solver, 6415 calls
      gate 0.0% of calls refused, 78.9% repaired, 0 refused / 4957 repaired
  qp-adapt      4/4       1.77/24.89/38.73         1352       24     9.75   0.0395    63%     0.0001      0/2654         0     0.0007       0
      primary samples 6, productive 6 (100.0%), vertices/sample 6.000
      qp 304.8 rows/call, 94% of calls reached the solver, 3737 calls
      gate 0.0% of calls refused, 94.1% repaired, 0 refused / 3519 repaired
  qp-free       4/4      33.29/351.26/553.29       29162      250    17.81   0.0136     0%     0.0032      0/5293         0     0.0025       0
      primary samples 1250, productive 246 (19.7%), vertices/sample 0.254
      qp 299.2 rows/call, 0% of calls reached the solver, 82269 calls
      gate 4.7% of calls refused, 0.0% repaired, 3627 refused / 0 repaired
  free-env      4/4       6.49/20.77/55.41          784      112    18.67   0.2173    43%     0.0032      0/4028         0     0.0025       0
      primary samples 350, productive 105 (30.0%), vertices/sample 0.320
      qp 302.3 rows/call, 0% of calls reached the solver, 3813 calls
      gate 61.6% of calls refused, 0.0% repaired, 2245 refused / 0 repaired
  qp-env        4/4       0.85/11.95/27.57          573       23     9.86   0.0929    68%     0.0001      0/2368         0     0.0006       0
      primary samples 6, productive 6 (100.0%), vertices/sample 6.000
      qp 303.3 rows/call, 96% of calls reached the solver, 2051 calls
      gate 0.0% of calls refused, 96.4% repaired, 0 refused / 1968 repaired
  vamp-rrtc     4/4       0.09/0.25/0.37          2950       19    11.12        -      -     0.0012      0/2399         0     0.0025       0
      primary samples 0, productive 0 (0.0%), vertices/sample 0.000

bookshelf_thin  (4 problems, 0 skipped: 0 clearance, 0 self-collision)
  rrtconnect    4/4       8.06/63.37/88.56         6289       32    14.00        -      -     0.0059      0/2487         0     0.0025       0
      primary samples 154, productive 28 (18.2%), vertices/sample 0.444
  qp-fixed      4/4       9.51/42.64/49.98         1669       14    10.69   0.0151     0%     0.0008      0/2829         0     0.0009       0
      primary samples 7, productive 5 (71.4%), vertices/sample 6.000
      qp 278.7 rows/call, 61% of calls reached the solver, 4489 calls
      gate 0.0% of calls refused, 61.4% repaired, 0 refused / 2732 repaired
  qp-plain      4/4       9.68/43.71/51.52         1669       14    10.69   0.0151     0%     0.0008      0/2829         0     0.0009       0
      primary samples 7, productive 5 (71.4%), vertices/sample 6.000
      qp 342.0 rows/call, 100% of calls reached the solver, 4489 calls
      gate 0.0% of calls refused, 61.4% repaired, 0 refused / 2732 repaired
  qp-adapt      4/4       1.52/20.91/21.25          900       14    10.70   0.0359    47%     0.0008      0/2428         0     0.0009       0
      primary samples 7, productive 5 (71.4%), vertices/sample 6.000
      qp 288.1 rows/call, 86% of calls reached the solver, 2102 calls
      gate 0.0% of calls refused, 85.7% repaired, 0 refused / 1803 repaired
  qp-free       4/4      92.69/163.03/220.51       11347       96    19.12   0.0136     0%     0.0059      0/5271         0     0.0025       0
      primary samples 392, productive 91 (23.2%), vertices/sample 0.245
      qp 295.3 rows/call, 0% of calls reached the solver, 40152 calls
      gate 3.8% of calls refused, 0.0% repaired, 1461 refused / 0 repaired
  free-env      4/4      12.54/22.00/26.49          732      106    18.47   0.2363    41%     0.0059      0/3437         0     0.0025       0
      primary samples 385, productive 100 (26.0%), vertices/sample 0.303
      qp 293.3 rows/call, 0% of calls reached the solver, 2432 calls
      gate 58.8% of calls refused, 0.0% repaired, 1437 refused / 0 repaired
  qp-env        4/4       0.58/13.17/14.53          519       15    11.20   0.0638    28%     0.0002      0/2296         0     0.0007       0
      primary samples 6, productive 5 (83.3%), vertices/sample 6.000
      qp 287.1 rows/call, 94% of calls reached the solver, 1177 calls
      gate 0.0% of calls refused, 93.9% repaired, 0 refused / 1090 repaired
  vamp-rrtc     4/4       0.07/0.61/0.97         10559       37    16.37        -      -     0.0059      0/2660         0     0.0011       0
      primary samples 0, productive 0 (0.0%), vertices/sample 0.000

box  (4 problems, 0 skipped: 0 clearance, 0 self-collision)
  rrtconnect    4/4       2.83/23.09/25.89         6262       34    17.37        -      -     0.0157      0/2732         0     0.0025       0
      primary samples 98, productive 30 (30.6%), vertices/sample 0.347
  qp-fixed      4/4       4.69/16.00/17.08         1203       13    13.33   0.0124     0%     0.0007      0/3454         0     0.0025       0
      primary samples 3, productive 3 (100.0%), vertices/sample 5.000
      qp 280.8 rows/call, 88% of calls reached the solver, 4075 calls
      gate 0.0% of calls refused, 88.2% repaired, 0 refused / 3219 repaired
  qp-plain      4/4       5.19/16.58/17.73         1203       13    13.33   0.0124     0%     0.0007      0/3454         0     0.0025       0
      primary samples 3, productive 3 (100.0%), vertices/sample 5.000
      qp 342.0 rows/call, 100% of calls reached the solver, 4075 calls
      gate 0.0% of calls refused, 88.2% repaired, 0 refused / 3219 repaired
  qp-adapt      4/4       0.81/7.59/8.39           626       13    13.34   0.0238    53%     0.0007      0/2829         0     0.0025       0
      primary samples 3, productive 3 (100.0%), vertices/sample 4.667
      qp 282.0 rows/call, 97% of calls reached the solver, 1925 calls
      gate 0.0% of calls refused, 97.0% repaired, 0 refused / 1831 repaired
  qp-free       4/4      11.16/80.67/108.28       10166       90    17.04   0.0139     0%     0.0338      0/4629         0     0.0025       0
      primary samples 304, productive 83 (27.3%), vertices/sample 0.438
      qp 294.6 rows/call, 0% of calls reached the solver, 26814 calls
      gate 3.2% of calls refused, 0.0% repaired, 874 refused / 0 repaired
  free-env      4/4       1.67/5.43/8.97           304       58    18.51   0.2583    55%     0.0167      0/3594         0     0.0025       0
      primary samples 122, productive 51 (41.8%), vertices/sample 0.475
      qp 294.0 rows/call, 0% of calls reached the solver, 1099 calls
      gate 48.9% of calls refused, 0.0% repaired, 528 refused / 0 repaired
  qp-env        4/4       0.37/4.45/6.05           339       13    13.38   0.0534    58%     0.0005      0/2553         0     0.0025       0
      primary samples 3, productive 3 (100.0%), vertices/sample 4.667
      qp 281.4 rows/call, 97% of calls reached the solver, 1053 calls
      gate 0.0% of calls refused, 97.3% repaired, 0 refused / 1014 repaired
  vamp-rrtc     4/4       0.05/0.32/0.44          5710       32    20.05        -      -     0.0157      0/2821         0     0.0025       0
      primary samples 0, productive 0 (0.0%), vertices/sample 0.000

cage  (4 problems, 0 skipped: 0 clearance, 0 self-collision)
  rrtconnect    4/4     381.24/596.31/869.76      149785      886    23.32        -      -     0.0007      0/4325         0     0.0008       0
      primary samples 5111, productive 883 (17.3%), vertices/sample 0.167
  qp-fixed      4/4      29.05/198.75/653.54       14443       78    27.52   0.0091     0%     0.0001      0/7933         0     0.0003       0
      primary samples 61, productive 41 (67.2%), vertices/sample 1.515
      qp 261.5 rows/call, 87% of calls reached the solver, 74714 calls
      gate 0.0% of calls refused, 86.7% repaired, 0 refused / 65243 repaired
  qp-plain      4/4      31.18/212.82/681.12       14443       78    27.52   0.0091     0%     0.0001      0/7933         0     0.0003       0
      primary samples 61, productive 41 (67.2%), vertices/sample 1.515
      qp 342.0 rows/call, 100% of calls reached the solver, 74714 calls
      gate 0.0% of calls refused, 86.7% repaired, 0 refused / 65243 repaired
  qp-adapt      4/4      13.92/121.77/454.29        9138       78    27.55   0.0143    29%     0.0001      0/6481         0     0.0003       0
      primary samples 61, productive 41 (67.2%), vertices/sample 1.576
      qp 269.8 rows/call, 98% of calls reached the solver, 49804 calls
      gate 0.0% of calls refused, 97.9% repaired, 0 refused / 48774 repaired
  qp-free       0/4    10000.04/10000.09/10000.39    1044285    14665     0.00   0.0125     0%          -              -      -          -       -
      primary samples 97253, productive 14663 (15.1%), vertices/sample 0.161
      qp 301.2 rows/call, 0% of calls reached the solver, 4193928 calls
      gate 9.8% of calls refused, 0.0% repaired, 395408 refused / 0 repaired
  free-env      1/4     436.16/10000.07/10000.12     321637    40709    27.83   0.0992    22%     0.0168      0/1429         0     0.0025       0
      primary samples 245657, productive 40695 (16.6%), vertices/sample 0.173
      qp 302.9 rows/call, 0% of calls reached the solver, 1021019 calls
      gate 79.7% of calls refused, 0.0% repaired, 807583 refused / 0 repaired
  qp-env        4/4      10.61/134.41/237.65        9637       94    30.78   0.0193    21%     0.0001      0/6008         0     0.0012       0
      primary samples 84, productive 54 (64.3%), vertices/sample 1.576
      qp 268.3 rows/call, 99% of calls reached the solver, 31128 calls
      gate 0.0% of calls refused, 98.6% repaired, 0 refused / 30700 repaired
  vamp-rrtc     4/4       9.36/17.61/18.39       293190      890    23.32        -      -     0.0007      0/4132         0     0.0008       0
      primary samples 0, productive 0 (0.0%), vertices/sample 0.000

table_pick  (5 problems, 0 skipped: 0 clearance, 0 self-collision)
  rrtconnect    5/5       5.41/9.00/35.83         1603       10     8.57        -      -     0.0024      0/2692         0     0.0025       0
      primary samples 14, productive 6 (42.9%), vertices/sample 0.611
  qp-fixed      5/5       5.74/9.92/13.45          658        6     7.95   0.0123     0%     0.0006      0/2993         0     0.0025       0
      primary samples 1, productive 1 (100.0%), vertices/sample 6.000
      qp 240.4 rows/call, 13% of calls reached the solver, 2988 calls
      gate 0.0% of calls refused, 13.2% repaired, 0 refused / 475 repaired
  qp-plain      5/5       6.33/10.86/13.74          658        6     7.95   0.0123     0%     0.0006      0/2993         0     0.0025       0
      primary samples 1, productive 1 (100.0%), vertices/sample 6.000
      qp 342.0 rows/call, 100% of calls reached the solver, 2988 calls
      gate 0.0% of calls refused, 13.2% repaired, 0 refused / 475 repaired
  qp-adapt      5/5       0.68/1.15/4.28            83        6     7.95   0.0947    73%     0.0006      0/2128         0     0.0025       0
      primary samples 1, productive 1 (100.0%), vertices/sample 6.000
      qp 278.5 rows/call, 60% of calls reached the solver, 529 calls
      gate 0.0% of calls refused, 59.6% repaired, 0 refused / 363 repaired
  qp-free       5/5      51.55/237.57/444.27       23947      212    18.08   0.0134     0%     0.0077      0/6223         0     0.0025       0
      primary samples 881, productive 208 (23.6%), vertices/sample 0.243
      qp 296.6 rows/call, 0% of calls reached the solver, 112527 calls
      gate 3.9% of calls refused, 0.0% repaired, 4508 refused / 0 repaired
  free-env      5/5       8.44/31.07/53.94         1575      227    17.48   0.2161    36%     0.0073      0/4713         0     0.0025       0
      primary samples 881, productive 223 (25.3%), vertices/sample 0.256
      qp 295.6 rows/call, 0% of calls reached the solver, 8107 calls
      gate 63.9% of calls refused, 0.0% repaired, 5175 refused / 0 repaired
  qp-env        5/5       0.47/0.53/3.31            31        6     7.95   0.1898   100%     0.0006      0/2026         0     0.0025       0
      primary samples 1, productive 1 (100.0%), vertices/sample 6.000
      qp 273.4 rows/call, 62% of calls reached the solver, 305 calls
      gate 0.0% of calls refused, 62.2% repaired, 0 refused / 224 repaired
  vamp-rrtc     5/5       0.06/0.10/0.44          1139       10     8.57        -      -     0.0024      0/2692         0     0.0025       0
      primary samples 0, productive 0 (0.0%), vertices/sample 0.000

table_under_pick  (4 problems, 0 skipped: 0 clearance, 0 self-collision)
  rrtconnect    4/4       5.63/9.71/12.01         1549        9    12.91        -      -     0.0021      0/2491         0     0.0025       0
      primary samples 26, productive 5 (19.2%), vertices/sample 0.467
  qp-fixed      4/4       7.79/61.20/112.79        3662       24    15.90   0.0127     0%     0.0002      0/4178         0     0.0018       0
      primary samples 10, productive 9 (90.0%), vertices/sample 5.500
      qp 255.3 rows/call, 93% of calls reached the solver, 11653 calls
      gate 0.0% of calls refused, 93.0% repaired, 1 refused / 10304 repaired
  qp-plain      4/4       7.18/64.90/115.12        3662       24    15.90   0.0127     0%     0.0002      0/4178         0     0.0018       0
      primary samples 10, productive 9 (90.0%), vertices/sample 5.500
      qp 342.0 rows/call, 100% of calls reached the solver, 11653 calls
      gate 0.0% of calls refused, 93.0% repaired, 1 refused / 10304 repaired
  qp-adapt      4/4       0.91/38.48/81.32         2457       24    15.91   0.0498    61%     0.0002      0/3396         0     0.0016       0
      primary samples 10, productive 9 (90.0%), vertices/sample 5.500
      qp 286.4 rows/call, 97% of calls reached the solver, 7568 calls
      gate 0.0% of calls refused, 97.4% repaired, 0 refused / 7394 repaired
  qp-free       4/4      15.16/133.81/144.18       12938      108    19.95   0.0134     0%     0.0066      0/5243         0     0.0025       0
      primary samples 524, productive 105 (20.0%), vertices/sample 0.268
      qp 300.2 rows/call, 0% of calls reached the solver, 31983 calls
      gate 4.1% of calls refused, 0.0% repaired, 1344 refused / 0 repaired
  free-env      4/4       1.84/5.89/10.24          283       38    18.55   0.2049    48%     0.0066      0/3222         0     0.0025       0
      primary samples 138, productive 32 (23.2%), vertices/sample 0.293
      qp 300.5 rows/call, 0% of calls reached the solver, 1066 calls
      gate 52.5% of calls refused, 0.0% repaired, 547 refused / 0 repaired
  qp-env        4/4       0.65/26.50/63.17         1567       24    15.91   0.0772    57%     0.0002      0/3075         0     0.0015       0
      primary samples 10, productive 9 (90.0%), vertices/sample 5.500
      qp 287.0 rows/call, 99% of calls reached the solver, 5336 calls
      gate 0.0% of calls refused, 99.0% repaired, 0 refused / 5273 repaired
  vamp-rrtc     4/4       0.07/0.09/0.11          1595       10    14.24        -      -     0.0021      0/2505         0     0.0025       0
      primary samples 0, productive 0 (0.0%), vertices/sample 0.000

Hop disposition -- what set the hop's length, median over problems.
  row         floored(<1 step)    at region   edge-limited
  qp-fixed            100.0%         0.0%           0.0%
  qp-plain            100.0%         0.0%           0.0%
  qp-adapt             54.2%        44.5%           1.7%
  qp-free             100.0%         0.0%           0.0%
  free-env              0.0%        80.1%          17.9%
  qp-env               66.3%        28.9%           3.0%

Endpoint clearance at zero margin -- min(start, goal) over all spheres.
  scene                     min    median       max affordable   problems by margin
  bookshelf_small        0.0021    0.0058    0.0069    0.0021   0:100% 0.02:  0% 0.04:  0% 0.06:  0% 0.09:  0%
  bookshelf_tall         0.0032    0.0055    0.0088    0.0032   0:100% 0.02:  0% 0.04:  0% 0.06:  0% 0.09:  0%
  bookshelf_thin         0.0059    0.0075    0.0109    0.0059   0:100% 0.02:  0% 0.04:  0% 0.06:  0% 0.09:  0%
  box                    0.0127    0.0127    0.0127    0.0127   0:100% 0.02:  0% 0.04:  0% 0.06:  0% 0.09:  0%
  cage                   0.0127    0.0127    0.0127    0.0127   0:100% 0.02:  0% 0.04:  0% 0.06:  0% 0.09:  0%
  table_pick             0.0077    0.0081    0.0083    0.0077   0:100% 0.02:  0% 0.04:  0% 0.06:  0% 0.09:  0%
  table_under_pick       0.0076    0.0079    0.0082    0.0076   0:100% 0.02:  0% 0.04:  0% 0.06:  0% 0.09:  0%

all scenes  (29 problems, 0 skipped: 0 clearance, 0 self-collision)
  rrtconnect   29/29      2.83/14.61/869.76        3203       18    14.00        -      -     0.0001      0/20032        0     0.0007       0
      primary samples 44, productive 13 (29.5%), vertices/sample 0.346
  qp-fixed     29/29      4.35/15.10/653.54        1186       11     9.74   0.0121     0%     0.0001      0/27435        0     0.0003       0
      primary samples 3, productive 2 (66.7%), vertices/sample 5.000
      qp 261.0 rows/call, 61% of calls reached the solver, 110760 calls
      gate 0.0% of calls refused, 61.4% repaired, 1 refused / 91570 repaired
  qp-plain     29/29      4.58/16.11/681.12        1186       11     9.74   0.0121     0%     0.0001      0/27435        0     0.0003       0
      primary samples 3, productive 2 (66.7%), vertices/sample 5.000
      qp 342.0 rows/call, 100% of calls reached the solver, 110760 calls
      gate 0.0% of calls refused, 61.4% repaired, 1 refused / 91570 repaired
  qp-adapt     29/29      0.68/6.90/454.29         595       11     9.75   0.0244    45%     0.0001      0/22406        0     0.0003       0
      primary samples 3, productive 2 (66.7%), vertices/sample 4.667
      qp 274.9 rows/call, 87% of calls reached the solver, 69793 calls
      gate 0.0% of calls refused, 87.1% repaired, 0 refused / 67589 repaired
  qp-free      25/29     11.16/133.81/10000.39      13702      113    17.81   0.0134     0%     0.0021      0/32977        0     0.0025       0
      primary samples 457, productive 105 (23.0%), vertices/sample 0.243
      qp 296.6 rows/call, 0% of calls reached the solver, 4568722 calls
      gate 3.9% of calls refused, 0.0% repaired, 410787 refused / 0 repaired
  free-env     26/29      1.67/15.07/10000.12        732      106    17.64   0.2156    40%     0.0021      0/24044        0     0.0025       0
      primary samples 350, productive 100 (28.6%), vertices/sample 0.275
      qp 298.9 rows/call, 0% of calls reached the solver, 1041558 calls
      gate 58.8% of calls refused, 0.0% repaired, 819952 refused / 0 repaired
  qp-env       29/29      0.37/3.80/237.65         281       11     9.86   0.0462    34%     0.0001      0/20595        0     0.0006       0
      primary samples 3, productive 2 (66.7%), vertices/sample 4.667
      qp 275.1 rows/call, 94% of calls reached the solver, 43961 calls
      gate 0.0% of calls refused, 93.9% repaired, 1 refused / 43080 repaired
  vamp-rrtc    29/29      0.05/0.18/18.39         2950       19    14.50        -      -     0.0001      0/20210        0     0.0007       0
      primary samples 0, productive 0 (0.0%), vertices/sample 0.000

"samples" is checked configurations for isSafe, barrier evaluations for
the three CBF rows, and SIMD configuration lanes evaluated for VAMP. They measure
sampling work, while wall time captures the very different per-sample costs.
"unsafe/audited" evaluates exact primitive clearance at every state of the
densified solution -- for each CBF row that is the rollout the planner recorded
for each edge, replayed, so it is the motion that would actually be executed,
sampled inside each step rather than only at its boundaries. Non-zero unsafe
invalidates a row however fast it was.
"missed" counts solution edges that were not on file and had to be
re-derived; it must be zero, or the audited motion is a different trajectory
from the one the planner found.


envelope hop: 10248 filter calls, 1.225 hold queries/call, 16.6% saturated, 100.0% longer than L1, past one step 94.8% (L1 alone 54.5%), gated 76.7%, empty-active 0.0%, screen-escalated 2.2%
envelope bottleneck: world 97.4%, self-collision 2.5%, unbound 0.1% (horizon or screen clip), blocked 0.0%, joint-limit clamped 0.0%
envelope binding term:
  world rows       L1 0.0%, local-L1 0.7%, speed-capped 3.3%, isotropic-anchored 96.0% (of 9977 bound calls)
  self-pair rows   L1 0.0%, local-L1 0.0%, speed-capped 0.4%, normal-anchored 99.6% (of 261 bound calls)
local-lever screen: 4368221 of 5599953 expensive world rows settled before the envelope (78.0%)
span handed to the rollout, in controller steps (43960 calls):
                   <1      1-2      2-4      4-8       8+
  L1 only      87.29%     6.60%     3.34%     1.47%     1.31%
  envelope     77.89%     5.05%     7.04%     4.98%     5.04%
=== CBF profiler (wall time) ===
=== CBF filter stats ===
  calls=0  unchanged=0 (0.0%)  filtered=0 (0.0%)  blocked=0 (0.0%)
  active rows:       avg=0.00  max=0
  zero-row fast path: 0 (0.0%)
  qp iterations:     avg=0.00  max=0
  certified duration: avg=0.00000s  min=0.00000s  max=0.00000s  (over 0 non-blocked calls)
  required gain:     avg=0.000/s  max=0.000/s  p50=0.000/s  p90=0.000/s  p99=0.000/s  (over 0 calls, 0 uncertified)
