
MotionBenchMaker UR5, 689 problems loaded, up to 100 per scene
voxel 0.003 m, margin 0.0000 m + 0.0000 m filter buffer, stepSize 0.001 s, range 2.00 rad, 10.0 s limit

hop certificates: old L1 Lipschitz region and new hold-time bound
Picard: off; trajectory prefixes: 0; sequential rollout budget: 10000 calls
kappa 20.00 /s, certified step uncapped, self-collision margin 0.0000 m over 302 pairs
baseline segment: 0.000650 of extent = 0.0100 rad, rollout step 0.0100 rad (matched to the rollout)
rope shortcut off, all rows unsimplified

seed 1
  planner       solved ms(min/med/max)        samples vertices     path rad/call coarse  worst clr unsafe/audited missed worst self collide

bookshelf_small  (4 problems, 0 skipped: 0 clearance, 0 self-collision)
  rrtconnect    4/4       3.36/3.71/4.89           966        7     8.86        -      -     0.0032      0/1836         0     0.0025       0
      primary samples 4, productive 3 (75.0%), vertices/sample 2.250
  qp-fixed      4/4       5.63/9.43/13.22          767        7     9.03   0.0134     0%     0.0016      0/2708         0     0.0025       0
      primary samples 1, productive 1 (100.0%), vertices/sample 7.000
      qp 267.2 rows/call, 39% of calls reached the solver, 2916 calls
      gate 0.0% of calls refused, 39.0% repaired, 0 refused / 908 repaired
  qp-plain      4/4       6.12/10.51/14.21          767        7     9.03   0.0134     0%     0.0016      0/2708         0     0.0025       0
      primary samples 1, productive 1 (100.0%), vertices/sample 7.000
      qp 342.0 rows/call, 100% of calls reached the solver, 2916 calls
      gate 0.0% of calls refused, 39.0% repaired, 0 refused / 908 repaired
  qp-adapt      4/4       0.84/1.62/5.71           159        7     9.02   0.0778    96%     0.0016      0/2130         0     0.0025       0
      primary samples 1, productive 1 (100.0%), vertices/sample 7.000
      qp 290.5 rows/call, 39% of calls reached the solver, 823 calls
      gate 0.0% of calls refused, 39.0% repaired, 0 refused / 494 repaired
  qp-free       4/4       5.09/17.72/110.26        2203       21    20.61   0.0136     0%     0.0052      0/4547         0     0.0025       0
      primary samples 35, productive 15 (42.9%), vertices/sample 1.750
      qp 294.5 rows/call, 0% of calls reached the solver, 17259 calls
      gate 2.0% of calls refused, 0.0% repaired, 627 refused / 0 repaired
  free-env      4/4       0.51/3.41/19.00          178       30    18.42   0.3498    84%     0.0052      0/3041         0     0.0025       0
      primary samples 49, productive 24 (49.0%), vertices/sample 1.750
      qp 300.5 rows/call, 0% of calls reached the solver, 1478 calls
      gate 35.4% of calls refused, 0.0% repaired, 739 refused / 0 repaired
  qp-env        4/4       0.42/0.63/3.52            47        7     9.03   0.3008   100%     0.0004      0/1815         0     0.0025       0
      primary samples 1, productive 1 (100.0%), vertices/sample 7.000
      qp 289.5 rows/call, 57% of calls reached the solver, 345 calls
      gate 0.0% of calls refused, 57.4% repaired, 0 refused / 261 repaired
  vamp-rrtc     4/4       0.05/0.05/0.05           543        7     8.86        -      -     0.0032      0/1836         0     0.0025       0
      primary samples 0, productive 0 (0.0%), vertices/sample 0.000

bookshelf_tall  (4 problems, 0 skipped: 0 clearance, 0 self-collision)
  rrtconnect    4/4       6.65/24.27/52.07         3197       18    14.56        -      -     0.0011      0/2810         0     0.0017       0
      primary samples 53, productive 14 (26.4%), vertices/sample 0.462
  qp-fixed      4/4      13.67/45.18/77.96         2142       16    17.10   0.0110     0%     0.0002      0/4452         0     0.0025       0
      primary samples 4, productive 4 (100.0%), vertices/sample 4.000
      qp 276.2 rows/call, 90% of calls reached the solver, 7443 calls
      gate 0.0% of calls refused, 89.6% repaired, 0 refused / 5970 repaired
  qp-plain      4/4      14.24/46.76/79.28         2142       16    17.10   0.0110     0%     0.0002      0/4452         0     0.0025       0
      primary samples 4, productive 4 (100.0%), vertices/sample 4.000
      qp 342.0 rows/call, 100% of calls reached the solver, 7443 calls
      gate 0.0% of calls refused, 89.6% repaired, 0 refused / 5970 repaired
  qp-adapt      4/4       2.91/33.08/48.64         1660       16    17.09   0.0363    60%     0.0002      0/3578         0     0.0025       0
      primary samples 4, productive 4 (100.0%), vertices/sample 4.000
      qp 298.2 rows/call, 97% of calls reached the solver, 4666 calls
      gate 0.0% of calls refused, 97.3% repaired, 0 refused / 4478 repaired
  qp-free       4/4      40.64/195.71/349.37       16537      137    13.30   0.0136     0%     0.0060      0/4053         0     0.0025       0
      primary samples 598, productive 132 (22.1%), vertices/sample 0.299
      qp 297.3 rows/call, 0% of calls reached the solver, 53676 calls
      gate 4.0% of calls refused, 0.0% repaired, 2239 refused / 0 repaired
  free-env      4/4       4.55/25.94/51.41         1076      134    23.96   0.2040    43%     0.0060      0/4143         0     0.0023       0
      primary samples 498, productive 129 (25.9%), vertices/sample 0.269
      qp 304.8 rows/call, 0% of calls reached the solver, 4076 calls
      gate 57.2% of calls refused, 0.0% repaired, 2408 refused / 0 repaired
  qp-env        4/4       0.74/23.49/40.49         1103       16    17.11   0.0802    39%     0.0002      0/3193         0     0.0025       0
      primary samples 4, productive 4 (100.0%), vertices/sample 4.000
      qp 301.2 rows/call, 99% of calls reached the solver, 3146 calls
      gate 0.0% of calls refused, 98.8% repaired, 0 refused / 3087 repaired
  vamp-rrtc     4/4       0.07/0.21/0.60          2079       15    12.09        -      -     0.0011      0/2131         0     0.0017       0
      primary samples 0, productive 0 (0.0%), vertices/sample 0.000

bookshelf_thin  (4 problems, 0 skipped: 0 clearance, 0 self-collision)
  rrtconnect    4/4      30.18/121.60/279.82       11455       59    17.80        -      -     0.0025      0/3415         0     0.0025       0
      primary samples 262, productive 55 (21.0%), vertices/sample 0.336
  qp-fixed      4/4      14.06/36.30/57.18         1452       11    13.51   0.0114     0%     0.0000      0/3703         0     0.0015       0
      primary samples 4, productive 4 (100.0%), vertices/sample 6.000
      qp 258.7 rows/call, 79% of calls reached the solver, 4930 calls
      gate 0.0% of calls refused, 79.1% repaired, 0 refused / 3538 repaired
  qp-plain      4/4      14.56/38.28/59.09         1452       11    13.51   0.0114     0%     0.0000      0/3703         0     0.0015       0
      primary samples 4, productive 4 (100.0%), vertices/sample 6.000
      qp 342.0 rows/call, 100% of calls reached the solver, 4930 calls
      gate 0.0% of calls refused, 79.1% repaired, 0 refused / 3538 repaired
  qp-adapt      4/4       4.79/14.79/41.63          624       11    13.53   0.0264    42%     0.0000      0/3190         0     0.0015       0
      primary samples 4, productive 4 (100.0%), vertices/sample 6.000
      qp 270.3 rows/call, 97% of calls reached the solver, 2957 calls
      gate 0.0% of calls refused, 97.2% repaired, 0 refused / 2818 repaired
  qp-free       4/4     136.70/842.57/1019.70      59047      541    21.45   0.0134     0%     0.0025      0/5818         0     0.0025       0
      primary samples 2386, productive 538 (22.5%), vertices/sample 0.257
      qp 297.9 rows/call, 0% of calls reached the solver, 168622 calls
      gate 4.5% of calls refused, 0.0% repaired, 7286 refused / 0 repaired
  free-env      4/4      29.20/56.74/148.10        1904      284    22.66   0.2231    40%     0.0025      0/4174         0     0.0025       0
      primary samples 956, productive 278 (29.1%), vertices/sample 0.297
      qp 298.0 rows/call, 0% of calls reached the solver, 8966 calls
      gate 60.1% of calls refused, 0.0% repaired, 5546 refused / 0 repaired
  qp-env        4/4       2.58/9.38/39.49          374       11    13.54   0.0441    29%     0.0000      0/2925         0     0.0016       0
      primary samples 4, productive 4 (100.0%), vertices/sample 6.000
      qp 269.9 rows/call, 97% of calls reached the solver, 2248 calls
      gate 0.0% of calls refused, 97.0% repaired, 0 refused / 2181 repaired
  vamp-rrtc     4/4       0.23/0.85/2.93          9732       47    16.50        -      -    -0.0002      1/3079         0     0.0025       0
      primary samples 0, productive 0 (0.0%), vertices/sample 0.000

box  (4 problems, 0 skipped: 0 clearance, 0 self-collision)
  rrtconnect    4/4       6.90/15.35/16.03         4177       23    16.48        -      -     0.0092      0/3196         0     0.0025       0
      primary samples 61, productive 18 (29.5%), vertices/sample 0.478
  qp-fixed      4/4       4.61/7.12/17.85          602        7     8.09   0.0138     0%     0.0033      0/2355         0     0.0025       0
      primary samples 1, productive 1 (100.0%), vertices/sample 6.000
      qp 258.8 rows/call, 48% of calls reached the solver, 2875 calls
      gate 0.0% of calls refused, 47.6% repaired, 0 refused / 1415 repaired
  qp-plain      4/4       5.00/7.98/19.15          602        7     8.09   0.0138     0%     0.0033      0/2355         0     0.0025       0
      primary samples 1, productive 1 (100.0%), vertices/sample 6.000
      qp 342.0 rows/call, 100% of calls reached the solver, 2875 calls
      gate 0.0% of calls refused, 47.6% repaired, 0 refused / 1415 repaired
  qp-adapt      4/4       0.69/1.55/4.89           131        7     8.08   0.0551    63%     0.0032      0/1837         0     0.0025       0
      primary samples 1, productive 1 (100.0%), vertices/sample 6.000
      qp 285.7 rows/call, 86% of calls reached the solver, 735 calls
      gate 0.0% of calls refused, 86.3% repaired, 0 refused / 605 repaired
  qp-free       4/4      11.28/67.06/137.02        8391       77    17.41   0.0140     0%     0.0183      0/4785         0     0.0025       0
      primary samples 319, productive 73 (22.9%), vertices/sample 0.366
      qp 295.5 rows/call, 0% of calls reached the solver, 34904 calls
      gate 3.9% of calls refused, 0.0% repaired, 1257 refused / 0 repaired
  free-env      4/4       1.13/5.13/14.96          313       49    18.76   0.2549    51%     0.0168      0/3853         0     0.0025       0
      primary samples 138, productive 43 (31.2%), vertices/sample 0.355
      qp 293.5 rows/call, 0% of calls reached the solver, 1535 calls
      gate 50.8% of calls refused, 0.0% repaired, 852 refused / 0 repaired
  qp-env        4/4       0.46/1.13/3.38            78        7     8.07   0.1026    63%     0.0020      0/1737         0     0.0025       0
      primary samples 1, productive 1 (100.0%), vertices/sample 6.000
      qp 290.6 rows/call, 86% of calls reached the solver, 411 calls
      gate 0.0% of calls refused, 85.7% repaired, 0 refused / 345 repaired
  vamp-rrtc     4/4       0.10/0.29/0.31          4971       26    17.81        -      -     0.0116      0/3331         0     0.0025       0
      primary samples 0, productive 0 (0.0%), vertices/sample 0.000

cage  (4 problems, 0 skipped: 0 clearance, 0 self-collision)
  rrtconnect    4/4     127.89/410.86/1934.91     101882      564    22.58        -      -     0.0018      0/4833         0     0.0016       0
      primary samples 3240, productive 560 (17.3%), vertices/sample 0.183
  qp-fixed      4/4      15.07/237.13/401.74       14158       76    17.26   0.0093     0%     0.0003      0/5538         0     0.0007       0
      primary samples 51, productive 40 (78.4%), vertices/sample 1.739
      qp 271.6 rows/call, 86% of calls reached the solver, 50480 calls
      gate 0.0% of calls refused, 85.7% repaired, 0 refused / 43080 repaired
  qp-plain      4/4      15.83/225.46/419.28       14158       76    17.26   0.0093     0%     0.0003      0/5538         0     0.0007       0
      primary samples 51, productive 40 (78.4%), vertices/sample 1.739
      qp 342.0 rows/call, 100% of calls reached the solver, 50480 calls
      gate 0.0% of calls refused, 85.7% repaired, 0 refused / 43080 repaired
  qp-adapt      4/4       7.55/138.90/251.82        8800       76    17.26   0.0174    31%     0.0003      0/4233         0     0.0007       0
      primary samples 51, productive 40 (78.4%), vertices/sample 1.739
      qp 270.5 rows/call, 97% of calls reached the solver, 31654 calls
      gate 0.0% of calls refused, 97.0% repaired, 0 refused / 30685 repaired
  qp-free       0/4    10000.07/10000.30/10000.42    1076226    15091     0.00   0.0126     0%          -              -      -          -       -
      primary samples 89477, productive 15087 (16.9%), vertices/sample 0.165
      qp 300.1 rows/call, 0% of calls reached the solver, 4160090 calls
      gate 9.0% of calls refused, 0.0% repaired, 372057 refused / 0 repaired
  free-env      1/4    6564.74/10000.03/10000.30     323695    41991    35.70   0.1005    22%     0.0193      0/1828         0     0.0025       0
      primary samples 243185, productive 41983 (17.3%), vertices/sample 0.175
      qp 301.3 rows/call, 0% of calls reached the solver, 1278985 calls
      gate 78.5% of calls refused, 0.0% repaired, 1000481 refused / 0 repaired
  qp-env        4/4       6.07/95.55/209.77        5787       73    17.29   0.0249    25%     0.0002      0/3998         0     0.0015       0
      primary samples 51, productive 39 (76.5%), vertices/sample 1.739
      qp 264.2 rows/call, 98% of calls reached the solver, 22929 calls
      gate 0.0% of calls refused, 98.5% repaired, 0 refused / 22519 repaired
  vamp-rrtc     4/4       2.14/10.89/97.74       196097      617    28.52        -      -     0.0018      0/5141         0     0.0016       0
      primary samples 0, productive 0 (0.0%), vertices/sample 0.000

table_pick  (4 problems, 0 skipped: 0 clearance, 0 self-collision)
  rrtconnect    4/4       3.86/12.85/26.03         2140       13    12.78        -      -     0.0022      0/2237         0     0.0025       0
      primary samples 17, productive 7 (41.2%), vertices/sample 1.500
  qp-fixed      4/4       6.26/11.60/24.51          741        7     9.26   0.0125     0%     0.0003      0/3064         0     0.0025       0
      primary samples 1, productive 1 (100.0%), vertices/sample 7.000
      qp 262.0 rows/call, 35% of calls reached the solver, 3208 calls
      gate 0.0% of calls refused, 35.1% repaired, 0 refused / 1437 repaired
  qp-plain      4/4       6.94/12.62/25.33          741        7     9.26   0.0125     0%     0.0003      0/3064         0     0.0025       0
      primary samples 1, productive 1 (100.0%), vertices/sample 7.000
      qp 342.0 rows/call, 100% of calls reached the solver, 3208 calls
      gate 0.0% of calls refused, 35.1% repaired, 0 refused / 1437 repaired
  qp-adapt      4/4       0.61/2.91/14.46          187        7     9.26   0.0708    67%     0.0003      0/2352         0     0.0025       0
      primary samples 1, productive 1 (100.0%), vertices/sample 7.000
      qp 288.8 rows/call, 81% of calls reached the solver, 1129 calls
      gate 0.0% of calls refused, 81.3% repaired, 0 refused / 961 repaired
  qp-free       4/4       6.29/397.63/911.59       37173      326    26.83   0.0139     0%     0.0044      0/5702         0     0.0025       0
      primary samples 1338, productive 321 (24.0%), vertices/sample 0.342
      qp 295.7 rows/call, 0% of calls reached the solver, 136702 calls
      gate 4.0% of calls refused, 0.0% repaired, 6260 refused / 0 repaired
  free-env      4/4       1.26/48.20/69.16         2326      353    21.82   0.2438    43%     0.0044      0/3731         0     0.0025       0
      primary samples 1319, productive 348 (26.4%), vertices/sample 0.354
      qp 296.1 rows/call, 0% of calls reached the solver, 6364 calls
      gate 63.4% of calls refused, 0.0% repaired, 4090 refused / 0 repaired
  qp-env        4/4       0.47/1.84/12.60          107        7     9.27   0.1932    64%     0.0003      0/2205         0     0.0025       0
      primary samples 1, productive 1 (100.0%), vertices/sample 7.000
      qp 289.9 rows/call, 86% of calls reached the solver, 812 calls
      gate 0.0% of calls refused, 86.0% repaired, 0 refused / 733 repaired
  vamp-rrtc     4/4       0.04/0.12/0.31          1449       13    12.78        -      -     0.0011      0/2253         0     0.0005       0
      primary samples 0, productive 0 (0.0%), vertices/sample 0.000

table_under_pick  (4 problems, 0 skipped: 0 clearance, 0 self-collision)
  rrtconnect    4/4       4.97/15.91/52.05         2804       15    14.12        -      -     0.0046      0/2609         0     0.0025       0
      primary samples 102, productive 11 (10.8%), vertices/sample 0.342
  qp-fixed      4/4       6.42/35.36/46.05         2098       15    12.70   0.0140     0%     0.0001      0/3687         0     0.0001       0
      primary samples 6, productive 6 (100.0%), vertices/sample 6.000
      qp 261.9 rows/call, 85% of calls reached the solver, 5900 calls
      gate 0.0% of calls refused, 85.2% repaired, 0 refused / 4738 repaired
  qp-plain      4/4       6.83/36.95/47.29         2098       15    12.70   0.0140     0%     0.0001      0/3687         0     0.0001       0
      primary samples 6, productive 6 (100.0%), vertices/sample 6.000
      qp 342.0 rows/call, 100% of calls reached the solver, 5900 calls
      gate 0.0% of calls refused, 85.2% repaired, 0 refused / 4738 repaired
  qp-adapt      4/4       1.21/15.41/25.51         1045       15    12.69   0.0255    51%     0.0001      0/3095         0     0.0001       0
      primary samples 6, productive 6 (100.0%), vertices/sample 6.000
      qp 274.4 rows/call, 94% of calls reached the solver, 3067 calls
      gate 0.0% of calls refused, 93.6% repaired, 0 refused / 2851 repaired
  qp-free       4/4      23.01/98.17/353.27        9884       81    21.49   0.0131     0%     0.0079      0/6072         0     0.0025       0
      primary samples 366, productive 78 (21.3%), vertices/sample 0.236
      qp 298.9 rows/call, 0% of calls reached the solver, 50851 calls
      gate 4.0% of calls refused, 0.0% repaired, 2089 refused / 0 repaired
  free-env      4/4       3.72/13.68/45.62          691      101    21.70   0.2146    41%     0.0079      0/4003         0     0.0025       0
      primary samples 366, productive 97 (26.5%), vertices/sample 0.276
      qp 300.5 rows/call, 0% of calls reached the solver, 3415 calls
      gate 62.7% of calls refused, 0.0% repaired, 2103 refused / 0 repaired
  qp-env        4/4       0.55/9.00/18.84          546       15    12.71   0.1744    87%     0.0001      0/2774         0     0.0003       0
      primary samples 6, productive 6 (100.0%), vertices/sample 6.000
      qp 271.2 rows/call, 96% of calls reached the solver, 1692 calls
      gate 0.0% of calls refused, 96.3% repaired, 0 refused / 1621 repaired
  vamp-rrtc     4/4       0.05/0.20/0.64          5293       15    14.12        -      -     0.0046      0/2609         0     0.0025       0
      primary samples 0, productive 0 (0.0%), vertices/sample 0.000

Hop disposition -- what set the hop's length, median over problems.
  row         floored(<1 step)    at region   edge-limited
  qp-fixed            100.0%         0.0%           0.0%
  qp-plain            100.0%         0.0%           0.0%
  qp-adapt             54.3%        45.0%           2.0%
  qp-free             100.0%         0.0%           0.0%
  free-env              0.0%        79.0%          19.1%
  qp-env               61.5%        35.7%           3.6%

Endpoint clearance at zero margin -- min(start, goal) over all spheres.
  scene                     min    median       max affordable   problems by margin
  bookshelf_small        0.0052    0.0079    0.0092    0.0052   0:100% 0.02:  0% 0.04:  0% 0.06:  0% 0.09:  0%
  bookshelf_tall         0.0060    0.0068    0.0105    0.0060   0:100% 0.02:  0% 0.04:  0% 0.06:  0% 0.09:  0%
  bookshelf_thin         0.0025    0.0045    0.0065    0.0025   0:100% 0.02:  0% 0.04:  0% 0.06:  0% 0.09:  0%
  box                    0.0127    0.0127    0.0127    0.0127   0:100% 0.02:  0% 0.04:  0% 0.06:  0% 0.09:  0%
  cage                   0.0075    0.0127    0.0127    0.0075   0:100% 0.02:  0% 0.04:  0% 0.06:  0% 0.09:  0%
  table_pick             0.0044    0.0079    0.0082    0.0044   0:100% 0.02:  0% 0.04:  0% 0.06:  0% 0.09:  0%
  table_under_pick       0.0067    0.0079    0.0080    0.0067   0:100% 0.02:  0% 0.04:  0% 0.06:  0% 0.09:  0%

all scenes  (28 problems, 0 skipped: 0 clearance, 0 self-collision)
  rrtconnect   28/28      3.36/16.03/1934.91       3181       18    14.56        -      -     0.0011      0/20936        0     0.0016       0
      primary samples 53, productive 13 (24.5%), vertices/sample 0.377
  qp-fixed     28/28      4.61/15.07/401.74         952        9    10.42   0.0114     0%     0.0000      0/25507        0     0.0001       0
      primary samples 1, productive 1 (100.0%), vertices/sample 6.000
      qp 262.0 rows/call, 55% of calls reached the solver, 77752 calls
      gate 0.0% of calls refused, 54.5% repaired, 0 refused / 61086 repaired
  qp-plain     28/28      5.00/15.83/419.28         952        9    10.42   0.0114     0%     0.0000      0/25507        0     0.0001       0
      primary samples 1, productive 1 (100.0%), vertices/sample 6.000
      qp 342.0 rows/call, 100% of calls reached the solver, 77752 calls
      gate 0.0% of calls refused, 54.5% repaired, 0 refused / 61086 repaired
  qp-adapt     28/28      0.61/5.71/251.82         415        9    10.42   0.0340    47%     0.0000      0/20415        0     0.0001       0
      primary samples 1, productive 1 (100.0%), vertices/sample 6.000
      qp 278.0 rows/call, 87% of calls reached the solver, 45031 calls
      gate 0.0% of calls refused, 87.0% repaired, 0 refused / 42892 repaired
  qp-free      24/28      5.09/136.70/10000.42      13341      113    18.78   0.0134     0%     0.0025      0/30977        0     0.0025       0
      primary samples 516, productive 109 (21.1%), vertices/sample 0.244
      qp 297.3 rows/call, 0% of calls reached the solver, 4622104 calls
      gate 4.0% of calls refused, 0.0% repaired, 391815 refused / 0 repaired
  free-env     25/28      0.51/19.00/10000.30        948      140    19.13   0.2177    40%     0.0025      0/24773        0     0.0023       0
      primary samples 482, productive 135 (28.0%), vertices/sample 0.284
      qp 298.5 rows/call, 0% of calls reached the solver, 1304819 calls
      gate 58.2% of calls refused, 0.0% repaired, 1016219 refused / 0 repaired
  qp-env       28/28      0.42/3.38/209.77         237        9    10.42   0.0689    39%     0.0000      0/18647        0     0.0003       0
      primary samples 1, productive 1 (100.0%), vertices/sample 6.000
      qp 283.4 rows/call, 89% of calls reached the solver, 31583 calls
      gate 0.0% of calls refused, 89.2% repaired, 0 refused / 30747 repaired
  vamp-rrtc    28/28      0.04/0.21/97.74         2867       15    13.98        -      -    -0.0002      1/20380        0     0.0005       0
      primary samples 0, productive 0 (0.0%), vertices/sample 0.000

"samples" is checked configurations for isSafe, barrier evaluations for
the three CBF rows, and SIMD configuration lanes evaluated for VAMP. They measure
sampling work, while wall time captures the very different per-sample costs.
"unsafe/audited" evaluates exact primitive clearance at every state of the
densified solution -- for each CBF row that is the rollout the planner recorded
for each edge, replayed, so it is the motion that would actually be executed,
sampled inside each step rather than only at its boundaries. Non-zero unsafe
invalidates a row however fast it was.
"missed" counts solution edges that were not on file and had to be
re-derived; it must be zero, or the audited motion is a different trajectory
from the one the planner found.


envelope hop: 8159 filter calls, 1.228 hold queries/call, 16.8% saturated, 100.0% longer than L1, past one step 93.3% (L1 alone 54.2%), gated 74.2%, empty-active 0.0%, screen-escalated 2.1%
envelope bottleneck: world 97.6%, self-collision 2.3%, unbound 0.1% (horizon or screen clip), blocked 0.0%, joint-limit clamped 0.0%
envelope binding term:
  world rows       L1 0.0%, local-L1 0.9%, speed-capped 6.7%, isotropic-anchored 92.4% (of 7964 bound calls)
  self-pair rows   L1 0.0%, local-L1 0.0%, speed-capped 1.6%, normal-anchored 98.4% (of 189 bound calls)
local-lever screen: 5300726 of 6696086 expensive world rows settled before the envelope (79.2%)
span handed to the rollout, in controller steps (31583 calls):
                   <1      1-2      2-4      4-8       8+
  L1 only      86.00%     7.19%     3.47%     1.90%     1.45%
  envelope     75.89%     6.28%     6.96%     5.19%     5.69%
=== CBF profiler (wall time) ===
=== CBF filter stats ===
  calls=0  unchanged=0 (0.0%)  filtered=0 (0.0%)  blocked=0 (0.0%)
  active rows:       avg=0.00  max=0
  zero-row fast path: 0 (0.0%)
  qp iterations:     avg=0.00  max=0
  certified duration: avg=0.00000s  min=0.00000s  max=0.00000s  (over 0 non-blocked calls)
  required gain:     avg=0.000/s  max=0.000/s  p50=0.000/s  p90=0.000/s  p99=0.000/s  (over 0 calls, 0 uncertified)
