
MotionBenchMaker UR5, 689 problems loaded, up to 100 per scene
voxel 0.003 m, margin 0.0000 m + 0.0030 m filter buffer, stepSize 0.001 s, range 2.00 rad, 10.0 s limit

hop certificates: old L1 Lipschitz region and new hold-time bound
Picard: off; trajectory prefixes: 0; sequential rollout budget: 10000 calls
kappa 20.00 /s, certified step uncapped, self-collision margin 0.0000 m over 303 pairs
baseline segment: 0.000650 of extent = 0.0100 rad, rollout step 0.0100 rad (matched to the rollout)
rope shortcut off, all rows unsimplified

seed 1
  planner       solved ms(min/med/max)        samples vertices     path rad/call coarse  worst clr unsafe/audited missed worst self collide

bookshelf_small  (14 problems, 5 skipped: 0 clearance, 5 self-collision)
  rrtconnect    9/9       1.51/3.30/205.59        1771       10    12.05        -      -     0.0007      0/4969         0     0.0011       0
      primary samples 19, productive 6 (31.6%), vertices/sample 0.526
  qp-fixed      9/9       1.57/3.35/51.53          672        7     8.64   0.0138     0%     0.0035      0/5906         0     0.0025       0
      primary samples 1, productive 1 (100.0%), vertices/sample 5.000
  qp-adapt      9/9       0.33/1.90/45.91          326        7     8.64   0.0305    59%     0.0035      0/5102         0     0.0025       0
      primary samples 1, productive 1 (100.0%), vertices/sample 5.000
  qp-free       9/9       3.34/11.42/341.16        2833       13    12.74   0.0056     0%     0.0037      0/8388         0     0.0025       0
      primary samples 19, productive 8 (42.1%), vertices/sample 0.632
  qp-env        9/9       0.22/1.56/19.10          268        7     8.62   0.0808    49%     0.0034      0/5267         0     0.0025       0
      primary samples 1, productive 1 (100.0%), vertices/sample 5.000

bookshelf_tall  (14 problems, 3 skipped: 0 clearance, 3 self-collision)
  rrtconnect    9/11      1.52/13.46/10000.06       7527       33    14.86        -      -     0.0003      0/6561         0     0.0025       0
      primary samples 172, productive 29 (16.9%), vertices/sample 0.160
  qp-fixed      9/11      1.57/13.53/10000.57       1763       20    13.12   0.0101     0%     0.0021      0/8857         0     0.0025       0
      primary samples 5, productive 5 (100.0%), vertices/sample 3.500
  qp-adapt      9/11      0.49/9.71/10000.37       1216       20    13.12   0.0148    23%     0.0021      0/7896         0     0.0025       0
      primary samples 5, productive 5 (100.0%), vertices/sample 3.500
  qp-free       9/11     20.82/61.11/10001.02      15319       43    12.29   0.0042     0%     0.0034      0/11016        0     0.0025       0
      primary samples 135, productive 36 (26.7%), vertices/sample 0.319
  qp-env        9/11      0.34/5.57/10001.07        707       14    13.16   0.0223    19%     0.0021      0/6871         0     0.0025       0
      primary samples 5, productive 4 (80.0%), vertices/sample 3.625

bookshelf_thin  (14 problems, 6 skipped: 0 clearance, 6 self-collision)
  rrtconnect    8/8       3.61/15.13/53.97         8179       40    15.91        -      -     0.0011      0/6503         0     0.0025       0
      primary samples 135, productive 37 (27.4%), vertices/sample 0.292
  qp-fixed      8/8       1.54/5.33/17.09         1022       10     9.53   0.0108     0%     0.0031      0/5547         0     0.0025       0
      primary samples 2, productive 2 (100.0%), vertices/sample 5.500
  qp-adapt      8/8       0.68/3.48/14.24          596       10     9.54   0.0236    19%     0.0031      0/4738         0     0.0025       0
      primary samples 2, productive 2 (100.0%), vertices/sample 5.500
  qp-free       8/8      22.43/66.17/425.62       16342       41    18.16   0.0048     0%     0.0039      0/11318        0     0.0025       0
      primary samples 111, productive 36 (32.4%), vertices/sample 0.353
  qp-env        8/8       0.40/2.96/11.19          499       10     9.56   0.0373    13%     0.0031      0/4351         0     0.0025       0
      primary samples 2, productive 2 (100.0%), vertices/sample 5.500

box  (14 problems, 0 skipped: 0 clearance, 0 self-collision)
  rrtconnect   14/14      1.57/4.30/11.83         2146       13     9.85        -      -     0.0004      0/7466         0     0.0025       0
      primary samples 37, productive 9 (24.3%), vertices/sample 0.406
  qp-fixed     14/14      1.55/2.86/35.23          544        6     6.66   0.0126     0%     0.0034      0/9941         0     0.0025       0
      primary samples 1, productive 1 (100.0%), vertices/sample 6.000
  qp-adapt     14/14      0.57/1.15/23.46          200        6     6.66   0.0352    45%     0.0034      0/8168         0     0.0025       0
      primary samples 1, productive 1 (100.0%), vertices/sample 6.000
  qp-free      14/14      8.15/33.24/220.03        8159       27    12.64   0.0046     0%     0.0051      0/17225        0     0.0025       0
      primary samples 49, productive 18 (36.7%), vertices/sample 0.593
  qp-env       14/14      0.39/0.93/18.17          139        6     6.66   0.0583    43%     0.0034      0/7514         0     0.0025       0
      primary samples 1, productive 1 (100.0%), vertices/sample 6.000

cage  (15 problems, 1 skipped: 1 clearance, 0 self-collision)
  rrtconnect   14/14      9.61/70.77/787.61       39915      208    21.92        -      -    -0.0000      1/14522        0     0.0025       0
      primary samples 1657, productive 203 (12.3%), vertices/sample 0.126
  qp-fixed     14/14     20.64/156.83/271.47       28801      127    23.27   0.0087     0%     0.0030      0/28404        0     0.0025       0
      primary samples 121, productive 75 (62.0%), vertices/sample 1.257
  qp-adapt     14/14     13.44/140.15/241.42       23521      131    23.67   0.0106    21%     0.0030      0/24114        0     0.0025       0
      primary samples 130, productive 77 (59.2%), vertices/sample 1.050
  qp-free      13/14    251.10/1383.42/10000.87     357554      601    19.18   0.0030     0%     0.0037      0/29750        0     0.0025       0
      primary samples 2923, productive 575 (19.7%), vertices/sample 0.189
  qp-env       14/14      9.30/114.39/191.87       18529      124    23.30   0.0141    19%     0.0030      0/21637        0     0.0025       0
      primary samples 121, productive 73 (60.3%), vertices/sample 1.228

table_pick  (14 problems, 0 skipped: 0 clearance, 0 self-collision)
  rrtconnect   14/14      0.94/3.81/13.02         1971       12    10.61        -      -     0.0004      0/7163         0     0.0025       0
      primary samples 21, productive 7 (33.3%), vertices/sample 0.619
  qp-fixed     14/14      1.34/2.92/5.17           631        6     7.71   0.0128     0%     0.0034      0/7978         0     0.0025       0
      primary samples 1, productive 1 (100.0%), vertices/sample 6.000
  qp-adapt     14/14      0.26/0.66/3.20           113        6     7.71   0.0726    64%     0.0034      0/5993         0     0.0025       0
      primary samples 1, productive 1 (100.0%), vertices/sample 6.000
  qp-free      14/14      4.51/21.31/114.52        4788       23    11.35   0.0067     0%     0.0033      0/13431        0     0.0025       0
      primary samples 39, productive 13 (33.3%), vertices/sample 0.615
  qp-env       14/14      0.26/0.43/2.48            61        6     7.71   0.1303    51%     0.0034      0/5688         0     0.0025       0
      primary samples 1, productive 1 (100.0%), vertices/sample 6.000

table_under_pick  (14 problems, 5 skipped: 0 clearance, 5 self-collision)
  rrtconnect    6/9       4.03/5.36/10000.19       2867       16    12.84        -      -    -0.0000      1/3784         0     0.0025       0
      primary samples 72, productive 13 (18.1%), vertices/sample 0.194
  qp-fixed      6/9       5.52/19.24/10001.24       3400       23    11.30   0.0097     0%     0.0030      0/6734         0     0.0025       0
      primary samples 12, productive 11 (91.7%), vertices/sample 1.917
  qp-adapt      6/9       2.37/15.05/10000.91       2490       23    11.31   0.0127    16%     0.0030      0/5930         0     0.0025       0
      primary samples 12, productive 11 (91.7%), vertices/sample 1.917
  qp-free       6/9      28.47/65.30/10000.57      16329       40    15.68   0.0034     0%     0.0049      0/8303         0     0.0025       0
      primary samples 134, productive 31 (23.1%), vertices/sample 0.270
  qp-env        6/9       1.29/10.34/10001.31       1558       22    11.32   0.0155    17%     0.0029      0/5457         0     0.0025       0
      primary samples 12, productive 11 (91.7%), vertices/sample 1.833

Hop disposition -- what set the hop's length, median over problems.
  row         floored(<1 step)    at region   edge-limited
  qp-fixed            100.0%         0.0%           0.0%
  qp-adapt             70.8%        28.4%           1.0%
  qp-free             100.0%         0.0%           0.0%
  qp-env               72.1%        24.6%           1.9%

Endpoint clearance at zero margin -- min(start, goal) over all spheres.
  scene                     min    median       max affordable   problems by margin
  bookshelf_small       -0.0233    0.0041    0.0095   -0.0233   0: 64% 0.02:  0% 0.04:  0% 0.06:  0% 0.09:  0%
  bookshelf_tall        -0.0230    0.0050    0.0105   -0.0230   0: 79% 0.02:  0% 0.04:  0% 0.06:  0% 0.09:  0%
  bookshelf_thin        -0.0243    0.0039    0.0108   -0.0243   0: 64% 0.02:  0% 0.04:  0% 0.06:  0% 0.09:  0%
  box                    0.0127    0.0127    0.0127    0.0127   0:100% 0.02:  0% 0.04:  0% 0.06:  0% 0.09:  0%
  cage                   0.0012    0.0127    0.0127    0.0012   0:100% 0.02:  0% 0.04:  0% 0.06:  0% 0.09:  0%
  table_pick             0.0044    0.0080    0.0083    0.0044   0:100% 0.02:  0% 0.04:  0% 0.06:  0% 0.09:  0%
  table_under_pick      -0.0219    0.0079    0.0082   -0.0219   0: 64% 0.02:  0% 0.04:  0% 0.06:  0% 0.09:  0%

all scenes  (99 problems, 20 skipped: 1 clearance, 19 self-collision)
  rrtconnect   74/79      0.94/7.20/10000.19       3635       20    12.89        -      -    -0.0000      2/50968        0     0.0011       0
      primary samples 82, productive 16 (19.5%), vertices/sample 0.246
  qp-fixed     74/79      1.34/6.29/10001.24       1155       12     9.53   0.0108     0%     0.0021      0/73367        0     0.0025       0
      primary samples 3, productive 3 (100.0%), vertices/sample 3.667
  qp-adapt     74/79      0.26/4.34/10000.91        728       11     9.54   0.0185    29%     0.0021      0/61941        0     0.0025       0
      primary samples 3, productive 3 (100.0%), vertices/sample 3.750
  qp-free      73/79      3.34/41.85/10001.02       9735       38    13.39   0.0043     0%     0.0033      0/99431        0     0.0025       0
      primary samples 80, productive 27 (33.8%), vertices/sample 0.357
  qp-env       74/79      0.22/3.20/10001.31        475       12     9.60   0.0283    28%     0.0021      0/56785        0     0.0025       0
      primary samples 3, productive 3 (100.0%), vertices/sample 4.000

"samples" is checked configurations for isSafe, barrier evaluations for
the three CBF rows, and SIMD configuration lanes evaluated for VAMP. They measure
sampling work, while wall time captures the very different per-sample costs.
"unsafe/audited" evaluates exact primitive clearance at every state of the
densified solution -- for each CBF row that is the rollout the planner recorded
for each edge, replayed, so it is the motion that would actually be executed,
sampled inside each step rather than only at its boundaries. Non-zero unsafe
invalidates a row however fast it was.
"missed" counts solution edges that were not on file and had to be
re-derived; it must be zero, or the audited motion is a different trajectory
from the one the planner found.


envelope hop: 117061 filter calls, 1.535 hold queries/call, 32.9% saturated, 100.0% longer than L1, past one step 93.5% (L1 alone 58.7%), gated 98.6%, empty-active 0.0%, screen-escalated 3.0%
envelope bottleneck: world 83.3%, self-collision 16.4%, unbound 0.2% (horizon or screen clip), blocked 0.0%, joint-limit clamped 0.0%
envelope binding term:
  world rows       L1 0.0%, local-L1 2.0%, speed-capped 7.5%, isotropic-anchored 90.5% (of 97569 bound calls)
  self-pair rows   L1 0.0%, local-L1 0.0%, speed-capped 0.0%, normal-anchored 100.0% (of 19220 bound calls)
local-lever screen: 1101415 of 1735139 expensive world rows settled before the envelope (63.5%)
span handed to the rollout, in controller steps (8346310 calls):
                   <1      1-2      2-4      4-8       8+
  L1 only      99.18%     0.35%     0.22%     0.14%     0.11%
  envelope     98.69%     0.22%     0.26%     0.22%     0.62%
=== CBF profiler (wall time) ===
=== CBF filter stats ===
  calls=0  unchanged=0 (0.0%)  filtered=0 (0.0%)  blocked=0 (0.0%)
  active rows:       avg=0.00  max=0
  zero-row fast path: 0 (0.0%)
  qp iterations:     avg=0.00  max=0
  certified duration: avg=0.00000s  min=0.00000s  max=0.00000s  (over 0 non-blocked calls)
  required gain:     avg=0.000/s  max=0.000/s  p50=0.000/s  p90=0.000/s  p99=0.000/s  (over 0 calls, 0 uncertified)
