scene corridor   grid results/five_step005_20260910/pybullet_scenes/corridor.grid
field 155x155x158 nodes, voxel 0.0150 m, maxGradientNorm 1.7169
margin 0.0600, interpolation buffer 0.0050, guarded margin 0.0650
CBF kappa 20.000 /s, RRTConnect range 1.000 rad, min progress 0.25
retain partial CBF steering: on
rollout early termination: on, 0-call budget, 0 stalled steps
start barrier h = +0.0127 m

goal                         row     solved  seconds   wpts  audited   unsafe     min h   evals rad/call coarse selfcoll  min self     len0     len1    cut%  cutms
Info:    RRTConnect: Starting planning with 1 states already in datastructure
Info:    RRTConnect: Created 8 states (2 start + 6 goal)
Info:    RRTConnect: Starting planning with 1 states already in datastructure
Info:    RRTConnect: Created 8 states (6 start + 2 goal)
Info:    RRTConnect: Starting planning with 1 states already in datastructure
Info:    RRTConnect: Created 8 states (2 start + 6 goal)
Info:    RRTConnect: Starting planning with 1 states already in datastructure
Info:    RRTConnect: Created 10 states (5 start + 5 goal)
Info:    RRTConnect: Starting planning with 1 states already in datastructure
Info:    RRTConnect: Created 8 states (2 start + 6 goal)
Info:    RRTConnect: Starting planning with 1 states already in datastructure
Info:    RRTConnect: Created 9 states (7 start + 2 goal)
Info:    RRTConnect: Starting planning with 1 states already in datastructure
Info:    RRTConnect: Created 8 states (2 start + 6 goal)
Info:    RRTConnect: Starting planning with 1 states already in datastructure
Info:    RRTConnect: Created 9 states (7 start + 2 goal)
Info:    RRTConnect: Starting planning with 1 states already in datastructure
Info:    RRTConnect: Created 8 states (2 start + 6 goal)
Info:    RRTConnect: Starting planning with 1 states already in datastructure
Info:    RRTConnect: Created 8 states (6 start + 2 goal)
corridor_entrance_from_above rrtc       yes 0.000230      7      222        0   +0.0069     227        -      -        0   +0.0025    5.564    5.564    0.0%    0.0
                             cbf        yes 0.000206      7      297        0   +0.0050     150   0.0359     0%        0   +0.0025    5.391    5.391    0.0%    0.0
    cbf planner: 30 recorded / 30 rollouts (100.0%), 0 abandoned, 30 ledger-served, 760 filter calls
    rollout early stops: 0 budget, 0 stalled, 0 tiny-control
    productive samples: rrtc 14/23 (60.9%), cbf 5/5 (100.0%)
Info:    RRTConnect: Starting planning with 1 states already in datastructure
Info:    RRTConnect: Created 17 states (11 start + 6 goal)
Info:    RRTConnect: Starting planning with 1 states already in datastructure
Info:    RRTConnect: Created 88 states (84 start + 4 goal)
Info:    RRTConnect: Starting planning with 1 states already in datastructure
Info:    RRTConnect: Created 54 states (36 start + 18 goal)
Info:    RRTConnect: Starting planning with 1 states already in datastructure
Info:    RRTConnect: Created 110 states (103 start + 7 goal)
Info:    RRTConnect: Starting planning with 1 states already in datastructure
Info:    RRTConnect: Created 30 states (19 start + 11 goal)
Info:    RRTConnect: Starting planning with 1 states already in datastructure
Info:    RRTConnect: Created 78 states (70 start + 8 goal)
Info:    RRTConnect: Starting planning with 1 states already in datastructure
Info:    RRTConnect: Created 19 states (14 start + 5 goal)
Info:    RRTConnect: Starting planning with 1 states already in datastructure
Info:    RRTConnect: Created 48 states (43 start + 5 goal)
Info:    RRTConnect: Starting planning with 1 states already in datastructure
Info:    RRTConnect: Created 49 states (32 start + 17 goal)
Info:    RRTConnect: Starting planning with 1 states already in datastructure
Info:    RRTConnect: Created 160 states (155 start + 5 goal)
under_the_ceiling            rrtc       yes 0.004260     16      595        0   +0.0007    7849        -      -        0   +0.0025   14.890   14.890    0.0%    0.0
                             cbf        yes 0.001926     13      585        0   +0.0049    2143   0.0211     0%        0   +0.0025    9.568    9.568    0.0%    0.0
    cbf planner: 159 recorded / 255 rollouts (62.4%), 96 abandoned, 159 ledger-served, 7141 filter calls
    rollout early stops: 0 budget, 0 stalled, 0 tiny-control
    productive samples: rrtc 458/3344 (13.7%), cbf 86/101 (85.1%)
Info:    RRTConnect: Starting planning with 1 states already in datastructure
Info:    RRTConnect: Created 67 states (39 start + 28 goal)
Info:    RRTConnect: Starting planning with 1 states already in datastructure
Info:    RRTConnect: Created 137 states (133 start + 4 goal)
Info:    RRTConnect: Starting planning with 1 states already in datastructure
Info:    RRTConnect: Created 47 states (24 start + 23 goal)
Info:    RRTConnect: Starting planning with 1 states already in datastructure
Info:    RRTConnect: Created 165 states (159 start + 6 goal)
Info:    RRTConnect: Starting planning with 1 states already in datastructure
Info:    RRTConnect: Created 34 states (24 start + 10 goal)
Info:    RRTConnect: Starting planning with 1 states already in datastructure
Info:    RRTConnect: Created 196 states (189 start + 7 goal)
Info:    RRTConnect: Starting planning with 1 states already in datastructure
Info:    RRTConnect: Created 31 states (16 start + 15 goal)
Info:    RRTConnect: Starting planning with 1 states already in datastructure
Info:    RRTConnect: Created 270 states (264 start + 6 goal)
Info:    RRTConnect: Starting planning with 1 states already in datastructure
Info:    RRTConnect: Created 28 states (19 start + 9 goal)
Info:    RRTConnect: Starting planning with 1 states already in datastructure
Info:    RRTConnect: Created 168 states (162 start + 6 goal)
far_end_under_the_ceiling    rrtc       yes 0.007768     13      477        0   +0.0034    8438        -      -        0   +0.0025   11.943   11.943    0.0%    0.0
                             cbf        yes 0.002476     21      730        0   +0.0022     955   0.0222     0%        0   +0.0025   12.537   12.537    0.0%    0.0
    cbf planner: 197 recorded / 308 rollouts (64.0%), 111 abandoned, 197 ledger-served, 8711 filter calls
    rollout early stops: 0 budget, 0 stalled, 0 tiny-control
    productive samples: rrtc 913/7506 (12.2%), cbf 101/116 (87.1%)
    ! barrier mismatch at goal: exporter +0.0075, here +0.0227

solved: rrtc 3/3, cbf 3/3   median ms over 5 trials: rrtc 4.260, cbf 1.926 (2.21x)
path length over 3 goals both solved, radians: rrtc 32.397 -> 32.397, cbf 27.496 -> 27.496   cbf/rrtc before 0.85x, after 0.85x
0 audited states below the audited margin (cbf row)
