scene corridor   grid results/five_step005_20260910/pybullet_scenes/corridor.grid
field 155x155x158 nodes, voxel 0.0150 m, maxGradientNorm 1.7169
margin 0.0600, interpolation buffer 0.0050, guarded margin 0.0650
CBF kappa 20.000 /s, RRTConnect range 1.000 rad, min progress 0.25
retain partial CBF steering: on
rollout early termination: on, 0-call budget, 0 stalled steps
start barrier h = +0.0127 m

goal                         row     solved  seconds   wpts  audited   unsafe     min h   evals rad/call coarse selfcoll  min self     len0     len1    cut%  cutms
Info:    RRTConnect: Starting planning with 1 states already in datastructure
Info:    RRTConnect: Created 43 states (33 start + 10 goal)
Info:    RRTConnect: Starting planning with 1 states already in datastructure
Info:    RRTConnect: Created 8 states (6 start + 2 goal)
Info:    RRTConnect: Starting planning with 1 states already in datastructure
Info:    RRTConnect: Created 11 states (8 start + 3 goal)
Info:    RRTConnect: Starting planning with 1 states already in datastructure
Info:    RRTConnect: Created 10 states (5 start + 5 goal)
Info:    RRTConnect: Starting planning with 1 states already in datastructure
Info:    RRTConnect: Created 39 states (22 start + 17 goal)
Info:    RRTConnect: Starting planning with 1 states already in datastructure
Info:    RRTConnect: Created 9 states (7 start + 2 goal)
Info:    RRTConnect: Starting planning with 1 states already in datastructure
Info:    RRTConnect: Created 15 states (8 start + 7 goal)
Info:    RRTConnect: Starting planning with 1 states already in datastructure
Info:    RRTConnect: Created 9 states (7 start + 2 goal)
Info:    RRTConnect: Starting planning with 1 states already in datastructure
Info:    RRTConnect: Created 11 states (7 start + 4 goal)
Info:    RRTConnect: Starting planning with 1 states already in datastructure
Info:    RRTConnect: Created 8 states (6 start + 2 goal)
corridor_entrance_from_above rrtc       yes 0.000237      7      222        0   +0.0069     227        -      -        0   +0.0025    5.564    5.564    0.0%    0.0
                             cbf        yes 0.000343      9      349        0   +0.0085     209   0.0373     0%        0   +0.0025    6.661    6.661    0.0%    0.0
    cbf planner: 109 recorded / 305 rollouts (35.7%), 196 abandoned, 109 ledger-served, 2844 filter calls
    rollout early stops: 0 budget, 0 stalled, 0 tiny-control
    productive samples: rrtc 14/23 (60.9%), cbf 77/201 (38.3%)
Info:    RRTConnect: Starting planning with 1 states already in datastructure
Info:    RRTConnect: Created 174 states (163 start + 11 goal)
Info:    RRTConnect: Starting planning with 1 states already in datastructure
Info:    RRTConnect: Created 88 states (84 start + 4 goal)
Info:    RRTConnect: Starting planning with 1 states already in datastructure
Info:    RRTConnect: Created 177 states (160 start + 17 goal)
Info:    RRTConnect: Starting planning with 1 states already in datastructure
Info:    RRTConnect: Created 110 states (103 start + 7 goal)
Info:    RRTConnect: Starting planning with 1 states already in datastructure
Info:    RRTConnect: Created 99 states (92 start + 7 goal)
Info:    RRTConnect: Starting planning with 1 states already in datastructure
Info:    RRTConnect: Created 78 states (70 start + 8 goal)
Info:    RRTConnect: Starting planning with 1 states already in datastructure
Info:    RRTConnect: Created 386 states (364 start + 22 goal)
Info:    RRTConnect: Starting planning with 1 states already in datastructure
Info:    RRTConnect: Created 48 states (43 start + 5 goal)
Info:    RRTConnect: Starting planning with 1 states already in datastructure
Info:    RRTConnect: Created 74 states (65 start + 9 goal)
Info:    RRTConnect: Starting planning with 1 states already in datastructure
Info:    RRTConnect: Created 160 states (155 start + 5 goal)
under_the_ceiling            rrtc       yes 0.004296     16      595        0   +0.0007    7849        -      -        0   +0.0025   14.890   14.890    0.0%    0.0
                             cbf        yes 0.007131     20      739        0   +0.0053    2251   0.0298     0%        0   +0.0025   13.424   13.424    0.0%    0.0
    cbf planner: 900 recorded / 6241 rollouts (14.4%), 5341 abandoned, 900 ledger-served, 29232 filter calls
    rollout early stops: 0 budget, 0 stalled, 0 tiny-control
    productive samples: rrtc 458/3344 (13.7%), cbf 865/5346 (16.2%)
Info:    RRTConnect: Starting planning with 1 states already in datastructure
Info:    RRTConnect: Created 280 states (267 start + 13 goal)
Info:    RRTConnect: Starting planning with 1 states already in datastructure
Info:    RRTConnect: Created 137 states (133 start + 4 goal)
Info:    RRTConnect: Starting planning with 1 states already in datastructure
Info:    RRTConnect: Created 232 states (216 start + 16 goal)
Info:    RRTConnect: Starting planning with 1 states already in datastructure
Info:    RRTConnect: Created 165 states (159 start + 6 goal)
Info:    RRTConnect: Starting planning with 1 states already in datastructure
Info:    RRTConnect: Created 388 states (375 start + 13 goal)
Info:    RRTConnect: Starting planning with 1 states already in datastructure
Info:    RRTConnect: Created 196 states (189 start + 7 goal)
Info:    RRTConnect: Starting planning with 1 states already in datastructure
Info:    RRTConnect: Created 365 states (353 start + 12 goal)
Info:    RRTConnect: Starting planning with 1 states already in datastructure
Info:    RRTConnect: Created 270 states (264 start + 6 goal)
Info:    RRTConnect: Starting planning with 1 states already in datastructure
Info:    RRTConnect: Created 309 states (296 start + 13 goal)
Info:    RRTConnect: Starting planning with 1 states already in datastructure
Info:    RRTConnect: Created 168 states (162 start + 6 goal)
far_end_under_the_ceiling    rrtc       yes 0.007950     13      477        0   +0.0034    8438        -      -        0   +0.0025   11.943   11.943    0.0%    0.0
                             cbf        yes 0.013073     18      860        0   +0.0050   10274   0.0273     0%        0   +0.0025   13.944   13.944    0.0%    0.0
    cbf planner: 1564 recorded / 11403 rollouts (13.7%), 9839 abandoned, 1564 ledger-served, 51506 filter calls
    rollout early stops: 0 budget, 0 stalled, 0 tiny-control
    productive samples: rrtc 913/7506 (12.2%), cbf 1533/9844 (15.6%)
    ! barrier mismatch at goal: exporter +0.0075, here +0.0227

solved: rrtc 3/3, cbf 3/3   median ms over 5 trials: rrtc 4.296, cbf 7.131 (0.60x)
path length over 3 goals both solved, radians: rrtc 32.397 -> 32.397, cbf 34.029 -> 34.029   cbf/rrtc before 1.05x, after 1.05x
0 audited states below the audited margin (cbf row)
