scene corridor   grid results/five_step005_20260910/pybullet_scenes/corridor.grid
field 155x155x158 nodes, voxel 0.0150 m, maxGradientNorm 1.7169
margin 0.0600, interpolation buffer 0.0050, guarded margin 0.0650
CBF kappa 20.000 /s, RRTConnect range 1.000 rad, min progress 0.25
retain partial CBF steering: on
rollout early termination: on, 0-call budget, 0 stalled steps
start barrier h = +0.0127 m

goal                         row     solved  seconds   wpts  audited   unsafe     min h   evals rad/call coarse selfcoll  min self     len0     len1    cut%  cutms
Info:    RRTConnect: Starting planning with 1 states already in datastructure
Info:    RRTConnect: Created 8 states (2 start + 6 goal)
Info:    RRTConnect: Starting planning with 1 states already in datastructure
Info:    RRTConnect: Created 8 states (6 start + 2 goal)
Info:    RRTConnect: Starting planning with 1 states already in datastructure
Info:    RRTConnect: Created 8 states (2 start + 6 goal)
Info:    RRTConnect: Starting planning with 1 states already in datastructure
Info:    RRTConnect: Created 10 states (5 start + 5 goal)
Info:    RRTConnect: Starting planning with 1 states already in datastructure
Info:    RRTConnect: Created 8 states (2 start + 6 goal)
Info:    RRTConnect: Starting planning with 1 states already in datastructure
Info:    RRTConnect: Created 9 states (7 start + 2 goal)
Info:    RRTConnect: Starting planning with 1 states already in datastructure
Info:    RRTConnect: Created 8 states (2 start + 6 goal)
Info:    RRTConnect: Starting planning with 1 states already in datastructure
Info:    RRTConnect: Created 9 states (7 start + 2 goal)
Info:    RRTConnect: Starting planning with 1 states already in datastructure
Info:    RRTConnect: Created 8 states (2 start + 6 goal)
Info:    RRTConnect: Starting planning with 1 states already in datastructure
Info:    RRTConnect: Created 8 states (6 start + 2 goal)
corridor_entrance_from_above rrtc       yes 0.000238      7      222        0   +0.0069     227        -      -        0   +0.0025    5.564    5.564    0.0%    0.0
                             cbf        yes 0.000154      7      248        0   +0.0051      54   0.0998    48%        0   +0.0025    5.391    5.391    0.0%    0.0
    cbf planner: 30 recorded / 30 rollouts (100.0%), 0 abandoned, 30 ledger-served, 335 filter calls
    rollout early stops: 0 budget, 0 stalled, 0 tiny-control
    productive samples: rrtc 14/23 (60.9%), cbf 5/5 (100.0%)
Info:    RRTConnect: Starting planning with 1 states already in datastructure
Info:    RRTConnect: Created 18 states (12 start + 6 goal)
Info:    RRTConnect: Starting planning with 1 states already in datastructure
Info:    RRTConnect: Created 88 states (84 start + 4 goal)
Info:    RRTConnect: Starting planning with 1 states already in datastructure
Info:    RRTConnect: Created 72 states (42 start + 30 goal)
Info:    RRTConnect: Starting planning with 1 states already in datastructure
Info:    RRTConnect: Created 110 states (103 start + 7 goal)
Info:    RRTConnect: Starting planning with 1 states already in datastructure
Info:    RRTConnect: Created 30 states (19 start + 11 goal)
Info:    RRTConnect: Starting planning with 1 states already in datastructure
Info:    RRTConnect: Created 78 states (70 start + 8 goal)
Info:    RRTConnect: Starting planning with 1 states already in datastructure
Info:    RRTConnect: Created 19 states (14 start + 5 goal)
Info:    RRTConnect: Starting planning with 1 states already in datastructure
Info:    RRTConnect: Created 48 states (43 start + 5 goal)
Info:    RRTConnect: Starting planning with 1 states already in datastructure
Info:    RRTConnect: Created 48 states (31 start + 17 goal)
Info:    RRTConnect: Starting planning with 1 states already in datastructure
Info:    RRTConnect: Created 160 states (155 start + 5 goal)
under_the_ceiling            rrtc       yes 0.004420     16      595        0   +0.0007    7849        -      -        0   +0.0025   14.890   14.890    0.0%    0.0
                             cbf        yes 0.002348     12      541        0   +0.0048    2008   0.0225     2%        0   +0.0025    9.563    9.563    0.0%    0.0
    cbf planner: 177 recorded / 278 rollouts (63.7%), 101 abandoned, 177 ledger-served, 7095 filter calls
    rollout early stops: 0 budget, 0 stalled, 0 tiny-control
    productive samples: rrtc 458/3344 (13.7%), cbf 90/106 (84.9%)
Info:    RRTConnect: Starting planning with 1 states already in datastructure
Info:    RRTConnect: Created 67 states (39 start + 28 goal)
Info:    RRTConnect: Starting planning with 1 states already in datastructure
Info:    RRTConnect: Created 137 states (133 start + 4 goal)
Info:    RRTConnect: Starting planning with 1 states already in datastructure
Info:    RRTConnect: Created 47 states (28 start + 19 goal)
Info:    RRTConnect: Starting planning with 1 states already in datastructure
Info:    RRTConnect: Created 165 states (159 start + 6 goal)
Info:    RRTConnect: Starting planning with 1 states already in datastructure
Info:    RRTConnect: Created 34 states (24 start + 10 goal)
Info:    RRTConnect: Starting planning with 1 states already in datastructure
Info:    RRTConnect: Created 196 states (189 start + 7 goal)
Info:    RRTConnect: Starting planning with 1 states already in datastructure
Info:    RRTConnect: Created 32 states (16 start + 16 goal)
Info:    RRTConnect: Starting planning with 1 states already in datastructure
Info:    RRTConnect: Created 270 states (264 start + 6 goal)
Info:    RRTConnect: Starting planning with 1 states already in datastructure
Info:    RRTConnect: Created 28 states (19 start + 9 goal)
Info:    RRTConnect: Starting planning with 1 states already in datastructure
Info:    RRTConnect: Created 168 states (162 start + 6 goal)
far_end_under_the_ceiling    rrtc       yes 0.007976     13      477        0   +0.0034    8438        -      -        0   +0.0025   11.943   11.943    0.0%    0.0
                             cbf        yes 0.003016     21      654        0   +0.0021     785   0.0269     6%        0   +0.0025   12.535   12.535    0.0%    0.0
    cbf planner: 198 recorded / 310 rollouts (63.9%), 112 abandoned, 198 ledger-served, 7872 filter calls
    rollout early stops: 0 budget, 0 stalled, 0 tiny-control
    productive samples: rrtc 913/7506 (12.2%), cbf 102/117 (87.2%)
    ! barrier mismatch at goal: exporter +0.0075, here +0.0227

solved: rrtc 3/3, cbf 3/3   median ms over 5 trials: rrtc 4.420, cbf 2.348 (1.88x)
path length over 3 goals both solved, radians: rrtc 32.397 -> 32.397, cbf 27.489 -> 27.489   cbf/rrtc before 0.85x, after 0.85x
0 audited states below the audited margin (cbf row)
envelope hop: 574 filter calls reached the certificate, past one step 95.1% (L1 alone 64.1%), gated 96.2%, escalated 96.9%
envelope cost: wrapped QP 2.181 us/call, certificate 0.071 us/call (3.2% on top); 0.753 us per query run
span handed to the rollout, in controller steps:
                  <1     1-2     2-4     4-8      8+
  L1 only     97.60%    0.93%    0.68%    0.75%    0.05%
  envelope    96.43%    0.99%    1.03%    0.87%    0.69%
