scene pillars   grid results/five_step005_20260910/pybullet_scenes/pillars.grid
field 155x155x158 nodes, voxel 0.0150 m, maxGradientNorm 1.7157
margin 0.0600, interpolation buffer 0.0050, guarded margin 0.0650
CBF kappa 20.000 /s, RRTConnect range 1.000 rad, min progress 0.25
retain partial CBF steering: on
rollout early termination: on, 0-call budget, 0 stalled steps
start barrier h = +0.0127 m

goal                         row     solved  seconds   wpts  audited   unsafe     min h   evals rad/call coarse selfcoll  min self     len0     len1    cut%  cutms
Info:    RRTConnect: Starting planning with 1 states already in datastructure
Info:    RRTConnect: Created 7 states (2 start + 5 goal)
Info:    RRTConnect: Starting planning with 1 states already in datastructure
Info:    RRTConnect: Created 8 states (5 start + 3 goal)
Info:    RRTConnect: Starting planning with 1 states already in datastructure
Info:    RRTConnect: Created 8 states (2 start + 6 goal)
Info:    RRTConnect: Starting planning with 1 states already in datastructure
Info:    RRTConnect: Created 8 states (2 start + 6 goal)
Info:    RRTConnect: Starting planning with 1 states already in datastructure
Info:    RRTConnect: Created 8 states (2 start + 6 goal)
Info:    RRTConnect: Starting planning with 1 states already in datastructure
Info:    RRTConnect: Created 8 states (2 start + 6 goal)
Info:    RRTConnect: Starting planning with 1 states already in datastructure
Info:    RRTConnect: Created 8 states (2 start + 6 goal)
Info:    RRTConnect: Starting planning with 1 states already in datastructure
Info:    RRTConnect: Created 8 states (2 start + 6 goal)
Info:    RRTConnect: Starting planning with 1 states already in datastructure
Info:    RRTConnect: Created 8 states (2 start + 6 goal)
Info:    RRTConnect: Starting planning with 1 states already in datastructure
Info:    RRTConnect: Created 8 states (2 start + 6 goal)
between_posts_right          rrtc       yes 0.000210      7      218        0   +0.0127     226        -      -        0   +0.0025    5.463    5.463    0.0%    0.0
                             cbf        yes 0.000151      7      243        0   +0.0127      44   0.1242    80%        0   +0.0025    5.463    5.463    0.0%    0.0
    cbf planner: 29 recorded / 29 rollouts (100.0%), 0 abandoned, 29 ledger-served, 244 filter calls
    rollout early stops: 0 budget, 0 stalled, 0 tiny-control
    productive samples: rrtc 6/6 (100.0%), cbf 5/5 (100.0%)
Info:    RRTConnect: Starting planning with 1 states already in datastructure
Info:    RRTConnect: Created 8 states (2 start + 6 goal)
Info:    RRTConnect: Starting planning with 1 states already in datastructure
Info:    RRTConnect: Created 8 states (2 start + 6 goal)
Info:    RRTConnect: Starting planning with 1 states already in datastructure
Info:    RRTConnect: Created 8 states (2 start + 6 goal)
Info:    RRTConnect: Starting planning with 1 states already in datastructure
Info:    RRTConnect: Created 8 states (2 start + 6 goal)
Info:    RRTConnect: Starting planning with 1 states already in datastructure
Info:    RRTConnect: Created 8 states (2 start + 6 goal)
Info:    RRTConnect: Starting planning with 1 states already in datastructure
Info:    RRTConnect: Created 8 states (2 start + 6 goal)
Info:    RRTConnect: Starting planning with 1 states already in datastructure
Info:    RRTConnect: Created 8 states (2 start + 6 goal)
Info:    RRTConnect: Starting planning with 1 states already in datastructure
Info:    RRTConnect: Created 8 states (2 start + 6 goal)
Info:    RRTConnect: Starting planning with 1 states already in datastructure
Info:    RRTConnect: Created 7 states (2 start + 5 goal)
Info:    RRTConnect: Starting planning with 1 states already in datastructure
Info:    RRTConnect: Created 7 states (2 start + 5 goal)
between_posts_left           rrtc       yes 0.000188      6      193        0   +0.0127     200        -      -        0   +0.0025    4.836    4.836    0.0%    0.0
                             cbf        yes 0.000073      6      204        0   +0.0127      16   0.3022    94%        0   +0.0025    4.836    4.836    0.0%    0.0
    cbf planner: 29 recorded / 29 rollouts (100.0%), 0 abandoned, 29 ledger-served, 95 filter calls
    rollout early stops: 0 budget, 0 stalled, 0 tiny-control
    productive samples: rrtc 5/5 (100.0%), cbf 5/5 (100.0%)
Info:    RRTConnect: Starting planning with 1 states already in datastructure
Info:    RRTConnect: Created 6 states (2 start + 4 goal)
Info:    RRTConnect: Starting planning with 1 states already in datastructure
Info:    RRTConnect: Created 6 states (2 start + 4 goal)
Info:    RRTConnect: Starting planning with 1 states already in datastructure
Info:    RRTConnect: Created 6 states (2 start + 4 goal)
Info:    RRTConnect: Starting planning with 1 states already in datastructure
Info:    RRTConnect: Created 6 states (2 start + 4 goal)
Info:    RRTConnect: Starting planning with 1 states already in datastructure
Info:    RRTConnect: Created 5 states (2 start + 3 goal)
Info:    RRTConnect: Starting planning with 1 states already in datastructure
Info:    RRTConnect: Created 5 states (2 start + 3 goal)
Info:    RRTConnect: Starting planning with 1 states already in datastructure
Info:    RRTConnect: Created 6 states (2 start + 4 goal)
Info:    RRTConnect: Starting planning with 1 states already in datastructure
Info:    RRTConnect: Created 6 states (2 start + 4 goal)
Info:    RRTConnect: Starting planning with 1 states already in datastructure
Info:    RRTConnect: Created 6 states (2 start + 4 goal)
Info:    RRTConnect: Starting planning with 1 states already in datastructure
Info:    RRTConnect: Created 6 states (2 start + 4 goal)
far_side_low                 rrtc       yes 0.000144      5      147        0   +0.0127     153        -      -        0   +0.0025    3.688    3.688    0.0%    0.0
                             cbf        yes 0.000056      5      156        0   +0.0127      16   0.2305   100%        0   +0.0025    3.688    3.688    0.0%    0.0
    cbf planner: 19 recorded / 19 rollouts (100.0%), 0 abandoned, 19 ledger-served, 71 filter calls
    rollout early stops: 0 budget, 0 stalled, 0 tiny-control
    productive samples: rrtc 5/5 (100.0%), cbf 5/5 (100.0%)
Info:    RRTConnect: Starting planning with 1 states already in datastructure
Info:    RRTConnect: Created 7 states (2 start + 5 goal)
Info:    RRTConnect: Starting planning with 1 states already in datastructure
Info:    RRTConnect: Created 7 states (2 start + 5 goal)
Info:    RRTConnect: Starting planning with 1 states already in datastructure
Info:    RRTConnect: Created 8 states (2 start + 6 goal)
Info:    RRTConnect: Starting planning with 1 states already in datastructure
Info:    RRTConnect: Created 8 states (2 start + 6 goal)
Info:    RRTConnect: Starting planning with 1 states already in datastructure
Info:    RRTConnect: Created 7 states (2 start + 5 goal)
Info:    RRTConnect: Starting planning with 1 states already in datastructure
Info:    RRTConnect: Created 7 states (2 start + 5 goal)
Info:    RRTConnect: Starting planning with 1 states already in datastructure
Info:    RRTConnect: Created 7 states (2 start + 5 goal)
Info:    RRTConnect: Starting planning with 1 states already in datastructure
Info:    RRTConnect: Created 7 states (2 start + 5 goal)
Info:    RRTConnect: Starting planning with 1 states already in datastructure
Info:    RRTConnect: Created 7 states (2 start + 5 goal)
Info:    RRTConnect: Starting planning with 1 states already in datastructure
Info:    RRTConnect: Created 7 states (2 start + 5 goal)
behind_the_field             rrtc       yes 0.000159      6      182        0   +0.0127     189        -      -        0   +0.0025    4.569    4.569    0.0%    0.0
                             cbf        yes 0.000082      6      197        0   +0.0127      27   0.1692    96%        0   +0.0025    4.569    4.569    0.0%    0.0
    cbf planner: 26 recorded / 26 rollouts (100.0%), 0 abandoned, 26 ledger-served, 116 filter calls
    rollout early stops: 0 budget, 0 stalled, 0 tiny-control
    productive samples: rrtc 5/5 (100.0%), cbf 5/5 (100.0%)

solved: rrtc 4/4, cbf 4/4   median ms over 5 trials: rrtc 0.188, cbf 0.082 (2.28x)
path length over 4 goals both solved, radians: rrtc 18.557 -> 18.557, cbf 18.557 -> 18.557   cbf/rrtc before 1.00x, after 1.00x
0 audited states below the audited margin (cbf row)
envelope hop: 457 filter calls reached the certificate, past one step 100.0% (L1 alone 78.8%), gated 13.1%, escalated 100.0%
envelope cost: wrapped QP 1.879 us/call, certificate 1.350 us/call (71.9% on top); 0.776 us per query run
span handed to the rollout, in controller steps:
                  <1     1-2     2-4     4-8      8+
  L1 only     31.56%   18.44%   14.45%   24.33%   11.22%
  envelope    13.12%   15.40%   16.16%   21.48%   33.84%
