scene shelf   grid results/five_step005_20260910/pybullet_scenes/shelf.grid
field 155x155x158 nodes, voxel 0.0150 m, maxGradientNorm 1.6668
margin 0.0600, interpolation buffer 0.0050, guarded margin 0.0650
CBF kappa 20.000 /s, RRTConnect range 1.000 rad, min progress 0.25
retain partial CBF steering: on
rollout early termination: on, 0-call budget, 0 stalled steps
start barrier h = +0.0127 m

goal                         row     solved  seconds   wpts  audited   unsafe     min h   evals rad/call coarse selfcoll  min self     len0     len1    cut%  cutms
Info:    RRTConnect: Starting planning with 1 states already in datastructure
Info:    RRTConnect: Created 57 states (39 start + 18 goal)
Info:    RRTConnect: Starting planning with 1 states already in datastructure
Info:    RRTConnect: Created 27 states (23 start + 4 goal)
Info:    RRTConnect: Starting planning with 1 states already in datastructure
Info:    RRTConnect: Created 60 states (39 start + 21 goal)
Info:    RRTConnect: Starting planning with 1 states already in datastructure
Info:    RRTConnect: Created 49 states (43 start + 6 goal)
Info:    RRTConnect: Starting planning with 1 states already in datastructure
Info:    RRTConnect: Created 27 states (14 start + 13 goal)
Info:    RRTConnect: Starting planning with 1 states already in datastructure
Info:    RRTConnect: Created 38 states (31 start + 7 goal)
Info:    RRTConnect: Starting planning with 1 states already in datastructure
Info:    RRTConnect: Created 57 states (37 start + 20 goal)
Info:    RRTConnect: Starting planning with 1 states already in datastructure
Info:    RRTConnect: Created 55 states (48 start + 7 goal)
Info:    RRTConnect: Starting planning with 1 states already in datastructure
Info:    RRTConnect: Created 17 states (10 start + 7 goal)
Info:    RRTConnect: Starting planning with 1 states already in datastructure
Info:    RRTConnect: Created 13 states (9 start + 4 goal)
lower_bay_left               rrtc       yes 0.001423      9      318        0   +0.0046     467        -      -        0   +0.0025    7.974    7.974    0.0%    0.0
                             cbf        yes 0.006355     10      357        0   +0.0035     408   0.0300     3%        0   +0.0025    6.629    6.629    0.0%    0.0
    cbf planner: 208 recorded / 369 rollouts (56.4%), 161 abandoned, 208 ledger-served, 9468 filter calls
    rollout early stops: 0 budget, 0 stalled, 0 tiny-control
    productive samples: rrtc 149/595 (25.0%), cbf 122/166 (73.5%)
    ! barrier mismatch at goal: exporter +0.0052, here +0.0201
Info:    RRTConnect: Starting planning with 1 states already in datastructure
Info:    RRTConnect: Created 24 states (16 start + 8 goal)
Info:    RRTConnect: Starting planning with 1 states already in datastructure
Info:    RRTConnect: Created 44 states (40 start + 4 goal)
Info:    RRTConnect: Starting planning with 1 states already in datastructure
Info:    RRTConnect: Created 13 states (6 start + 7 goal)
Info:    RRTConnect: Starting planning with 1 states already in datastructure
Info:    RRTConnect: Created 23 states (19 start + 4 goal)
Info:    RRTConnect: Starting planning with 1 states already in datastructure
Info:    RRTConnect: Created 21 states (13 start + 8 goal)
Info:    RRTConnect: Starting planning with 1 states already in datastructure
Info:    RRTConnect: Created 48 states (45 start + 3 goal)
Info:    RRTConnect: Starting planning with 1 states already in datastructure
Info:    RRTConnect: Created 24 states (12 start + 12 goal)
Info:    RRTConnect: Starting planning with 1 states already in datastructure
Info:    RRTConnect: Created 110 states (104 start + 6 goal)
Info:    RRTConnect: Starting planning with 1 states already in datastructure
Info:    RRTConnect: Created 65 states (39 start + 26 goal)
Info:    RRTConnect: Starting planning with 1 states already in datastructure
Info:    RRTConnect: Created 106 states (98 start + 8 goal)
lower_bay_right              rrtc       yes 0.001896     11      360        0   +0.0127    5040        -      -        0   +0.0025    9.019    9.019    0.0%    0.0
                             cbf        yes 0.001535     27     1038       21   -0.0122    2731   0.0245     5%        0   +0.0025   17.724   17.724    0.0%    0.0
    cbf planner: 137 recorded / 221 rollouts (62.0%), 84 abandoned, 137 ledger-served, 5073 filter calls
    rollout early stops: 0 budget, 0 stalled, 0 tiny-control
    productive samples: rrtc 306/1770 (17.3%), cbf 71/89 (79.8%)
    ! barrier mismatch at goal: exporter +0.0049, here +0.0199
Info:    RRTConnect: Starting planning with 1 states already in datastructure
Info:    RRTConnect: Created 9 states (2 start + 7 goal)
Info:    RRTConnect: Starting planning with 1 states already in datastructure
Info:    RRTConnect: Created 22 states (20 start + 2 goal)
Info:    RRTConnect: Starting planning with 1 states already in datastructure
Info:    RRTConnect: Created 9 states (2 start + 7 goal)
Info:    RRTConnect: Starting planning with 1 states already in datastructure
Info:    RRTConnect: Created 35 states (30 start + 5 goal)
Info:    RRTConnect: Starting planning with 1 states already in datastructure
Info:    RRTConnect: Created 9 states (4 start + 5 goal)
Info:    RRTConnect: Starting planning with 1 states already in datastructure
Info:    RRTConnect: Created 54 states (51 start + 3 goal)
Info:    RRTConnect: Starting planning with 1 states already in datastructure
Info:    RRTConnect: Created 9 states (2 start + 7 goal)
Info:    RRTConnect: Starting planning with 1 states already in datastructure
Info:    RRTConnect: Created 13 states (9 start + 4 goal)
Info:    RRTConnect: Starting planning with 1 states already in datastructure
Info:    RRTConnect: Created 8 states (2 start + 6 goal)
Info:    RRTConnect: Starting planning with 1 states already in datastructure
Info:    RRTConnect: Created 41 states (38 start + 3 goal)
upper_bay_left               rrtc       yes 0.001284      7      228        0   +0.0127    1897        -      -        0   +0.0025    5.714    5.714    0.0%    0.0
                             cbf        yes 0.000314      7      257        0   +0.0050     110   0.0451    13%        0   +0.0025    4.963    4.963    0.0%    0.0
    cbf planner: 34 recorded / 35 rollouts (97.1%), 1 abandoned, 34 ledger-served, 663 filter calls
    rollout early stops: 0 budget, 0 stalled, 0 tiny-control
    productive samples: rrtc 134/708 (18.9%), cbf 6/6 (100.0%)
    ! barrier mismatch at goal: exporter +0.0049, here +0.0192
Info:    RRTConnect: Starting planning with 1 states already in datastructure
Info:    RRTConnect: Created 9 states (5 start + 4 goal)
Info:    RRTConnect: Starting planning with 1 states already in datastructure
Info:    RRTConnect: Created 8 states (6 start + 2 goal)
Info:    RRTConnect: Starting planning with 1 states already in datastructure
Info:    RRTConnect: Created 23 states (15 start + 8 goal)
Info:    RRTConnect: Starting planning with 1 states already in datastructure
Info:    RRTConnect: Created 26 states (23 start + 3 goal)
Info:    RRTConnect: Starting planning with 1 states already in datastructure
Info:    RRTConnect: Created 9 states (2 start + 7 goal)
Info:    RRTConnect: Starting planning with 1 states already in datastructure
Info:    RRTConnect: Created 16 states (14 start + 2 goal)
Info:    RRTConnect: Starting planning with 1 states already in datastructure
Info:    RRTConnect: Created 9 states (5 start + 4 goal)
Info:    RRTConnect: Starting planning with 1 states already in datastructure
Info:    RRTConnect: Created 8 states (6 start + 2 goal)
Info:    RRTConnect: Starting planning with 1 states already in datastructure
Info:    RRTConnect: Created 25 states (13 start + 12 goal)
Info:    RRTConnect: Starting planning with 1 states already in datastructure
Info:    RRTConnect: Created 15 states (13 start + 2 goal)
upper_bay_right              rrtc       yes 0.000498     10      349        0   +0.0030     562        -      -        0   +0.0025    8.741    8.741    0.0%    0.0
                             cbf        yes 0.000280     14      462        0   +0.0010     538   0.0327     8%        0   +0.0025    8.636    8.636    0.0%    0.0
    cbf planner: 65 recorded / 86 rollouts (75.6%), 21 abandoned, 65 ledger-served, 1482 filter calls
    rollout early stops: 0 budget, 0 stalled, 0 tiny-control
    productive samples: rrtc 48/128 (37.5%), cbf 23/26 (88.5%)
    ! barrier mismatch at goal: exporter +0.0049, here +0.0192

solved: rrtc 4/4, cbf 4/4   median ms over 5 trials: rrtc 1.423, cbf 1.535 (0.93x)
path length over 4 goals both solved, radians: rrtc 31.448 -> 31.448, cbf 37.953 -> 37.953   cbf/rrtc before 1.21x, after 1.21x
21 audited states below the audited margin (cbf row)
