scene shelf   grid results/five_step005_20260910/pybullet_scenes/shelf.grid
field 155x155x158 nodes, voxel 0.0150 m, maxGradientNorm 1.6668
margin 0.0600, interpolation buffer 0.0050, guarded margin 0.0650
CBF kappa 20.000 /s, RRTConnect range 1.000 rad, min progress 0.25
retain partial CBF steering: on
rollout early termination: on, 0-call budget, 0 stalled steps
start barrier h = +0.0127 m

goal                         row     solved  seconds   wpts  audited   unsafe     min h   evals rad/call coarse selfcoll  min self     len0     len1    cut%  cutms
Info:    RRTConnect: Starting planning with 1 states already in datastructure
Info:    RRTConnect: Created 30 states (20 start + 10 goal)
Info:    RRTConnect: Starting planning with 1 states already in datastructure
Info:    RRTConnect: Created 82 states (76 start + 6 goal)
Info:    RRTConnect: Starting planning with 1 states already in datastructure
Info:    RRTConnect: Created 128 states (87 start + 41 goal)
Info:    RRTConnect: Starting planning with 1 states already in datastructure
Info:    RRTConnect: Created 49 states (41 start + 8 goal)
Info:    RRTConnect: Starting planning with 1 states already in datastructure
Info:    RRTConnect: Created 57 states (33 start + 24 goal)
Info:    RRTConnect: Starting planning with 1 states already in datastructure
Info:    RRTConnect: Created 36 states (30 start + 6 goal)
Info:    RRTConnect: Starting planning with 1 states already in datastructure
Info:    RRTConnect: Created 31 states (19 start + 12 goal)
Info:    RRTConnect: Starting planning with 1 states already in datastructure
Info:    RRTConnect: Created 70 states (64 start + 6 goal)
Info:    RRTConnect: Starting planning with 1 states already in datastructure
Info:    RRTConnect: Created 34 states (17 start + 17 goal)
Info:    RRTConnect: Starting planning with 1 states already in datastructure
Info:    RRTConnect: Created 11 states (7 start + 4 goal)
lower_bay_left               rrtc       yes 0.001902      9      307        0   +0.0099     365        -      -        0   +0.0025    7.681    7.681    0.0%    0.0
                             cbf        yes 0.003145     17      606        0   +0.0029    1070   0.0244     0%        0   +0.0025   10.722   10.722    0.0%    0.0
    cbf planner: 270 recorded / 493 rollouts (54.8%), 223 abandoned, 270 ledger-served, 13890 filter calls
    rollout early stops: 0 budget, 0 stalled, 0 tiny-control
    productive samples: rrtc 221/1085 (20.4%), cbf 160/228 (70.2%)
    ! barrier mismatch at goal: exporter +0.0052, here +0.0201
Info:    RRTConnect: Starting planning with 1 states already in datastructure
Info:    RRTConnect: Created 18 states (11 start + 7 goal)
Info:    RRTConnect: Starting planning with 1 states already in datastructure
Info:    RRTConnect: Created 63 states (58 start + 5 goal)
Info:    RRTConnect: Starting planning with 1 states already in datastructure
Info:    RRTConnect: Created 36 states (21 start + 15 goal)
Info:    RRTConnect: Starting planning with 1 states already in datastructure
Info:    RRTConnect: Created 15 states (12 start + 3 goal)
Info:    RRTConnect: Starting planning with 1 states already in datastructure
Info:    RRTConnect: Created 25 states (15 start + 10 goal)
Info:    RRTConnect: Starting planning with 1 states already in datastructure
Info:    RRTConnect: Created 55 states (50 start + 5 goal)
Info:    RRTConnect: Starting planning with 1 states already in datastructure
Info:    RRTConnect: Created 29 states (18 start + 11 goal)
Info:    RRTConnect: Starting planning with 1 states already in datastructure
Info:    RRTConnect: Created 69 states (65 start + 4 goal)
Info:    RRTConnect: Starting planning with 1 states already in datastructure
Info:    RRTConnect: Created 22 states (15 start + 7 goal)
Info:    RRTConnect: Starting planning with 1 states already in datastructure
Info:    RRTConnect: Created 41 states (38 start + 3 goal)
lower_bay_right              rrtc       yes 0.002279     13      470        0   +0.0119    1770        -      -        0   +0.0025   11.771   11.771    0.0%    0.0
                             cbf        yes 0.001875     16      540        0   +0.0036     628   0.0259     0%        0   +0.0025    9.350    9.350    0.0%    0.0
    cbf planner: 120 recorded / 183 rollouts (65.6%), 63 abandoned, 120 ledger-served, 4707 filter calls
    rollout early stops: 0 budget, 0 stalled, 0 tiny-control
    productive samples: rrtc 216/1082 (20.0%), cbf 62/68 (91.2%)
    ! barrier mismatch at goal: exporter +0.0049, here +0.0199
Info:    RRTConnect: Starting planning with 1 states already in datastructure
Info:    RRTConnect: Created 9 states (2 start + 7 goal)
Info:    RRTConnect: Starting planning with 1 states already in datastructure
Info:    RRTConnect: Created 25 states (22 start + 3 goal)
Info:    RRTConnect: Starting planning with 1 states already in datastructure
Info:    RRTConnect: Created 8 states (2 start + 6 goal)
Info:    RRTConnect: Starting planning with 1 states already in datastructure
Info:    RRTConnect: Created 15 states (13 start + 2 goal)
Info:    RRTConnect: Starting planning with 1 states already in datastructure
Info:    RRTConnect: Created 9 states (2 start + 7 goal)
Info:    RRTConnect: Starting planning with 1 states already in datastructure
Info:    RRTConnect: Created 21 states (17 start + 4 goal)
Info:    RRTConnect: Starting planning with 1 states already in datastructure
Info:    RRTConnect: Created 10 states (2 start + 8 goal)
Info:    RRTConnect: Starting planning with 1 states already in datastructure
Info:    RRTConnect: Created 31 states (27 start + 4 goal)
Info:    RRTConnect: Starting planning with 1 states already in datastructure
Info:    RRTConnect: Created 9 states (2 start + 7 goal)
Info:    RRTConnect: Starting planning with 1 states already in datastructure
Info:    RRTConnect: Created 17 states (14 start + 3 goal)
upper_bay_left               rrtc       yes 0.000722      8      275        0   +0.0061     635        -      -        0   +0.0025    6.886    6.886    0.0%    0.0
                             cbf        yes 0.000300      8      328        0   +0.0050     190   0.0291     0%        0   +0.0025    5.534    5.534    0.0%    0.0
    cbf planner: 35 recorded / 35 rollouts (100.0%), 0 abandoned, 35 ledger-served, 975 filter calls
    rollout early stops: 0 budget, 0 stalled, 0 tiny-control
    productive samples: rrtc 83/266 (31.2%), cbf 5/5 (100.0%)
    ! barrier mismatch at goal: exporter +0.0049, here +0.0192
Info:    RRTConnect: Starting planning with 1 states already in datastructure
Info:    RRTConnect: Created 13 states (7 start + 6 goal)
Info:    RRTConnect: Starting planning with 1 states already in datastructure
Info:    RRTConnect: Created 19 states (15 start + 4 goal)
Info:    RRTConnect: Starting planning with 1 states already in datastructure
Info:    RRTConnect: Created 11 states (6 start + 5 goal)
Info:    RRTConnect: Starting planning with 1 states already in datastructure
Info:    RRTConnect: Created 12 states (10 start + 2 goal)
Info:    RRTConnect: Starting planning with 1 states already in datastructure
Info:    RRTConnect: Created 9 states (2 start + 7 goal)
Info:    RRTConnect: Starting planning with 1 states already in datastructure
Info:    RRTConnect: Created 14 states (12 start + 2 goal)
Info:    RRTConnect: Starting planning with 1 states already in datastructure
Info:    RRTConnect: Created 9 states (5 start + 4 goal)
Info:    RRTConnect: Starting planning with 1 states already in datastructure
Info:    RRTConnect: Created 17 states (15 start + 2 goal)
Info:    RRTConnect: Starting planning with 1 states already in datastructure
Info:    RRTConnect: Created 9 states (5 start + 4 goal)
Info:    RRTConnect: Starting planning with 1 states already in datastructure
Info:    RRTConnect: Created 21 states (17 start + 4 goal)
upper_bay_right              rrtc       yes 0.000569      9      300        0   +0.0127     862        -      -        0   +0.0025    7.503    7.503    0.0%    0.0
                             cbf        yes 0.000314      7      239        0   +0.0029     202   0.0295     0%        0   +0.0025    4.419    4.419    0.0%    0.0
    cbf planner: 41 recorded / 45 rollouts (91.1%), 4 abandoned, 41 ledger-served, 1134 filter calls
    rollout early stops: 0 budget, 0 stalled, 0 tiny-control
    productive samples: rrtc 56/154 (36.4%), cbf 9/9 (100.0%)
    ! barrier mismatch at goal: exporter +0.0049, here +0.0192

solved: rrtc 4/4, cbf 4/4   median ms over 5 trials: rrtc 1.902, cbf 1.875 (1.01x)
path length over 4 goals both solved, radians: rrtc 33.840 -> 33.840, cbf 30.023 -> 30.023   cbf/rrtc before 0.89x, after 0.89x
0 audited states below the audited margin (cbf row)
