
MotionBenchMaker UR5, 689 problems loaded, up to 100 per scene
voxel 0.003 m, margin 0.0000 m + 0.0000 m filter buffer, stepSize 0.001 s, range 2.00 rad, 10.0 s limit

hop certificates: old L1 Lipschitz region and new hold-time bound
Picard: off; trajectory prefixes: 0; sequential rollout budget: 10000 calls
kappa 20.00 /s, certified step uncapped, self-collision margin 0.0000 m over 303 pairs
baseline segment: 0.000650 of extent = 0.0100 rad, rollout step 0.0100 rad (matched to the rollout)
rope shortcut off, all rows unsimplified

seed 1
  planner       solved ms(min/med/max)        samples vertices     path rad/call coarse  worst clr unsafe/audited missed worst self collide

bookshelf_small  (14 problems, 0 skipped: 0 clearance, 0 self-collision)
  qp-free       6/14      5.17/10000.01/10000.29    1600250    23821    12.17   0.0116     0%     0.0020      0/6162         0     0.0025       0
      primary samples 254015, productive 23819 (9.4%), vertices/sample 0.101

bookshelf_tall  (14 problems, 0 skipped: 0 clearance, 0 self-collision)
  qp-free       8/14     13.38/162.46/10000.31      33868      311    18.65   0.0127     0%     0.0034      0/10057        0     0.0025       0
      primary samples 2018, productive 306 (15.2%), vertices/sample 0.161

bookshelf_thin  (14 problems, 0 skipped: 0 clearance, 0 self-collision)
  qp-free       8/14     35.12/359.29/10000.32      72301      674    16.62   0.0129     0%     0.0013      0/9772         0     0.0025       0
      primary samples 4488, productive 671 (15.0%), vertices/sample 0.161

box  (14 problems, 0 skipped: 0 clearance, 0 self-collision)
  qp-free      14/14      6.81/31.83/91.74         6385       54    16.25   0.0135     0%     0.0198      0/15867        0     0.0025       0
      primary samples 201, productive 49 (24.4%), vertices/sample 0.292

cage  (14 problems, 0 skipped: 0 clearance, 0 self-collision)
  qp-free       5/14    625.33/10000.02/10000.27    1625860    24389    24.92   0.0116     0%     0.0063      0/8846        13     0.0025       0
      primary samples 253907, productive 24385 (9.6%), vertices/sample 0.097

table_pick  (15 problems, 0 skipped: 0 clearance, 0 self-collision)
  qp-free      15/15      5.77/61.45/390.30       12769      110    14.98   0.0134     0%     0.0062      0/17064        0     0.0025       0
      primary samples 514, productive 105 (20.4%), vertices/sample 0.209

table_under_pick  (14 problems, 0 skipped: 0 clearance, 0 self-collision)
  qp-free       8/14      9.72/39.96/10000.19       8353       72    19.52   0.0131     0%     0.0061      0/10352        0     0.0025       0
      primary samples 361, productive 67 (18.6%), vertices/sample 0.179

Hop disposition -- what set the hop's length, median over problems.
  row         floored(<1 step)    at region   edge-limited
  qp-free             100.0%         0.0%           0.0%

Endpoint clearance at zero margin -- min(start, goal) over all spheres.
  scene                     min    median       max affordable   problems by margin
  bookshelf_small       -0.0180    0.0020    0.0074   -0.0180   0: 50% 0.02:  0% 0.04:  0% 0.06:  0% 0.09:  0%
  bookshelf_tall        -0.0242    0.0034    0.0083   -0.0242   0: 57% 0.02:  0% 0.04:  0% 0.06:  0% 0.09:  0%
  bookshelf_thin        -0.0212    0.0040    0.0087   -0.0212   0: 64% 0.02:  0% 0.04:  0% 0.06:  0% 0.09:  0%
  box                    0.0127    0.0127    0.0127    0.0127   0:100% 0.02:  0% 0.04:  0% 0.06:  0% 0.09:  0%
  cage                   0.0063    0.0127    0.0127    0.0063   0:100% 0.02:  0% 0.04:  0% 0.06:  0% 0.09:  0%
  table_pick             0.0062    0.0080    0.0083    0.0062   0:100% 0.02:  0% 0.04:  0% 0.06:  0% 0.09:  0%
  table_under_pick      -0.0227    0.0076    0.0083   -0.0227   0: 57% 0.02:  0% 0.04:  0% 0.06:  0% 0.09:  0%

all scenes  (99 problems, 0 skipped: 0 clearance, 0 self-collision)
  qp-free      64/99      5.17/112.48/10000.32      23310      202    16.43   0.0131     0%     0.0013      0/78120       13     0.0025       0
      primary samples 1002, productive 195 (19.5%), vertices/sample 0.168

"samples" is checked configurations for isSafe, barrier evaluations for
the three CBF rows, and SIMD configuration lanes evaluated for VAMP. They measure
sampling work, while wall time captures the very different per-sample costs.
"unsafe/audited" evaluates exact primitive clearance at every state of the
densified solution -- for each CBF row that is the rollout the planner recorded
for each edge, replayed, so it is the motion that would actually be executed,
sampled inside each step rather than only at its boundaries. Non-zero unsafe
invalidates a row however fast it was.
"missed" counts solution edges that were not on file and had to be
re-derived; it must be zero, or the audited motion is a different trajectory
from the one the planner found.

=== CBF profiler (wall time) ===
=== CBF filter stats ===
  calls=0  unchanged=0 (0.0%)  filtered=0 (0.0%)  blocked=0 (0.0%)
  active rows:       avg=0.00  max=0
  zero-row fast path: 0 (0.0%)
  qp iterations:     avg=0.00  max=0
  certified duration: avg=0.00000s  min=0.00000s  max=0.00000s  (over 0 non-blocked calls)
  required gain:     avg=0.000/s  max=0.000/s  p50=0.000/s  p90=0.000/s  p99=0.000/s  (over 0 calls, 0 uncertified)
