
MotionBenchMaker UR5, 689 problems loaded, up to 100 per scene
voxel 0.003 m, margin 0.0000 m + 0.0000 m filter buffer, stepSize 0.001 s, range 2.00 rad, 10.0 s limit

hop certificates: old L1 Lipschitz region and new hold-time bound
Picard: off; trajectory prefixes: 0; sequential rollout budget: 10000 calls
kappa 20.00 /s, certified step uncapped, self-collision margin 0.0000 m over 303 pairs
baseline segment: 0.000650 of extent = 0.0100 rad, rollout step 0.0100 rad (matched to the rollout)
rope shortcut off, all rows unsimplified

seed 1
  planner       solved ms(min/med/max)        samples vertices     path rad/call coarse  worst clr unsafe/audited missed worst self collide

bookshelf_small  (14 problems, 0 skipped: 0 clearance, 0 self-collision)
  rrtconnect    7/14      1.94/10000.02/10007.89       1581       10    11.83        -      -     0.0019      0/4230         0     0.0025       0
      primary samples 23, productive 5 (21.7%), vertices/sample 0.120
  qp-fixed      7/14      2.99/10000.24/10001.74    1114728     2207     8.49   0.0102     0%     0.0010      0/4906         0     0.0025       0
      primary samples 5066, productive 2093 (41.3%), vertices/sample 4.000
      qp 299.2 rows/call, 86% of calls reached the solver, 8087796 calls
  qp-plain      7/14      3.27/10000.17/10001.14    1096247     2195     8.49   0.0102     0%     0.0010      0/4906         0     0.0025       0
      primary samples 4949, productive 2071 (41.8%), vertices/sample 4.000
      qp 343.0 rows/call, 100% of calls reached the solver, 8238962 calls
  qp-adapt      7/14      0.64/10000.19/10001.45    1100610     2392     8.49   0.0162    11%     0.0010      0/5444         0     0.0025       0
      primary samples 5626, productive 2279 (40.5%), vertices/sample 2.929
      qp 301.9 rows/call, 97% of calls reached the solver, 7831210 calls
  qp-free       7/14      6.02/10000.02/10001.01    1644196     2782    12.04   0.0038     0%     0.0006      0/7670         0     0.0025       0
      primary samples 15453, productive 2775 (18.0%), vertices/sample 0.296
  qp-env        7/14      0.39/10000.06/10001.29    1086176     2480     8.47   0.0205     8%     0.0010      0/3966         0     0.0025       0
      primary samples 5889, productive 2363 (40.1%), vertices/sample 3.375
      qp 301.7 rows/call, 99% of calls reached the solver, 7770435 calls

bookshelf_tall  (13 problems, 0 skipped: 0 clearance, 0 self-collision)
  rrtconnect    3/13      3.06/10000.89/10008.57          2        1    14.12        -      -     0.0013      0/2295         0     0.0025       0
      primary samples 0, productive 0 (0.0%), vertices/sample 0.000
  qp-fixed      4/13      2.94/10000.42/10001.40    1190245     2447    16.85   0.0077     0%     0.0004      0/4423         0     0.0025       0
      primary samples 5598, productive 2319 (41.4%), vertices/sample 0.409
      qp 298.1 rows/call, 89% of calls reached the solver, 10774234 calls
  qp-plain      4/13      3.03/10000.30/10001.12    1173524     2419    16.85   0.0077     0%     0.0004      0/4423         0     0.0025       0
      primary samples 5536, productive 2291 (41.4%), vertices/sample 0.411
      qp 343.0 rows/call, 100% of calls reached the solver, 10628982 calls
  qp-adapt      4/13      1.34/10000.43/10001.51    1095039     2501    16.86   0.0095    11%     0.0004      0/4090         0     0.0025       0
      primary samples 5764, productive 2372 (41.2%), vertices/sample 0.409
      qp 301.3 rows/call, 97% of calls reached the solver, 9924724 calls
  qp-free       3/13      7.42/10000.21/10000.65    1637415     5181    17.11   0.0037     0%     0.0020      0/4668         0     0.0025       0
      primary samples 34556, productive 5179 (15.0%), vertices/sample 0.157
  qp-env        4/13      0.58/10000.37/10001.42    1083275     2575    16.87   0.0104     3%     0.0004      0/3791         0     0.0025       0
      primary samples 5995, productive 2455 (41.0%), vertices/sample 0.404
      qp 301.0 rows/call, 99% of calls reached the solver, 9852312 calls

bookshelf_thin  (14 problems, 0 skipped: 0 clearance, 0 self-collision)
  rrtconnect   10/14      1.98/32.19/10009.80       5169       26    12.05        -      -     0.0005      0/6513         0     0.0025       0
      primary samples 112, productive 23 (20.5%), vertices/sample 0.200
  qp-fixed     10/14      2.21/12.48/10002.21       1700       11     9.29   0.0114     0%     0.0001      0/7624         0     0.0025       0
      primary samples 3, productive 2 (66.7%), vertices/sample 3.667
      qp 265.5 rows/call, 71% of calls reached the solver, 4844539 calls
  qp-plain     10/14      2.44/14.04/10002.11       1700       11     9.29   0.0114     0%     0.0001      0/7624         0     0.0025       0
      primary samples 3, productive 2 (66.7%), vertices/sample 3.667
      qp 343.0 rows/call, 100% of calls reached the solver, 4810134 calls
  qp-adapt     10/14      1.07/9.77/10002.29       1186       11     9.30   0.0166    14%     0.0001      0/6726         0     0.0025       0
      primary samples 3, productive 2 (66.7%), vertices/sample 3.667
      qp 270.5 rows/call, 95% of calls reached the solver, 4498592 calls
  qp-free      10/14      4.63/102.90/10001.20      17847       48    11.93   0.0042     0%     0.0014      0/11006        0     0.0025       0
      primary samples 142, productive 37 (26.1%), vertices/sample 0.333
  qp-env       10/14      0.57/8.94/10000.96       1064       11     9.29   0.0226    10%     0.0001      0/6195         0     0.0025       0
      primary samples 3, productive 2 (66.7%), vertices/sample 3.667
      qp 271.0 rows/call, 96% of calls reached the solver, 4460358 calls

box  (14 problems, 0 skipped: 0 clearance, 0 self-collision)
  rrtconnect   14/14      1.68/4.54/20.36         2069       12    10.43        -      -     0.0001      0/8107         0     0.0025       0
      primary samples 30, productive 8 (26.7%), vertices/sample 0.474
  qp-fixed     14/14      2.90/4.78/52.11          681        6     6.78   0.0123     0%     0.0003      0/10069        0     0.0025       0
      primary samples 1, productive 1 (100.0%), vertices/sample 6.000
      qp 262.3 rows/call, 57% of calls reached the solver, 17254 calls
  qp-plain     14/14      2.81/5.53/57.32          681        6     6.78   0.0123     0%     0.0003      0/10069        0     0.0025       0
      primary samples 1, productive 1 (100.0%), vertices/sample 6.000
      qp 343.0 rows/call, 100% of calls reached the solver, 17254 calls
  qp-adapt     14/14      0.78/1.64/45.40          221        6     6.78   0.0297    49%     0.0003      0/8289         0     0.0025       0
      primary samples 1, productive 1 (100.0%), vertices/sample 6.000
      qp 271.7 rows/call, 85% of calls reached the solver, 10569 calls
  qp-free      14/14      5.93/41.89/149.99        6996       26    11.22   0.0049     0%     0.0010      0/17438        0     0.0025       0
      primary samples 38, productive 16 (42.1%), vertices/sample 0.720
  qp-env       14/14      0.50/1.04/38.13          110        6     6.77   0.0680    42%     0.0003      0/8068         0     0.0025       0
      primary samples 1, productive 1 (100.0%), vertices/sample 5.000
      qp 273.0 rows/call, 87% of calls reached the solver, 7790 calls

cage  (14 problems, 0 skipped: 0 clearance, 0 self-collision)
  rrtconnect   14/14     37.48/439.21/1795.45     190184     1215    24.44        -      -     0.0020      0/16074        0     0.0025       0
      primary samples 10448, productive 1210 (11.6%), vertices/sample 0.109
  qp-fixed     14/14     21.02/122.35/472.30       15094       88    18.65   0.0089     0%    -0.0027     64/24118        0     0.0025       0
      primary samples 58, productive 47 (81.0%), vertices/sample 1.593
      qp 269.5 rows/call, 91% of calls reached the solver, 230326 calls
  qp-plain     14/14     21.36/132.78/508.08       15094       88    18.65   0.0089     0%    -0.0027     64/24118        0     0.0025       0
      primary samples 58, productive 47 (81.0%), vertices/sample 1.593
      qp 343.0 rows/call, 100% of calls reached the solver, 230326 calls
  qp-adapt     14/14      9.05/99.17/326.74       11218       89    18.67   0.0116    23%    -0.0011     59/19659        0     0.0025       0
      primary samples 58, productive 47 (81.0%), vertices/sample 1.593
      qp 271.4 rows/call, 98% of calls reached the solver, 165826 calls
  qp-free      14/14    267.39/1485.24/7518.50     261349      464    19.72   0.0031     0%     0.0004      0/30549        0     0.0025       0
      primary samples 2136, productive 437 (20.5%), vertices/sample 0.211
  qp-env       14/14      6.73/93.83/280.43       10337       99    18.62   0.0158    19%    -0.0010     59/17612        0     0.0025       0
      primary samples 75, productive 52 (69.3%), vertices/sample 1.413
      qp 271.8 rows/call, 99% of calls reached the solver, 152594 calls

table_pick  (15 problems, 0 skipped: 0 clearance, 0 self-collision)
  rrtconnect   15/15      1.72/5.82/15.60         2472       14     9.45        -      -     0.0017      0/7533         0     0.0025       0
      primary samples 27, productive 8 (29.6%), vertices/sample 0.519
  qp-fixed     15/15      2.65/4.38/22.45          674        7     7.64   0.0119     0%     0.0003      0/10142        0     0.0025       0
      primary samples 1, productive 1 (100.0%), vertices/sample 6.000
      qp 242.8 rows/call, 30% of calls reached the solver, 12657 calls
  qp-plain     15/15      2.78/5.15/22.14          674        7     7.64   0.0119     0%     0.0003      0/10142        0     0.0025       0
      primary samples 1, productive 1 (100.0%), vertices/sample 6.000
      qp 343.0 rows/call, 100% of calls reached the solver, 12657 calls
  qp-adapt     15/15      0.63/1.04/13.36          138        7     7.64   0.0584    63%     0.0003      0/7450         0     0.0025       0
      primary samples 1, productive 1 (100.0%), vertices/sample 6.000
      qp 262.3 rows/call, 68% of calls reached the solver, 4526 calls
  qp-free      15/15      6.11/19.22/102.70        3391       16    10.59   0.0070     0%     0.0006      0/15634        0     0.0025       0
      primary samples 25, productive 11 (44.0%), vertices/sample 0.640
  qp-env       15/15      0.47/0.77/9.34            81        7     7.64   0.1112    67%     0.0003      0/7094         0     0.0025       0
      primary samples 1, productive 1 (100.0%), vertices/sample 6.000
      qp 265.0 rows/call, 72% of calls reached the solver, 2979 calls

table_under_pick  (14 problems, 0 skipped: 0 clearance, 0 self-collision)
  rrtconnect   10/14      0.02/5.98/10000.11       2493       14    12.90        -      -     0.0015      0/6070         0     0.0025       0
      primary samples 61, productive 9 (14.8%), vertices/sample 0.230
  qp-fixed     10/14      3.28/21.32/10001.32       2503       19    11.58   0.0103     0%    -0.0001      9/10250        0     0.0025       0
      primary samples 9, productive 8 (88.9%), vertices/sample 2.375
      qp 290.4 rows/call, 87% of calls reached the solver, 4770875 calls
  qp-plain     10/14      3.13/21.47/10000.69       2503       19    11.58   0.0103     0%    -0.0001      9/10250        0     0.0025       0
      primary samples 9, productive 8 (88.9%), vertices/sample 2.375
      qp 343.0 rows/call, 100% of calls reached the solver, 4769064 calls
  qp-adapt     10/14      2.44/18.06/10001.47       2007       19    11.58   0.0141    21%    -0.0001      7/9389         0     0.0025       0
      primary samples 9, productive 8 (88.9%), vertices/sample 2.375
      qp 288.3 rows/call, 96% of calls reached the solver, 4480138 calls
  qp-free      10/14      8.84/53.53/10000.39       9085       30    14.25   0.0041     0%     0.0007      0/11040        0     0.0025       0
      primary samples 74, productive 24 (32.4%), vertices/sample 0.391
  qp-env       10/14      1.51/11.69/10000.99       1343       18    11.59   0.0181    17%    -0.0001     13/8357         0     0.0025       0
      primary samples 9, productive 8 (88.9%), vertices/sample 2.000
      qp 284.6 rows/call, 98% of calls reached the solver, 4445820 calls

Hop disposition -- what set the hop's length, median over problems.
  row         floored(<1 step)    at region   edge-limited
  qp-fixed            100.0%         0.0%           0.0%
  qp-plain            100.0%         0.0%           0.0%
  qp-adapt             76.7%        22.8%           0.6%
  qp-free             100.0%         0.0%           0.0%
  qp-env               81.9%        17.1%           1.1%

Endpoint clearance at zero margin -- min(start, goal) over all spheres.
  scene                     min    median       max affordable   problems by margin
  bookshelf_small       -0.0240    0.0057    0.0090   -0.0240   0: 64% 0.02:  0% 0.04:  0% 0.06:  0% 0.09:  0%
  bookshelf_tall        -0.0243   -0.0116    0.0073   -0.0243   0: 38% 0.02:  0% 0.04:  0% 0.06:  0% 0.09:  0%
  bookshelf_thin        -0.0215    0.0051    0.0109   -0.0215   0: 79% 0.02:  0% 0.04:  0% 0.06:  0% 0.09:  0%
  box                    0.0082    0.0127    0.0127    0.0082   0:100% 0.02:  0% 0.04:  0% 0.06:  0% 0.09:  0%
  cage                   0.0099    0.0127    0.0127    0.0099   0:100% 0.02:  0% 0.04:  0% 0.06:  0% 0.09:  0%
  table_pick             0.0045    0.0079    0.0081    0.0045   0:100% 0.02:  0% 0.04:  0% 0.06:  0% 0.09:  0%
  table_under_pick      -0.0226    0.0080    0.0083   -0.0226   0: 79% 0.02:  0% 0.04:  0% 0.06:  0% 0.09:  0%

all scenes  (98 problems, 0 skipped: 0 clearance, 0 self-collision)
  rrtconnect   73/98      0.02/12.81/10009.80       2581       14    12.05        -      -     0.0001      0/50822        0     0.0025       0
      primary samples 44, productive 10 (22.7%), vertices/sample 0.201
  qp-fixed     74/98      2.21/18.20/10002.21       2283       18     9.33   0.0103     0%    -0.0027     73/71532        0     0.0025       0
      primary samples 6, productive 5 (83.3%), vertices/sample 3.333
      qp 270.2 rows/call, 82% of calls reached the solver, 28737681 calls
  qp-plain     74/98      2.44/18.61/10002.11       2283       18     9.33   0.0103     0%    -0.0027     73/71532        0     0.0025       0
      primary samples 6, productive 5 (83.3%), vertices/sample 3.333
      qp 343.0 rows/call, 100% of calls reached the solver, 28707379 calls
  qp-adapt     74/98      0.63/13.36/10002.29       1494       18     9.33   0.0162    24%    -0.0011     66/61047        0     0.0025       0
      primary samples 6, productive 5 (83.3%), vertices/sample 3.000
      qp 275.6 rows/call, 94% of calls reached the solver, 26915585 calls
  qp-free      73/98      4.63/102.90/10001.20      18201       46    12.92   0.0041     0%     0.0004      0/98005        0     0.0025       0
      primary samples 130, productive 37 (28.5%), vertices/sample 0.333
  qp-env       74/98      0.39/9.94/10001.42       1111       17     9.67   0.0226    18%    -0.0010     72/55083        0     0.0025       0
      primary samples 6, productive 6 (100.0%), vertices/sample 3.000
      qp 281.1 rows/call, 96% of calls reached the solver, 26692288 calls

"samples" is checked configurations for isSafe, barrier evaluations for
the three CBF rows, and SIMD configuration lanes evaluated for VAMP. They measure
sampling work, while wall time captures the very different per-sample costs.
"unsafe/audited" evaluates exact primitive clearance at every state of the
densified solution -- for each CBF row that is the rollout the planner recorded
for each edge, replayed, so it is the motion that would actually be executed,
sampled inside each step rather than only at its boundaries. Non-zero unsafe
invalidates a row however fast it was.
"missed" counts solution edges that were not on file and had to be
re-derived; it must be zero, or the audited motion is a different trajectory
from the one the planner found.


envelope hop: 486670 filter calls, 1.656 hold queries/call, 36.5% saturated, 100.0% longer than L1, past one step 97.5% (L1 alone 67.2%), gated 98.2%, empty-active 0.0%, screen-escalated 5.1%
envelope bottleneck: world 78.1%, self-collision 21.5%, unbound 0.4% (horizon or screen clip), blocked 0.0%, joint-limit clamped 0.0%
envelope binding term:
  world rows       L1 0.0%, local-L1 3.0%, speed-capped 3.0%, isotropic-anchored 94.0% (of 379978 bound calls)
  self-pair rows   L1 0.0%, local-L1 0.0%, speed-capped 0.0%, normal-anchored 100.0% (of 104662 bound calls)
local-lever screen: 6135499 of 9279733 expensive world rows settled before the envelope (66.1%)
span handed to the rollout, in controller steps (26439236 calls):
                   <1      1-2      2-4      4-8       8+
  L1 only      98.76%     0.43%     0.32%     0.25%     0.23%
  envelope     98.21%     0.19%     0.28%     0.28%     1.05%
=== CBF profiler (wall time) ===
=== CBF filter stats ===
  calls=0  unchanged=0 (0.0%)  filtered=0 (0.0%)  blocked=0 (0.0%)
  active rows:       avg=0.00  max=0
  zero-row fast path: 0 (0.0%)
  qp iterations:     avg=0.00  max=0
  certified duration: avg=0.00000s  min=0.00000s  max=0.00000s  (over 0 non-blocked calls)
  required gain:     avg=0.000/s  max=0.000/s  p50=0.000/s  p90=0.000/s  p99=0.000/s  (over 0 calls, 0 uncertified)
