
MotionBenchMaker UR5, 689 problems loaded, up to 100 per scene
voxel 0.003 m, margin 0.0000 m + 0.0000 m filter buffer, stepSize 0.001 s, range 2.00 rad, 10.0 s limit

hop certificates: old L1 Lipschitz region and new hold-time bound
Picard: off; trajectory prefixes: 0; sequential rollout budget: 10000 calls
kappa 20.00 /s, certified step uncapped, self-collision margin 0.0000 m over 303 pairs
baseline segment: 0.000650 of extent = 0.0100 rad, rollout step 0.0100 rad (matched to the rollout)
rope shortcut off, all rows unsimplified

seed 1
  planner       solved ms(min/med/max)        samples vertices     path rad/call coarse  worst clr unsafe/audited missed worst self collide

bookshelf_small  (4 problems, 0 skipped: 0 clearance, 0 self-collision)
  rrtconnect    4/4       2.48/11.62/18.46         4331       24    12.85        -      -     0.0027      0/2538         0     0.0012       0
      primary samples 80, productive 20 (25.0%), vertices/sample 0.348
  qp-fixed      4/4       2.95/24.92/34.43         3709       22    15.72   0.0116     0%     0.0000      0/4864         0     0.0025       0
      primary samples 12, productive 10 (83.3%), vertices/sample 5.500
      qp 280.1 rows/call, 83% of calls reached the solver, 10324 calls
  qp-plain      4/4       3.46/26.36/33.91         3709       22    15.72   0.0116     0%     0.0000      0/4864         0     0.0025       0
      primary samples 12, productive 10 (83.3%), vertices/sample 5.500
      qp 343.0 rows/call, 100% of calls reached the solver, 10324 calls
  qp-adapt      4/4       0.41/19.35/25.11         2636       22    15.73   0.0176    28%     0.0000      0/4243         0     0.0025       0
      primary samples 12, productive 10 (83.3%), vertices/sample 5.000
      qp 303.7 rows/call, 96% of calls reached the solver, 6737 calls
  qp-free       4/4      13.41/27.24/184.45        5256       28    16.04   0.0071     0%     0.0026      0/5031         0     0.0025       0
      primary samples 25, productive 14 (56.0%), vertices/sample 1.120
  free-env      4/4       1.79/10.74/20.11          369       22    13.12   0.1058    97%     0.0008      0/2672         0     0.0005       0
      primary samples 36, productive 16 (44.4%), vertices/sample 0.846
  qp-env        4/4       0.27/16.75/25.17         2185       22    15.94   0.0253    21%     0.0000      0/4225         0     0.0025       0
      primary samples 12, productive 10 (83.3%), vertices/sample 5.000
      qp 295.0 rows/call, 98% of calls reached the solver, 5700 calls

bookshelf_tall  (4 problems, 0 skipped: 0 clearance, 0 self-collision)
  rrtconnect    4/4      15.76/22.33/30.74         4772       26    16.05        -      -     0.0016      0/2612         0     0.0025       0
      primary samples 102, productive 21 (20.6%), vertices/sample 0.429
  qp-fixed      4/4       3.25/20.13/57.13         2428       25    10.20   0.0111     0%     0.0002      0/3198         0     0.0025       0
      primary samples 6, productive 6 (100.0%), vertices/sample 4.167
      qp 290.7 rows/call, 83% of calls reached the solver, 10410 calls
  qp-plain      4/4       3.26/20.53/57.77         2428       25    10.20   0.0111     0%     0.0002      0/3198         0     0.0025       0
      primary samples 6, productive 6 (100.0%), vertices/sample 4.167
      qp 343.0 rows/call, 100% of calls reached the solver, 10410 calls
  qp-adapt      4/4       0.75/11.52/54.46         1286       23    10.19   0.0270    51%     0.0002      0/2609         0     0.0025       0
      primary samples 6, productive 6 (100.0%), vertices/sample 3.833
      qp 309.9 rows/call, 93% of calls reached the solver, 6805 calls
  qp-free       4/4      39.40/87.27/102.84       12137       39    14.84   0.0057     0%     0.0016      0/5065         0     0.0013       0
      primary samples 94, productive 33 (35.1%), vertices/sample 0.519
  free-env      4/4       7.65/13.95/16.26          673       41    19.32   0.1003    96%     0.0002      0/3184         0     0.0001       0
      primary samples 74, productive 32 (43.2%), vertices/sample 0.481
  qp-env        4/4       0.51/6.55/33.37          665       23    10.14   0.0694    55%     0.0001      0/2305         0     0.0025       0
      primary samples 6, productive 6 (100.0%), vertices/sample 4.667
      qp 307.2 rows/call, 94% of calls reached the solver, 4148 calls

bookshelf_thin  (4 problems, 0 skipped: 0 clearance, 0 self-collision)
  rrtconnect    4/4       6.53/83.96/348.93       13035       63    12.61        -      -     0.0001      0/3432         0     0.0011       0
      primary samples 251, productive 58 (23.1%), vertices/sample 0.417
  qp-fixed      4/4       3.64/6.34/12.42          681        9     9.34   0.0137     0%     0.0016      0/2441         0     0.0019       0
      primary samples 1, productive 1 (100.0%), vertices/sample 8.000
      qp 261.6 rows/call, 30% of calls reached the solver, 2881 calls
  qp-plain      4/4       3.99/6.77/13.04          681        9     9.34   0.0137     0%     0.0016      0/2441         0     0.0019       0
      primary samples 1, productive 1 (100.0%), vertices/sample 8.000
      qp 343.0 rows/call, 100% of calls reached the solver, 2881 calls
  qp-adapt      4/4       0.58/2.29/6.27           205        9     9.34   0.0623    53%     0.0016      0/2015         0     0.0019       0
      primary samples 1, productive 1 (100.0%), vertices/sample 8.000
      qp 280.3 rows/call, 77% of calls reached the solver, 931 calls
  qp-free       4/4      25.59/506.66/1362.17      55341      129    21.94   0.0077     0%     0.0019      0/5720         0     0.0011       0
      primary samples 385, productive 124 (32.2%), vertices/sample 1.000
  free-env      4/4       4.26/15.50/113.96         542       26    16.95   0.1298    98%     0.0010      0/3442         0     0.0003       0
      primary samples 82, productive 21 (25.6%), vertices/sample 1.000
  qp-env        4/4       0.45/1.11/5.34            96        8     9.28   0.1284    50%     0.0014      0/1906         0     0.0019       0
      primary samples 1, productive 1 (100.0%), vertices/sample 7.000
      qp 281.7 rows/call, 77% of calls reached the solver, 642 calls

box  (4 problems, 0 skipped: 0 clearance, 0 self-collision)
  rrtconnect    4/4       2.47/4.74/15.12         1836       11    10.72        -      -     0.0049      0/2448         0     0.0025       0
      primary samples 16, productive 7 (43.8%), vertices/sample 0.786
  qp-fixed      4/4       1.81/11.59/26.14         1796       18    12.00   0.0123     0%     0.0015      0/3149         0     0.0025       0
      primary samples 4, productive 4 (100.0%), vertices/sample 6.000
      qp 282.4 rows/call, 82% of calls reached the solver, 7196 calls
  qp-plain      4/4       2.13/11.95/26.26         1796       18    12.00   0.0123     0%     0.0015      0/3149         0     0.0025       0
      primary samples 4, productive 4 (100.0%), vertices/sample 6.000
      qp 343.0 rows/call, 100% of calls reached the solver, 7196 calls
  qp-adapt      4/4       0.57/6.15/14.00          833       18    12.01   0.0520    62%     0.0015      0/2260         0     0.0025       0
      primary samples 4, productive 4 (100.0%), vertices/sample 5.000
      qp 289.6 rows/call, 95% of calls reached the solver, 3215 calls
  qp-free       4/4       4.20/48.44/92.73         9562       34    14.35   0.0052     0%     0.0026      0/5659         0     0.0025       0
      primary samples 54, productive 24 (44.4%), vertices/sample 0.760
  free-env      4/4       1.01/8.90/10.30          757       34    19.70   0.0909    89%     0.0002      0/3124         0     0.0025       0
      primary samples 61, productive 25 (41.0%), vertices/sample 0.630
  qp-env        4/4       0.36/3.39/10.78          413       17    11.50   0.0932    45%     0.0016      0/1971         0     0.0025       0
      primary samples 4, productive 4 (100.0%), vertices/sample 5.000
      qp 286.8 rows/call, 96% of calls reached the solver, 1909 calls

cage  (4 problems, 0 skipped: 0 clearance, 0 self-collision)
  rrtconnect    4/4     301.56/904.27/2047.24     339010     2292    20.83        -      -     0.0003      0/4161         0     0.0025       0
      primary samples 13320, productive 2288 (17.2%), vertices/sample 0.184
  qp-fixed      4/4      54.13/183.99/217.53       29469      155    26.72   0.0091     0%     0.0000      0/7336         0     0.0000       0
      primary samples 115, productive 87 (75.7%), vertices/sample 1.561
      qp 270.3 rows/call, 88% of calls reached the solver, 87902 calls
  qp-plain      4/4      56.78/194.11/227.88       29469      155    26.72   0.0091     0%     0.0000      0/7336         0     0.0000       0
      primary samples 115, productive 87 (75.7%), vertices/sample 1.561
      qp 343.0 rows/call, 100% of calls reached the solver, 87902 calls
  qp-adapt      4/4      38.37/125.10/158.01       18182      155    26.76   0.0143    31%     0.0000      0/5935         0     0.0000       0
      primary samples 115, productive 87 (75.7%), vertices/sample 1.561
      qp 269.9 rows/call, 98% of calls reached the solver, 56027 calls
  qp-free       4/4     685.94/2495.64/3183.95     489415     1065    23.34   0.0037     0%     0.0010      0/9488         0     0.0025       0
      primary samples 3906, productive 1029 (26.3%), vertices/sample 0.299
  free-env      4/4      40.92/148.49/218.60       12106      461    26.15   0.0720    90%     0.0001      0/5308         0     0.0002       0
      primary samples 1622, productive 440 (27.1%), vertices/sample 0.333
  qp-env        4/4      33.36/95.98/122.21       12903      154    26.89   0.0200    20%     0.0000      0/5411         0     0.0000       0
      primary samples 115, productive 87 (75.7%), vertices/sample 1.526
      qp 266.3 rows/call, 99% of calls reached the solver, 40903 calls

table_pick  (4 problems, 0 skipped: 0 clearance, 0 self-collision)
  rrtconnect    4/4       3.60/6.91/7.84          1810       11     9.41        -      -     0.0006      0/1771         0     0.0025       0
      primary samples 18, productive 6 (33.3%), vertices/sample 0.750
  qp-fixed      4/4       2.89/4.35/5.14           631        7     6.88   0.0122     0%     0.0002      0/2450         0     0.0025       0
      primary samples 1, productive 1 (100.0%), vertices/sample 7.000
      qp 239.3 rows/call, 50% of calls reached the solver, 2446 calls
  qp-plain      4/4       3.18/4.54/5.86           631        7     6.88   0.0122     0%     0.0002      0/2450         0     0.0025       0
      primary samples 1, productive 1 (100.0%), vertices/sample 7.000
      qp 343.0 rows/call, 100% of calls reached the solver, 2446 calls
  qp-adapt      4/4       0.43/1.64/2.42           233        7     6.89   0.0417    65%     0.0002      0/1738         0     0.0025       0
      primary samples 1, productive 1 (100.0%), vertices/sample 7.000
      qp 255.0 rows/call, 83% of calls reached the solver, 715 calls
  qp-free       4/4       5.27/16.09/98.47         2589       20     9.54   0.0067     0%     0.0027      0/3460         0     0.0025       0
      primary samples 20, productive 7 (35.0%), vertices/sample 1.429
  free-env      4/4       0.81/2.98/18.27          189       12     9.72   0.1259    97%     0.0025      0/1958         0     0.0025       0
      primary samples 20, productive 7 (35.0%), vertices/sample 0.600
  qp-env        4/4       0.30/1.20/2.04           151        7     6.90   0.0766    84%     0.0002      0/1619         0     0.0025       0
      primary samples 1, productive 1 (100.0%), vertices/sample 7.000
      qp 255.3 rows/call, 85% of calls reached the solver, 485 calls

table_under_pick  (5 problems, 0 skipped: 0 clearance, 0 self-collision)
  rrtconnect    5/5       6.88/7.37/45.96         1895       12    13.47        -      -     0.0058      0/3226         0     0.0025       0
      primary samples 42, productive 8 (19.0%), vertices/sample 0.296
  qp-fixed      5/5       4.90/15.90/21.79         2174       15    13.44   0.0109     0%     0.0007      0/4975         0     0.0025       0
      primary samples 6, productive 6 (100.0%), vertices/sample 2.714
      qp 280.2 rows/call, 69% of calls reached the solver, 10342 calls
  qp-plain      5/5       4.85/16.50/23.80         2174       15    13.44   0.0109     0%     0.0007      0/4975         0     0.0025       0
      primary samples 6, productive 6 (100.0%), vertices/sample 2.714
      qp 343.0 rows/call, 100% of calls reached the solver, 10342 calls
  qp-adapt      5/5       2.88/8.53/10.22         1049       15    13.50   0.0221    45%     0.0006      0/3934         0     0.0025       0
      primary samples 6, productive 6 (100.0%), vertices/sample 2.714
      qp 282.3 rows/call, 93% of calls reached the solver, 4793 calls
  qp-free       5/5      27.04/44.59/239.08        6753       23    14.64   0.0045     0%     0.0040      0/5978         0     0.0009       0
      primary samples 45, productive 17 (37.8%), vertices/sample 0.444
  free-env      5/5       3.96/6.82/30.12          381       23    16.58   0.0968    97%     0.0000      0/4205         0     0.0000       0
      primary samples 45, productive 18 (40.0%), vertices/sample 0.426
  qp-env        5/5       1.30/4.42/8.05           467       16    13.61   0.0511    56%     0.0003      0/3521         0     0.0025       0
      primary samples 6, productive 6 (100.0%), vertices/sample 2.667
      qp 283.5 rows/call, 91% of calls reached the solver, 2507 calls

Hop disposition -- what set the hop's length, median over problems.
  row         floored(<1 step)    at region   edge-limited
  qp-fixed            100.0%         0.0%           0.0%
  qp-plain            100.0%         0.0%           0.0%
  qp-adapt             54.9%        43.9%           1.5%
  qp-free             100.0%         0.0%           0.0%
  free-env              2.6%        82.6%          12.9%
  qp-env               60.3%        36.9%           3.2%

Endpoint clearance at zero margin -- min(start, goal) over all spheres.
  scene                     min    median       max affordable   problems by margin
  bookshelf_small        0.0058    0.0078    0.0090    0.0058   0:100% 0.02:  0% 0.04:  0% 0.06:  0% 0.09:  0%
  bookshelf_tall         0.0025    0.0064    0.0100    0.0025   0:100% 0.02:  0% 0.04:  0% 0.06:  0% 0.09:  0%
  bookshelf_thin         0.0019    0.0080    0.0082    0.0019   0:100% 0.02:  0% 0.04:  0% 0.06:  0% 0.09:  0%
  box                    0.0127    0.0127    0.0127    0.0127   0:100% 0.02:  0% 0.04:  0% 0.06:  0% 0.09:  0%
  cage                   0.0126    0.0127    0.0127    0.0126   0:100% 0.02:  0% 0.04:  0% 0.06:  0% 0.09:  0%
  table_pick             0.0065    0.0080    0.0081    0.0065   0:100% 0.02:  0% 0.04:  0% 0.06:  0% 0.09:  0%
  table_under_pick       0.0076    0.0082    0.0082    0.0076   0:100% 0.02:  0% 0.04:  0% 0.06:  0% 0.09:  0%

all scenes  (29 problems, 0 skipped: 0 clearance, 0 self-collision)
  rrtconnect   29/29      2.47/11.62/2047.24       3818       21    12.61        -      -     0.0001      0/20188        0     0.0011       0
      primary samples 54, productive 16 (29.6%), vertices/sample 0.348
  qp-fixed     29/29      1.81/11.59/217.53        1256       14    10.20   0.0109     0%     0.0000      0/28413        0     0.0000       0
      primary samples 3, productive 3 (100.0%), vertices/sample 4.000
      qp 273.3 rows/call, 67% of calls reached the solver, 131501 calls
  qp-plain     29/29      2.13/11.95/227.88        1256       14    10.20   0.0109     0%     0.0000      0/28413        0     0.0000       0
      primary samples 3, productive 3 (100.0%), vertices/sample 4.000
      qp 343.0 rows/call, 100% of calls reached the solver, 131501 calls
  qp-adapt     29/29      0.41/6.15/158.01         771       14    10.19   0.0221    45%     0.0000      0/22734        0     0.0000       0
      primary samples 3, productive 3 (100.0%), vertices/sample 3.833
      qp 280.3 rows/call, 93% of calls reached the solver, 79223 calls
  qp-free      29/29      4.20/48.44/3183.95       7027       27    14.53   0.0050     0%     0.0010      0/40401        0     0.0009       0
      primary samples 52, productive 19 (36.5%), vertices/sample 0.520
  free-env     29/29      0.81/8.90/218.60         493       26    16.49   0.0901    96%     0.0000      0/23893        0     0.0000       0
      primary samples 54, productive 21 (38.9%), vertices/sample 0.500
  qp-env       29/29      0.27/3.75/122.21         413       14    10.14   0.0431    40%     0.0000      0/20958        0     0.0000       0
      primary samples 3, productive 3 (100.0%), vertices/sample 4.000
      qp 281.7 rows/call, 94% of calls reached the solver, 56294 calls

"samples" is checked configurations for isSafe, barrier evaluations for
the three CBF rows, and SIMD configuration lanes evaluated for VAMP. They measure
sampling work, while wall time captures the very different per-sample costs.
"unsafe/audited" evaluates exact primitive clearance at every state of the
densified solution -- for each CBF row that is the rollout the planner recorded
for each edge, replayed, so it is the motion that would actually be executed,
sampled inside each step rather than only at its boundaries. Non-zero unsafe
invalidates a row however fast it was.
"missed" counts solution edges that were not on file and had to be
re-derived; it must be zero, or the audited motion is a different trajectory
from the one the planner found.


envelope hop: 13603 filter calls, 1.255 hold queries/call, 19.1% saturated, 100.0% longer than L1, past one step 92.4% (L1 alone 54.2%), gated 75.8%, empty-active 0.0%, screen-escalated 1.5%
envelope bottleneck: world 97.9%, self-collision 2.1%, unbound 0.1% (horizon or screen clip), blocked 0.0%, joint-limit clamped 0.0%
envelope binding term:
  world rows       L1 0.0%, local-L1 0.6%, speed-capped 5.4%, isotropic-anchored 94.0% (of 13313 bound calls)
  self-pair rows   L1 0.0%, local-L1 0.0%, speed-capped 0.0%, normal-anchored 100.0% (of 279 bound calls)
local-lever screen: 275520 of 462628 expensive world rows settled before the envelope (59.6%)
span handed to the rollout, in controller steps (56294 calls):
                   <1      1-2      2-4      4-8       8+
  L1 only      86.91%     6.48%     3.78%     1.56%     1.27%
  envelope     77.66%     4.73%     6.29%     5.67%     5.65%
=== CBF profiler (wall time) ===
=== CBF filter stats ===
  calls=0  unchanged=0 (0.0%)  filtered=0 (0.0%)  blocked=0 (0.0%)
  active rows:       avg=0.00  max=0
  zero-row fast path: 0 (0.0%)
  qp iterations:     avg=0.00  max=0
  certified duration: avg=0.00000s  min=0.00000s  max=0.00000s  (over 0 non-blocked calls)
  required gain:     avg=0.000/s  max=0.000/s  p50=0.000/s  p90=0.000/s  p99=0.000/s  (over 0 calls, 0 uncertified)
