
MotionBenchMaker UR5, 689 problems loaded, up to 100 per scene
voxel 0.003 m, margin 0.0000 m + 0.0000 m filter buffer, stepSize 0.001 s, range 2.00 rad, 10.0 s limit

hop certificates: old L1 Lipschitz region and new hold-time bound
Picard: off; trajectory prefixes: 0; sequential rollout budget: 10000 calls
kappa 20.00 /s, certified step uncapped, self-collision margin 0.0000 m over 303 pairs
baseline segment: 0.000650 of extent = 0.0100 rad, rollout step 0.0100 rad (matched to the rollout)
rope shortcut off, all rows unsimplified

seed 1
  planner       solved ms(min/med/max)        samples vertices     path rad/call coarse  worst clr unsafe/audited missed worst self collide

bookshelf_small  (4 problems, 0 skipped: 0 clearance, 0 self-collision)
  rrtconnect    4/4      11.03/37.42/101.31       14056       70    17.91        -      -     0.0044      0/3287         0     0.0025       0
      primary samples 258, productive 66 (25.6%), vertices/sample 0.338
  qp-fixed      4/4       4.38/7.78/9.20          1311       11    10.92   0.0115     0%     0.0004      0/3476         0     0.0025       0
      primary samples 3, productive 3 (100.0%), vertices/sample 7.000
      qp 267.3 rows/call, 56% of calls reached the solver, 4839 calls
  qp-plain      4/4       4.60/8.32/12.68         1311       11    10.92   0.0115     0%     0.0004      0/3476         0     0.0025       0
      primary samples 3, productive 3 (100.0%), vertices/sample 7.000
      qp 343.0 rows/call, 100% of calls reached the solver, 4839 calls
  qp-adapt      4/4       2.95/4.59/4.80           614       11    10.92   0.0219    23%     0.0004      0/2811         0     0.0025       0
      primary samples 3, productive 3 (100.0%), vertices/sample 7.000
      qp 277.8 rows/call, 92% of calls reached the solver, 2280 calls
  qp-free       4/4      55.55/83.37/172.62       15639       49    17.82   0.0055     0%     0.0044      0/5522         0     0.0025       0
      primary samples 105, productive 41 (39.0%), vertices/sample 0.467
  free-env      4/4       4.83/11.75/21.59          896       52    17.01   0.0942    96%     0.0004      0/3202         0     0.0025       0
      primary samples 105, productive 44 (41.9%), vertices/sample 0.482
  qp-env        4/4       2.04/3.42/3.75           442       11    10.93   0.0391    22%     0.0004      0/2526         0     0.0025       0
      primary samples 3, productive 3 (100.0%), vertices/sample 6.000
      qp 279.8 rows/call, 94% of calls reached the solver, 1500 calls

bookshelf_tall  (4 problems, 0 skipped: 0 clearance, 0 self-collision)
  rrtconnect    4/4      17.79/69.35/223.54       13917       72    13.64        -      -     0.0008      0/2861         0     0.0001       0
      primary samples 378, productive 69 (18.3%), vertices/sample 0.212
  qp-fixed      4/4      11.53/14.18/20.82         1565       17    10.86   0.0099     0%     0.0009      0/3379         0     0.0001       0
      primary samples 4, productive 4 (100.0%), vertices/sample 4.250
      qp 302.8 rows/call, 87% of calls reached the solver, 6737 calls
  qp-plain      4/4      13.00/14.72/20.68         1565       17    10.86   0.0099     0%     0.0009      0/3379         0     0.0001       0
      primary samples 4, productive 4 (100.0%), vertices/sample 4.250
      qp 343.0 rows/call, 100% of calls reached the solver, 6737 calls
  qp-adapt      4/4       7.50/8.80/11.91          812       17    10.85   0.0192    48%     0.0009      0/2576         0     0.0001       0
      primary samples 4, productive 4 (100.0%), vertices/sample 4.250
      qp 306.8 rows/call, 97% of calls reached the solver, 3645 calls
  qp-free       4/4      38.46/113.18/200.63       15539       44    13.35   0.0052     0%     0.0030      0/4874         0     0.0001       0
      primary samples 122, productive 37 (30.3%), vertices/sample 0.632
  free-env      4/4       1.77/16.64/19.74          800       41    17.19   0.1063    98%     0.0003      0/2898         0     0.0001       0
      primary samples 88, productive 31 (35.2%), vertices/sample 0.700
  qp-env        4/4       5.20/5.88/8.12           597       20    10.57   0.0398    60%     0.0009      0/2247         0     0.0001       0
      primary samples 5, productive 5 (100.0%), vertices/sample 4.000
      qp 307.1 rows/call, 98% of calls reached the solver, 2323 calls

bookshelf_thin  (4 problems, 0 skipped: 0 clearance, 0 self-collision)
  rrtconnect    4/4      11.49/104.51/134.79       14272       71    13.34        -      -     0.0014      0/2546         0     0.0025       0
      primary samples 241, productive 67 (27.8%), vertices/sample 0.368
  qp-fixed      4/4       3.44/9.87/27.72         1007       12     8.59   0.0120     0%    -0.0036     23/2865         0     0.0025       0
      primary samples 2, productive 2 (100.0%), vertices/sample 7.000
      qp 260.8 rows/call, 56% of calls reached the solver, 4792 calls
  qp-plain      4/4       3.67/10.54/28.91         1007       12     8.59   0.0120     0%    -0.0036     23/2865         0     0.0025       0
      primary samples 2, productive 2 (100.0%), vertices/sample 7.000
      qp 343.0 rows/call, 100% of calls reached the solver, 4792 calls
  qp-adapt      4/4       0.85/4.78/18.08          419       12     8.59   0.0410    46%    -0.0038     20/2208         0     0.0025       0
      primary samples 2, productive 2 (100.0%), vertices/sample 7.000
      qp 288.4 rows/call, 91% of calls reached the solver, 2294 calls
  qp-free       4/4      54.75/79.79/338.15        8840       34    15.67   0.0058     0%     0.0006      0/4662         0     0.0025       0
      primary samples 68, productive 29 (42.6%), vertices/sample 0.438
  free-env      4/4       9.94/12.95/73.36          461       33    14.40   0.0707    96%     0.0003      0/2655         0     0.0025       0
      primary samples 68, productive 28 (41.2%), vertices/sample 0.395
  qp-env        4/4       0.60/3.86/11.46          315       14     8.58   0.0855    39%    -0.0115     37/2050         0     0.0025       0
      primary samples 2, productive 2 (100.0%), vertices/sample 7.000
      qp 279.7 rows/call, 96% of calls reached the solver, 1424 calls

box  (5 problems, 0 skipped: 0 clearance, 0 self-collision)
  rrtconnect    5/5       2.29/5.83/10.32         2243       13     9.80        -      -     0.0066      0/2276         0     0.0025       0
      primary samples 24, productive 9 (37.5%), vertices/sample 0.542
  qp-fixed      5/5       2.13/3.36/39.67          599        8     7.65   0.0128     0%     0.0004      0/3797         0     0.0025       0
      primary samples 1, productive 1 (100.0%), vertices/sample 6.000
      qp 259.0 rows/call, 82% of calls reached the solver, 9099 calls
  qp-plain      5/5       2.22/3.87/41.89          599        8     7.65   0.0128     0%     0.0004      0/3797         0     0.0025       0
      primary samples 1, productive 1 (100.0%), vertices/sample 6.000
      qp 343.0 rows/call, 100% of calls reached the solver, 9099 calls
  qp-adapt      5/5       0.78/1.24/7.76           158       11     7.65   0.0335    77%     0.0013      0/2627         0     0.0025       0
      primary samples 1, productive 1 (100.0%), vertices/sample 6.000
      qp 269.1 rows/call, 92% of calls reached the solver, 2080 calls
  qp-free       5/5      11.25/45.66/134.84        8994       24    15.05   0.0049     0%     0.0012      0/8178         0     0.0016       0
      primary samples 58, productive 17 (29.3%), vertices/sample 0.524
  free-env      5/5       1.66/7.47/25.60          610       27    16.06   0.0898    95%     0.0002      0/5007         0     0.0007       0
      primary samples 59, productive 20 (33.9%), vertices/sample 0.509
  qp-env        5/5       0.44/0.57/18.57           68       11     7.64   0.0781    73%     0.0005      0/2738         0     0.0025       0
      primary samples 1, productive 1 (100.0%), vertices/sample 6.000
      qp 273.9 rows/call, 93% of calls reached the solver, 2787 calls

cage  (4 problems, 0 skipped: 0 clearance, 0 self-collision)
  rrtconnect    4/4     111.23/435.77/581.79      146876      860    20.45        -      -     0.0022      0/3941         0     0.0023       0
      primary samples 5201, productive 855 (16.4%), vertices/sample 0.178
  qp-fixed      4/4      14.55/265.77/319.68       37046      159    22.47   0.0090     0%     0.0000      0/6354         0     0.0001       0
      primary samples 145, productive 97 (66.9%), vertices/sample 1.556
      qp 274.5 rows/call, 91% of calls reached the solver, 98467 calls
  qp-plain      4/4      15.61/268.39/337.12       37046      159    22.47   0.0090     0%     0.0000      0/6354         0     0.0001       0
      primary samples 145, productive 97 (66.9%), vertices/sample 1.556
      qp 343.0 rows/call, 100% of calls reached the solver, 98467 calls
  qp-adapt      4/4       8.05/185.08/248.43       24453      159    22.47   0.0147    38%     0.0000      0/5428         0     0.0001       0
      primary samples 145, productive 97 (66.9%), vertices/sample 1.578
      qp 276.5 rows/call, 98% of calls reached the solver, 66039 calls
  qp-free       4/4     570.28/1441.78/1464.86     267576      595    27.51   0.0040     0%     0.0011      0/9776         0     0.0019       0
      primary samples 2031, productive 564 (27.8%), vertices/sample 0.319
  free-env      4/4      86.00/247.35/550.06       17774      745    30.30   0.0659    94%     0.0003      0/5862         0     0.0000       0
      primary samples 2743, productive 715 (26.1%), vertices/sample 0.280
  qp-env        4/4       5.98/163.63/197.82       20686      160    25.22   0.0194    37%    -0.0000     30/5400         0     0.0001       0
      primary samples 145, productive 98 (67.6%), vertices/sample 1.556
      qp 277.5 rows/call, 99% of calls reached the solver, 52165 calls

table_pick  (4 problems, 0 skipped: 0 clearance, 0 self-collision)
  rrtconnect    4/4       3.44/5.41/5.94          1417        9    10.18        -      -     0.0010      0/2096         0     0.0025       0
      primary samples 8, productive 4 (50.0%), vertices/sample 1.000
  qp-fixed      4/4       3.91/5.69/6.49           761        7     9.05   0.0127     0%     0.0045      0/2533         0     0.0025       0
      primary samples 2, productive 2 (100.0%), vertices/sample 7.000
      qp 259.8 rows/call, 36% of calls reached the solver, 3097 calls
  qp-plain      4/4       4.73/6.24/7.27           761        7     9.05   0.0127     0%     0.0045      0/2533         0     0.0025       0
      primary samples 2, productive 2 (100.0%), vertices/sample 7.000
      qp 343.0 rows/call, 100% of calls reached the solver, 3097 calls
  qp-adapt      4/4       0.51/2.14/3.09           282        7     9.06   0.0700    58%     0.0045      0/1775         0     0.0025       0
      primary samples 2, productive 2 (100.0%), vertices/sample 7.000
      qp 267.8 rows/call, 78% of calls reached the solver, 822 calls
  qp-free       4/4       8.76/9.69/10.77         1521       10     9.46   0.0089     0%     0.0010      0/3380         0     0.0025       0
      primary samples 8, productive 5 (62.5%), vertices/sample 1.250
  free-env      4/4       1.38/1.57/1.67            89       10     9.47   0.1686    97%     0.0010      0/2138         0     0.0025       0
      primary samples 8, productive 5 (62.5%), vertices/sample 1.250
  qp-env        4/4       0.39/1.15/2.34           129        7     9.11   0.1784    72%     0.0046      0/1664         0     0.0025       0
      primary samples 2, productive 2 (100.0%), vertices/sample 7.000
      qp 268.1 rows/call, 80% of calls reached the solver, 426 calls

table_under_pick  (4 problems, 0 skipped: 0 clearance, 0 self-collision)
  rrtconnect    4/4       6.09/10.27/16.89         2646       15    13.10        -      -     0.0010      0/2861         0     0.0006       0
      primary samples 64, productive 10 (15.6%), vertices/sample 0.391
  qp-fixed      4/4       3.59/7.36/18.01         1071       14    10.07   0.0133     0%     0.0001      0/3126         0     0.0000       0
      primary samples 2, productive 2 (100.0%), vertices/sample 8.000
      qp 268.0 rows/call, 71% of calls reached the solver, 4896 calls
  qp-plain      4/4       3.75/7.96/21.23         1071       14    10.07   0.0133     0%     0.0001      0/3126         0     0.0000       0
      primary samples 2, productive 2 (100.0%), vertices/sample 8.000
      qp 343.0 rows/call, 100% of calls reached the solver, 4896 calls
  qp-adapt      4/4       0.95/3.82/12.58          482       15    10.07   0.0505    69%     0.0001      0/2662         0     0.0000       0
      primary samples 2, productive 2 (100.0%), vertices/sample 8.000
      qp 293.1 rows/call, 89% of calls reached the solver, 2401 calls
  qp-free       4/4      18.48/52.23/73.73         8335       30    11.95   0.0057     0%     0.0012      0/4338         0     0.0003       0
      primary samples 62, productive 24 (38.7%), vertices/sample 0.484
  free-env      4/4       3.04/8.76/10.11          501       29    12.03   0.1200    98%     0.0014      0/2440         0     0.0005       0
      primary samples 64, productive 25 (39.1%), vertices/sample 0.474
  qp-env        4/4       0.91/1.60/8.89           180       15    11.36   0.0867    57%     0.0001      0/2502         0     0.0001       0
      primary samples 4, productive 4 (100.0%), vertices/sample 6.000
      qp 294.3 rows/call, 86% of calls reached the solver, 1370 calls

Hop disposition -- what set the hop's length, median over problems.
  row         floored(<1 step)    at region   edge-limited
  qp-fixed            100.0%         0.0%           0.0%
  qp-plain            100.0%         0.0%           0.0%
  qp-adapt             53.8%        44.4%           1.5%
  qp-free             100.0%         0.0%           0.0%
  free-env              2.5%        83.3%          13.8%
  qp-env               62.0%        35.6%           3.2%

Endpoint clearance at zero margin -- min(start, goal) over all spheres.
  scene                     min    median       max affordable   problems by margin
  bookshelf_small        0.0051    0.0095    0.0096    0.0051   0:100% 0.02:  0% 0.04:  0% 0.06:  0% 0.09:  0%
  bookshelf_tall         0.0001    0.0069    0.0098    0.0001   0:100% 0.02:  0% 0.04:  0% 0.06:  0% 0.09:  0%
  bookshelf_thin         0.0025    0.0068    0.0083    0.0025   0:100% 0.02:  0% 0.04:  0% 0.06:  0% 0.09:  0%
  box                    0.0127    0.0127    0.0127    0.0127   0:100% 0.02:  0% 0.04:  0% 0.06:  0% 0.09:  0%
  cage                   0.0127    0.0127    0.0127    0.0127   0:100% 0.02:  0% 0.04:  0% 0.06:  0% 0.09:  0%
  table_pick             0.0059    0.0076    0.0078    0.0059   0:100% 0.02:  0% 0.04:  0% 0.06:  0% 0.09:  0%
  table_under_pick       0.0066    0.0080    0.0080    0.0066   0:100% 0.02:  0% 0.04:  0% 0.06:  0% 0.09:  0%

all scenes  (29 problems, 0 skipped: 0 clearance, 0 self-collision)
  rrtconnect   29/29      2.29/15.20/581.79        3930       21    13.20        -      -     0.0008      0/19868        0     0.0001       0
      primary samples 65, productive 18 (27.7%), vertices/sample 0.344
  qp-fixed     29/29      2.13/7.78/319.68        1163       12     9.43   0.0112     0%    -0.0036     23/25530        0     0.0000       0
      primary samples 2, productive 2 (100.0%), vertices/sample 4.250
      qp 264.3 rows/call, 60% of calls reached the solver, 131927 calls
  qp-plain     29/29      2.22/8.32/337.12        1163       12     9.43   0.0112     0%    -0.0036     23/25530        0     0.0000       0
      primary samples 2, productive 2 (100.0%), vertices/sample 4.250
      qp 343.0 rows/call, 100% of calls reached the solver, 131927 calls
  qp-adapt     29/29      0.51/4.47/248.43         581       12     9.43   0.0242    46%    -0.0038     20/20087        0     0.0000       0
      primary samples 2, productive 2 (100.0%), vertices/sample 4.500
      qp 273.7 rows/call, 92% of calls reached the solver, 79561 calls
  qp-free      29/29      8.76/60.61/1464.86       8994       31    13.90   0.0050     0%     0.0006      0/40730        0     0.0001       0
      primary samples 64, productive 26 (40.6%), vertices/sample 0.467
  free-env     29/29      1.38/9.94/550.06         501       29    14.40   0.0898    96%     0.0002      0/24202        0     0.0000       0
      primary samples 64, productive 25 (39.1%), vertices/sample 0.474
  qp-env       29/29      0.39/2.52/197.82         315       12     9.46   0.0413    38%    -0.0115     67/19127        0     0.0001       0
      primary samples 3, productive 2 (66.7%), vertices/sample 4.000
      qp 273.9 rows/call, 94% of calls reached the solver, 61995 calls

"samples" is checked configurations for isSafe, barrier evaluations for
the three CBF rows, and SIMD configuration lanes evaluated for VAMP. They measure
sampling work, while wall time captures the very different per-sample costs.
"unsafe/audited" evaluates exact primitive clearance at every state of the
densified solution -- for each CBF row that is the rollout the planner recorded
for each edge, replayed, so it is the motion that would actually be executed,
sampled inside each step rather than only at its boundaries. Non-zero unsafe
invalidates a row however fast it was.
"missed" counts solution edges that were not on file and had to be
re-derived; it must be zero, or the audited motion is a different trajectory
from the one the planner found.


envelope hop: 12668 filter calls, 1.208 hold queries/call, 15.7% saturated, 100.0% longer than L1, past one step 94.5% (L1 alone 54.9%), gated 79.6%, empty-active 0.0%, screen-escalated 1.8%
envelope bottleneck: world 97.3%, self-collision 2.6%, unbound 0.1% (horizon or screen clip), blocked 0.0%, joint-limit clamped 0.0%
envelope binding term:
  world rows       L1 0.0%, local-L1 0.5%, speed-capped 3.5%, isotropic-anchored 96.0% (of 12321 bound calls)
  self-pair rows   L1 0.0%, local-L1 0.0%, speed-capped 0.0%, normal-anchored 100.0% (of 332 bound calls)
local-lever screen: 390354 of 645328 expensive world rows settled before the envelope (60.5%)
span handed to the rollout, in controller steps (61995 calls):
                   <1      1-2      2-4      4-8       8+
  L1 only      88.78%     5.56%     3.13%     1.36%     1.17%
  envelope     80.68%     5.25%     5.40%     4.15%     4.52%
=== CBF profiler (wall time) ===
=== CBF filter stats ===
  calls=0  unchanged=0 (0.0%)  filtered=0 (0.0%)  blocked=0 (0.0%)
  active rows:       avg=0.00  max=0
  zero-row fast path: 0 (0.0%)
  qp iterations:     avg=0.00  max=0
  certified duration: avg=0.00000s  min=0.00000s  max=0.00000s  (over 0 non-blocked calls)
  required gain:     avg=0.000/s  max=0.000/s  p50=0.000/s  p90=0.000/s  p99=0.000/s  (over 0 calls, 0 uncertified)
