
MotionBenchMaker UR5, 689 problems loaded, up to 100 per scene
voxel 0.003 m, margin 0.0000 m + 0.0000 m filter buffer, stepSize 0.001 s, range 2.00 rad, 10.0 s limit

hop certificates: old L1 Lipschitz region and new hold-time bound
Picard: off; trajectory prefixes: 0; sequential rollout budget: 10000 calls
kappa 20.00 /s, certified step uncapped, self-collision margin 0.0000 m over 303 pairs
baseline segment: 0.000650 of extent = 0.0100 rad, rollout step 0.0100 rad (matched to the rollout)
rope shortcut off, all rows unsimplified

seed 1
  planner       solved ms(min/med/max)        samples vertices     path rad/call coarse  worst clr unsafe/audited missed worst self collide

bookshelf_small  (4 problems, 0 skipped: 0 clearance, 0 self-collision)
  rrtconnect    4/4       2.93/21.62/952.33        5483       29    10.41        -      -     0.0021      0/2104         0     0.0025       0
      primary samples 122, productive 26 (21.3%), vertices/sample 0.786
  qp-fixed      4/4       2.49/11.34/33.76         1084       10    10.78   0.0138     0%     0.0002      0/3202         0     0.0025       0
      primary samples 2, productive 2 (100.0%), vertices/sample 5.000
      qp 264.9 rows/call, 75% of calls reached the solver, 5336 calls
  qp-plain      4/4       2.98/11.33/36.01         1084       10    10.78   0.0138     0%     0.0002      0/3202         0     0.0025       0
      primary samples 2, productive 2 (100.0%), vertices/sample 5.000
      qp 343.0 rows/call, 100% of calls reached the solver, 5336 calls
  qp-adapt      4/4       0.60/8.52/23.39          769       10    10.78   0.0290    61%     0.0002      0/2807         0     0.0025       0
      primary samples 2, productive 2 (100.0%), vertices/sample 5.000
      qp 271.5 rows/call, 95% of calls reached the solver, 3178 calls
  qp-free       4/4       6.61/167.72/324.08       20276       59    16.52   0.0059     0%     0.0013      0/5467         0     0.0025       0
      primary samples 141, productive 51 (36.2%), vertices/sample 0.632
  free-env      4/4       0.97/20.14/26.96          965       55    13.71   0.1372    98%     0.0010      0/2829         0     0.0000       0
      primary samples 141, productive 49 (34.8%), vertices/sample 0.632
  qp-env        4/4       0.31/5.06/18.46          397       11    10.87   0.0931    66%     0.0002      0/2464         0     0.0025       0
      primary samples 2, productive 2 (100.0%), vertices/sample 5.500
      qp 267.3 rows/call, 97% of calls reached the solver, 2008 calls

bookshelf_tall  (4 problems, 0 skipped: 0 clearance, 0 self-collision)
  rrtconnect    4/4      11.30/173.20/240.03       23247      120    13.80        -      -     0.0004      0/2857         0     0.0025       0
      primary samples 659, productive 117 (17.8%), vertices/sample 0.354
  qp-fixed      4/4       5.30/8.68/27.77          695        7     8.33   0.0120     0%     0.0004      0/2854         0     0.0006       0
      primary samples 1, productive 1 (100.0%), vertices/sample 7.000
      qp 283.2 rows/call, 65% of calls reached the solver, 3725 calls
  qp-plain      4/4       5.86/9.10/28.00          695        7     8.33   0.0120     0%     0.0004      0/2854         0     0.0006       0
      primary samples 1, productive 1 (100.0%), vertices/sample 7.000
      qp 343.0 rows/call, 100% of calls reached the solver, 3725 calls
  qp-adapt      4/4       1.89/5.32/9.87           366        7     8.33   0.0320    32%     0.0004      0/2282         0     0.0006       0
      primary samples 1, productive 1 (100.0%), vertices/sample 7.000
      qp 296.7 rows/call, 88% of calls reached the solver, 1414 calls
  qp-free       4/4      27.75/176.19/454.48       15000       57    16.14   0.0065     0%     0.0034      0/5411         0     0.0025       0
      primary samples 135, productive 52 (38.5%), vertices/sample 0.438
  free-env      4/4       4.33/67.47/93.91         2252       99    21.53   0.1089    97%     0.0007      0/3657         0     0.0000       0
      primary samples 261, productive 93 (35.6%), vertices/sample 0.438
  qp-env        4/4       0.67/3.19/5.94           213        7     8.33   0.0450    32%     0.0004      0/2066         0     0.0006       0
      primary samples 1, productive 1 (100.0%), vertices/sample 7.000
      qp 296.1 rows/call, 96% of calls reached the solver, 795 calls

bookshelf_thin  (4 problems, 0 skipped: 0 clearance, 0 self-collision)
  rrtconnect    4/4      24.42/63.75/156.92        6358       32    18.03        -      -     0.0011      0/3282         0     0.0013       0
      primary samples 140, productive 28 (20.0%), vertices/sample 0.293
  qp-fixed      4/4       9.76/23.96/26.62         1464       11    11.40   0.0130     0%    -0.0102    148/3527         0     0.0003       0
      primary samples 2, productive 2 (100.0%), vertices/sample 8.000
      qp 272.3 rows/call, 67% of calls reached the solver, 4508 calls
  qp-plain      4/4      10.03/24.60/28.47         1464       11    11.40   0.0130     0%    -0.0102    148/3527         0     0.0003       0
      primary samples 2, productive 2 (100.0%), vertices/sample 8.000
      qp 343.0 rows/call, 100% of calls reached the solver, 4508 calls
  qp-adapt      4/4       4.61/15.15/19.24          880       11    11.41   0.0283    45%    -0.0102    148/3016         0     0.0003       0
      primary samples 2, productive 2 (100.0%), vertices/sample 8.000
      qp 273.3 rows/call, 97% of calls reached the solver, 2649 calls
  qp-free       4/4     105.06/490.41/621.01       34358       79    19.97   0.0042     0%     0.0043      0/6115         0     0.0010       0
      primary samples 228, productive 73 (32.0%), vertices/sample 0.454
  free-env      4/4      19.29/81.78/93.89         2073       78    20.46   0.0891    96%     0.0018      0/3706         0     0.0010       0
      primary samples 228, productive 73 (32.0%), vertices/sample 0.342
  qp-env        4/4       1.48/7.25/17.53          376       11    12.24   0.0508    39%    -0.0103    148/2895         0     0.0003       0
      primary samples 3, productive 2 (66.7%), vertices/sample 8.000
      qp 260.4 rows/call, 95% of calls reached the solver, 1683 calls

box  (4 problems, 0 skipped: 0 clearance, 0 self-collision)
  rrtconnect    4/4       7.07/16.38/27.18         4317       23    11.92        -      -     0.0002      0/2295         0     0.0025       0
      primary samples 47, productive 20 (42.6%), vertices/sample 0.489
  qp-fixed      4/4       2.81/12.43/38.56         1431       12    13.17   0.0121     0%     0.0022      0/3143         0     0.0025       0
      primary samples 4, productive 4 (100.0%), vertices/sample 3.333
      qp 246.1 rows/call, 69% of calls reached the solver, 7111 calls
  qp-plain      4/4       3.15/14.00/41.72         1431       12    13.17   0.0121     0%     0.0022      0/3143         0     0.0025       0
      primary samples 4, productive 4 (100.0%), vertices/sample 3.333
      qp 343.0 rows/call, 100% of calls reached the solver, 7111 calls
  qp-adapt      4/4       1.75/5.32/19.30          552       12    13.19   0.0295    48%     0.0019      0/2450         0     0.0025       0
      primary samples 4, productive 4 (100.0%), vertices/sample 3.333
      qp 249.4 rows/call, 90% of calls reached the solver, 3082 calls
  qp-free       4/4      36.75/131.16/361.01       16554       41    15.80   0.0056     0%     0.0078      0/6409         0     0.0025       0
      primary samples 99, productive 32 (32.3%), vertices/sample 0.681
  free-env      4/4       4.97/27.86/32.26         1458       73    18.86   0.0887    95%     0.0002      0/3535         0     0.0000       0
      primary samples 182, productive 64 (35.2%), vertices/sample 0.446
  qp-env        4/4       0.98/3.35/11.65          307       12    13.86   0.0534    35%     0.0009      0/2382         0     0.0025       0
      primary samples 4, productive 4 (100.0%), vertices/sample 3.400
      qp 254.4 rows/call, 93% of calls reached the solver, 1740 calls

cage  (5 problems, 0 skipped: 0 clearance, 0 self-collision)
  rrtconnect    5/5      24.52/886.07/3362.30     225880     1403    18.75        -      -     0.0010      0/5165         0     0.0025       0
      primary samples 7822, productive 1399 (17.9%), vertices/sample 0.179
  qp-fixed      5/5      60.27/176.53/436.85       19152       92    19.81   0.0088     0%     0.0000      0/8540         0     0.0025       0
      primary samples 73, productive 52 (71.2%), vertices/sample 1.260
      qp 267.1 rows/call, 88% of calls reached the solver, 120543 calls
  qp-plain      5/5      65.54/191.20/461.93       19152       92    19.81   0.0088     0%     0.0000      0/8540         0     0.0025       0
      primary samples 73, productive 52 (71.2%), vertices/sample 1.260
      qp 343.0 rows/call, 100% of calls reached the solver, 120543 calls
  qp-adapt      5/5      42.80/132.29/320.99       13170       90    19.81   0.0128    23%     0.0001      0/6924         0     0.0025       0
      primary samples 73, productive 51 (69.9%), vertices/sample 1.233
      qp 265.9 rows/call, 97% of calls reached the solver, 81069 calls
  qp-free       5/5     668.14/2349.88/2882.49     301398      693    25.38   0.0038     0%     0.0013      0/14286        0     0.0002       0
      primary samples 2310, productive 667 (28.9%), vertices/sample 0.300
  free-env      5/5     197.25/272.75/824.25       14423      631    21.57   0.0686    92%     0.0002      0/6751         0     0.0000       0
      primary samples 2069, productive 595 (28.8%), vertices/sample 0.281
  qp-env        5/5      32.63/111.27/259.62       10513       90    19.84   0.0167    19%     0.0000      0/6119         0     0.0025       0
      primary samples 73, productive 51 (69.9%), vertices/sample 1.233
      qp 264.2 rows/call, 99% of calls reached the solver, 61129 calls

table_pick  (4 problems, 0 skipped: 0 clearance, 0 self-collision)
  rrtconnect    4/4       6.30/18.48/20.94         3224       15    10.61        -      -     0.0004      0/1869         0     0.0025       0
      primary samples 30, productive 12 (40.0%), vertices/sample 1.100
  qp-fixed      4/4       3.76/6.48/7.32           679        7     8.43   0.0126     0%     0.0001      0/2487         0     0.0025       0
      primary samples 1, productive 1 (100.0%), vertices/sample 7.000
      qp 225.5 rows/call, 26% of calls reached the solver, 2483 calls
  qp-plain      4/4       4.27/7.33/8.23           679        7     8.43   0.0126     0%     0.0001      0/2487         0     0.0025       0
      primary samples 1, productive 1 (100.0%), vertices/sample 7.000
      qp 343.0 rows/call, 100% of calls reached the solver, 2483 calls
  qp-adapt      4/4       0.56/0.82/3.63            70        7     8.43   0.1249    71%     0.0001      0/1778         0     0.0025       0
      primary samples 1, productive 1 (100.0%), vertices/sample 7.000
      qp 259.0 rows/call, 64% of calls reached the solver, 494 calls
  qp-free       4/4      13.52/34.26/54.51         3512       18    12.09   0.0082     0%     0.0013      0/3201         0     0.0025       0
      primary samples 30, productive 13 (43.3%), vertices/sample 1.200
  free-env      4/4       1.95/5.53/8.99           196       17    12.19   0.1510    98%     0.0013      0/2071         0     0.0025       0
      primary samples 30, productive 13 (43.3%), vertices/sample 1.100
  qp-env        4/4       0.41/0.50/3.02            35        7     8.42   0.2510   100%     0.0001      0/1696         0     0.0025       0
      primary samples 1, productive 1 (100.0%), vertices/sample 7.000
      qp 262.6 rows/call, 66% of calls reached the solver, 327 calls

table_under_pick  (4 problems, 0 skipped: 0 clearance, 0 self-collision)
  rrtconnect    4/4       4.26/6.62/12.19         1143        8    11.14        -      -     0.0010      0/1943         0     0.0025       0
      primary samples 33, productive 4 (12.1%), vertices/sample 0.636
  qp-fixed      4/4       9.06/13.76/18.44         1323       15    11.29   0.0119     0%     0.0003      0/3415         0     0.0025       0
      primary samples 4, productive 4 (100.0%), vertices/sample 5.000
      qp 253.6 rows/call, 81% of calls reached the solver, 4935 calls
  qp-plain      4/4       9.36/15.40/19.67         1323       15    11.29   0.0119     0%     0.0003      0/3415         0     0.0025       0
      primary samples 4, productive 4 (100.0%), vertices/sample 5.000
      qp 343.0 rows/call, 100% of calls reached the solver, 4935 calls
  qp-adapt      4/4       5.82/8.53/11.14          696       14    11.29   0.0205    45%     0.0003      0/2910         0     0.0025       0
      primary samples 4, productive 4 (100.0%), vertices/sample 4.667
      qp 248.2 rows/call, 96% of calls reached the solver, 2671 calls
  qp-free       4/4      20.16/61.84/79.60         6138       24    10.04   0.0053     0%     0.0018      0/4117         0     0.0006       0
      primary samples 44, productive 17 (38.6%), vertices/sample 0.614
  free-env      4/4       6.10/9.28/14.80          335       23    16.75   0.0964    97%     0.0004      0/2937         0     0.0004       0
      primary samples 44, productive 17 (38.6%), vertices/sample 0.568
  qp-env        4/4       4.42/7.75/27.35          574       13    14.46   0.0385    43%     0.0003      0/2993         0     0.0025       0
      primary samples 5, productive 5 (100.0%), vertices/sample 3.000
      qp 251.6 rows/call, 97% of calls reached the solver, 3352 calls

Hop disposition -- what set the hop's length, median over problems.
  row         floored(<1 step)    at region   edge-limited
  qp-fixed            100.0%         0.0%           0.0%
  qp-plain            100.0%         0.0%           0.0%
  qp-adapt             57.4%        41.4%           1.5%
  qp-free             100.0%         0.0%           0.0%
  free-env              2.6%        82.8%          13.2%
  qp-env               70.6%        28.0%           2.3%

Endpoint clearance at zero margin -- min(start, goal) over all spheres.
  scene                     min    median       max affordable   problems by margin
  bookshelf_small        0.0035    0.0055    0.0096    0.0035   0:100% 0.02:  0% 0.04:  0% 0.06:  0% 0.09:  0%
  bookshelf_tall         0.0036    0.0050    0.0061    0.0036   0:100% 0.02:  0% 0.04:  0% 0.06:  0% 0.09:  0%
  bookshelf_thin         0.0013    0.0076    0.0087    0.0013   0:100% 0.02:  0% 0.04:  0% 0.06:  0% 0.09:  0%
  box                    0.0127    0.0127    0.0127    0.0127   0:100% 0.02:  0% 0.04:  0% 0.06:  0% 0.09:  0%
  cage                   0.0060    0.0127    0.0127    0.0060   0:100% 0.02:  0% 0.04:  0% 0.06:  0% 0.09:  0%
  table_pick             0.0073    0.0074    0.0082    0.0073   0:100% 0.02:  0% 0.04:  0% 0.06:  0% 0.09:  0%
  table_under_pick       0.0078    0.0080    0.0082    0.0078   0:100% 0.02:  0% 0.04:  0% 0.06:  0% 0.09:  0%

all scenes  (29 problems, 0 skipped: 0 clearance, 0 self-collision)
  rrtconnect   29/29      2.93/21.62/3362.30       3712       21    12.64        -      -     0.0002      0/19515        0     0.0013       0
      primary samples 48, productive 15 (31.2%), vertices/sample 0.330
  qp-fixed     29/29      2.49/11.34/436.85        1196       11     9.58   0.0116     0%    -0.0102    148/27168        0     0.0003       0
      primary samples 2, productive 2 (100.0%), vertices/sample 5.000
      qp 253.6 rows/call, 67% of calls reached the solver, 148641 calls
  qp-plain     29/29      2.98/12.48/461.93        1196       11     9.58   0.0116     0%    -0.0102    148/27168        0     0.0003       0
      primary samples 2, productive 2 (100.0%), vertices/sample 5.000
      qp 343.0 rows/call, 100% of calls reached the solver, 148641 calls
  qp-adapt     29/29      0.56/5.82/320.99         530       11     9.58   0.0212    42%    -0.0102    148/22167        0     0.0003       0
      primary samples 2, productive 2 (100.0%), vertices/sample 5.000
      qp 259.0 rows/call, 93% of calls reached the solver, 94557 calls
  qp-free      29/29      6.61/105.06/2882.49       8509       32    15.50   0.0048     0%     0.0013      0/45006        0     0.0002       0
      primary samples 73, productive 25 (34.2%), vertices/sample 0.422
  free-env     29/29      0.97/19.29/824.25         591       39    16.04   0.0847    95%     0.0002      0/25486        0     0.0000       0
      primary samples 73, productive 25 (34.2%), vertices/sample 0.401
  qp-env       29/29      0.31/4.42/259.62         357       11    10.87   0.0392    29%    -0.0103    148/20615        0     0.0003       0
      primary samples 3, productive 3 (100.0%), vertices/sample 3.667
      qp 258.6 rows/call, 95% of calls reached the solver, 71034 calls

"samples" is checked configurations for isSafe, barrier evaluations for
the three CBF rows, and SIMD configuration lanes evaluated for VAMP. They measure
sampling work, while wall time captures the very different per-sample costs.
"unsafe/audited" evaluates exact primitive clearance at every state of the
densified solution -- for each CBF row that is the rollout the planner recorded
for each edge, replayed, so it is the motion that would actually be executed,
sampled inside each step rather than only at its boundaries. Non-zero unsafe
invalidates a row however fast it was.
"missed" counts solution edges that were not on file and had to be
re-derived; it must be zero, or the audited motion is a different trajectory
from the one the planner found.


envelope hop: 15549 filter calls, 1.213 hold queries/call, 16.1% saturated, 100.0% longer than L1, past one step 89.9% (L1 alone 49.2%), gated 78.1%, empty-active 0.0%, screen-escalated 1.8%
envelope bottleneck: world 97.6%, self-collision 2.3%, unbound 0.1% (horizon or screen clip), blocked 0.0%, joint-limit clamped 0.0%
envelope binding term:
  world rows       L1 0.0%, local-L1 0.4%, speed-capped 8.1%, isotropic-anchored 91.4% (of 15172 bound calls)
  self-pair rows   L1 0.0%, local-L1 0.0%, speed-capped 0.0%, normal-anchored 100.0% (of 361 bound calls)
local-lever screen: 534045 of 874656 expensive world rows settled before the envelope (61.1%)
span handed to the rollout, in controller steps (71034 calls):
                   <1      1-2      2-4      4-8       8+
  L1 only      89.23%     5.58%     2.87%     1.24%     1.07%
  envelope     80.31%     5.52%     5.38%     4.26%     4.54%
=== CBF profiler (wall time) ===
=== CBF filter stats ===
  calls=0  unchanged=0 (0.0%)  filtered=0 (0.0%)  blocked=0 (0.0%)
  active rows:       avg=0.00  max=0
  zero-row fast path: 0 (0.0%)
  qp iterations:     avg=0.00  max=0
  certified duration: avg=0.00000s  min=0.00000s  max=0.00000s  (over 0 non-blocked calls)
  required gain:     avg=0.000/s  max=0.000/s  p50=0.000/s  p90=0.000/s  p99=0.000/s  (over 0 calls, 0 uncertified)
