
MotionBenchMaker UR5, 689 problems loaded, up to 100 per scene
voxel 0.003 m, margin 0.0000 m + 0.0000 m filter buffer, stepSize 0.001 s, range 2.00 rad, 10.0 s limit

hop certificates: old L1 Lipschitz region and new hold-time bound
Picard: off; trajectory prefixes: 0; sequential rollout budget: 10000 calls
kappa 20.00 /s, certified step uncapped, self-collision margin 0.0000 m over 303 pairs
baseline segment: 0.000650 of extent = 0.0100 rad, rollout step 0.0100 rad (matched to the rollout)
rope shortcut off, all rows unsimplified

seed 1
  planner       solved ms(min/med/max)        samples vertices     path rad/call coarse  worst clr unsafe/audited missed worst self collide

bookshelf_small  (4 problems, 0 skipped: 0 clearance, 0 self-collision)
  rrtconnect    4/4       5.82/14.83/47.62         3807       21    16.87        -      -     0.0001      0/3092         0     0.0007       0
      primary samples 61, productive 15 (24.6%), vertices/sample 0.409
  qp-fixed      4/4       4.26/15.95/126.51        1101        9     9.39   0.0109     0%     0.0003      0/2939         0     0.0025       0
      primary samples 3, productive 2 (66.7%), vertices/sample 5.000
      qp 281.3 rows/call, 66% of calls reached the solver, 10788 calls
  qp-plain      4/4       6.71/17.13/129.96        1101        9     9.39   0.0109     0%     0.0003      0/2939         0     0.0025       0
      primary samples 3, productive 2 (66.7%), vertices/sample 5.000
      qp 343.0 rows/call, 100% of calls reached the solver, 10788 calls
  qp-adapt      4/4       1.15/10.87/103.36         681        9     9.38   0.0244    44%     0.0003      0/2381         0     0.0025       0
      primary samples 3, productive 2 (66.7%), vertices/sample 5.000
      qp 291.9 rows/call, 94% of calls reached the solver, 7527 calls
  qp-free       4/4      21.88/125.32/382.21       14575       45    16.45   0.0060     0%     0.0010      0/4534         0     0.0025       0
      primary samples 95, productive 33 (34.7%), vertices/sample 0.500
  free-env      4/4       3.78/8.94/49.74          440       29    12.41   0.1075    93%     0.0010      0/2432         0     0.0013       0
      primary samples 50, productive 18 (36.0%), vertices/sample 0.580
  qp-env        4/4       0.74/9.03/37.22          427        8     8.99   0.0377    34%     0.0002      0/2264         0     0.0025       0
      primary samples 3, productive 2 (66.7%), vertices/sample 5.000
      qp 295.2 rows/call, 96% of calls reached the solver, 2891 calls

bookshelf_tall  (4 problems, 0 skipped: 0 clearance, 0 self-collision)
  rrtconnect    4/4       7.72/26.83/38.16         3203       18    11.12        -      -     0.0012      0/2299         0     0.0025       0
      primary samples 45, productive 13 (28.9%), vertices/sample 0.400
  qp-fixed      4/4       9.92/47.63/67.84         2064       23     9.76   0.0137     0%     0.0001      0/3045         0     0.0007       0
      primary samples 6, productive 6 (100.0%), vertices/sample 6.000
      qp 273.5 rows/call, 79% of calls reached the solver, 6427 calls
  qp-plain      4/4      10.28/47.69/70.32         2064       23     9.76   0.0137     0%     0.0001      0/3045         0     0.0007       0
      primary samples 6, productive 6 (100.0%), vertices/sample 6.000
      qp 343.0 rows/call, 100% of calls reached the solver, 6427 calls
  qp-adapt      4/4       2.69/32.75/44.97         1353       24     9.78   0.0395    63%     0.0001      0/2662         0     0.0007       0
      primary samples 6, productive 6 (100.0%), vertices/sample 6.000
      qp 305.6 rows/call, 94% of calls reached the solver, 3775 calls
  qp-free       4/4      28.43/39.30/101.35        3204       16    12.88   0.0063     0%     0.0032      0/3791         0     0.0025       0
      primary samples 19, productive 9 (47.4%), vertices/sample 1.000
  free-env      4/4       8.22/16.50/27.94          528       30    15.20   0.0874    96%     0.0005      0/2873         0     0.0016       0
      primary samples 63, productive 23 (36.5%), vertices/sample 0.540
  qp-env        4/4       1.06/15.13/29.87          573       23     9.86   0.0929    68%     0.0001      0/2369         0     0.0006       0
      primary samples 6, productive 6 (100.0%), vertices/sample 6.000
      qp 304.1 rows/call, 96% of calls reached the solver, 2052 calls

bookshelf_thin  (4 problems, 0 skipped: 0 clearance, 0 self-collision)
  rrtconnect    4/4       8.70/69.62/95.64         6693       34    14.00        -      -     0.0059      0/2542         0     0.0025       0
      primary samples 154, productive 30 (19.5%), vertices/sample 0.481
  qp-fixed      4/4       9.38/45.13/51.38         1669       14    10.69   0.0151     0%     0.0008      0/2828         0     0.0009       0
      primary samples 7, productive 5 (71.4%), vertices/sample 5.000
      qp 279.1 rows/call, 58% of calls reached the solver, 4493 calls
  qp-plain      4/4       9.60/43.69/52.71         1669       14    10.69   0.0151     0%     0.0008      0/2828         0     0.0009       0
      primary samples 7, productive 5 (71.4%), vertices/sample 5.000
      qp 343.0 rows/call, 100% of calls reached the solver, 4493 calls
  qp-adapt      4/4       2.37/23.23/26.28          845       14    10.70   0.0361    47%     0.0008      0/2426         0     0.0009       0
      primary samples 7, productive 5 (71.4%), vertices/sample 5.000
      qp 289.0 rows/call, 86% of calls reached the solver, 2046 calls
  qp-free       4/4       9.98/226.45/452.54       15683       48    13.95   0.0050     0%     0.0029      0/4475         0     0.0019       0
      primary samples 111, productive 37 (33.3%), vertices/sample 0.564
  free-env      4/4       1.66/17.50/68.65          408       32    13.97   0.1049    99%     0.0031      0/2537         0     0.0025       0
      primary samples 56, productive 21 (37.5%), vertices/sample 0.571
  qp-env        4/4       0.92/14.86/16.33          510       15    11.20   0.0652    28%     0.0002      0/2278         0     0.0007       0
      primary samples 6, productive 5 (83.3%), vertices/sample 5.000
      qp 287.3 rows/call, 94% of calls reached the solver, 1168 calls

box  (4 problems, 0 skipped: 0 clearance, 0 self-collision)
  rrtconnect    4/4       2.98/22.34/31.13         5814       31    20.05        -      -     0.0157      0/2821         0     0.0025       0
      primary samples 86, productive 26 (30.2%), vertices/sample 0.360
  qp-fixed      4/4       5.35/17.50/18.35         1203       13    13.34   0.0124     0%     0.0007      0/3451         0     0.0025       0
      primary samples 3, productive 3 (100.0%), vertices/sample 4.667
      qp 280.9 rows/call, 88% of calls reached the solver, 4072 calls
  qp-plain      4/4       5.76/16.51/18.16         1203       13    13.34   0.0124     0%     0.0007      0/3451         0     0.0025       0
      primary samples 3, productive 3 (100.0%), vertices/sample 4.667
      qp 343.0 rows/call, 100% of calls reached the solver, 4072 calls
  qp-adapt      4/4       1.15/9.12/9.69           624       13    13.35   0.0238    53%     0.0007      0/2828         0     0.0025       0
      primary samples 3, productive 3 (100.0%), vertices/sample 4.667
      qp 282.0 rows/call, 97% of calls reached the solver, 1907 calls
  qp-free       4/4      37.73/125.25/125.85       15152       42    16.96   0.0054     0%     0.0064      0/5529         0     0.0025       0
      primary samples 100, productive 34 (34.0%), vertices/sample 0.760
  free-env      4/4      13.10/14.01/23.12          776       57    18.27   0.0890    94%     0.0007      0/3818         0     0.0013       0
      primary samples 100, productive 45 (45.0%), vertices/sample 0.580
  qp-env        4/4       0.51/4.89/9.04           328       13    13.39   0.0534    58%     0.0005      0/2563         0     0.0025       0
      primary samples 3, productive 3 (100.0%), vertices/sample 4.333
      qp 281.8 rows/call, 97% of calls reached the solver, 1054 calls

cage  (4 problems, 0 skipped: 0 clearance, 0 self-collision)
  rrtconnect    4/4     370.69/596.78/618.43      152811      846    23.32        -      -     0.0007      0/4132         0     0.0008       0
      primary samples 5023, productive 842 (16.8%), vertices/sample 0.179
  qp-fixed      4/4      30.25/196.62/668.09       14600       81    27.63   0.0091     0%     0.0001      0/7932         0     0.0003       0
      primary samples 61, productive 42 (68.9%), vertices/sample 1.545
      qp 261.9 rows/call, 87% of calls reached the solver, 74643 calls
  qp-plain      4/4      31.07/201.02/670.81       14600       81    27.63   0.0091     0%     0.0001      0/7932         0     0.0003       0
      primary samples 61, productive 42 (68.9%), vertices/sample 1.545
      qp 343.0 rows/call, 100% of calls reached the solver, 74643 calls
  qp-adapt      4/4      14.87/129.31/476.60        9193       81    27.66   0.0144    29%     0.0001      0/6470         0     0.0003       0
      primary samples 61, productive 42 (68.9%), vertices/sample 1.545
      qp 270.3 rows/call, 98% of calls reached the solver, 49578 calls
  qp-free       4/4    1376.85/4450.34/4666.21     526653     1152    20.14   0.0038     0%     0.0011      0/7627         0     0.0025       0
      primary samples 4169, productive 1111 (26.6%), vertices/sample 0.283
  free-env      4/4     306.80/639.97/672.24       33666     1336    27.29   0.0633    91%     0.0001      0/5374         0     0.0025       0
      primary samples 4873, productive 1291 (26.5%), vertices/sample 0.292
  qp-env        4/4      11.41/97.06/143.62        6625       79    27.73   0.0203    24%     0.0001      0/5860         0     0.0011       0
      primary samples 61, productive 42 (68.9%), vertices/sample 1.576
      qp 265.1 rows/call, 99% of calls reached the solver, 21517 calls

table_pick  (5 problems, 0 skipped: 0 clearance, 0 self-collision)
  rrtconnect    5/5       5.10/9.22/33.98         1603       10     8.57        -      -     0.0024      0/2692         0     0.0025       0
      primary samples 14, productive 6 (42.9%), vertices/sample 0.611
  qp-fixed      5/5       6.40/9.93/11.86          658        6     7.95   0.0123     0%     0.0006      0/2993         0     0.0025       0
      primary samples 1, productive 1 (100.0%), vertices/sample 6.000
      qp 240.2 rows/call, 13% of calls reached the solver, 2988 calls
  qp-plain      5/5       8.03/10.92/13.60          658        6     7.95   0.0123     0%     0.0006      0/2993         0     0.0025       0
      primary samples 1, productive 1 (100.0%), vertices/sample 6.000
      qp 343.0 rows/call, 100% of calls reached the solver, 2988 calls
  qp-adapt      5/5       1.00/1.45/4.60            81        6     7.95   0.0947    73%     0.0006      0/2128         0     0.0025       0
      primary samples 1, productive 1 (100.0%), vertices/sample 6.000
      qp 279.1 rows/call, 60% of calls reached the solver, 527 calls
  qp-free       5/5       8.09/41.95/121.64        4081       20    18.27   0.0070     0%     0.0020      0/5519         0     0.0025       0
      primary samples 22, productive 12 (54.5%), vertices/sample 0.682
  free-env      5/5       1.03/5.97/16.75          199       14    14.83   0.1133    99%     0.0006      0/3409         0     0.0018       0
      primary samples 22, productive 10 (45.5%), vertices/sample 0.636
  qp-env        5/5       0.65/0.75/3.51            31        6     7.95   0.1898   100%     0.0006      0/2028         0     0.0025       0
      primary samples 1, productive 1 (100.0%), vertices/sample 6.000
      qp 273.9 rows/call, 62% of calls reached the solver, 305 calls

table_under_pick  (4 problems, 0 skipped: 0 clearance, 0 self-collision)
  rrtconnect    4/4       6.27/8.75/10.20         1549        9    12.91        -      -     0.0021      0/2426         0     0.0025       0
      primary samples 26, productive 5 (19.2%), vertices/sample 0.467
  qp-fixed      4/4       6.71/64.42/117.84        3660       24    15.89   0.0127     0%     0.0002      0/4180         0     0.0018       0
      primary samples 10, productive 9 (90.0%), vertices/sample 5.500
      qp 255.3 rows/call, 93% of calls reached the solver, 11652 calls
  qp-plain      4/4       7.08/68.23/116.78        3660       24    15.89   0.0127     0%     0.0002      0/4180         0     0.0018       0
      primary samples 10, productive 9 (90.0%), vertices/sample 5.500
      qp 343.0 rows/call, 100% of calls reached the solver, 11652 calls
  qp-adapt      4/4       1.39/44.99/91.97         2444       24    15.91   0.0499    61%     0.0002      0/3393         0     0.0016       0
      primary samples 10, productive 9 (90.0%), vertices/sample 5.500
      qp 287.0 rows/call, 98% of calls reached the solver, 7559 calls
  qp-free       4/4      21.56/66.98/81.93         6474       24    16.82   0.0049     0%     0.0011      0/4826         0     0.0025       0
      primary samples 39, productive 13 (33.3%), vertices/sample 0.578
  free-env      4/4       3.98/11.68/12.79          363       25    16.77   0.0917    98%     0.0004      0/2702         0     0.0025       0
      primary samples 39, productive 13 (33.3%), vertices/sample 0.578
  qp-env        4/4       0.89/29.96/70.15         1533       24    15.91   0.0768    56%     0.0002      0/3076         0     0.0014       0
      primary samples 10, productive 9 (90.0%), vertices/sample 5.500
      qp 287.6 rows/call, 99% of calls reached the solver, 5307 calls

Hop disposition -- what set the hop's length, median over problems.
  row         floored(<1 step)    at region   edge-limited
  qp-fixed            100.0%         0.0%           0.0%
  qp-plain            100.0%         0.0%           0.0%
  qp-adapt             54.2%        44.4%           1.8%
  qp-free             100.0%         0.0%           0.0%
  free-env              2.7%        83.2%          13.6%
  qp-env               66.3%        28.9%           3.2%

Endpoint clearance at zero margin -- min(start, goal) over all spheres.
  scene                     min    median       max affordable   problems by margin
  bookshelf_small        0.0021    0.0058    0.0069    0.0021   0:100% 0.02:  0% 0.04:  0% 0.06:  0% 0.09:  0%
  bookshelf_tall         0.0032    0.0055    0.0088    0.0032   0:100% 0.02:  0% 0.04:  0% 0.06:  0% 0.09:  0%
  bookshelf_thin         0.0059    0.0075    0.0109    0.0059   0:100% 0.02:  0% 0.04:  0% 0.06:  0% 0.09:  0%
  box                    0.0127    0.0127    0.0127    0.0127   0:100% 0.02:  0% 0.04:  0% 0.06:  0% 0.09:  0%
  cage                   0.0127    0.0127    0.0127    0.0127   0:100% 0.02:  0% 0.04:  0% 0.06:  0% 0.09:  0%
  table_pick             0.0077    0.0081    0.0083    0.0077   0:100% 0.02:  0% 0.04:  0% 0.06:  0% 0.09:  0%
  table_under_pick       0.0076    0.0079    0.0082    0.0076   0:100% 0.02:  0% 0.04:  0% 0.06:  0% 0.09:  0%

all scenes  (29 problems, 0 skipped: 0 clearance, 0 self-collision)
  rrtconnect   29/29      2.98/14.83/618.43        3203       18    14.00        -      -     0.0001      0/20004        0     0.0007       0
      primary samples 44, productive 13 (29.5%), vertices/sample 0.360
  qp-fixed     29/29      4.26/16.66/668.09        1188       11     9.76   0.0122     0%     0.0001      0/27368        0     0.0003       0
      primary samples 3, productive 2 (66.7%), vertices/sample 4.667
      qp 260.9 rows/call, 58% of calls reached the solver, 115063 calls
  qp-plain     29/29      5.76/16.51/670.81        1188       11     9.76   0.0122     0%     0.0001      0/27368        0     0.0003       0
      primary samples 3, productive 2 (66.7%), vertices/sample 4.667
      qp 343.0 rows/call, 100% of calls reached the solver, 115063 calls
  qp-adapt     29/29      1.00/8.96/476.60         583       11     9.78   0.0244    45%     0.0001      0/22288        0     0.0003       0
      primary samples 3, productive 2 (66.7%), vertices/sample 4.667
      qp 274.8 rows/call, 87% of calls reached the solver, 72919 calls
  qp-free      29/29      8.09/77.88/4666.21       7790       27    14.56   0.0052     0%     0.0010      0/36301        0     0.0019       0
      primary samples 45, productive 20 (44.4%), vertices/sample 0.540
  free-env     29/29      1.03/13.34/672.24         440       29    15.49   0.0874    96%     0.0001      0/23145        0     0.0013       0
      primary samples 56, productive 21 (37.5%), vertices/sample 0.519
  qp-env       29/29      0.51/4.42/143.62         281       11     9.86   0.0472    34%     0.0001      0/20438        0     0.0006       0
      primary samples 3, productive 2 (66.7%), vertices/sample 4.333
      qp 275.2 rows/call, 94% of calls reached the solver, 34294 calls

"samples" is checked configurations for isSafe, barrier evaluations for
the three CBF rows, and SIMD configuration lanes evaluated for VAMP. They measure
sampling work, while wall time captures the very different per-sample costs.
"unsafe/audited" evaluates exact primitive clearance at every state of the
densified solution -- for each CBF row that is the rollout the planner recorded
for each edge, replayed, so it is the motion that would actually be executed,
sampled inside each step rather than only at its boundaries. Non-zero unsafe
invalidates a row however fast it was.
"missed" counts solution edges that were not on file and had to be
re-derived; it must be zero, or the audited motion is a different trajectory
from the one the planner found.


envelope hop: 8543 filter calls, 1.222 hold queries/call, 16.4% saturated, 100.0% longer than L1, past one step 94.9% (L1 alone 55.8%), gated 75.1%, empty-active 0.0%, screen-escalated 2.2%
envelope bottleneck: world 97.5%, self-collision 2.3%, unbound 0.1% (horizon or screen clip), blocked 0.0%, joint-limit clamped 0.0%
envelope binding term:
  world rows       L1 0.0%, local-L1 0.9%, speed-capped 3.0%, isotropic-anchored 96.1% (of 8333 bound calls)
  self-pair rows   L1 0.0%, local-L1 0.0%, speed-capped 0.0%, normal-anchored 100.0% (of 200 bound calls)
local-lever screen: 497065 of 800509 expensive world rows settled before the envelope (62.1%)
span handed to the rollout, in controller steps (34293 calls):
                   <1      1-2      2-4      4-8       8+
  L1 only      86.10%     7.13%     3.67%     1.64%     1.46%
  envelope     76.35%     5.12%     7.56%     5.58%     5.40%
=== CBF profiler (wall time) ===
=== CBF filter stats ===
  calls=0  unchanged=0 (0.0%)  filtered=0 (0.0%)  blocked=0 (0.0%)
  active rows:       avg=0.00  max=0
  zero-row fast path: 0 (0.0%)
  qp iterations:     avg=0.00  max=0
  certified duration: avg=0.00000s  min=0.00000s  max=0.00000s  (over 0 non-blocked calls)
  required gain:     avg=0.000/s  max=0.000/s  p50=0.000/s  p90=0.000/s  p99=0.000/s  (over 0 calls, 0 uncertified)
