
MotionBenchMaker UR5, 689 problems loaded, up to 100 per scene
voxel 0.003 m, margin 0.0000 m + 0.0000 m filter buffer, stepSize 0.001 s, range 2.00 rad, 10.0 s limit

hop certificates: old L1 Lipschitz region and new hold-time bound
Picard: off; trajectory prefixes: 0; sequential rollout budget: 10000 calls
kappa 20.00 /s, certified step uncapped, self-collision margin 0.0000 m over 303 pairs
baseline segment: 0.000650 of extent = 0.0100 rad, rollout step 0.0100 rad (matched to the rollout)
rope shortcut off, all rows unsimplified

seed 1
  planner       solved ms(min/med/max)        samples vertices     path rad/call coarse  worst clr unsafe/audited missed worst self collide

bookshelf_small  (4 problems, 0 skipped: 0 clearance, 0 self-collision)
  rrtconnect    4/4       2.33/41.51/69.07         9919       49    18.30        -      -     0.0028      0/3099         0     0.0018       0
      primary samples 202, productive 45 (22.3%), vertices/sample 0.333
  qp-fixed      4/4       3.61/8.57/26.34          868       10     9.09   0.0128     0%    -0.0091    139/3454         0     0.0000       0
      primary samples 1, productive 1 (100.0%), vertices/sample 9.000
      qp 282.3 rows/call, 84% of calls reached the solver, 4666 calls
  qp-plain      4/4       4.14/9.30/27.68          868       10     9.09   0.0128     0%    -0.0091    139/3454         0     0.0000       0
      primary samples 1, productive 1 (100.0%), vertices/sample 9.000
      qp 343.0 rows/call, 100% of calls reached the solver, 4666 calls
  qp-adapt      4/4       0.43/6.63/18.28          569       13    12.30   0.0218    43%    -0.0103    160/3068         0     0.0000       0
      primary samples 2, productive 2 (100.0%), vertices/sample 6.500
      qp 292.4 rows/call, 93% of calls reached the solver, 2789 calls
  qp-free       4/4       4.28/74.99/397.18        9182       25    18.48   0.0047     0%     0.0005      0/5401         0     0.0023       0
      primary samples 51, productive 19 (37.3%), vertices/sample 0.512
  free-env      4/4       0.57/8.52/10.44          420       20    12.47   0.0958    97%     0.0015      0/2658         0     0.0025       0
      primary samples 42, productive 14 (33.3%), vertices/sample 0.500
  qp-env        4/4       0.29/3.89/13.88          309       11    12.36   0.0418    39%    -0.0045     49/2923         0     0.0000       0
      primary samples 2, productive 2 (100.0%), vertices/sample 5.000
      qp 293.4 rows/call, 96% of calls reached the solver, 1832 calls

bookshelf_tall  (4 problems, 0 skipped: 0 clearance, 0 self-collision)
  rrtconnect    4/4       7.04/20.83/21.93         2802       16    13.91        -      -     0.0014      0/2634         0     0.0003       0
      primary samples 35, productive 11 (31.4%), vertices/sample 0.429
  qp-fixed      4/4      10.02/90.15/131.53        6278       42    20.54   0.0111     0%    -0.0000     55/5340         0     0.0000       0
      primary samples 18, productive 14 (77.8%), vertices/sample 4.000
      qp 290.8 rows/call, 92% of calls reached the solver, 18096 calls
  qp-plain      4/4       9.28/88.70/137.11        6278       42    20.54   0.0111     0%    -0.0000     55/5340         0     0.0000       0
      primary samples 18, productive 14 (77.8%), vertices/sample 4.000
      qp 343.0 rows/call, 100% of calls reached the solver, 18096 calls
  qp-adapt      4/4       5.17/15.42/108.18        1042       20    13.16   0.0190    43%    -0.0000     54/3870         0     0.0000       0
      primary samples 5, productive 5 (100.0%), vertices/sample 7.000
      qp 294.0 rows/call, 96% of calls reached the solver, 9722 calls
  qp-free       4/4      51.94/87.16/365.66        7601       20    15.87   0.0057     0%     0.0014      0/5704         0     0.0021       0
      primary samples 56, productive 16 (28.6%), vertices/sample 0.593
  free-env      4/4       5.57/16.68/47.28          541       20    15.50   0.1058    98%     0.0000      0/3146         0     0.0000       0
      primary samples 56, productive 16 (28.6%), vertices/sample 0.692
  qp-env        4/4       2.43/7.93/75.24          490       18    13.20   0.0477    34%    -0.0000     42/3268         0     0.0000       0
      primary samples 5, productive 5 (100.0%), vertices/sample 7.000
      qp 298.3 rows/call, 97% of calls reached the solver, 6167 calls

bookshelf_thin  (4 problems, 0 skipped: 0 clearance, 0 self-collision)
  rrtconnect    4/4      31.72/60.78/186.53        6097       31    17.10        -      -     0.0047      0/2910         0     0.0002       0
      primary samples 114, productive 27 (23.7%), vertices/sample 0.361
  qp-fixed      4/4       8.10/12.50/60.38          748        7     6.94   0.0111     0%     0.0010      0/2586         0     0.0012       0
      primary samples 2, productive 2 (100.0%), vertices/sample 6.000
      qp 279.0 rows/call, 52% of calls reached the solver, 5439 calls
  qp-plain      4/4       8.66/12.12/60.38          748        7     6.94   0.0111     0%     0.0010      0/2586         0     0.0012       0
      primary samples 2, productive 2 (100.0%), vertices/sample 6.000
      qp 343.0 rows/call, 100% of calls reached the solver, 5439 calls
  qp-adapt      4/4       1.44/6.88/41.67          401        7     6.94   0.0310    62%     0.0013      0/1928         0     0.0012       0
      primary samples 2, productive 2 (100.0%), vertices/sample 6.000
      qp 297.0 rows/call, 90% of calls reached the solver, 2947 calls
  qp-free       4/4      43.12/166.33/180.96       11739       27    11.58   0.0058     0%     0.0052      0/4240         0     0.0025       0
      primary samples 79, productive 23 (29.1%), vertices/sample 0.481
  free-env      4/4       6.22/26.69/30.30          611       25    12.51   0.0998    99%     0.0027      0/2531         0     0.0025       0
      primary samples 79, productive 21 (26.6%), vertices/sample 0.463
  qp-env        4/4       0.52/4.39/28.25          258        7     6.99   0.1996    97%    -0.0013     14/1735         0     0.0024       0
      primary samples 2, productive 2 (100.0%), vertices/sample 6.000
      qp 298.4 rows/call, 94% of calls reached the solver, 1775 calls

box  (4 problems, 0 skipped: 0 clearance, 0 self-collision)
  rrtconnect    4/4       2.44/12.19/28.83         3256       18    13.97        -      -     0.0044      0/2384         0     0.0025       0
      primary samples 43, productive 15 (34.9%), vertices/sample 0.538
  qp-fixed      4/4       4.08/9.23/24.62          987        9     7.14   0.0137     0%     0.0018      0/2311         0     0.0025       0
      primary samples 3, productive 3 (100.0%), vertices/sample 6.000
      qp 250.7 rows/call, 74% of calls reached the solver, 4494 calls
  qp-plain      4/4       3.89/9.66/26.21          987        9     7.14   0.0137     0%     0.0018      0/2311         0     0.0025       0
      primary samples 3, productive 3 (100.0%), vertices/sample 6.000
      qp 343.0 rows/call, 100% of calls reached the solver, 4494 calls
  qp-adapt      4/4       0.78/5.54/12.55          549       10     7.14   0.0477    50%     0.0016      0/1855         0     0.0025       0
      primary samples 3, productive 3 (100.0%), vertices/sample 6.000
      qp 280.3 rows/call, 93% of calls reached the solver, 1951 calls
  qp-free       4/4       3.94/46.41/169.38        5917       31    14.75   0.0062     0%     0.0035      0/4972         0     0.0025       0
      primary samples 31, productive 18 (58.1%), vertices/sample 1.000
  free-env      4/4       0.61/5.22/24.72          251       22    15.05   0.1110    98%     0.0005      0/3162         0     0.0006       0
      primary samples 30, productive 12 (40.0%), vertices/sample 1.364
  qp-env        4/4       0.43/3.29/6.16           312        9     7.10   0.0814    50%     0.0008      0/1656         0     0.0025       0
      primary samples 3, productive 3 (100.0%), vertices/sample 5.000
      qp 281.6 rows/call, 93% of calls reached the solver, 943 calls

cage  (4 problems, 0 skipped: 0 clearance, 0 self-collision)
  rrtconnect    4/4     281.42/428.49/1556.46     110787      625    28.51        -      -     0.0014      0/4785         0     0.0025       0
      primary samples 3572, productive 622 (17.4%), vertices/sample 0.179
  qp-fixed      4/4      74.21/326.70/344.48       28275      135    24.23   0.0088     0%    -0.0082    138/7326         0     0.0025       0
      primary samples 111, productive 77 (69.4%), vertices/sample 1.519
      qp 275.7 rows/call, 89% of calls reached the solver, 82993 calls
  qp-plain      4/4      73.65/304.39/351.00       28275      135    24.23   0.0088     0%    -0.0082    138/7326         0     0.0025       0
      primary samples 111, productive 77 (69.4%), vertices/sample 1.519
      qp 343.0 rows/call, 100% of calls reached the solver, 82993 calls
  qp-adapt      4/4      43.74/234.04/267.08       19182      135    24.25   0.0138    32%    -0.0084    136/5997         0     0.0025       0
      primary samples 111, productive 77 (69.4%), vertices/sample 1.519
      qp 276.2 rows/call, 98% of calls reached the solver, 55257 calls
  qp-free       4/4    1432.89/3197.47/4123.68     409294      946    33.07   0.0038     0%     0.0010      0/12498        0     0.0018       0
      primary samples 3275, productive 909 (27.8%), vertices/sample 0.299
  free-env      4/4     182.82/258.11/337.48       13558      547    27.98   0.0675    93%     0.0000      0/5160         0     0.0009       0
      primary samples 1882, productive 521 (27.7%), vertices/sample 0.297
  qp-env        4/4      32.85/155.15/203.51       13144      133    24.25   0.0187    28%     0.0000      0/5367         0     0.0025       0
      primary samples 111, productive 75 (67.6%), vertices/sample 1.538
      qp 273.1 rows/call, 99% of calls reached the solver, 41025 calls

table_pick  (5 problems, 0 skipped: 0 clearance, 0 self-collision)
  rrtconnect    5/5       2.94/5.96/27.83         1054        8    10.01        -      -     0.0001      0/2618         0     0.0016       0
      primary samples 6, productive 2 (33.3%), vertices/sample 1.333
  qp-fixed      5/5       3.15/6.64/10.46          642        7     8.16   0.0127     0%     0.0006      0/3246         0     0.0025       0
      primary samples 1, productive 1 (100.0%), vertices/sample 7.000
      qp 228.6 rows/call, 19% of calls reached the solver, 3241 calls
  qp-plain      5/5       3.47/7.19/11.33          642        7     8.16   0.0127     0%     0.0006      0/3246         0     0.0025       0
      primary samples 1, productive 1 (100.0%), vertices/sample 7.000
      qp 343.0 rows/call, 100% of calls reached the solver, 3241 calls
  qp-adapt      5/5       0.45/1.08/6.19            79        7     8.16   0.1006    64%     0.0006      0/2360         0     0.0025       0
      primary samples 1, productive 1 (100.0%), vertices/sample 7.000
      qp 267.3 rows/call, 67% of calls reached the solver, 781 calls
  qp-free       5/5       9.14/17.14/123.47        1740       13     9.49   0.0068     0%     0.0014      0/3815         0     0.0025       0
      primary samples 10, productive 6 (60.0%), vertices/sample 1.300
  free-env      5/5       0.77/1.90/12.12           69        9    10.21   0.1494    98%     0.0007      0/2611         0     0.0014       0
      primary samples 6, productive 3 (50.0%), vertices/sample 1.500
  qp-env        5/5       0.36/0.54/4.48            37        7     8.43   0.2388    91%     0.0006      0/2338         0     0.0025       0
      primary samples 1, productive 1 (100.0%), vertices/sample 6.500
      qp 264.8 rows/call, 58% of calls reached the solver, 477 calls

table_under_pick  (4 problems, 0 skipped: 0 clearance, 0 self-collision)
  rrtconnect    4/4      11.36/18.97/28.16         3331       19    17.03        -      -     0.0005      0/3449         0     0.0015       0
      primary samples 58, productive 15 (25.9%), vertices/sample 0.328
  qp-fixed      4/4      12.64/92.30/116.73        7316       44    17.38   0.0098     0%     0.0003      0/5434         0     0.0008       0
      primary samples 20, productive 19 (95.0%), vertices/sample 2.200
      qp 273.5 rows/call, 93% of calls reached the solver, 21840 calls
  qp-plain      4/4      12.56/89.76/112.75        7316       44    17.38   0.0098     0%     0.0003      0/5434         0     0.0008       0
      primary samples 20, productive 19 (95.0%), vertices/sample 2.200
      qp 343.0 rows/call, 100% of calls reached the solver, 21840 calls
  qp-adapt      4/4       7.92/66.50/83.77         4942       43    17.42   0.0156    32%     0.0002      0/4562         0     0.0008       0
      primary samples 20, productive 19 (95.0%), vertices/sample 2.150
      qp 281.6 rows/call, 97% of calls reached the solver, 14315 calls
  qp-free       4/4      48.76/75.64/92.35         7636       25    17.01   0.0052     0%     0.0010      0/6533         0     0.0019       0
      primary samples 60, productive 16 (26.7%), vertices/sample 0.460
  free-env      4/4       6.86/14.37/15.65          544       29    17.21   0.0989    98%     0.0006      0/3524         0     0.0000       0
      primary samples 73, productive 22 (30.1%), vertices/sample 0.537
  qp-env        4/4       5.23/40.48/65.59         2986       44    17.48   0.0244    26%     0.0001      0/4262         0     0.0007       0
      primary samples 20, productive 19 (95.0%), vertices/sample 2.200
      qp 286.0 rows/call, 98% of calls reached the solver, 9961 calls

Hop disposition -- what set the hop's length, median over problems.
  row         floored(<1 step)    at region   edge-limited
  qp-fixed            100.0%         0.0%           0.0%
  qp-plain            100.0%         0.0%           0.0%
  qp-adapt             60.3%        38.8%           1.0%
  qp-free             100.0%         0.0%           0.0%
  free-env              2.0%        82.6%          13.9%
  qp-env               66.2%        29.6%           2.3%

Endpoint clearance at zero margin -- min(start, goal) over all spheres.
  scene                     min    median       max affordable   problems by margin
  bookshelf_small        0.0028    0.0057    0.0086    0.0028   0:100% 0.02:  0% 0.04:  0% 0.06:  0% 0.09:  0%
  bookshelf_tall         0.0032    0.0053    0.0073    0.0032   0:100% 0.02:  0% 0.04:  0% 0.06:  0% 0.09:  0%
  bookshelf_thin         0.0063    0.0079    0.0099    0.0063   0:100% 0.02:  0% 0.04:  0% 0.06:  0% 0.09:  0%
  box                    0.0127    0.0127    0.0127    0.0127   0:100% 0.02:  0% 0.04:  0% 0.06:  0% 0.09:  0%
  cage                   0.0127    0.0127    0.0127    0.0127   0:100% 0.02:  0% 0.04:  0% 0.06:  0% 0.09:  0%
  table_pick             0.0076    0.0079    0.0082    0.0076   0:100% 0.02:  0% 0.04:  0% 0.06:  0% 0.09:  0%
  table_under_pick       0.0076    0.0079    0.0082    0.0076   0:100% 0.02:  0% 0.04:  0% 0.06:  0% 0.09:  0%

all scenes  (29 problems, 0 skipped: 0 clearance, 0 self-collision)
  rrtconnect   29/29      2.33/20.83/1556.46       3135       17    15.13        -      -     0.0001      0/21879        0     0.0002       0
      primary samples 51, productive 13 (25.5%), vertices/sample 0.361
  qp-fixed     29/29      3.15/12.50/344.48         987       10     9.19   0.0109     0%    -0.0091    332/29697        0     0.0000       0
      primary samples 3, productive 3 (100.0%), vertices/sample 3.500
      qp 270.2 rows/call, 76% of calls reached the solver, 140769 calls
  qp-plain     29/29      3.47/12.12/351.00         987       10     9.19   0.0109     0%    -0.0091    332/29697        0     0.0000       0
      primary samples 3, productive 3 (100.0%), vertices/sample 3.500
      qp 343.0 rows/call, 100% of calls reached the solver, 140769 calls
  qp-adapt     29/29      0.43/6.88/267.08         569       12     9.43   0.0211    39%    -0.0103    350/23640        0     0.0000       0
      primary samples 2, productive 2 (100.0%), vertices/sample 4.000
      qp 276.2 rows/call, 93% of calls reached the solver, 87762 calls
  qp-free      29/29      3.94/75.64/4123.68       7601       25    15.87   0.0049     0%     0.0005      0/43163        0     0.0018       0
      primary samples 55, productive 18 (32.7%), vertices/sample 0.460
  free-env     29/29      0.57/11.61/337.48         420       24    13.54   0.0989    97%     0.0000      0/22792        0     0.0000       0
      primary samples 54, productive 18 (33.3%), vertices/sample 0.476
  qp-env       29/29      0.29/4.48/203.51         337       11    10.89   0.0380    34%    -0.0045    105/21549        0     0.0000       0
      primary samples 2, productive 2 (100.0%), vertices/sample 3.600
      qp 274.3 rows/call, 96% of calls reached the solver, 62180 calls

"samples" is checked configurations for isSafe, barrier evaluations for
the three CBF rows, and SIMD configuration lanes evaluated for VAMP. They measure
sampling work, while wall time captures the very different per-sample costs.
"unsafe/audited" evaluates exact primitive clearance at every state of the
densified solution -- for each CBF row that is the rollout the planner recorded
for each edge, replayed, so it is the motion that would actually be executed,
sampled inside each step rather than only at its boundaries. Non-zero unsafe
invalidates a row however fast it was.
"missed" counts solution edges that were not on file and had to be
re-derived; it must be zero, or the audited motion is a different trajectory
from the one the planner found.


envelope hop: 15716 filter calls, 1.208 hold queries/call, 16.2% saturated, 100.0% longer than L1, past one step 92.7% (L1 alone 51.5%), gated 74.7%, empty-active 0.0%, screen-escalated 1.2%
envelope bottleneck: world 98.1%, self-collision 1.9%, unbound 0.1% (horizon or screen clip), blocked 0.0%, joint-limit clamped 0.0%
envelope binding term:
  world rows       L1 0.0%, local-L1 0.3%, speed-capped 10.4%, isotropic-anchored 89.3% (of 15410 bound calls)
  self-pair rows   L1 0.0%, local-L1 0.0%, speed-capped 0.0%, normal-anchored 100.0% (of 294 bound calls)
local-lever screen: 296760 of 500824 expensive world rows settled before the envelope (59.3%)
span handed to the rollout, in controller steps (62180 calls):
                   <1      1-2      2-4      4-8       8+
  L1 only      86.98%     6.82%     3.48%     1.60%     1.12%
  envelope     76.57%     6.16%     7.25%     5.02%     5.00%
=== CBF profiler (wall time) ===
=== CBF filter stats ===
  calls=0  unchanged=0 (0.0%)  filtered=0 (0.0%)  blocked=0 (0.0%)
  active rows:       avg=0.00  max=0
  zero-row fast path: 0 (0.0%)
  qp iterations:     avg=0.00  max=0
  certified duration: avg=0.00000s  min=0.00000s  max=0.00000s  (over 0 non-blocked calls)
  required gain:     avg=0.000/s  max=0.000/s  p50=0.000/s  p90=0.000/s  p99=0.000/s  (over 0 calls, 0 uncertified)
