
MotionBenchMaker UR5, 689 problems loaded, up to 100 per scene
voxel 0.003 m, margin 0.0000 m + 0.0000 m filter buffer, stepSize 0.001 s, range 2.00 rad, 10.0 s limit

hop certificates: old L1 Lipschitz region and new hold-time bound
Picard: off; trajectory prefixes: 0; sequential rollout budget: 10000 calls
kappa 20.00 /s, certified step uncapped, self-collision margin 0.0000 m over 303 pairs
baseline segment: 0.000650 of extent = 0.0100 rad, rollout step 0.0100 rad (matched to the rollout)
rope shortcut off, all rows unsimplified

seed 1
  planner       solved ms(min/med/max)        samples vertices     path rad/call coarse  worst clr unsafe/audited missed worst self collide

bookshelf_small  (4 problems, 1 skipped: 0 clearance, 1 self-collision)
  rrtconnect    3/3       2.64/9.25/120.64        1956       12    14.89        -      -     0.0006      0/2010         0     0.0012       0
      primary samples 15, productive 7 (46.7%), vertices/sample 0.800
  qp-fixed      3/3       6.74/7.32/17.70          529        6     6.63   0.0124     0%     0.0014      0/1890         0     0.0025       0
      primary samples 1, productive 1 (100.0%), vertices/sample 6.000
      qp 268.9 rows/call, 39% of calls reached the solver, 2168 calls
  qp-plain      3/3       7.28/7.61/17.44          529        6     6.63   0.0124     0%     0.0014      0/1890         0     0.0025       0
      primary samples 1, productive 1 (100.0%), vertices/sample 6.000
      qp 343.0 rows/call, 100% of calls reached the solver, 2168 calls
  qp-adapt      3/3       2.35/2.53/11.57          172        6     6.63   0.0377    43%     0.0014      0/1494         0     0.0025       0
      primary samples 1, productive 1 (100.0%), vertices/sample 6.000
      qp 276.2 rows/call, 82% of calls reached the solver, 990 calls
  qp-free       3/3       8.09/32.44/947.77        3667       22    14.06   0.0068     0%     0.0017      0/4488         0     0.0011       0
      primary samples 20, productive 12 (60.0%), vertices/sample 1.100
  free-env      3/3       0.93/3.50/56.67          159       14    15.71   0.1295    95%     0.0002      0/2142         0     0.0002       0
      primary samples 15, productive 8 (53.3%), vertices/sample 0.933
  qp-env        3/3       0.47/0.93/6.23            49        6     6.63   0.1354    65%     0.0015      0/1265         0     0.0025       0
      primary samples 1, productive 1 (100.0%), vertices/sample 6.000
      qp 283.3 rows/call, 73% of calls reached the solver, 404 calls

bookshelf_tall  (4 problems, 0 skipped: 0 clearance, 0 self-collision)
  rrtconnect    4/4      19.67/171.58/212.13       20285      100    18.12        -      -     0.0031      0/3475         0     0.0002       0
      primary samples 476, productive 97 (20.4%), vertices/sample 0.275
  qp-fixed      4/4      11.38/26.31/94.30         1255       15    11.49   0.0128     0%     0.0004      0/3232         0     0.0005       0
      primary samples 3, productive 3 (100.0%), vertices/sample 6.000
      qp 272.8 rows/call, 64% of calls reached the solver, 6722 calls
  qp-plain      4/4      11.61/26.71/97.43         1255       15    11.49   0.0128     0%     0.0004      0/3232         0     0.0005       0
      primary samples 3, productive 3 (100.0%), vertices/sample 6.000
      qp 343.0 rows/call, 100% of calls reached the solver, 6722 calls
  qp-adapt      4/4       2.66/9.48/61.98          426       14    11.49   0.0610    83%     0.0004      0/2563         0     0.0005       0
      primary samples 3, productive 3 (100.0%), vertices/sample 6.000
      qp 310.5 rows/call, 89% of calls reached the solver, 3312 calls
  qp-free       4/4      33.75/190.22/447.32       15127       52    20.55   0.0058     0%     0.0005      0/7039         0     0.0001       0
      primary samples 118, productive 48 (40.7%), vertices/sample 0.441
  free-env      4/4      19.35/28.30/64.13          805       54    21.90   0.0916    97%     0.0021      0/4069         0     0.0000       0
      primary samples 133, productive 47 (35.3%), vertices/sample 0.406
  qp-env        4/4       0.96/4.57/51.23          174       13    11.56   0.1426    81%     0.0004      0/2331         0     0.0005       0
      primary samples 3, productive 3 (100.0%), vertices/sample 6.000
      qp 308.9 rows/call, 90% of calls reached the solver, 2382 calls

bookshelf_thin  (4 problems, 0 skipped: 0 clearance, 0 self-collision)
  rrtconnect    4/4     147.87/222.27/466.90       21219      107    20.61        -      -     0.0044      0/3361         0     0.0002       0
      primary samples 478, productive 103 (21.5%), vertices/sample 0.232
  qp-fixed      4/4      13.99/36.79/104.84        1358       14    12.25   0.0121     0%     0.0000      0/2976         0     0.0004       0
      primary samples 4, productive 4 (100.0%), vertices/sample 3.500
      qp 288.1 rows/call, 63% of calls reached the solver, 6634 calls
  qp-plain      4/4      14.08/37.21/106.35        1358       14    12.25   0.0121     0%     0.0000      0/2976         0     0.0004       0
      primary samples 4, productive 4 (100.0%), vertices/sample 3.500
      qp 343.0 rows/call, 100% of calls reached the solver, 6634 calls
  qp-adapt      4/4       6.09/18.84/83.53          671       14    12.29   0.0244    41%     0.0000      0/2542         0     0.0005       0
      primary samples 4, productive 4 (100.0%), vertices/sample 3.500
      qp 291.0 rows/call, 94% of calls reached the solver, 4257 calls
  qp-free       4/4     134.81/597.83/1892.91      40944       94    18.21   0.0049     0%     0.0009      0/6458         0     0.0010       0
      primary samples 294, productive 87 (29.6%), vertices/sample 0.475
  free-env      4/4      17.39/77.05/299.85        1775       91    26.15   0.1134    96%     0.0006      0/4682         0     0.0000       0
      primary samples 281, productive 82 (29.2%), vertices/sample 0.458
  qp-env        4/4       2.29/10.62/69.44          365       12    12.22   0.0779    70%     0.0000      0/2230         0     0.0004       0
      primary samples 4, productive 4 (100.0%), vertices/sample 3.000
      qp 294.8 rows/call, 92% of calls reached the solver, 2948 calls

box  (4 problems, 0 skipped: 0 clearance, 0 self-collision)
  rrtconnect    4/4       7.35/23.84/25.57         4786       26    10.94        -      -     0.0205      0/2021         0     0.0025       0
      primary samples 56, productive 22 (39.3%), vertices/sample 0.812
  qp-fixed      4/4       5.47/7.96/16.19          537        7     7.22   0.0134     0%     0.0018      0/2237         0     0.0025       0
      primary samples 1, productive 1 (100.0%), vertices/sample 6.000
      qp 259.7 rows/call, 57% of calls reached the solver, 2758 calls
  qp-plain      4/4       6.02/8.87/17.33          537        7     7.22   0.0134     0%     0.0018      0/2237         0     0.0025       0
      primary samples 1, productive 1 (100.0%), vertices/sample 6.000
      qp 343.0 rows/call, 100% of calls reached the solver, 2758 calls
  qp-adapt      4/4       1.26/5.99/6.78           240        7     7.21   0.0515    64%     0.0018      0/1694         0     0.0025       0
      primary samples 1, productive 1 (100.0%), vertices/sample 6.000
      qp 271.8 rows/call, 88% of calls reached the solver, 865 calls
  qp-free       4/4      17.46/49.50/193.85        5727       23    17.90   0.0064     0%     0.0045      0/5993         0     0.0025       0
      primary samples 29, productive 17 (58.6%), vertices/sample 1.000
  free-env      4/4       2.78/6.75/7.05           292       26    13.48   0.1250    98%     0.0001      0/2894         0     0.0025       0
      primary samples 29, productive 18 (62.1%), vertices/sample 1.062
  qp-env        4/4       0.79/1.47/3.71            71        7     7.19   0.1013    72%     0.0018      0/1533         0     0.0025       0
      primary samples 1, productive 1 (100.0%), vertices/sample 6.000
      qp 268.2 rows/call, 86% of calls reached the solver, 406 calls

cage  (4 problems, 0 skipped: 0 clearance, 0 self-collision)
  rrtconnect    4/4     154.74/460.67/851.69      106001      598    22.32        -      -     0.0017      0/4073         0     0.0025       0
      primary samples 3369, productive 592 (17.6%), vertices/sample 0.178
  qp-fixed      4/4     154.56/203.35/261.79       14533       75    22.86   0.0089     0%     0.0000      0/7674         0     0.0005       0
      primary samples 55, productive 40 (72.7%), vertices/sample 1.500
      qp 269.5 rows/call, 86% of calls reached the solver, 56070 calls
  qp-plain      4/4     157.13/211.51/270.25       14533       75    22.86   0.0089     0%     0.0000      0/7674         0     0.0005       0
      primary samples 55, productive 40 (72.7%), vertices/sample 1.500
      qp 343.0 rows/call, 100% of calls reached the solver, 56070 calls
  qp-adapt      4/4      91.46/174.63/226.66       10880       95    25.27   0.0148    33%     0.0000      0/6664         0     0.0001       0
      primary samples 69, productive 50 (72.5%), vertices/sample 1.377
      qp 270.3 rows/call, 97% of calls reached the solver, 41861 calls
  qp-free       4/4    1766.36/3125.75/3393.16     371845      807    23.89   0.0037     0%     0.0004      0/9685         0     0.0025       0
      primary samples 2892, productive 782 (27.0%), vertices/sample 0.286
  free-env      4/4      65.95/234.79/666.92       11709      408    16.29   0.0677    93%     0.0002      0/3768         0     0.0025       0
      primary samples 1399, productive 380 (27.2%), vertices/sample 0.294
  qp-env        4/4      63.02/124.17/163.78        7663       94    25.34   0.0211    28%     0.0000      0/5802         0     0.0001       0
      primary samples 69, productive 50 (72.5%), vertices/sample 1.362
      qp 270.9 rows/call, 98% of calls reached the solver, 29089 calls

table_pick  (4 problems, 0 skipped: 0 clearance, 0 self-collision)
  rrtconnect    4/4       7.34/19.96/31.64         3265       18    12.29        -      -     0.0017      0/2482         0     0.0025       0
      primary samples 42, productive 14 (33.3%), vertices/sample 0.600
  qp-fixed      4/4       6.72/8.86/45.69          567        6     6.53   0.0119     0%     0.0003      0/2734         0     0.0025       0
      primary samples 1, productive 1 (100.0%), vertices/sample 6.000
      qp 262.7 rows/call, 29% of calls reached the solver, 3934 calls
  qp-plain      4/4       7.06/10.08/46.75          567        6     6.53   0.0119     0%     0.0003      0/2734         0     0.0025       0
      primary samples 1, productive 1 (100.0%), vertices/sample 6.000
      qp 343.0 rows/call, 100% of calls reached the solver, 3934 calls
  qp-adapt      4/4       1.10/2.18/28.53          106        6     6.54   0.0583    70%     0.0003      0/2156         0     0.0025       0
      primary samples 1, productive 1 (100.0%), vertices/sample 6.000
      qp 289.8 rows/call, 76% of calls reached the solver, 1767 calls
  qp-free       4/4      14.52/103.63/133.53       10107       30    12.93   0.0057     0%     0.0017      0/3695         0     0.0025       0
      primary samples 68, productive 23 (33.8%), vertices/sample 0.548
  free-env      4/4       2.10/18.77/21.76          645       35    14.49   0.1057    98%     0.0006      0/2151         0     0.0025       0
      primary samples 78, productive 30 (38.5%), vertices/sample 0.619
  qp-env        4/4       0.70/1.13/15.79           47        6     6.54   0.1318    87%     0.0002      0/1943         0     0.0025       0
      primary samples 1, productive 1 (100.0%), vertices/sample 6.000
      qp 290.2 rows/call, 79% of calls reached the solver, 869 calls

table_under_pick  (4 problems, 0 skipped: 0 clearance, 0 self-collision)
  rrtconnect    4/4       5.23/18.24/21.44         2987       17    12.33        -      -     0.0001      0/2254         0     0.0025       0
      primary samples 81, productive 12 (14.8%), vertices/sample 0.210
  qp-fixed      4/4      30.55/43.36/87.01         2562       20    13.19   0.0109     0%     0.0001      0/4329         0     0.0001       0
      primary samples 6, productive 5 (83.3%), vertices/sample 3.250
      qp 268.1 rows/call, 76% of calls reached the solver, 10873 calls
  qp-plain      4/4      31.39/44.87/85.61         2562       20    13.19   0.0109     0%     0.0001      0/4329         0     0.0001       0
      primary samples 6, productive 5 (83.3%), vertices/sample 3.250
      qp 343.0 rows/call, 100% of calls reached the solver, 10873 calls
  qp-adapt      4/4      17.13/20.51/66.79         1104       20    13.20   0.0208    34%     0.0001      0/3623         0     0.0001       0
      primary samples 6, productive 5 (83.3%), vertices/sample 3.250
      qp 289.0 rows/call, 94% of calls reached the solver, 6503 calls
  qp-free       4/4      24.18/58.40/121.16        5835       21    16.11   0.0054     0%     0.0027      0/5483         0     0.0006       0
      primary samples 35, productive 16 (45.7%), vertices/sample 0.600
  free-env      4/4       2.74/10.26/16.11          416       17    16.96   0.0800    98%     0.0002      0/3234         0     0.0001       0
      primary samples 35, productive 13 (37.1%), vertices/sample 0.629
  qp-env        4/4       6.60/13.63/51.84          703       20    13.20   0.0491    37%     0.0000      0/3149         0     0.0025       0
      primary samples 6, productive 5 (83.3%), vertices/sample 2.750
      qp 289.2 rows/call, 97% of calls reached the solver, 4112 calls

Hop disposition -- what set the hop's length, median over problems.
  row         floored(<1 step)    at region   edge-limited
  qp-fixed            100.0%         0.0%           0.0%
  qp-plain            100.0%         0.0%           0.0%
  qp-adapt             55.4%        42.5%           1.6%
  qp-free             100.0%         0.0%           0.0%
  free-env              1.7%        83.5%          13.5%
  qp-env               54.7%        41.5%           3.2%

Endpoint clearance at zero margin -- min(start, goal) over all spheres.
  scene                     min    median       max affordable   problems by margin
  bookshelf_small       -0.0009    0.0080    0.0100   -0.0009   0: 75% 0.02:  0% 0.04:  0% 0.06:  0% 0.09:  0%
  bookshelf_tall         0.0005    0.0039    0.0041    0.0005   0:100% 0.02:  0% 0.04:  0% 0.06:  0% 0.09:  0%
  bookshelf_thin         0.0079    0.0088    0.0108    0.0079   0:100% 0.02:  0% 0.04:  0% 0.06:  0% 0.09:  0%
  box                    0.0127    0.0127    0.0127    0.0127   0:100% 0.02:  0% 0.04:  0% 0.06:  0% 0.09:  0%
  cage                   0.0098    0.0127    0.0127    0.0098   0:100% 0.02:  0% 0.04:  0% 0.06:  0% 0.09:  0%
  table_pick             0.0074    0.0080    0.0081    0.0074   0:100% 0.02:  0% 0.04:  0% 0.06:  0% 0.09:  0%
  table_under_pick       0.0026    0.0082    0.0082    0.0026   0:100% 0.02:  0% 0.04:  0% 0.06:  0% 0.09:  0%

all scenes  (28 problems, 1 skipped: 0 clearance, 1 self-collision)
  rrtconnect   27/27      2.64/25.57/851.69        4786       26    12.99        -      -     0.0001      0/19676        0     0.0002       0
      primary samples 81, productive 22 (27.2%), vertices/sample 0.275
  qp-fixed     27/27      5.47/22.99/261.79        1255       10     9.98   0.0114     0%     0.0000      0/25072        0     0.0001       0
      primary samples 3, productive 3 (100.0%), vertices/sample 3.333
      qp 268.1 rows/call, 63% of calls reached the solver, 89159 calls
  qp-plain     27/27      6.02/25.58/270.25        1255       10     9.98   0.0114     0%     0.0000      0/25072        0     0.0001       0
      primary samples 3, productive 3 (100.0%), vertices/sample 3.333
      qp 343.0 rows/call, 100% of calls reached the solver, 89159 calls
  qp-adapt     27/27      1.10/11.57/226.66         443       10     9.99   0.0297    44%     0.0000      0/20736        0     0.0001       0
      primary samples 3, productive 3 (100.0%), vertices/sample 3.333
      qp 279.5 rows/call, 90% of calls reached the solver, 59555 calls
  qp-free      27/27      8.09/122.51/3393.16      10107       30    15.37   0.0050     0%     0.0004      0/42841        0     0.0001       0
      primary samples 73, productive 23 (31.5%), vertices/sample 0.475
  free-env     27/27      0.93/18.77/666.92         543       30    16.17   0.0916    96%     0.0001      0/22940        0     0.0000       0
      primary samples 76, productive 22 (28.9%), vertices/sample 0.455
  qp-env       27/27      0.47/4.57/163.78         232       10     9.68   0.0592    45%     0.0000      0/18253        0     0.0001       0
      primary samples 3, productive 3 (100.0%), vertices/sample 3.333
      qp 284.5 rows/call, 91% of calls reached the solver, 40210 calls

"samples" is checked configurations for isSafe, barrier evaluations for
the three CBF rows, and SIMD configuration lanes evaluated for VAMP. They measure
sampling work, while wall time captures the very different per-sample costs.
"unsafe/audited" evaluates exact primitive clearance at every state of the
densified solution -- for each CBF row that is the rollout the planner recorded
for each edge, replayed, so it is the motion that would actually be executed,
sampled inside each step rather than only at its boundaries. Non-zero unsafe
invalidates a row however fast it was.
"missed" counts solution edges that were not on file and had to be
re-derived; it must be zero, or the audited motion is a different trajectory
from the one the planner found.


envelope hop: 11242 filter calls, 1.210 hold queries/call, 16.2% saturated, 100.0% longer than L1, past one step 96.3% (L1 alone 58.0%), gated 72.0%, empty-active 0.0%, screen-escalated 1.4%
envelope bottleneck: world 98.0%, self-collision 1.9%, unbound 0.2% (horizon or screen clip), blocked 0.0%, joint-limit clamped 0.0%
envelope binding term:
  world rows       L1 0.0%, local-L1 0.7%, speed-capped 2.1%, isotropic-anchored 97.2% (of 11012 bound calls)
  self-pair rows   L1 0.0%, local-L1 0.0%, speed-capped 0.5%, normal-anchored 99.5% (of 212 bound calls)
local-lever screen: 317355 of 532554 expensive world rows settled before the envelope (59.6%)
span handed to the rollout, in controller steps (40209 calls):
                   <1      1-2      2-4      4-8       8+
  L1 only      83.78%     8.40%     4.54%     1.98%     1.30%
  envelope     73.07%     6.05%     8.53%     6.28%     6.06%
=== CBF profiler (wall time) ===
=== CBF filter stats ===
  calls=0  unchanged=0 (0.0%)  filtered=0 (0.0%)  blocked=0 (0.0%)
  active rows:       avg=0.00  max=0
  zero-row fast path: 0 (0.0%)
  qp iterations:     avg=0.00  max=0
  certified duration: avg=0.00000s  min=0.00000s  max=0.00000s  (over 0 non-blocked calls)
  required gain:     avg=0.000/s  max=0.000/s  p50=0.000/s  p90=0.000/s  p99=0.000/s  (over 0 calls, 0 uncertified)
