
MotionBenchMaker UR5, 689 problems loaded, up to 100 per scene
voxel 0.003 m, margin 0.0000 m + 0.0000 m filter buffer, stepSize 0.001 s, range 2.00 rad, 10.0 s limit

hop certificates: old L1 Lipschitz region and new hold-time bound
Picard: off; trajectory prefixes: 0; sequential rollout budget: 10000 calls
kappa 20.00 /s, certified step uncapped, self-collision margin 0.0000 m over 303 pairs
baseline segment: 0.000650 of extent = 0.0100 rad, rollout step 0.0100 rad (matched to the rollout)
rope shortcut off, all rows unsimplified

seed 1
  planner       solved ms(min/med/max)        samples vertices     path rad/call coarse  worst clr unsafe/audited missed worst self collide

bookshelf_small  (4 problems, 0 skipped: 0 clearance, 0 self-collision)
  rrtconnect    4/4       5.21/47.79/107.45       12118       59    16.37        -      -     0.0002      0/2949         0     0.0002       0
      primary samples 318, productive 55 (17.3%), vertices/sample 0.311
  qp-fixed      4/4       7.78/19.99/25.26         1801       15    11.14   0.0101     0%    -0.0053    219/3076         0     0.0025       0
      primary samples 5, productive 4 (80.0%), vertices/sample 3.600
      qp 294.4 rows/call, 71% of calls reached the solver, 6108 calls
  qp-plain      4/4       7.97/19.69/25.76         1801       15    11.14   0.0101     0%    -0.0053    219/3076         0     0.0025       0
      primary samples 5, productive 4 (80.0%), vertices/sample 3.600
      qp 343.0 rows/call, 100% of calls reached the solver, 6108 calls
  qp-adapt      4/4       4.00/15.28/16.55         1175       15    11.16   0.0230    37%    -0.0053    219/2513         0     0.0025       0
      primary samples 5, productive 4 (80.0%), vertices/sample 3.800
      qp 318.1 rows/call, 96% of calls reached the solver, 3344 calls
  qp-free       4/4      28.27/148.36/193.60       17715       50    14.21   0.0046     0%     0.0013      0/4824         0     0.0001       0
      primary samples 132, productive 46 (34.8%), vertices/sample 0.625
  free-env      4/4       4.68/21.12/26.48         1010       49    12.72   0.0803    97%     0.0007      0/2687         0     0.0025       0
      primary samples 132, productive 46 (34.8%), vertices/sample 0.583
  qp-env        4/4       1.33/4.09/9.95           312       15    11.21   0.0434    38%    -0.0053    219/2333         0     0.0018       0
      primary samples 4, productive 3 (75.0%), vertices/sample 4.200
      qp 318.0 rows/call, 97% of calls reached the solver, 1384 calls

bookshelf_tall  (4 problems, 0 skipped: 0 clearance, 0 self-collision)
  rrtconnect    4/4      14.03/104.26/554.41       12113       62    19.68        -      -     0.0016      0/3280         0     0.0025       0
      primary samples 247, productive 58 (23.5%), vertices/sample 0.269
  qp-fixed      4/4       4.64/40.12/43.45         3027       22    14.97   0.0106     0%    -0.0004     63/4562         0     0.0000       0
      primary samples 8, productive 8 (100.0%), vertices/sample 3.167
      qp 300.2 rows/call, 84% of calls reached the solver, 8775 calls
  qp-plain      4/4       4.81/43.55/43.86         3027       22    14.97   0.0106     0%    -0.0004     63/4562         0     0.0000       0
      primary samples 8, productive 8 (100.0%), vertices/sample 3.167
      qp 343.0 rows/call, 100% of calls reached the solver, 8775 calls
  qp-adapt      4/4       1.35/27.79/33.50         1936       25    15.00   0.0167    36%    -0.0004     66/3775         0     0.0000       0
      primary samples 8, productive 8 (100.0%), vertices/sample 3.500
      qp 307.2 rows/call, 96% of calls reached the solver, 5509 calls
  qp-free       4/4      43.18/711.75/1405.50      56539      109    20.74   0.0048     0%     0.0012      0/6509         0     0.0017       0
      primary samples 479, productive 97 (20.3%), vertices/sample 0.355
  free-env      4/4       7.55/60.83/216.57        1950       74    19.30   0.0807    96%     0.0016      0/3444         0     0.0025       0
      primary samples 231, productive 66 (28.6%), vertices/sample 0.338
  qp-env        4/4       0.79/14.51/26.34          960       21    14.24   0.0319    22%    -0.0005     88/3355         0     0.0000       0
      primary samples 8, productive 7 (87.5%), vertices/sample 3.333
      qp 306.3 rows/call, 97% of calls reached the solver, 3627 calls

bookshelf_thin  (4 problems, 0 skipped: 0 clearance, 0 self-collision)
  rrtconnect    4/4      12.72/78.26/79.77         7714       37    15.25        -      -     0.0037      0/2980         0     0.0016       0
      primary samples 136, productive 33 (24.3%), vertices/sample 0.395
  qp-fixed      4/4       6.46/16.57/40.80         1107       13    11.83   0.0123     0%     0.0007      0/2871         0     0.0019       0
      primary samples 2, productive 2 (100.0%), vertices/sample 6.500
      qp 264.2 rows/call, 47% of calls reached the solver, 4578 calls
  qp-plain      4/4       7.13/17.25/41.86         1107       13    11.83   0.0123     0%     0.0007      0/2871         0     0.0019       0
      primary samples 2, productive 2 (100.0%), vertices/sample 6.500
      qp 343.0 rows/call, 100% of calls reached the solver, 4578 calls
  qp-adapt      4/4       3.27/4.42/20.00          250       11    11.84   0.0335    35%     0.0007      0/2273         0     0.0018       0
      primary samples 2, productive 2 (100.0%), vertices/sample 6.000
      qp 274.8 rows/call, 93% of calls reached the solver, 1802 calls
  qp-free       4/4      12.78/214.98/269.10       15158       52    13.89   0.0060     0%     0.0036      0/4320         0     0.0004       0
      primary samples 102, productive 49 (48.0%), vertices/sample 0.569
  free-env      4/4       2.28/39.50/47.42          901       50    14.14   0.1024    98%     0.0037      0/2973         0     0.0003       0
      primary samples 125, productive 47 (37.6%), vertices/sample 0.568
  qp-env        4/4       1.23/3.51/12.17          187       11    11.87   0.0449    22%     0.0008      0/2087         0     0.0003       0
      primary samples 2, productive 2 (100.0%), vertices/sample 6.000
      qp 281.7 rows/call, 95% of calls reached the solver, 1045 calls

box  (4 problems, 0 skipped: 0 clearance, 0 self-collision)
  rrtconnect    4/4       4.72/8.83/34.11         2375       14    12.50        -      -     0.0103      0/2651         0     0.0025       0
      primary samples 43, productive 9 (20.9%), vertices/sample 0.500
  qp-fixed      4/4       4.67/5.29/6.89           681        6     6.78   0.0113     0%     0.0012      0/2454         0     0.0025       0
      primary samples 1, productive 1 (100.0%), vertices/sample 6.000
      qp 247.9 rows/call, 44% of calls reached the solver, 2714 calls
  qp-plain      4/4       5.03/6.23/7.61           681        6     6.78   0.0113     0%     0.0012      0/2454         0     0.0025       0
      primary samples 1, productive 1 (100.0%), vertices/sample 6.000
      qp 343.0 rows/call, 100% of calls reached the solver, 2714 calls
  qp-adapt      4/4       0.86/2.12/2.68           210        6     6.78   0.0455    64%     0.0012      0/1619         0     0.0025       0
      primary samples 1, productive 1 (100.0%), vertices/sample 6.000
      qp 262.3 rows/call, 88% of calls reached the solver, 704 calls
  qp-free       4/4      23.05/69.47/97.23         8987       28    13.67   0.0050     0%     0.0069      0/3847         0     0.0025       0
      primary samples 50, productive 21 (42.0%), vertices/sample 0.560
  free-env      4/4       2.64/8.66/9.13           436       32    13.76   0.1514    98%     0.0005      0/2458         0     0.0024       0
      primary samples 59, productive 22 (37.3%), vertices/sample 0.542
  qp-env        4/4       0.58/1.18/1.21            97        6     6.77   0.0975    68%     0.0010      0/1485         0     0.0025       0
      primary samples 1, productive 1 (100.0%), vertices/sample 6.000
      qp 259.2 rows/call, 89% of calls reached the solver, 316 calls

cage  (4 problems, 0 skipped: 0 clearance, 0 self-collision)
  rrtconnect    4/4      77.43/781.57/1443.75     192047     1182    27.33        -      -     0.0006      0/4584         0     0.0003       0
      primary samples 6892, productive 1179 (17.1%), vertices/sample 0.204
  qp-fixed      4/4      14.00/106.00/319.11       10936       59    15.53   0.0097     0%    -0.0089     91/5749         0     0.0024       0
      primary samples 37, productive 30 (81.1%), vertices/sample 1.595
      qp 275.8 rows/call, 89% of calls reached the solver, 47653 calls
  qp-plain      4/4      14.73/112.78/321.18       10936       59    15.53   0.0097     0%    -0.0089     91/5749         0     0.0024       0
      primary samples 37, productive 30 (81.1%), vertices/sample 1.595
      qp 343.0 rows/call, 100% of calls reached the solver, 47653 calls
  qp-adapt      4/4       7.10/65.27/215.64        6340       59    15.55   0.0194    41%    -0.0034     80/4619         0     0.0021       0
      primary samples 37, productive 30 (81.1%), vertices/sample 1.595
      qp 274.5 rows/call, 97% of calls reached the solver, 29215 calls
  qp-free       2/4    1475.64/10000.20/10000.69    1270080     2734    31.74   0.0036     0%     0.0037      0/4183         0     0.0025       0
      primary samples 10461, productive 2702 (25.8%), vertices/sample 0.282
  free-env      4/4     197.22/395.75/1475.85      20771      855    22.25   0.0706    92%     0.0001      0/4790         0     0.0006       0
      primary samples 3034, productive 843 (27.8%), vertices/sample 0.282
  qp-env        4/4       6.07/45.29/179.55        4008       59    15.59   0.0315    34%    -0.0063     69/4178         0     0.0016       0
      primary samples 37, productive 30 (81.1%), vertices/sample 1.643
      qp 272.2 rows/call, 98% of calls reached the solver, 21702 calls

table_pick  (4 problems, 0 skipped: 0 clearance, 0 self-collision)
  rrtconnect    4/4       3.13/17.19/37.12         3035       16    13.18        -      -     0.0020      0/2221         0     0.0025       0
      primary samples 40, productive 12 (30.0%), vertices/sample 0.714
  qp-fixed      4/4       3.12/8.27/9.64           800        8     9.36   0.0125     0%     0.0007      0/2610         0     0.0025       0
      primary samples 1, productive 1 (100.0%), vertices/sample 7.000
      qp 238.0 rows/call, 25% of calls reached the solver, 2868 calls
  qp-plain      4/4       3.59/9.32/10.93          800        8     9.36   0.0125     0%     0.0007      0/2610         0     0.0025       0
      primary samples 1, productive 1 (100.0%), vertices/sample 7.000
      qp 343.0 rows/call, 100% of calls reached the solver, 2868 calls
  qp-adapt      4/4       0.64/0.94/2.89            84        8     9.36   0.1368    76%     0.0007      0/1845         0     0.0025       0
      primary samples 1, productive 1 (100.0%), vertices/sample 7.000
      qp 269.4 rows/call, 55% of calls reached the solver, 437 calls
  qp-free       4/4      33.97/112.61/203.25       11388       34    16.62   0.0064     0%     0.0009      0/4525         0     0.0025       0
      primary samples 81, productive 29 (35.8%), vertices/sample 0.762
  free-env      4/4       5.40/17.55/29.10          699       33    16.59   0.1020    98%     0.0006      0/3075         0     0.0025       0
      primary samples 81, productive 28 (34.6%), vertices/sample 0.643
  qp-env        4/4       0.54/0.77/2.03            48        8     9.38   0.2411    97%     0.0006      0/1778         0     0.0025       0
      primary samples 1, productive 1 (100.0%), vertices/sample 7.000
      qp 274.2 rows/call, 62% of calls reached the solver, 260 calls

table_under_pick  (4 problems, 0 skipped: 0 clearance, 0 self-collision)
  rrtconnect    4/4       8.47/13.99/16.50         2454       14    11.67        -      -     0.0030      0/2355         0     0.0025       0
      primary samples 35, productive 10 (28.6%), vertices/sample 0.526
  qp-fixed      4/4      17.17/29.72/77.92         2475       20    13.14   0.0112     0%     0.0000      0/4538         0     0.0001       0
      primary samples 9, productive 8 (88.9%), vertices/sample 3.250
      qp 288.4 rows/call, 91% of calls reached the solver, 12877 calls
  qp-plain      4/4      17.81/30.12/87.61         2475       20    13.14   0.0112     0%     0.0000      0/4538         0     0.0001       0
      primary samples 9, productive 8 (88.9%), vertices/sample 3.250
      qp 343.0 rows/call, 100% of calls reached the solver, 12877 calls
  qp-adapt      4/4      11.56/21.33/60.59         1623       21    13.09   0.0170    38%     0.0000      0/3881         0     0.0001       0
      primary samples 9, productive 8 (88.9%), vertices/sample 3.250
      qp 287.6 rows/call, 97% of calls reached the solver, 8732 calls
  qp-free       4/4      29.83/69.46/180.85        6912       22    14.28   0.0048     0%     0.0016      0/4860         0     0.0003       0
      primary samples 51, productive 15 (29.4%), vertices/sample 0.560
  free-env      4/4       4.45/7.22/21.79          261       26    16.80   0.1477    97%     0.0000      0/3079         0     0.0005       0
      primary samples 42, productive 19 (45.2%), vertices/sample 0.619
  qp-env        4/4      10.37/14.52/40.30         1051       20    14.31   0.0293    32%     0.0000      0/3724         0     0.0001       0
      primary samples 9, productive 8 (88.9%), vertices/sample 2.222
      qp 296.3 rows/call, 97% of calls reached the solver, 5717 calls

Hop disposition -- what set the hop's length, median over problems.
  row         floored(<1 step)    at region   edge-limited
  qp-fixed            100.0%         0.0%           0.0%
  qp-plain            100.0%         0.0%           0.0%
  qp-adapt             61.4%        37.7%           1.5%
  qp-free             100.0%         0.0%           0.0%
  free-env              1.4%        83.2%          14.9%
  qp-env               65.7%        32.3%           2.4%

Endpoint clearance at zero margin -- min(start, goal) over all spheres.
  scene                     min    median       max affordable   problems by margin
  bookshelf_small        0.0060    0.0069    0.0086    0.0060   0:100% 0.02:  0% 0.04:  0% 0.06:  0% 0.09:  0%
  bookshelf_tall         0.0016    0.0065    0.0070    0.0016   0:100% 0.02:  0% 0.04:  0% 0.06:  0% 0.09:  0%
  bookshelf_thin         0.0032    0.0060    0.0084    0.0032   0:100% 0.02:  0% 0.04:  0% 0.06:  0% 0.09:  0%
  box                    0.0127    0.0127    0.0127    0.0127   0:100% 0.02:  0% 0.04:  0% 0.06:  0% 0.09:  0%
  cage                   0.0127    0.0127    0.0127    0.0127   0:100% 0.02:  0% 0.04:  0% 0.06:  0% 0.09:  0%
  table_pick             0.0077    0.0081    0.0082    0.0077   0:100% 0.02:  0% 0.04:  0% 0.06:  0% 0.09:  0%
  table_under_pick       0.0077    0.0080    0.0082    0.0077   0:100% 0.02:  0% 0.04:  0% 0.06:  0% 0.09:  0%

all scenes  (28 problems, 0 skipped: 0 clearance, 0 self-collision)
  rrtconnect   28/28      3.13/34.11/1443.75       6557       33    14.02        -      -     0.0002      0/21020        0     0.0002       0
      primary samples 85, productive 28 (32.9%), vertices/sample 0.359
  qp-fixed     28/28      3.12/16.57/319.11        1466       13    10.97   0.0112     0%    -0.0089    373/25860        0     0.0000       0
      primary samples 3, productive 3 (100.0%), vertices/sample 4.000
      qp 275.4 rows/call, 68% of calls reached the solver, 85573 calls
  qp-plain     28/28      3.59/17.25/321.18        1466       13    10.97   0.0112     0%    -0.0089    373/25860        0     0.0000       0
      primary samples 3, productive 3 (100.0%), vertices/sample 4.000
      qp 343.0 rows/call, 100% of calls reached the solver, 85573 calls
  qp-adapt     28/28      0.64/7.10/215.64         680       13    10.98   0.0251    41%    -0.0053    365/20525        0     0.0000       0
      primary samples 3, productive 3 (100.0%), vertices/sample 4.000
      qp 274.8 rows/call, 93% of calls reached the solver, 49743 calls
  qp-free      26/28     12.78/148.36/10000.69      14317       41    13.77   0.0048     0%     0.0009      0/33068        0     0.0001       0
      primary samples 90, productive 36 (40.0%), vertices/sample 0.456
  free-env     28/28      2.28/21.12/1475.85        824       41    14.62   0.0999    96%     0.0000      0/22506        0     0.0003       0
      primary samples 90, productive 34 (37.8%), vertices/sample 0.478
  qp-env       28/28      0.54/4.09/179.55         312       13    11.21   0.0434    35%    -0.0063    376/18940        0     0.0000       0
      primary samples 3, productive 3 (100.0%), vertices/sample 4.000
      qp 281.7 rows/call, 95% of calls reached the solver, 34051 calls

"samples" is checked configurations for isSafe, barrier evaluations for
the three CBF rows, and SIMD configuration lanes evaluated for VAMP. They measure
sampling work, while wall time captures the very different per-sample costs.
"unsafe/audited" evaluates exact primitive clearance at every state of the
densified solution -- for each CBF row that is the rollout the planner recorded
for each edge, replayed, so it is the motion that would actually be executed,
sampled inside each step rather than only at its boundaries. Non-zero unsafe
invalidates a row however fast it was.
"missed" counts solution edges that were not on file and had to be
re-derived; it must be zero, or the audited motion is a different trajectory
from the one the planner found.


envelope hop: 9133 filter calls, 1.234 hold queries/call, 17.3% saturated, 100.0% longer than L1, past one step 95.1% (L1 alone 56.9%), gated 73.2%, empty-active 0.0%, screen-escalated 2.0%
envelope bottleneck: world 97.8%, self-collision 2.1%, unbound 0.1% (horizon or screen clip), blocked 0.0%, joint-limit clamped 0.0%
envelope binding term:
  world rows       L1 0.0%, local-L1 0.5%, speed-capped 4.3%, isotropic-anchored 95.2% (of 8930 bound calls)
  self-pair rows   L1 0.0%, local-L1 0.0%, speed-capped 0.0%, normal-anchored 100.0% (of 194 bound calls)
local-lever screen: 506658 of 818868 expensive world rows settled before the envelope (61.9%)
span handed to the rollout, in controller steps (34049 calls):
                   <1      1-2      2-4      4-8       8+
  L1 only      84.74%     7.58%     4.38%     1.82%     1.47%
  envelope     74.48%     5.97%     7.26%     6.09%     6.21%
=== CBF profiler (wall time) ===
=== CBF filter stats ===
  calls=0  unchanged=0 (0.0%)  filtered=0 (0.0%)  blocked=0 (0.0%)
  active rows:       avg=0.00  max=0
  zero-row fast path: 0 (0.0%)
  qp iterations:     avg=0.00  max=0
  certified duration: avg=0.00000s  min=0.00000s  max=0.00000s  (over 0 non-blocked calls)
  required gain:     avg=0.000/s  max=0.000/s  p50=0.000/s  p90=0.000/s  p99=0.000/s  (over 0 calls, 0 uncertified)
