
MotionBenchMaker UR5, 689 problems loaded, up to 100 per scene
voxel 0.003 m, margin 0.0000 m + 0.0000 m filter buffer, stepSize 0.001 s, range 2.00 rad, 10.0 s limit

hop certificates: old L1 Lipschitz region and new hold-time bound
Picard: off; trajectory prefixes: 0; sequential rollout budget: 10000 calls
kappa 20.00 /s, certified step uncapped, self-collision margin 0.0000 m over 303 pairs
baseline segment: 0.000650 of extent = 0.0100 rad, rollout step 0.0100 rad (matched to the rollout)
rope shortcut off, all rows unsimplified

seed 1
  planner       solved ms(min/med/max)        samples vertices     path rad/call coarse  worst clr unsafe/audited missed worst self collide

bookshelf_small  (4 problems, 0 skipped: 0 clearance, 0 self-collision)
  rrtconnect    4/4       2.96/15.93/38.91         4058       22    15.85        -      -     0.0038      0/2601         0     0.0025       0
      primary samples 69, productive 18 (26.1%), vertices/sample 0.520
  qp-fixed      4/4       5.59/16.16/45.01         1656       23    13.72   0.0122     0%     0.0008      0/3605         0     0.0000       0
      primary samples 5, productive 4 (80.0%), vertices/sample 4.600
      qp 268.2 rows/call, 81% of calls reached the solver, 7456 calls
  qp-plain      4/4       5.81/17.81/50.94         1656       23    13.72   0.0122     0%     0.0008      0/3605         0     0.0000       0
      primary samples 5, productive 4 (80.0%), vertices/sample 4.600
      qp 343.0 rows/call, 100% of calls reached the solver, 7456 calls
  qp-adapt      4/4       1.11/14.29/36.30         1321       23     9.07   0.0390    30%     0.0008      0/2492         0     0.0001       0
      primary samples 7, productive 6 (85.7%), vertices/sample 3.286
      qp 298.8 rows/call, 91% of calls reached the solver, 4987 calls
  qp-free       4/4       6.77/126.29/234.04       15376       42    19.28   0.0054     0%     0.0012      0/5406         0     0.0004       0
      primary samples 101, productive 36 (35.6%), vertices/sample 0.595
  free-env      4/4       1.01/16.40/35.01          820       40    19.83   0.0843    97%     0.0008      0/3211         0     0.0003       0
      primary samples 101, productive 35 (34.7%), vertices/sample 0.842
  qp-env        4/4       0.50/7.83/24.93          673       19    12.70   0.0511    22%     0.0008      0/2478         0     0.0000       0
      primary samples 5, productive 4 (80.0%), vertices/sample 3.800
      qp 294.4 rows/call, 96% of calls reached the solver, 2997 calls

bookshelf_tall  (4 problems, 0 skipped: 0 clearance, 0 self-collision)
  rrtconnect    4/4      10.06/141.17/478.42       18632       92    18.25        -      -     0.0010      0/3306         0     0.0003       0
      primary samples 464, productive 86 (18.5%), vertices/sample 0.237
  qp-fixed      4/4       5.22/15.60/60.62         1088       10    11.12   0.0109     0%     0.0005      0/4238         0     0.0001       0
      primary samples 2, productive 2 (100.0%), vertices/sample 5.000
      qp 287.2 rows/call, 76% of calls reached the solver, 6993 calls
  qp-plain      4/4       5.48/16.13/62.12         1088       10    11.12   0.0109     0%     0.0005      0/4238         0     0.0001       0
      primary samples 2, productive 2 (100.0%), vertices/sample 5.000
      qp 343.0 rows/call, 100% of calls reached the solver, 6993 calls
  qp-adapt      4/4       1.68/11.22/43.55          717       12    11.13   0.0215    25%     0.0005      0/3462         0     0.0001       0
      primary samples 2, productive 2 (100.0%), vertices/sample 6.000
      qp 308.4 rows/call, 91% of calls reached the solver, 4252 calls
  qp-free       4/4      14.45/236.07/438.38       19974       59    17.36   0.0052     0%     0.0013      0/5493         0     0.0004       0
      primary samples 160, productive 54 (33.8%), vertices/sample 0.369
  free-env      4/4       9.83/40.74/59.55         1233       57    17.53   0.0988    92%     0.0009      0/3436         0     0.0000       0
      primary samples 160, productive 52 (32.5%), vertices/sample 0.381
  qp-env        4/4       0.73/6.66/56.24          394       12    11.16   0.0421    28%     0.0005      0/3089         0     0.0001       0
      primary samples 2, productive 2 (100.0%), vertices/sample 6.000
      qp 309.1 rows/call, 94% of calls reached the solver, 4454 calls

bookshelf_thin  (4 problems, 0 skipped: 0 clearance, 0 self-collision)
  rrtconnect    4/4      34.05/97.97/112.96        9786       48    15.91        -      -     0.0026      0/2749         0     0.0025       0
      primary samples 135, productive 45 (33.3%), vertices/sample 0.356
  qp-fixed      4/4       4.41/7.46/17.67          508        6     6.80   0.0131     0%    -0.0022     20/2118         0     0.0025       0
      primary samples 1, productive 1 (100.0%), vertices/sample 6.000
      qp 261.4 rows/call, 38% of calls reached the solver, 2423 calls
  qp-plain      4/4       4.91/7.87/18.85          508        6     6.80   0.0131     0%    -0.0022     20/2118         0     0.0025       0
      primary samples 1, productive 1 (100.0%), vertices/sample 6.000
      qp 343.0 rows/call, 100% of calls reached the solver, 2423 calls
  qp-adapt      4/4       1.36/3.02/14.28          178        6     6.80   0.0350    42%    -0.0037      7/1728         0     0.0025       0
      primary samples 1, productive 1 (100.0%), vertices/sample 6.000
      qp 275.9 rows/call, 79% of calls reached the solver, 1237 calls
  qp-free       4/4      73.84/207.17/1629.18      14632       40    14.76   0.0060     0%     0.0004      0/5988         0     0.0025       0
      primary samples 92, productive 35 (38.0%), vertices/sample 0.556
  free-env      4/4       9.02/26.73/270.95         652       40    19.64   0.1074    98%     0.0000      0/4154         0     0.0025       0
      primary samples 67, productive 28 (41.8%), vertices/sample 0.597
  qp-env        4/4       0.58/1.63/9.00            86        6     6.80   0.1253    58%    -0.0013     24/1545         0     0.0025       0
      primary samples 1, productive 1 (100.0%), vertices/sample 6.000
      qp 284.2 rows/call, 77% of calls reached the solver, 657 calls

box  (4 problems, 0 skipped: 0 clearance, 0 self-collision)
  rrtconnect    4/4       2.35/17.97/20.10         4751       26    15.78        -      -     0.0004      0/2449         0     0.0025       0
      primary samples 77, productive 22 (28.6%), vertices/sample 0.526
  qp-fixed      4/4       9.34/19.25/20.30         2201       17    13.32   0.0116     0%     0.0008      0/3773         0     0.0025       0
      primary samples 6, productive 6 (100.0%), vertices/sample 3.333
      qp 251.4 rows/call, 81% of calls reached the solver, 6938 calls
  qp-plain      4/4      11.51/21.61/23.26         2201       17    13.32   0.0116     0%     0.0008      0/3773         0     0.0025       0
      primary samples 6, productive 6 (100.0%), vertices/sample 3.333
      qp 343.0 rows/call, 100% of calls reached the solver, 6938 calls
  qp-adapt      4/4       4.94/10.83/12.23         1047       18    13.35   0.0243    41%     0.0007      0/3103         0     0.0025       0
      primary samples 6, productive 6 (100.0%), vertices/sample 3.333
      qp 259.4 rows/call, 95% of calls reached the solver, 3279 calls
  qp-free       4/4      35.88/54.74/129.94        7119       27    17.44   0.0043     0%     0.0069      0/5774         0     0.0025       0
      primary samples 45, productive 16 (35.6%), vertices/sample 0.731
  free-env      4/4       4.17/8.17/16.76          446       23    16.32   0.0775    94%     0.0002      0/2924         0     0.0004       0
      primary samples 53, productive 15 (28.3%), vertices/sample 0.667
  qp-env        4/4       3.28/6.16/8.35           560       17    13.37   0.0446    35%     0.0006      0/2823         0     0.0025       0
      primary samples 6, productive 6 (100.0%), vertices/sample 3.333
      qp 256.0 rows/call, 96% of calls reached the solver, 1987 calls

cage  (4 problems, 0 skipped: 0 clearance, 0 self-collision)
  rrtconnect    4/4      29.17/223.13/598.37       55864      300    25.07        -      -     0.0002      0/4435         0     0.0025       0
      primary samples 1594, productive 297 (18.6%), vertices/sample 0.240
  qp-fixed      4/4     204.86/267.76/346.79       25044      116    27.49   0.0090     0%    -0.0039     41/8244         0     0.0005       0
      primary samples 97, productive 69 (71.1%), vertices/sample 1.237
      qp 274.4 rows/call, 88% of calls reached the solver, 102459 calls
  qp-plain      4/4     223.31/263.87/347.92       25044      116    27.49   0.0090     0%    -0.0039     41/8244         0     0.0005       0
      primary samples 97, productive 69 (71.1%), vertices/sample 1.237
      qp 343.0 rows/call, 100% of calls reached the solver, 102459 calls
  qp-adapt      4/4     146.19/182.28/190.77       16251      117    25.94   0.0136    27%    -0.0048     19/6778         0     0.0005       0
      primary samples 97, productive 69 (71.1%), vertices/sample 1.349
      qp 276.6 rows/call, 98% of calls reached the solver, 62778 calls
  qp-free       3/4    1351.32/7268.49/10000.29     923377     2171    22.04   0.0039     0%     0.0010      0/9615         0     0.0016       0
      primary samples 7893, productive 2113 (26.8%), vertices/sample 0.304
  free-env      4/4     135.69/491.47/517.93       25191     1009    26.62   0.0702    92%     0.0001      0/5285         0     0.0002       0
      primary samples 3768, productive 978 (26.0%), vertices/sample 0.311
  qp-env        4/4     110.13/148.29/185.99       12950      116    27.58   0.0184    19%    -0.0024     35/5968         0     0.0007       0
      primary samples 97, productive 68 (70.1%), vertices/sample 1.322
      qp 272.8 rows/call, 99% of calls reached the solver, 50597 calls

table_pick  (5 problems, 0 skipped: 0 clearance, 0 self-collision)
  rrtconnect    5/5       4.88/8.47/56.62         1499       10    10.50        -      -     0.0007      0/2998         0     0.0025       0
      primary samples 16, productive 6 (37.5%), vertices/sample 0.625
  qp-fixed      5/5       6.20/6.70/20.58          682        7     8.18   0.0114     0%    -0.0009     67/3566         0     0.0019       0
      primary samples 1, productive 1 (100.0%), vertices/sample 7.000
      qp 231.8 rows/call, 34% of calls reached the solver, 4328 calls
  qp-plain      5/5       6.94/7.95/19.93          682        7     8.18   0.0114     0%    -0.0009     67/3566         0     0.0019       0
      primary samples 1, productive 1 (100.0%), vertices/sample 7.000
      qp 343.0 rows/call, 100% of calls reached the solver, 4328 calls
  qp-adapt      5/5       0.57/1.72/10.20          145        7     8.18   0.0503    61%    -0.0009     67/2662         0     0.0019       0
      primary samples 1, productive 1 (100.0%), vertices/sample 7.000
      qp 259.2 rows/call, 81% of calls reached the solver, 1377 calls
  qp-free       5/5      11.76/24.95/390.87        2601       13    10.41   0.0076     0%     0.0023      0/4572         0     0.0025       0
      primary samples 16, productive 8 (50.0%), vertices/sample 0.812
  free-env      5/5       1.30/3.94/57.05          149       13    13.03   0.1344    97%     0.0029      0/3290         0     0.0003       0
      primary samples 16, productive 8 (50.0%), vertices/sample 0.812
  qp-env        5/5       0.47/0.89/9.12            60        7     8.18   0.1215    57%    -0.0009     67/2486         0     0.0020       0
      primary samples 1, productive 1 (100.0%), vertices/sample 7.000
      qp 262.0 rows/call, 80% of calls reached the solver, 953 calls

table_under_pick  (4 problems, 0 skipped: 0 clearance, 0 self-collision)
  rrtconnect    4/4       5.95/17.15/17.54         3012       17    14.73        -      -     0.0004      0/2569         0     0.0025       0
      primary samples 55, productive 12 (21.8%), vertices/sample 0.667
  qp-fixed      4/4      10.26/31.90/113.75        2774       20    16.22   0.0109     0%     0.0002      0/5372         0     0.0001       0
      primary samples 9, productive 9 (100.0%), vertices/sample 6.000
      qp 269.3 rows/call, 84% of calls reached the solver, 15115 calls
  qp-plain      4/4      11.72/36.16/120.62        2774       20    16.22   0.0109     0%     0.0002      0/5372         0     0.0001       0
      primary samples 9, productive 9 (100.0%), vertices/sample 6.000
      qp 343.0 rows/call, 100% of calls reached the solver, 15115 calls
  qp-adapt      4/4       5.72/18.90/47.77         1534       20    16.23   0.0189    45%     0.0004      0/3595         0     0.0025       0
      primary samples 9, productive 9 (100.0%), vertices/sample 4.500
      qp 258.0 rows/call, 96% of calls reached the solver, 6530 calls
  qp-free       4/4      11.75/79.23/95.87         7920       28    14.10   0.0064     0%     0.0027      0/4898         0     0.0014       0
      primary samples 46, productive 18 (39.1%), vertices/sample 0.609
  free-env      4/4       3.35/13.06/17.82          511       30    15.87   0.1387    95%     0.0000      0/3031         0     0.0007       0
      primary samples 52, productive 19 (36.5%), vertices/sample 0.577
  qp-env        4/4       2.66/12.32/52.23          925       20    16.28   0.0314    35%     0.0001      0/3732         0     0.0003       0
      primary samples 9, productive 9 (100.0%), vertices/sample 4.500
      qp 268.0 rows/call, 97% of calls reached the solver, 5439 calls

Hop disposition -- what set the hop's length, median over problems.
  row         floored(<1 step)    at region   edge-limited
  qp-fixed            100.0%         0.0%           0.0%
  qp-plain            100.0%         0.0%           0.0%
  qp-adapt             68.8%        30.1%           1.5%
  qp-free             100.0%         0.0%           0.0%
  free-env              3.8%        82.9%          12.8%
  qp-env               71.1%        26.8%           2.3%

Endpoint clearance at zero margin -- min(start, goal) over all spheres.
  scene                     min    median       max affordable   problems by margin
  bookshelf_small        0.0052    0.0077    0.0097    0.0052   0:100% 0.02:  0% 0.04:  0% 0.06:  0% 0.09:  0%
  bookshelf_tall         0.0043    0.0059    0.0087    0.0043   0:100% 0.02:  0% 0.04:  0% 0.06:  0% 0.09:  0%
  bookshelf_thin         0.0039    0.0059    0.0072    0.0039   0:100% 0.02:  0% 0.04:  0% 0.06:  0% 0.09:  0%
  box                    0.0127    0.0127    0.0127    0.0127   0:100% 0.02:  0% 0.04:  0% 0.06:  0% 0.09:  0%
  cage                   0.0127    0.0127    0.0127    0.0127   0:100% 0.02:  0% 0.04:  0% 0.06:  0% 0.09:  0%
  table_pick             0.0076    0.0078    0.0082    0.0076   0:100% 0.02:  0% 0.04:  0% 0.06:  0% 0.09:  0%
  table_under_pick       0.0079    0.0081    0.0082    0.0079   0:100% 0.02:  0% 0.04:  0% 0.06:  0% 0.09:  0%

all scenes  (29 problems, 0 skipped: 0 clearance, 0 self-collision)
  rrtconnect   29/29      2.35/20.10/598.37        4058       22    14.94        -      -     0.0002      0/21107        0     0.0003       0
      primary samples 69, productive 18 (26.1%), vertices/sample 0.309
  qp-fixed     29/29      4.41/15.60/346.79        1113       12    11.12   0.0111     0%    -0.0039    128/30916        0     0.0000       0
      primary samples 3, productive 3 (100.0%), vertices/sample 4.500
      qp 268.2 rows/call, 68% of calls reached the solver, 145712 calls
  qp-plain     29/29      4.91/16.13/347.92        1113       12    11.12   0.0111     0%    -0.0039    128/30916        0     0.0000       0
      primary samples 3, productive 3 (100.0%), vertices/sample 4.500
      qp 343.0 rows/call, 100% of calls reached the solver, 145712 calls
  qp-adapt     29/29      0.57/8.00/190.77         593       12     9.93   0.0233    31%    -0.0048     93/23820        0     0.0001       0
      primary samples 2, productive 2 (100.0%), vertices/sample 3.750
      qp 275.9 rows/call, 91% of calls reached the solver, 84440 calls
  qp-free      28/29      6.77/118.64/10000.29       9706       39    14.02   0.0048     0%     0.0004      0/41746        0     0.0004       0
      primary samples 65, productive 25 (38.5%), vertices/sample 0.492
  free-env     29/29      1.01/16.40/517.93         652       34    15.87   0.0819    94%     0.0000      0/25331        0     0.0000       0
      primary samples 65, productive 26 (40.0%), vertices/sample 0.516
  qp-env       29/29      0.47/4.75/185.99         373       12    10.49   0.0402    29%    -0.0024    126/22121        0     0.0000       0
      primary samples 2, productive 2 (100.0%), vertices/sample 3.800
      qp 272.8 rows/call, 95% of calls reached the solver, 67084 calls

"samples" is checked configurations for isSafe, barrier evaluations for
the three CBF rows, and SIMD configuration lanes evaluated for VAMP. They measure
sampling work, while wall time captures the very different per-sample costs.
"unsafe/audited" evaluates exact primitive clearance at every state of the
densified solution -- for each CBF row that is the rollout the planner recorded
for each edge, replayed, so it is the motion that would actually be executed,
sampled inside each step rather than only at its boundaries. Non-zero unsafe
invalidates a row however fast it was.
"missed" counts solution edges that were not on file and had to be
re-derived; it must be zero, or the audited motion is a different trajectory
from the one the planner found.


envelope hop: 14810 filter calls, 1.231 hold queries/call, 17.4% saturated, 100.0% longer than L1, past one step 91.0% (L1 alone 51.9%), gated 77.9%, empty-active 0.0%, screen-escalated 1.7%
envelope bottleneck: world 97.1%, self-collision 2.8%, unbound 0.1% (horizon or screen clip), blocked 0.0%, joint-limit clamped 0.0%
envelope binding term:
  world rows       L1 0.0%, local-L1 0.6%, speed-capped 5.8%, isotropic-anchored 93.7% (of 14381 bound calls)
  self-pair rows   L1 0.0%, local-L1 0.0%, speed-capped 0.0%, normal-anchored 100.0% (of 416 bound calls)
local-lever screen: 383969 of 641623 expensive world rows settled before the envelope (59.8%)
span handed to the rollout, in controller steps (67082 calls):
                   <1      1-2      2-4      4-8       8+
  L1 only      88.55%     5.72%     3.12%     1.47%     1.15%
  envelope     79.90%     4.66%     5.81%     4.85%     4.79%
=== CBF profiler (wall time) ===
=== CBF filter stats ===
  calls=0  unchanged=0 (0.0%)  filtered=0 (0.0%)  blocked=0 (0.0%)
  active rows:       avg=0.00  max=0
  zero-row fast path: 0 (0.0%)
  qp iterations:     avg=0.00  max=0
  certified duration: avg=0.00000s  min=0.00000s  max=0.00000s  (over 0 non-blocked calls)
  required gain:     avg=0.000/s  max=0.000/s  p50=0.000/s  p90=0.000/s  p99=0.000/s  (over 0 calls, 0 uncertified)
