
MotionBenchMaker UR5, 689 problems loaded, up to 100 per scene
voxel 0.003 m, margin 0.0000 m + 0.0000 m filter buffer, stepSize 0.001 s, range 2.00 rad, 10.0 s limit

hop certificates: old L1 Lipschitz region and new hold-time bound
Picard: off; trajectory prefixes: 0; sequential rollout budget: 10000 calls
kappa 20.00 /s, certified step uncapped, self-collision margin 0.0000 m over 303 pairs
baseline segment: 0.000650 of extent = 0.0100 rad, rollout step 0.0100 rad (matched to the rollout)
rope shortcut off, all rows unsimplified

seed 1
  planner       solved ms(min/med/max)        samples vertices     path rad/call coarse  worst clr unsafe/audited missed worst self collide

bookshelf_small  (4 problems, 0 skipped: 0 clearance, 0 self-collision)
  rrtconnect    4/4       3.00/154.14/188.02       37389      196    22.59        -      -     0.0012      0/3678         0     0.0025       0
      primary samples 1024, productive 192 (18.8%), vertices/sample 0.196
  qp-fixed      4/4       7.90/16.25/84.60          978       11    12.24   0.0126     0%     0.0001      0/3906         0     0.0000       0
      primary samples 2, productive 2 (100.0%), vertices/sample 5.500
      qp 284.3 rows/call, 81% of calls reached the solver, 7992 calls
  qp-plain      4/4       7.46/13.75/82.87          978       11    12.24   0.0126     0%     0.0001      0/3906         0     0.0000       0
      primary samples 2, productive 2 (100.0%), vertices/sample 5.500
      qp 343.0 rows/call, 100% of calls reached the solver, 7992 calls
  qp-adapt      4/4       3.51/9.21/57.50          483       11    12.24   0.0260    28%     0.0001      0/3256         0     0.0000       0
      primary samples 2, productive 2 (100.0%), vertices/sample 5.500
      qp 305.0 rows/call, 95% of calls reached the solver, 4740 calls
  qp-free       4/4       5.45/373.15/377.42       41429       96    17.44   0.0047     0%     0.0010      0/6180         0     0.0007       0
      primary samples 278, productive 89 (32.0%), vertices/sample 0.468
  free-env      4/4       0.58/36.82/48.51         1654       84    17.88   0.0902    96%     0.0003      0/3819         0     0.0008       0
      primary samples 247, productive 77 (31.2%), vertices/sample 0.500
  qp-env        4/4       2.41/5.94/48.17          353       11    12.23   0.0443    18%     0.0001      0/2989         0     0.0000       0
      primary samples 2, productive 2 (100.0%), vertices/sample 5.500
      qp 303.5 rows/call, 96% of calls reached the solver, 3571 calls

bookshelf_tall  (4 problems, 0 skipped: 0 clearance, 0 self-collision)
  rrtconnect    4/4       6.40/15.67/164.49        2133       13    14.08        -      -     0.0008      0/2283         0     0.0020       0
      primary samples 15, productive 7 (46.7%), vertices/sample 0.875
  qp-fixed      4/4      13.27/26.27/44.10         1219       16    11.02   0.0123     0%     0.0003      0/3339         0     0.0025       0
      primary samples 3, productive 3 (100.0%), vertices/sample 7.000
      qp 288.8 rows/call, 69% of calls reached the solver, 4824 calls
  qp-plain      4/4      13.96/26.35/45.46         1219       16    11.02   0.0123     0%     0.0003      0/3339         0     0.0025       0
      primary samples 3, productive 3 (100.0%), vertices/sample 7.000
      qp 343.0 rows/call, 100% of calls reached the solver, 4824 calls
  qp-adapt      4/4       2.22/14.02/22.40          579       18    11.04   0.0240    61%     0.0003      0/2545         0     0.0025       0
      primary samples 3, productive 3 (100.0%), vertices/sample 7.000
      qp 300.6 rows/call, 95% of calls reached the solver, 2120 calls
  qp-free       4/4       8.02/141.18/255.22       11658       28    14.46   0.0083     0%     0.0026      0/4397         0     0.0025       0
      primary samples 88, productive 23 (26.1%), vertices/sample 1.000
  free-env      4/4       0.92/21.19/37.84          622       28    14.48   0.1565    97%     0.0002      0/2682         0     0.0002       0
      primary samples 88, productive 23 (26.1%), vertices/sample 1.000
  qp-env        4/4       0.80/7.57/12.69          308       17    11.08   0.0560    68%     0.0003      0/2244         0     0.0025       0
      primary samples 3, productive 3 (100.0%), vertices/sample 7.000
      qp 299.5 rows/call, 96% of calls reached the solver, 1041 calls

bookshelf_thin  (4 problems, 0 skipped: 0 clearance, 0 self-collision)
  rrtconnect    4/4      25.61/261.32/889.01       25873      132    17.69        -      -     0.0027      0/3304         0     0.0011       0
      primary samples 672, productive 129 (19.2%), vertices/sample 0.485
  qp-fixed      4/4      13.71/46.44/65.01         1675       12    11.67   0.0123     0%     0.0003      0/3557         0     0.0025       0
      primary samples 4, productive 3 (75.0%), vertices/sample 4.500
      qp 250.8 rows/call, 70% of calls reached the solver, 5646 calls
  qp-plain      4/4      13.11/48.03/67.47         1675       12    11.67   0.0123     0%     0.0003      0/3557         0     0.0025       0
      primary samples 4, productive 3 (75.0%), vertices/sample 4.500
      qp 343.0 rows/call, 100% of calls reached the solver, 5646 calls
  qp-adapt      4/4       6.50/31.80/38.40         1118       12    11.67   0.0212    25%     0.0003      0/2852         0     0.0025       0
      primary samples 4, productive 3 (75.0%), vertices/sample 4.500
      qp 263.0 rows/call, 96% of calls reached the solver, 3288 calls
  qp-free       4/4      74.39/233.92/451.32       15962       58    13.04   0.0059     0%     0.0024      0/4257         0     0.0023       0
      primary samples 142, productive 52 (36.6%), vertices/sample 0.576
  free-env      4/4      11.92/40.16/80.84          842       56    14.04   0.1237    98%     0.0002      0/2812         0     0.0002       0
      primary samples 142, productive 51 (35.9%), vertices/sample 0.576
  qp-env        4/4       3.46/19.85/29.08          665       12    11.70   0.0322    20%     0.0003      0/2525         0     0.0025       0
      primary samples 4, productive 3 (75.0%), vertices/sample 4.500
      qp 260.2 rows/call, 98% of calls reached the solver, 2174 calls

box  (4 problems, 0 skipped: 0 clearance, 0 self-collision)
  rrtconnect    4/4       9.26/16.17/20.82         4254       23    12.47        -      -     0.0027      0/2009         0     0.0025       0
      primary samples 66, productive 20 (30.3%), vertices/sample 0.500
  qp-fixed      4/4       5.46/6.16/16.20          518        6     6.49   0.0136     0%     0.0019      0/2079         0     0.0025       0
      primary samples 1, productive 1 (100.0%), vertices/sample 6.000
      qp 274.2 rows/call, 51% of calls reached the solver, 2641 calls
  qp-plain      4/4       5.55/6.69/19.09          518        6     6.49   0.0136     0%     0.0019      0/2079         0     0.0025       0
      primary samples 1, productive 1 (100.0%), vertices/sample 6.000
      qp 343.0 rows/call, 100% of calls reached the solver, 2641 calls
  qp-adapt      4/4       1.38/2.63/6.96           181        6     6.49   0.0359    62%     0.0018      0/1554         0     0.0025       0
      primary samples 1, productive 1 (100.0%), vertices/sample 6.000
      qp 283.9 rows/call, 88% of calls reached the solver, 969 calls
  qp-free       4/4      25.24/76.11/82.42         9497       40    15.25   0.0053     0%     0.0010      0/6053         0     0.0025       0
      primary samples 49, productive 25 (51.0%), vertices/sample 0.826
  free-env      4/4       2.85/11.48/12.30          601       33    14.46   0.0851    95%     0.0004      0/3005         0     0.0025       0
      primary samples 55, productive 23 (41.8%), vertices/sample 0.727
  qp-env        4/4       0.62/1.74/3.55           105        6     6.49   0.0673    50%     0.0014      0/1416         0     0.0025       0
      primary samples 1, productive 1 (100.0%), vertices/sample 6.000
      qp 289.0 rows/call, 91% of calls reached the solver, 467 calls

cage  (4 problems, 0 skipped: 0 clearance, 0 self-collision)
  rrtconnect    4/4     268.05/674.72/1010.31     151404      896    27.20        -      -     0.0014      0/4776         0     0.0000       0
      primary samples 5024, productive 893 (17.8%), vertices/sample 0.178
  qp-fixed      4/4     247.65/321.22/787.27       23974      127    26.05   0.0089     0%     0.0000      0/8114         0     0.0002       0
      primary samples 99, productive 71 (71.7%), vertices/sample 1.301
      qp 266.2 rows/call, 91% of calls reached the solver, 112636 calls
  qp-plain      4/4     253.73/331.51/811.24       23974      127    26.05   0.0089     0%     0.0000      0/8114         0     0.0002       0
      primary samples 99, productive 71 (71.7%), vertices/sample 1.301
      qp 343.0 rows/call, 100% of calls reached the solver, 112636 calls
  qp-adapt      4/4     166.63/215.85/535.80       15305      127    26.05   0.0138    30%     0.0000      0/6803         0     0.0002       0
      primary samples 99, productive 71 (71.7%), vertices/sample 1.301
      qp 268.3 rows/call, 98% of calls reached the solver, 73800 calls
  qp-free       4/4    1881.89/4183.60/9074.20     536294     1197    29.95   0.0038     0%     0.0029      0/12702        0     0.0008       0
      primary samples 4256, productive 1162 (27.3%), vertices/sample 0.309
  free-env      4/4      71.05/227.13/1118.65      11788      464    25.23   0.0648    92%     0.0002      0/5155         0     0.0000       0
      primary samples 1653, productive 446 (27.0%), vertices/sample 0.281
  qp-env        4/4     133.13/177.81/387.12       12244      123    26.10   0.0180    24%     0.0000      0/6168         0     0.0002       0
      primary samples 99, productive 69 (69.7%), vertices/sample 1.315
      qp 267.1 rows/call, 99% of calls reached the solver, 55482 calls

table_pick  (4 problems, 0 skipped: 0 clearance, 0 self-collision)
  rrtconnect    4/4       4.57/14.88/16.94         2553       14    12.85        -      -    -0.0000      1/2347         0     0.0025       0
      primary samples 21, productive 9 (42.9%), vertices/sample 0.846
  qp-fixed      4/4      10.97/11.93/12.80          636        7     8.26   0.0122     0%     0.0010      0/2541         0     0.0025       0
      primary samples 1, productive 1 (100.0%), vertices/sample 7.000
      qp 256.2 rows/call, 34% of calls reached the solver, 2537 calls
  qp-plain      4/4       9.45/11.07/13.30          636        7     8.26   0.0122     0%     0.0010      0/2541         0     0.0025       0
      primary samples 1, productive 1 (100.0%), vertices/sample 7.000
      qp 343.0 rows/call, 100% of calls reached the solver, 2537 calls
  qp-adapt      4/4       1.46/3.23/3.97           181        7     8.26   0.0820    67%     0.0010      0/1844         0     0.0025       0
      primary samples 1, productive 1 (100.0%), vertices/sample 7.000
      qp 292.3 rows/call, 85% of calls reached the solver, 557 calls
  qp-free       4/4      18.08/72.80/81.50         7080       24    10.61   0.0061     0%     0.0016      0/3573         0     0.0016       0
      primary samples 42, productive 18 (42.9%), vertices/sample 0.800
  free-env      4/4       3.44/11.18/12.82          424       24    10.67   0.0950    96%     0.0016      0/2155         0     0.0004       0
      primary samples 42, productive 16 (38.1%), vertices/sample 0.800
  qp-env        4/4       0.77/1.51/3.02            78        7     8.26   0.1880    97%     0.0010      0/1723         0     0.0025       0
      primary samples 1, productive 1 (100.0%), vertices/sample 7.000
      qp 291.2 rows/call, 86% of calls reached the solver, 302 calls

table_under_pick  (4 problems, 0 skipped: 0 clearance, 0 self-collision)
  rrtconnect    4/4       5.22/9.48/57.38         1654       10    11.52        -      -     0.0017      0/2134         0     0.0025       0
      primary samples 32, productive 6 (18.8%), vertices/sample 0.450
  qp-fixed      4/4      32.80/40.01/59.78         2148       22    11.14   0.0118     0%     0.0000      0/3735         0     0.0004       0
      primary samples 6, productive 5 (83.3%), vertices/sample 3.750
      qp 287.0 rows/call, 83% of calls reached the solver, 9422 calls
  qp-plain      4/4      34.22/38.98/59.09         2148       22    11.14   0.0118     0%     0.0000      0/3735         0     0.0004       0
      primary samples 6, productive 5 (83.3%), vertices/sample 3.750
      qp 343.0 rows/call, 100% of calls reached the solver, 9422 calls
  qp-adapt      4/4      10.34/28.13/29.74         1482       15    11.14   0.0249    42%     0.0000      0/3469         0     0.0002       0
      primary samples 5, productive 4 (80.0%), vertices/sample 4.000
      qp 287.7 rows/call, 96% of calls reached the solver, 4290 calls
  qp-free       4/4      50.56/115.99/282.16       11320       40    13.93   0.0046     0%     0.0002      0/5285         0     0.0004       0
      primary samples 74, productive 27 (36.5%), vertices/sample 0.486
  free-env      4/4      10.65/14.68/125.67         512       33    14.04   0.0947    96%     0.0001      0/3235         0     0.0000       0
      primary samples 90, productive 28 (31.1%), vertices/sample 0.393
  qp-env        4/4       4.48/19.68/24.53          968       15    11.26   0.0606    38%     0.0000      0/3088         0     0.0002       0
      primary samples 5, productive 4 (80.0%), vertices/sample 4.000
      qp 289.4 rows/call, 98% of calls reached the solver, 2708 calls

Hop disposition -- what set the hop's length, median over problems.
  row         floored(<1 step)    at region   edge-limited
  qp-fixed            100.0%         0.0%           0.0%
  qp-plain            100.0%         0.0%           0.0%
  qp-adapt             67.9%        31.6%           1.6%
  qp-free             100.0%         0.0%           0.0%
  free-env              2.0%        82.8%          14.5%
  qp-env               70.5%        26.7%           3.4%

Endpoint clearance at zero margin -- min(start, goal) over all spheres.
  scene                     min    median       max affordable   problems by margin
  bookshelf_small        0.0057    0.0100    0.0106    0.0057   0:100% 0.02:  0% 0.04:  0% 0.06:  0% 0.09:  0%
  bookshelf_tall         0.0050    0.0063    0.0074    0.0050   0:100% 0.02:  0% 0.04:  0% 0.06:  0% 0.09:  0%
  bookshelf_thin         0.0034    0.0063    0.0071    0.0034   0:100% 0.02:  0% 0.04:  0% 0.06:  0% 0.09:  0%
  box                    0.0127    0.0127    0.0127    0.0127   0:100% 0.02:  0% 0.04:  0% 0.06:  0% 0.09:  0%
  cage                   0.0127    0.0127    0.0127    0.0127   0:100% 0.02:  0% 0.04:  0% 0.06:  0% 0.09:  0%
  table_pick             0.0077    0.0080    0.0082    0.0077   0:100% 0.02:  0% 0.04:  0% 0.06:  0% 0.09:  0%
  table_under_pick       0.0023    0.0076    0.0081    0.0023   0:100% 0.02:  0% 0.04:  0% 0.06:  0% 0.09:  0%

all scenes  (28 problems, 0 skipped: 0 clearance, 0 self-collision)
  rrtconnect   28/28      3.00/20.82/1010.31       2907       17    14.08        -      -    -0.0000      1/20531        0     0.0000       0
      primary samples 37, productive 11 (29.7%), vertices/sample 0.450
  qp-fixed     28/28      5.46/26.27/787.27        1219       12    10.12   0.0118     0%     0.0000      0/27271        0     0.0000       0
      primary samples 3, productive 3 (100.0%), vertices/sample 4.500
      qp 270.1 rows/call, 70% of calls reached the solver, 145698 calls
  qp-plain     28/28      5.55/26.35/811.24        1219       12    10.12   0.0118     0%     0.0000      0/27271        0     0.0000       0
      primary samples 3, productive 3 (100.0%), vertices/sample 4.500
      qp 343.0 rows/call, 100% of calls reached the solver, 145698 calls
  qp-adapt     28/28      1.38/10.34/535.80         545       12    10.31   0.0249    32%     0.0000      0/22323        0     0.0000       0
      primary samples 2, productive 2 (100.0%), vertices/sample 4.667
      qp 279.0 rows/call, 89% of calls reached the solver, 89764 calls
  qp-free      28/28      5.45/106.92/9074.20      10192       37    13.93   0.0048     0%     0.0002      0/42447        0     0.0004       0
      primary samples 61, productive 25 (41.0%), vertices/sample 0.486
  free-env     28/28      0.58/14.68/1118.65        601       33    14.04   0.0875    96%     0.0001      0/22863        0     0.0000       0
      primary samples 64, productive 23 (35.9%), vertices/sample 0.463
  qp-env       28/28      0.62/5.13/387.12         260       11    10.21   0.0547    30%     0.0000      0/20153        0     0.0000       0
      primary samples 2, productive 2 (100.0%), vertices/sample 5.000
      qp 285.3 rows/call, 93% of calls reached the solver, 65745 calls

"samples" is checked configurations for isSafe, barrier evaluations for
the three CBF rows, and SIMD configuration lanes evaluated for VAMP. They measure
sampling work, while wall time captures the very different per-sample costs.
"unsafe/audited" evaluates exact primitive clearance at every state of the
densified solution -- for each CBF row that is the rollout the planner recorded
for each edge, replayed, so it is the motion that would actually be executed,
sampled inside each step rather than only at its boundaries. Non-zero unsafe
invalidates a row however fast it was.
"missed" counts solution edges that were not on file and had to be
re-derived; it must be zero, or the audited motion is a different trajectory
from the one the planner found.


envelope hop: 16670 filter calls, 1.181 hold queries/call, 14.0% saturated, 100.0% longer than L1, past one step 89.2% (L1 alone 54.0%), gated 74.6%, empty-active 0.0%, screen-escalated 1.5%
envelope bottleneck: world 97.7%, self-collision 2.2%, unbound 0.1% (horizon or screen clip), blocked 0.0%, joint-limit clamped 0.0%
envelope binding term:
  world rows       L1 0.0%, local-L1 0.5%, speed-capped 10.6%, isotropic-anchored 88.9% (of 16289 bound calls)
  self-pair rows   L1 0.0%, local-L1 0.0%, speed-capped 0.0%, normal-anchored 100.0% (of 364 bound calls)
local-lever screen: 360339 of 601818 expensive world rows settled before the envelope (59.9%)
span handed to the rollout, in controller steps (65744 calls):
                   <1      1-2      2-4      4-8       8+
  L1 only      86.31%     7.57%     3.55%     1.46%     1.10%
  envelope     77.38%     6.53%     6.95%     4.59%     4.55%
=== CBF profiler (wall time) ===
=== CBF filter stats ===
  calls=0  unchanged=0 (0.0%)  filtered=0 (0.0%)  blocked=0 (0.0%)
  active rows:       avg=0.00  max=0
  zero-row fast path: 0 (0.0%)
  qp iterations:     avg=0.00  max=0
  certified duration: avg=0.00000s  min=0.00000s  max=0.00000s  (over 0 non-blocked calls)
  required gain:     avg=0.000/s  max=0.000/s  p50=0.000/s  p90=0.000/s  p99=0.000/s  (over 0 calls, 0 uncertified)
