
MotionBenchMaker Baxter, 1470 problems loaded, up to 10 per scene
voxel 0.006 m, stepSize 0.010 s, range 0.50 rad, 5.0 s limit, seed 3
audited margin 4.0 mm + one-voxel buffer, self margin 5.0 mm, kappa 30 /s
75 spheres, 2061 self-pairs in the model
hop certificate: safe (region), maxStepScale uncapped

Info:    RRTConnect: Starting planning with 1 states already in datastructure
Info:    RRTConnect: Created 24441 states (24427 start + 14 goal)
Info:    ProblemDefinition: Adding approximate solution from planner RRTConnect
Info:    RRTConnect: Starting planning with 1 states already in datastructure
Info:    RRTConnect: Created 448 states (234 start + 214 goal)
Info:    RRTConnect: Starting planning with 1 states already in datastructure
Info:    RRTConnect: Created 448 states (234 start + 214 goal)
Info:    RRTConnect: Starting planning with 1 states already in datastructure
Info:    RRTConnect: Created 23000 states (22992 start + 8 goal)
Info:    ProblemDefinition: Adding approximate solution from planner RRTConnect
Info:    RRTConnect: Starting planning with 1 states already in datastructure
Info:    RRTConnect: Created 27510 states (27430 start + 80 goal)
Info:    RRTConnect: Starting planning with 1 states already in datastructure
Info:    RRTConnect: Created 1707 states (1674 start + 33 goal)
Info:    RRTConnect: Starting planning with 1 states already in datastructure
Info:    RRTConnect: Created 1199 states (637 start + 562 goal)
Info:    RRTConnect: Starting planning with 1 states already in datastructure
Info:    RRTConnect: Created 1194 states (635 start + 559 goal)
Info:    RRTConnect: Starting planning with 1 states already in datastructure
Info:    RRTConnect: Created 2958 states (2835 start + 123 goal)
Info:    RRTConnect: Starting planning with 1 states already in datastructure
Info:    RRTConnect: Created 1887 states (1851 start + 36 goal)
Info:    RRTConnect: Starting planning with 1 states already in datastructure
Info:    RRTConnect: Created 2186 states (2160 start + 26 goal)
Info:    RRTConnect: Starting planning with 1 states already in datastructure
Info:    RRTConnect: Created 326 states (164 start + 162 goal)
Info:    RRTConnect: Starting planning with 1 states already in datastructure
Info:    RRTConnect: Created 326 states (164 start + 162 goal)
Info:    RRTConnect: Starting planning with 1 states already in datastructure
Info:    RRTConnect: Created 2226 states (2110 start + 116 goal)
Info:    RRTConnect: Starting planning with 1 states already in datastructure
Info:    RRTConnect: Created 3905 states (3866 start + 39 goal)
Info:    RRTConnect: Starting planning with 1 states already in datastructure
Info:    RRTConnect: Created 10641 states (10605 start + 36 goal)
Info:    RRTConnect: Starting planning with 1 states already in datastructure
Info:    RRTConnect: Created 458 states (243 start + 215 goal)
Info:    RRTConnect: Starting planning with 1 states already in datastructure
Info:    RRTConnect: Created 458 states (243 start + 215 goal)
Info:    RRTConnect: Starting planning with 1 states already in datastructure
Info:    RRTConnect: Created 2167 states (2033 start + 134 goal)
Info:    RRTConnect: Starting planning with 1 states already in datastructure
Info:    RRTConnect: Created 965 states (947 start + 18 goal)
Info:    RRTConnect: Starting planning with 1 states already in datastructure
Info:    RRTConnect: Created 6375 states (6330 start + 45 goal)
Info:    RRTConnect: Starting planning with 1 states already in datastructure
Info:    RRTConnect: Created 45 states (19 start + 26 goal)
Info:    RRTConnect: Starting planning with 1 states already in datastructure
Info:    RRTConnect: Created 45 states (19 start + 26 goal)
Info:    RRTConnect: Starting planning with 1 states already in datastructure
Info:    RRTConnect: Created 2050 states (1838 start + 212 goal)
Info:    RRTConnect: Starting planning with 1 states already in datastructure
Info:    RRTConnect: Created 2295 states (2269 start + 26 goal)
Info:    RRTConnect: Starting planning with 1 states already in datastructure
Info:    RRTConnect: Created 24738 states (24733 start + 5 goal)
Info:    ProblemDefinition: Adding approximate solution from planner RRTConnect
Info:    RRTConnect: Starting planning with 1 states already in datastructure
Info:    RRTConnect: Created 5000 states (2569 start + 2431 goal)
Info:    RRTConnect: Starting planning with 1 states already in datastructure
Info:    RRTConnect: Created 5002 states (2569 start + 2433 goal)
Info:    RRTConnect: Starting planning with 1 states already in datastructure
Info:    RRTConnect: Created 20867 states (20494 start + 373 goal)
Info:    RRTConnect: Starting planning with 1 states already in datastructure
Info:    RRTConnect: Created 49822 states (49746 start + 76 goal)
Info:    RRTConnect: Starting planning with 1 states already in datastructure
Info:    RRTConnect: Created 21324 states (21300 start + 24 goal)
Info:    RRTConnect: Starting planning with 1 states already in datastructure
Info:    RRTConnect: Created 35 states (16 start + 19 goal)
Info:    RRTConnect: Starting planning with 1 states already in datastructure
Info:    RRTConnect: Created 35 states (16 start + 19 goal)
Info:    RRTConnect: Starting planning with 1 states already in datastructure
Info:    RRTConnect: Created 18705 states (18599 start + 106 goal)
Info:    RRTConnect: Starting planning with 1 states already in datastructure
Info:    RRTConnect: Created 8896 states (8859 start + 37 goal)
Info:    RRTConnect: Starting planning with 1 states already in datastructure
Info:    RRTConnect: Created 2181 states (2159 start + 22 goal)
Info:    RRTConnect: Starting planning with 1 states already in datastructure
Info:    RRTConnect: Created 1360 states (724 start + 636 goal)
Info:    RRTConnect: Starting planning with 1 states already in datastructure
Info:    RRTConnect: Created 1359 states (724 start + 635 goal)
Info:    RRTConnect: Starting planning with 1 states already in datastructure
Info:    RRTConnect: Created 2548 states (2404 start + 144 goal)
Info:    RRTConnect: Starting planning with 1 states already in datastructure
Info:    RRTConnect: Created 2219 states (2175 start + 44 goal)
Info:    RRTConnect: Starting planning with 1 states already in datastructure
Info:    RRTConnect: Created 24615 states (24607 start + 8 goal)
Info:    ProblemDefinition: Adding approximate solution from planner RRTConnect
Info:    RRTConnect: Starting planning with 1 states already in datastructure
Info:    RRTConnect: Created 365 states (195 start + 170 goal)
Info:    RRTConnect: Starting planning with 1 states already in datastructure
Info:    RRTConnect: Created 365 states (195 start + 170 goal)
Info:    RRTConnect: Starting planning with 1 states already in datastructure
Info:    RRTConnect: Created 9544 states (9383 start + 161 goal)
Info:    RRTConnect: Starting planning with 1 states already in datastructure
Info:    RRTConnect: Created 36341 states (36271 start + 70 goal)
Info:    RRTConnect: Starting planning with 1 states already in datastructure
Info:    RRTConnect: Created 1829 states (1775 start + 54 goal)
Info:    RRTConnect: Starting planning with 1 states already in datastructure
Info:    RRTConnect: Created 525 states (273 start + 252 goal)
Info:    RRTConnect: Starting planning with 1 states already in datastructure
Info:    RRTConnect: Created 525 states (273 start + 252 goal)
Info:    RRTConnect: Starting planning with 1 states already in datastructure
Info:    RRTConnect: Created 4123 states (3952 start + 171 goal)
Info:    RRTConnect: Starting planning with 1 states already in datastructure
Info:    RRTConnect: Created 1089 states (1024 start + 65 goal)
Info:    RRTConnect: Starting planning with 1 states already in datastructure
Info:    RRTConnect: Created 2027 states (1971 start + 56 goal)
Info:    RRTConnect: Starting planning with 1 states already in datastructure
Info:    RRTConnect: Created 5686 states (3103 start + 2583 goal)
Info:    RRTConnect: Starting planning with 1 states already in datastructure
Info:    RRTConnect: Created 5686 states (3103 start + 2583 goal)
Info:    RRTConnect: Starting planning with 1 states already in datastructure
Info:    RRTConnect: Created 12486 states (11980 start + 506 goal)
Info:    RRTConnect: Starting planning with 1 states already in datastructure
Info:    RRTConnect: Created 10263 states (10140 start + 123 goal)
Info:    RRTConnect: Starting planning with 1 states already in datastructure
Info:    RRTConnect: Created 1245 states (1221 start + 24 goal)
Info:    RRTConnect: Starting planning with 1 states already in datastructure
Info:    RRTConnect: Created 170 states (83 start + 87 goal)
Info:    RRTConnect: Starting planning with 1 states already in datastructure
Info:    RRTConnect: Created 170 states (83 start + 87 goal)
Info:    RRTConnect: Starting planning with 1 states already in datastructure
Info:    RRTConnect: Created 1959 states (1884 start + 75 goal)
Info:    RRTConnect: Starting planning with 1 states already in datastructure
Info:    RRTConnect: Created 631 states (594 start + 37 goal)
Info:    RRTConnect: Starting planning with 1 states already in datastructure
Warning: RRTConnect: Skipping invalid goal state (invalid bounds)
         at line 311 in /home/ax-ml-ubu24/ompl/src/ompl/base/src/Planner.cpp
Debug:   RRTConnect: Discarded goal state:
RealVectorState [-0.856402 0.200245 -0.0383154 0.567743 3.05856 0.764229 -3.03673 1.01425 0.2951 3.05418 1.01702 -0.355769 -0.784304 -2.78658]

Debug:   RRTConnect: Waiting for goal region samples ...
Error:   RRTConnect: Unable to sample any valid states for goal tree
         at line 283 in /home/ax-ml-ubu24/ompl/src/ompl/geometric/planners/rrt/src/RRTConnect.cpp
Info:    RRTConnect: Created 1 states (1 start + 0 goal)
Info:    RRTConnect: Starting planning with 1 states already in datastructure
Warning: RRTConnect: Skipping invalid goal state (invalid bounds)
         at line 311 in /home/ax-ml-ubu24/ompl/src/ompl/base/src/Planner.cpp
Debug:   RRTConnect: Discarded goal state:
RealVectorState [-0.856402 0.200245 -0.0383154 0.567743 3.05856 0.764229 -3.03673 1.01425 0.2951 3.05418 1.01702 -0.355769 -0.784304 -2.78658]

Debug:   RRTConnect: Waiting for goal region samples ...
Error:   RRTConnect: Unable to sample any valid states for goal tree
         at line 283 in /home/ax-ml-ubu24/ompl/src/ompl/geometric/planners/rrt/src/RRTConnect.cpp
Info:    RRTConnect: Created 1 states (1 start + 0 goal)
Info:    RRTConnect: Starting planning with 1 states already in datastructure
Warning: RRTConnect: Skipping invalid goal state (invalid bounds)
         at line 311 in /home/ax-ml-ubu24/ompl/src/ompl/base/src/Planner.cpp
Debug:   RRTConnect: Discarded goal state:
RealVectorState [-0.856402 0.200245 -0.0383154 0.567743 3.05856 0.764229 -3.03673 1.01425 0.2951 3.05418 1.01702 -0.355769 -0.784304 -2.78658]

Debug:   RRTConnect: Waiting for goal region samples ...
Error:   RRTConnect: Unable to sample any valid states for goal tree
         at line 283 in /home/ax-ml-ubu24/ompl/src/ompl/geometric/planners/rrt/src/RRTConnect.cpp
Info:    RRTConnect: Created 1 states (1 start + 0 goal)
Info:    RRTConnect: Starting planning with 1 states already in datastructure
Warning: RRTConnect: Skipping invalid goal state (invalid bounds)
         at line 311 in /home/ax-ml-ubu24/ompl/src/ompl/base/src/Planner.cpp
Debug:   RRTConnect: Discarded goal state:
RealVectorState [-0.856402 0.200245 -0.0383154 0.567743 3.05856 0.764229 -3.03673 1.01425 0.2951 3.05418 1.01702 -0.355769 -0.784304 -2.78658]

Debug:   RRTConnect: Waiting for goal region samples ...
Error:   RRTConnect: Unable to sample any valid states for goal tree
         at line 283 in /home/ax-ml-ubu24/ompl/src/ompl/geometric/planners/rrt/src/RRTConnect.cpp
Info:    RRTConnect: Created 1 states (1 start + 0 goal)
Info:    RRTConnect: Starting planning with 1 states already in datastructure
Warning: RRTConnect: Skipping invalid goal state (invalid bounds)
         at line 311 in /home/ax-ml-ubu24/ompl/src/ompl/base/src/Planner.cpp
Debug:   RRTConnect: Discarded goal state:
RealVectorState [-0.856402 0.200245 -0.0383154 0.567743 3.05856 0.764229 -3.03673 1.01425 0.2951 3.05418 1.01702 -0.355769 -0.784304 -2.78658]

Debug:   RRTConnect: Waiting for goal region samples ...
Error:   RRTConnect: Unable to sample any valid states for goal tree
         at line 283 in /home/ax-ml-ubu24/ompl/src/ompl/geometric/planners/rrt/src/RRTConnect.cpp
Info:    RRTConnect: Created 1 states (1 start + 0 goal)
Info:    RRTConnect: Starting planning with 1 states already in datastructure
Info:    RRTConnect: Created 785 states (739 start + 46 goal)
Info:    RRTConnect: Starting planning with 1 states already in datastructure
Info:    RRTConnect: Created 1268 states (665 start + 603 goal)
Info:    RRTConnect: Starting planning with 1 states already in datastructure
Info:    RRTConnect: Created 1268 states (665 start + 603 goal)
Info:    RRTConnect: Starting planning with 1 states already in datastructure
Info:    RRTConnect: Created 945 states (715 start + 230 goal)
Info:    RRTConnect: Starting planning with 1 states already in datastructure
Info:    RRTConnect: Created 263 states (222 start + 41 goal)
Info:    RRTConnect: Starting planning with 1 states already in datastructure
Info:    RRTConnect: Created 8386 states (8318 start + 68 goal)
Info:    RRTConnect: Starting planning with 1 states already in datastructure
Info:    RRTConnect: Created 377 states (200 start + 177 goal)
Info:    RRTConnect: Starting planning with 1 states already in datastructure
Info:    RRTConnect: Created 377 states (200 start + 177 goal)
Info:    RRTConnect: Starting planning with 1 states already in datastructure
Info:    RRTConnect: Created 2264 states (2141 start + 123 goal)
Info:    RRTConnect: Starting planning with 1 states already in datastructure
Info:    RRTConnect: Created 13427 states (13392 start + 35 goal)
Info:    RRTConnect: Starting planning with 1 states already in datastructure
Info:    RRTConnect: Created 384 states (363 start + 21 goal)
Info:    RRTConnect: Starting planning with 1 states already in datastructure
Info:    RRTConnect: Created 647 states (334 start + 313 goal)
Info:    RRTConnect: Starting planning with 1 states already in datastructure
Info:    RRTConnect: Created 647 states (334 start + 313 goal)
Info:    RRTConnect: Starting planning with 1 states already in datastructure
Info:    RRTConnect: Created 1020 states (910 start + 110 goal)
Info:    RRTConnect: Starting planning with 1 states already in datastructure
Info:    RRTConnect: Created 385 states (368 start + 17 goal)
Info:    RRTConnect: Starting planning with 1 states already in datastructure
Info:    RRTConnect: Created 832 states (796 start + 36 goal)
Info:    RRTConnect: Starting planning with 1 states already in datastructure
Info:    RRTConnect: Created 2912 states (1558 start + 1354 goal)
Info:    RRTConnect: Starting planning with 1 states already in datastructure
Info:    RRTConnect: Created 2912 states (1558 start + 1354 goal)
Info:    RRTConnect: Starting planning with 1 states already in datastructure
Info:    RRTConnect: Created 763 states (636 start + 127 goal)
Info:    RRTConnect: Starting planning with 1 states already in datastructure
Info:    RRTConnect: Created 902 states (862 start + 40 goal)
Info:    RRTConnect: Starting planning with 1 states already in datastructure
Info:    RRTConnect: Created 12698 states (12654 start + 44 goal)
Info:    RRTConnect: Starting planning with 1 states already in datastructure
Info:    RRTConnect: Created 1512 states (802 start + 710 goal)
Info:    RRTConnect: Starting planning with 1 states already in datastructure
Info:    RRTConnect: Created 1512 states (802 start + 710 goal)
Info:    RRTConnect: Starting planning with 1 states already in datastructure
Info:    RRTConnect: Created 10332 states (10151 start + 181 goal)
Info:    RRTConnect: Starting planning with 1 states already in datastructure
Info:    RRTConnect: Created 31150 states (31071 start + 79 goal)
Info:    RRTConnect: Starting planning with 1 states already in datastructure
Info:    RRTConnect: Created 509 states (492 start + 17 goal)
Info:    RRTConnect: Starting planning with 1 states already in datastructure
Info:    RRTConnect: Created 178 states (94 start + 84 goal)
Info:    RRTConnect: Starting planning with 1 states already in datastructure
Info:    RRTConnect: Created 178 states (94 start + 84 goal)
Info:    RRTConnect: Starting planning with 1 states already in datastructure
Info:    RRTConnect: Created 578 states (505 start + 73 goal)
Info:    RRTConnect: Starting planning with 1 states already in datastructure
Info:    RRTConnect: Created 792 states (752 start + 40 goal)
Info:    RRTConnect: Starting planning with 1 states already in datastructure
Info:    RRTConnect: Created 2687 states (2655 start + 32 goal)
Info:    RRTConnect: Starting planning with 1 states already in datastructure
Info:    RRTConnect: Created 4022 states (2111 start + 1911 goal)
Info:    RRTConnect: Starting planning with 1 states already in datastructure
Info:    RRTConnect: Created 4020 states (2110 start + 1910 goal)
Info:    RRTConnect: Starting planning with 1 states already in datastructure
Info:    RRTConnect: Created 6110 states (5920 start + 190 goal)
Info:    RRTConnect: Starting planning with 1 states already in datastructure
Info:    RRTConnect: Created 3883 states (3840 start + 43 goal)
Info:    RRTConnect: Starting planning with 1 states already in datastructure
Info:    RRTConnect: Created 24885 states (24879 start + 6 goal)
Info:    ProblemDefinition: Adding approximate solution from planner RRTConnect
Info:    RRTConnect: Starting planning with 1 states already in datastructure
Info:    RRTConnect: Created 333 states (181 start + 152 goal)
Info:    RRTConnect: Starting planning with 1 states already in datastructure
Info:    RRTConnect: Created 342 states (185 start + 157 goal)
Info:    RRTConnect: Starting planning with 1 states already in datastructure
Info:    RRTConnect: Created 23317 states (23312 start + 5 goal)
Info:    ProblemDefinition: Adding approximate solution from planner RRTConnect
Info:    RRTConnect: Starting planning with 1 states already in datastructure
Info:    RRTConnect: Created 53145 states (53140 start + 5 goal)
Info:    ProblemDefinition: Adding approximate solution from planner RRTConnect
Info:    RRTConnect: Starting planning with 1 states already in datastructure
Warning: RRTConnect: Skipping invalid goal state (invalid bounds)
         at line 311 in /home/ax-ml-ubu24/ompl/src/ompl/base/src/Planner.cpp
Debug:   RRTConnect: Discarded goal state:
RealVectorState [-0.812115 0.483679 -1.55725 0.994787 -2.59744 1.10829 -1.8641 0.939712 0.950737 3.05418 1.77602 -0.307616 -0.854355 -2.8762]

Debug:   RRTConnect: Waiting for goal region samples ...
Error:   RRTConnect: Unable to sample any valid states for goal tree
         at line 283 in /home/ax-ml-ubu24/ompl/src/ompl/geometric/planners/rrt/src/RRTConnect.cpp
Info:    RRTConnect: Created 1 states (1 start + 0 goal)
Info:    RRTConnect: Starting planning with 1 states already in datastructure
Warning: RRTConnect: Skipping invalid goal state (invalid bounds)
         at line 311 in /home/ax-ml-ubu24/ompl/src/ompl/base/src/Planner.cpp
Debug:   RRTConnect: Discarded goal state:
RealVectorState [-0.812115 0.483679 -1.55725 0.994787 -2.59744 1.10829 -1.8641 0.939712 0.950737 3.05418 1.77602 -0.307616 -0.854355 -2.8762]

Debug:   RRTConnect: Waiting for goal region samples ...
Error:   RRTConnect: Unable to sample any valid states for goal tree
         at line 283 in /home/ax-ml-ubu24/ompl/src/ompl/geometric/planners/rrt/src/RRTConnect.cpp
Info:    RRTConnect: Created 1 states (1 start + 0 goal)
Info:    RRTConnect: Starting planning with 1 states already in datastructure
Warning: RRTConnect: Skipping invalid goal state (invalid bounds)
         at line 311 in /home/ax-ml-ubu24/ompl/src/ompl/base/src/Planner.cpp
Debug:   RRTConnect: Discarded goal state:
RealVectorState [-0.812115 0.483679 -1.55725 0.994787 -2.59744 1.10829 -1.8641 0.939712 0.950737 3.05418 1.77602 -0.307616 -0.854355 -2.8762]

Debug:   RRTConnect: Waiting for goal region samples ...
Error:   RRTConnect: Unable to sample any valid states for goal tree
         at line 283 in /home/ax-ml-ubu24/ompl/src/ompl/geometric/planners/rrt/src/RRTConnect.cpp
Info:    RRTConnect: Created 1 states (1 start + 0 goal)
Info:    RRTConnect: Starting planning with 1 states already in datastructure
Warning: RRTConnect: Skipping invalid goal state (invalid bounds)
         at line 311 in /home/ax-ml-ubu24/ompl/src/ompl/base/src/Planner.cpp
Debug:   RRTConnect: Discarded goal state:
RealVectorState [-0.812115 0.483679 -1.55725 0.994787 -2.59744 1.10829 -1.8641 0.939712 0.950737 3.05418 1.77602 -0.307616 -0.854355 -2.8762]

Debug:   RRTConnect: Waiting for goal region samples ...
Error:   RRTConnect: Unable to sample any valid states for goal tree
         at line 283 in /home/ax-ml-ubu24/ompl/src/ompl/geometric/planners/rrt/src/RRTConnect.cpp
Info:    RRTConnect: Created 1 states (1 start + 0 goal)
Info:    RRTConnect: Starting planning with 1 states already in datastructure
Warning: RRTConnect: Skipping invalid goal state (invalid bounds)
         at line 311 in /home/ax-ml-ubu24/ompl/src/ompl/base/src/Planner.cpp
Debug:   RRTConnect: Discarded goal state:
RealVectorState [-0.812115 0.483679 -1.55725 0.994787 -2.59744 1.10829 -1.8641 0.939712 0.950737 3.05418 1.77602 -0.307616 -0.854355 -2.8762]

Debug:   RRTConnect: Waiting for goal region samples ...
Error:   RRTConnect: Unable to sample any valid states for goal tree
         at line 283 in /home/ax-ml-ubu24/ompl/src/ompl/geometric/planners/rrt/src/RRTConnect.cpp
Info:    RRTConnect: Created 1 states (1 start + 0 goal)
Info:    RRTConnect: Starting planning with 1 states already in datastructure
Info:    RRTConnect: Created 2110 states (2085 start + 25 goal)
Info:    RRTConnect: Starting planning with 1 states already in datastructure
Info:    RRTConnect: Created 956 states (487 start + 469 goal)
Info:    RRTConnect: Starting planning with 1 states already in datastructure
Info:    RRTConnect: Created 957 states (487 start + 470 goal)
Info:    RRTConnect: Starting planning with 1 states already in datastructure
Info:    RRTConnect: Created 6243 states (6176 start + 67 goal)
Info:    RRTConnect: Starting planning with 1 states already in datastructure
Info:    RRTConnect: Created 1286 states (1261 start + 25 goal)
Info:    RRTConnect: Starting planning with 1 states already in datastructure
Info:    RRTConnect: Created 785 states (764 start + 21 goal)
Info:    RRTConnect: Starting planning with 1 states already in datastructure
Info:    RRTConnect: Created 36 states (17 start + 19 goal)
Info:    RRTConnect: Starting planning with 1 states already in datastructure
Info:    RRTConnect: Created 36 states (17 start + 19 goal)
Info:    RRTConnect: Starting planning with 1 states already in datastructure
Info:    RRTConnect: Created 1017 states (893 start + 124 goal)
Info:    RRTConnect: Starting planning with 1 states already in datastructure
Info:    RRTConnect: Created 664 states (639 start + 25 goal)
Info:    RRTConnect: Starting planning with 1 states already in datastructure
Info:    RRTConnect: Created 24715 states (24709 start + 6 goal)
Info:    ProblemDefinition: Adding approximate solution from planner RRTConnect
Info:    RRTConnect: Starting planning with 1 states already in datastructure
Info:    RRTConnect: Created 48 states (24 start + 24 goal)
Info:    RRTConnect: Starting planning with 1 states already in datastructure
Info:    RRTConnect: Created 48 states (24 start + 24 goal)
Info:    RRTConnect: Starting planning with 1 states already in datastructure
Info:    RRTConnect: Created 11199 states (11013 start + 186 goal)
Info:    RRTConnect: Starting planning with 1 states already in datastructure
Info:    RRTConnect: Created 7092 states (7063 start + 29 goal)
Info:    RRTConnect: Starting planning with 1 states already in datastructure
Info:    RRTConnect: Created 1538 states (1496 start + 42 goal)
Info:    RRTConnect: Starting planning with 1 states already in datastructure
Info:    RRTConnect: Created 465 states (242 start + 223 goal)
Info:    RRTConnect: Starting planning with 1 states already in datastructure
Info:    RRTConnect: Created 465 states (242 start + 223 goal)
Info:    RRTConnect: Starting planning with 1 states already in datastructure
Info:    RRTConnect: Created 3525 states (3318 start + 207 goal)
Info:    RRTConnect: Starting planning with 1 states already in datastructure
Info:    RRTConnect: Created 1765 states (1730 start + 35 goal)
Info:    RRTConnect: Starting planning with 1 states already in datastructure
Info:    RRTConnect: Created 1099 states (1067 start + 32 goal)
Info:    RRTConnect: Starting planning with 1 states already in datastructure
Info:    RRTConnect: Created 575 states (307 start + 268 goal)
Info:    RRTConnect: Starting planning with 1 states already in datastructure
Info:    RRTConnect: Created 574 states (307 start + 267 goal)
Info:    RRTConnect: Starting planning with 1 states already in datastructure
Info:    RRTConnect: Created 1859 states (1749 start + 110 goal)
Info:    RRTConnect: Starting planning with 1 states already in datastructure
Info:    RRTConnect: Created 1170 states (1116 start + 54 goal)
Info:    RRTConnect: Starting planning with 1 states already in datastructure
Info:    RRTConnect: Created 374 states (353 start + 21 goal)
Info:    RRTConnect: Starting planning with 1 states already in datastructure
Info:    RRTConnect: Created 667 states (347 start + 320 goal)
Info:    RRTConnect: Starting planning with 1 states already in datastructure
Info:    RRTConnect: Created 667 states (347 start + 320 goal)
Info:    RRTConnect: Starting planning with 1 states already in datastructure
Info:    RRTConnect: Created 1765 states (1656 start + 109 goal)
Info:    RRTConnect: Starting planning with 1 states already in datastructure
Info:    RRTConnect: Created 1162 states (1117 start + 45 goal)
Info:    RRTConnect: Starting planning with 1 states already in datastructure
Info:    RRTConnect: Created 360 states (332 start + 28 goal)
Info:    RRTConnect: Starting planning with 1 states already in datastructure
Info:    RRTConnect: Created 181 states (95 start + 86 goal)
Info:    RRTConnect: Starting planning with 1 states already in datastructure
Info:    RRTConnect: Created 181 states (95 start + 86 goal)
Info:    RRTConnect: Starting planning with 1 states already in datastructure
Info:    RRTConnect: Created 590 states (538 start + 52 goal)
Info:    RRTConnect: Starting planning with 1 states already in datastructure
Info:    RRTConnect: Created 636 states (602 start + 34 goal)
bookshelf_tall_both_arms_easy  (10 problems)
  planner      solved   ms(min/med/max)          samples vertices    path rad/call coarse  worst clr unsafe/audited missed worst self collide
  rrtconnect    7/10     269.17/  351.95/  4231.56    380873  12003   19.64   0.0000     0%     0.0000       0/6870          0    0.0064      0
  cbf-rrtc     10/10      15.61/  274.14/  2473.87     32668    976   15.90   0.0159     2%    -0.0151      55/11793         0    0.0050      0
  cbf-nocert   10/10      15.99/  288.24/  2614.09     34483    975   15.90   0.0150     0%    -0.0151      55/11998         0    0.0050      0
  qp-free       9/10     358.32/  554.37/  4367.04    209875   8818   25.62   0.0201     0%     0.0064       0/17518         0    0.0074      0
  vamp-rrtc    10/10       7.67/   24.48/  4359.65    591356  13492   21.52   0.0000     0%    -0.0040     626/10758         0    0.0000      0

bookshelf_tall_both_arms_hard  (9 problems)
  planner      solved   ms(min/med/max)          samples vertices    path rad/call coarse  worst clr unsafe/audited missed worst self collide
  rrtconnect    6/9       54.65/  122.48/   335.73    196015   6207   19.72   0.0000     0%     0.0001       0/5915          0    0.0172      0
  cbf-rrtc      8/9       19.05/  247.10/   494.70     11822    362   15.30   0.0145     2%    -0.0056      15/9066          0    0.0050      0
  cbf-nocert    8/9       19.96/  264.63/   515.95     12532    363   15.02   0.0136     0%    -0.0052      16/9084          0    0.0050      0
  qp-free       7/9       97.98/  351.19/  2052.14    130730   5501   24.55   0.0178     0%     0.0062       0/13118         0    0.0143      0
  vamp-rrtc     7/9        4.19/   11.08/   136.64    317889   7435   20.50   0.0000     0%    -0.0039     402/7172          0    0.0085      0

bookshelf_tall_both_arms_medium  (10 problems)
  planner      solved   ms(min/med/max)          samples vertices    path rad/call coarse  worst clr unsafe/audited missed worst self collide
  rrtconnect    9/10      59.03/  192.92/  2265.37     93521   2955   20.52   0.0000     0%     0.0000       0/9228          0    0.0072      0
  cbf-rrtc      9/10      84.91/  702.84/  3113.14     57893   1677   20.52   0.0139     2%    -0.0042       6/13805         0    0.0053      0
  cbf-nocert    9/10      88.85/  740.15/  3247.87     60766   1677   20.52   0.0132     0%    -0.0042       6/14124         0    0.0053      0
  qp-free       9/10      95.57/  339.38/  2561.04     86630   3645   24.55   0.0180     0%     0.0061       0/16781         0    0.0103      0
  vamp-rrtc     9/10       1.59/    7.04/  1701.90    276166   6169   21.70   0.0000     0%    -0.0040     375/9758          0    0.0020      0

all scenes  (29 problems, 1 skipped: endpoint inside the guarded margin)
endpoint clearance over 30 problems: min 9.6, p50 12.8, max 17.9 mm; ineligible at a guarded margin of 5/10/20/34 mm: 0%/3%/100%/100%
  planner      solved   ms(min/med/max)          samples vertices    path rad/call coarse  worst clr unsafe/audited missed worst self collide
  rrtconnect   22/29      54.65/  269.17/  4231.56    224416   7084   20.02   0.0000     0%     0.0000       0/22013         0    0.0064      0
  cbf-rrtc     27/29      15.61/  295.38/  3113.14     34897   1027   17.26   0.0148     2%    -0.0151      76/34664         0    0.0050      0
  cbf-nocert   27/29      15.99/  307.64/  3247.87     36734   1027   17.18   0.0139     0%    -0.0151      77/35206         0    0.0050      0
  qp-free      25/29      95.57/  415.89/  4367.04    142814   6005   24.94   0.0187     0%     0.0061       0/47417         0    0.0074      0
  vamp-rrtc    26/29       1.59/   17.53/  4359.65    397801   9087   21.31   0.0000     0%    -0.0040    1403/27688         0    0.0000      0

"unsafe/audited" evaluates exact primitive clearance at every state of the
densified solution -- for the CBF row that is the rollout the planner recorded,
replayed. Non-zero unsafe invalidates a row however fast it was.
