
MotionBenchMaker UR5, 689 problems loaded, up to 100 per scene
voxel 0.003 m, margin 0.0000 m + 0.0010 m filter buffer, stepSize 0.001 s, range 2.00 rad, 10.0 s limit

hop certificates: old L1 Lipschitz region and new hold-time bound
Picard: off; trajectory prefixes: 0; sequential rollout budget: 10000 calls
kappa 20.00 /s, certified step uncapped, self-collision margin 0.0000 m over 303 pairs
baseline segment: 0.000650 of extent = 0.0100 rad, rollout step 0.0100 rad (matched to the rollout)
rope shortcut off, all rows unsimplified

seed 1
  planner       solved ms(min/med/max)        samples vertices     path rad/call coarse  worst clr unsafe/audited missed worst self collide

bookshelf_small  (14 problems, 0 skipped: 0 clearance, 0 self-collision)
  rrtconnect    9/14      1.60/230.10/10010.01        949        7    12.05        -      -     0.0007      0/4969         0     0.0011       0
      primary samples 5, productive 3 (60.0%), vertices/sample 0.130
  qp-fixed     10/14      1.57/11.80/10001.08       2175       21     9.23   0.0128     0%    -0.0003      1/6525         0     0.0025       0
      primary samples 7, productive 7 (100.0%), vertices/sample 4.500
      qp 275.7 rows/call, 58% of calls reached the solver, 6698357 calls
  qp-plain     10/14      1.77/12.65/10001.05       2175       21     9.23   0.0128     0%    -0.0003      1/6525         0     0.0025       0
      primary samples 7, productive 7 (100.0%), vertices/sample 4.500
      qp 343.0 rows/call, 100% of calls reached the solver, 6519726 calls
  qp-adapt     10/14      0.26/4.50/10000.66        707       22     9.24   0.0396    57%    -0.0003      1/5516         0     0.0025       0
      primary samples 7, productive 7 (100.0%), vertices/sample 4.500
      qp 299.7 rows/call, 88% of calls reached the solver, 6098161 calls
  qp-free       9/14      2.37/144.07/10000.35      29759       51    10.79   0.0047     0%     0.0021      0/8547         0     0.0025       0
      primary samples 219, productive 43 (19.6%), vertices/sample 0.457
  qp-env       10/14      0.17/1.97/10000.52        229       21     9.27   0.1225    47%    -0.0000      1/5123         0     0.0025       0
      primary samples 7, productive 7 (100.0%), vertices/sample 4.500
      qp 298.8 rows/call, 90% of calls reached the solver, 5931341 calls

bookshelf_tall  (14 problems, 0 skipped: 0 clearance, 0 self-collision)
  rrtconnect    9/14      4.32/68.28/10010.08       5077       26    14.86        -      -     0.0003      0/6561         0     0.0025       0
      primary samples 163, productive 21 (12.9%), vertices/sample 0.157
  qp-fixed      9/14      2.29/23.50/10002.09       2986       20    11.96   0.0098     0%    -0.0049    175/8596         0     0.0025       0
      primary samples 11, productive 7 (63.6%), vertices/sample 3.200
      qp 297.0 rows/call, 88% of calls reached the solver, 6028783 calls
  qp-plain      9/14      2.48/25.31/10001.56       2986       20    11.96   0.0098     0%    -0.0049    175/8596         0     0.0025       0
      primary samples 11, productive 7 (63.6%), vertices/sample 3.200
      qp 343.0 rows/call, 100% of calls reached the solver, 6016957 calls
  qp-adapt      9/14      0.53/21.11/10001.04       2277       25    11.95   0.0164    25%    -0.0014     81/7299         0     0.0025       0
      primary samples 12, productive 10 (83.3%), vertices/sample 2.083
      qp 300.1 rows/call, 97% of calls reached the solver, 5680320 calls
  qp-free       9/14     14.40/124.99/10000.77      18834       44    10.58   0.0038     0%     0.0013      0/10917        0     0.0025       0
      primary samples 159, productive 38 (23.9%), vertices/sample 0.289
  qp-env        9/14      0.36/9.58/10001.93        989       26    13.17   0.0277    18%    -0.0052    219/6908         0     0.0025       0
      primary samples 11, productive 8 (72.7%), vertices/sample 3.273
      qp 300.0 rows/call, 99% of calls reached the solver, 5636255 calls

bookshelf_thin  (14 problems, 0 skipped: 0 clearance, 0 self-collision)
  rrtconnect    8/14     12.83/180.62/10007.54       2459       14    15.91        -      -     0.0011      0/6503         0     0.0025       0
      primary samples 48, productive 10 (20.8%), vertices/sample 0.159
  qp-fixed      9/14      2.66/14.73/10002.38       1563       12     6.94   0.0100     0%    -0.0155     37/6274         0     0.0025       0
      primary samples 5, productive 3 (60.0%), vertices/sample 2.000
      qp 270.3 rows/call, 85% of calls reached the solver, 5218398 calls
  qp-plain      9/14      2.96/15.94/10001.80       1563       12     6.94   0.0100     0%    -0.0155     37/6274         0     0.0025       0
      primary samples 5, productive 3 (60.0%), vertices/sample 2.000
      qp 343.0 rows/call, 100% of calls reached the solver, 5202315 calls
  qp-adapt      9/14      0.96/12.56/10002.34       1242       13     6.94   0.0153    13%    -0.0155     36/5225         0     0.0025       0
      primary samples 5, productive 3 (60.0%), vertices/sample 2.000
      qp 290.6 rows/call, 93% of calls reached the solver, 4946195 calls
  qp-free       8/14     13.99/988.03/10000.80     119752      215    13.72   0.0041     0%     0.0027      0/10769        0     0.0025       0
      primary samples 923, productive 209 (22.6%), vertices/sample 0.294
  qp-env        9/14      0.36/10.28/10002.31       1001       14     6.95   0.0194    23%     0.0011      0/4553         0     0.0025       0
      primary samples 5, productive 3 (60.0%), vertices/sample 2.000
      qp 289.5 rows/call, 99% of calls reached the solver, 4973374 calls

box  (14 problems, 0 skipped: 0 clearance, 0 self-collision)
  rrtconnect   14/14      1.86/5.03/14.82         2146       13     9.85        -      -     0.0004      0/7466         0     0.0025       0
      primary samples 37, productive 9 (24.3%), vertices/sample 0.406
  qp-fixed     14/14      1.55/2.71/36.55          542        6     6.62   0.0126     0%     0.0014      0/9854         0     0.0025       0
      primary samples 1, productive 1 (100.0%), vertices/sample 6.000
      qp 263.1 rows/call, 51% of calls reached the solver, 20169 calls
  qp-plain     14/14      1.72/3.05/38.56          542        6     6.62   0.0126     0%     0.0014      0/9854         0     0.0025       0
      primary samples 1, productive 1 (100.0%), vertices/sample 6.000
      qp 343.0 rows/call, 100% of calls reached the solver, 20169 calls
  qp-adapt     14/14      0.41/0.96/23.22          163        6     6.62   0.0467    53%     0.0014      0/7817         0     0.0025       0
      primary samples 1, productive 1 (100.0%), vertices/sample 6.000
      qp 265.2 rows/call, 85% of calls reached the solver, 9453 calls
  qp-free      14/14      9.08/36.72/99.70         7941       27    12.88   0.0050     0%     0.0027      0/17565        0     0.0025       0
      primary samples 45, productive 18 (40.0%), vertices/sample 0.595
  qp-env       14/14      0.29/0.79/16.01          103        6     6.61   0.0816    49%     0.0014      0/7200         0     0.0025       0
      primary samples 1, productive 1 (100.0%), vertices/sample 6.000
      qp 270.7 rows/call, 85% of calls reached the solver, 5641 calls

cage  (15 problems, 0 skipped: 0 clearance, 0 self-collision)
  rrtconnect   15/15     13.52/101.71/1145.29      39915      208    19.32        -      -     0.0012      0/15640        0     0.0025       0
      primary samples 1657, productive 203 (12.3%), vertices/sample 0.114
  qp-fixed     15/15     23.01/162.80/313.64       25301      106    23.18   0.0083     0%     0.0010      0/29795        0     0.0025       0
      primary samples 105, productive 64 (61.0%), vertices/sample 1.044
      qp 270.7 rows/call, 91% of calls reached the solver, 349204 calls
  qp-plain     15/15     24.45/165.74/326.99       25301      106    23.18   0.0083     0%     0.0010      0/29795        0     0.0025       0
      primary samples 105, productive 64 (61.0%), vertices/sample 1.044
      qp 343.0 rows/call, 100% of calls reached the solver, 349204 calls
  qp-adapt     15/15     12.47/126.73/251.71       17976      107    22.27   0.0119    28%     0.0010      0/23748        0     0.0025       0
      primary samples 105, productive 64 (61.0%), vertices/sample 1.096
      qp 270.2 rows/call, 98% of calls reached the solver, 257215 calls
  qp-free      14/15    331.61/984.85/10000.12     205222      411    22.94   0.0031     0%     0.0012      0/34520        0     0.0016       0
      primary samples 1655, productive 383 (23.1%), vertices/sample 0.217
  qp-env       15/15      8.42/99.60/199.82       13518      109    20.71   0.0145    18%     0.0001      0/19780        0     0.0010       0
      primary samples 105, productive 63 (60.0%), vertices/sample 1.058
      qp 268.5 rows/call, 99% of calls reached the solver, 209366 calls

table_pick  (14 problems, 0 skipped: 0 clearance, 0 self-collision)
  rrtconnect   14/14      1.80/6.81/25.29         1971       12    10.61        -      -     0.0004      0/7163         0     0.0025       0
      primary samples 21, productive 7 (33.3%), vertices/sample 0.619
  qp-fixed     14/14      1.79/3.59/6.58           630        6     7.71   0.0128     0%     0.0016      0/7972         0     0.0025       0
      primary samples 1, productive 1 (100.0%), vertices/sample 6.000
      qp 243.5 rows/call, 17% of calls reached the solver, 8101 calls
  qp-plain     14/14      2.08/4.18/7.07           630        6     7.71   0.0128     0%     0.0016      0/7972         0     0.0025       0
      primary samples 1, productive 1 (100.0%), vertices/sample 6.000
      qp 343.0 rows/call, 100% of calls reached the solver, 8101 calls
  qp-adapt     14/14      0.28/0.54/3.91            78        6     7.71   0.1088    63%     0.0016      0/5822         0     0.0025       0
      primary samples 1, productive 1 (100.0%), vertices/sample 6.000
      qp 280.8 rows/call, 56% of calls reached the solver, 1744 calls
  qp-free      14/14      4.71/24.84/98.58         4355       20    11.59   0.0064     0%     0.0024      0/12574        0     0.0025       0
      primary samples 34, productive 13 (38.2%), vertices/sample 0.588
  qp-env       14/14      0.25/0.36/2.48            38        6     7.71   0.2021    74%     0.0015      0/5445         0     0.0025       0
      primary samples 1, productive 1 (100.0%), vertices/sample 6.000
      qp 270.1 rows/call, 63% of calls reached the solver, 972 calls

table_under_pick  (14 problems, 0 skipped: 0 clearance, 0 self-collision)
  rrtconnect    6/14      0.01/8.37/10000.26       2348       14    12.84        -      -    -0.0000      1/3784         0     0.0025       0
      primary samples 40, productive 10 (25.0%), vertices/sample 0.123
  qp-fixed      6/14      6.97/10000.12/10001.49    1383218     2702    13.62   0.0077     0%    -0.0027     75/7457         0     0.0025       0
      primary samples 6370, productive 2583 (40.5%), vertices/sample 0.425
      qp 294.5 rows/call, 87% of calls reached the solver, 11162594 calls
  qp-plain      6/14      7.47/10000.27/10000.85    1345145     2600    13.62   0.0077     0%    -0.0027     75/7457         0     0.0025       0
      primary samples 6164, productive 2487 (40.3%), vertices/sample 0.430
      qp 343.0 rows/call, 100% of calls reached the solver, 10941728 calls
  qp-adapt      6/14      2.15/10000.20/10001.19    1291093     2764    11.32   0.0096    11%    -0.0027     77/5726         0     0.0025       0
      primary samples 6600, productive 2647 (40.1%), vertices/sample 0.423
      qp 297.0 rows/call, 97% of calls reached the solver, 10424299 calls
  qp-free       6/14     21.84/10000.07/10000.83    1658801     2917    15.73   0.0037     0%     0.0022      0/8650         0     0.0025       0
      primary samples 15730, productive 2911 (18.5%), vertices/sample 0.194
  qp-env        6/14      1.48/10000.26/10001.39    1272128     2835    11.36   0.0104     2%    -0.0024     76/5225         0     0.0025       0
      primary samples 6838, productive 2718 (39.7%), vertices/sample 0.420
      qp 296.2 rows/call, 99% of calls reached the solver, 10215548 calls

Hop disposition -- what set the hop's length, median over problems.
  row         floored(<1 step)    at region   edge-limited
  qp-fixed            100.0%         0.0%           0.0%
  qp-plain            100.0%         0.0%           0.0%
  qp-adapt             70.0%        29.0%           1.0%
  qp-free             100.0%         0.0%           0.0%
  qp-env               76.6%        22.3%           1.9%

Endpoint clearance at zero margin -- min(start, goal) over all spheres.
  scene                     min    median       max affordable   problems by margin
  bookshelf_small       -0.0233    0.0041    0.0095   -0.0233   0: 64% 0.02:  0% 0.04:  0% 0.06:  0% 0.09:  0%
  bookshelf_tall        -0.0230    0.0050    0.0105   -0.0230   0: 79% 0.02:  0% 0.04:  0% 0.06:  0% 0.09:  0%
  bookshelf_thin        -0.0243    0.0039    0.0108   -0.0243   0: 64% 0.02:  0% 0.04:  0% 0.06:  0% 0.09:  0%
  box                    0.0127    0.0127    0.0127    0.0127   0:100% 0.02:  0% 0.04:  0% 0.06:  0% 0.09:  0%
  cage                   0.0012    0.0127    0.0127    0.0012   0:100% 0.02:  0% 0.04:  0% 0.06:  0% 0.09:  0%
  table_pick             0.0044    0.0080    0.0083    0.0044   0:100% 0.02:  0% 0.04:  0% 0.06:  0% 0.09:  0%
  table_under_pick      -0.0219    0.0079    0.0082   -0.0219   0: 64% 0.02:  0% 0.04:  0% 0.06:  0% 0.09:  0%

all scenes  (99 problems, 0 skipped: 0 clearance, 0 self-collision)
  rrtconnect   75/99      0.01/14.80/10010.08       2459       14    12.89        -      -    -0.0000      1/52086        0     0.0011       0
      primary samples 48, productive 10 (20.8%), vertices/sample 0.177
  qp-fixed     77/99      1.55/14.73/10002.38       2098       20     9.56   0.0101     0%    -0.0155    288/76473        0     0.0025       0
      primary samples 7, productive 7 (100.0%), vertices/sample 3.000
      qp 272.2 rows/call, 81% of calls reached the solver, 29485606 calls
  qp-plain     77/99      1.72/14.92/10001.80       2098       20     9.56   0.0101     0%    -0.0155    288/76473        0     0.0025       0
      primary samples 7, productive 7 (100.0%), vertices/sample 3.000
      qp 343.0 rows/call, 100% of calls reached the solver, 29058200 calls
  qp-adapt     77/99      0.26/8.91/10002.34       1138       19     9.57   0.0187    30%    -0.0155    195/61153        0     0.0025       0
      primary samples 7, productive 7 (100.0%), vertices/sample 2.857
      qp 283.9 rows/call, 95% of calls reached the solver, 27417387 calls
  qp-free      74/99      2.37/98.58/10000.83      16813       43    12.88   0.0039     0%     0.0012      0/103542       0     0.0016       0
      primary samples 119, productive 35 (29.4%), vertices/sample 0.311
  qp-env       77/99      0.17/6.81/10002.31        747       18     9.61   0.0303    23%    -0.0052    296/54234        0     0.0010       0
      primary samples 7, productive 7 (100.0%), vertices/sample 3.000
      qp 281.6 rows/call, 96% of calls reached the solver, 26972497 calls

"samples" is checked configurations for isSafe, barrier evaluations for
the three CBF rows, and SIMD configuration lanes evaluated for VAMP. They measure
sampling work, while wall time captures the very different per-sample costs.
"unsafe/audited" evaluates exact primitive clearance at every state of the
densified solution -- for each CBF row that is the rollout the planner recorded
for each edge, replayed, so it is the motion that would actually be executed,
sampled inside each step rather than only at its boundaries. Non-zero unsafe
invalidates a row however fast it was.
"missed" counts solution edges that were not on file and had to be
re-derived; it must be zero, or the audited motion is a different trajectory
from the one the planner found.


envelope hop: 386291 filter calls, 1.867 hold queries/call, 40.4% saturated, 100.0% longer than L1, past one step 97.3% (L1 alone 68.3%), gated 98.6%, empty-active 0.0%, screen-escalated 11.4%
envelope bottleneck: world 61.3%, self-collision 38.0%, unbound 0.7% (horizon or screen clip), blocked 0.0%, joint-limit clamped 0.0%
envelope binding term:
  world rows       L1 0.0%, local-L1 3.6%, speed-capped 4.5%, isotropic-anchored 92.0% (of 236878 bound calls)
  self-pair rows   L1 0.0%, local-L1 0.0%, speed-capped 0.0%, normal-anchored 100.0% (of 146643 bound calls)
local-lever screen: 4283152 of 5842007 expensive world rows settled before the envelope (73.3%)
span handed to the rollout, in controller steps (26715845 calls):
                   <1      1-2      2-4      4-8       8+
  L1 only      99.01%     0.30%     0.23%     0.21%     0.25%
  envelope     98.59%     0.12%     0.15%     0.16%     0.98%
=== CBF profiler (wall time) ===
=== CBF filter stats ===
  calls=0  unchanged=0 (0.0%)  filtered=0 (0.0%)  blocked=0 (0.0%)
  active rows:       avg=0.00  max=0
  zero-row fast path: 0 (0.0%)
  qp iterations:     avg=0.00  max=0
  certified duration: avg=0.00000s  min=0.00000s  max=0.00000s  (over 0 non-blocked calls)
  required gain:     avg=0.000/s  max=0.000/s  p50=0.000/s  p90=0.000/s  p99=0.000/s  (over 0 calls, 0 uncertified)
