
MotionBenchMaker UR5, 689 problems loaded, up to 100 per scene
voxel 0.003 m, margin 0.0000 m + 0.0000 m filter buffer, stepSize 0.001 s, range 2.00 rad, 10.0 s limit

hop certificates: old L1 Lipschitz region and new hold-time bound
Picard: off; trajectory prefixes: 0; sequential rollout budget: 10000 calls
kappa 20.00 /s, certified step uncapped, self-collision margin 0.0000 m over 303 pairs
baseline segment: 0.000650 of extent = 0.0100 rad, rollout step 0.0100 rad (matched to the rollout)
rope shortcut off, all rows unsimplified

seed 1
  planner       solved ms(min/med/max)        samples vertices     path rad/call coarse  worst clr unsafe/audited missed worst self collide

bookshelf_small  (14 problems, 0 skipped: 0 clearance, 0 self-collision)
  rrtconnect    6/14      2.80/10001.69/10009.39       1136        8    12.60        -      -     0.0020      0/3810         0     0.0025       0
      primary samples 6, productive 4 (66.7%), vertices/sample 0.108
  qp-fixed      6/14      2.29/10000.11/10001.43    1598164     3027    10.07   0.0075     0%     0.0003      0/5040         0     0.0025       0
      primary samples 7476, productive 2911 (38.9%), vertices/sample 0.413
      qp 295.2 rows/call, 88% of calls reached the solver, 12950157 calls
  qp-plain      6/14      2.59/10000.28/10001.12    1595105     3019    10.07   0.0075     0%     0.0003      0/5040         0     0.0025       0
      primary samples 7443, productive 2903 (39.0%), vertices/sample 0.413
      qp 343.0 rows/call, 100% of calls reached the solver, 12856176 calls
  qp-adapt      6/14      0.45/10000.43/10000.82    1485888     3114    10.16   0.0092    11%     0.0003      0/4283         0     0.0025       0
      primary samples 7693, productive 2999 (39.0%), vertices/sample 0.410
      qp 296.9 rows/call, 97% of calls reached the solver, 11936554 calls
  qp-free       6/14      5.31/10000.09/10000.42    2007062     6100    13.49   0.0037     0%     0.0011      0/6793         0     0.0025       0
      primary samples 43047, productive 6098 (14.2%), vertices/sample 0.176
  qp-env        6/14      0.27/10000.12/10001.07    1455956     3218    10.20   0.0101     2%     0.0001      0/4406         0     0.0025       0
      primary samples 7983, productive 3090 (38.7%), vertices/sample 0.403
      qp 296.4 rows/call, 99% of calls reached the solver, 11788755 calls

bookshelf_tall  (14 problems, 0 skipped: 0 clearance, 0 self-collision)
  rrtconnect    8/14      3.81/504.63/10008.04       1092        8    12.75        -      -     0.0033      0/5174         0     0.0025       0
      primary samples 20, productive 3 (15.0%), vertices/sample 0.131
  qp-fixed      8/14      6.90/192.09/10004.12       5011       38    12.24   0.0097     0%    -0.0009     67/8602         0     0.0025       0
      primary samples 13, productive 13 (100.0%), vertices/sample 2.923
      qp 296.6 rows/call, 87% of calls reached the solver, 6525387 calls
  qp-plain      8/14      7.11/189.39/10005.03       5011       38    12.24   0.0097     0%    -0.0009     67/8602         0     0.0025       0
      primary samples 13, productive 13 (100.0%), vertices/sample 2.923
      qp 343.0 rows/call, 100% of calls reached the solver, 5819228 calls
  qp-adapt      8/14      3.74/126.09/10014.21       2632       37    14.74   0.0162    17%    -0.0009     67/7397         0     0.0025       0
      primary samples 13, productive 13 (100.0%), vertices/sample 2.846
      qp 299.2 rows/call, 97% of calls reached the solver, 5462851 calls
  qp-free       8/14     24.34/300.88/10000.65      32784       71    15.43   0.0040     0%     0.0010      0/10580        0     0.0025       0
      primary samples 243, productive 61 (25.1%), vertices/sample 0.297
  qp-env        8/14      0.95/108.18/10004.35       1821       32    12.28   0.0255    11%    -0.0008     61/6305         0     0.0025       0
      primary samples 13, productive 13 (100.0%), vertices/sample 2.667
      qp 298.8 rows/call, 99% of calls reached the solver, 5279455 calls

bookshelf_thin  (14 problems, 0 skipped: 0 clearance, 0 self-collision)
  rrtconnect    8/14     22.42/1296.02/10005.98       4446       23    17.30        -      -     0.0011      0/6371         0     0.0025       0
      primary samples 140, productive 19 (13.6%), vertices/sample 0.129
  qp-fixed     11/14      5.08/18.63/10006.81       1416       12     8.15   0.0111     0%    -0.0036     23/7517         0     0.0025       0
      primary samples 3, productive 3 (100.0%), vertices/sample 5.000
      qp 259.5 rows/call, 62% of calls reached the solver, 2433030 calls
  qp-plain     11/14      5.44/19.76/10001.43       1416       12     8.15   0.0111     0%    -0.0036     23/7517         0     0.0025       0
      primary samples 3, productive 3 (100.0%), vertices/sample 5.000
      qp 343.0 rows/call, 100% of calls reached the solver, 2445272 calls
  qp-adapt     11/14      1.65/11.84/10002.14        737       12     8.16   0.0290    17%    -0.0038     20/6178         0     0.0025       0
      primary samples 3, productive 3 (100.0%), vertices/sample 5.000
      qp 271.6 rows/call, 95% of calls reached the solver, 2289648 calls
  qp-free       8/14     42.93/715.80/10001.45      43607      109    12.08   0.0041     0%     0.0013      0/8880         0     0.0025       0
      primary samples 398, productive 104 (26.1%), vertices/sample 0.274
  qp-env       11/14      0.90/8.55/10002.97        499       12     8.19   0.0505    12%    -0.0115     37/5876         0     0.0025       0
      primary samples 3, productive 3 (100.0%), vertices/sample 5.000
      qp 270.3 rows/call, 97% of calls reached the solver, 2196624 calls

box  (14 problems, 0 skipped: 0 clearance, 0 self-collision)
  rrtconnect   14/14      1.38/5.15/13.67         2189       13    10.96        -      -     0.0029      0/7445         0     0.0025       0
      primary samples 28, productive 9 (32.1%), vertices/sample 0.560
  qp-fixed     14/14      1.67/2.95/17.42          604        7     6.91   0.0123     0%     0.0012      0/8639         0     0.0025       0
      primary samples 1, productive 1 (100.0%), vertices/sample 6.000
      qp 263.8 rows/call, 45% of calls reached the solver, 12799 calls
  qp-plain     14/14      1.86/3.44/18.41          604        7     6.91   0.0123     0%     0.0012      0/8639         0     0.0025       0
      primary samples 1, productive 1 (100.0%), vertices/sample 6.000
      qp 343.0 rows/call, 100% of calls reached the solver, 12799 calls
  qp-adapt     14/14      0.46/1.24/11.06          205        7     6.92   0.0366    48%     0.0011      0/6573         0     0.0025       0
      primary samples 1, productive 1 (100.0%), vertices/sample 6.000
      qp 277.6 rows/call, 86% of calls reached the solver, 4991 calls
  qp-free      14/14      2.29/33.73/103.00        7316       25    11.57   0.0049     0%     0.0006      0/16180        0     0.0025       0
      primary samples 47, productive 18 (38.3%), vertices/sample 0.760
  qp-env       14/14      0.25/0.84/7.93           110        9     7.85   0.0736    46%     0.0003      0/6621         0     0.0025       0
      primary samples 3, productive 3 (100.0%), vertices/sample 5.000
      qp 273.4 rows/call, 89% of calls reached the solver, 3670 calls

cage  (14 problems, 0 skipped: 0 clearance, 0 self-collision)
  rrtconnect   14/14     47.63/394.75/748.02      152454      909    19.90        -      -     0.0004      0/14381        0     0.0025       0
      primary samples 8476, productive 906 (10.7%), vertices/sample 0.109
  qp-fixed     14/14     13.76/108.84/373.71       18228       86    20.59   0.0086     0%    -0.0000      1/22969        0     0.0025       0
      primary samples 71, productive 49 (69.0%), vertices/sample 1.370
      qp 265.5 rows/call, 90% of calls reached the solver, 275127 calls
  qp-plain     14/14     14.59/115.24/388.63       18228       86    20.59   0.0086     0%    -0.0000      1/22969        0     0.0025       0
      primary samples 71, productive 49 (69.0%), vertices/sample 1.370
      qp 343.0 rows/call, 100% of calls reached the solver, 275127 calls
  qp-adapt     14/14      7.53/78.37/305.87       11950       86    21.08   0.0132    31%    -0.0000     27/19760        0     0.0025       0
      primary samples 71, productive 49 (69.0%), vertices/sample 1.370
      qp 272.2 rows/call, 98% of calls reached the solver, 194372 calls
  qp-free      14/14    236.48/1345.66/4013.44     279393      474    23.19   0.0031     0%     0.0008      0/34405        0     0.0025       0
      primary samples 2351, productive 452 (19.2%), vertices/sample 0.215
  qp-env       14/14      5.73/71.62/252.59       10428       93    22.67   0.0173    21%    -0.0001     34/18844        0     0.0025       0
      primary samples 73, productive 54 (74.0%), vertices/sample 1.314
      qp 268.3 rows/call, 99% of calls reached the solver, 161209 calls

table_pick  (15 problems, 0 skipped: 0 clearance, 0 self-collision)
  rrtconnect   15/15      1.69/4.07/12.49         1188        8     9.92        -      -     0.0000      0/7608         0     0.0025       0
      primary samples 8, productive 4 (50.0%), vertices/sample 0.875
  qp-fixed     15/15      1.85/3.58/8.01           632        6     7.20   0.0126     0%     0.0010      0/8449         0     0.0025       0
      primary samples 1, productive 1 (100.0%), vertices/sample 6.000
      qp 239.1 rows/call, 23% of calls reached the solver, 8976 calls
  qp-plain     15/15      2.10/4.10/8.66           632        6     7.20   0.0126     0%     0.0010      0/8449         0     0.0025       0
      primary samples 1, productive 1 (100.0%), vertices/sample 6.000
      qp 343.0 rows/call, 100% of calls reached the solver, 8976 calls
  qp-adapt     15/15      0.40/0.67/4.75            93        6     7.20   0.0725    57%     0.0010      0/6223         0     0.0025       0
      primary samples 1, productive 1 (100.0%), vertices/sample 6.000
      qp 269.8 rows/call, 73% of calls reached the solver, 2326 calls
  qp-free      15/15      5.63/22.74/61.79         4001       16     9.35   0.0053     0%     0.0017      0/12975        0     0.0025       0
      primary samples 27, productive 11 (40.7%), vertices/sample 0.556
  qp-env       15/15      0.31/0.43/3.60            44        6     7.95   0.1531    89%     0.0010      0/6239         0     0.0025       0
      primary samples 1, productive 1 (100.0%), vertices/sample 6.000
      qp 274.8 rows/call, 74% of calls reached the solver, 1438 calls

table_under_pick  (14 problems, 0 skipped: 0 clearance, 0 self-collision)
  rrtconnect    8/14      0.01/5.76/12.46         1607       10    13.71        -      -     0.0021      0/5275         0     0.0025       0
      primary samples 20, productive 6 (30.0%), vertices/sample 0.254
  qp-fixed      8/14      5.61/63.57/10001.23       9043       55    20.44   0.0095     0%     0.0001      0/12451        0     0.0025       0
      primary samples 32, productive 27 (84.4%), vertices/sample 1.889
      qp 294.1 rows/call, 93% of calls reached the solver, 7104330 calls
  qp-plain      8/14      6.05/67.65/10003.29       9043       55    20.44   0.0095     0%     0.0001      0/12451        0     0.0025       0
      primary samples 32, productive 27 (84.4%), vertices/sample 1.889
      qp 343.0 rows/call, 100% of calls reached the solver, 7122812 calls
  qp-adapt      8/14      1.19/50.12/10001.28       6684       56    20.44   0.0133    29%     0.0001      0/10865        0     0.0025       0
      primary samples 32, productive 27 (84.4%), vertices/sample 1.889
      qp 292.7 rows/call, 97% of calls reached the solver, 6950405 calls
  qp-free       8/14     22.22/88.47/10001.57      14895       44    13.91   0.0039     0%     0.0043      0/10804        0     0.0025       0
      primary samples 108, productive 33 (30.6%), vertices/sample 0.394
  qp-env        8/14      0.78/23.13/10000.78       2923       49    16.00   0.0211    19%     0.0000      0/8601         0     0.0025       0
      primary samples 23, productive 20 (87.0%), vertices/sample 2.083
      qp 296.2 rows/call, 99% of calls reached the solver, 6608325 calls

Hop disposition -- what set the hop's length, median over problems.
  row         floored(<1 step)    at region   edge-limited
  qp-fixed            100.0%         0.0%           0.0%
  qp-plain            100.0%         0.0%           0.0%
  qp-adapt             68.6%        30.4%           1.0%
  qp-free             100.0%         0.0%           0.0%
  qp-env               78.0%        20.6%           1.8%

Endpoint clearance at zero margin -- min(start, goal) over all spheres.
  scene                     min    median       max affordable   problems by margin
  bookshelf_small       -0.0180    0.0020    0.0074   -0.0180   0: 50% 0.02:  0% 0.04:  0% 0.06:  0% 0.09:  0%
  bookshelf_tall        -0.0242    0.0034    0.0082   -0.0242   0: 57% 0.02:  0% 0.04:  0% 0.06:  0% 0.09:  0%
  bookshelf_thin        -0.0212    0.0040    0.0087   -0.0212   0: 64% 0.02:  0% 0.04:  0% 0.06:  0% 0.09:  0%
  box                    0.0127    0.0127    0.0127    0.0127   0:100% 0.02:  0% 0.04:  0% 0.06:  0% 0.09:  0%
  cage                   0.0063    0.0127    0.0127    0.0063   0:100% 0.02:  0% 0.04:  0% 0.06:  0% 0.09:  0%
  table_pick             0.0062    0.0080    0.0083    0.0062   0:100% 0.02:  0% 0.04:  0% 0.06:  0% 0.09:  0%
  table_under_pick      -0.0227    0.0076    0.0083   -0.0227   0: 57% 0.02:  0% 0.04:  0% 0.06:  0% 0.09:  0%

all scenes  (99 problems, 0 skipped: 0 clearance, 0 self-collision)
  rrtconnect   73/99      0.01/12.49/10009.39       2053       12    13.33        -      -     0.0000      0/50064        0     0.0025       0
      primary samples 26, productive 8 (30.8%), vertices/sample 0.204
  qp-fixed     76/99      1.67/18.63/10006.81       2003       19     9.88   0.0111     0%    -0.0036     91/73667        0     0.0025       0
      primary samples 6, productive 5 (83.3%), vertices/sample 2.923
      qp 263.8 rows/call, 81% of calls reached the solver, 29309806 calls
  qp-plain     76/99      1.86/19.76/10005.03       2003       19     9.88   0.0111     0%    -0.0036     91/73667        0     0.0025       0
      primary samples 6, productive 5 (83.3%), vertices/sample 2.923
      qp 343.0 rows/call, 100% of calls reached the solver, 28540390 calls
  qp-adapt     76/99      0.40/12.07/10014.21       1141       21     9.68   0.0196    31%    -0.0038    114/61279        0     0.0025       0
      primary samples 6, productive 6 (100.0%), vertices/sample 2.917
      qp 277.3 rows/call, 95% of calls reached the solver, 26841147 calls
  qp-free      73/99      2.29/103.00/10001.57      19243       52    12.08   0.0041     0%     0.0006      0/100617       0     0.0025       0
      primary samples 122, productive 39 (32.0%), vertices/sample 0.328
  qp-env       76/99      0.25/8.55/10004.35        709       18    10.39   0.0300    22%    -0.0115    132/56892        0     0.0025       0
      primary samples 6, productive 6 (100.0%), vertices/sample 3.000
      qp 276.0 rows/call, 97% of calls reached the solver, 26039476 calls

"samples" is checked configurations for isSafe, barrier evaluations for
the three CBF rows, and SIMD configuration lanes evaluated for VAMP. They measure
sampling work, while wall time captures the very different per-sample costs.
"unsafe/audited" evaluates exact primitive clearance at every state of the
densified solution -- for each CBF row that is the rollout the planner recorded
for each edge, replayed, so it is the motion that would actually be executed,
sampled inside each step rather than only at its boundaries. Non-zero unsafe
invalidates a row however fast it was.
"missed" counts solution edges that were not on file and had to be
re-derived; it must be zero, or the audited motion is a different trajectory
from the one the planner found.


envelope hop: 387815 filter calls, 1.796 hold queries/call, 39.6% saturated, 100.0% longer than L1, past one step 97.5% (L1 alone 67.5%), gated 98.5%, empty-active 0.0%, screen-escalated 8.7%
envelope bottleneck: world 67.6%, self-collision 31.8%, unbound 0.6% (horizon or screen clip), blocked 0.0%, joint-limit clamped 0.0%
envelope binding term:
  world rows       L1 0.0%, local-L1 3.0%, speed-capped 3.3%, isotropic-anchored 93.7% (of 262226 bound calls)
  self-pair rows   L1 0.0%, local-L1 0.0%, speed-capped 0.0%, normal-anchored 100.0% (of 123426 bound calls)
local-lever screen: 4138086 of 5729379 expensive world rows settled before the envelope (72.2%)
span handed to the rollout, in controller steps (25776158 calls):
                   <1      1-2      2-4      4-8       8+
  L1 only      98.98%     0.33%     0.26%     0.21%     0.22%
  envelope     98.53%     0.13%     0.19%     0.20%     0.95%
=== CBF profiler (wall time) ===
=== CBF filter stats ===
  calls=0  unchanged=0 (0.0%)  filtered=0 (0.0%)  blocked=0 (0.0%)
  active rows:       avg=0.00  max=0
  zero-row fast path: 0 (0.0%)
  qp iterations:     avg=0.00  max=0
  certified duration: avg=0.00000s  min=0.00000s  max=0.00000s  (over 0 non-blocked calls)
  required gain:     avg=0.000/s  max=0.000/s  p50=0.000/s  p90=0.000/s  p99=0.000/s  (over 0 calls, 0 uncertified)
