
MotionBenchMaker UR5, 689 problems loaded, up to 100 per scene
voxel 0.003 m, margin 0.0000 m + 0.0000 m filter buffer, stepSize 0.001 s, range 2.00 rad, 10.0 s limit

hop certificates: old L1 Lipschitz region and new hold-time bound
Picard: off; trajectory prefixes: 0; sequential rollout budget: 10000 calls
kappa 20.00 /s, certified step uncapped, self-collision margin 0.0000 m over 303 pairs
baseline segment: 0.000650 of extent = 0.0100 rad, rollout step 0.0100 rad (matched to the rollout)
rope shortcut off, all rows unsimplified

seed 1
  planner       solved ms(min/med/max)        samples vertices     path rad/call coarse  worst clr unsafe/audited missed worst self collide

bookshelf_small  (13 problems, 0 skipped: 0 clearance, 0 self-collision)
  rrtconnect    8/13      2.36/21.56/10009.83        929        7     8.93        -      -     0.0008      0/3922         0     0.0025       0
      primary samples 5, productive 3 (60.0%), vertices/sample 0.214
  qp-fixed      9/13      4.25/13.50/10004.09       1412       11     8.73   0.0102     0%     0.0002      0/6883         0     0.0025       0
      primary samples 3, productive 3 (100.0%), vertices/sample 4.500
      qp 256.3 rows/call, 60% of calls reached the solver, 3441017 calls
  qp-plain      9/13      4.81/15.71/10002.67       1412       11     8.73   0.0102     0%     0.0002      0/6883         0     0.0025       0
      primary samples 3, productive 3 (100.0%), vertices/sample 4.500
      qp 343.0 rows/call, 100% of calls reached the solver, 2999042 calls
  qp-adapt      9/13      0.42/6.57/10000.79        690       11     8.76   0.0202    28%     0.0002      0/5802         0     0.0025       0
      primary samples 3, productive 3 (100.0%), vertices/sample 3.667
      qp 274.3 rows/call, 91% of calls reached the solver, 3187342 calls
  qp-free       8/13      7.46/275.70/10002.29      23812       61    10.65   0.0040     0%     0.0021      0/7902         0     0.0025       0
      primary samples 167, productive 50 (29.9%), vertices/sample 0.365
  qp-env        9/13      0.27/5.46/10003.93        500       11     8.79   0.0277    16%     0.0003      0/4561         0     0.0025       0
      primary samples 3, productive 3 (100.0%), vertices/sample 3.750
      qp 273.9 rows/call, 96% of calls reached the solver, 2819410 calls

bookshelf_tall  (13 problems, 0 skipped: 0 clearance, 0 self-collision)
  rrtconnect    8/13     12.20/166.54/10003.39       4419       23    15.90        -      -     0.0004      0/5866         0     0.0025       0
      primary samples 80, productive 18 (22.5%), vertices/sample 0.130
  qp-fixed      8/13      9.24/122.33/10009.61       6420       41    15.06   0.0088     0%     0.0002      0/9574         0     0.0025       0
      primary samples 17, productive 17 (100.0%), vertices/sample 2.000
      qp 290.7 rows/call, 86% of calls reached the solver, 2566804 calls
  qp-plain      8/13      9.93/132.12/10001.67       6420       41    15.06   0.0088     0%     0.0002      0/9574         0     0.0025       0
      primary samples 17, productive 17 (100.0%), vertices/sample 2.000
      qp 343.0 rows/call, 100% of calls reached the solver, 2827491 calls
  qp-adapt      8/13      2.74/89.61/10005.51       4032       43    15.41   0.0141    24%     0.0002      0/8576         0     0.0025       0
      primary samples 17, productive 17 (100.0%), vertices/sample 2.000
      qp 299.0 rows/call, 97% of calls reached the solver, 3008572 calls
  qp-free       8/13     41.94/315.00/10003.17      24997       69    17.52   0.0042     0%     0.0007      0/10783        0     0.0025       0
      primary samples 190, productive 55 (28.9%), vertices/sample 0.344
  qp-env        8/13      1.25/78.30/10007.78       2510       45    15.04   0.0222    20%    -0.0017     64/6864         0     0.0025       0
      primary samples 18, productive 17 (94.4%), vertices/sample 1.778
      qp 299.0 rows/call, 99% of calls reached the solver, 2327475 calls

bookshelf_thin  (15 problems, 0 skipped: 0 clearance, 0 self-collision)
  rrtconnect   11/15      9.77/60.09/10009.02       3104       17    11.69        -      -     0.0005      0/6526         0     0.0025       0
      primary samples 40, productive 13 (32.5%), vertices/sample 0.257
  qp-fixed     13/15      7.07/15.77/10002.65       1018       10     8.56   0.0115     0%    -0.0074     69/9969         0     0.0025       0
      primary samples 2, productive 2 (100.0%), vertices/sample 4.500
      qp 264.3 rows/call, 61% of calls reached the solver, 954164 calls
  qp-plain     13/15      7.51/16.42/10003.65       1018       10     8.56   0.0115     0%    -0.0074     69/9969         0     0.0025       0
      primary samples 2, productive 2 (100.0%), vertices/sample 4.500
      qp 343.0 rows/call, 100% of calls reached the solver, 1128965 calls
  qp-adapt     13/15      0.96/10.05/10002.76        590       10     8.57   0.0211    25%    -0.0073     76/8242         0     0.0025       0
      primary samples 2, productive 2 (100.0%), vertices/sample 4.500
      qp 265.7 rows/call, 90% of calls reached the solver, 1033205 calls
  qp-free      11/15     33.73/145.05/10000.52      10370       37    15.17   0.0047     0%     0.0018      0/14243        0     0.0025       0
      primary samples 78, productive 30 (38.5%), vertices/sample 0.415
  qp-env       13/15      0.64/6.99/10004.20        388       11     8.59   0.0300    17%    -0.0074     71/7600         0     0.0025       0
      primary samples 2, productive 2 (100.0%), vertices/sample 4.500
      qp 262.5 rows/call, 94% of calls reached the solver, 874877 calls

box  (15 problems, 0 skipped: 0 clearance, 0 self-collision)
  rrtconnect   15/15      5.06/18.57/66.65         3095       18    12.42        -      -     0.0031      0/10514        0     0.0025       0
      primary samples 47, productive 12 (25.5%), vertices/sample 0.273
  qp-fixed     15/15      3.51/11.75/29.06         1285       11    10.11   0.0114     0%     0.0003      0/12352        0     0.0025       0
      primary samples 3, productive 3 (100.0%), vertices/sample 3.667
      qp 256.8 rows/call, 76% of calls reached the solver, 18155 calls
  qp-plain     15/15      3.88/12.39/32.33         1285       11    10.11   0.0114     0%     0.0003      0/12352        0     0.0025       0
      primary samples 3, productive 3 (100.0%), vertices/sample 3.667
      qp 343.0 rows/call, 100% of calls reached the solver, 18155 calls
  qp-adapt     15/15      0.49/5.11/21.51          508       11    10.11   0.0283    52%     0.0003      0/9662         0     0.0025       0
      primary samples 3, productive 3 (100.0%), vertices/sample 3.667
      qp 278.4 rows/call, 91% of calls reached the solver, 7688 calls
  qp-free      15/15     12.39/218.57/583.77       15897       43    13.52   0.0043     0%     0.0025      0/20966        0     0.0025       0
      primary samples 108, productive 31 (28.7%), vertices/sample 0.455
  qp-env       15/15      0.31/3.18/16.58          230       11    10.15   0.0630    50%     0.0003      0/8637         0     0.0025       0
      primary samples 3, productive 3 (100.0%), vertices/sample 3.667
      qp 283.2 rows/call, 93% of calls reached the solver, 3895 calls

cage  (14 problems, 0 skipped: 0 clearance, 0 self-collision)
  rrtconnect   14/14     59.20/911.23/3526.47     220160     1332    23.37        -      -     0.0000      0/15974        0     0.0025       0
      primary samples 11957, productive 1328 (11.1%), vertices/sample 0.107
  qp-fixed     14/14      6.52/141.32/474.43       10703       76    20.06   0.0089     0%    -0.0091    116/23215        0     0.0025       0
      primary samples 40, productive 31 (77.5%), vertices/sample 1.760
      qp 267.3 rows/call, 89% of calls reached the solver, 191528 calls
  qp-plain     14/14      6.98/106.40/366.32       10703       76    20.06   0.0089     0%    -0.0091    116/23215        0     0.0025       0
      primary samples 40, productive 31 (77.5%), vertices/sample 1.760
      qp 343.0 rows/call, 100% of calls reached the solver, 191528 calls
  qp-adapt     14/14      2.84/88.76/411.44        8594       83    20.07   0.0162    34%    -0.0088    116/18556        0     0.0025       0
      primary samples 55, productive 41 (74.5%), vertices/sample 1.720
      qp 271.9 rows/call, 97% of calls reached the solver, 138910 calls
  qp-free      12/14    374.77/2377.24/10018.30     241957      437    22.64   0.0031     0%     0.0006      0/27271        0     0.0025       0
      primary samples 1979, productive 419 (21.2%), vertices/sample 0.220
  qp-env       14/14      1.50/67.35/302.19        6099       82    19.05   0.0232    22%    -0.0075    137/16227        0     0.0025       0
      primary samples 55, productive 41 (74.5%), vertices/sample 1.741
      qp 269.4 rows/call, 98% of calls reached the solver, 109610 calls

table_pick  (14 problems, 0 skipped: 0 clearance, 0 self-collision)
  rrtconnect   14/14      4.94/11.17/65.17         1843       10     9.98        -      -     0.0001      0/6947         0     0.0025       0
      primary samples 33, productive 6 (18.2%), vertices/sample 0.368
  qp-fixed     14/14      3.10/6.55/42.18          664        7     8.21   0.0121     0%    -0.0014     89/9938         0     0.0025       0
      primary samples 1, productive 1 (100.0%), vertices/sample 6.000
      qp 240.1 rows/call, 25% of calls reached the solver, 13545 calls
  qp-plain     14/14      3.59/7.46/43.08          664        7     8.21   0.0121     0%    -0.0014     89/9938         0     0.0025       0
      primary samples 1, productive 1 (100.0%), vertices/sample 6.000
      qp 343.0 rows/call, 100% of calls reached the solver, 13545 calls
  qp-adapt     14/14      0.48/1.14/20.84           94        7     8.21   0.0926    62%    -0.0014     89/7610         0     0.0025       0
      primary samples 1, productive 1 (100.0%), vertices/sample 6.000
      qp 274.7 rows/call, 66% of calls reached the solver, 4915 calls
  qp-free      14/14      7.58/78.01/970.99        6040       21    12.28   0.0052     0%     0.0008      0/13327        0     0.0025       0
      primary samples 43, productive 15 (34.9%), vertices/sample 0.512
  qp-env       14/14      0.37/0.73/17.04           48        7     8.51   0.1899    72%    -0.0014    111/7153         0     0.0025       0
      primary samples 1, productive 1 (100.0%), vertices/sample 6.000
      qp 274.1 rows/call, 72% of calls reached the solver, 2880 calls

table_under_pick  (14 problems, 0 skipped: 0 clearance, 0 self-collision)
  rrtconnect   10/14      0.02/19.60/10017.74       2244       13    13.29        -      -     0.0002      0/6654         0     0.0025       0
      primary samples 43, productive 9 (20.9%), vertices/sample 0.270
  qp-fixed     10/14     13.09/46.78/10017.04       3127       27    14.02   0.0100     0%     0.0002      0/11032        0     0.0025       0
      primary samples 11, productive 10 (90.9%), vertices/sample 2.500
      qp 296.2 rows/call, 90% of calls reached the solver, 2336847 calls
  qp-plain     10/14     16.69/48.20/10002.04       3127       27    14.02   0.0100     0%     0.0002      0/11032        0     0.0025       0
      primary samples 11, productive 10 (90.9%), vertices/sample 2.500
      qp 343.0 rows/call, 100% of calls reached the solver, 2648479 calls
  qp-adapt     10/14      2.04/40.49/10022.33       2582       30    14.02   0.0172    33%     0.0002      0/9135         0     0.0025       0
      primary samples 11, productive 10 (90.9%), vertices/sample 2.500
      qp 295.4 rows/call, 98% of calls reached the solver, 2524886 calls
  qp-free      10/14     40.58/155.61/10003.50       8741       26    15.58   0.0038     0%     0.0010      0/14758        0     0.0025       0
      primary samples 72, productive 17 (23.6%), vertices/sample 0.333
  qp-env       10/14      1.10/25.37/10018.32       1778       30    12.71   0.0267    25%     0.0001      0/8098         0     0.0025       0
      primary samples 11, productive 10 (90.9%), vertices/sample 2.500
      qp 297.0 rows/call, 99% of calls reached the solver, 2212916 calls

Hop disposition -- what set the hop's length, median over problems.
  row         floored(<1 step)    at region   edge-limited
  qp-fixed            100.0%         0.0%           0.0%
  qp-plain            100.0%         0.0%           0.0%
  qp-adapt             66.3%        32.9%           1.0%
  qp-free             100.0%         0.0%           0.0%
  qp-env               75.0%        23.9%           2.2%

Endpoint clearance at zero margin -- min(start, goal) over all spheres.
  scene                     min    median       max affordable   problems by margin
  bookshelf_small       -0.0243    0.0043    0.0106   -0.0243   0: 69% 0.02:  0% 0.04:  0% 0.06:  0% 0.09:  0%
  bookshelf_tall        -0.0216    0.0059    0.0093   -0.0216   0: 77% 0.02:  0% 0.04:  0% 0.06:  0% 0.09:  0%
  bookshelf_thin        -0.0203    0.0045    0.0088   -0.0203   0: 73% 0.02:  0% 0.04:  0% 0.06:  0% 0.09:  0%
  box                    0.0127    0.0127    0.0127    0.0127   0:100% 0.02:  0% 0.04:  0% 0.06:  0% 0.09:  0%
  cage                   0.0075    0.0127    0.0127    0.0075   0:100% 0.02:  0% 0.04:  0% 0.06:  0% 0.09:  0%
  table_pick             0.0061    0.0080    0.0083    0.0061   0:100% 0.02:  0% 0.04:  0% 0.06:  0% 0.09:  0%
  table_under_pick      -0.0225    0.0078    0.0082   -0.0225   0: 86% 0.02:  0% 0.04:  0% 0.06:  0% 0.09:  0%

all scenes  (98 problems, 0 skipped: 0 clearance, 0 self-collision)
  rrtconnect   80/98      0.02/34.19/10017.74       3095       17    12.64        -      -     0.0000      0/56403        0     0.0025       0
      primary samples 55, productive 12 (21.8%), vertices/sample 0.239
  qp-fixed     83/98      3.10/26.41/10017.04       1872       17    10.87   0.0108     0%    -0.0091    274/82963        0     0.0025       0
      primary samples 6, productive 5 (83.3%), vertices/sample 3.000
      qp 266.4 rows/call, 80% of calls reached the solver, 9522060 calls
  qp-plain     83/98      3.59/27.70/10003.65       1872       17    10.87   0.0108     0%    -0.0091    274/82963        0     0.0025       0
      primary samples 6, productive 5 (83.3%), vertices/sample 3.000
      qp 343.0 rows/call, 100% of calls reached the solver, 9827205 calls
  qp-adapt     83/98      0.42/14.05/10022.33        898       17    10.88   0.0203    34%    -0.0088    281/67583        0     0.0025       0
      primary samples 6, productive 5 (83.3%), vertices/sample 3.000
      qp 276.0 rows/call, 94% of calls reached the solver, 9905518 calls
  qp-free      78/98      7.46/221.87/10018.30      13979       43    14.27   0.0043     0%     0.0006      0/109250       0     0.0025       0
      primary samples 108, productive 34 (31.5%), vertices/sample 0.365
  qp-env       83/98      0.27/8.51/10018.32        514       15    10.90   0.0322    25%    -0.0075    383/59140        0     0.0025       0
      primary samples 6, productive 5 (83.3%), vertices/sample 3.167
      qp 276.2 rows/call, 96% of calls reached the solver, 8351063 calls

"samples" is checked configurations for isSafe, barrier evaluations for
the three CBF rows, and SIMD configuration lanes evaluated for VAMP. They measure
sampling work, while wall time captures the very different per-sample costs.
"unsafe/audited" evaluates exact primitive clearance at every state of the
densified solution -- for each CBF row that is the rollout the planner recorded
for each edge, replayed, so it is the motion that would actually be executed,
sampled inside each step rather than only at its boundaries. Non-zero unsafe
invalidates a row however fast it was.
"missed" counts solution edges that were not on file and had to be
re-derived; it must be zero, or the audited motion is a different trajectory
from the one the planner found.


envelope hop: 141985 filter calls, 1.735 hold queries/call, 37.5% saturated, 100.0% longer than L1, past one step 97.3% (L1 alone 65.2%), gated 98.3%, empty-active 0.0%, screen-escalated 8.5%
envelope bottleneck: world 70.3%, self-collision 29.2%, unbound 0.6% (horizon or screen clip), blocked 0.0%, joint-limit clamped 0.0%
envelope binding term:
  world rows       L1 0.0%, local-L1 2.6%, speed-capped 2.4%, isotropic-anchored 95.0% (of 99802 bound calls)
  self-pair rows   L1 0.0%, local-L1 0.0%, speed-capped 0.0%, normal-anchored 100.0% (of 41393 bound calls)
local-lever screen: 1402144 of 2004323 expensive world rows settled before the envelope (70.0%)
span handed to the rollout, in controller steps (8276104 calls):
                   <1      1-2      2-4      4-8       8+
  L1 only      98.88%     0.38%     0.28%     0.22%     0.24%
  envelope     98.33%     0.18%     0.25%     0.24%     1.00%
=== CBF profiler (wall time) ===
=== CBF filter stats ===
  calls=0  unchanged=0 (0.0%)  filtered=0 (0.0%)  blocked=0 (0.0%)
  active rows:       avg=0.00  max=0
  zero-row fast path: 0 (0.0%)
  qp iterations:     avg=0.00  max=0
  certified duration: avg=0.00000s  min=0.00000s  max=0.00000s  (over 0 non-blocked calls)
  required gain:     avg=0.000/s  max=0.000/s  p50=0.000/s  p90=0.000/s  p99=0.000/s  (over 0 calls, 0 uncertified)
