
MotionBenchMaker UR5, 689 problems loaded, up to 100 per scene
voxel 0.003 m, margin 0.0000 m + 0.0000 m filter buffer, stepSize 0.001 s, range 2.00 rad, 10.0 s limit

hop certificates: old L1 Lipschitz region and new hold-time bound
Picard: off; trajectory prefixes: 0; sequential rollout budget: 10000 calls
kappa 20.00 /s, certified step uncapped, self-collision margin 0.0000 m over 303 pairs
baseline segment: 0.000650 of extent = 0.0100 rad, rollout step 0.0100 rad (matched to the rollout)
rope shortcut off, all rows unsimplified

seed 1
  planner       solved ms(min/med/max)        samples vertices     path rad/call coarse  worst clr unsafe/audited missed worst self collide

bookshelf_small  (14 problems, 0 skipped: 0 clearance, 0 self-collision)
  rrtconnect    9/14      1.63/234.22/10009.95        949        7    12.05        -      -     0.0007      0/4969         0     0.0011       0
      primary samples 5, productive 3 (60.0%), vertices/sample 0.130
  qp-fixed     10/14      1.60/12.17/10000.97       2180       21     9.23   0.0128     0%    -0.0009      2/6613         0     0.0025       0
      primary samples 7, productive 7 (100.0%), vertices/sample 4.500
      qp 279.4 rows/call, 58% of calls reached the solver, 5896416 calls
  qp-plain     10/14      1.83/13.09/10002.27       2180       21     9.23   0.0128     0%    -0.0009      2/6613         0     0.0025       0
      primary samples 7, productive 7 (100.0%), vertices/sample 4.500
      qp 343.0 rows/call, 100% of calls reached the solver, 6374134 calls
  qp-adapt     10/14      0.27/4.60/10000.57        704       23     9.24   0.0398    60%    -0.0010      2/5494         0     0.0025       0
      primary samples 7, productive 7 (100.0%), vertices/sample 4.500
      qp 299.7 rows/call, 88% of calls reached the solver, 5698132 calls
  qp-free       9/14      2.44/147.84/10000.30      30494       52    10.82   0.0043     0%     0.0023      0/8099         0     0.0025       0
      primary samples 219, productive 43 (19.6%), vertices/sample 0.392
  qp-env       10/14      0.18/1.99/10002.67        224       21     9.27   0.1253    47%    -0.0003      1/5109         0     0.0025       0
      primary samples 7, productive 7 (100.0%), vertices/sample 4.500
      qp 296.3 rows/call, 90% of calls reached the solver, 5488978 calls

bookshelf_tall  (14 problems, 0 skipped: 0 clearance, 0 self-collision)
  rrtconnect    9/14     12.74/108.01/10009.24       5077       26    14.86        -      -     0.0003      0/6561         0     0.0025       0
      primary samples 163, productive 21 (12.9%), vertices/sample 0.157
  qp-fixed      9/14      2.31/29.19/10002.23       3124       26    13.12   0.0098     0%    -0.0017    129/9426         0     0.0025       0
      primary samples 10, productive 8 (80.0%), vertices/sample 2.700
      qp 296.6 rows/call, 87% of calls reached the solver, 4335565 calls
  qp-plain      9/14      2.52/29.67/10003.18       3124       26    13.12   0.0098     0%    -0.0017    129/9426         0     0.0025       0
      primary samples 10, productive 8 (80.0%), vertices/sample 2.700
      qp 343.0 rows/call, 100% of calls reached the solver, 3824019 calls
  qp-adapt      9/14      0.53/21.31/10004.10       2453       27    13.12   0.0168    27%    -0.0017    129/7963         0     0.0025       0
      primary samples 10, productive 8 (80.0%), vertices/sample 2.800
      qp 299.4 rows/call, 97% of calls reached the solver, 3808570 calls
  qp-free       9/14     14.86/128.77/10003.76      18710       44    10.60   0.0039     0%     0.0003      0/10813        0     0.0025       0
      primary samples 159, productive 38 (23.9%), vertices/sample 0.289
  qp-env        9/14      0.37/23.50/10038.83       2462       41    12.23   0.0221    18%    -0.0031    215/7170         0     0.0025       0
      primary samples 14, productive 13 (92.9%), vertices/sample 2.000
      qp 299.4 rows/call, 98% of calls reached the solver, 3731141 calls

bookshelf_thin  (14 problems, 0 skipped: 0 clearance, 0 self-collision)
  rrtconnect    8/14     13.15/365.29/10008.03       2459       14    15.91        -      -     0.0011      0/6503         0     0.0025       0
      primary samples 48, productive 10 (20.8%), vertices/sample 0.159
  qp-fixed      9/14      4.55/19.50/10003.13       1561       15     6.94   0.0100     0%    -0.0165     39/6291         0     0.0025       0
      primary samples 5, productive 3 (60.0%), vertices/sample 2.000
      qp 270.4 rows/call, 85% of calls reached the solver, 4527645 calls
  qp-plain      9/14      5.12/20.19/10000.73       1561       15     6.94   0.0100     0%    -0.0165     39/6291         0     0.0025       0
      primary samples 5, productive 3 (60.0%), vertices/sample 2.000
      qp 343.0 rows/call, 100% of calls reached the solver, 4327190 calls
  qp-adapt      9/14      0.93/12.82/10001.33       1242       15     6.95   0.0152    16%    -0.0165     38/5214         0     0.0025       0
      primary samples 5, productive 3 (60.0%), vertices/sample 2.000
      qp 290.3 rows/call, 93% of calls reached the solver, 4294004 calls
  qp-free       8/14     14.70/1381.66/10000.72     123343      215    13.96   0.0042     0%     0.0027      0/10267        0     0.0025       0
      primary samples 923, productive 209 (22.6%), vertices/sample 0.294
  qp-env        9/14      0.36/14.88/10001.55       1292       17     6.94   0.0189    22%     0.0001      0/4786         0     0.0025       0
      primary samples 10, productive 8 (80.0%), vertices/sample 1.700
      qp 289.3 rows/call, 99% of calls reached the solver, 4329001 calls

box  (14 problems, 0 skipped: 0 clearance, 0 self-collision)
  rrtconnect   14/14      1.89/5.17/15.22         2146       13     9.85        -      -     0.0004      0/7466         0     0.0025       0
      primary samples 37, productive 9 (24.3%), vertices/sample 0.406
  qp-fixed     14/14      1.58/2.77/23.09          541        6     6.61   0.0127     0%     0.0004      0/9679         0     0.0025       0
      primary samples 1, productive 1 (100.0%), vertices/sample 6.000
      qp 261.1 rows/call, 51% of calls reached the solver, 17443 calls
  qp-plain     14/14      1.76/3.13/24.77          541        6     6.61   0.0127     0%     0.0004      0/9679         0     0.0025       0
      primary samples 1, productive 1 (100.0%), vertices/sample 6.000
      qp 343.0 rows/call, 100% of calls reached the solver, 17443 calls
  qp-adapt     14/14      0.40/0.94/23.45          157        6     6.60   0.0466    52%     0.0004      0/7794         0     0.0025       0
      primary samples 1, productive 1 (100.0%), vertices/sample 6.000
      qp 265.0 rows/call, 84% of calls reached the solver, 9375 calls
  qp-free      14/14      9.39/38.85/103.27        8157       31    12.96   0.0050     0%     0.0017      0/17607        0     0.0025       0
      primary samples 49, productive 19 (38.8%), vertices/sample 0.558
  qp-env       14/14      0.29/0.78/16.20           97        6     6.59   0.0847    50%     0.0004      0/7301         0     0.0025       0
      primary samples 1, productive 1 (100.0%), vertices/sample 6.000
      qp 277.0 rows/call, 85% of calls reached the solver, 4750 calls

cage  (15 problems, 0 skipped: 0 clearance, 0 self-collision)
  rrtconnect   15/15     13.82/102.25/1160.08      39915      208    19.32        -      -     0.0012      0/15640        0     0.0025       0
      primary samples 1657, productive 203 (12.3%), vertices/sample 0.114
  qp-fixed     15/15     23.68/168.42/322.71       25466      108    23.17   0.0082     0%     0.0000      0/30173        0     0.0025       0
      primary samples 105, productive 65 (61.9%), vertices/sample 1.074
      qp 270.6 rows/call, 91% of calls reached the solver, 351198 calls
  qp-plain     15/15     25.29/171.82/336.27       25466      108    23.17   0.0082     0%     0.0000      0/30173        0     0.0025       0
      primary samples 105, productive 65 (61.9%), vertices/sample 1.074
      qp 343.0 rows/call, 100% of calls reached the solver, 351198 calls
  qp-adapt     15/15     12.75/124.85/261.02       17313      114    23.15   0.0121    24%     0.0000      0/24527        0     0.0025       0
      primary samples 105, productive 64 (61.0%), vertices/sample 1.115
      qp 270.3 rows/call, 98% of calls reached the solver, 238296 calls
  qp-free      14/15    335.76/2546.57/10000.22     512885      938    23.18   0.0028     0%     0.0004      0/33948        0     0.0016       0
      primary samples 5268, productive 923 (17.5%), vertices/sample 0.181
  qp-env       15/15      8.53/113.73/204.97       15616      128    20.89   0.0148    17%     0.0000      0/20805        0     0.0010       0
      primary samples 121, productive 75 (62.0%), vertices/sample 1.129
      qp 270.0 rows/call, 99% of calls reached the solver, 210787 calls

table_pick  (14 problems, 0 skipped: 0 clearance, 0 self-collision)
  rrtconnect   14/14      1.82/6.96/27.75         1971       12    10.61        -      -     0.0004      0/7163         0     0.0025       0
      primary samples 21, productive 7 (33.3%), vertices/sample 0.619
  qp-fixed     14/14      1.83/3.71/6.81           631        6     7.71   0.0128     0%     0.0007      0/7968         0     0.0025       0
      primary samples 1, productive 1 (100.0%), vertices/sample 6.000
      qp 243.5 rows/call, 17% of calls reached the solver, 8097 calls
  qp-plain     14/14      2.12/4.20/7.03           631        6     7.71   0.0128     0%     0.0007      0/7968         0     0.0025       0
      primary samples 1, productive 1 (100.0%), vertices/sample 6.000
      qp 343.0 rows/call, 100% of calls reached the solver, 8097 calls
  qp-adapt     14/14      0.27/0.54/4.03            77        6     7.71   0.1110    65%     0.0007      0/5819         0     0.0025       0
      primary samples 1, productive 1 (100.0%), vertices/sample 6.000
      qp 279.8 rows/call, 56% of calls reached the solver, 1733 calls
  qp-free      14/14      4.97/26.11/105.60        4457       20    12.25   0.0062     0%     0.0014      0/12562        0     0.0025       0
      primary samples 34, productive 12 (35.3%), vertices/sample 0.588
  qp-env       14/14      0.26/0.34/2.49            33        6     7.71   0.2021    78%     0.0006      0/5423         0     0.0025       0
      primary samples 1, productive 1 (100.0%), vertices/sample 6.000
      qp 270.1 rows/call, 61% of calls reached the solver, 921 calls

table_under_pick  (14 problems, 0 skipped: 0 clearance, 0 self-collision)
  rrtconnect    6/14      0.01/8.84/10000.22       2348       14    12.84        -      -    -0.0000      1/3784         0     0.0025       0
      primary samples 40, productive 10 (25.0%), vertices/sample 0.122
  qp-fixed      6/14      8.49/10000.48/10004.25    1008062     2035    13.62   0.0079     0%    -0.0041     84/7455         0     0.0025       0
      primary samples 4541, productive 1920 (42.3%), vertices/sample 0.456
      qp 294.4 rows/call, 86% of calls reached the solver, 9256676 calls
  qp-plain      6/14      8.62/10000.07/10001.95    1011155     2048    13.62   0.0082     0%    -0.0041     84/7455         0     0.0025       0
      primary samples 4615, productive 1933 (41.9%), vertices/sample 0.454
      qp 343.0 rows/call, 100% of calls reached the solver, 8944122 calls
  qp-adapt      6/14      5.16/10000.17/10002.85     961406     2523    13.65   0.0101    11%    -0.0040     84/6350         0     0.0025       0
      primary samples 5842, productive 2406 (41.2%), vertices/sample 0.432
      qp 296.8 rows/call, 97% of calls reached the solver, 8758686 calls
  qp-free       6/14     40.27/10000.43/10002.25    1214294     2607    16.04   0.0037     0%     0.0012      0/8841         0     0.0025       0
      primary samples 13341, productive 2601 (19.5%), vertices/sample 0.195
  qp-env        6/14      1.47/10000.58/10003.49     987581     2288    13.66   0.0106     2%    -0.0040     95/5799         0     0.0025       0
      primary samples 5191, productive 2172 (41.8%), vertices/sample 0.442
      qp 295.9 rows/call, 99% of calls reached the solver, 8699928 calls

Hop disposition -- what set the hop's length, median over problems.
  row         floored(<1 step)    at region   edge-limited
  qp-fixed            100.0%         0.0%           0.0%
  qp-plain            100.0%         0.0%           0.0%
  qp-adapt             71.2%        28.0%           1.1%
  qp-free             100.0%         0.0%           0.0%
  qp-env               74.4%        24.0%           1.8%

Endpoint clearance at zero margin -- min(start, goal) over all spheres.
  scene                     min    median       max affordable   problems by margin
  bookshelf_small       -0.0233    0.0041    0.0095   -0.0233   0: 64% 0.02:  0% 0.04:  0% 0.06:  0% 0.09:  0%
  bookshelf_tall        -0.0230    0.0050    0.0105   -0.0230   0: 79% 0.02:  0% 0.04:  0% 0.06:  0% 0.09:  0%
  bookshelf_thin        -0.0243    0.0039    0.0108   -0.0243   0: 64% 0.02:  0% 0.04:  0% 0.06:  0% 0.09:  0%
  box                    0.0127    0.0127    0.0127    0.0127   0:100% 0.02:  0% 0.04:  0% 0.06:  0% 0.09:  0%
  cage                   0.0012    0.0127    0.0127    0.0012   0:100% 0.02:  0% 0.04:  0% 0.06:  0% 0.09:  0%
  table_pick             0.0044    0.0080    0.0083    0.0044   0:100% 0.02:  0% 0.04:  0% 0.06:  0% 0.09:  0%
  table_under_pick      -0.0219    0.0079    0.0082   -0.0219   0: 64% 0.02:  0% 0.04:  0% 0.06:  0% 0.09:  0%

all scenes  (99 problems, 0 skipped: 0 clearance, 0 self-collision)
  rrtconnect   75/99      0.01/16.39/10009.95       2459       14    12.89        -      -    -0.0000      1/52086        0     0.0011       0
      primary samples 48, productive 10 (20.8%), vertices/sample 0.177
  qp-fixed     77/99      1.58/19.50/10004.25       2180       20     9.56   0.0102     0%    -0.0165    254/77605        0     0.0025       0
      primary samples 7, productive 7 (100.0%), vertices/sample 3.000
      qp 272.1 rows/call, 81% of calls reached the solver, 24393040 calls
  qp-plain     77/99      1.76/20.19/10003.18       2180       20     9.56   0.0102     0%    -0.0165    254/77605        0     0.0025       0
      primary samples 7, productive 7 (100.0%), vertices/sample 3.000
      qp 343.0 rows/call, 100% of calls reached the solver, 23846203 calls
  qp-adapt     77/99      0.27/12.70/10004.10       1185       20     9.57   0.0184    29%    -0.0165    253/63161        0     0.0025       0
      primary samples 7, productive 7 (100.0%), vertices/sample 2.800
      qp 284.9 rows/call, 95% of calls reached the solver, 22808796 calls
  qp-free      74/99      2.44/104.88/10003.76      17815       44    12.79   0.0039     0%     0.0003      0/102137       0     0.0016       0
      primary samples 125, productive 36 (28.8%), vertices/sample 0.314
  qp-env       77/99      0.18/8.53/10038.83       1011       22     9.65   0.0303    25%    -0.0040    311/56393        0     0.0010       0
      primary samples 10, productive 8 (80.0%), vertices/sample 2.500
      qp 284.6 rows/call, 96% of calls reached the solver, 22465506 calls

"samples" is checked configurations for isSafe, barrier evaluations for
the three CBF rows, and SIMD configuration lanes evaluated for VAMP. They measure
sampling work, while wall time captures the very different per-sample costs.
"unsafe/audited" evaluates exact primitive clearance at every state of the
densified solution -- for each CBF row that is the rollout the planner recorded
for each edge, replayed, so it is the motion that would actually be executed,
sampled inside each step rather than only at its boundaries. Non-zero unsafe
invalidates a row however fast it was.
"missed" counts solution edges that were not on file and had to be
re-derived; it must be zero, or the audited motion is a different trajectory
from the one the planner found.


envelope hop: 344216 filter calls, 1.854 hold queries/call, 40.0% saturated, 100.0% longer than L1, past one step 97.5% (L1 alone 68.5%), gated 98.5%, empty-active 0.0%, screen-escalated 11.4%
envelope bottleneck: world 62.1%, self-collision 37.2%, unbound 0.7% (horizon or screen clip), blocked 0.0%, joint-limit clamped 0.0%
envelope binding term:
  world rows       L1 0.0%, local-L1 3.5%, speed-capped 4.5%, isotropic-anchored 92.0% (of 213701 bound calls)
  self-pair rows   L1 0.0%, local-L1 0.0%, speed-capped 0.0%, normal-anchored 100.0% (of 128052 bound calls)
local-lever screen: 3808473 of 5210209 expensive world rows settled before the envelope (73.1%)
span handed to the rollout, in controller steps (22231618 calls):
                   <1      1-2      2-4      4-8       8+
  L1 only      98.94%     0.32%     0.25%     0.22%     0.27%
  envelope     98.49%     0.13%     0.17%     0.18%     1.03%
=== CBF profiler (wall time) ===
=== CBF filter stats ===
  calls=0  unchanged=0 (0.0%)  filtered=0 (0.0%)  blocked=0 (0.0%)
  active rows:       avg=0.00  max=0
  zero-row fast path: 0 (0.0%)
  qp iterations:     avg=0.00  max=0
  certified duration: avg=0.00000s  min=0.00000s  max=0.00000s  (over 0 non-blocked calls)
  required gain:     avg=0.000/s  max=0.000/s  p50=0.000/s  p90=0.000/s  p99=0.000/s  (over 0 calls, 0 uncertified)
