
MotionBenchMaker UR5, 689 problems loaded, up to 100 per scene
voxel 0.003 m, margin 0.0000 m + 0.0030 m filter buffer, stepSize 0.001 s, range 2.00 rad, 10.0 s limit

hop certificates: old L1 Lipschitz region and new hold-time bound
Picard: off; trajectory prefixes: 0; sequential rollout budget: 10000 calls
kappa 20.00 /s, certified step uncapped, self-collision margin 0.0000 m over 303 pairs
baseline segment: 0.000032 of extent = 0.0005 rad, rollout step 0.0005 rad (matched to the rollout)
rope shortcut off, all rows unsimplified

seed 1
  planner       solved ms(min/med/max)        samples vertices     path rad/call coarse  worst clr unsafe/audited missed worst self collide

bookshelf_small  (14 problems, 5 skipped: 0 clearance, 5 self-collision)
  rrtconnect    9/9      17.61/32.91/2004.76      31670       10    12.05        -      -     0.0007      0/49581        0     0.0011       0
      primary samples 19, productive 6 (31.6%), vertices/sample 0.526
  qp-fixed      9/9       6.62/14.71/396.84       13270        7     8.72   0.0007     0%     0.0021      0/135171       0     0.0025       0
      primary samples 1, productive 1 (100.0%), vertices/sample 5.000
  qp-plain      9/9      27.30/57.10/1132.42      13270        7     8.72   0.0007     0%     0.0021      0/135171       0     0.0025       0
      primary samples 1, productive 1 (100.0%), vertices/sample 5.000
  qp-adapt      9/9       0.56/5.92/410.00        3240        7     8.72   0.0022    12%     0.0021      0/80523        0     0.0025       0
      primary samples 1, productive 1 (100.0%), vertices/sample 5.000
  qp-free       9/9      27.25/62.65/708.82       40623       19    13.89   0.0006     0%     0.0030      0/174454       0     0.0025       0
      primary samples 33, productive 14 (42.4%), vertices/sample 0.562
  qp-env        9/9       0.30/5.18/402.73        2627        7     8.72   0.0027     6%     0.0021      0/78300        0     0.0025       0
      primary samples 1, productive 1 (100.0%), vertices/sample 5.000

bookshelf_tall  (14 problems, 3 skipped: 0 clearance, 3 self-collision)
  rrtconnect    9/11     17.91/123.87/10000.77     119522       33    14.86        -      -     0.0002      0/65482        0     0.0025       0
      primary samples 172, productive 29 (16.9%), vertices/sample 0.160
  qp-fixed      9/11      7.10/51.17/10005.93      32589       19    13.29   0.0006     0%    -0.0004    387/168401       0     0.0025       0
      primary samples 5, productive 5 (100.0%), vertices/sample 3.188
  qp-plain      9/11     27.38/154.86/10016.77      32589       19    13.29   0.0006     0%    -0.0004    387/168401       0     0.0025       0
      primary samples 5, productive 5 (100.0%), vertices/sample 3.188
  qp-adapt      9/11      1.33/46.38/10009.39      23353       19    13.29   0.0008     4%    -0.0004    387/122353       0     0.0025       0
      primary samples 5, productive 5 (100.0%), vertices/sample 3.188
  qp-free       9/11     74.33/165.44/10002.87     121833       47    11.83   0.0006     0%     0.0030      0/171263       0     0.0025       0
      primary samples 150, productive 41 (27.3%), vertices/sample 0.252
  qp-env        9/11      1.08/44.60/10004.94      22253       19    13.29   0.0009     2%     0.0002      0/117563       0     0.0025       0
      primary samples 5, productive 5 (100.0%), vertices/sample 3.250

bookshelf_thin  (14 problems, 6 skipped: 0 clearance, 6 self-collision)
  rrtconnect    8/8      40.53/156.96/527.90      149024       40    15.91        -      -     0.0011      0/64933        0     0.0025       0
      primary samples 135, productive 37 (27.4%), vertices/sample 0.292
  qp-fixed      8/8       6.94/34.33/280.44       27301       10    12.17   0.0006     0%     0.0024      0/140869       0     0.0025       0
      primary samples 4, productive 3 (75.0%), vertices/sample 3.200
  qp-plain      8/8      27.29/121.39/818.34       27301       10    12.17   0.0006     0%     0.0024      0/140869       0     0.0025       0
      primary samples 4, productive 3 (75.0%), vertices/sample 3.200
  qp-adapt      8/8       0.99/30.51/287.61       14218       10    12.17   0.0010     5%     0.0024      0/100416       0     0.0025       0
      primary samples 4, productive 3 (75.0%), vertices/sample 3.200
  qp-free       8/8      31.39/121.41/860.75       90031       33    17.83   0.0006     0%     0.0030      0/195781       0     0.0025       0
      primary samples 81, productive 25 (30.9%), vertices/sample 0.350
  qp-env        8/8       0.61/29.54/280.01       13733       10    12.17   0.0010     2%     0.0024      0/98716        0     0.0025       0
      primary samples 4, productive 3 (75.0%), vertices/sample 3.000

box  (14 problems, 0 skipped: 0 clearance, 0 self-collision)
  rrtconnect   14/14     16.01/43.41/125.29       41894       13     9.85        -      -     0.0004      0/74494        0     0.0025       0
      primary samples 37, productive 9 (24.3%), vertices/sample 0.406
  qp-fixed     14/14      8.99/14.14/87.43        10560        6     6.47   0.0007     0%     0.0029      0/184096       0     0.0025       0
      primary samples 1, productive 1 (100.0%), vertices/sample 6.000
  qp-plain     14/14     30.71/47.85/258.07       10560        6     6.47   0.0007     0%     0.0029      0/184096       0     0.0025       0
      primary samples 1, productive 1 (100.0%), vertices/sample 6.000
  qp-adapt     14/14      1.64/6.88/78.94         3425        6     6.47   0.0018     5%     0.0029      0/118922       0     0.0025       0
      primary samples 1, productive 1 (100.0%), vertices/sample 6.000
  qp-free      14/14     35.30/89.64/316.28       63411       31    13.30   0.0006     0%     0.0030      0/294228       0     0.0025       0
      primary samples 62, productive 21 (33.9%), vertices/sample 0.500
  qp-env       14/14      1.32/6.67/74.77         3352        6     6.47   0.0018     3%     0.0029      0/116289       0     0.0025       0
      primary samples 1, productive 1 (100.0%), vertices/sample 6.000

cage  (15 problems, 1 skipped: 1 clearance, 0 self-collision)
  rrtconnect   14/14    100.39/757.59/7363.57     743585      208    21.92        -      -     0.0015      0/146687       0     0.0025       0
      primary samples 1657, productive 203 (12.3%), vertices/sample 0.126
  qp-fixed     14/14     53.51/378.61/1923.34     231423       64    22.15   0.0005     0%     0.0022      0/465565       0     0.0025       0
      primary samples 48, productive 34 (70.8%), vertices/sample 1.561
  qp-plain     14/14    166.69/1084.54/5498.32     231423       64    22.15   0.0005     0%     0.0022      0/465565       0     0.0025       0
      primary samples 48, productive 34 (70.8%), vertices/sample 1.561
  qp-adapt     14/14     44.79/394.19/2017.90     205155       64    22.15   0.0006     2%     0.0022      0/357962       0     0.0025       0
      primary samples 48, productive 34 (70.8%), vertices/sample 1.561
  qp-free      12/14   1009.61/2726.89/10002.47    2017565      782    23.52   0.0006     0%     0.0013      0/423224     115     0.0011       0
      primary samples 4165, productive 757 (18.2%), vertices/sample 0.180
  qp-env       14/14     42.98/392.51/2001.83     202704       64    22.16   0.0006     1%     0.0022      0/351589       0     0.0025       0
      primary samples 48, productive 34 (70.8%), vertices/sample 1.561

table_pick  (14 problems, 0 skipped: 0 clearance, 0 self-collision)
  rrtconnect   14/14     10.27/37.05/136.00       36551       12    10.61        -      -     0.0003      0/71455        0     0.0025       0
      primary samples 21, productive 7 (33.3%), vertices/sample 0.619
  qp-fixed     14/14      5.68/12.79/17.43        10888        6     6.59   0.0007     0%     0.0029      0/149879       0     0.0025       0
      primary samples 1, productive 1 (100.0%), vertices/sample 6.000
  qp-plain     14/14     26.33/53.37/61.76        10888        6     6.59   0.0007     0%     0.0029      0/149879       0     0.0025       0
      primary samples 1, productive 1 (100.0%), vertices/sample 6.000
  qp-adapt     14/14      0.30/1.25/10.09          587        6     6.59   0.0132    42%     0.0029      0/60878        0     0.0025       0
      primary samples 1, productive 1 (100.0%), vertices/sample 6.000
  qp-free      14/14     24.48/70.49/261.03       53205       24    11.29   0.0006     0%     0.0030      0/234692       0     0.0025       0
      primary samples 40, productive 16 (40.0%), vertices/sample 0.636
  qp-env       14/14      0.26/0.95/9.60           445        6     6.59   0.0173    35%     0.0029      0/59254        0     0.0025       0
      primary samples 1, productive 1 (100.0%), vertices/sample 6.000

table_under_pick  (14 problems, 5 skipped: 0 clearance, 5 self-collision)
  rrtconnect    6/9      29.90/60.41/10002.46      47835       14    12.84        -      -    -0.0000      2/38548        0     0.0025       0
      primary samples 72, productive 10 (13.9%), vertices/sample 0.194
  qp-fixed      6/9      25.62/90.07/10004.88      60893       21    11.52   0.0005     0%     0.0029      0/116086       0     0.0025       0
      primary samples 10, productive 10 (100.0%), vertices/sample 2.100
  qp-plain      6/9      77.68/279.47/10024.53      60893       21    11.52   0.0005     0%     0.0029      0/116086       0     0.0025       0
      primary samples 10, productive 10 (100.0%), vertices/sample 2.100
  qp-adapt      6/9      14.41/74.83/10004.60      40053       21    11.52   0.0007     3%     0.0029      0/84448        0     0.0025       0
      primary samples 10, productive 10 (100.0%), vertices/sample 2.100
  qp-free       6/9      54.23/127.84/10001.12      94841       37    12.36   0.0006     0%     0.0030      0/107832       0     0.0025       0
      primary samples 125, productive 32 (25.6%), vertices/sample 0.224
  qp-env        6/9      13.19/71.89/10005.60      38465       21    11.52   0.0007     2%     0.0029      0/82096        0     0.0025       0
      primary samples 10, productive 10 (100.0%), vertices/sample 2.100

Hop disposition -- what set the hop's length, median over problems.
  row         floored(<1 step)    at region   edge-limited
  qp-fixed            100.0%         0.0%           0.0%
  qp-plain            100.0%         0.0%           0.0%
  qp-adapt             95.7%         4.3%           0.0%
  qp-free             100.0%         0.0%           0.0%
  qp-env               97.4%         2.6%           0.0%

Endpoint clearance at zero margin -- min(start, goal) over all spheres.
  scene                     min    median       max affordable   problems by margin
  bookshelf_small       -0.0233    0.0041    0.0095   -0.0233   0: 64% 0.02:  0% 0.04:  0% 0.06:  0% 0.09:  0%
  bookshelf_tall        -0.0230    0.0050    0.0105   -0.0230   0: 79% 0.02:  0% 0.04:  0% 0.06:  0% 0.09:  0%
  bookshelf_thin        -0.0243    0.0039    0.0108   -0.0243   0: 64% 0.02:  0% 0.04:  0% 0.06:  0% 0.09:  0%
  box                    0.0127    0.0127    0.0127    0.0127   0:100% 0.02:  0% 0.04:  0% 0.06:  0% 0.09:  0%
  cage                   0.0012    0.0127    0.0127    0.0012   0:100% 0.02:  0% 0.04:  0% 0.06:  0% 0.09:  0%
  table_pick             0.0044    0.0080    0.0083    0.0044   0:100% 0.02:  0% 0.04:  0% 0.06:  0% 0.09:  0%
  table_under_pick      -0.0219    0.0079    0.0082   -0.0219   0: 64% 0.02:  0% 0.04:  0% 0.06:  0% 0.09:  0%

all scenes  (99 problems, 20 skipped: 1 clearance, 19 self-collision)
  rrtconnect   74/79     10.27/70.75/10002.46      69357       20    12.89        -      -    -0.0000      2/511180       0     0.0011       0
      primary samples 82, productive 16 (19.5%), vertices/sample 0.246
  qp-fixed     74/79      5.68/31.99/10005.93      20961       10     9.67   0.0006     0%    -0.0004    387/1360067      0     0.0025       0
      primary samples 3, productive 3 (100.0%), vertices/sample 3.200
  qp-plain     74/79     26.33/102.47/10024.53      20961       10     9.67   0.0006     0%    -0.0004    387/1360067      0     0.0025       0
      primary samples 3, productive 3 (100.0%), vertices/sample 3.200
  qp-adapt     74/79      0.30/29.15/10009.39      14218       10     9.67   0.0012     4%    -0.0004    387/925502       0     0.0025       0
      primary samples 3, productive 3 (100.0%), vertices/sample 3.200
  qp-free      72/79     24.48/116.64/10002.87      82336       33    14.60   0.0006     0%     0.0013      0/1601474    115     0.0011       0
      primary samples 93, productive 25 (26.9%), vertices/sample 0.328
  qp-env       74/79      0.26/28.00/10005.60      13733       10     9.68   0.0012     3%     0.0002      0/903807       0     0.0025       0
      primary samples 3, productive 3 (100.0%), vertices/sample 3.200

"samples" is checked configurations for isSafe, barrier evaluations for
the three CBF rows, and SIMD configuration lanes evaluated for VAMP. They measure
sampling work, while wall time captures the very different per-sample costs.
"unsafe/audited" evaluates exact primitive clearance at every state of the
densified solution -- for each CBF row that is the rollout the planner recorded
for each edge, replayed, so it is the motion that would actually be executed,
sampled inside each step rather than only at its boundaries. Non-zero unsafe
invalidates a row however fast it was.
"missed" counts solution edges that were not on file and had to be
re-derived; it must be zero, or the audited motion is a different trajectory
from the one the planner found.


envelope hop: 79330 filter calls, 1.363 hold queries/call, 14.6% saturated, 100.0% longer than L1, past one step 91.0% (L1 alone 53.4%), gated 99.8%, empty-active 4.5%, screen-escalated 17.8%
envelope bottleneck: world 95.3%, self-collision 3.2%, unbound 1.5% (horizon or screen clip), blocked 0.0%, joint-limit clamped 0.0%
envelope binding term:
  world rows       L1 0.0%, local-L1 0.7%, speed-capped 22.4%, isotropic-anchored 76.9% (of 75586 bound calls)
  self-pair rows   L1 0.0%, local-L1 0.0%, speed-capped 0.1%, normal-anchored 99.9% (of 2518 bound calls)
local-lever screen: 199441 of 386236 expensive world rows settled before the envelope (51.6%)
span handed to the rollout, in controller steps (36115040 calls):
                   <1      1-2      2-4      4-8       8+
  L1 only      99.88%     0.05%     0.02%     0.01%     0.03%
  envelope     99.80%     0.06%     0.05%     0.03%     0.06%
=== CBF profiler (wall time) ===
=== CBF filter stats ===
  calls=0  unchanged=0 (0.0%)  filtered=0 (0.0%)  blocked=0 (0.0%)
  active rows:       avg=0.00  max=0
  zero-row fast path: 0 (0.0%)
  qp iterations:     avg=0.00  max=0
  certified duration: avg=0.00000s  min=0.00000s  max=0.00000s  (over 0 non-blocked calls)
  required gain:     avg=0.000/s  max=0.000/s  p50=0.000/s  p90=0.000/s  p99=0.000/s  (over 0 calls, 0 uncertified)
